* ====================================================================
* record-id : 20260821-134653-804155b
* testbench : tb_low_side_power_switch.spice (sim/low-side-power-switch, reused verbatim)
* corner    : ff_mc0000_27c_nosupply
* supply    : n/a (no supply rail in this device-level testbench)
* mismatch  : sw_stat_mismatch=0 (sample 0), sw_stat_global=0
* seed      : 20300821
* pdk       : gf180mcuD (/home/ubuntu/.volare/gf180mcuD)
* ngspice   : ngspice-46 : Circuit level simulation program
* run (UTC) : 2026-08-21T13:46:53Z
* ====================================================================

Note: No compatibility mode selected!


Circuit: *include "corner.spice

Doing analysis at TEMP = 27.000000 and TNOM = 27.000000

Using SPARSE 1.3 as Direct Linear Solver

No. of Data Rows : 101
                                                                                                                                                                                                                                                     *include "corner.spice
                                                                                                                                                                                                                                                     DC transfer characteristic  Fri Aug 21 13:47:06  2026
--------------------------------------------------------------------------------------------------------------------------------------------------------------------------------------------------------------------------------------------------------------------------------------------------------------------------------------------------------------------------------------------------------------------------------------------------------------------------------------------------------------------------------
Index   v-sweep         v(vfracds)      ioc_n06_glo     ioc_n06_gmid    ioc_n06_ghi     
--------------------------------------------------------------------------------------------------------------------------------------------------------------------------------------------------------------------------------------------------------------------------------------------------------------------------------------------------------------------------------------------------------------------------------------------------------------------------------------------------------------------------------
0	0.0000000000e+00	0.0000000000e+00	-0.0000000000e+00	-0.0000000000e+00	-0.0000000000e+00	
1	1.0000000000e-02	1.0000000000e-02	2.7346020060e-04	3.0298074319e-04	3.3246280619e-04	
2	2.0000000000e-02	2.0000000000e-02	5.3028107511e-04	5.8960197809e-04	6.4930627921e-04	
3	3.0000000000e-02	3.0000000000e-02	7.7116934904e-04	8.6052425268e-04	9.5111328711e-04	
4	4.0000000000e-02	4.0000000000e-02	9.9679147669e-04	1.1163724140e-03	1.2384376686e-03	
5	5.0000000000e-02	5.0000000000e-02	1.2077756704e-03	1.3577373293e-03	1.5118055649e-03	
6	6.0000000000e-02	6.0000000000e-02	1.4047138446e-03	1.5851774622e-03	1.7717165923e-03	
7	7.0000000000e-02	7.0000000000e-02	1.5881636859e-03	1.7992204944e-03	2.0186449850e-03	
8	8.0000000000e-02	8.0000000000e-02	1.7586508723e-03	2.0003650865e-03	2.2530407992e-03	
9	9.0000000000e-02	9.0000000000e-02	1.9166712898e-03	2.1890827642e-03	2.4753312176e-03	
10	1.0000000000e-01	1.0000000000e-01	2.0626929366e-03	2.3658198324e-03	2.6859219483e-03	
11	1.1000000000e-01	1.1000000000e-01	2.1971570144e-03	2.5309991449e-03	2.8851986746e-03	
12	1.2000000000e-01	1.2000000000e-01	2.3204773887e-03	2.6850214871e-03	3.0735284842e-03	
13	1.3000000000e-01	1.3000000000e-01	2.4330369278e-03	2.8282662129e-03	3.2512611848e-03	
14	1.4000000000e-01	1.4000000000e-01	2.5351778360e-03	2.9610905647e-03	3.4187303845e-03	
15	1.5000000000e-01	1.5000000000e-01	2.6271804831e-03	3.0838266638e-03	3.5762541791e-03	
16	1.6000000000e-01	1.6000000000e-01	2.7092223567e-03	3.1967742595e-03	3.7241352073e-03	
17	1.7000000000e-01	1.7000000000e-01	2.7813164547e-03	3.3001856014e-03	3.8626596890e-03	
18	1.8000000000e-01	1.8000000000e-01	2.8432903331e-03	3.3942360905e-03	3.9920947685e-03	
19	1.9000000000e-01	1.9000000000e-01	2.8950158298e-03	3.4789730973e-03	4.1126829197e-03	
20	2.0000000000e-01	2.0000000000e-01	2.9369935215e-03	3.5542502437e-03	4.2246311200e-03	
21	2.1000000000e-01	2.1000000000e-01	2.9706569714e-03	3.6197272648e-03	4.3280907344e-03	
22	2.2000000000e-01	2.2000000000e-01	2.9978753552e-03	3.6751371498e-03	4.4231220120e-03	
23	2.3000000000e-01	2.3000000000e-01	3.0203235104e-03	3.7208472405e-03	4.5096389386e-03	
24	2.4000000000e-01	2.4000000000e-01	3.0392588245e-03	3.7581188066e-03	4.5873522912e-03	
25	2.5000000000e-01	2.5000000000e-01	3.0555662610e-03	3.7886728556e-03	4.6558007539e-03	
26	2.6000000000e-01	2.6000000000e-01	3.0698626476e-03	3.8141220453e-03	4.7146327626e-03	
27	2.7000000000e-01	2.7000000000e-01	3.0825836939e-03	3.8357297258e-03	4.7640940716e-03	
28	2.8000000000e-01	2.8000000000e-01	3.0940438412e-03	3.8544165783e-03	4.8052292384e-03	
29	2.9000000000e-01	2.9000000000e-01	3.1044753139e-03	3.8708414940e-03	4.8395362161e-03	
30	3.0000000000e-01	3.0000000000e-01	3.1140534580e-03	3.8854790696e-03	4.8684923171e-03	
31	3.1000000000e-01	3.1000000000e-01	3.1229133883e-03	3.8986767969e-03	4.8933139655e-03	
32	3.2000000000e-01	3.2000000000e-01	3.1311611381e-03	3.9106941059e-03	4.9149258406e-03	
33	3.3000000000e-01	3.3000000000e-01	3.1388812858e-03	3.9217285108e-03	4.9340120396e-03	
34	3.4000000000e-01	3.4000000000e-01	3.1461422829e-03	3.9319331885e-03	4.9510780280e-03	
35	3.5000000000e-01	3.5000000000e-01	3.1530002512e-03	3.9414289571e-03	4.9665011926e-03	
36	3.6000000000e-01	3.6000000000e-01	3.1595017401e-03	3.9503125809e-03	4.9805675690e-03	
37	3.7000000000e-01	3.7000000000e-01	3.1656857626e-03	3.9586626332e-03	4.9934975251e-03	
38	3.8000000000e-01	3.8000000000e-01	3.1715853232e-03	3.9665437106e-03	5.0054635853e-03	
39	3.9000000000e-01	3.9000000000e-01	3.1772285807e-03	3.9740095136e-03	5.0166028745e-03	
40	4.0000000000e-01	4.0000000000e-01	3.1826397456e-03	3.9811051352e-03	5.0270259109e-03	
41	4.1000000000e-01	4.1000000000e-01	3.1878397798e-03	3.9878687858e-03	5.0368229078e-03	
42	4.2000000000e-01	4.2000000000e-01	3.1928469496e-03	3.9943331122e-03	5.0460683598e-03	
43	4.3000000000e-01	4.3000000000e-01	3.1976772675e-03	4.0005262171e-03	5.0548244296e-03	
44	4.4000000000e-01	4.4000000000e-01	3.2023448483e-03	4.0064724586e-03	5.0631434853e-03	
45	4.5000000000e-01	4.5000000000e-01	3.2068622000e-03	4.0121930829e-03	5.0710700275e-03	
46	4.6000000000e-01	4.6000000000e-01	3.2112404645e-03	4.0177067300e-03	5.0786421705e-03	
47	4.7000000000e-01	4.7000000000e-01	3.2154896201e-03	4.0230298435e-03	5.0858927954e-03	
48	4.8000000000e-01	4.8000000000e-01	3.2196186548e-03	4.0281770062e-03	5.0928504569e-03	
49	4.9000000000e-01	4.9000000000e-01	3.2236357195e-03	4.0331612178e-03	5.0995401046e-03	
50	5.0000000000e-01	5.0000000000e-01	3.2275482654e-03	4.0379941299e-03	5.1059836624e-03	
51	5.1000000000e-01	5.1000000000e-01	3.2313631735e-03	4.0426862486e-03	5.1122004986e-03	
52	5.2000000000e-01	5.2000000000e-01	3.2350868790e-03	4.0472471131e-03	5.1182078130e-03	
53	5.3000000000e-01	5.3000000000e-01	3.2387254954e-03	4.0516854594e-03	5.1240209590e-03	
54	5.4000000000e-01	5.4000000000e-01	3.2422849418e-03	4.0560093735e-03	5.1296537171e-03	
55	5.5000000000e-01	5.5000000000e-01	3.2457710740e-03	4.0602264420e-03	5.1351185321e-03	
56	5.6000000000e-01	5.6000000000e-01	3.2491898245e-03	4.0643439022e-03	5.1404267244e-03	
57	5.7000000000e-01	5.7000000000e-01	3.2525473496e-03	4.0683687971e-03	5.1455886850e-03	
58	5.8000000000e-01	5.8000000000e-01	3.2558501858e-03	4.0723081382e-03	5.1506140603e-03	
59	5.9000000000e-01	5.9000000000e-01	3.2591054164e-03	4.0761690769e-03	5.1555119349e-03	
60	6.0000000000e-01	6.0000000000e-01	3.2623208456e-03	4.0799590881e-03	5.1602910165e-03	
61	6.1000000000e-01	6.1000000000e-01	3.2655051818e-03	4.0836861641e-03	5.1649598279e-03	
62	6.2000000000e-01	6.2000000000e-01	3.2686682277e-03	4.0873590221e-03	5.1695269092e-03	
63	6.3000000000e-01	6.3000000000e-01	3.2718210755e-03	4.0909873215e-03	5.1740010334e-03	
64	6.4000000000e-01	6.4000000000e-01	3.2749763067e-03	4.0945818921e-03	5.1783914362e-03	
65	6.5000000000e-01	6.5000000000e-01	3.2781481928e-03	4.0981549713e-03	5.1827080619e-03	
66	6.6000000000e-01	6.6000000000e-01	3.2813528973e-03	4.1017204474e-03	5.1869618235e-03	
67	6.7000000000e-01	6.7000000000e-01	3.2846086743e-03	4.1052941082e-03	5.1911648781e-03	
68	6.8000000000e-01	6.8000000000e-01	3.2879360640e-03	4.1088938913e-03	5.1953309152e-03	
69	6.9000000000e-01	6.9000000000e-01	3.2913580817e-03	4.1125401348e-03	5.1994754560e-03	
70	7.0000000000e-01	7.0000000000e-01	3.2949003995e-03	4.1162558239e-03	5.2036161607e-03	
71	7.1000000000e-01	7.1000000000e-01	3.2985915179e-03	4.1200668343e-03	5.2077731418e-03	
72	7.2000000000e-01	7.2000000000e-01	3.3024629270e-03	4.1240021656e-03	5.2119692805e-03	
73	7.3000000000e-01	7.3000000000e-01	3.3065492548e-03	4.1280941661e-03	5.2162305414e-03	
74	7.4000000000e-01	7.4000000000e-01	3.3108884022e-03	4.1323787454e-03	5.2205862841e-03	
75	7.5000000000e-01	7.5000000000e-01	3.3155216643e-03	4.1368955721e-03	5.2250695674e-03	
76	7.6000000000e-01	7.6000000000e-01	3.3204938350e-03	4.1416882571e-03	5.2297174438e-03	
77	7.7000000000e-01	7.7000000000e-01	3.3258532977e-03	4.1468045190e-03	5.2345712406e-03	
78	7.8000000000e-01	7.8000000000e-01	3.3316520987e-03	4.1522963319e-03	5.2396768253e-03	
79	7.9000000000e-01	7.9000000000e-01	3.3379460052e-03	4.1582200535e-03	5.2450848536e-03	
80	8.0000000000e-01	8.0000000000e-01	3.3447945470e-03	4.1646365342e-03	5.2508509970e-03	
81	8.1000000000e-01	8.1000000000e-01	3.3522610416e-03	4.1716112059e-03	5.2570361485e-03	
82	8.2000000000e-01	8.2000000000e-01	3.3604126050e-03	4.1792141506e-03	5.2637066058e-03	
83	8.3000000000e-01	8.3000000000e-01	3.3693201460e-03	4.1875201487e-03	5.2709342293e-03	
84	8.4000000000e-01	8.4000000000e-01	3.3790583463e-03	4.1966087074e-03	5.2787965761e-03	
85	8.5000000000e-01	8.5000000000e-01	3.3897056269e-03	4.2065640699e-03	5.2873770078e-03	
86	8.6000000000e-01	8.6000000000e-01	3.4013441004e-03	4.2174752053e-03	5.2967647733e-03	
87	8.7000000000e-01	8.7000000000e-01	3.4140595117e-03	4.2294357801e-03	5.3070550656e-03	
88	8.8000000000e-01	8.8000000000e-01	3.4279411659e-03	4.2425441130e-03	5.3183490534e-03	
89	8.9000000000e-01	8.9000000000e-01	3.4430818459e-03	4.2569031120e-03	5.3307538889e-03	
90	9.0000000000e-01	9.0000000000e-01	3.4595777200e-03	4.2726201969e-03	5.3443826902e-03	
91	9.1000000000e-01	9.1000000000e-01	3.4775282399e-03	4.2898072069e-03	5.3593545020e-03	
92	9.2000000000e-01	9.2000000000e-01	3.4970360311e-03	4.3085802942e-03	5.3757942339e-03	
93	9.3000000000e-01	9.3000000000e-01	3.5182067748e-03	4.3290598063e-03	5.3938325776e-03	
94	9.4000000000e-01	9.4000000000e-01	3.5411490846e-03	4.3513701557e-03	5.4136059049e-03	
95	9.5000000000e-01	9.5000000000e-01	3.5659743764e-03	4.3756396806e-03	5.4352561473e-03	
96	9.6000000000e-01	9.6000000000e-01	3.5927967341e-03	4.4020004956e-03	5.4589306587e-03	
97	9.7000000000e-01	9.7000000000e-01	3.6217327706e-03	4.4305883350e-03	5.4847820626e-03	
98	9.8000000000e-01	9.8000000000e-01	3.6529014862e-03	4.4615423887e-03	5.5129680850e-03	
99	9.9000000000e-01	9.9000000000e-01	3.6864241240e-03	4.4950051324e-03	5.5436513751e-03	
100	1.0000000000e+00	1.0000000000e+00	3.7224240229e-03	4.5311221531e-03	5.5769993143e-03	
                                                                                                                                                                                                                                                     *include "corner.spice
                                                                                                                                                                                                                                                     DC transfer characteristic  Fri Aug 21 13:47:06  2026
--------------------------------------------------------------------------------------------------------------------------------------------------------------------------------------------------------------------------------------------------------------------------------------------------------------------------------------------------------------------------------------------------------------------------------------------------------------------------------------------------------------------------------
Index   v-sweep         v(vfracds)      ioc_p06_glo     ioc_p06_gmid    ioc_p06_ghi     
--------------------------------------------------------------------------------------------------------------------------------------------------------------------------------------------------------------------------------------------------------------------------------------------------------------------------------------------------------------------------------------------------------------------------------------------------------------------------------------------------------------------------------
0	0.0000000000e+00	0.0000000000e+00	-0.0000000000e+00	-0.0000000000e+00	-0.0000000000e+00	
1	1.0000000000e-02	1.0000000000e-02	-8.495530577e-05	-9.554750627e-05	-1.076022561e-04	
2	2.0000000000e-02	2.0000000000e-02	-1.666974288e-04	-1.879934712e-04	-2.122454566e-04	
3	3.0000000000e-02	3.0000000000e-02	-2.452757139e-04	-2.773825540e-04	-3.139690420e-04	
4	4.0000000000e-02	4.0000000000e-02	-3.207385110e-04	-3.637585658e-04	-4.128117579e-04	
5	5.0000000000e-02	5.0000000000e-02	-3.931332013e-04	-4.471644905e-04	-5.088116700e-04	
6	6.0000000000e-02	6.0000000000e-02	-4.625062238e-04	-5.276425044e-04	-6.020061795e-04	
7	7.0000000000e-02	7.0000000000e-02	-5.289031009e-04	-6.052339960e-04	-6.924320372e-04	
8	8.0000000000e-02	8.0000000000e-02	-5.923684647e-04	-6.799795848e-04	-7.801253575e-04	
9	9.0000000000e-02	9.0000000000e-02	-6.529460836e-04	-7.519191409e-04	-8.651216320e-04	
10	1.0000000000e-01	1.0000000000e-01	-7.106788897e-04	-8.210918033e-04	-9.474557436e-04	
11	1.1000000000e-01	1.1000000000e-01	-7.656090075e-04	-8.875359999e-04	-1.027161980e-03	
12	1.2000000000e-01	1.2000000000e-01	-8.177777851e-04	-9.512894660e-04	-1.104274045e-03	
13	1.3000000000e-01	1.3000000000e-01	-8.672258276e-04	-1.012389265e-03	-1.178825077e-03	
14	1.4000000000e-01	1.4000000000e-01	-9.139930360e-04	-1.070871807e-03	-1.250847655e-03	
15	1.5000000000e-01	1.5000000000e-01	-9.581186521e-04	-1.126772871e-03	-1.320373819e-03	
16	1.6000000000e-01	1.6000000000e-01	-9.996413142e-04	-1.180127628e-03	-1.387435078e-03	
17	1.7000000000e-01	1.7000000000e-01	-1.038599129e-03	-1.230970661e-03	-1.452062426e-03	
18	1.8000000000e-01	1.8000000000e-01	-1.075029769e-03	-1.279335994e-03	-1.514286354e-03	
19	1.9000000000e-01	1.9000000000e-01	-1.108970615e-03	-1.325257117e-03	-1.574136866e-03	
20	2.0000000000e-01	2.0000000000e-01	-1.140458967e-03	-1.368767019e-03	-1.631643488e-03	
21	2.1000000000e-01	2.1000000000e-01	-1.169532390e-03	-1.409898228e-03	-1.686835284e-03	
22	2.2000000000e-01	2.2000000000e-01	-1.196229282e-03	-1.448682853e-03	-1.739740870e-03	
23	2.3000000000e-01	2.3000000000e-01	-1.220589899e-03	-1.485152645e-03	-1.790388422e-03	
24	2.4000000000e-01	2.4000000000e-01	-1.242658250e-03	-1.519339068e-03	-1.838805696e-03	
25	2.5000000000e-01	2.5000000000e-01	-1.262485778e-03	-1.551273406e-03	-1.885020031e-03	
26	2.6000000000e-01	2.6000000000e-01	-1.280138514e-03	-1.580986900e-03	-1.929058361e-03	
27	2.7000000000e-01	2.7000000000e-01	-1.295710066e-03	-1.608510976e-03	-1.970947222e-03	
28	2.8000000000e-01	2.8000000000e-01	-1.309340151e-03	-1.633877621e-03	-2.010712741e-03	
29	2.9000000000e-01	2.9000000000e-01	-1.321227950e-03	-1.657120153e-03	-2.048380621e-03	
30	3.0000000000e-01	3.0000000000e-01	-1.331620865e-03	-1.678275011e-03	-2.083976091e-03	
31	3.1000000000e-01	3.1000000000e-01	-1.340777606e-03	-1.697386153e-03	-2.117523804e-03	
32	3.2000000000e-01	3.2000000000e-01	-1.348931872e-03	-1.714515098e-03	-2.149047650e-03	
33	3.3000000000e-01	3.3000000000e-01	-1.356275866e-03	-1.729758455e-03	-2.178570414e-03	
34	3.4000000000e-01	3.4000000000e-01	-1.362960529e-03	-1.743265427e-03	-2.206113218e-03	
35	3.5000000000e-01	3.5000000000e-01	-1.369102608e-03	-1.755236737e-03	-2.231694739e-03	
36	3.6000000000e-01	3.6000000000e-01	-1.374792527e-03	-1.765898278e-03	-2.255330571e-03	
37	3.7000000000e-01	3.7000000000e-01	-1.380100956e-03	-1.775468033e-03	-2.277034231e-03	
38	3.8000000000e-01	3.8000000000e-01	-1.385083807e-03	-1.784135592e-03	-2.296823450e-03	
39	3.9000000000e-01	3.9000000000e-01	-1.389785889e-03	-1.792056577e-03	-2.314736239e-03	
40	4.0000000000e-01	4.0000000000e-01	-1.394243565e-03	-1.799355450e-03	-2.330854241e-03	
41	4.1000000000e-01	4.1000000000e-01	-1.398486698e-03	-1.806131030e-03	-2.345316816e-03	
42	4.2000000000e-01	4.2000000000e-01	-1.402540082e-03	-1.812461989e-03	-2.358310050e-03	
43	4.3000000000e-01	4.3000000000e-01	-1.406424510e-03	-1.818411430e-03	-2.370037585e-03	
44	4.4000000000e-01	4.4000000000e-01	-1.410157578e-03	-1.824030461e-03	-2.380693445e-03	
45	4.5000000000e-01	4.5000000000e-01	-1.413754304e-03	-1.829360898e-03	-2.390447416e-03	
46	4.6000000000e-01	4.6000000000e-01	-1.417227602e-03	-1.834437300e-03	-2.399441360e-03	
47	4.7000000000e-01	4.7000000000e-01	-1.420588652e-03	-1.839288512e-03	-2.407791296e-03	
48	4.8000000000e-01	4.8000000000e-01	-1.423847199e-03	-1.843938825e-03	-2.415591446e-03	
49	4.9000000000e-01	4.9000000000e-01	-1.427011786e-03	-1.848408866e-03	-2.422918420e-03	
50	5.0000000000e-01	5.0000000000e-01	-1.430089940e-03	-1.852716291e-03	-2.429834834e-03	
51	5.1000000000e-01	5.1000000000e-01	-1.433088330e-03	-1.856876320e-03	-2.436392244e-03	
52	5.2000000000e-01	5.2000000000e-01	-1.436012888e-03	-1.860902160e-03	-2.442633450e-03	
53	5.3000000000e-01	5.3000000000e-01	-1.438868918e-03	-1.864805341e-03	-2.448594272e-03	
54	5.4000000000e-01	5.4000000000e-01	-1.441661176e-03	-1.868595987e-03	-2.454304939e-03	
55	5.5000000000e-01	5.5000000000e-01	-1.444393948e-03	-1.872283033e-03	-2.459791157e-03	
56	5.6000000000e-01	5.6000000000e-01	-1.447071104e-03	-1.875874402e-03	-2.465074944e-03	
57	5.7000000000e-01	5.7000000000e-01	-1.449696157e-03	-1.879377152e-03	-2.470175292e-03	
58	5.8000000000e-01	5.8000000000e-01	-1.452272298e-03	-1.882797597e-03	-2.475108684e-03	
59	5.9000000000e-01	5.9000000000e-01	-1.454802441e-03	-1.886141409e-03	-2.479889514e-03	
60	6.0000000000e-01	6.0000000000e-01	-1.457289248e-03	-1.889413698e-03	-2.484530415e-03	
61	6.1000000000e-01	6.1000000000e-01	-1.459735163e-03	-1.892619085e-03	-2.489042539e-03	
62	6.2000000000e-01	6.2000000000e-01	-1.462142433e-03	-1.895761766e-03	-2.493435771e-03	
63	6.3000000000e-01	6.3000000000e-01	-1.464513130e-03	-1.898845555e-03	-2.497718917e-03	
64	6.4000000000e-01	6.4000000000e-01	-1.466849171e-03	-1.901873936e-03	-2.501899848e-03	
65	6.5000000000e-01	6.5000000000e-01	-1.469152335e-03	-1.904850098e-03	-2.505985635e-03	
66	6.6000000000e-01	6.6000000000e-01	-1.471424279e-03	-1.907776966e-03	-2.509982645e-03	
67	6.7000000000e-01	6.7000000000e-01	-1.473666556e-03	-1.910657231e-03	-2.513896638e-03	
68	6.8000000000e-01	6.8000000000e-01	-1.475880628e-03	-1.913493379e-03	-2.517732835e-03	
69	6.9000000000e-01	6.9000000000e-01	-1.478067882e-03	-1.916287709e-03	-2.521495987e-03	
70	7.0000000000e-01	7.0000000000e-01	-1.480229648e-03	-1.919042359e-03	-2.525190429e-03	
71	7.1000000000e-01	7.1000000000e-01	-1.482367215e-03	-1.921759323e-03	-2.528820128e-03	
72	7.2000000000e-01	7.2000000000e-01	-1.484481850e-03	-1.924440470e-03	-2.532388720e-03	
73	7.3000000000e-01	7.3000000000e-01	-1.486574820e-03	-1.927087567e-03	-2.535899553e-03	
74	7.4000000000e-01	7.4000000000e-01	-1.488647413e-03	-1.929702298e-03	-2.539355715e-03	
75	7.5000000000e-01	7.5000000000e-01	-1.490700965e-03	-1.932286279e-03	-2.542760064e-03	
76	7.6000000000e-01	7.6000000000e-01	-1.492736885e-03	-1.934841090e-03	-2.546115253e-03	
77	7.7000000000e-01	7.7000000000e-01	-1.494756692e-03	-1.937368293e-03	-2.549423759e-03	
78	7.8000000000e-01	7.8000000000e-01	-1.496762044e-03	-1.939869460e-03	-2.552687905e-03	
79	7.9000000000e-01	7.9000000000e-01	-1.498754778e-03	-1.942346204e-03	-2.555909885e-03	
80	8.0000000000e-01	8.0000000000e-01	-1.500736952e-03	-1.944800215e-03	-2.559091786e-03	
81	8.1000000000e-01	8.1000000000e-01	-1.502710888e-03	-1.947233293e-03	-2.562235621e-03	
82	8.2000000000e-01	8.2000000000e-01	-1.504679221e-03	-1.949647391e-03	-2.565343352e-03	
83	8.3000000000e-01	8.3000000000e-01	-1.506644949e-03	-1.952044661e-03	-2.568416923e-03	
84	8.4000000000e-01	8.4000000000e-01	-1.508611491e-03	-1.954427505e-03	-2.571458298e-03	
85	8.5000000000e-01	8.5000000000e-01	-1.510582741e-03	-1.956798625e-03	-2.574469492e-03	
86	8.6000000000e-01	8.6000000000e-01	-1.512563129e-03	-1.959161088e-03	-2.577452622e-03	
87	8.7000000000e-01	8.7000000000e-01	-1.514557686e-03	-1.961518384e-03	-2.580409951e-03	
88	8.8000000000e-01	8.8000000000e-01	-1.516572107e-03	-1.963874498e-03	-2.583343941e-03	
89	8.9000000000e-01	8.9000000000e-01	-1.518612819e-03	-1.966233978e-03	-2.586257315e-03	
90	9.0000000000e-01	9.0000000000e-01	-1.520687048e-03	-1.968602013e-03	-2.589153119e-03	
91	9.1000000000e-01	9.1000000000e-01	-1.522802889e-03	-1.970984509e-03	-2.592034794e-03	
92	9.2000000000e-01	9.2000000000e-01	-1.524969378e-03	-1.973388177e-03	-2.594906251e-03	
93	9.3000000000e-01	9.3000000000e-01	-1.527196560e-03	-1.975820611e-03	-2.597771958e-03	
94	9.4000000000e-01	9.4000000000e-01	-1.529495562e-03	-1.978290379e-03	-2.600637022e-03	
95	9.5000000000e-01	9.5000000000e-01	-1.531878659e-03	-1.980807111e-03	-2.603507286e-03	
96	9.6000000000e-01	9.6000000000e-01	-1.534359349e-03	-1.983381591e-03	-2.606389430e-03	
97	9.7000000000e-01	9.7000000000e-01	-1.536952413e-03	-1.986025843e-03	-2.609291069e-03	
98	9.8000000000e-01	9.8000000000e-01	-1.539673991e-03	-1.988753229e-03	-2.612220865e-03	
99	9.9000000000e-01	9.9000000000e-01	-1.542541637e-03	-1.991578534e-03	-2.615188637e-03	
100	1.0000000000e+00	1.0000000000e+00	-1.545574388e-03	-1.994518058e-03	-2.618205473e-03	
Doing analysis at TEMP = 27.000000 and TNOM = 27.000000

Using SPARSE 1.3 as Direct Linear Solver

No. of Data Rows : 501
                                                                                                                                                                                                                                                     *include "corner.spice
                                                                                                                                                                                                                                                     DC transfer characteristic  Fri Aug 21 13:47:06  2026
--------------------------------------------------------------------------------------------------------------------------------------------------------------------------------------------------------------------------------------------------------------------------------------------------------------------------------------------------------------------------------------------------------------------------------------------------------------------------------------------------------------------------------
Index   v-sweep         v(vfracdi)      ifb             
--------------------------------------------------------------------------------------------------------------------------------------------------------------------------------------------------------------------------------------------------------------------------------------------------------------------------------------------------------------------------------------------------------------------------------------------------------------------------------------------------------------------------------
0	0.0000000000e+00	0.0000000000e+00	-5.004833470e-47	
1	2.0000000000e-03	2.0000000000e-03	2.7200464103e-15	
2	4.0000000000e-03	4.0000000000e-03	5.5511151231e-15	
3	6.0000000000e-03	6.0000000000e-03	8.2711615335e-15	
4	8.0000000000e-03	8.0000000000e-03	1.1102230246e-14	
5	1.0000000000e-02	1.0000000000e-02	1.4099832413e-14	
6	1.2000000000e-02	1.2000000000e-02	1.6764367672e-14	
7	1.4000000000e-02	1.4000000000e-02	1.9761969838e-14	
8	1.6000000000e-02	1.6000000000e-02	2.2870594307e-14	
9	1.8000000000e-02	1.8000000000e-02	2.5979218776e-14	
10	2.0000000000e-02	2.0000000000e-02	2.9309887850e-14	
11	2.2000000000e-02	2.2000000000e-02	3.2640556924e-14	
12	2.4000000000e-02	2.4000000000e-02	3.5527136788e-14	
13	2.6000000000e-02	2.6000000000e-02	3.9079850467e-14	
14	2.8000000000e-02	2.8000000000e-02	4.3076653355e-14	
15	3.0000000000e-02	3.0000000000e-02	4.6407322429e-14	
16	3.2000000000e-02	3.2000000000e-02	5.0182080713e-14	
17	3.4000000000e-02	3.4000000000e-02	5.3734794392e-14	
18	3.6000000000e-02	3.6000000000e-02	5.7731597281e-14	
19	3.8000000000e-02	3.8000000000e-02	6.2616578589e-14	
20	4.0000000000e-02	4.0000000000e-02	6.6169292268e-14	
21	4.2000000000e-02	4.2000000000e-02	7.1054273576e-14	
22	4.4000000000e-02	4.4000000000e-02	7.5495165675e-14	
23	4.6000000000e-02	4.6000000000e-02	8.0380146983e-14	
24	4.8000000000e-02	4.8000000000e-02	8.5265128291e-14	
25	5.0000000000e-02	5.0000000000e-02	9.1038288019e-14	
26	5.2000000000e-02	5.2000000000e-02	9.6367358537e-14	
27	5.4000000000e-02	5.4000000000e-02	1.0302869669e-13	
28	5.6000000000e-02	5.6000000000e-02	1.0835776720e-13	
29	5.8000000000e-02	5.8000000000e-02	1.1590728377e-13	
30	6.0000000000e-02	6.0000000000e-02	1.2256862192e-13	
31	6.2000000000e-02	6.2000000000e-02	1.2967404928e-13	
32	6.4000000000e-02	6.4000000000e-02	1.3855583347e-13	
33	6.6000000000e-02	6.6000000000e-02	1.4743761767e-13	
34	6.8000000000e-02	6.8000000000e-02	1.5631940187e-13	
35	7.0000000000e-02	7.0000000000e-02	1.6608936448e-13	
36	7.2000000000e-02	7.2000000000e-02	1.7674750552e-13	
37	7.4000000000e-02	7.4000000000e-02	1.8829382498e-13	
38	7.6000000000e-02	7.6000000000e-02	2.0161650127e-13	
39	7.8000000000e-02	7.8000000000e-02	2.1493917757e-13	
40	8.0000000000e-02	8.0000000000e-02	2.3003821070e-13	
41	8.2000000000e-02	8.2000000000e-02	2.4602542226e-13	
42	8.4000000000e-02	8.4000000000e-02	2.6201263381e-13	
43	8.6000000000e-02	8.6000000000e-02	2.7977620221e-13	
44	8.8000000000e-02	8.8000000000e-02	2.9931612744e-13	
45	9.0000000000e-02	9.0000000000e-02	3.2240876635e-13	
46	9.2000000000e-02	9.2000000000e-02	3.4461322684e-13	
47	9.4000000000e-02	9.4000000000e-02	3.7037040101e-13	
48	9.6000000000e-02	9.6000000000e-02	3.9790393203e-13	
49	9.8000000000e-02	9.8000000000e-02	4.2721381988e-13	
50	1.0000000000e-01	1.0000000000e-01	4.6096459982e-13	
51	1.0200000000e-01	1.0200000000e-01	4.9649173661e-13	
52	1.0400000000e-01	1.0400000000e-01	5.3468340866e-13	
53	1.0600000000e-01	1.0600000000e-01	5.7731597281e-13	
54	1.0800000000e-01	1.0800000000e-01	6.2172489379e-13	
55	1.1000000000e-01	1.1000000000e-01	6.7501559897e-13	
56	1.1200000000e-01	1.1200000000e-01	7.3008266099e-13	
57	1.1400000000e-01	1.1400000000e-01	7.8870243669e-13	
58	1.1600000000e-01	1.1600000000e-01	8.5620399659e-13	
59	1.1800000000e-01	1.1800000000e-01	9.2637009175e-13	
60	1.2000000000e-01	1.2000000000e-01	1.0045297927e-12	
61	1.2200000000e-01	1.2200000000e-01	1.0924594562e-12	
62	1.2400000000e-01	1.2400000000e-01	1.1848300119e-12	
63	1.2600000000e-01	1.2600000000e-01	1.2878587086e-12	
64	1.2800000000e-01	1.2800000000e-01	1.4015455463e-12	
65	1.3000000000e-01	1.3000000000e-01	1.5241141682e-12	
66	1.3200000000e-01	1.3200000000e-01	1.6608936448e-12	
67	1.3400000000e-01	1.3400000000e-01	1.8065549057e-12	
68	1.3600000000e-01	1.3600000000e-01	1.9699797349e-12	
69	1.3800000000e-01	1.3800000000e-01	2.1476154188e-12	
70	1.4000000000e-01	1.4000000000e-01	2.3376856007e-12	
71	1.4200000000e-01	1.4200000000e-01	2.5526247782e-12	
72	1.4400000000e-01	1.4400000000e-01	2.7871038810e-12	
73	1.4600000000e-01	1.4600000000e-01	3.0411229091e-12	
74	1.4800000000e-01	1.4800000000e-01	3.3217872897e-12	
75	1.5000000000e-01	1.5000000000e-01	3.6290970229e-12	
76	1.5200000000e-01	1.5200000000e-01	3.9630521087e-12	
77	1.5400000000e-01	1.5400000000e-01	4.3325343313e-12	
78	1.5600000000e-01	1.5600000000e-01	4.7375436907e-12	
79	1.5800000000e-01	1.5800000000e-01	5.1763038300e-12	
80	1.6000000000e-01	1.6000000000e-01	5.6630256040e-12	
81	1.6200000000e-01	1.6200000000e-01	6.1941562990e-12	
82	1.6400000000e-01	1.6400000000e-01	6.7785776992e-12	
83	1.6600000000e-01	1.6600000000e-01	7.4127370908e-12	
84	1.6800000000e-01	1.6800000000e-01	8.1161743992e-12	
85	1.7000000000e-01	1.7000000000e-01	8.8817841970e-12	
86	1.7200000000e-01	1.7200000000e-01	9.7237773389e-12	
87	1.7400000000e-01	1.7400000000e-01	1.0647482895e-11	
88	1.7600000000e-01	1.7600000000e-01	1.1658229937e-11	
89	1.7800000000e-01	1.7800000000e-01	1.2768452962e-11	
90	1.8000000000e-01	1.8000000000e-01	1.3983481040e-11	
91	1.8200000000e-01	1.8200000000e-01	1.5315748669e-11	
92	1.8400000000e-01	1.8400000000e-01	1.6777690348e-11	
93	1.8600000000e-01	1.8600000000e-01	1.8381740574e-11	
94	1.8800000000e-01	1.8800000000e-01	2.0136781131e-11	
95	1.9000000000e-01	1.9000000000e-01	2.2065904659e-11	
96	1.9200000000e-01	1.9200000000e-01	2.4179769298e-11	
97	1.9400000000e-01	1.9400000000e-01	2.6494362260e-11	
98	1.9600000000e-01	1.9600000000e-01	2.9036328897e-11	
99	1.9800000000e-01	1.9800000000e-01	3.1821656421e-11	
100	2.0000000000e-01	2.0000000000e-01	3.4875213828e-11	
101	2.0200000000e-01	2.0200000000e-01	3.8227199184e-11	
102	2.0400000000e-01	2.0400000000e-01	4.1898928771e-11	
103	2.0600000000e-01	2.0600000000e-01	4.5927706083e-11	
104	2.0800000000e-01	2.0800000000e-01	5.0347281899e-11	
105	2.1000000000e-01	2.1000000000e-01	5.5187854286e-11	
106	2.1200000000e-01	2.1200000000e-01	6.0500937593e-11	
107	2.1400000000e-01	2.1400000000e-01	6.6323835313e-11	
108	2.1600000000e-01	2.1600000000e-01	7.2709838150e-11	
109	2.1800000000e-01	2.1800000000e-01	7.9717565882e-11	
110	2.2000000000e-01	2.2000000000e-01	8.7398532855e-11	
111	2.2200000000e-01	2.2200000000e-01	9.5822016988e-11	
112	2.2400000000e-01	2.2400000000e-01	1.0505551984e-10	
113	2.2600000000e-01	2.2600000000e-01	1.1518785925e-10	
114	2.2800000000e-01	2.2800000000e-01	1.2629541857e-10	
115	2.3000000000e-01	2.3000000000e-01	1.3847589742e-10	
116	2.3200000000e-01	2.3200000000e-01	1.5183054813e-10	
117	2.3400000000e-01	2.3400000000e-01	1.6647661027e-10	
118	2.3600000000e-01	2.3600000000e-01	1.8254553424e-10	
119	2.3800000000e-01	2.3800000000e-01	2.0015811231e-10	
120	2.4000000000e-01	2.4000000000e-01	2.1947421658e-10	
121	2.4200000000e-01	2.4200000000e-01	2.4065727189e-10	
122	2.4400000000e-01	2.4400000000e-01	2.6388136121e-10	
123	2.4600000000e-01	2.4600000000e-01	2.8935787100e-10	
124	2.4800000000e-01	2.4800000000e-01	3.1729285865e-10	
125	2.5000000000e-01	2.5000000000e-01	3.4792435599e-10	
126	2.5200000000e-01	2.5200000000e-01	3.8151881654e-10	
127	2.5400000000e-01	2.5400000000e-01	4.1835690467e-10	
128	2.5600000000e-01	2.5600000000e-01	4.5874770649e-10	
129	2.5800000000e-01	2.5800000000e-01	5.0304649335e-10	
130	2.6000000000e-01	2.6000000000e-01	5.5162985291e-10	
131	2.6200000000e-01	2.6200000000e-01	6.0489924181e-10	
132	2.6400000000e-01	2.6400000000e-01	6.6332006554e-10	
133	2.6600000000e-01	2.6600000000e-01	7.2738259860e-10	
134	2.6800000000e-01	2.6800000000e-01	7.9763040617e-10	
135	2.7000000000e-01	2.7000000000e-01	8.7466034415e-10	
136	2.7200000000e-01	2.7200000000e-01	9.5914032272e-10	
137	2.7400000000e-01	2.7400000000e-01	1.0517773319e-09	
138	2.7600000000e-01	2.7600000000e-01	1.1533671795e-09	
139	2.7800000000e-01	2.7800000000e-01	1.2647625169e-09	
140	2.8000000000e-01	2.8000000000e-01	1.3869190241e-09	
141	2.8200000000e-01	2.8200000000e-01	1.5208776460e-09	
142	2.8400000000e-01	2.8400000000e-01	1.6677752512e-09	
143	2.8600000000e-01	2.8600000000e-01	1.8288552894e-09	
144	2.8800000000e-01	2.8800000000e-01	2.0054997663e-09	
145	2.9000000000e-01	2.9000000000e-01	2.1991972687e-09	
146	2.9200000000e-01	2.9200000000e-01	2.4116033615e-09	
147	2.9400000000e-01	2.9400000000e-01	2.6445263757e-09	
148	2.9600000000e-01	2.9600000000e-01	2.8999380675e-09	
149	2.9800000000e-01	2.9800000000e-01	3.1800162503e-09	
150	3.0000000000e-01	3.0000000000e-01	3.4871412424e-09	
151	3.0200000000e-01	3.0200000000e-01	3.8239136302e-09	
152	3.0400000000e-01	3.0400000000e-01	4.1932111117e-09	
153	3.0600000000e-01	3.0600000000e-01	4.5981600749e-09	
154	3.0800000000e-01	3.0800000000e-01	5.0422066522e-09	
155	3.1000000000e-01	3.1000000000e-01	5.5291238255e-09	
156	3.1200000000e-01	3.1200000000e-01	6.0630434007e-09	
157	3.1400000000e-01	3.1400000000e-01	6.6485092987e-09	
158	3.1600000000e-01	3.1600000000e-01	7.2904775550e-09	
159	3.1800000000e-01	3.1800000000e-01	7.9944122433e-09	
160	3.2000000000e-01	3.2000000000e-01	8.7662925807e-09	
161	3.2200000000e-01	3.2200000000e-01	9.6126697713e-09	
162	3.2400000000e-01	3.2400000000e-01	1.0540716744e-08	
163	3.2600000000e-01	3.2600000000e-01	1.1558320523e-08	
164	3.2800000000e-01	3.2800000000e-01	1.2674110650e-08	
165	3.3000000000e-01	3.3000000000e-01	1.3897555107e-08	
166	3.3200000000e-01	3.3200000000e-01	1.5239024265e-08	
167	3.3400000000e-01	3.3400000000e-01	1.6709911677e-08	
168	3.3600000000e-01	3.3600000000e-01	1.8322673156e-08	
169	3.3800000000e-01	3.3800000000e-01	2.0090983099e-08	
170	3.4000000000e-01	3.4000000000e-01	2.2029826852e-08	
171	3.4200000000e-01	3.4200000000e-01	2.4155635714e-08	
172	3.4400000000e-01	3.4400000000e-01	2.6486425497e-08	
173	3.4600000000e-01	3.4600000000e-01	2.9041920868e-08	
174	3.4800000000e-01	3.4800000000e-01	3.1843761406e-08	
175	3.5000000000e-01	3.5000000000e-01	3.4915668579e-08	
176	3.5200000000e-01	3.5200000000e-01	3.8283634041e-08	
177	3.5400000000e-01	3.5400000000e-01	4.1976143450e-08	
178	3.5600000000e-01	3.5600000000e-01	4.6024432265e-08	
179	3.5800000000e-01	3.5800000000e-01	5.0462713119e-08	
180	3.6000000000e-01	3.6000000000e-01	5.5328495563e-08	
181	3.6200000000e-01	3.6200000000e-01	6.0662888046e-08	
182	3.6400000000e-01	3.6400000000e-01	6.6510931873e-08	
183	3.6600000000e-01	3.6600000000e-01	7.2921995553e-08	
184	3.6800000000e-01	3.6800000000e-01	7.9950162046e-08	
185	3.7000000000e-01	3.7000000000e-01	8.7654715486e-08	
186	3.7200000000e-01	3.7200000000e-01	9.6100592373e-08	
187	3.7400000000e-01	3.7400000000e-01	1.0535896422e-07	
188	3.7600000000e-01	3.7600000000e-01	1.1550779533e-07	
189	3.7800000000e-01	3.7800000000e-01	1.2663250715e-07	
190	3.8000000000e-01	3.8000000000e-01	1.3882669236e-07	
191	3.8200000000e-01	3.8200000000e-01	1.5219287519e-07	
192	3.8400000000e-01	3.8400000000e-01	1.6684334270e-07	
193	3.8600000000e-01	3.8600000000e-01	1.8290113601e-07	
194	3.8800000000e-01	3.8800000000e-01	2.0050099181e-07	
195	3.9000000000e-01	3.9000000000e-01	2.1979049691e-07	
196	3.9200000000e-01	3.9200000000e-01	2.4093128559e-07	
197	3.9400000000e-01	3.9400000000e-01	2.6410038956e-07	
198	3.9600000000e-01	3.9600000000e-01	2.8949162356e-07	
199	3.9800000000e-01	3.9800000000e-01	3.1731726224e-07	
200	4.0000000000e-01	4.0000000000e-01	3.4780970637e-07	
201	4.0200000000e-01	4.0200000000e-01	3.8122339774e-07	
202	4.0400000000e-01	4.0400000000e-01	4.1783690108e-07	
203	4.0600000000e-01	4.0600000000e-01	4.5795512449e-07	
204	4.0800000000e-01	4.0800000000e-01	5.0191184187e-07	
205	4.1000000000e-01	4.1000000000e-01	5.5007235389e-07	
206	4.1200000000e-01	4.1200000000e-01	6.0283642256e-07	
207	4.1400000000e-01	4.1400000000e-01	6.6064152549e-07	
208	4.1600000000e-01	4.1600000000e-01	7.2396631978e-07	
209	4.1800000000e-01	4.1800000000e-01	7.9333447900e-07	
210	4.2000000000e-01	4.2000000000e-01	8.6931885690e-07	
211	4.2200000000e-01	4.2200000000e-01	9.5254608112e-07	
212	4.2400000000e-01	4.2400000000e-01	1.0437014701e-06	
213	4.2600000000e-01	4.2600000000e-01	1.1435344192e-06	
214	4.2800000000e-01	4.2800000000e-01	1.2528643403e-06	
215	4.3000000000e-01	4.3000000000e-01	1.3725870680e-06	
216	4.3200000000e-01	4.3200000000e-01	1.5036818191e-06	
217	4.3400000000e-01	4.3400000000e-01	1.6472188271e-06	
218	4.3600000000e-01	4.3600000000e-01	1.8043675993e-06	
219	4.3800000000e-01	4.3800000000e-01	1.9764059473e-06	
220	4.4000000000e-01	4.4000000000e-01	2.1647297466e-06	
221	4.4200000000e-01	4.4200000000e-01	2.3708636014e-06	
222	4.4400000000e-01	4.4400000000e-01	2.5964724095e-06	
223	4.4600000000e-01	4.4600000000e-01	2.8433739168e-06	
224	4.4800000000e-01	4.4800000000e-01	3.1135523741e-06	
225	4.5000000000e-01	4.5000000000e-01	3.4091733099e-06	
226	4.5200000000e-01	4.5200000000e-01	3.7325996125e-06	
227	4.5400000000e-01	4.5400000000e-01	4.0864089002e-06	
228	4.5600000000e-01	4.5600000000e-01	4.4734123961e-06	
229	4.5800000000e-01	4.5800000000e-01	4.8966753710e-06	
230	4.6000000000e-01	4.6000000000e-01	5.3595392124e-06	
231	4.6200000000e-01	4.6200000000e-01	5.8656453454e-06	
232	4.6400000000e-01	4.6400000000e-01	6.4189610676e-06	
233	4.6600000000e-01	4.6600000000e-01	7.0238074983e-06	
234	4.6800000000e-01	4.6800000000e-01	7.6848897095e-06	
235	4.7000000000e-01	4.7000000000e-01	8.4073292506e-06	
236	4.7200000000e-01	4.7200000000e-01	9.1966991960e-06	
237	4.7400000000e-01	4.7400000000e-01	1.0059061964e-05	
238	4.7600000000e-01	4.7600000000e-01	1.1001009909e-05	
239	4.7800000000e-01	4.7800000000e-01	1.2029709129e-05	
240	4.8000000000e-01	4.8000000000e-01	1.3152946412e-05	
241	4.8200000000e-01	4.8200000000e-01	1.4379179731e-05	
242	4.8400000000e-01	4.8400000000e-01	1.5717592362e-05	
243	4.8600000000e-01	4.8600000000e-01	1.7178150898e-05	
244	4.8800000000e-01	4.8800000000e-01	1.8771667342e-05	
245	4.9000000000e-01	4.9000000000e-01	2.0509865642e-05	
246	4.9200000000e-01	4.9200000000e-01	2.2405452519e-05	
247	4.9400000000e-01	4.9400000000e-01	2.4472193360e-05	
248	4.9600000000e-01	4.9600000000e-01	2.6724992928e-05	
249	4.9800000000e-01	4.9800000000e-01	2.9179981340e-05	
250	5.0000000000e-01	5.0000000000e-01	3.1854605588e-05	
251	5.0200000000e-01	5.0200000000e-01	3.4767726675e-05	
252	5.0400000000e-01	5.0400000000e-01	3.7939722652e-05	
253	5.0600000000e-01	5.0600000000e-01	4.1392597879e-05	
254	5.0800000000e-01	5.0800000000e-01	4.5150098515e-05	
255	5.1000000000e-01	5.1000000000e-01	4.9237834631e-05	
256	5.1200000000e-01	5.1200000000e-01	5.3683409021e-05	
257	5.1400000000e-01	5.1400000000e-01	5.8516552834e-05	
258	5.1600000000e-01	5.1600000000e-01	6.3769268394e-05	
259	5.1800000000e-01	5.1800000000e-01	6.9475979167e-05	
260	5.2000000000e-01	5.2000000000e-01	7.5673686965e-05	
261	5.2200000000e-01	5.2200000000e-01	8.2402136719e-05	
262	5.2400000000e-01	5.2400000000e-01	8.9703988628e-05	
263	5.2600000000e-01	5.2600000000e-01	9.7624998034e-05	
264	5.2800000000e-01	5.2800000000e-01	1.0621420270e-04	
265	5.3000000000e-01	5.3000000000e-01	1.1552411800e-04	
266	5.3200000000e-01	5.3200000000e-01	1.2561093952e-04	
267	5.3400000000e-01	5.3400000000e-01	1.3653475341e-04	
268	5.3600000000e-01	5.3600000000e-01	1.4835975438e-04	
269	5.3800000000e-01	5.3800000000e-01	1.6115447125e-04	
270	5.4000000000e-01	5.4000000000e-01	1.7499200008e-04	
271	5.4200000000e-01	5.4200000000e-01	1.8995024480e-04	
272	5.4400000000e-01	5.4400000000e-01	2.0611216553e-04	
273	5.4600000000e-01	5.4600000000e-01	2.2356603421e-04	
274	5.4800000000e-01	5.4800000000e-01	2.4240569809e-04	
275	5.5000000000e-01	5.5000000000e-01	2.6273085067e-04	
276	5.5200000000e-01	5.5200000000e-01	2.8464731072e-04	
277	5.5400000000e-01	5.5400000000e-01	3.0826730913e-04	
278	5.5600000000e-01	5.5600000000e-01	3.3370978433e-04	
279	5.5800000000e-01	5.5800000000e-01	3.6110068644e-04	
280	5.6000000000e-01	5.6000000000e-01	3.9057329079e-04	
281	5.6200000000e-01	5.6200000000e-01	4.2226852145e-04	
282	5.6400000000e-01	5.6400000000e-01	4.5633528562e-04	
283	5.6600000000e-01	5.6600000000e-01	4.9293082009e-04	
284	5.6800000000e-01	5.6800000000e-01	5.3222105061e-04	
285	5.7000000000e-01	5.7000000000e-01	5.7438096601e-04	
286	5.7200000000e-01	5.7200000000e-01	6.1959500849e-04	
287	5.7400000000e-01	5.7400000000e-01	6.6805748215e-04	
288	5.7600000000e-01	5.7600000000e-01	7.1997298187e-04	
289	5.7800000000e-01	5.7800000000e-01	7.7555684503e-04	
290	5.8000000000e-01	5.8000000000e-01	8.3503562899e-04	
291	5.8200000000e-01	5.8200000000e-01	8.9864761725e-04	
292	5.8400000000e-01	5.8400000000e-01	9.6664335773e-04	
293	5.8600000000e-01	5.8600000000e-01	1.0392862371e-03	
294	5.8800000000e-01	5.8800000000e-01	1.1168530951e-03	
295	5.9000000000e-01	5.9000000000e-01	1.1996348832e-03	
296	5.9200000000e-01	5.9200000000e-01	1.2879373730e-03	
297	5.9400000000e-01	5.9400000000e-01	1.3820819187e-03	
298	5.9600000000e-01	5.9600000000e-01	1.4824062796e-03	
299	5.9800000000e-01	5.9800000000e-01	1.5892655096e-03	
300	6.0000000000e-01	6.0000000000e-01	1.7030329179e-03	
301	6.0200000000e-01	6.0200000000e-01	1.8241011102e-03	
302	6.0400000000e-01	6.0400000000e-01	1.9528831154e-03	
303	6.0600000000e-01	6.0600000000e-01	2.0898136076e-03	
304	6.0800000000e-01	6.0800000000e-01	2.2353502301e-03	
305	6.1000000000e-01	6.1000000000e-01	2.3899750307e-03	
306	6.1200000000e-01	6.1200000000e-01	2.5541960179e-03	
307	6.1400000000e-01	6.1400000000e-01	2.7285488474e-03	
308	6.1600000000e-01	6.1600000000e-01	2.9135986500e-03	
309	6.1800000000e-01	6.1800000000e-01	3.1099420117e-03	
310	6.2000000000e-01	6.2000000000e-01	3.3182091188e-03	
311	6.2200000000e-01	6.2200000000e-01	3.5390660799e-03	
312	6.2400000000e-01	6.2400000000e-01	3.7732174397e-03	
313	6.2600000000e-01	6.2600000000e-01	4.0214088994e-03	
314	6.2800000000e-01	6.2800000000e-01	4.2844302586e-03	
315	6.3000000000e-01	6.3000000000e-01	4.5631185977e-03	
316	6.3200000000e-01	6.3200000000e-01	4.8583617180e-03	
317	6.3400000000e-01	6.3400000000e-01	5.1711018605e-03	
318	6.3600000000e-01	6.3600000000e-01	5.5023397244e-03	
319	6.3800000000e-01	6.3800000000e-01	5.8531388096e-03	
320	6.4000000000e-01	6.4000000000e-01	6.2246301074e-03	
321	6.4200000000e-01	6.4200000000e-01	6.6180171678e-03	
322	6.4400000000e-01	6.4400000000e-01	7.0345815729e-03	
323	6.4600000000e-01	6.4600000000e-01	7.4756888474e-03	
324	6.4800000000e-01	6.4800000000e-01	7.9427948421e-03	
325	6.5000000000e-01	6.5000000000e-01	8.4374526272e-03	
326	6.5200000000e-01	6.5200000000e-01	8.9613199345e-03	
327	6.5400000000e-01	6.5400000000e-01	9.5161671944e-03	
328	6.5600000000e-01	6.5600000000e-01	1.0103886212e-02	
329	6.5800000000e-01	6.5800000000e-01	1.0726499532e-02	
330	6.6000000000e-01	6.6000000000e-01	1.1386170553e-02	
331	6.6200000000e-01	6.6200000000e-01	1.2085214433e-02	
332	6.6400000000e-01	6.6400000000e-01	1.2826109871e-02	
333	6.6600000000e-01	6.6600000000e-01	1.3611511808e-02	
334	6.6800000000e-01	6.6800000000e-01	1.4444265132e-02	
335	6.7000000000e-01	6.7000000000e-01	1.5327419453e-02	
336	6.7200000000e-01	6.7200000000e-01	1.6264245037e-02	
337	6.7400000000e-01	6.7400000000e-01	1.7258249967e-02	
338	6.7600000000e-01	6.7600000000e-01	1.8313198634e-02	
339	6.7800000000e-01	6.7800000000e-01	1.9433131635e-02	
340	6.8000000000e-01	6.8000000000e-01	2.0622387188e-02	
341	6.8200000000e-01	6.8200000000e-01	2.1885624149e-02	
342	6.8400000000e-01	6.8400000000e-01	2.3227846736e-02	
343	6.8600000000e-01	6.8600000000e-01	2.4654431072e-02	
344	6.8800000000e-01	6.8800000000e-01	2.6171153630e-02	
345	6.9000000000e-01	6.9000000000e-01	2.7784221711e-02	
346	6.9200000000e-01	6.9200000000e-01	2.9500306029e-02	
347	6.9400000000e-01	6.9400000000e-01	3.1326575520e-02	
348	6.9600000000e-01	6.9600000000e-01	3.3270734455e-02	
349	6.9800000000e-01	6.9800000000e-01	3.5341061945e-02	
350	7.0000000000e-01	7.0000000000e-01	3.7546453902e-02	
351	7.0200000000e-01	7.0200000000e-01	3.9896467517e-02	
352	7.0400000000e-01	7.0400000000e-01	4.2401368272e-02	
353	7.0600000000e-01	7.0600000000e-01	4.5072179505e-02	
354	7.0800000000e-01	7.0800000000e-01	4.7920734497e-02	
355	7.1000000000e-01	7.1000000000e-01	5.0959731008e-02	
356	7.1200000000e-01	7.1200000000e-01	5.4202788145e-02	
357	7.1400000000e-01	7.1400000000e-01	5.7664505405e-02	
358	7.1600000000e-01	7.1600000000e-01	6.1360523633e-02	
359	7.1800000000e-01	7.1800000000e-01	6.5307587602e-02	
360	7.2000000000e-01	7.2000000000e-01	6.9523609789e-02	
361	7.2200000000e-01	7.2200000000e-01	7.4027734866e-02	
362	7.2400000000e-01	7.2400000000e-01	7.8840404279e-02	
363	7.2600000000e-01	7.2600000000e-01	8.3983420176e-02	
364	7.2800000000e-01	7.2800000000e-01	8.9480007815e-02	
365	7.3000000000e-01	7.3000000000e-01	9.5354875430e-02	
366	7.3200000000e-01	7.3200000000e-01	1.0163427039e-01	
367	7.3400000000e-01	7.3400000000e-01	1.0834603027e-01	
368	7.3600000000e-01	7.3600000000e-01	1.1551962748e-01	
369	7.3800000000e-01	7.3800000000e-01	1.2318620555e-01	
370	7.4000000000e-01	7.4000000000e-01	1.3137860554e-01	
371	7.4200000000e-01	7.4200000000e-01	1.4013138045e-01	
372	7.4400000000e-01	7.4400000000e-01	1.4948079571e-01	
373	7.4600000000e-01	7.4600000000e-01	1.5946481352e-01	
374	7.4800000000e-01	7.4800000000e-01	1.7012305905e-01	
375	7.5000000000e-01	7.5000000000e-01	1.8149676625e-01	
376	7.5200000000e-01	7.5200000000e-01	1.9362870143e-01	
377	7.5400000000e-01	7.5400000000e-01	2.0656306270e-01	
378	7.5600000000e-01	7.5600000000e-01	2.2034535379e-01	
379	7.5800000000e-01	7.5800000000e-01	2.3502223110e-01	
380	7.6000000000e-01	7.6000000000e-01	2.5064132334e-01	
381	7.6200000000e-01	7.6200000000e-01	2.6725102366e-01	
382	7.6400000000e-01	7.6400000000e-01	2.8490025475e-01	
383	7.6600000000e-01	7.6600000000e-01	3.0363820848e-01	
384	7.6800000000e-01	7.6800000000e-01	3.2351406196e-01	
385	7.7000000000e-01	7.7000000000e-01	3.4457667310e-01	
386	7.7200000000e-01	7.7200000000e-01	3.6687425954e-01	
387	7.7400000000e-01	7.7400000000e-01	3.9045406531e-01	
388	7.7600000000e-01	7.7600000000e-01	4.1536202070e-01	
389	7.7800000000e-01	7.7800000000e-01	4.4164240100e-01	
390	7.8000000000e-01	7.8000000000e-01	4.6933749040e-01	
391	7.8200000000e-01	7.8200000000e-01	4.9848725753e-01	
392	7.8400000000e-01	7.8400000000e-01	5.2912904881e-01	
393	7.8600000000e-01	7.8600000000e-01	5.6129730605e-01	
394	7.8800000000e-01	7.8800000000e-01	5.9502331357e-01	
395	7.9000000000e-01	7.9000000000e-01	6.3033498014e-01	
396	7.9200000000e-01	7.9200000000e-01	6.6725665948e-01	
397	7.9400000000e-01	7.9400000000e-01	7.0580901249e-01	
398	7.9600000000e-01	7.9600000000e-01	7.4600891300e-01	
399	7.9800000000e-01	7.9800000000e-01	7.8786939787e-01	
400	8.0000000000e-01	8.0000000000e-01	8.3139966081e-01	
401	8.0200000000e-01	8.0200000000e-01	8.7660508855e-01	
402	8.0400000000e-01	8.0400000000e-01	9.2348733677e-01	
403	8.0600000000e-01	8.0600000000e-01	9.7204444245e-01	
404	8.0800000000e-01	8.0800000000e-01	1.0222709687e+00	
405	8.1000000000e-01	8.1000000000e-01	1.0741581772e+00	
406	8.1200000000e-01	8.1200000000e-01	1.1276942248e+00	
407	8.1400000000e-01	8.1400000000e-01	1.1828643768e+00	
408	8.1600000000e-01	8.1600000000e-01	1.2396512352e+00	
409	8.1800000000e-01	8.1800000000e-01	1.2980349752e+00	
410	8.2000000000e-01	8.2000000000e-01	1.3579935857e+00	
411	8.2200000000e-01	8.2200000000e-01	1.4195031113e+00	
412	8.2400000000e-01	8.2400000000e-01	1.4825378907e+00	
413	8.2600000000e-01	8.2600000000e-01	1.5470707893e+00	
414	8.2800000000e-01	8.2800000000e-01	1.6130734234e+00	
415	8.3000000000e-01	8.3000000000e-01	1.6805163737e+00	
416	8.3200000000e-01	8.3200000000e-01	1.7493693878e+00	
417	8.3400000000e-01	8.3400000000e-01	1.8196015676e+00	
418	8.3600000000e-01	8.3600000000e-01	1.8911815451e+00	
419	8.3800000000e-01	8.3800000000e-01	1.9640776425e+00	
420	8.4000000000e-01	8.4000000000e-01	2.0382580183e+00	
421	8.4200000000e-01	8.4200000000e-01	2.1136907997e+00	
422	8.4400000000e-01	8.4400000000e-01	2.1903442007e+00	
423	8.4600000000e-01	8.4600000000e-01	2.2681866273e+00	
424	8.4800000000e-01	8.4800000000e-01	2.3471867701e+00	
425	8.5000000000e-01	8.5000000000e-01	2.4273136848e+00	
426	8.5200000000e-01	8.5200000000e-01	2.5085368615e+00	
427	8.5400000000e-01	8.5400000000e-01	2.5908262849e+00	
428	8.5600000000e-01	8.5600000000e-01	2.6741524831e+00	
429	8.5800000000e-01	8.5800000000e-01	2.7584865697e+00	
430	8.6000000000e-01	8.6000000000e-01	2.8438002770e+00	
431	8.6200000000e-01	8.6200000000e-01	2.9300659826e+00	
432	8.6400000000e-01	8.6400000000e-01	3.0172567294e+00	
433	8.6600000000e-01	8.6600000000e-01	3.1053462404e+00	
434	8.6800000000e-01	8.6800000000e-01	3.1943089284e+00	
435	8.7000000000e-01	8.7000000000e-01	3.2841199008e+00	
436	8.7200000000e-01	8.7200000000e-01	3.3747549618e+00	
437	8.7400000000e-01	8.7400000000e-01	3.4661906100e+00	
438	8.7600000000e-01	8.7600000000e-01	3.5584040342e+00	
439	8.7800000000e-01	8.7800000000e-01	3.6513731060e+00	
440	8.8000000000e-01	8.8000000000e-01	3.7450763705e+00	
441	8.8200000000e-01	8.8200000000e-01	3.8394930362e+00	
442	8.8400000000e-01	8.8400000000e-01	3.9346029616e+00	
443	8.8600000000e-01	8.8600000000e-01	4.0303866428e+00	
444	8.8800000000e-01	8.8800000000e-01	4.1268251983e+00	
445	8.9000000000e-01	8.9000000000e-01	4.2239003546e+00	
446	8.9200000000e-01	8.9200000000e-01	4.3215944300e+00	
447	8.9400000000e-01	8.9400000000e-01	4.4198903186e+00	
448	8.9600000000e-01	8.9600000000e-01	4.5187714746e+00	
449	8.9800000000e-01	8.9800000000e-01	4.6182218950e+00	
450	9.0000000000e-01	9.0000000000e-01	4.7182261041e+00	
451	9.0200000000e-01	9.0200000000e-01	4.8187691362e+00	
452	9.0400000000e-01	9.0400000000e-01	4.9198365201e+00	
453	9.0600000000e-01	9.0600000000e-01	5.0214142625e+00	
454	9.0800000000e-01	9.0800000000e-01	5.1234888324e+00	
455	9.1000000000e-01	9.1000000000e-01	5.2260471456e+00	
456	9.1200000000e-01	9.1200000000e-01	5.3290765494e+00	
457	9.1400000000e-01	9.1400000000e-01	5.4325648076e+00	
458	9.1600000000e-01	9.1600000000e-01	5.5365000863e+00	
459	9.1800000000e-01	9.1800000000e-01	5.6408709394e+00	
460	9.2000000000e-01	9.2000000000e-01	5.7456662951e+00	
461	9.2200000000e-01	9.2200000000e-01	5.8508754425e+00	
462	9.2400000000e-01	9.2400000000e-01	5.9564880186e+00	
463	9.2600000000e-01	9.2600000000e-01	6.0624939960e+00	
464	9.2800000000e-01	9.2800000000e-01	6.1688836705e+00	
465	9.3000000000e-01	9.3000000000e-01	6.2756476497e+00	
466	9.3200000000e-01	9.3200000000e-01	6.3827768413e+00	
467	9.3400000000e-01	9.3400000000e-01	6.4902624426e+00	
468	9.3600000000e-01	9.3600000000e-01	6.5980959298e+00	
469	9.3800000000e-01	9.3800000000e-01	6.7062690477e+00	
470	9.4000000000e-01	9.4000000000e-01	6.8147738001e+00	
471	9.4200000000e-01	9.4200000000e-01	6.9236024404e+00	
472	9.4400000000e-01	9.4400000000e-01	7.0327474625e+00	
473	9.4600000000e-01	9.4600000000e-01	7.1422015921e+00	
474	9.4800000000e-01	9.4800000000e-01	7.2519577782e+00	
475	9.5000000000e-01	9.5000000000e-01	7.3620091849e+00	
476	9.5200000000e-01	9.5200000000e-01	7.4723491843e+00	
477	9.5400000000e-01	9.5400000000e-01	7.5829713481e+00	
478	9.5600000000e-01	9.5600000000e-01	7.6938694412e+00	
479	9.5800000000e-01	9.5800000000e-01	7.8050374142e+00	
480	9.6000000000e-01	9.6000000000e-01	7.9164693973e+00	
481	9.6200000000e-01	9.6200000000e-01	8.0281596936e+00	
482	9.6400000000e-01	9.6400000000e-01	8.1401027730e+00	
483	9.6600000000e-01	9.6600000000e-01	8.2522932664e+00	
484	9.6800000000e-01	9.6800000000e-01	8.3647259601e+00	
485	9.7000000000e-01	9.7000000000e-01	8.4773957900e+00	
486	9.7200000000e-01	9.7200000000e-01	8.5902978370e+00	
487	9.7400000000e-01	9.7400000000e-01	8.7034273215e+00	
488	9.7600000000e-01	9.7600000000e-01	8.8167795985e+00	
489	9.7800000000e-01	9.7800000000e-01	8.9303501535e+00	
490	9.8000000000e-01	9.8000000000e-01	9.0441345976e+00	
491	9.8200000000e-01	9.8200000000e-01	9.1581286631e+00	
492	9.8400000000e-01	9.8400000000e-01	9.2723282000e+00	
493	9.8600000000e-01	9.8600000000e-01	9.3867291713e+00	
494	9.8800000000e-01	9.8800000000e-01	9.5013276498e+00	
495	9.9000000000e-01	9.9000000000e-01	9.6161198140e+00	
496	9.9200000000e-01	9.9200000000e-01	9.7311019449e+00	
497	9.9400000000e-01	9.9400000000e-01	9.8462704224e+00	
498	9.9600000000e-01	9.9600000000e-01	9.9616217222e+00	
499	9.9800000000e-01	9.9800000000e-01	1.0077152412e+01	
500	1.0000000000e+00	1.0000000000e+00	1.0192859151e+01	
ngspice-46 done
Warning: diode_pd2nw_06v0: IKR too small - model effect disabled!
