* ====================================================================
* record-id : 20260821-134653-804155b
* testbench : tb_low_side_power_switch.spice (sim/low-side-power-switch, reused verbatim)
* corner    : fs_mc0036_125c_nosupply
* supply    : n/a (no supply rail in this device-level testbench)
* mismatch  : sw_stat_mismatch=1 (sample 36), sw_stat_global=0
* seed      : 20370857
* pdk       : gf180mcuD (/home/ubuntu/.volare/gf180mcuD)
* ngspice   : ngspice-46 : Circuit level simulation program
* run (UTC) : 2026-08-21T13:46:53Z
* ====================================================================

Note: No compatibility mode selected!


Circuit: *include "corner.spice

Doing analysis at TEMP = 125.000000 and TNOM = 27.000000

Using SPARSE 1.3 as Direct Linear Solver

No. of Data Rows : 101
                                                                                                                                                                                                                                                     *include "corner.spice
                                                                                                                                                                                                                                                     DC transfer characteristic  Fri Aug 21 13:47:30  2026
--------------------------------------------------------------------------------------------------------------------------------------------------------------------------------------------------------------------------------------------------------------------------------------------------------------------------------------------------------------------------------------------------------------------------------------------------------------------------------------------------------------------------------
Index   v-sweep         v(vfracds)      ioc_n06_glo     ioc_n06_gmid    ioc_n06_ghi     
--------------------------------------------------------------------------------------------------------------------------------------------------------------------------------------------------------------------------------------------------------------------------------------------------------------------------------------------------------------------------------------------------------------------------------------------------------------------------------------------------------------------------------
0	0.0000000000e+00	0.0000000000e+00	-0.0000000000e+00	-0.0000000000e+00	-0.0000000000e+00	
1	1.0000000000e-02	1.0000000000e-02	1.9185348287e-04	2.1379895726e-04	2.3313061448e-04	
2	2.0000000000e-02	2.0000000000e-02	3.7355008313e-04	4.1765096595e-04	4.5688832389e-04	
3	3.0000000000e-02	3.0000000000e-02	5.4541788134e-04	6.1186128392e-04	6.7153760611e-04	
4	4.0000000000e-02	4.0000000000e-02	7.0777095953e-04	7.9672277387e-04	8.7733305788e-04	
5	5.0000000000e-02	5.0000000000e-02	8.6091007725e-04	9.7251646714e-04	1.0745198108e-03	
6	6.0000000000e-02	6.0000000000e-02	1.0051233094e-03	1.1395120873e-03	1.2633339149e-03	
7	7.0000000000e-02	7.0000000000e-02	1.1406866725e-03	1.2979685542e-03	1.4440027012e-03	
8	8.0000000000e-02	8.0000000000e-02	1.2678647536e-03	1.4481344835e-03	1.6167451361e-03	
9	9.0000000000e-02	9.0000000000e-02	1.3869113453e-03	1.5902486876e-03	1.7817721723e-03	
10	1.0000000000e-01	1.0000000000e-01	1.4980700762e-03	1.7245406793e-03	1.9392871011e-03	
11	1.1000000000e-01	1.1000000000e-01	1.6015750250e-03	1.8512311694e-03	2.0894859071e-03	
12	1.2000000000e-01	1.2000000000e-01	1.6976512934e-03	1.9705325495e-03	2.2325576203e-03	
13	1.3000000000e-01	1.3000000000e-01	1.7865155098e-03	2.0826493434e-03	2.3686846631e-03	
14	1.4000000000e-01	1.4000000000e-01	1.8683762156e-03	2.1877786086e-03	2.4980431846e-03	
15	1.5000000000e-01	1.5000000000e-01	1.9434340514e-03	2.2861102585e-03	2.6208033750e-03	
16	1.6000000000e-01	1.6000000000e-01	2.0118815787e-03	2.3778272614e-03	2.7371297498e-03	
17	1.7000000000e-01	1.7000000000e-01	2.0739024501e-03	2.4631056370e-03	2.8471813922e-03	
18	1.8000000000e-01	1.8000000000e-01	2.1296695545e-03	2.5421141034e-03	2.9511121351e-03	
19	1.9000000000e-01	1.9000000000e-01	2.1793425361e-03	2.6150130940e-03	3.0490706534e-03	
20	2.0000000000e-01	2.0000000000e-01	2.2230701089e-03	2.6819526224e-03	3.1412004200e-03	
21	2.1000000000e-01	2.1000000000e-01	2.2610192465e-03	2.7430681345e-03	3.2276394377e-03	
22	2.2000000000e-01	2.2000000000e-01	2.2934695004e-03	2.7984734745e-03	3.3085195918e-03	
23	2.3000000000e-01	2.3000000000e-01	2.3209419971e-03	2.8482526169e-03	3.3839653353e-03	
24	2.4000000000e-01	2.4000000000e-01	2.3441993538e-03	2.8924633065e-03	3.4540911907e-03	
25	2.5000000000e-01	2.5000000000e-01	2.3640717633e-03	2.9311892079e-03	3.5189972095e-03	
26	2.6000000000e-01	2.6000000000e-01	2.3812900440e-03	2.9646669271e-03	3.5787612808e-03	
27	2.7000000000e-01	2.7000000000e-01	2.3964284262e-03	2.9933970952e-03	3.6334281810e-03	
28	2.8000000000e-01	2.8000000000e-01	2.4099181494e-03	3.0180907792e-03	3.6830012581e-03	
29	2.9000000000e-01	2.9000000000e-01	2.4220802825e-03	3.0394972821e-03	3.7274589864e-03	
30	3.0000000000e-01	3.0000000000e-01	2.4331557988e-03	3.0582741472e-03	3.7668323847e-03	
31	3.1000000000e-01	3.1000000000e-01	2.4433282137e-03	3.0749470124e-03	3.8013323928e-03	
32	3.2000000000e-01	3.2000000000e-01	2.4527396007e-03	3.0899204779e-03	3.8314143545e-03	
33	3.3000000000e-01	3.3000000000e-01	2.4615017507e-03	3.1035033514e-03	3.8576988556e-03	
34	3.4000000000e-01	3.4000000000e-01	2.4697039766e-03	3.1159326257e-03	3.8808301919e-03	
35	3.5000000000e-01	3.5000000000e-01	2.4774186351e-03	3.1273922773e-03	3.9013806881e-03	
36	3.6000000000e-01	3.6000000000e-01	2.4847050919e-03	3.1380270727e-03	3.9198197398e-03	
37	3.7000000000e-01	3.7000000000e-01	2.4916126136e-03	3.1479525048e-03	3.9365192490e-03	
38	3.8000000000e-01	3.8000000000e-01	2.4981825092e-03	3.1572619358e-03	3.9517709243e-03	
39	3.9000000000e-01	3.9000000000e-01	2.5044497401e-03	3.1660317709e-03	3.9658041006e-03	
40	4.0000000000e-01	4.0000000000e-01	2.5104441467e-03	3.1743252482e-03	3.9788005426e-03	
41	4.1000000000e-01	4.1000000000e-01	2.5161913942e-03	3.1821952492e-03	3.9909058352e-03	
42	4.2000000000e-01	4.2000000000e-01	2.5217137125e-03	3.1896864128e-03	4.0022379002e-03	
43	4.3000000000e-01	4.3000000000e-01	2.5270304796e-03	3.1968367433e-03	4.0128933155e-03	
44	4.4000000000e-01	4.4000000000e-01	2.5321586868e-03	3.2036788501e-03	4.0229520168e-03	
45	4.5000000000e-01	4.5000000000e-01	2.5371133147e-03	3.2102409135e-03	4.0324808198e-03	
46	4.6000000000e-01	4.6000000000e-01	2.5419076371e-03	3.2165474465e-03	4.0415360846e-03	
47	4.7000000000e-01	4.7000000000e-01	2.5465534726e-03	3.2226199001e-03	4.0501657526e-03	
48	4.8000000000e-01	4.8000000000e-01	2.5510613922e-03	3.2284771502e-03	4.0584109195e-03	
49	4.9000000000e-01	4.9000000000e-01	2.5554408943e-03	3.2341358929e-03	4.0663070637e-03	
50	5.0000000000e-01	5.0000000000e-01	2.5597005547e-03	3.2396109673e-03	4.0738850149e-03	
51	5.1000000000e-01	5.1000000000e-01	2.5638481567e-03	3.2449156239e-03	4.0811717242e-03	
52	5.2000000000e-01	5.2000000000e-01	2.5678908081e-03	3.2500617477e-03	4.0881908841e-03	
53	5.3000000000e-01	5.3000000000e-01	2.5718350480e-03	3.2550600495e-03	4.0949634302e-03	
54	5.4000000000e-01	5.4000000000e-01	2.5756869490e-03	3.2599202300e-03	4.1015079515e-03	
55	5.5000000000e-01	5.5000000000e-01	2.5794522160e-03	3.2646511263e-03	4.1078410297e-03	
56	5.6000000000e-01	5.6000000000e-01	2.5831362870e-03	3.2692608448e-03	4.1139775221e-03	
57	5.7000000000e-01	5.7000000000e-01	2.5867444356e-03	3.2737568860e-03	4.1199308009e-03	
58	5.8000000000e-01	5.8000000000e-01	2.5902818788e-03	3.2781462662e-03	4.1257129592e-03	
59	5.9000000000e-01	5.9000000000e-01	2.5937538910e-03	3.2824356377e-03	4.1313349921e-03	
60	6.0000000000e-01	6.0000000000e-01	2.5971659243e-03	3.2866314141e-03	4.1368069605e-03	
61	6.1000000000e-01	6.1000000000e-01	2.6005237375e-03	3.2907398989e-03	4.1421381423e-03	
62	6.2000000000e-01	6.2000000000e-01	2.6038335308e-03	3.2947674233e-03	4.1473371792e-03	
63	6.3000000000e-01	6.3000000000e-01	2.6071020898e-03	3.2987204916e-03	4.1524122216e-03	
64	6.4000000000e-01	6.4000000000e-01	2.6103369339e-03	3.3026059369e-03	4.1573710762e-03	
65	6.5000000000e-01	6.5000000000e-01	2.6135464716e-03	3.3064310858e-03	4.1622213602e-03	
66	6.6000000000e-01	6.6000000000e-01	2.6167401593e-03	3.3102039335e-03	4.1669706641e-03	
67	6.7000000000e-01	6.7000000000e-01	2.6199286634e-03	3.3139333269e-03	4.1716267256e-03	
68	6.8000000000e-01	6.8000000000e-01	2.6231240237e-03	3.3176291560e-03	4.1761976157e-03	
69	6.9000000000e-01	6.9000000000e-01	2.6263398162e-03	3.3213025515e-03	4.1806919366e-03	
70	7.0000000000e-01	7.0000000000e-01	2.6295913141e-03	3.3249660865e-03	4.1851190335e-03	
71	7.1000000000e-01	7.1000000000e-01	2.6328956464e-03	3.3286339813e-03	4.1894892174e-03	
72	7.2000000000e-01	7.2000000000e-01	2.6362719498e-03	3.3323223093e-03	4.1938139990e-03	
73	7.3000000000e-01	7.3000000000e-01	2.6397415154e-03	3.3360492008e-03	4.1981063317e-03	
74	7.4000000000e-01	7.4000000000e-01	2.6433279274e-03	3.3398350438e-03	4.2023808622e-03	
75	7.5000000000e-01	7.5000000000e-01	2.6470571922e-03	3.3437026794e-03	4.2066541848e-03	
76	7.6000000000e-01	7.6000000000e-01	2.6509578588e-03	3.3476775902e-03	4.2109450995e-03	
77	7.7000000000e-01	7.7000000000e-01	2.6550611264e-03	3.3517880787e-03	4.2152748692e-03	
78	7.8000000000e-01	7.8000000000e-01	2.6594009426e-03	3.3560654363e-03	4.2196674738e-03	
79	7.9000000000e-01	7.9000000000e-01	2.6640140874e-03	3.3605440991e-03	4.2241498595e-03	
80	8.0000000000e-01	8.0000000000e-01	2.6689402455e-03	3.3652617913e-03	4.2287521803e-03	
81	8.1000000000e-01	8.1000000000e-01	2.6742220663e-03	3.3702596533e-03	4.2335080285e-03	
82	8.2000000000e-01	8.2000000000e-01	2.6799052096e-03	3.3755823555e-03	4.2384546535e-03	
83	8.3000000000e-01	8.3000000000e-01	2.6860383794e-03	3.3812781963e-03	4.2436331662e-03	
84	8.4000000000e-01	8.4000000000e-01	2.6926733446e-03	3.3873991828e-03	4.2490887274e-03	
85	8.5000000000e-01	8.5000000000e-01	2.6998649469e-03	3.3940010969e-03	4.2548707186e-03	
86	8.6000000000e-01	8.6000000000e-01	2.7076710970e-03	3.4011435435e-03	4.2610328940e-03	
87	8.7000000000e-01	8.7000000000e-01	2.7161527586e-03	3.4088899828e-03	4.2676335143e-03	
88	8.8000000000e-01	8.8000000000e-01	2.7253739213e-03	3.4173077474e-03	4.2747354583e-03	
89	8.9000000000e-01	8.9000000000e-01	2.7354015630e-03	3.4264680420e-03	4.2824063156e-03	
90	9.0000000000e-01	9.0000000000e-01	2.7463056017e-03	3.4364459298e-03	4.2907184582e-03	
91	9.1000000000e-01	9.1000000000e-01	2.7581588389e-03	3.4473203032e-03	4.2997490905e-03	
92	9.2000000000e-01	9.2000000000e-01	2.7710368929e-03	3.4591738409e-03	4.3095802805e-03	
93	9.3000000000e-01	9.3000000000e-01	2.7850181252e-03	3.4720929522e-03	4.3202989692e-03	
94	9.4000000000e-01	9.4000000000e-01	2.8001835590e-03	3.4861677084e-03	4.3319969621e-03	
95	9.5000000000e-01	9.5000000000e-01	2.8166167911e-03	3.5014917637e-03	4.3447709006e-03	
96	9.6000000000e-01	9.6000000000e-01	2.8344038981e-03	3.5181622645e-03	4.3587222167e-03	
97	9.7000000000e-01	9.7000000000e-01	2.8536333370e-03	3.5362797496e-03	4.3739570693e-03	
98	9.8000000000e-01	9.8000000000e-01	2.8743958415e-03	3.5559480419e-03	4.3905862662e-03	
99	9.9000000000e-01	9.9000000000e-01	2.8967843143e-03	3.5772741311e-03	4.4087251692e-03	
100	1.0000000000e+00	1.0000000000e+00	2.9208937160e-03	3.6003680511e-03	4.4284935868e-03	
                                                                                                                                                                                                                                                     *include "corner.spice
                                                                                                                                                                                                                                                     DC transfer characteristic  Fri Aug 21 13:47:30  2026
--------------------------------------------------------------------------------------------------------------------------------------------------------------------------------------------------------------------------------------------------------------------------------------------------------------------------------------------------------------------------------------------------------------------------------------------------------------------------------------------------------------------------------
Index   v-sweep         v(vfracds)      ioc_p06_glo     ioc_p06_gmid    ioc_p06_ghi     
--------------------------------------------------------------------------------------------------------------------------------------------------------------------------------------------------------------------------------------------------------------------------------------------------------------------------------------------------------------------------------------------------------------------------------------------------------------------------------------------------------------------------------
0	0.0000000000e+00	0.0000000000e+00	-0.0000000000e+00	-0.0000000000e+00	-0.0000000000e+00	
1	1.0000000000e-02	1.0000000000e-02	-4.689540382e-05	-5.411207009e-05	-6.318919741e-05	
2	2.0000000000e-02	2.0000000000e-02	-9.218568119e-05	-1.066617199e-04	-1.248540582e-04	
3	3.0000000000e-02	3.0000000000e-02	-1.358839066e-04	-1.576611139e-04	-1.850059319e-04	
4	4.0000000000e-02	4.0000000000e-02	-1.780030181e-04	-2.071222933e-04	-2.436560568e-04	
5	5.0000000000e-02	5.0000000000e-02	-2.185558201e-04	-2.550571780e-04	-3.008155621e-04	
6	6.0000000000e-02	6.0000000000e-02	-2.575549864e-04	-3.014775687e-04	-3.564954691e-04	
7	7.0000000000e-02	7.0000000000e-02	-2.950130637e-04	-3.463951491e-04	-4.107066925e-04	
8	8.0000000000e-02	8.0000000000e-02	-3.309424751e-04	-3.898214881e-04	-4.634600425e-04	
9	9.0000000000e-02	9.0000000000e-02	-3.653555244e-04	-4.317680418e-04	-5.147662258e-04	
10	1.0000000000e-01	1.0000000000e-01	-3.982644014e-04	-4.722461564e-04	-5.646358475e-04	
11	1.1000000000e-01	1.1000000000e-01	-4.296811876e-04	-5.112670708e-04	-6.130794128e-04	
12	1.2000000000e-01	1.2000000000e-01	-4.596178644e-04	-5.488419200e-04	-6.601073283e-04	
13	1.3000000000e-01	1.3000000000e-01	-4.880863221e-04	-5.849817379e-04	-7.057299045e-04	
14	1.4000000000e-01	1.4000000000e-01	-5.150983731e-04	-6.196974623e-04	-7.499573570e-04	
15	1.5000000000e-01	1.5000000000e-01	-5.406657692e-04	-6.529999392e-04	-7.927998090e-04	
16	1.6000000000e-01	1.6000000000e-01	-5.648002248e-04	-6.848999287e-04	-8.342672933e-04	
17	1.7000000000e-01	1.7000000000e-01	-5.875134514e-04	-7.154081127e-04	-8.743697550e-04	
18	1.8000000000e-01	1.8000000000e-01	-6.088172071e-04	-7.445351037e-04	-9.131170541e-04	
19	1.9000000000e-01	1.9000000000e-01	-6.287233714e-04	-7.722914577e-04	-9.505189684e-04	
20	2.0000000000e-01	2.0000000000e-01	-6.472440610e-04	-7.986876895e-04	-9.865851976e-04	
21	2.1000000000e-01	2.1000000000e-01	-6.643918154e-04	-8.237342955e-04	-1.021325367e-03	
22	2.2000000000e-01	2.2000000000e-01	-6.801799010e-04	-8.474417841e-04	-1.054749034e-03	
23	2.3000000000e-01	2.3000000000e-01	-6.946228297e-04	-8.698207201e-04	-1.086865691e-03	
24	2.4000000000e-01	2.4000000000e-01	-7.077372639e-04	-8.908817889e-04	-1.117684778e-03	
25	2.5000000000e-01	2.5000000000e-01	-7.195436423e-04	-9.106358938e-04	-1.147215689e-03	
26	2.6000000000e-01	2.6000000000e-01	-7.300691308e-04	-9.290943049e-04	-1.175467784e-03	
27	2.7000000000e-01	2.7000000000e-01	-7.393528978e-04	-9.462688952e-04	-1.202450411e-03	
28	2.8000000000e-01	2.8000000000e-01	-7.474548491e-04	-9.621725226e-04	-1.228172923e-03	
29	2.9000000000e-01	2.9000000000e-01	-7.544673353e-04	-9.768196660e-04	-1.252644714e-03	
30	3.0000000000e-01	3.0000000000e-01	-7.605234647e-04	-9.902275046e-04	-1.275875262e-03	
31	3.1000000000e-01	3.1000000000e-01	-7.657889276e-04	-1.002417770e-03	-1.297874191e-03	
32	3.2000000000e-01	3.2000000000e-01	-7.704331780e-04	-1.013419903e-03	-1.318651368e-03	
33	3.3000000000e-01	3.3000000000e-01	-7.745995832e-04	-1.023276155e-03	-1.338217038e-03	
34	3.4000000000e-01	3.4000000000e-01	-7.783946619e-04	-1.032048848e-03	-1.356582039e-03	
35	3.5000000000e-01	3.5000000000e-01	-7.818934958e-04	-1.039827736e-03	-1.373758134e-03	
36	3.6000000000e-01	3.6000000000e-01	-7.851492784e-04	-1.046731454e-03	-1.389758537e-03	
37	3.7000000000e-01	3.7000000000e-01	-7.882009068e-04	-1.052896416e-03	-1.404598760e-03	
38	3.8000000000e-01	3.8000000000e-01	-7.910778774e-04	-1.058456287e-03	-1.418297992e-03	
39	3.9000000000e-01	3.9000000000e-01	-7.938032828e-04	-1.063525250e-03	-1.430881285e-03	
40	4.0000000000e-01	4.0000000000e-01	-7.963956709e-04	-1.068192908e-03	-1.442382861e-03	
41	4.1000000000e-01	4.1000000000e-01	-7.988702426e-04	-1.072527375e-03	-1.452850544e-03	
42	4.2000000000e-01	4.2000000000e-01	-8.012396560e-04	-1.076580589e-03	-1.462350210e-03	
43	4.3000000000e-01	4.3000000000e-01	-8.035145898e-04	-1.080392873e-03	-1.470967396e-03	
44	4.4000000000e-01	4.4000000000e-01	-8.057041503e-04	-1.083996196e-03	-1.478802741e-03	
45	4.5000000000e-01	4.5000000000e-01	-8.078161745e-04	-1.087416406e-03	-1.485961562e-03	
46	4.6000000000e-01	4.6000000000e-01	-8.098574604e-04	-1.090674745e-03	-1.492542827e-03	
47	4.7000000000e-01	4.7000000000e-01	-8.118339463e-04	-1.093788913e-03	-1.498632623e-03	
48	4.8000000000e-01	4.8000000000e-01	-8.137508517e-04	-1.096773836e-03	-1.504302679e-03	
49	4.9000000000e-01	4.9000000000e-01	-8.156127901e-04	-1.099642224e-03	-1.509611752e-03	
50	5.0000000000e-01	5.0000000000e-01	-8.174238599e-04	-1.102404998e-03	-1.514607873e-03	
51	5.1000000000e-01	5.1000000000e-01	-8.191877192e-04	-1.105071612e-03	-1.519330509e-03	
52	5.2000000000e-01	5.2000000000e-01	-8.209076463e-04	-1.107650305e-03	-1.523812341e-03	
53	5.3000000000e-01	5.3000000000e-01	-8.225865915e-04	-1.110148307e-03	-1.528080672e-03	
54	5.4000000000e-01	5.4000000000e-01	-8.242272191e-04	-1.112571992e-03	-1.532158504e-03	
55	5.5000000000e-01	5.5000000000e-01	-8.258319433e-04	-1.114927012e-03	-1.536065378e-03	
56	5.6000000000e-01	5.6000000000e-01	-8.274029589e-04	-1.117218400e-03	-1.539818022e-03	
57	5.7000000000e-01	5.7000000000e-01	-8.289422669e-04	-1.119450659e-03	-1.543430857e-03	
58	5.8000000000e-01	5.8000000000e-01	-8.304516965e-04	-1.121627834e-03	-1.546916394e-03	
59	5.9000000000e-01	5.9000000000e-01	-8.319329248e-04	-1.123753569e-03	-1.550285560e-03	
60	6.0000000000e-01	6.0000000000e-01	-8.333874928e-04	-1.125831163e-03	-1.553547945e-03	
61	6.1000000000e-01	6.1000000000e-01	-8.348168199e-04	-1.127863610e-03	-1.556712014e-03	
62	6.2000000000e-01	6.2000000000e-01	-8.362222165e-04	-1.129853632e-03	-1.559785274e-03	
63	6.3000000000e-01	6.3000000000e-01	-8.376048953e-04	-1.131803718e-03	-1.562774410e-03	
64	6.4000000000e-01	6.4000000000e-01	-8.389659809e-04	-1.133716143e-03	-1.565685405e-03	
65	6.5000000000e-01	6.5000000000e-01	-8.403065189e-04	-1.135592997e-03	-1.568523628e-03	
66	6.6000000000e-01	6.6000000000e-01	-8.416274840e-04	-1.137436202e-03	-1.571293921e-03	
67	6.7000000000e-01	6.7000000000e-01	-8.429297874e-04	-1.139247529e-03	-1.574000661e-03	
68	6.8000000000e-01	6.8000000000e-01	-8.442142848e-04	-1.141028616e-03	-1.576647819e-03	
69	6.9000000000e-01	6.9000000000e-01	-8.454817827e-04	-1.142780978e-03	-1.579239009e-03	
70	7.0000000000e-01	7.0000000000e-01	-8.467330463e-04	-1.144506025e-03	-1.581777530e-03	
71	7.1000000000e-01	7.1000000000e-01	-8.479688071e-04	-1.146205066e-03	-1.584266397e-03	
72	7.2000000000e-01	7.2000000000e-01	-8.491897709e-04	-1.147879325e-03	-1.586708380e-03	
73	7.3000000000e-01	7.3000000000e-01	-8.503966266e-04	-1.149529947e-03	-1.589106023e-03	
74	7.4000000000e-01	7.4000000000e-01	-8.515900565e-04	-1.151158009e-03	-1.591461671e-03	
75	7.5000000000e-01	7.5000000000e-01	-8.527707469e-04	-1.152764532e-03	-1.593777493e-03	
76	7.6000000000e-01	7.6000000000e-01	-8.539394006e-04	-1.154350484e-03	-1.596055494e-03	
77	7.7000000000e-01	7.7000000000e-01	-8.550967508e-04	-1.155916798e-03	-1.598297535e-03	
78	7.8000000000e-01	7.8000000000e-01	-8.562435766e-04	-1.157464378e-03	-1.600505350e-03	
79	7.9000000000e-01	7.9000000000e-01	-8.573807202e-04	-1.158994113e-03	-1.602680554e-03	
80	8.0000000000e-01	8.0000000000e-01	-8.585091063e-04	-1.160506891e-03	-1.604824661e-03	
81	8.1000000000e-01	8.1000000000e-01	-8.596297631e-04	-1.162003616e-03	-1.606939093e-03	
82	8.2000000000e-01	8.2000000000e-01	-8.607438452e-04	-1.163485221e-03	-1.609025197e-03	
83	8.3000000000e-01	8.3000000000e-01	-8.618526593e-04	-1.164952693e-03	-1.611084252e-03	
84	8.4000000000e-01	8.4000000000e-01	-8.629576907e-04	-1.166407090e-03	-1.613117488e-03	
85	8.5000000000e-01	8.5000000000e-01	-8.640606328e-04	-1.167849569e-03	-1.615126100e-03	
86	8.6000000000e-01	8.6000000000e-01	-8.651634177e-04	-1.169281410e-03	-1.617111263e-03	
87	8.7000000000e-01	8.7000000000e-01	-8.662682489e-04	-1.170704049e-03	-1.619074150e-03	
88	8.8000000000e-01	8.8000000000e-01	-8.673776353e-04	-1.172119108e-03	-1.621015957e-03	
89	8.9000000000e-01	8.9000000000e-01	-8.684944274e-04	-1.173528430e-03	-1.622937922e-03	
90	9.0000000000e-01	9.0000000000e-01	-8.696218535e-04	-1.174934118e-03	-1.624841355e-03	
91	9.1000000000e-01	9.1000000000e-01	-8.707635582e-04	-1.176338573e-03	-1.626727665e-03	
92	9.2000000000e-01	9.2000000000e-01	-8.719236409e-04	-1.177744542e-03	-1.628598395e-03	
93	9.3000000000e-01	9.3000000000e-01	-8.731066955e-04	-1.179155156e-03	-1.630455260e-03	
94	9.4000000000e-01	9.4000000000e-01	-8.743178502e-04	-1.180573983e-03	-1.632300183e-03	
95	9.5000000000e-01	9.5000000000e-01	-8.755628073e-04	-1.182005072e-03	-1.634135344e-03	
96	9.6000000000e-01	9.6000000000e-01	-8.768478837e-04	-1.183453008e-03	-1.635963227e-03	
97	9.7000000000e-01	9.7000000000e-01	-8.781800502e-04	-1.184922962e-03	-1.637786669e-03	
98	9.8000000000e-01	9.8000000000e-01	-8.795669714e-04	-1.186420743e-03	-1.639608920e-03	
99	9.9000000000e-01	9.9000000000e-01	-8.810170433e-04	-1.187952853e-03	-1.641433699e-03	
100	1.0000000000e+00	1.0000000000e+00	-8.825394319e-04	-1.189526541e-03	-1.643265255e-03	
Doing analysis at TEMP = 125.000000 and TNOM = 27.000000

Using SPARSE 1.3 as Direct Linear Solver

No. of Data Rows : 501
                                                                                                                                                                                                                                                     *include "corner.spice
                                                                                                                                                                                                                                                     DC transfer characteristic  Fri Aug 21 13:47:30  2026
--------------------------------------------------------------------------------------------------------------------------------------------------------------------------------------------------------------------------------------------------------------------------------------------------------------------------------------------------------------------------------------------------------------------------------------------------------------------------------------------------------------------------------
Index   v-sweep         v(vfracdi)      ifb             
--------------------------------------------------------------------------------------------------------------------------------------------------------------------------------------------------------------------------------------------------------------------------------------------------------------------------------------------------------------------------------------------------------------------------------------------------------------------------------------------------------------------------------
0	0.0000000000e+00	0.0000000000e+00	-4.568997909e-36	
1	2.0000000000e-03	2.0000000000e-03	3.1939520473e-11	
2	4.0000000000e-03	4.0000000000e-03	6.6176147895e-11	
3	6.0000000000e-03	6.0000000000e-03	1.0287609653e-10	
4	8.0000000000e-03	8.0000000000e-03	1.4221701594e-10	
5	1.0000000000e-02	1.0000000000e-02	1.8438917060e-10	
6	1.2000000000e-02	1.2000000000e-02	2.2959645296e-10	
7	1.4000000000e-02	1.4000000000e-02	2.7805735492e-10	
8	1.6000000000e-02	1.6000000000e-02	3.3000635558e-10	
9	1.8000000000e-02	1.8000000000e-02	3.8569392125e-10	
10	2.0000000000e-02	2.0000000000e-02	4.4539016919e-10	
11	2.2000000000e-02	2.2000000000e-02	5.0938275820e-10	
12	2.4000000000e-02	2.4000000000e-02	5.7798121844e-10	
13	2.6000000000e-02	2.6000000000e-02	6.5151684048e-10	
14	2.8000000000e-02	2.8000000000e-02	7.3034556181e-10	
15	3.0000000000e-02	3.0000000000e-02	8.1484796688e-10	
16	3.2000000000e-02	3.2000000000e-02	9.0543217368e-10	
17	3.4000000000e-02	3.4000000000e-02	1.0025362762e-09	
18	3.6000000000e-02	3.6000000000e-02	1.1066287886e-09	
19	3.8000000000e-02	3.8000000000e-02	1.2182137521e-09	
20	4.0000000000e-02	4.0000000000e-02	1.3378285146e-09	
21	4.2000000000e-02	4.2000000000e-02	1.4660526126e-09	
22	4.4000000000e-02	4.4000000000e-02	1.6035048844e-09	
23	4.6000000000e-02	4.6000000000e-02	1.7508492434e-09	
24	4.8000000000e-02	4.8000000000e-02	1.9087971204e-09	
25	5.0000000000e-02	5.0000000000e-02	2.0781119048e-09	
26	5.2000000000e-02	5.2000000000e-02	2.2596111648e-09	
27	5.4000000000e-02	5.4000000000e-02	2.4541715327e-09	
28	5.6000000000e-02	5.6000000000e-02	2.6627322569e-09	
29	5.8000000000e-02	5.8000000000e-02	2.8863014201e-09	
30	6.0000000000e-02	6.0000000000e-02	3.1259563826e-09	
31	6.2000000000e-02	6.2000000000e-02	3.3828566615e-09	
32	6.4000000000e-02	6.4000000000e-02	3.6582408214e-09	
33	6.6000000000e-02	6.6000000000e-02	3.9534397978e-09	
34	6.8000000000e-02	6.8000000000e-02	4.2698768965e-09	
35	7.0000000000e-02	7.0000000000e-02	4.6090820049e-09	
36	7.2000000000e-02	7.2000000000e-02	4.9726889273e-09	
37	7.4000000000e-02	7.4000000000e-02	5.3624553686e-09	
38	7.6000000000e-02	7.6000000000e-02	5.7802611586e-09	
39	7.8000000000e-02	7.8000000000e-02	6.2281211299e-09	
40	8.0000000000e-02	8.0000000000e-02	6.7081975530e-09	
41	8.2000000000e-02	8.2000000000e-02	7.2228063530e-09	
42	8.4000000000e-02	8.4000000000e-02	7.7744282123e-09	
43	8.6000000000e-02	8.6000000000e-02	8.3657250016e-09	
44	8.8000000000e-02	8.8000000000e-02	8.9995504382e-09	
45	9.0000000000e-02	9.0000000000e-02	9.6789571913e-09	
46	9.2000000000e-02	9.2000000000e-02	1.0407223527e-08	
47	9.4000000000e-02	9.4000000000e-02	1.1187858640e-08	
48	9.6000000000e-02	9.6000000000e-02	1.2024626628e-08	
49	9.8000000000e-02	9.8000000000e-02	1.2921562487e-08	
50	1.0000000000e-01	1.0000000000e-01	1.3882984540e-08	
51	1.0200000000e-01	1.0200000000e-01	1.4913528190e-08	
52	1.0400000000e-01	1.0400000000e-01	1.6018156579e-08	
53	1.0600000000e-01	1.0600000000e-01	1.7202191671e-08	
54	1.0800000000e-01	1.0800000000e-01	1.8471336460e-08	
55	1.1000000000e-01	1.1000000000e-01	1.9831702502e-08	
56	1.1200000000e-01	1.1200000000e-01	2.1289837449e-08	
57	1.1400000000e-01	1.1400000000e-01	2.2852763237e-08	
58	1.1600000000e-01	1.1600000000e-01	2.4528000964e-08	
59	1.1800000000e-01	1.1800000000e-01	2.6323611735e-08	
60	1.2000000000e-01	1.2000000000e-01	2.8248234862e-08	
61	1.2200000000e-01	1.2200000000e-01	3.0311128718e-08	
62	1.2400000000e-01	1.2400000000e-01	3.2522212479e-08	
63	1.2600000000e-01	1.2600000000e-01	3.4892115863e-08	
64	1.2800000000e-01	1.2800000000e-01	3.7432237754e-08	
65	1.3000000000e-01	1.3000000000e-01	4.0154779057e-08	
66	1.3200000000e-01	1.3200000000e-01	4.3072824418e-08	
67	1.3400000000e-01	1.3400000000e-01	4.6200389292e-08	
68	1.3600000000e-01	1.3600000000e-01	4.9552496328e-08	
69	1.3800000000e-01	1.3800000000e-01	5.3145233991e-08	
70	1.4000000000e-01	1.4000000000e-01	5.6995854258e-08	
71	1.4200000000e-01	1.4200000000e-01	6.1122827688e-08	
72	1.4400000000e-01	1.4400000000e-01	6.5545956218e-08	
73	1.4600000000e-01	1.4600000000e-01	7.0286449549e-08	
74	1.4800000000e-01	1.4800000000e-01	7.5367033503e-08	
75	1.5000000000e-01	1.5000000000e-01	8.0812058378e-08	
76	1.5200000000e-01	1.5200000000e-01	8.6647609088e-08	
77	1.5400000000e-01	1.5400000000e-01	9.2901634829e-08	
78	1.5600000000e-01	1.5600000000e-01	9.9604076098e-08	
79	1.5800000000e-01	1.5800000000e-01	1.0678700946e-07	
80	1.6000000000e-01	1.6000000000e-01	1.1448479675e-07	
81	1.6200000000e-01	1.6200000000e-01	1.2273424943e-07	
82	1.6400000000e-01	1.6400000000e-01	1.3157479728e-07	
83	1.6600000000e-01	1.6600000000e-01	1.4104868207e-07	
84	1.6800000000e-01	1.6800000000e-01	1.5120114938e-07	
85	1.7000000000e-01	1.7000000000e-01	1.6208066356e-07	
86	1.7200000000e-01	1.7200000000e-01	1.7373913330e-07	
87	1.7400000000e-01	1.7400000000e-01	1.8623215858e-07	
88	1.7600000000e-01	1.7600000000e-01	1.9961929176e-07	
89	1.7800000000e-01	1.7800000000e-01	2.1396429872e-07	
90	1.8000000000e-01	1.8000000000e-01	2.2933549459e-07	
91	1.8200000000e-01	1.8200000000e-01	2.4580601732e-07	
92	1.8400000000e-01	1.8400000000e-01	2.6345421134e-07	
93	1.8600000000e-01	1.8600000000e-01	2.8236395089e-07	
94	1.8800000000e-01	1.8800000000e-01	3.0262506634e-07	
95	1.9000000000e-01	1.9000000000e-01	3.2433373320e-07	
96	1.9200000000e-01	1.9200000000e-01	3.4759293754e-07	
97	1.9400000000e-01	1.9400000000e-01	3.7251294316e-07	
98	1.9600000000e-01	1.9600000000e-01	3.9921179962e-07	
99	1.9800000000e-01	1.9800000000e-01	4.2781588583e-07	
100	2.0000000000e-01	2.0000000000e-01	4.5846050867e-07	
101	2.0200000000e-01	2.0200000000e-01	4.9129049273e-07	
102	2.0400000000e-01	2.0400000000e-01	5.2646088378e-07	
103	2.0600000000e-01	2.0600000000e-01	5.6413762373e-07	
104	2.0800000000e-01	2.0800000000e-01	6.0449832873e-07	
105	2.1000000000e-01	2.1000000000e-01	6.4773309560e-07	
106	2.1200000000e-01	2.1200000000e-01	6.9404536696e-07	
107	2.1400000000e-01	2.1400000000e-01	7.4365285307e-07	
108	2.1600000000e-01	2.1600000000e-01	7.9678851606e-07	
109	2.1800000000e-01	2.1800000000e-01	8.5370163028e-07	
110	2.2000000000e-01	2.2000000000e-01	9.1465890684e-07	
111	2.2200000000e-01	2.2200000000e-01	9.7994568193e-07	
112	2.2400000000e-01	2.2400000000e-01	1.0498672083e-06	
113	2.2600000000e-01	2.2600000000e-01	1.1247500318e-06	
114	2.2800000000e-01	2.2800000000e-01	1.2049434126e-06	
115	2.3000000000e-01	2.3000000000e-01	1.2908209239e-06	
116	2.3200000000e-01	2.3200000000e-01	1.3827820808e-06	
117	2.3400000000e-01	2.3400000000e-01	1.4812541167e-06	
118	2.3600000000e-01	2.3600000000e-01	1.5866938678e-06	
119	2.3800000000e-01	2.3800000000e-01	1.6995897845e-06	
120	2.4000000000e-01	2.4000000000e-01	1.8204640746e-06	
121	2.4200000000e-01	2.4200000000e-01	1.9498749655e-06	
122	2.4400000000e-01	2.4400000000e-01	2.0884191549e-06	
123	2.4600000000e-01	2.4600000000e-01	2.2367343870e-06	
124	2.4800000000e-01	2.4800000000e-01	2.3955022126e-06	
125	2.5000000000e-01	2.5000000000e-01	2.5654509077e-06	
126	2.5200000000e-01	2.5200000000e-01	2.7473586091e-06	
127	2.5400000000e-01	2.5400000000e-01	2.9420566268e-06	
128	2.5600000000e-01	2.5600000000e-01	3.1504329652e-06	
129	2.5800000000e-01	2.5800000000e-01	3.3734360958e-06	
130	2.6000000000e-01	2.6000000000e-01	3.6120789346e-06	
131	2.6200000000e-01	2.6200000000e-01	3.8674430893e-06	
132	2.6400000000e-01	2.6400000000e-01	4.1406833571e-06	
133	2.6600000000e-01	2.6600000000e-01	4.4330325117e-06	
134	2.6800000000e-01	2.6800000000e-01	4.7458064092e-06	
135	2.7000000000e-01	2.7000000000e-01	5.0804093501e-06	
136	2.7200000000e-01	2.7200000000e-01	5.4383398087e-06	
137	2.7400000000e-01	2.7400000000e-01	5.8211965239e-06	
138	2.7600000000e-01	2.7600000000e-01	6.2306849156e-06	
139	2.7800000000e-01	2.7800000000e-01	6.6686239268e-06	
140	2.8000000000e-01	2.8000000000e-01	7.1369532257e-06	
141	2.8200000000e-01	2.8200000000e-01	7.6377408931e-06	
142	2.8400000000e-01	2.8400000000e-01	8.1731915209e-06	
143	2.8600000000e-01	2.8600000000e-01	8.7456547764e-06	
144	2.8800000000e-01	2.8800000000e-01	9.3576345002e-06	
145	2.9000000000e-01	2.9000000000e-01	1.0011798295e-05	
146	2.9200000000e-01	2.9200000000e-01	1.0710987654e-05	
147	2.9400000000e-01	2.9400000000e-01	1.1458228705e-05	
148	2.9600000000e-01	2.9600000000e-01	1.2256743501e-05	
149	2.9800000000e-01	2.9800000000e-01	1.3109961962e-05	
150	3.0000000000e-01	3.0000000000e-01	1.4021534490e-05	
151	3.0200000000e-01	3.0200000000e-01	1.4995345223e-05	
152	3.0400000000e-01	3.0400000000e-01	1.6035526038e-05	
153	3.0600000000e-01	3.0600000000e-01	1.7146471297e-05	
154	3.0800000000e-01	3.0800000000e-01	1.8332853339e-05	
155	3.1000000000e-01	3.1000000000e-01	1.9599638815e-05	
156	3.1200000000e-01	3.1200000000e-01	2.0952105825e-05	
157	3.1400000000e-01	3.1400000000e-01	2.2395861947e-05	
158	3.1600000000e-01	3.1600000000e-01	2.3936863165e-05	
159	3.1800000000e-01	3.1800000000e-01	2.5581433711e-05	
160	3.2000000000e-01	3.2000000000e-01	2.7336286909e-05	
161	3.2200000000e-01	3.2200000000e-01	2.9208546980e-05	
162	3.2400000000e-01	3.2400000000e-01	3.1205771894e-05	
163	3.2600000000e-01	3.2600000000e-01	3.3335977285e-05	
164	3.2800000000e-01	3.2800000000e-01	3.5607661456e-05	
165	3.3000000000e-01	3.3000000000e-01	3.8029831511e-05	
166	3.3200000000e-01	3.3200000000e-01	4.0612030627e-05	
167	3.3400000000e-01	3.3400000000e-01	4.3364366526e-05	
168	3.3600000000e-01	3.3600000000e-01	4.6297541150e-05	
169	3.3800000000e-01	3.3800000000e-01	4.9422881563e-05	
170	3.4000000000e-01	3.4000000000e-01	5.2752372149e-05	
171	3.4200000000e-01	3.4200000000e-01	5.6298688040e-05	
172	3.4400000000e-01	3.4400000000e-01	6.0075229932e-05	
173	3.4600000000e-01	3.4600000000e-01	6.4096160134e-05	
174	3.4800000000e-01	3.4800000000e-01	6.8376440069e-05	
175	3.5000000000e-01	3.5000000000e-01	7.2931869074e-05	
176	3.5200000000e-01	3.5200000000e-01	7.7779124595e-05	
177	3.5400000000e-01	3.5400000000e-01	8.2935803775e-05	
178	3.5600000000e-01	3.5600000000e-01	8.8420466497e-05	
179	3.5800000000e-01	3.5800000000e-01	9.4252679752e-05	
180	3.6000000000e-01	3.6000000000e-01	1.0045306353e-04	
181	3.6200000000e-01	3.6200000000e-01	1.0704333804e-04	
182	3.6400000000e-01	3.6400000000e-01	1.1404637247e-04	
183	3.6600000000e-01	3.6600000000e-01	1.2148623506e-04	
184	3.6800000000e-01	3.6800000000e-01	1.2938824472e-04	
185	3.7000000000e-01	3.7000000000e-01	1.3777902401e-04	
186	3.7200000000e-01	3.7200000000e-01	1.4668655359e-04	
187	3.7400000000e-01	3.7400000000e-01	1.5614022810e-04	
188	3.7600000000e-01	3.7600000000e-01	1.6617091341e-04	
189	3.7800000000e-01	3.7800000000e-01	1.7681100541e-04	
190	3.8000000000e-01	3.8000000000e-01	1.8809449016e-04	
191	3.8200000000e-01	3.8200000000e-01	2.0005700544e-04	
192	3.8400000000e-01	3.8400000000e-01	2.1273590387e-04	
193	3.8600000000e-01	3.8600000000e-01	2.2617031729e-04	
194	3.8800000000e-01	3.8800000000e-01	2.4040122283e-04	
195	3.9000000000e-01	3.9000000000e-01	2.5547151027e-04	
196	3.9200000000e-01	3.9200000000e-01	2.7142605104e-04	
197	3.9400000000e-01	3.9400000000e-01	2.8831176870e-04	
198	3.9600000000e-01	3.9600000000e-01	3.0617771109e-04	
199	3.9800000000e-01	3.9800000000e-01	3.2507512402e-04	
200	4.0000000000e-01	4.0000000000e-01	3.4505752681e-04	
201	4.0200000000e-01	4.0200000000e-01	3.6618078954e-04	
202	4.0400000000e-01	4.0400000000e-01	3.8850321223e-04	
203	4.0600000000e-01	4.0600000000e-01	4.1208560606e-04	
204	4.0800000000e-01	4.0800000000e-01	4.3699137669e-04	
205	4.1000000000e-01	4.1000000000e-01	4.6328660988e-04	
206	4.1200000000e-01	4.1200000000e-01	4.9104015964e-04	
207	4.1400000000e-01	4.1400000000e-01	5.2032373899e-04	
208	4.1600000000e-01	4.1600000000e-01	5.5121201355e-04	
209	4.1800000000e-01	4.1800000000e-01	5.8378269843e-04	
210	4.2000000000e-01	4.2000000000e-01	6.1811665831e-04	
211	4.2200000000e-01	4.2200000000e-01	6.5429801136e-04	
212	4.2400000000e-01	4.2400000000e-01	6.9241423716e-04	
213	4.2600000000e-01	4.2600000000e-01	7.3255628901e-04	
214	4.2800000000e-01	4.2800000000e-01	7.7481871098e-04	
215	4.3000000000e-01	4.3000000000e-01	8.1929976021e-04	
216	4.3200000000e-01	4.3200000000e-01	8.6610153494e-04	
217	4.3400000000e-01	4.3400000000e-01	9.1533010857e-04	
218	4.3600000000e-01	4.3600000000e-01	9.6709567055e-04	
219	4.3800000000e-01	4.3800000000e-01	1.0215126745e-03	
220	4.4000000000e-01	4.4000000000e-01	1.0786999941e-03	
221	4.4200000000e-01	4.4200000000e-01	1.1387810879e-03	
222	4.4400000000e-01	4.4400000000e-01	1.2018841728e-03	
223	4.4600000000e-01	4.4600000000e-01	1.2681424077e-03	
224	4.4800000000e-01	4.4800000000e-01	1.3376940881e-03	
225	4.5000000000e-01	4.5000000000e-01	1.4106828521e-03	
226	4.5200000000e-01	4.5200000000e-01	1.4872578986e-03	
227	4.5400000000e-01	4.5400000000e-01	1.5675742188e-03	
228	4.5600000000e-01	4.5600000000e-01	1.6517928424e-03	
229	4.5800000000e-01	4.5800000000e-01	1.7400810984e-03	
230	4.6000000000e-01	4.6000000000e-01	1.8326128926e-03	
231	4.6200000000e-01	4.6200000000e-01	1.9295690026e-03	
232	4.6400000000e-01	4.6400000000e-01	2.0311373906e-03	
233	4.6600000000e-01	4.6600000000e-01	2.1375135372e-03	
234	4.6800000000e-01	4.6800000000e-01	2.2489007947e-03	
235	4.7000000000e-01	4.7000000000e-01	2.3655107640e-03	
236	4.7200000000e-01	4.7200000000e-01	2.4875636945e-03	
237	4.7400000000e-01	4.7400000000e-01	2.6152889097e-03	
238	4.7600000000e-01	4.7600000000e-01	2.7489252592e-03	
239	4.7800000000e-01	4.7800000000e-01	2.8887215990e-03	
240	4.8000000000e-01	4.8000000000e-01	3.0349373022e-03	
241	4.8200000000e-01	4.8200000000e-01	3.1878428016e-03	
242	4.8400000000e-01	4.8400000000e-01	3.3477201654e-03	
243	4.8600000000e-01	4.8600000000e-01	3.5148637093e-03	
244	4.8800000000e-01	4.8800000000e-01	3.6895806464e-03	
245	4.9000000000e-01	4.9000000000e-01	3.8721917769e-03	
246	4.9200000000e-01	4.9200000000e-01	4.0630322203e-03	
247	4.9400000000e-01	4.9400000000e-01	4.2624521927e-03	
248	4.9600000000e-01	4.9600000000e-01	4.4708178314e-03	
249	4.9800000000e-01	4.9800000000e-01	4.6885120700e-03	
250	5.0000000000e-01	5.0000000000e-01	4.9159355666e-03	
251	5.0200000000e-01	5.0200000000e-01	5.1535076888e-03	
252	5.0400000000e-01	5.0400000000e-01	5.4016675579e-03	
253	5.0600000000e-01	5.0600000000e-01	5.6608751568e-03	
254	5.0800000000e-01	5.0800000000e-01	5.9316125044e-03	
255	5.1000000000e-01	5.1000000000e-01	6.2143849017e-03	
256	5.1200000000e-01	5.1200000000e-01	6.5097222521e-03	
257	5.1400000000e-01	5.1400000000e-01	6.8181804619e-03	
258	5.1600000000e-01	5.1600000000e-01	7.1403429253e-03	
259	5.1800000000e-01	5.1800000000e-01	7.4768220976e-03	
260	5.2000000000e-01	5.2000000000e-01	7.8282611645e-03	
261	5.2200000000e-01	5.2200000000e-01	8.1953358106e-03	
262	5.2400000000e-01	5.2400000000e-01	8.5787560943e-03	
263	5.2600000000e-01	5.2600000000e-01	8.9792684353e-03	
264	5.2800000000e-01	5.2800000000e-01	9.3976577211e-03	
265	5.3000000000e-01	5.3000000000e-01	9.8347495397e-03	
266	5.3200000000e-01	5.3200000000e-01	1.0291412546e-02	
267	5.3400000000e-01	5.3400000000e-01	1.0768560968e-02	
268	5.3600000000e-01	5.3600000000e-01	1.1267157266e-02	
269	5.3800000000e-01	5.3800000000e-01	1.1788214948e-02	
270	5.4000000000e-01	5.4000000000e-01	1.2332801551e-02	
271	5.4200000000e-01	5.4200000000e-01	1.2902041800e-02	
272	5.4400000000e-01	5.4400000000e-01	1.3497120959e-02	
273	5.4600000000e-01	5.4600000000e-01	1.4119288372e-02	
274	5.4800000000e-01	5.4800000000e-01	1.4769861217e-02	
275	5.5000000000e-01	5.5000000000e-01	1.5450228479e-02	
276	5.5200000000e-01	5.5200000000e-01	1.6161855156e-02	
277	5.5400000000e-01	5.5400000000e-01	1.6906286707e-02	
278	5.5600000000e-01	5.5600000000e-01	1.7685153759e-02	
279	5.5800000000e-01	5.5800000000e-01	1.8500177088e-02	
280	5.6000000000e-01	5.6000000000e-01	1.9353172874e-02	
281	5.6200000000e-01	5.6200000000e-01	2.0246058267e-02	
282	5.6400000000e-01	5.6400000000e-01	2.1180857258e-02	
283	5.6600000000e-01	5.6600000000e-01	2.2159706880e-02	
284	5.6800000000e-01	5.6800000000e-01	2.3184863751e-02	
285	5.7000000000e-01	5.7000000000e-01	2.4258710975e-02	
286	5.7200000000e-01	5.7200000000e-01	2.5383765419e-02	
287	5.7400000000e-01	5.7400000000e-01	2.6562685368e-02	
288	5.7600000000e-01	5.7600000000e-01	2.7798278595e-02	
289	5.7800000000e-01	5.7800000000e-01	2.9093510840e-02	
290	5.8000000000e-01	5.8000000000e-01	3.0451514723e-02	
291	5.8200000000e-01	5.8200000000e-01	3.1875599099e-02	
292	5.8400000000e-01	5.8400000000e-01	3.3369258872e-02	
293	5.8600000000e-01	5.8600000000e-01	3.4936185273e-02	
294	5.8800000000e-01	5.8800000000e-01	3.6580276618e-02	
295	5.9000000000e-01	5.9000000000e-01	3.8305649545e-02	
296	5.9200000000e-01	5.9200000000e-01	4.0116650744e-02	
297	5.9400000000e-01	5.9400000000e-01	4.2017869172e-02	
298	5.9600000000e-01	5.9600000000e-01	4.4014148767e-02	
299	5.9800000000e-01	5.9800000000e-01	4.6110601634e-02	
300	6.0000000000e-01	6.0000000000e-01	4.8312621719e-02	
301	6.0200000000e-01	6.0200000000e-01	5.0625898932e-02	
302	6.0400000000e-01	6.0400000000e-01	5.3056433722e-02	
303	6.0600000000e-01	6.0600000000e-01	5.5610552054e-02	
304	6.0800000000e-01	6.0800000000e-01	5.8294920779e-02	
305	6.1000000000e-01	6.1000000000e-01	6.1116563327e-02	
306	6.1200000000e-01	6.1200000000e-01	6.4082875697e-02	
307	6.1400000000e-01	6.1400000000e-01	6.7201642667e-02	
308	6.1600000000e-01	6.1600000000e-01	7.0481054153e-02	
309	6.1800000000e-01	6.1800000000e-01	7.3929721636e-02	
310	6.2000000000e-01	6.2000000000e-01	7.7556694561e-02	
311	6.2200000000e-01	6.2200000000e-01	8.1371476584e-02	
312	6.2400000000e-01	6.2400000000e-01	8.5384041558e-02	
313	6.2600000000e-01	6.2600000000e-01	8.9604849092e-02	
314	6.2800000000e-01	6.2800000000e-01	9.4044859549e-02	
315	6.3000000000e-01	6.3000000000e-01	9.8715548282e-02	
316	6.3200000000e-01	6.3200000000e-01	1.0362891893e-01	
317	6.3400000000e-01	6.3400000000e-01	1.0879751556e-01	
318	6.3600000000e-01	6.3600000000e-01	1.1423443340e-01	
319	6.3800000000e-01	6.3800000000e-01	1.1995332795e-01	
320	6.4000000000e-01	6.4000000000e-01	1.2596842222e-01	
321	6.4200000000e-01	6.4200000000e-01	1.3229451172e-01	
322	6.4400000000e-01	6.4400000000e-01	1.3894696707e-01	
323	6.4600000000e-01	6.4600000000e-01	1.4594173375e-01	
324	6.4800000000e-01	6.4800000000e-01	1.5329532884e-01	
325	6.5000000000e-01	6.5000000000e-01	1.6102483435e-01	
326	6.5200000000e-01	6.5200000000e-01	1.6914788683e-01	
327	6.5400000000e-01	6.5400000000e-01	1.7768266305e-01	
328	6.5600000000e-01	6.5600000000e-01	1.8664786128e-01	
329	6.5800000000e-01	6.5800000000e-01	1.9606267817e-01	
330	6.6000000000e-01	6.6000000000e-01	2.0594678067e-01	
331	6.6200000000e-01	6.6200000000e-01	2.1632027312e-01	
332	6.6400000000e-01	6.6400000000e-01	2.2720365908e-01	
333	6.6600000000e-01	6.6600000000e-01	2.3861779796e-01	
334	6.6800000000e-01	6.6800000000e-01	2.5058385630e-01	
335	6.7000000000e-01	6.7000000000e-01	2.6312325387e-01	
336	6.7200000000e-01	6.7200000000e-01	2.7625760448e-01	
337	6.7400000000e-01	6.7400000000e-01	2.9000865192e-01	
338	6.7600000000e-01	6.7600000000e-01	3.0439820112e-01	
339	6.7800000000e-01	6.7800000000e-01	3.1944804497e-01	
340	6.8000000000e-01	6.8000000000e-01	3.3517988729e-01	
341	6.8200000000e-01	6.8200000000e-01	3.5161526238e-01	
342	6.8400000000e-01	6.8400000000e-01	3.6877545194e-01	
343	6.8600000000e-01	6.8600000000e-01	3.8668139995e-01	
344	6.8800000000e-01	6.8800000000e-01	4.0535362631e-01	
345	6.9000000000e-01	6.9000000000e-01	4.2481214020e-01	
346	6.9200000000e-01	6.9200000000e-01	4.4507635389e-01	
347	6.9400000000e-01	6.9400000000e-01	4.6616499803e-01	
348	6.9600000000e-01	6.9600000000e-01	4.8809603934e-01	
349	6.9800000000e-01	6.9800000000e-01	5.1088660159e-01	
350	7.0000000000e-01	7.0000000000e-01	5.3455289086e-01	
351	7.0200000000e-01	7.0200000000e-01	5.5911012578e-01	
352	7.0400000000e-01	7.0400000000e-01	5.8457247377e-01	
353	7.0600000000e-01	7.0600000000e-01	6.1095299372e-01	
354	7.0800000000e-01	7.0800000000e-01	6.3826358602e-01	
355	7.1000000000e-01	7.1000000000e-01	6.6651495020e-01	
356	7.1200000000e-01	7.1200000000e-01	6.9571655066e-01	
357	7.1400000000e-01	7.1400000000e-01	7.2587659087e-01	
358	7.1600000000e-01	7.1600000000e-01	7.5700199587e-01	
359	7.1800000000e-01	7.1800000000e-01	7.8909840346e-01	
360	7.2000000000e-01	7.2000000000e-01	8.2217016360e-01	
361	7.2200000000e-01	7.2200000000e-01	8.5622034603e-01	
362	7.2400000000e-01	7.2400000000e-01	8.9125075568e-01	
363	7.2600000000e-01	7.2600000000e-01	9.2726195533e-01	
364	7.2800000000e-01	7.2800000000e-01	9.6425329521e-01	
365	7.3000000000e-01	7.3000000000e-01	1.0022229487e+00	
366	7.3200000000e-01	7.3200000000e-01	1.0411679538e+00	
367	7.3400000000e-01	7.3400000000e-01	1.0810842592e+00	
368	7.3600000000e-01	7.3600000000e-01	1.1219667747e+00	
369	7.3800000000e-01	7.3800000000e-01	1.1638094253e+00	
370	7.4000000000e-01	7.4000000000e-01	1.2066052078e+00	
371	7.4200000000e-01	7.4200000000e-01	1.2503462497e+00	
372	7.4400000000e-01	7.4400000000e-01	1.2950238688e+00	
373	7.4600000000e-01	7.4600000000e-01	1.3406286354e+00	
374	7.4800000000e-01	7.4800000000e-01	1.3871504323e+00	
375	7.5000000000e-01	7.5000000000e-01	1.4345785166e+00	
376	7.5200000000e-01	7.5200000000e-01	1.4829015799e+00	
377	7.5400000000e-01	7.5400000000e-01	1.5321078067e+00	
378	7.5600000000e-01	7.5600000000e-01	1.5821849326e+00	
379	7.5800000000e-01	7.5800000000e-01	1.6331202996e+00	
380	7.6000000000e-01	7.6000000000e-01	1.6849009094e+00	
381	7.6200000000e-01	7.6200000000e-01	1.7375134751e+00	
382	7.6400000000e-01	7.6400000000e-01	1.7909444694e+00	
383	7.6600000000e-01	7.6600000000e-01	1.8451801708e+00	
384	7.6800000000e-01	7.6800000000e-01	1.9002067070e+00	
385	7.7000000000e-01	7.7000000000e-01	1.9560100956e+00	
386	7.7200000000e-01	7.7200000000e-01	2.0125762820e+00	
387	7.7400000000e-01	7.7400000000e-01	2.0698911744e+00	
388	7.7600000000e-01	7.7600000000e-01	2.1279406764e+00	
389	7.7800000000e-01	7.7800000000e-01	2.1867107171e+00	
390	7.8000000000e-01	7.8000000000e-01	2.2461872779e+00	
391	7.8200000000e-01	7.8200000000e-01	2.3063564177e+00	
392	7.8400000000e-01	7.8400000000e-01	2.3672042955e+00	
393	7.8600000000e-01	7.8600000000e-01	2.4287171904e+00	
394	7.8800000000e-01	7.8800000000e-01	2.4908815198e+00	
395	7.9000000000e-01	7.9000000000e-01	2.5536838558e+00	
396	7.9200000000e-01	7.9200000000e-01	2.6171109389e+00	
397	7.9400000000e-01	7.9400000000e-01	2.6811496909e+00	
398	7.9600000000e-01	7.9600000000e-01	2.7457872255e+00	
399	7.9800000000e-01	7.9800000000e-01	2.8110108576e+00	
400	8.0000000000e-01	8.0000000000e-01	2.8768081113e+00	
401	8.0200000000e-01	8.0200000000e-01	2.9431667260e+00	
402	8.0400000000e-01	8.0400000000e-01	3.0100746622e+00	
403	8.0600000000e-01	8.0600000000e-01	3.0775201056e+00	
404	8.0800000000e-01	8.0800000000e-01	3.1454914701e+00	
405	8.1000000000e-01	8.1000000000e-01	3.2139774004e+00	
406	8.1200000000e-01	8.1200000000e-01	3.2829667730e+00	
407	8.1400000000e-01	8.1400000000e-01	3.3524486975e+00	
408	8.1600000000e-01	8.1600000000e-01	3.4224125164e+00	
409	8.1800000000e-01	8.1800000000e-01	3.4928478041e+00	
410	8.2000000000e-01	8.2000000000e-01	3.5637443665e+00	
411	8.2200000000e-01	8.2200000000e-01	3.6350922389e+00	
412	8.2400000000e-01	8.2400000000e-01	3.7068816842e+00	
413	8.2600000000e-01	8.2600000000e-01	3.7791031904e+00	
414	8.2800000000e-01	8.2800000000e-01	3.8517474680e+00	
415	8.3000000000e-01	8.3000000000e-01	3.9248054469e+00	
416	8.3200000000e-01	8.3200000000e-01	3.9982682731e+00	
417	8.3400000000e-01	8.3400000000e-01	4.0721273053e+00	
418	8.3600000000e-01	8.3600000000e-01	4.1463741115e+00	
419	8.3800000000e-01	8.3800000000e-01	4.2210004649e+00	
420	8.4000000000e-01	8.4000000000e-01	4.2959983400e+00	
421	8.4200000000e-01	8.4200000000e-01	4.3713599090e+00	
422	8.4400000000e-01	8.4400000000e-01	4.4470775373e+00	
423	8.4600000000e-01	8.4600000000e-01	4.5231437798e+00	
424	8.4800000000e-01	8.4800000000e-01	4.5995513763e+00	
425	8.5000000000e-01	8.5000000000e-01	4.6762932478e+00	
426	8.5200000000e-01	8.5200000000e-01	4.7533624920e+00	
427	8.5400000000e-01	8.5400000000e-01	4.8307523796e+00	
428	8.5600000000e-01	8.5600000000e-01	4.9084563495e+00	
429	8.5800000000e-01	8.5800000000e-01	4.9864680052e+00	
430	8.6000000000e-01	8.6000000000e-01	5.0647811106e+00	
431	8.6200000000e-01	8.6200000000e-01	5.1433895862e+00	
432	8.6400000000e-01	8.6400000000e-01	5.2222875045e+00	
433	8.6600000000e-01	8.6600000000e-01	5.3014690868e+00	
434	8.6800000000e-01	8.6800000000e-01	5.3809286992e+00	
435	8.7000000000e-01	8.7000000000e-01	5.4606608483e+00	
436	8.7200000000e-01	8.7200000000e-01	5.5406601781e+00	
437	8.7400000000e-01	8.7400000000e-01	5.6209214662e+00	
438	8.7600000000e-01	8.7600000000e-01	5.7014396200e+00	
439	8.7800000000e-01	8.7800000000e-01	5.7822096736e+00	
440	8.8000000000e-01	8.8000000000e-01	5.8632267840e+00	
441	8.8200000000e-01	8.8200000000e-01	5.9444862279e+00	
442	8.8400000000e-01	8.8400000000e-01	6.0259833987e+00	
443	8.8600000000e-01	8.8600000000e-01	6.1077138028e+00	
444	8.8800000000e-01	8.8800000000e-01	6.1896730570e+00	
445	8.9000000000e-01	8.9000000000e-01	6.2718568851e+00	
446	8.9200000000e-01	8.9200000000e-01	6.3542611154e+00	
447	8.9400000000e-01	8.9400000000e-01	6.4368816773e+00	
448	8.9600000000e-01	8.9600000000e-01	6.5197145988e+00	
449	8.9800000000e-01	8.9800000000e-01	6.6027560038e+00	
450	9.0000000000e-01	9.0000000000e-01	6.6860021093e+00	
451	9.0200000000e-01	9.0200000000e-01	6.7694492230e+00	
452	9.0400000000e-01	9.0400000000e-01	6.8530937406e+00	
453	9.0600000000e-01	9.0600000000e-01	6.9369321436e+00	
454	9.0800000000e-01	9.0800000000e-01	7.0209609968e+00	
455	9.1000000000e-01	9.1000000000e-01	7.1051769458e+00	
456	9.1200000000e-01	9.1200000000e-01	7.1895767152e+00	
457	9.1400000000e-01	9.1400000000e-01	7.2741571063e+00	
458	9.1600000000e-01	9.1600000000e-01	7.3589149945e+00	
459	9.1800000000e-01	9.1800000000e-01	7.4438473281e+00	
460	9.2000000000e-01	9.2000000000e-01	7.5289511255e+00	
461	9.2200000000e-01	9.2200000000e-01	7.6142234740e+00	
462	9.2400000000e-01	9.2400000000e-01	7.6996615274e+00	
463	9.2600000000e-01	9.2600000000e-01	7.7852625042e+00	
464	9.2800000000e-01	9.2800000000e-01	7.8710236862e+00	
465	9.3000000000e-01	9.3000000000e-01	7.9569424166e+00	
466	9.3200000000e-01	9.3200000000e-01	8.0430160981e+00	
467	9.3400000000e-01	9.3400000000e-01	8.1292421918e+00	
468	9.3600000000e-01	9.3600000000e-01	8.2156182152e+00	
469	9.3800000000e-01	9.3800000000e-01	8.3021417407e+00	
470	9.4000000000e-01	9.4000000000e-01	8.3888103946e+00	
471	9.4200000000e-01	9.4200000000e-01	8.4756218549e+00	
472	9.4400000000e-01	9.4400000000e-01	8.5625738506e+00	
473	9.4600000000e-01	9.4600000000e-01	8.6496641602e+00	
474	9.4800000000e-01	9.4800000000e-01	8.7368906100e+00	
475	9.5000000000e-01	9.5000000000e-01	8.8242510732e+00	
476	9.5200000000e-01	9.5200000000e-01	8.9117434689e+00	
477	9.5400000000e-01	9.5400000000e-01	8.9993657602e+00	
478	9.5600000000e-01	9.5600000000e-01	9.0871159536e+00	
479	9.5800000000e-01	9.5800000000e-01	9.1749920978e+00	
480	9.6000000000e-01	9.6000000000e-01	9.2629922823e+00	
481	9.6200000000e-01	9.6200000000e-01	9.3511146370e+00	
482	9.6400000000e-01	9.6400000000e-01	9.4393573302e+00	
483	9.6600000000e-01	9.6600000000e-01	9.5277185685e+00	
484	9.6800000000e-01	9.6800000000e-01	9.6161965954e+00	
485	9.7000000000e-01	9.7000000000e-01	9.7047896905e+00	
486	9.7200000000e-01	9.7200000000e-01	9.7934961683e+00	
487	9.7400000000e-01	9.7400000000e-01	9.8823143778e+00	
488	9.7600000000e-01	9.7600000000e-01	9.9712427013e+00	
489	9.7800000000e-01	9.7800000000e-01	1.0060279554e+01	
490	9.8000000000e-01	9.8000000000e-01	1.0149423381e+01	
491	9.8200000000e-01	9.8200000000e-01	1.0238672661e+01	
492	9.8400000000e-01	9.8400000000e-01	1.0328025902e+01	
493	9.8600000000e-01	9.8600000000e-01	1.0417481641e+01	
494	9.8800000000e-01	9.8800000000e-01	1.0507038443e+01	
495	9.9000000000e-01	9.9000000000e-01	1.0596694902e+01	
496	9.9200000000e-01	9.9200000000e-01	1.0686449639e+01	
497	9.9400000000e-01	9.9400000000e-01	1.0776301303e+01	
498	9.9600000000e-01	9.9600000000e-01	1.0866248567e+01	
499	9.9800000000e-01	9.9800000000e-01	1.0956290130e+01	
500	1.0000000000e+00	1.0000000000e+00	1.1046424717e+01	
ngspice-46 done
Warning: diode_pd2nw_06v0: IKR too small - model effect disabled!
