* ====================================================================
* record-id : 20260821-134653-804155b
* testbench : tb_low_side_power_switch.spice (sim/low-side-power-switch, reused verbatim)
* corner    : sf_125c_nosupply
* supply    : n/a (no supply rail in this device-level testbench)
* mismatch  : none -- plain deck (sw_stat_mismatch=0 by the gf180mcu design.ngspice default). This is negative-control leg 1: the zero-sigma control logged alongside it must match this run exactly.
* pdk       : gf180mcuD (/home/ubuntu/.volare/gf180mcuD)
* ngspice   : ngspice-46 : Circuit level simulation program
* run (UTC) : 2026-08-21T13:46:53Z
* ====================================================================

Note: No compatibility mode selected!


Circuit: *include "corner.spice

Doing analysis at TEMP = 125.000000 and TNOM = 27.000000

Using SPARSE 1.3 as Direct Linear Solver

No. of Data Rows : 101
                                                                                                                                                                                                                                                     *include "corner.spice
                                                                                                                                                                                                                                                     DC transfer characteristic  Fri Aug 21 13:47:38  2026
--------------------------------------------------------------------------------------------------------------------------------------------------------------------------------------------------------------------------------------------------------------------------------------------------------------------------------------------------------------------------------------------------------------------------------------------------------------------------------------------------------------------------------
Index   v-sweep         v(vfracds)      ioc_n06_glo     ioc_n06_gmid    ioc_n06_ghi     
--------------------------------------------------------------------------------------------------------------------------------------------------------------------------------------------------------------------------------------------------------------------------------------------------------------------------------------------------------------------------------------------------------------------------------------------------------------------------------------------------------------------------------
0	0.0000000000e+00	0.0000000000e+00	-0.0000000000e+00	-0.0000000000e+00	-0.0000000000e+00	
1	1.0000000000e-02	1.0000000000e-02	1.5242685599e-04	1.7143734894e-04	1.9126995760e-04	
2	2.0000000000e-02	2.0000000000e-02	2.9630776801e-04	3.3443139059e-04	3.7441015933e-04	
3	3.0000000000e-02	3.0000000000e-02	4.3194207827e-04	4.8926339274e-04	5.4967162335e-04	
4	4.0000000000e-02	4.0000000000e-02	5.5961530726e-04	6.3620225038e-04	7.1729512276e-04	
5	5.0000000000e-02	5.0000000000e-02	6.7959991299e-04	7.7550512768e-04	8.7751167902e-04	
6	6.0000000000e-02	6.0000000000e-02	7.9215600189e-04	9.0741805599e-04	1.0305430207e-03	
7	7.0000000000e-02	7.0000000000e-02	8.9753200523e-04	1.0321764996e-03	1.1766020158e-03	
8	8.0000000000e-02	8.0000000000e-02	9.9596532779e-04	1.1500058969e-03	1.3158930844e-03	
9	9.0000000000e-02	9.0000000000e-02	1.0876829679e-03	1.2611221808e-03	1.4486125961e-03	
10	1.0000000000e-01	1.0000000000e-01	1.1729021005e-03	1.3657322745e-03	1.5749492533e-03	
11	1.1000000000e-01	1.1000000000e-01	1.2518306085e-03	1.4640345602e-03	1.6950844609e-03	
12	1.2000000000e-01	1.2000000000e-01	1.3246675355e-03	1.5562193061e-03	1.8091926792e-03	
13	1.3000000000e-01	1.3000000000e-01	1.3916034132e-03	1.6424690397e-03	1.9174417570e-03	
14	1.4000000000e-01	1.4000000000e-01	1.4528203776e-03	1.7229588385e-03	2.0199932374e-03	
15	1.5000000000e-01	1.5000000000e-01	1.5084919000e-03	1.7978564951e-03	2.1170026292e-03	
16	1.6000000000e-01	1.6000000000e-01	1.5587818206e-03	1.8673224750e-03	2.2086196304e-03	
17	1.7000000000e-01	1.7000000000e-01	1.6038422069e-03	1.9315095164e-03	2.2949882845e-03	
18	1.8000000000e-01	1.8000000000e-01	1.6438099615e-03	1.9905615826e-03	2.3762470363e-03	
19	1.9000000000e-01	1.9000000000e-01	1.6788058215e-03	2.0446116300e-03	2.4525286310e-03	
20	2.0000000000e-01	2.0000000000e-01	1.7089537962e-03	2.0937772902e-03	2.5239597552e-03	
21	2.1000000000e-01	2.1000000000e-01	1.7344599459e-03	2.1381534677e-03	2.5906602368e-03	
22	2.2000000000e-01	2.2000000000e-01	1.7557412484e-03	2.1778031170e-03	2.6527414690e-03	
23	2.3000000000e-01	2.3000000000e-01	1.7734523896e-03	2.2127585530e-03	2.7103034585e-03	
24	2.4000000000e-01	2.4000000000e-01	1.7883307646e-03	2.2430697644e-03	2.7634295072e-03	
25	2.5000000000e-01	2.5000000000e-01	1.8010279710e-03	2.2689288847e-03	2.8121772478e-03	
26	2.6000000000e-01	2.6000000000e-01	1.8120490582e-03	2.2907814697e-03	2.8565659331e-03	
27	2.7000000000e-01	2.7000000000e-01	1.8217656502e-03	2.3092721408e-03	2.8965668417e-03	
28	2.8000000000e-01	2.8000000000e-01	1.8304485891e-03	2.3250737481e-03	2.9321223057e-03	
29	2.9000000000e-01	2.9000000000e-01	1.8382971526e-03	2.3387646189e-03	2.9632325583e-03	
30	3.0000000000e-01	3.0000000000e-01	1.8454604413e-03	2.3507962888e-03	2.9900914329e-03	
31	3.1000000000e-01	3.1000000000e-01	1.8520521104e-03	2.3615085687e-03	3.0131419183e-03	
32	3.2000000000e-01	3.2000000000e-01	1.8581603891e-03	2.3711556367e-03	3.0329785681e-03	
33	3.3000000000e-01	3.3000000000e-01	1.8638549386e-03	2.3799291593e-03	3.0502004896e-03	
34	3.4000000000e-01	3.4000000000e-01	1.8691916132e-03	2.3879756777e-03	3.0653236349e-03	
35	3.5000000000e-01	3.5000000000e-01	1.8742158222e-03	2.3954089901e-03	3.0787594798e-03	
36	3.6000000000e-01	3.6000000000e-01	1.8789649461e-03	2.4023188474e-03	3.0908262381e-03	
37	3.7000000000e-01	3.7000000000e-01	1.8834701021e-03	2.4087770775e-03	3.1017683943e-03	
38	3.8000000000e-01	3.8000000000e-01	1.8877574562e-03	2.4148419454e-03	3.1117747811e-03	
39	3.9000000000e-01	3.9000000000e-01	1.8918492117e-03	2.4205612986e-03	3.1209927951e-03	
40	4.0000000000e-01	4.0000000000e-01	1.8957643652e-03	2.4259748712e-03	3.1295389407e-03	
41	4.1000000000e-01	4.1000000000e-01	1.8995192917e-03	2.4311159945e-03	3.1375064983e-03	
42	4.2000000000e-01	4.2000000000e-01	1.9031282032e-03	2.4360128871e-03	3.1449710892e-03	
43	4.3000000000e-01	4.3000000000e-01	1.9066035119e-03	2.4406896389e-03	3.1519947405e-03	
44	4.4000000000e-01	4.4000000000e-01	1.9099561202e-03	2.4451669719e-03	3.1586288820e-03	
45	4.5000000000e-01	4.5000000000e-01	1.9131956563e-03	2.4494628354e-03	3.1649165832e-03	
46	4.6000000000e-01	4.6000000000e-01	1.9163306656e-03	2.4535928762e-03	3.1708942417e-03	
47	4.7000000000e-01	4.7000000000e-01	1.9193687688e-03	2.4575708143e-03	3.1765928743e-03	
48	4.8000000000e-01	4.8000000000e-01	1.9223167949e-03	2.4614087452e-03	3.1820391147e-03	
49	4.9000000000e-01	4.9000000000e-01	1.9251808931e-03	2.4651173873e-03	3.1872559933e-03	
50	5.0000000000e-01	5.0000000000e-01	1.9279666311e-03	2.4687062843e-03	3.1922635531e-03	
51	5.1000000000e-01	5.1000000000e-01	1.9306790811e-03	2.4721839748e-03	3.1970793408e-03	
52	5.2000000000e-01	5.2000000000e-01	1.9333228996e-03	2.4755581355e-03	3.2017188024e-03	
53	5.3000000000e-01	5.3000000000e-01	1.9359024020e-03	2.4788357044e-03	3.2061956046e-03	
54	5.4000000000e-01	5.4000000000e-01	1.9384216358e-03	2.4820229903e-03	3.2105218986e-03	
55	5.5000000000e-01	5.5000000000e-01	1.9408844535e-03	2.4851257713e-03	3.2147085397e-03	
56	5.6000000000e-01	5.6000000000e-01	1.9432945881e-03	2.4881493884e-03	3.2187652716e-03	
57	5.7000000000e-01	5.7000000000e-01	1.9456557320e-03	2.4910988349e-03	3.2227008851e-03	
58	5.8000000000e-01	5.8000000000e-01	1.9479716198e-03	2.4939788471e-03	3.2265233567e-03	
59	5.9000000000e-01	5.9000000000e-01	1.9502461175e-03	2.4967939960e-03	3.2302399739e-03	
60	6.0000000000e-01	6.0000000000e-01	1.9524833158e-03	2.4995487845e-03	3.2338574512e-03	
61	6.1000000000e-01	6.1000000000e-01	1.9546876310e-03	2.5022477493e-03	3.2373820425e-03	
62	6.2000000000e-01	6.2000000000e-01	1.9568639092e-03	2.5048955702e-03	3.2408196519e-03	
63	6.3000000000e-01	6.3000000000e-01	1.9590175375e-03	2.5074971858e-03	3.2441759477e-03	
64	6.4000000000e-01	6.4000000000e-01	1.9611545578e-03	2.5100579180e-03	3.2474564807e-03	
65	6.5000000000e-01	6.5000000000e-01	1.9632817854e-03	2.5125836024e-03	3.2506668102e-03	
66	6.6000000000e-01	6.6000000000e-01	1.9654069285e-03	2.5150807264e-03	3.2538126383e-03	
67	6.7000000000e-01	6.7000000000e-01	1.9675387105e-03	2.5175565728e-03	3.2568999536e-03	
68	6.8000000000e-01	6.8000000000e-01	1.9696869904e-03	2.5200193684e-03	3.2599351851e-03	
69	6.9000000000e-01	6.9000000000e-01	1.9718628841e-03	2.5224784357e-03	3.2629253657e-03	
70	7.0000000000e-01	7.0000000000e-01	1.9740788815e-03	2.5249443475e-03	3.2658783050e-03	
71	7.1000000000e-01	7.1000000000e-01	1.9763489609e-03	2.5274290811e-03	3.2688027710e-03	
72	7.2000000000e-01	7.2000000000e-01	1.9786886989e-03	2.5299461726e-03	3.2717086775e-03	
73	7.3000000000e-01	7.3000000000e-01	1.9811153735e-03	2.5325108675e-03	3.2746072788e-03	
74	7.4000000000e-01	7.4000000000e-01	1.9836480624e-03	2.5351402682e-03	3.2775113663e-03	
75	7.5000000000e-01	7.5000000000e-01	1.9863077320e-03	2.5378534757e-03	3.2804354681e-03	
76	7.6000000000e-01	7.6000000000e-01	1.9891173193e-03	2.5406717241e-03	3.2833960478e-03	
77	7.7000000000e-01	7.7000000000e-01	1.9921018054e-03	2.5436185075e-03	3.2864117005e-03	
78	7.8000000000e-01	7.8000000000e-01	1.9952882791e-03	2.5467196971e-03	3.2895033454e-03	
79	7.9000000000e-01	7.9000000000e-01	1.9987059915e-03	2.5500036496e-03	3.2926944116e-03	
80	8.0000000000e-01	8.0000000000e-01	2.0023864011e-03	2.5535013026e-03	3.2960110155e-03	
81	8.1000000000e-01	8.1000000000e-01	2.0063632092e-03	2.5572462607e-03	3.2994821291e-03	
82	8.2000000000e-01	8.2000000000e-01	2.0106723848e-03	2.5612748681e-03	3.3031397365e-03	
83	8.3000000000e-01	8.3000000000e-01	2.0153521813e-03	2.5656262697e-03	3.3070189783e-03	
84	8.4000000000e-01	8.4000000000e-01	2.0204431427e-03	2.5703424596e-03	3.3111582819e-03	
85	8.5000000000e-01	8.5000000000e-01	2.0259881008e-03	2.5754683172e-03	3.3155994774e-03	
86	8.6000000000e-01	8.6000000000e-01	2.0320321637e-03	2.5810516309e-03	3.3203878988e-03	
87	8.7000000000e-01	8.7000000000e-01	2.0386226964e-03	2.5871431094e-03	3.3255724684e-03	
88	8.8000000000e-01	8.8000000000e-01	2.0458092921e-03	2.5937963820e-03	3.3312057666e-03	
89	8.9000000000e-01	8.9000000000e-01	2.0536437369e-03	2.6010679861e-03	3.3373440842e-03	
90	9.0000000000e-01	9.0000000000e-01	2.0621799672e-03	2.6090173451e-03	3.3440474592e-03	
91	9.1000000000e-01	9.1000000000e-01	2.0714740203e-03	2.6177067346e-03	3.3513796984e-03	
92	9.2000000000e-01	9.2000000000e-01	2.0815839791e-03	2.6272012396e-03	3.3594083822e-03	
93	9.3000000000e-01	9.3000000000e-01	2.0925699113e-03	2.6375687022e-03	3.3682048552e-03	
94	9.4000000000e-01	9.4000000000e-01	2.1044938033e-03	2.6488796600e-03	3.3778442021e-03	
95	9.5000000000e-01	9.5000000000e-01	2.1174194901e-03	2.6612072778e-03	3.3884052094e-03	
96	9.6000000000e-01	9.6000000000e-01	2.1314125807e-03	2.6746272704e-03	3.3999703145e-03	
97	9.7000000000e-01	9.7000000000e-01	2.1465403804e-03	2.6892178205e-03	3.4126255422e-03	
98	9.8000000000e-01	9.8000000000e-01	2.1628718101e-03	2.7050594892e-03	3.4264604293e-03	
99	9.9000000000e-01	9.9000000000e-01	2.1804773230e-03	2.7222351221e-03	3.4415679388e-03	
100	1.0000000000e+00	1.0000000000e+00	2.1994288193e-03	2.7408297505e-03	3.4580443649e-03	
                                                                                                                                                                                                                                                     *include "corner.spice
                                                                                                                                                                                                                                                     DC transfer characteristic  Fri Aug 21 13:47:38  2026
--------------------------------------------------------------------------------------------------------------------------------------------------------------------------------------------------------------------------------------------------------------------------------------------------------------------------------------------------------------------------------------------------------------------------------------------------------------------------------------------------------------------------------
Index   v-sweep         v(vfracds)      ioc_p06_glo     ioc_p06_gmid    ioc_p06_ghi     
--------------------------------------------------------------------------------------------------------------------------------------------------------------------------------------------------------------------------------------------------------------------------------------------------------------------------------------------------------------------------------------------------------------------------------------------------------------------------------------------------------------------------------
0	0.0000000000e+00	0.0000000000e+00	-0.0000000000e+00	-0.0000000000e+00	-0.0000000000e+00	
1	1.0000000000e-02	1.0000000000e-02	-6.091401569e-05	-6.933046221e-05	-7.948009138e-05	
2	2.0000000000e-02	2.0000000000e-02	-1.198590490e-04	-1.367421264e-04	-1.571007191e-04	
3	3.0000000000e-02	3.0000000000e-02	-1.768521728e-04	-2.022509154e-04	-2.328765546e-04	
4	4.0000000000e-02	4.0000000000e-02	-2.319102690e-04	-2.658725795e-04	-3.068221171e-04	
5	5.0000000000e-02	5.0000000000e-02	-2.850500316e-04	-3.276226995e-04	-3.789517759e-04	
6	6.0000000000e-02	6.0000000000e-02	-3.362879710e-04	-3.875166890e-04	-4.492797523e-04	
7	7.0000000000e-02	7.0000000000e-02	-3.856404181e-04	-4.455697975e-04	-5.178201220e-04	
8	8.0000000000e-02	8.0000000000e-02	-4.331235282e-04	-5.017971134e-04	-5.845868171e-04	
9	9.0000000000e-02	9.0000000000e-02	-4.787532863e-04	-5.562135667e-04	-6.495936279e-04	
10	1.0000000000e-01	1.0000000000e-01	-5.225455123e-04	-6.088339325e-04	-7.128542055e-04	
11	1.1000000000e-01	1.1000000000e-01	-5.645158674e-04	-6.596728343e-04	-7.743820637e-04	
12	1.2000000000e-01	1.2000000000e-01	-6.046798614e-04	-7.087447478e-04	-8.341905814e-04	
13	1.3000000000e-01	1.3000000000e-01	-6.430528618e-04	-7.560640048e-04	-8.922930049e-04	
14	1.4000000000e-01	1.4000000000e-01	-6.796501049e-04	-8.016447978e-04	-9.487024504e-04	
15	1.5000000000e-01	1.5000000000e-01	-7.144867100e-04	-8.455011855e-04	-1.003431906e-03	
16	1.6000000000e-01	1.6000000000e-01	-7.475776984e-04	-8.876470985e-04	-1.056494237e-03	
17	1.7000000000e-01	1.7000000000e-01	-7.789380182e-04	-9.280963468e-04	-1.107902184e-03	
18	1.8000000000e-01	1.8000000000e-01	-8.085825800e-04	-9.668626285e-04	-1.157668371e-03	
19	1.9000000000e-01	1.9000000000e-01	-8.365263062e-04	-1.003959541e-03	-1.205805307e-03	
20	2.0000000000e-01	2.0000000000e-01	-8.627842047e-04	-1.039400593e-03	-1.252325390e-03	
21	2.1000000000e-01	2.1000000000e-01	-8.873714792e-04	-1.073199228e-03	-1.297240911e-03	
22	2.2000000000e-01	2.2000000000e-01	-9.103037003e-04	-1.105368841e-03	-1.340564061e-03	
23	2.3000000000e-01	2.3000000000e-01	-9.315970793e-04	-1.135922817e-03	-1.382306936e-03	
24	2.4000000000e-01	2.4000000000e-01	-9.512689187e-04	-1.164874578e-03	-1.422481543e-03	
25	2.5000000000e-01	2.5000000000e-01	-9.693383755e-04	-1.192237645e-03	-1.461099814e-03	
26	2.6000000000e-01	2.6000000000e-01	-9.858277888e-04	-1.218025742e-03	-1.498173611e-03	
27	2.7000000000e-01	2.7000000000e-01	-1.000765030e-03	-1.242252938e-03	-1.533714748e-03	
28	2.8000000000e-01	2.8000000000e-01	-1.014187650e-03	-1.264933882e-03	-1.567735002e-03	
29	2.9000000000e-01	2.9000000000e-01	-1.026149897e-03	-1.286084161e-03	-1.600246146e-03	
30	3.0000000000e-01	3.0000000000e-01	-1.036733112e-03	-1.305720895e-03	-1.631259975e-03	
31	3.1000000000e-01	3.1000000000e-01	-1.046056688e-03	-1.323863707e-03	-1.660788362e-03	
32	3.2000000000e-01	3.2000000000e-01	-1.054280039e-03	-1.340536376e-03	-1.688843317e-03	
33	3.3000000000e-01	3.3000000000e-01	-1.061585324e-03	-1.355769586e-03	-1.715437086e-03	
34	3.4000000000e-01	3.4000000000e-01	-1.068147369e-03	-1.369605382e-03	-1.740582289e-03	
35	3.5000000000e-01	3.5000000000e-01	-1.074111838e-03	-1.382103666e-03	-1.764292128e-03	
36	3.6000000000e-01	3.6000000000e-01	-1.079590864e-03	-1.393349620e-03	-1.786580705e-03	
37	3.7000000000e-01	3.7000000000e-01	-1.084668803e-03	-1.403457734e-03	-1.807463519e-03	
38	3.8000000000e-01	3.8000000000e-01	-1.089409678e-03	-1.412566152e-03	-1.826958236e-03	
39	3.9000000000e-01	3.9000000000e-01	-1.093863068e-03	-1.420820635e-03	-1.845085931e-03	
40	4.0000000000e-01	4.0000000000e-01	-1.098068188e-03	-1.428357022e-03	-1.861873010e-03	
41	4.1000000000e-01	4.1000000000e-01	-1.102056647e-03	-1.435291341e-03	-1.877354119e-03	
42	4.2000000000e-01	4.2000000000e-01	-1.105854331e-03	-1.441718265e-03	-1.891576110e-03	
43	4.3000000000e-01	4.3000000000e-01	-1.109482732e-03	-1.447713832e-03	-1.904602424e-03	
44	4.4000000000e-01	4.4000000000e-01	-1.112959898e-03	-1.453339140e-03	-1.916515908e-03	
45	4.5000000000e-01	4.5000000000e-01	-1.116301143e-03	-1.458643655e-03	-1.927417217e-03	
46	4.6000000000e-01	4.6000000000e-01	-1.119519569e-03	-1.463667825e-03	-1.937417729e-03	
47	4.7000000000e-01	4.7000000000e-01	-1.122626482e-03	-1.468445069e-03	-1.946629644e-03	
48	4.8000000000e-01	4.8000000000e-01	-1.125631702e-03	-1.473003273e-03	-1.955157609e-03	
49	4.9000000000e-01	4.9000000000e-01	-1.128543814e-03	-1.477365925e-03	-1.963094142e-03	
50	5.0000000000e-01	5.0000000000e-01	-1.131370366e-03	-1.481552982e-03	-1.970518466e-03	
51	5.1000000000e-01	5.1000000000e-01	-1.134118032e-03	-1.485581530e-03	-1.977497336e-03	
52	5.2000000000e-01	5.2000000000e-01	-1.136792740e-03	-1.489466308e-03	-1.984086667e-03	
53	5.3000000000e-01	5.3000000000e-01	-1.139399780e-03	-1.493220113e-03	-1.990333299e-03	
54	5.4000000000e-01	5.4000000000e-01	-1.141943890e-03	-1.496854123e-03	-1.996276608e-03	
55	5.5000000000e-01	5.5000000000e-01	-1.144429334e-03	-1.500378160e-03	-2.001949869e-03	
56	5.6000000000e-01	5.6000000000e-01	-1.146859960e-03	-1.503800897e-03	-2.007381370e-03	
57	5.7000000000e-01	5.7000000000e-01	-1.149239253e-03	-1.507130030e-03	-2.012595312e-03	
58	5.8000000000e-01	5.8000000000e-01	-1.151570381e-03	-1.510372421e-03	-2.017612529e-03	
59	5.9000000000e-01	5.9000000000e-01	-1.153856229e-03	-1.513534208e-03	-2.022451065e-03	
60	6.0000000000e-01	6.0000000000e-01	-1.156099434e-03	-1.516620910e-03	-2.027126639e-03	
61	6.1000000000e-01	6.1000000000e-01	-1.158302414e-03	-1.519637503e-03	-2.031653021e-03	
62	6.2000000000e-01	6.2000000000e-01	-1.160467387e-03	-1.522588487e-03	-2.036042332e-03	
63	6.3000000000e-01	6.3000000000e-01	-1.162596396e-03	-1.525477950e-03	-2.040305296e-03	
64	6.4000000000e-01	6.4000000000e-01	-1.164691329e-03	-1.528309613e-03	-2.044451444e-03	
65	6.5000000000e-01	6.5000000000e-01	-1.166753928e-03	-1.531086872e-03	-2.048489281e-03	
66	6.6000000000e-01	6.6000000000e-01	-1.168785811e-03	-1.533812837e-03	-2.052426428e-03	
67	6.7000000000e-01	6.7000000000e-01	-1.170788483e-03	-1.536490362e-03	-2.056269738e-03	
68	6.8000000000e-01	6.8000000000e-01	-1.172763344e-03	-1.539122072e-03	-2.060025397e-03	
69	6.9000000000e-01	6.9000000000e-01	-1.174711705e-03	-1.541710388e-03	-2.063699005e-03	
70	7.0000000000e-01	7.0000000000e-01	-1.176634798e-03	-1.544257548e-03	-2.067295650e-03	
71	7.1000000000e-01	7.1000000000e-01	-1.178533785e-03	-1.546765625e-03	-2.070819964e-03	
72	7.2000000000e-01	7.2000000000e-01	-1.180409771e-03	-1.549236544e-03	-2.074276181e-03	
73	7.3000000000e-01	7.3000000000e-01	-1.182263812e-03	-1.551672099e-03	-2.077668176e-03	
74	7.4000000000e-01	7.4000000000e-01	-1.184096934e-03	-1.554073965e-03	-2.080999508e-03	
75	7.5000000000e-01	7.5000000000e-01	-1.185910140e-03	-1.556443715e-03	-2.084273451e-03	
76	7.6000000000e-01	7.6000000000e-01	-1.187704427e-03	-1.558782830e-03	-2.087493028e-03	
77	7.7000000000e-01	7.7000000000e-01	-1.189480804e-03	-1.561092717e-03	-2.090661030e-03	
78	7.8000000000e-01	7.8000000000e-01	-1.191240308e-03	-1.563374720e-03	-2.093780047e-03	
79	7.9000000000e-01	7.9000000000e-01	-1.192984029e-03	-1.565630138e-03	-2.096852483e-03	
80	8.0000000000e-01	8.0000000000e-01	-1.194713128e-03	-1.567860241e-03	-2.099880582e-03	
81	8.1000000000e-01	8.1000000000e-01	-1.196428866e-03	-1.570066287e-03	-2.102866439e-03	
82	8.2000000000e-01	8.2000000000e-01	-1.198132631e-03	-1.572249547e-03	-2.105812024e-03	
83	8.3000000000e-01	8.3000000000e-01	-1.199825971e-03	-1.574411326e-03	-2.108719195e-03	
84	8.4000000000e-01	8.4000000000e-01	-1.201510625e-03	-1.576552987e-03	-2.111589720e-03	
85	8.5000000000e-01	8.5000000000e-01	-1.203188562e-03	-1.578675985e-03	-2.114425296e-03	
86	8.6000000000e-01	8.6000000000e-01	-1.204862019e-03	-1.580781897e-03	-2.117227564e-03	
87	8.7000000000e-01	8.7000000000e-01	-1.206533545e-03	-1.582872457e-03	-2.119998140e-03	
88	8.8000000000e-01	8.8000000000e-01	-1.208206044e-03	-1.584949599e-03	-2.122738635e-03	
89	8.9000000000e-01	8.9000000000e-01	-1.209882821e-03	-1.587015497e-03	-2.125450684e-03	
90	9.0000000000e-01	9.0000000000e-01	-1.211567634e-03	-1.589072615e-03	-2.128135980e-03	
91	9.1000000000e-01	9.1000000000e-01	-1.213264743e-03	-1.591123754e-03	-2.130796307e-03	
92	9.2000000000e-01	9.2000000000e-01	-1.214978965e-03	-1.593172112e-03	-2.133433580e-03	
93	9.3000000000e-01	9.3000000000e-01	-1.216715722e-03	-1.595221335e-03	-2.136049894e-03	
94	9.4000000000e-01	9.4000000000e-01	-1.218481106e-03	-1.597275583e-03	-2.138647566e-03	
95	9.5000000000e-01	9.5000000000e-01	-1.220281925e-03	-1.599339590e-03	-2.141229196e-03	
96	9.6000000000e-01	9.6000000000e-01	-1.222125767e-03	-1.601418733e-03	-2.143797721e-03	
97	9.7000000000e-01	9.7000000000e-01	-1.224021050e-03	-1.603519101e-03	-2.146356481e-03	
98	9.8000000000e-01	9.8000000000e-01	-1.225977085e-03	-1.605647561e-03	-2.148909289e-03	
99	9.9000000000e-01	9.9000000000e-01	-1.228004127e-03	-1.607811834e-03	-2.151460503e-03	
100	1.0000000000e+00	1.0000000000e+00	-1.230113431e-03	-1.610020568e-03	-2.154015103e-03	
Doing analysis at TEMP = 125.000000 and TNOM = 27.000000

Using SPARSE 1.3 as Direct Linear Solver

No. of Data Rows : 501
                                                                                                                                                                                                                                                     *include "corner.spice
                                                                                                                                                                                                                                                     DC transfer characteristic  Fri Aug 21 13:47:38  2026
--------------------------------------------------------------------------------------------------------------------------------------------------------------------------------------------------------------------------------------------------------------------------------------------------------------------------------------------------------------------------------------------------------------------------------------------------------------------------------------------------------------------------------
Index   v-sweep         v(vfracdi)      ifb             
--------------------------------------------------------------------------------------------------------------------------------------------------------------------------------------------------------------------------------------------------------------------------------------------------------------------------------------------------------------------------------------------------------------------------------------------------------------------------------------------------------------------------------
0	0.0000000000e+00	0.0000000000e+00	-4.568997909e-36	
1	2.0000000000e-03	2.0000000000e-03	3.1939520473e-11	
2	4.0000000000e-03	4.0000000000e-03	6.6176147895e-11	
3	6.0000000000e-03	6.0000000000e-03	1.0287609653e-10	
4	8.0000000000e-03	8.0000000000e-03	1.4221701594e-10	
5	1.0000000000e-02	1.0000000000e-02	1.8438917060e-10	
6	1.2000000000e-02	1.2000000000e-02	2.2959645296e-10	
7	1.4000000000e-02	1.4000000000e-02	2.7805735492e-10	
8	1.6000000000e-02	1.6000000000e-02	3.3000635558e-10	
9	1.8000000000e-02	1.8000000000e-02	3.8569392125e-10	
10	2.0000000000e-02	2.0000000000e-02	4.4539016919e-10	
11	2.2000000000e-02	2.2000000000e-02	5.0938275820e-10	
12	2.4000000000e-02	2.4000000000e-02	5.7798121844e-10	
13	2.6000000000e-02	2.6000000000e-02	6.5151684048e-10	
14	2.8000000000e-02	2.8000000000e-02	7.3034556181e-10	
15	3.0000000000e-02	3.0000000000e-02	8.1484796688e-10	
16	3.2000000000e-02	3.2000000000e-02	9.0543217368e-10	
17	3.4000000000e-02	3.4000000000e-02	1.0025362762e-09	
18	3.6000000000e-02	3.6000000000e-02	1.1066287886e-09	
19	3.8000000000e-02	3.8000000000e-02	1.2182137521e-09	
20	4.0000000000e-02	4.0000000000e-02	1.3378285146e-09	
21	4.2000000000e-02	4.2000000000e-02	1.4660526126e-09	
22	4.4000000000e-02	4.4000000000e-02	1.6035048844e-09	
23	4.6000000000e-02	4.6000000000e-02	1.7508492434e-09	
24	4.8000000000e-02	4.8000000000e-02	1.9087971204e-09	
25	5.0000000000e-02	5.0000000000e-02	2.0781119048e-09	
26	5.2000000000e-02	5.2000000000e-02	2.2596111648e-09	
27	5.4000000000e-02	5.4000000000e-02	2.4541715327e-09	
28	5.6000000000e-02	5.6000000000e-02	2.6627322569e-09	
29	5.8000000000e-02	5.8000000000e-02	2.8863014201e-09	
30	6.0000000000e-02	6.0000000000e-02	3.1259563826e-09	
31	6.2000000000e-02	6.2000000000e-02	3.3828566615e-09	
32	6.4000000000e-02	6.4000000000e-02	3.6582408214e-09	
33	6.6000000000e-02	6.6000000000e-02	3.9534397978e-09	
34	6.8000000000e-02	6.8000000000e-02	4.2698768965e-09	
35	7.0000000000e-02	7.0000000000e-02	4.6090820049e-09	
36	7.2000000000e-02	7.2000000000e-02	4.9726889273e-09	
37	7.4000000000e-02	7.4000000000e-02	5.3624553686e-09	
38	7.6000000000e-02	7.6000000000e-02	5.7802611586e-09	
39	7.8000000000e-02	7.8000000000e-02	6.2281211299e-09	
40	8.0000000000e-02	8.0000000000e-02	6.7081975530e-09	
41	8.2000000000e-02	8.2000000000e-02	7.2228063530e-09	
42	8.4000000000e-02	8.4000000000e-02	7.7744282123e-09	
43	8.6000000000e-02	8.6000000000e-02	8.3657250016e-09	
44	8.8000000000e-02	8.8000000000e-02	8.9995504382e-09	
45	9.0000000000e-02	9.0000000000e-02	9.6789571913e-09	
46	9.2000000000e-02	9.2000000000e-02	1.0407223527e-08	
47	9.4000000000e-02	9.4000000000e-02	1.1187858640e-08	
48	9.6000000000e-02	9.6000000000e-02	1.2024626628e-08	
49	9.8000000000e-02	9.8000000000e-02	1.2921562487e-08	
50	1.0000000000e-01	1.0000000000e-01	1.3882984540e-08	
51	1.0200000000e-01	1.0200000000e-01	1.4913528190e-08	
52	1.0400000000e-01	1.0400000000e-01	1.6018156579e-08	
53	1.0600000000e-01	1.0600000000e-01	1.7202191671e-08	
54	1.0800000000e-01	1.0800000000e-01	1.8471336460e-08	
55	1.1000000000e-01	1.1000000000e-01	1.9831702502e-08	
56	1.1200000000e-01	1.1200000000e-01	2.1289837449e-08	
57	1.1400000000e-01	1.1400000000e-01	2.2852763237e-08	
58	1.1600000000e-01	1.1600000000e-01	2.4528000964e-08	
59	1.1800000000e-01	1.1800000000e-01	2.6323611735e-08	
60	1.2000000000e-01	1.2000000000e-01	2.8248234862e-08	
61	1.2200000000e-01	1.2200000000e-01	3.0311128718e-08	
62	1.2400000000e-01	1.2400000000e-01	3.2522212479e-08	
63	1.2600000000e-01	1.2600000000e-01	3.4892115863e-08	
64	1.2800000000e-01	1.2800000000e-01	3.7432237754e-08	
65	1.3000000000e-01	1.3000000000e-01	4.0154779057e-08	
66	1.3200000000e-01	1.3200000000e-01	4.3072824418e-08	
67	1.3400000000e-01	1.3400000000e-01	4.6200389292e-08	
68	1.3600000000e-01	1.3600000000e-01	4.9552496328e-08	
69	1.3800000000e-01	1.3800000000e-01	5.3145233991e-08	
70	1.4000000000e-01	1.4000000000e-01	5.6995854258e-08	
71	1.4200000000e-01	1.4200000000e-01	6.1122827688e-08	
72	1.4400000000e-01	1.4400000000e-01	6.5545956218e-08	
73	1.4600000000e-01	1.4600000000e-01	7.0286449549e-08	
74	1.4800000000e-01	1.4800000000e-01	7.5367033503e-08	
75	1.5000000000e-01	1.5000000000e-01	8.0812058378e-08	
76	1.5200000000e-01	1.5200000000e-01	8.6647609088e-08	
77	1.5400000000e-01	1.5400000000e-01	9.2901634829e-08	
78	1.5600000000e-01	1.5600000000e-01	9.9604076098e-08	
79	1.5800000000e-01	1.5800000000e-01	1.0678700946e-07	
80	1.6000000000e-01	1.6000000000e-01	1.1448479675e-07	
81	1.6200000000e-01	1.6200000000e-01	1.2273424943e-07	
82	1.6400000000e-01	1.6400000000e-01	1.3157479728e-07	
83	1.6600000000e-01	1.6600000000e-01	1.4104868207e-07	
84	1.6800000000e-01	1.6800000000e-01	1.5120114938e-07	
85	1.7000000000e-01	1.7000000000e-01	1.6208066356e-07	
86	1.7200000000e-01	1.7200000000e-01	1.7373913330e-07	
87	1.7400000000e-01	1.7400000000e-01	1.8623215858e-07	
88	1.7600000000e-01	1.7600000000e-01	1.9961929176e-07	
89	1.7800000000e-01	1.7800000000e-01	2.1396429872e-07	
90	1.8000000000e-01	1.8000000000e-01	2.2933549459e-07	
91	1.8200000000e-01	1.8200000000e-01	2.4580601732e-07	
92	1.8400000000e-01	1.8400000000e-01	2.6345421134e-07	
93	1.8600000000e-01	1.8600000000e-01	2.8236395089e-07	
94	1.8800000000e-01	1.8800000000e-01	3.0262506634e-07	
95	1.9000000000e-01	1.9000000000e-01	3.2433373320e-07	
96	1.9200000000e-01	1.9200000000e-01	3.4759293754e-07	
97	1.9400000000e-01	1.9400000000e-01	3.7251294316e-07	
98	1.9600000000e-01	1.9600000000e-01	3.9921179962e-07	
99	1.9800000000e-01	1.9800000000e-01	4.2781588583e-07	
100	2.0000000000e-01	2.0000000000e-01	4.5846050867e-07	
101	2.0200000000e-01	2.0200000000e-01	4.9129049273e-07	
102	2.0400000000e-01	2.0400000000e-01	5.2646088378e-07	
103	2.0600000000e-01	2.0600000000e-01	5.6413762373e-07	
104	2.0800000000e-01	2.0800000000e-01	6.0449832873e-07	
105	2.1000000000e-01	2.1000000000e-01	6.4773309560e-07	
106	2.1200000000e-01	2.1200000000e-01	6.9404536696e-07	
107	2.1400000000e-01	2.1400000000e-01	7.4365285307e-07	
108	2.1600000000e-01	2.1600000000e-01	7.9678851606e-07	
109	2.1800000000e-01	2.1800000000e-01	8.5370163028e-07	
110	2.2000000000e-01	2.2000000000e-01	9.1465890684e-07	
111	2.2200000000e-01	2.2200000000e-01	9.7994568193e-07	
112	2.2400000000e-01	2.2400000000e-01	1.0498672083e-06	
113	2.2600000000e-01	2.2600000000e-01	1.1247500318e-06	
114	2.2800000000e-01	2.2800000000e-01	1.2049434126e-06	
115	2.3000000000e-01	2.3000000000e-01	1.2908209239e-06	
116	2.3200000000e-01	2.3200000000e-01	1.3827820808e-06	
117	2.3400000000e-01	2.3400000000e-01	1.4812541167e-06	
118	2.3600000000e-01	2.3600000000e-01	1.5866938678e-06	
119	2.3800000000e-01	2.3800000000e-01	1.6995897845e-06	
120	2.4000000000e-01	2.4000000000e-01	1.8204640746e-06	
121	2.4200000000e-01	2.4200000000e-01	1.9498749655e-06	
122	2.4400000000e-01	2.4400000000e-01	2.0884191549e-06	
123	2.4600000000e-01	2.4600000000e-01	2.2367343870e-06	
124	2.4800000000e-01	2.4800000000e-01	2.3955022126e-06	
125	2.5000000000e-01	2.5000000000e-01	2.5654509077e-06	
126	2.5200000000e-01	2.5200000000e-01	2.7473586091e-06	
127	2.5400000000e-01	2.5400000000e-01	2.9420566268e-06	
128	2.5600000000e-01	2.5600000000e-01	3.1504329652e-06	
129	2.5800000000e-01	2.5800000000e-01	3.3734360958e-06	
130	2.6000000000e-01	2.6000000000e-01	3.6120789346e-06	
131	2.6200000000e-01	2.6200000000e-01	3.8674430893e-06	
132	2.6400000000e-01	2.6400000000e-01	4.1406833571e-06	
133	2.6600000000e-01	2.6600000000e-01	4.4330325117e-06	
134	2.6800000000e-01	2.6800000000e-01	4.7458064092e-06	
135	2.7000000000e-01	2.7000000000e-01	5.0804093501e-06	
136	2.7200000000e-01	2.7200000000e-01	5.4383398087e-06	
137	2.7400000000e-01	2.7400000000e-01	5.8211965239e-06	
138	2.7600000000e-01	2.7600000000e-01	6.2306849156e-06	
139	2.7800000000e-01	2.7800000000e-01	6.6686239268e-06	
140	2.8000000000e-01	2.8000000000e-01	7.1369532257e-06	
141	2.8200000000e-01	2.8200000000e-01	7.6377408931e-06	
142	2.8400000000e-01	2.8400000000e-01	8.1731915209e-06	
143	2.8600000000e-01	2.8600000000e-01	8.7456547764e-06	
144	2.8800000000e-01	2.8800000000e-01	9.3576345002e-06	
145	2.9000000000e-01	2.9000000000e-01	1.0011798295e-05	
146	2.9200000000e-01	2.9200000000e-01	1.0710987654e-05	
147	2.9400000000e-01	2.9400000000e-01	1.1458228705e-05	
148	2.9600000000e-01	2.9600000000e-01	1.2256743501e-05	
149	2.9800000000e-01	2.9800000000e-01	1.3109961962e-05	
150	3.0000000000e-01	3.0000000000e-01	1.4021534490e-05	
151	3.0200000000e-01	3.0200000000e-01	1.4995345223e-05	
152	3.0400000000e-01	3.0400000000e-01	1.6035526038e-05	
153	3.0600000000e-01	3.0600000000e-01	1.7146471297e-05	
154	3.0800000000e-01	3.0800000000e-01	1.8332853339e-05	
155	3.1000000000e-01	3.1000000000e-01	1.9599638815e-05	
156	3.1200000000e-01	3.1200000000e-01	2.0952105825e-05	
157	3.1400000000e-01	3.1400000000e-01	2.2395861947e-05	
158	3.1600000000e-01	3.1600000000e-01	2.3936863165e-05	
159	3.1800000000e-01	3.1800000000e-01	2.5581433711e-05	
160	3.2000000000e-01	3.2000000000e-01	2.7336286909e-05	
161	3.2200000000e-01	3.2200000000e-01	2.9208546980e-05	
162	3.2400000000e-01	3.2400000000e-01	3.1205771894e-05	
163	3.2600000000e-01	3.2600000000e-01	3.3335977285e-05	
164	3.2800000000e-01	3.2800000000e-01	3.5607661456e-05	
165	3.3000000000e-01	3.3000000000e-01	3.8029831511e-05	
166	3.3200000000e-01	3.3200000000e-01	4.0612030627e-05	
167	3.3400000000e-01	3.3400000000e-01	4.3364366526e-05	
168	3.3600000000e-01	3.3600000000e-01	4.6297541150e-05	
169	3.3800000000e-01	3.3800000000e-01	4.9422881563e-05	
170	3.4000000000e-01	3.4000000000e-01	5.2752372149e-05	
171	3.4200000000e-01	3.4200000000e-01	5.6298688040e-05	
172	3.4400000000e-01	3.4400000000e-01	6.0075229932e-05	
173	3.4600000000e-01	3.4600000000e-01	6.4096160134e-05	
174	3.4800000000e-01	3.4800000000e-01	6.8376440069e-05	
175	3.5000000000e-01	3.5000000000e-01	7.2931869074e-05	
176	3.5200000000e-01	3.5200000000e-01	7.7779124595e-05	
177	3.5400000000e-01	3.5400000000e-01	8.2935803775e-05	
178	3.5600000000e-01	3.5600000000e-01	8.8420466497e-05	
179	3.5800000000e-01	3.5800000000e-01	9.4252679752e-05	
180	3.6000000000e-01	3.6000000000e-01	1.0045306353e-04	
181	3.6200000000e-01	3.6200000000e-01	1.0704333804e-04	
182	3.6400000000e-01	3.6400000000e-01	1.1404637247e-04	
183	3.6600000000e-01	3.6600000000e-01	1.2148623506e-04	
184	3.6800000000e-01	3.6800000000e-01	1.2938824472e-04	
185	3.7000000000e-01	3.7000000000e-01	1.3777902401e-04	
186	3.7200000000e-01	3.7200000000e-01	1.4668655359e-04	
187	3.7400000000e-01	3.7400000000e-01	1.5614022810e-04	
188	3.7600000000e-01	3.7600000000e-01	1.6617091341e-04	
189	3.7800000000e-01	3.7800000000e-01	1.7681100541e-04	
190	3.8000000000e-01	3.8000000000e-01	1.8809449016e-04	
191	3.8200000000e-01	3.8200000000e-01	2.0005700544e-04	
192	3.8400000000e-01	3.8400000000e-01	2.1273590387e-04	
193	3.8600000000e-01	3.8600000000e-01	2.2617031729e-04	
194	3.8800000000e-01	3.8800000000e-01	2.4040122283e-04	
195	3.9000000000e-01	3.9000000000e-01	2.5547151027e-04	
196	3.9200000000e-01	3.9200000000e-01	2.7142605104e-04	
197	3.9400000000e-01	3.9400000000e-01	2.8831176870e-04	
198	3.9600000000e-01	3.9600000000e-01	3.0617771109e-04	
199	3.9800000000e-01	3.9800000000e-01	3.2507512402e-04	
200	4.0000000000e-01	4.0000000000e-01	3.4505752681e-04	
201	4.0200000000e-01	4.0200000000e-01	3.6618078954e-04	
202	4.0400000000e-01	4.0400000000e-01	3.8850321223e-04	
203	4.0600000000e-01	4.0600000000e-01	4.1208560606e-04	
204	4.0800000000e-01	4.0800000000e-01	4.3699137669e-04	
205	4.1000000000e-01	4.1000000000e-01	4.6328660988e-04	
206	4.1200000000e-01	4.1200000000e-01	4.9104015964e-04	
207	4.1400000000e-01	4.1400000000e-01	5.2032373899e-04	
208	4.1600000000e-01	4.1600000000e-01	5.5121201355e-04	
209	4.1800000000e-01	4.1800000000e-01	5.8378269843e-04	
210	4.2000000000e-01	4.2000000000e-01	6.1811665831e-04	
211	4.2200000000e-01	4.2200000000e-01	6.5429801136e-04	
212	4.2400000000e-01	4.2400000000e-01	6.9241423716e-04	
213	4.2600000000e-01	4.2600000000e-01	7.3255628901e-04	
214	4.2800000000e-01	4.2800000000e-01	7.7481871098e-04	
215	4.3000000000e-01	4.3000000000e-01	8.1929976021e-04	
216	4.3200000000e-01	4.3200000000e-01	8.6610153494e-04	
217	4.3400000000e-01	4.3400000000e-01	9.1533010857e-04	
218	4.3600000000e-01	4.3600000000e-01	9.6709567055e-04	
219	4.3800000000e-01	4.3800000000e-01	1.0215126745e-03	
220	4.4000000000e-01	4.4000000000e-01	1.0786999941e-03	
221	4.4200000000e-01	4.4200000000e-01	1.1387810879e-03	
222	4.4400000000e-01	4.4400000000e-01	1.2018841728e-03	
223	4.4600000000e-01	4.4600000000e-01	1.2681424077e-03	
224	4.4800000000e-01	4.4800000000e-01	1.3376940881e-03	
225	4.5000000000e-01	4.5000000000e-01	1.4106828521e-03	
226	4.5200000000e-01	4.5200000000e-01	1.4872578986e-03	
227	4.5400000000e-01	4.5400000000e-01	1.5675742188e-03	
228	4.5600000000e-01	4.5600000000e-01	1.6517928424e-03	
229	4.5800000000e-01	4.5800000000e-01	1.7400810984e-03	
230	4.6000000000e-01	4.6000000000e-01	1.8326128926e-03	
231	4.6200000000e-01	4.6200000000e-01	1.9295690026e-03	
232	4.6400000000e-01	4.6400000000e-01	2.0311373906e-03	
233	4.6600000000e-01	4.6600000000e-01	2.1375135372e-03	
234	4.6800000000e-01	4.6800000000e-01	2.2489007947e-03	
235	4.7000000000e-01	4.7000000000e-01	2.3655107640e-03	
236	4.7200000000e-01	4.7200000000e-01	2.4875636945e-03	
237	4.7400000000e-01	4.7400000000e-01	2.6152889097e-03	
238	4.7600000000e-01	4.7600000000e-01	2.7489252592e-03	
239	4.7800000000e-01	4.7800000000e-01	2.8887215990e-03	
240	4.8000000000e-01	4.8000000000e-01	3.0349373022e-03	
241	4.8200000000e-01	4.8200000000e-01	3.1878428016e-03	
242	4.8400000000e-01	4.8400000000e-01	3.3477201654e-03	
243	4.8600000000e-01	4.8600000000e-01	3.5148637093e-03	
244	4.8800000000e-01	4.8800000000e-01	3.6895806464e-03	
245	4.9000000000e-01	4.9000000000e-01	3.8721917769e-03	
246	4.9200000000e-01	4.9200000000e-01	4.0630322203e-03	
247	4.9400000000e-01	4.9400000000e-01	4.2624521927e-03	
248	4.9600000000e-01	4.9600000000e-01	4.4708178314e-03	
249	4.9800000000e-01	4.9800000000e-01	4.6885120700e-03	
250	5.0000000000e-01	5.0000000000e-01	4.9159355666e-03	
251	5.0200000000e-01	5.0200000000e-01	5.1535076888e-03	
252	5.0400000000e-01	5.0400000000e-01	5.4016675579e-03	
253	5.0600000000e-01	5.0600000000e-01	5.6608751568e-03	
254	5.0800000000e-01	5.0800000000e-01	5.9316125044e-03	
255	5.1000000000e-01	5.1000000000e-01	6.2143849017e-03	
256	5.1200000000e-01	5.1200000000e-01	6.5097222521e-03	
257	5.1400000000e-01	5.1400000000e-01	6.8181804619e-03	
258	5.1600000000e-01	5.1600000000e-01	7.1403429253e-03	
259	5.1800000000e-01	5.1800000000e-01	7.4768220976e-03	
260	5.2000000000e-01	5.2000000000e-01	7.8282611645e-03	
261	5.2200000000e-01	5.2200000000e-01	8.1953358106e-03	
262	5.2400000000e-01	5.2400000000e-01	8.5787560943e-03	
263	5.2600000000e-01	5.2600000000e-01	8.9792684353e-03	
264	5.2800000000e-01	5.2800000000e-01	9.3976577211e-03	
265	5.3000000000e-01	5.3000000000e-01	9.8347495397e-03	
266	5.3200000000e-01	5.3200000000e-01	1.0291412546e-02	
267	5.3400000000e-01	5.3400000000e-01	1.0768560968e-02	
268	5.3600000000e-01	5.3600000000e-01	1.1267157266e-02	
269	5.3800000000e-01	5.3800000000e-01	1.1788214948e-02	
270	5.4000000000e-01	5.4000000000e-01	1.2332801551e-02	
271	5.4200000000e-01	5.4200000000e-01	1.2902041800e-02	
272	5.4400000000e-01	5.4400000000e-01	1.3497120959e-02	
273	5.4600000000e-01	5.4600000000e-01	1.4119288372e-02	
274	5.4800000000e-01	5.4800000000e-01	1.4769861217e-02	
275	5.5000000000e-01	5.5000000000e-01	1.5450228479e-02	
276	5.5200000000e-01	5.5200000000e-01	1.6161855156e-02	
277	5.5400000000e-01	5.5400000000e-01	1.6906286707e-02	
278	5.5600000000e-01	5.5600000000e-01	1.7685153759e-02	
279	5.5800000000e-01	5.5800000000e-01	1.8500177088e-02	
280	5.6000000000e-01	5.6000000000e-01	1.9353172874e-02	
281	5.6200000000e-01	5.6200000000e-01	2.0246058267e-02	
282	5.6400000000e-01	5.6400000000e-01	2.1180857258e-02	
283	5.6600000000e-01	5.6600000000e-01	2.2159706880e-02	
284	5.6800000000e-01	5.6800000000e-01	2.3184863751e-02	
285	5.7000000000e-01	5.7000000000e-01	2.4258710975e-02	
286	5.7200000000e-01	5.7200000000e-01	2.5383765419e-02	
287	5.7400000000e-01	5.7400000000e-01	2.6562685368e-02	
288	5.7600000000e-01	5.7600000000e-01	2.7798278595e-02	
289	5.7800000000e-01	5.7800000000e-01	2.9093510840e-02	
290	5.8000000000e-01	5.8000000000e-01	3.0451514723e-02	
291	5.8200000000e-01	5.8200000000e-01	3.1875599099e-02	
292	5.8400000000e-01	5.8400000000e-01	3.3369258872e-02	
293	5.8600000000e-01	5.8600000000e-01	3.4936185273e-02	
294	5.8800000000e-01	5.8800000000e-01	3.6580276618e-02	
295	5.9000000000e-01	5.9000000000e-01	3.8305649545e-02	
296	5.9200000000e-01	5.9200000000e-01	4.0116650744e-02	
297	5.9400000000e-01	5.9400000000e-01	4.2017869172e-02	
298	5.9600000000e-01	5.9600000000e-01	4.4014148767e-02	
299	5.9800000000e-01	5.9800000000e-01	4.6110601634e-02	
300	6.0000000000e-01	6.0000000000e-01	4.8312621719e-02	
301	6.0200000000e-01	6.0200000000e-01	5.0625898932e-02	
302	6.0400000000e-01	6.0400000000e-01	5.3056433722e-02	
303	6.0600000000e-01	6.0600000000e-01	5.5610552054e-02	
304	6.0800000000e-01	6.0800000000e-01	5.8294920779e-02	
305	6.1000000000e-01	6.1000000000e-01	6.1116563327e-02	
306	6.1200000000e-01	6.1200000000e-01	6.4082875697e-02	
307	6.1400000000e-01	6.1400000000e-01	6.7201642667e-02	
308	6.1600000000e-01	6.1600000000e-01	7.0481054153e-02	
309	6.1800000000e-01	6.1800000000e-01	7.3929721636e-02	
310	6.2000000000e-01	6.2000000000e-01	7.7556694561e-02	
311	6.2200000000e-01	6.2200000000e-01	8.1371476584e-02	
312	6.2400000000e-01	6.2400000000e-01	8.5384041558e-02	
313	6.2600000000e-01	6.2600000000e-01	8.9604849092e-02	
314	6.2800000000e-01	6.2800000000e-01	9.4044859549e-02	
315	6.3000000000e-01	6.3000000000e-01	9.8715548282e-02	
316	6.3200000000e-01	6.3200000000e-01	1.0362891893e-01	
317	6.3400000000e-01	6.3400000000e-01	1.0879751556e-01	
318	6.3600000000e-01	6.3600000000e-01	1.1423443340e-01	
319	6.3800000000e-01	6.3800000000e-01	1.1995332795e-01	
320	6.4000000000e-01	6.4000000000e-01	1.2596842222e-01	
321	6.4200000000e-01	6.4200000000e-01	1.3229451172e-01	
322	6.4400000000e-01	6.4400000000e-01	1.3894696707e-01	
323	6.4600000000e-01	6.4600000000e-01	1.4594173375e-01	
324	6.4800000000e-01	6.4800000000e-01	1.5329532884e-01	
325	6.5000000000e-01	6.5000000000e-01	1.6102483435e-01	
326	6.5200000000e-01	6.5200000000e-01	1.6914788683e-01	
327	6.5400000000e-01	6.5400000000e-01	1.7768266305e-01	
328	6.5600000000e-01	6.5600000000e-01	1.8664786128e-01	
329	6.5800000000e-01	6.5800000000e-01	1.9606267817e-01	
330	6.6000000000e-01	6.6000000000e-01	2.0594678067e-01	
331	6.6200000000e-01	6.6200000000e-01	2.1632027312e-01	
332	6.6400000000e-01	6.6400000000e-01	2.2720365908e-01	
333	6.6600000000e-01	6.6600000000e-01	2.3861779796e-01	
334	6.6800000000e-01	6.6800000000e-01	2.5058385630e-01	
335	6.7000000000e-01	6.7000000000e-01	2.6312325387e-01	
336	6.7200000000e-01	6.7200000000e-01	2.7625760448e-01	
337	6.7400000000e-01	6.7400000000e-01	2.9000865192e-01	
338	6.7600000000e-01	6.7600000000e-01	3.0439820112e-01	
339	6.7800000000e-01	6.7800000000e-01	3.1944804497e-01	
340	6.8000000000e-01	6.8000000000e-01	3.3517988729e-01	
341	6.8200000000e-01	6.8200000000e-01	3.5161526238e-01	
342	6.8400000000e-01	6.8400000000e-01	3.6877545194e-01	
343	6.8600000000e-01	6.8600000000e-01	3.8668139995e-01	
344	6.8800000000e-01	6.8800000000e-01	4.0535362631e-01	
345	6.9000000000e-01	6.9000000000e-01	4.2481214020e-01	
346	6.9200000000e-01	6.9200000000e-01	4.4507635389e-01	
347	6.9400000000e-01	6.9400000000e-01	4.6616499803e-01	
348	6.9600000000e-01	6.9600000000e-01	4.8809603934e-01	
349	6.9800000000e-01	6.9800000000e-01	5.1088660159e-01	
350	7.0000000000e-01	7.0000000000e-01	5.3455289086e-01	
351	7.0200000000e-01	7.0200000000e-01	5.5911012578e-01	
352	7.0400000000e-01	7.0400000000e-01	5.8457247377e-01	
353	7.0600000000e-01	7.0600000000e-01	6.1095299372e-01	
354	7.0800000000e-01	7.0800000000e-01	6.3826358602e-01	
355	7.1000000000e-01	7.1000000000e-01	6.6651495020e-01	
356	7.1200000000e-01	7.1200000000e-01	6.9571655066e-01	
357	7.1400000000e-01	7.1400000000e-01	7.2587659087e-01	
358	7.1600000000e-01	7.1600000000e-01	7.5700199587e-01	
359	7.1800000000e-01	7.1800000000e-01	7.8909840346e-01	
360	7.2000000000e-01	7.2000000000e-01	8.2217016360e-01	
361	7.2200000000e-01	7.2200000000e-01	8.5622034603e-01	
362	7.2400000000e-01	7.2400000000e-01	8.9125075568e-01	
363	7.2600000000e-01	7.2600000000e-01	9.2726195533e-01	
364	7.2800000000e-01	7.2800000000e-01	9.6425329521e-01	
365	7.3000000000e-01	7.3000000000e-01	1.0022229487e+00	
366	7.3200000000e-01	7.3200000000e-01	1.0411679538e+00	
367	7.3400000000e-01	7.3400000000e-01	1.0810842592e+00	
368	7.3600000000e-01	7.3600000000e-01	1.1219667747e+00	
369	7.3800000000e-01	7.3800000000e-01	1.1638094253e+00	
370	7.4000000000e-01	7.4000000000e-01	1.2066052078e+00	
371	7.4200000000e-01	7.4200000000e-01	1.2503462497e+00	
372	7.4400000000e-01	7.4400000000e-01	1.2950238688e+00	
373	7.4600000000e-01	7.4600000000e-01	1.3406286354e+00	
374	7.4800000000e-01	7.4800000000e-01	1.3871504323e+00	
375	7.5000000000e-01	7.5000000000e-01	1.4345785166e+00	
376	7.5200000000e-01	7.5200000000e-01	1.4829015799e+00	
377	7.5400000000e-01	7.5400000000e-01	1.5321078067e+00	
378	7.5600000000e-01	7.5600000000e-01	1.5821849326e+00	
379	7.5800000000e-01	7.5800000000e-01	1.6331202996e+00	
380	7.6000000000e-01	7.6000000000e-01	1.6849009094e+00	
381	7.6200000000e-01	7.6200000000e-01	1.7375134751e+00	
382	7.6400000000e-01	7.6400000000e-01	1.7909444694e+00	
383	7.6600000000e-01	7.6600000000e-01	1.8451801708e+00	
384	7.6800000000e-01	7.6800000000e-01	1.9002067070e+00	
385	7.7000000000e-01	7.7000000000e-01	1.9560100956e+00	
386	7.7200000000e-01	7.7200000000e-01	2.0125762820e+00	
387	7.7400000000e-01	7.7400000000e-01	2.0698911744e+00	
388	7.7600000000e-01	7.7600000000e-01	2.1279406764e+00	
389	7.7800000000e-01	7.7800000000e-01	2.1867107171e+00	
390	7.8000000000e-01	7.8000000000e-01	2.2461872779e+00	
391	7.8200000000e-01	7.8200000000e-01	2.3063564177e+00	
392	7.8400000000e-01	7.8400000000e-01	2.3672042955e+00	
393	7.8600000000e-01	7.8600000000e-01	2.4287171904e+00	
394	7.8800000000e-01	7.8800000000e-01	2.4908815198e+00	
395	7.9000000000e-01	7.9000000000e-01	2.5536838558e+00	
396	7.9200000000e-01	7.9200000000e-01	2.6171109389e+00	
397	7.9400000000e-01	7.9400000000e-01	2.6811496909e+00	
398	7.9600000000e-01	7.9600000000e-01	2.7457872255e+00	
399	7.9800000000e-01	7.9800000000e-01	2.8110108576e+00	
400	8.0000000000e-01	8.0000000000e-01	2.8768081113e+00	
401	8.0200000000e-01	8.0200000000e-01	2.9431667260e+00	
402	8.0400000000e-01	8.0400000000e-01	3.0100746622e+00	
403	8.0600000000e-01	8.0600000000e-01	3.0775201056e+00	
404	8.0800000000e-01	8.0800000000e-01	3.1454914701e+00	
405	8.1000000000e-01	8.1000000000e-01	3.2139774004e+00	
406	8.1200000000e-01	8.1200000000e-01	3.2829667730e+00	
407	8.1400000000e-01	8.1400000000e-01	3.3524486975e+00	
408	8.1600000000e-01	8.1600000000e-01	3.4224125164e+00	
409	8.1800000000e-01	8.1800000000e-01	3.4928478041e+00	
410	8.2000000000e-01	8.2000000000e-01	3.5637443665e+00	
411	8.2200000000e-01	8.2200000000e-01	3.6350922389e+00	
412	8.2400000000e-01	8.2400000000e-01	3.7068816842e+00	
413	8.2600000000e-01	8.2600000000e-01	3.7791031904e+00	
414	8.2800000000e-01	8.2800000000e-01	3.8517474680e+00	
415	8.3000000000e-01	8.3000000000e-01	3.9248054469e+00	
416	8.3200000000e-01	8.3200000000e-01	3.9982682731e+00	
417	8.3400000000e-01	8.3400000000e-01	4.0721273053e+00	
418	8.3600000000e-01	8.3600000000e-01	4.1463741115e+00	
419	8.3800000000e-01	8.3800000000e-01	4.2210004649e+00	
420	8.4000000000e-01	8.4000000000e-01	4.2959983400e+00	
421	8.4200000000e-01	8.4200000000e-01	4.3713599090e+00	
422	8.4400000000e-01	8.4400000000e-01	4.4470775373e+00	
423	8.4600000000e-01	8.4600000000e-01	4.5231437798e+00	
424	8.4800000000e-01	8.4800000000e-01	4.5995513763e+00	
425	8.5000000000e-01	8.5000000000e-01	4.6762932478e+00	
426	8.5200000000e-01	8.5200000000e-01	4.7533624920e+00	
427	8.5400000000e-01	8.5400000000e-01	4.8307523796e+00	
428	8.5600000000e-01	8.5600000000e-01	4.9084563495e+00	
429	8.5800000000e-01	8.5800000000e-01	4.9864680052e+00	
430	8.6000000000e-01	8.6000000000e-01	5.0647811106e+00	
431	8.6200000000e-01	8.6200000000e-01	5.1433895862e+00	
432	8.6400000000e-01	8.6400000000e-01	5.2222875045e+00	
433	8.6600000000e-01	8.6600000000e-01	5.3014690868e+00	
434	8.6800000000e-01	8.6800000000e-01	5.3809286992e+00	
435	8.7000000000e-01	8.7000000000e-01	5.4606608483e+00	
436	8.7200000000e-01	8.7200000000e-01	5.5406601781e+00	
437	8.7400000000e-01	8.7400000000e-01	5.6209214662e+00	
438	8.7600000000e-01	8.7600000000e-01	5.7014396200e+00	
439	8.7800000000e-01	8.7800000000e-01	5.7822096736e+00	
440	8.8000000000e-01	8.8000000000e-01	5.8632267840e+00	
441	8.8200000000e-01	8.8200000000e-01	5.9444862279e+00	
442	8.8400000000e-01	8.8400000000e-01	6.0259833987e+00	
443	8.8600000000e-01	8.8600000000e-01	6.1077138028e+00	
444	8.8800000000e-01	8.8800000000e-01	6.1896730570e+00	
445	8.9000000000e-01	8.9000000000e-01	6.2718568851e+00	
446	8.9200000000e-01	8.9200000000e-01	6.3542611154e+00	
447	8.9400000000e-01	8.9400000000e-01	6.4368816773e+00	
448	8.9600000000e-01	8.9600000000e-01	6.5197145988e+00	
449	8.9800000000e-01	8.9800000000e-01	6.6027560038e+00	
450	9.0000000000e-01	9.0000000000e-01	6.6860021093e+00	
451	9.0200000000e-01	9.0200000000e-01	6.7694492230e+00	
452	9.0400000000e-01	9.0400000000e-01	6.8530937406e+00	
453	9.0600000000e-01	9.0600000000e-01	6.9369321436e+00	
454	9.0800000000e-01	9.0800000000e-01	7.0209609968e+00	
455	9.1000000000e-01	9.1000000000e-01	7.1051769458e+00	
456	9.1200000000e-01	9.1200000000e-01	7.1895767152e+00	
457	9.1400000000e-01	9.1400000000e-01	7.2741571063e+00	
458	9.1600000000e-01	9.1600000000e-01	7.3589149945e+00	
459	9.1800000000e-01	9.1800000000e-01	7.4438473281e+00	
460	9.2000000000e-01	9.2000000000e-01	7.5289511255e+00	
461	9.2200000000e-01	9.2200000000e-01	7.6142234740e+00	
462	9.2400000000e-01	9.2400000000e-01	7.6996615274e+00	
463	9.2600000000e-01	9.2600000000e-01	7.7852625042e+00	
464	9.2800000000e-01	9.2800000000e-01	7.8710236862e+00	
465	9.3000000000e-01	9.3000000000e-01	7.9569424166e+00	
466	9.3200000000e-01	9.3200000000e-01	8.0430160981e+00	
467	9.3400000000e-01	9.3400000000e-01	8.1292421918e+00	
468	9.3600000000e-01	9.3600000000e-01	8.2156182152e+00	
469	9.3800000000e-01	9.3800000000e-01	8.3021417407e+00	
470	9.4000000000e-01	9.4000000000e-01	8.3888103946e+00	
471	9.4200000000e-01	9.4200000000e-01	8.4756218549e+00	
472	9.4400000000e-01	9.4400000000e-01	8.5625738506e+00	
473	9.4600000000e-01	9.4600000000e-01	8.6496641602e+00	
474	9.4800000000e-01	9.4800000000e-01	8.7368906100e+00	
475	9.5000000000e-01	9.5000000000e-01	8.8242510732e+00	
476	9.5200000000e-01	9.5200000000e-01	8.9117434689e+00	
477	9.5400000000e-01	9.5400000000e-01	8.9993657602e+00	
478	9.5600000000e-01	9.5600000000e-01	9.0871159536e+00	
479	9.5800000000e-01	9.5800000000e-01	9.1749920978e+00	
480	9.6000000000e-01	9.6000000000e-01	9.2629922823e+00	
481	9.6200000000e-01	9.6200000000e-01	9.3511146370e+00	
482	9.6400000000e-01	9.6400000000e-01	9.4393573302e+00	
483	9.6600000000e-01	9.6600000000e-01	9.5277185685e+00	
484	9.6800000000e-01	9.6800000000e-01	9.6161965954e+00	
485	9.7000000000e-01	9.7000000000e-01	9.7047896905e+00	
486	9.7200000000e-01	9.7200000000e-01	9.7934961683e+00	
487	9.7400000000e-01	9.7400000000e-01	9.8823143778e+00	
488	9.7600000000e-01	9.7600000000e-01	9.9712427013e+00	
489	9.7800000000e-01	9.7800000000e-01	1.0060279554e+01	
490	9.8000000000e-01	9.8000000000e-01	1.0149423381e+01	
491	9.8200000000e-01	9.8200000000e-01	1.0238672661e+01	
492	9.8400000000e-01	9.8400000000e-01	1.0328025902e+01	
493	9.8600000000e-01	9.8600000000e-01	1.0417481641e+01	
494	9.8800000000e-01	9.8800000000e-01	1.0507038443e+01	
495	9.9000000000e-01	9.9000000000e-01	1.0596694902e+01	
496	9.9200000000e-01	9.9200000000e-01	1.0686449639e+01	
497	9.9400000000e-01	9.9400000000e-01	1.0776301303e+01	
498	9.9600000000e-01	9.9600000000e-01	1.0866248567e+01	
499	9.9800000000e-01	9.9800000000e-01	1.0956290130e+01	
500	1.0000000000e+00	1.0000000000e+00	1.1046424717e+01	
ngspice-46 done
Warning: diode_pd2nw_06v0: IKR too small - model effect disabled!
