* ====================================================================
* record-id : 20260821-134653-804155b
* testbench : tb_low_side_power_switch.spice (sim/low-side-power-switch, reused verbatim)
* corner    : sf_mc0000_-40c_nosupply
* supply    : n/a (no supply rail in this device-level testbench)
* mismatch  : sw_stat_mismatch=0 (sample 0), sw_stat_global=0
* seed      : 20380821
* pdk       : gf180mcuD (/home/ubuntu/.volare/gf180mcuD)
* ngspice   : ngspice-46 : Circuit level simulation program
* run (UTC) : 2026-08-21T13:46:53Z
* ====================================================================

Note: No compatibility mode selected!


Circuit: *include "corner.spice

Doing analysis at TEMP = -40.000000 and TNOM = 27.000000

Using SPARSE 1.3 as Direct Linear Solver

No. of Data Rows : 101
                                                                                                                                                                                                                                                     *include "corner.spice
                                                                                                                                                                                                                                                     DC transfer characteristic  Fri Aug 21 13:47:32  2026
--------------------------------------------------------------------------------------------------------------------------------------------------------------------------------------------------------------------------------------------------------------------------------------------------------------------------------------------------------------------------------------------------------------------------------------------------------------------------------------------------------------------------------
Index   v-sweep         v(vfracds)      ioc_n06_glo     ioc_n06_gmid    ioc_n06_ghi     
--------------------------------------------------------------------------------------------------------------------------------------------------------------------------------------------------------------------------------------------------------------------------------------------------------------------------------------------------------------------------------------------------------------------------------------------------------------------------------------------------------------------------------
0	0.0000000000e+00	0.0000000000e+00	-0.0000000000e+00	-0.0000000000e+00	-0.0000000000e+00	
1	1.0000000000e-02	1.0000000000e-02	2.7288653538e-04	3.1136060438e-04	3.5263025690e-04	
2	2.0000000000e-02	2.0000000000e-02	5.2347703193e-04	5.9997025350e-04	6.8258000720e-04	
3	3.0000000000e-02	3.0000000000e-02	7.5329666198e-04	8.6731604580e-04	9.9123259652e-04	
4	4.0000000000e-02	4.0000000000e-02	9.6372998074e-04	1.1147548334e-03	1.2798588867e-03	
5	5.0000000000e-02	5.0000000000e-02	1.1560335316e-03	1.3435247000e-03	1.5496267031e-03	
6	6.0000000000e-02	6.0000000000e-02	1.3313465847e-03	1.5547550475e-03	1.8016091808e-03	
7	7.0000000000e-02	7.0000000000e-02	1.4906996415e-03	1.7494755583e-03	2.0367924231e-03	
8	8.0000000000e-02	8.0000000000e-02	1.6350189446e-03	1.9286236164e-03	2.2560825469e-03	
9	9.0000000000e-02	9.0000000000e-02	1.7651232389e-03	2.0930490578e-03	2.4603118841e-03	
10	1.0000000000e-01	1.0000000000e-01	1.8817052827e-03	2.2435141343e-03	2.6502438276e-03	
11	1.1000000000e-01	1.1000000000e-01	1.9852832732e-03	2.3806847684e-03	2.8265754574e-03	
12	1.2000000000e-01	1.2000000000e-01	2.0760972262e-03	2.5051055491e-03	2.9899364999e-03	
13	1.3000000000e-01	1.3000000000e-01	2.1539401853e-03	2.6171442044e-03	3.1408820491e-03	
14	1.4000000000e-01	1.4000000000e-01	2.2180917431e-03	2.7168831740e-03	3.2798742869e-03	
15	1.5000000000e-01	1.5000000000e-01	2.2679817859e-03	2.8039506710e-03	3.4072443593e-03	
16	1.6000000000e-01	1.6000000000e-01	2.3047093323e-03	2.8774275055e-03	3.5231193100e-03	
17	1.7000000000e-01	1.7000000000e-01	2.3312645866e-03	2.9363482838e-03	3.6272962337e-03	
18	1.8000000000e-01	1.8000000000e-01	2.3508797168e-03	2.9811031083e-03	3.7190805749e-03	
19	1.9000000000e-01	1.9000000000e-01	2.3659344643e-03	3.0141394821e-03	3.7972768676e-03	
20	2.0000000000e-01	2.0000000000e-01	2.3779429730e-03	3.0387171957e-03	3.8608133593e-03	
21	2.1000000000e-01	2.1000000000e-01	2.3878423001e-03	3.0575500024e-03	3.9100444220e-03	
22	2.2000000000e-01	2.2000000000e-01	2.3962240318e-03	3.0724887151e-03	3.9472439335e-03	
23	2.3000000000e-01	2.3000000000e-01	2.4034748639e-03	3.0847199638e-03	3.9754853897e-03	
24	2.4000000000e-01	2.4000000000e-01	2.4098570170e-03	3.0950051671e-03	3.9974371575e-03	
25	2.5000000000e-01	2.5000000000e-01	2.4155544885e-03	3.1038451207e-03	4.0150072789e-03	
26	2.6000000000e-01	2.6000000000e-01	2.4207003776e-03	3.1115797510e-03	4.0294691434e-03	
27	2.7000000000e-01	2.7000000000e-01	2.4253935661e-03	3.1184471819e-03	4.0416650511e-03	
28	2.8000000000e-01	2.8000000000e-01	2.4297092426e-03	3.1246191508e-03	4.0521614123e-03	
29	2.9000000000e-01	2.9000000000e-01	2.4337057517e-03	3.1302227853e-03	4.0613489229e-03	
30	3.0000000000e-01	3.0000000000e-01	2.4374291791e-03	3.1353543825e-03	4.0695045043e-03	
31	3.1000000000e-01	3.1000000000e-01	2.4409165018e-03	3.1400883800e-03	4.0768296157e-03	
32	3.2000000000e-01	3.2000000000e-01	2.4441978013e-03	3.1444833556e-03	4.0834743561e-03	
33	3.3000000000e-01	3.3000000000e-01	2.4472978532e-03	3.1485861409e-03	4.0895529818e-03	
34	3.4000000000e-01	3.4000000000e-01	2.4502372882e-03	3.1524347047e-03	4.0951541439e-03	
35	3.5000000000e-01	3.5000000000e-01	2.4530334568e-03	3.1560602181e-03	4.1003478063e-03	
36	3.6000000000e-01	3.6000000000e-01	2.4557010810e-03	3.1594885594e-03	4.1051900280e-03	
37	3.7000000000e-01	3.7000000000e-01	2.4582527547e-03	3.1627414299e-03	4.1097263378e-03	
38	3.8000000000e-01	3.8000000000e-01	2.4606993304e-03	3.1658371947e-03	4.1139941638e-03	
39	3.9000000000e-01	3.9000000000e-01	2.4630502247e-03	3.1687915240e-03	4.1180246110e-03	
40	4.0000000000e-01	4.0000000000e-01	2.4653136598e-03	3.1716178902e-03	4.1218437853e-03	
41	4.1000000000e-01	4.1000000000e-01	2.4674968593e-03	3.1743279564e-03	4.1254737930e-03	
42	4.2000000000e-01	4.2000000000e-01	2.4696062079e-03	3.1769318852e-03	4.1289335059e-03	
43	4.3000000000e-01	4.3000000000e-01	2.4716473846e-03	3.1794385865e-03	4.1322391546e-03	
44	4.4000000000e-01	4.4000000000e-01	2.4736254772e-03	3.1818559201e-03	4.1354047944e-03	
45	4.5000000000e-01	4.5000000000e-01	2.4755450821e-03	3.1841908637e-03	4.1384426750e-03	
46	4.6000000000e-01	4.6000000000e-01	2.4774103957e-03	3.1864496560e-03	4.1413635389e-03	
47	4.7000000000e-01	4.7000000000e-01	2.4792253009e-03	3.1886379228e-03	4.1441768654e-03	
48	4.8000000000e-01	4.8000000000e-01	2.4809934513e-03	3.1907607897e-03	4.1468910737e-03	
49	4.9000000000e-01	4.9000000000e-01	2.4827183567e-03	3.1928229902e-03	4.1495136972e-03	
50	5.0000000000e-01	5.0000000000e-01	2.4844034726e-03	3.1948289702e-03	4.1520515372e-03	
51	5.1000000000e-01	5.1000000000e-01	2.4860522929e-03	3.1967829939e-03	4.1545108029e-03	
52	5.2000000000e-01	5.2000000000e-01	2.4876684510e-03	3.1986892543e-03	4.1568972451e-03	
53	5.3000000000e-01	5.3000000000e-01	2.4892558265e-03	3.2005519895e-03	4.1592162881e-03	
54	5.4000000000e-01	5.4000000000e-01	2.4908186600e-03	3.2023756072e-03	4.1614731637e-03	
55	5.5000000000e-01	5.5000000000e-01	2.4923616752e-03	3.2041648194e-03	4.1636730525e-03	
56	5.6000000000e-01	5.6000000000e-01	2.4938902083e-03	3.2059247849e-03	4.1658212332e-03	
57	5.7000000000e-01	5.7000000000e-01	2.4954103433e-03	3.2076612639e-03	4.1679232437e-03	
58	5.8000000000e-01	5.8000000000e-01	2.4969290536e-03	3.2093807802e-03	4.1699850541e-03	
59	5.9000000000e-01	5.9000000000e-01	2.4984543467e-03	3.2110907929e-03	4.1720132534e-03	
60	6.0000000000e-01	6.0000000000e-01	2.4999954126e-03	3.2127998752e-03	4.1740152484e-03	
61	6.1000000000e-01	6.1000000000e-01	2.5015627732e-03	3.2145178988e-03	4.1759994751e-03	
62	6.2000000000e-01	6.2000000000e-01	2.5031684314e-03	3.2162562228e-03	4.1779756216e-03	
63	6.3000000000e-01	6.3000000000e-01	2.5048260189e-03	3.2180278845e-03	4.1799548597e-03	
64	6.4000000000e-01	6.4000000000e-01	2.5065509403e-03	3.2198477904e-03	4.1819500848e-03	
65	6.5000000000e-01	6.5000000000e-01	2.5083605124e-03	3.2217329055e-03	4.1839761599e-03	
66	6.6000000000e-01	6.6000000000e-01	2.5102740978e-03	3.2237024388e-03	4.1860501634e-03	
67	6.7000000000e-01	6.7000000000e-01	2.5123132309e-03	3.2257780229e-03	4.1881916357e-03	
68	6.8000000000e-01	6.8000000000e-01	2.5145017350e-03	3.2279838865e-03	4.1904228243e-03	
69	6.9000000000e-01	6.9000000000e-01	2.5168658300e-03	3.2303470171e-03	4.1927689229e-03	
70	7.0000000000e-01	7.0000000000e-01	2.5194342306e-03	3.2328973132e-03	4.1952583029e-03	
71	7.1000000000e-01	7.1000000000e-01	2.5222382316e-03	3.2356677250e-03	4.1979227357e-03	
72	7.2000000000e-01	7.2000000000e-01	2.5253117839e-03	3.2386943810e-03	4.2007976016e-03	
73	7.3000000000e-01	7.3000000000e-01	2.5286915565e-03	3.2420167014e-03	4.2039220851e-03	
74	7.4000000000e-01	7.4000000000e-01	2.5324169878e-03	3.2456774963e-03	4.2073393551e-03	
75	7.5000000000e-01	7.5000000000e-01	2.5365303239e-03	3.2497230489e-03	4.2110967264e-03	
76	7.6000000000e-01	7.6000000000e-01	2.5410766447e-03	3.2542031829e-03	4.2152458045e-03	
77	7.7000000000e-01	7.7000000000e-01	2.5461038788e-03	3.2591713140e-03	4.2198426095e-03	
78	7.8000000000e-01	7.8000000000e-01	2.5516628053e-03	3.2646844866e-03	4.2249476816e-03	
79	7.9000000000e-01	7.9000000000e-01	2.5578070453e-03	3.2708033937e-03	4.2306261654e-03	
80	8.0000000000e-01	8.0000000000e-01	2.5645930422e-03	3.2775923827e-03	4.2369478738e-03	
81	8.1000000000e-01	8.1000000000e-01	2.5720800307e-03	3.2851194459e-03	4.2439873321e-03	
82	8.2000000000e-01	8.2000000000e-01	2.5803299971e-03	3.2934561967e-03	4.2518238014e-03	
83	8.3000000000e-01	8.3000000000e-01	2.5894076294e-03	3.3026778328e-03	4.2605412826e-03	
84	8.4000000000e-01	8.4000000000e-01	2.5993802590e-03	3.3128630858e-03	4.2702285013e-03	
85	8.5000000000e-01	8.5000000000e-01	2.6103177945e-03	3.3240941591e-03	4.2809788741e-03	
86	8.6000000000e-01	8.6000000000e-01	2.6222926475e-03	3.3364566541e-03	4.2928904579e-03	
87	8.7000000000e-01	8.7000000000e-01	2.6353796529e-03	3.3500394869e-03	4.3060658817e-03	
88	8.8000000000e-01	8.8000000000e-01	2.6496559816e-03	3.3649347938e-03	4.3206122636e-03	
89	8.9000000000e-01	8.9000000000e-01	2.6652010493e-03	3.3812378297e-03	4.3366411131e-03	
90	9.0000000000e-01	9.0000000000e-01	2.6820964196e-03	3.3990468571e-03	4.3542682193e-03	
91	9.1000000000e-01	9.1000000000e-01	2.7004257036e-03	3.4184630295e-03	4.3736135273e-03	
92	9.2000000000e-01	9.2000000000e-01	2.7202744557e-03	3.4395902675e-03	4.3948010037e-03	
93	9.3000000000e-01	9.3000000000e-01	2.7417300669e-03	3.4625351299e-03	4.4179584909e-03	
94	9.4000000000e-01	9.4000000000e-01	2.7648816554e-03	3.4874066808e-03	4.4432175539e-03	
95	9.5000000000e-01	9.5000000000e-01	2.7898199561e-03	3.5143163522e-03	4.4707133178e-03	
96	9.6000000000e-01	9.6000000000e-01	2.8166372080e-03	3.5433778039e-03	4.5005842994e-03	
97	9.7000000000e-01	9.7000000000e-01	2.8454270415e-03	3.5747067807e-03	4.5329722328e-03	
98	9.8000000000e-01	9.8000000000e-01	2.8762843654e-03	3.6084209691e-03	4.5680218907e-03	
99	9.9000000000e-01	9.9000000000e-01	2.9093052537e-03	3.6446398511e-03	4.6058809005e-03	
100	1.0000000000e+00	1.0000000000e+00	2.9445868333e-03	3.6834845593e-03	4.6466995593e-03	
                                                                                                                                                                                                                                                     *include "corner.spice
                                                                                                                                                                                                                                                     DC transfer characteristic  Fri Aug 21 13:47:32  2026
--------------------------------------------------------------------------------------------------------------------------------------------------------------------------------------------------------------------------------------------------------------------------------------------------------------------------------------------------------------------------------------------------------------------------------------------------------------------------------------------------------------------------------
Index   v-sweep         v(vfracds)      ioc_p06_glo     ioc_p06_gmid    ioc_p06_ghi     
--------------------------------------------------------------------------------------------------------------------------------------------------------------------------------------------------------------------------------------------------------------------------------------------------------------------------------------------------------------------------------------------------------------------------------------------------------------------------------------------------------------------------------
0	0.0000000000e+00	0.0000000000e+00	-0.0000000000e+00	-0.0000000000e+00	-0.0000000000e+00	
1	1.0000000000e-02	1.0000000000e-02	-1.044911589e-04	-1.174825264e-04	-1.318252682e-04	
2	2.0000000000e-02	2.0000000000e-02	-2.042676898e-04	-2.304166562e-04	-2.593268299e-04	
3	3.0000000000e-02	3.0000000000e-02	-2.994413254e-04	-3.389023611e-04	-3.825914577e-04	
4	4.0000000000e-02	4.0000000000e-02	-3.901203056e-04	-4.430367085e-04	-5.017036193e-04	
5	5.0000000000e-02	5.0000000000e-02	-4.764095124e-04	-5.429139643e-04	-6.167455523e-04	
6	6.0000000000e-02	6.0000000000e-02	-5.584105983e-04	-6.386256909e-04	-7.277973351e-04	
7	7.0000000000e-02	7.0000000000e-02	-6.362221094e-04	-7.302608411e-04	-8.349369546e-04	
8	8.0000000000e-02	8.0000000000e-02	-7.099396035e-04	-8.179058476e-04	-9.382403720e-04	
9	9.0000000000e-02	9.0000000000e-02	-7.796557646e-04	-9.016447102e-04	-1.037781585e-03	
10	1.0000000000e-01	1.0000000000e-01	-8.454605122e-04	-9.815590783e-04	-1.133632690e-03	
11	1.1000000000e-01	1.1000000000e-01	-9.074411055e-04	-1.057728331e-03	-1.225863939e-03	
12	1.2000000000e-01	1.2000000000e-01	-9.656822395e-04	-1.130229654e-03	-1.314543797e-03	
13	1.3000000000e-01	1.3000000000e-01	-1.020266132e-03	-1.199138106e-03	-1.399738997e-03	
14	1.4000000000e-01	1.4000000000e-01	-1.071272592e-03	-1.264526686e-03	-1.481514594e-03	
15	1.5000000000e-01	1.5000000000e-01	-1.118779063e-03	-1.326466382e-03	-1.559934008e-03	
16	1.6000000000e-01	1.6000000000e-01	-1.162860613e-03	-1.385026212e-03	-1.635059073e-03	
17	1.7000000000e-01	1.7000000000e-01	-1.203589847e-03	-1.440273233e-03	-1.706950076e-03	
18	1.8000000000e-01	1.8000000000e-01	-1.241036648e-03	-1.492272519e-03	-1.775665785e-03	
19	1.9000000000e-01	1.9000000000e-01	-1.275267641e-03	-1.541087072e-03	-1.841263474e-03	
20	2.0000000000e-01	2.0000000000e-01	-1.306345176e-03	-1.586777621e-03	-1.903798924e-03	
21	2.1000000000e-01	2.1000000000e-01	-1.334325769e-03	-1.629402232e-03	-1.963326406e-03	
22	2.2000000000e-01	2.2000000000e-01	-1.359258923e-03	-1.669015569e-03	-2.019898627e-03	
23	2.3000000000e-01	2.3000000000e-01	-1.381191467e-03	-1.705667557e-03	-2.073566616e-03	
24	2.4000000000e-01	2.4000000000e-01	-1.400191877e-03	-1.739401010e-03	-2.124379518e-03	
25	2.5000000000e-01	2.5000000000e-01	-1.416408689e-03	-1.770247778e-03	-2.172384227e-03	
26	2.6000000000e-01	2.6000000000e-01	-1.430128799e-03	-1.798223687e-03	-2.217624764e-03	
27	2.7000000000e-01	2.7000000000e-01	-1.441756116e-03	-1.823326314e-03	-2.260141193e-03	
28	2.8000000000e-01	2.8000000000e-01	-1.451716165e-03	-1.845549097e-03	-2.299967776e-03	
29	2.9000000000e-01	2.9000000000e-01	-1.460377493e-03	-1.864931696e-03	-2.337129865e-03	
30	3.0000000000e-01	3.0000000000e-01	-1.468027578e-03	-1.881634732e-03	-2.371638908e-03	
31	3.1000000000e-01	3.1000000000e-01	-1.474881299e-03	-1.895966486e-03	-2.403485345e-03	
32	3.2000000000e-01	3.2000000000e-01	-1.481097889e-03	-1.908320010e-03	-2.432631642e-03	
33	3.3000000000e-01	3.3000000000e-01	-1.486796240e-03	-1.919082257e-03	-2.459014753e-03	
34	3.4000000000e-01	3.4000000000e-01	-1.492066396e-03	-1.928581225e-03	-2.482576876e-03	
35	3.5000000000e-01	3.5000000000e-01	-1.496977680e-03	-1.937074960e-03	-2.503334236e-03	
36	3.6000000000e-01	3.6000000000e-01	-1.501584340e-03	-1.944760580e-03	-2.521444689e-03	
37	3.7000000000e-01	3.7000000000e-01	-1.505929491e-03	-1.951787851e-03	-2.537206609e-03	
38	3.8000000000e-01	3.8000000000e-01	-1.510047890e-03	-1.958271300e-03	-2.550987403e-03	
39	3.9000000000e-01	3.9000000000e-01	-1.513967921e-03	-1.964299532e-03	-2.563145977e-03	
40	4.0000000000e-01	4.0000000000e-01	-1.517713040e-03	-1.969942032e-03	-2.573990797e-03	
41	4.1000000000e-01	4.1000000000e-01	-1.521302833e-03	-1.975254046e-03	-2.583770354e-03	
42	4.2000000000e-01	4.2000000000e-01	-1.524753817e-03	-1.980280081e-03	-2.592679370e-03	
43	4.3000000000e-01	4.3000000000e-01	-1.528080040e-03	-1.985056439e-03	-2.600869332e-03	
44	4.4000000000e-01	4.4000000000e-01	-1.531293545e-03	-1.989613070e-03	-2.608458486e-03	
45	4.5000000000e-01	4.5000000000e-01	-1.534404734e-03	-1.993974940e-03	-2.615539929e-03	
46	4.6000000000e-01	4.6000000000e-01	-1.537422646e-03	-1.998163063e-03	-2.622187744e-03	
47	4.7000000000e-01	4.7000000000e-01	-1.540355188e-03	-2.002195278e-03	-2.628461562e-03	
48	4.8000000000e-01	4.8000000000e-01	-1.543209314e-03	-2.006086850e-03	-2.634409926e-03	
49	4.9000000000e-01	4.9000000000e-01	-1.545991171e-03	-2.009850939e-03	-2.640072782e-03	
50	5.0000000000e-01	5.0000000000e-01	-1.548706218e-03	-2.013498963e-03	-2.645483335e-03	
51	5.1000000000e-01	5.1000000000e-01	-1.551359325e-03	-2.017040893e-03	-2.650669448e-03	
52	5.2000000000e-01	5.2000000000e-01	-1.553954855e-03	-2.020485481e-03	-2.655654704e-03	
53	5.3000000000e-01	5.3000000000e-01	-1.556496731e-03	-2.023840455e-03	-2.660459222e-03	
54	5.4000000000e-01	5.4000000000e-01	-1.558988494e-03	-2.027112667e-03	-2.665100296e-03	
55	5.5000000000e-01	5.5000000000e-01	-1.561433349e-03	-2.030308221e-03	-2.669592890e-03	
56	5.6000000000e-01	5.6000000000e-01	-1.563834209e-03	-2.033432579e-03	-2.673950033e-03	
57	5.7000000000e-01	5.7000000000e-01	-1.566193728e-03	-2.036490646e-03	-2.678183137e-03	
58	5.8000000000e-01	5.8000000000e-01	-1.568514330e-03	-2.039486843e-03	-2.682302250e-03	
59	5.9000000000e-01	5.9000000000e-01	-1.570798239e-03	-2.042425170e-03	-2.686316261e-03	
60	6.0000000000e-01	6.0000000000e-01	-1.573047500e-03	-2.045309253e-03	-2.690233074e-03	
61	6.1000000000e-01	6.1000000000e-01	-1.575263999e-03	-2.048142398e-03	-2.694059744e-03	
62	6.2000000000e-01	6.2000000000e-01	-1.577449485e-03	-2.050927618e-03	-2.697802595e-03	
63	6.3000000000e-01	6.3000000000e-01	-1.579605585e-03	-2.053667677e-03	-2.701467316e-03	
64	6.4000000000e-01	6.4000000000e-01	-1.581733824e-03	-2.056365111e-03	-2.705059044e-03	
65	6.5000000000e-01	6.5000000000e-01	-1.583835639e-03	-2.059022260e-03	-2.708582431e-03	
66	6.6000000000e-01	6.6000000000e-01	-1.585912400e-03	-2.061641288e-03	-2.712041707e-03	
67	6.7000000000e-01	6.7000000000e-01	-1.587965425e-03	-2.064224211e-03	-2.715440725e-03	
68	6.8000000000e-01	6.8000000000e-01	-1.589996003e-03	-2.066772910e-03	-2.718783009e-03	
69	6.9000000000e-01	6.9000000000e-01	-1.592005413e-03	-2.069289162e-03	-2.722071791e-03	
70	7.0000000000e-01	7.0000000000e-01	-1.593994947e-03	-2.071774654e-03	-2.725310047e-03	
71	7.1000000000e-01	7.1000000000e-01	-1.595965941e-03	-2.074231010e-03	-2.728500525e-03	
72	7.2000000000e-01	7.2000000000e-01	-1.597919796e-03	-2.076659815e-03	-2.731645773e-03	
73	7.3000000000e-01	7.3000000000e-01	-1.599858016e-03	-2.079062642e-03	-2.734748173e-03	
74	7.4000000000e-01	7.4000000000e-01	-1.601782244e-03	-2.081441078e-03	-2.737809959e-03	
75	7.5000000000e-01	7.5000000000e-01	-1.603694293e-03	-2.083796761e-03	-2.740833250e-03	
76	7.6000000000e-01	7.6000000000e-01	-1.605596199e-03	-2.086131415e-03	-2.743820077e-03	
77	7.7000000000e-01	7.7000000000e-01	-1.607490259e-03	-2.088446888e-03	-2.746772413e-03	
78	7.8000000000e-01	7.8000000000e-01	-1.609379085e-03	-2.090745199e-03	-2.749692204e-03	
79	7.9000000000e-01	7.9000000000e-01	-1.611265655e-03	-2.093028587e-03	-2.752581408e-03	
80	8.0000000000e-01	8.0000000000e-01	-1.613153371e-03	-2.095299563e-03	-2.755442034e-03	
81	8.1000000000e-01	8.1000000000e-01	-1.615046119e-03	-2.097560969e-03	-2.758276187e-03	
82	8.2000000000e-01	8.2000000000e-01	-1.616948331e-03	-2.099816043e-03	-2.761086116e-03	
83	8.3000000000e-01	8.3000000000e-01	-1.618865054e-03	-2.102068485e-03	-2.763874272e-03	
84	8.4000000000e-01	8.4000000000e-01	-1.620802013e-03	-2.104322531e-03	-2.766643368e-03	
85	8.5000000000e-01	8.5000000000e-01	-1.622765686e-03	-2.106583027e-03	-2.769396446e-03	
86	8.6000000000e-01	8.6000000000e-01	-1.624763375e-03	-2.108855515e-03	-2.772136952e-03	
87	8.7000000000e-01	8.7000000000e-01	-1.626803278e-03	-2.111146312e-03	-2.774868815e-03	
88	8.8000000000e-01	8.8000000000e-01	-1.628894565e-03	-2.113462602e-03	-2.777596534e-03	
89	8.9000000000e-01	8.9000000000e-01	-1.631047449e-03	-2.115812525e-03	-2.780325266e-03	
90	9.0000000000e-01	9.0000000000e-01	-1.633273269e-03	-2.118205268e-03	-2.783060934e-03	
91	9.1000000000e-01	9.1000000000e-01	-1.635584556e-03	-2.120651164e-03	-2.785810320e-03	
92	9.2000000000e-01	9.2000000000e-01	-1.637995111e-03	-2.123161784e-03	-2.788581181e-03	
93	9.3000000000e-01	9.3000000000e-01	-1.640520076e-03	-2.125750038e-03	-2.791382358e-03	
94	9.4000000000e-01	9.4000000000e-01	-1.643176006e-03	-2.128430268e-03	-2.794223897e-03	
95	9.5000000000e-01	9.5000000000e-01	-1.645980939e-03	-2.131218347e-03	-2.797117167e-03	
96	9.6000000000e-01	9.6000000000e-01	-1.648954459e-03	-2.134131773e-03	-2.800074985e-03	
97	9.7000000000e-01	9.7000000000e-01	-1.652117763e-03	-2.137189765e-03	-2.803111741e-03	
98	9.8000000000e-01	9.8000000000e-01	-1.655493723e-03	-2.140413357e-03	-2.806243525e-03	
99	9.9000000000e-01	9.9000000000e-01	-1.659106942e-03	-2.143825481e-03	-2.809488254e-03	
100	1.0000000000e+00	1.0000000000e+00	-1.662983807e-03	-2.147451061e-03	-2.812865799e-03	
Doing analysis at TEMP = -40.000000 and TNOM = 27.000000

Using SPARSE 1.3 as Direct Linear Solver

No. of Data Rows : 501
                                                                                                                                                                                                                                                     *include "corner.spice
                                                                                                                                                                                                                                                     DC transfer characteristic  Fri Aug 21 13:47:32  2026
--------------------------------------------------------------------------------------------------------------------------------------------------------------------------------------------------------------------------------------------------------------------------------------------------------------------------------------------------------------------------------------------------------------------------------------------------------------------------------------------------------------------------------
Index   v-sweep         v(vfracdi)      ifb             
--------------------------------------------------------------------------------------------------------------------------------------------------------------------------------------------------------------------------------------------------------------------------------------------------------------------------------------------------------------------------------------------------------------------------------------------------------------------------------------------------------------------------------
0	0.0000000000e+00	0.0000000000e+00	-2.094831104e-64	
1	2.0000000000e-03	2.0000000000e-03	2.3869795029e-15	
2	4.0000000000e-03	4.0000000000e-03	4.7739590059e-15	
3	6.0000000000e-03	6.0000000000e-03	7.1054273576e-15	
4	8.0000000000e-03	8.0000000000e-03	9.5479180118e-15	
5	1.0000000000e-02	1.0000000000e-02	1.1990408666e-14	
6	1.2000000000e-02	1.2000000000e-02	1.4210854715e-14	
7	1.4000000000e-02	1.4000000000e-02	1.6764367672e-14	
8	1.6000000000e-02	1.6000000000e-02	1.9095836024e-14	
9	1.8000000000e-02	1.8000000000e-02	2.1760371283e-14	
10	2.0000000000e-02	2.0000000000e-02	2.3980817332e-14	
11	2.2000000000e-02	2.2000000000e-02	2.6201263381e-14	
12	2.4000000000e-02	2.4000000000e-02	2.8643754035e-14	
13	2.6000000000e-02	2.6000000000e-02	3.1086244690e-14	
14	2.8000000000e-02	2.8000000000e-02	3.3528735344e-14	
15	3.0000000000e-02	3.0000000000e-02	3.5971225998e-14	
16	3.2000000000e-02	3.2000000000e-02	3.8191672047e-14	
17	3.4000000000e-02	3.4000000000e-02	4.0856207306e-14	
18	3.6000000000e-02	3.6000000000e-02	4.3076653355e-14	
19	3.8000000000e-02	3.8000000000e-02	4.5297099405e-14	
20	4.0000000000e-02	4.0000000000e-02	4.7961634664e-14	
21	4.2000000000e-02	4.2000000000e-02	5.0182080713e-14	
22	4.4000000000e-02	4.4000000000e-02	5.2402526762e-14	
23	4.6000000000e-02	4.6000000000e-02	5.5067062021e-14	
24	4.8000000000e-02	4.8000000000e-02	5.7287508071e-14	
25	5.0000000000e-02	5.0000000000e-02	5.9952043330e-14	
26	5.2000000000e-02	5.2000000000e-02	6.2616578589e-14	
27	5.4000000000e-02	5.4000000000e-02	6.4837024638e-14	
28	5.6000000000e-02	5.6000000000e-02	6.7057470687e-14	
29	5.8000000000e-02	5.8000000000e-02	6.9277916737e-14	
30	6.0000000000e-02	6.0000000000e-02	7.1942451996e-14	
31	6.2000000000e-02	6.2000000000e-02	7.4606987255e-14	
32	6.4000000000e-02	6.4000000000e-02	7.6383344094e-14	
33	6.6000000000e-02	6.6000000000e-02	7.9047879353e-14	
34	6.8000000000e-02	6.8000000000e-02	8.0824236193e-14	
35	7.0000000000e-02	7.0000000000e-02	8.3488771452e-14	
36	7.2000000000e-02	7.2000000000e-02	8.6153306711e-14	
37	7.4000000000e-02	7.4000000000e-02	8.8817841970e-14	
38	7.6000000000e-02	7.6000000000e-02	9.0594198809e-14	
39	7.8000000000e-02	7.8000000000e-02	9.3258734069e-14	
40	8.0000000000e-02	8.0000000000e-02	9.5923269328e-14	
41	8.2000000000e-02	8.2000000000e-02	9.7699626167e-14	
42	8.4000000000e-02	8.4000000000e-02	1.0036416143e-13	
43	8.6000000000e-02	8.6000000000e-02	1.0302869669e-13	
44	8.8000000000e-02	8.8000000000e-02	1.0480505352e-13	
45	9.0000000000e-02	9.0000000000e-02	1.0746958878e-13	
46	9.2000000000e-02	9.2000000000e-02	1.1013412404e-13	
47	9.4000000000e-02	9.4000000000e-02	1.1279865930e-13	
48	9.6000000000e-02	9.6000000000e-02	1.1457501614e-13	
49	9.8000000000e-02	9.8000000000e-02	1.1812772982e-13	
50	1.0000000000e-01	1.0000000000e-01	1.1990408666e-13	
51	1.0200000000e-01	1.0200000000e-01	1.2256862192e-13	
52	1.0400000000e-01	1.0400000000e-01	1.2523315718e-13	
53	1.0600000000e-01	1.0600000000e-01	1.2612133560e-13	
54	1.0800000000e-01	1.0800000000e-01	1.2878587086e-13	
55	1.1000000000e-01	1.1000000000e-01	1.3056222770e-13	
56	1.1200000000e-01	1.1200000000e-01	1.3411494137e-13	
57	1.1400000000e-01	1.1400000000e-01	1.3677947663e-13	
58	1.1600000000e-01	1.1600000000e-01	1.3855583347e-13	
59	1.1800000000e-01	1.1800000000e-01	1.4210854715e-13	
60	1.2000000000e-01	1.2000000000e-01	1.4388490399e-13	
61	1.2200000000e-01	1.2200000000e-01	1.4743761767e-13	
62	1.2400000000e-01	1.2400000000e-01	1.4921397451e-13	
63	1.2600000000e-01	1.2600000000e-01	1.5099033135e-13	
64	1.2800000000e-01	1.2800000000e-01	1.5276668819e-13	
65	1.3000000000e-01	1.3000000000e-01	1.5454304503e-13	
66	1.3200000000e-01	1.3200000000e-01	1.5809575871e-13	
67	1.3400000000e-01	1.3400000000e-01	1.5987211555e-13	
68	1.3600000000e-01	1.3600000000e-01	1.6164847239e-13	
69	1.3800000000e-01	1.3800000000e-01	1.6520118606e-13	
70	1.4000000000e-01	1.4000000000e-01	1.6697754290e-13	
71	1.4200000000e-01	1.4200000000e-01	1.6875389974e-13	
72	1.4400000000e-01	1.4400000000e-01	1.7230661342e-13	
73	1.4600000000e-01	1.4600000000e-01	1.7408297026e-13	
74	1.4800000000e-01	1.4800000000e-01	1.7763568394e-13	
75	1.5000000000e-01	1.5000000000e-01	1.7941204078e-13	
76	1.5200000000e-01	1.5200000000e-01	1.8118839762e-13	
77	1.5400000000e-01	1.5400000000e-01	1.8296475446e-13	
78	1.5600000000e-01	1.5600000000e-01	1.8651746814e-13	
79	1.5800000000e-01	1.5800000000e-01	1.8829382498e-13	
80	1.6000000000e-01	1.6000000000e-01	1.9184653866e-13	
81	1.6200000000e-01	1.6200000000e-01	1.9362289549e-13	
82	1.6400000000e-01	1.6400000000e-01	1.9539925233e-13	
83	1.6600000000e-01	1.6600000000e-01	1.9717560917e-13	
84	1.6800000000e-01	1.6800000000e-01	2.0072832285e-13	
85	1.7000000000e-01	1.7000000000e-01	2.0428103653e-13	
86	1.7200000000e-01	1.7200000000e-01	2.0428103653e-13	
87	1.7400000000e-01	1.7400000000e-01	2.0783375021e-13	
88	1.7600000000e-01	1.7600000000e-01	2.1138646389e-13	
89	1.7800000000e-01	1.7800000000e-01	2.1316282073e-13	
90	1.8000000000e-01	1.8000000000e-01	2.1671553441e-13	
91	1.8200000000e-01	1.8200000000e-01	2.2026824809e-13	
92	1.8400000000e-01	1.8400000000e-01	2.2204460493e-13	
93	1.8600000000e-01	1.8600000000e-01	2.2382096176e-13	
94	1.8800000000e-01	1.8800000000e-01	2.2559731860e-13	
95	1.9000000000e-01	1.9000000000e-01	2.3092638912e-13	
96	1.9200000000e-01	1.9200000000e-01	2.3270274596e-13	
97	1.9400000000e-01	1.9400000000e-01	2.3625545964e-13	
98	1.9600000000e-01	1.9600000000e-01	2.3625545964e-13	
99	1.9800000000e-01	1.9800000000e-01	2.3980817332e-13	
100	2.0000000000e-01	2.0000000000e-01	2.3980817332e-13	
101	2.0200000000e-01	2.0200000000e-01	2.4513724384e-13	
102	2.0400000000e-01	2.0400000000e-01	2.4868995752e-13	
103	2.0600000000e-01	2.0600000000e-01	2.5046631436e-13	
104	2.0800000000e-01	2.0800000000e-01	2.5224267119e-13	
105	2.1000000000e-01	2.1000000000e-01	2.5401902803e-13	
106	2.1200000000e-01	2.1200000000e-01	2.5401902803e-13	
107	2.1400000000e-01	2.1400000000e-01	2.6112445539e-13	
108	2.1600000000e-01	2.1600000000e-01	2.6112445539e-13	
109	2.1800000000e-01	2.1800000000e-01	2.6822988275e-13	
110	2.2000000000e-01	2.2000000000e-01	2.6467716907e-13	
111	2.2200000000e-01	2.2200000000e-01	2.6645352591e-13	
112	2.2400000000e-01	2.2400000000e-01	2.7000623959e-13	
113	2.2600000000e-01	2.2600000000e-01	2.7711166695e-13	
114	2.2800000000e-01	2.2800000000e-01	2.7711166695e-13	
115	2.3000000000e-01	2.3000000000e-01	2.7711166695e-13	
116	2.3200000000e-01	2.3200000000e-01	2.8244073746e-13	
117	2.3400000000e-01	2.3400000000e-01	2.8599345114e-13	
118	2.3600000000e-01	2.3600000000e-01	2.8954616482e-13	
119	2.3800000000e-01	2.3800000000e-01	2.9132252166e-13	
120	2.4000000000e-01	2.4000000000e-01	2.9487523534e-13	
121	2.4200000000e-01	2.4200000000e-01	3.0198066270e-13	
122	2.4400000000e-01	2.4400000000e-01	3.0198066270e-13	
123	2.4600000000e-01	2.4600000000e-01	3.0198066270e-13	
124	2.4800000000e-01	2.4800000000e-01	3.0908609006e-13	
125	2.5000000000e-01	2.5000000000e-01	3.1263880373e-13	
126	2.5200000000e-01	2.5200000000e-01	3.1263880373e-13	
127	2.5400000000e-01	2.5400000000e-01	3.1974423109e-13	
128	2.5600000000e-01	2.5600000000e-01	3.1974423109e-13	
129	2.5800000000e-01	2.5800000000e-01	3.2684965845e-13	
130	2.6000000000e-01	2.6000000000e-01	3.2684965845e-13	
131	2.6200000000e-01	2.6200000000e-01	3.3395508581e-13	
132	2.6400000000e-01	2.6400000000e-01	3.4106051316e-13	
133	2.6600000000e-01	2.6600000000e-01	3.4106051316e-13	
134	2.6800000000e-01	2.6800000000e-01	3.4816594052e-13	
135	2.7000000000e-01	2.7000000000e-01	3.5171865420e-13	
136	2.7200000000e-01	2.7200000000e-01	3.6237679524e-13	
137	2.7400000000e-01	2.7400000000e-01	3.6592950892e-13	
138	2.7600000000e-01	2.7600000000e-01	3.7658764995e-13	
139	2.7800000000e-01	2.7800000000e-01	3.8014036363e-13	
140	2.8000000000e-01	2.8000000000e-01	3.8724579099e-13	
141	2.8200000000e-01	2.8200000000e-01	3.9790393203e-13	
142	2.8400000000e-01	2.8400000000e-01	4.1211478674e-13	
143	2.8600000000e-01	2.8600000000e-01	4.2277292778e-13	
144	2.8800000000e-01	2.8800000000e-01	4.3343106881e-13	
145	2.9000000000e-01	2.9000000000e-01	4.5119463721e-13	
146	2.9200000000e-01	2.9200000000e-01	4.6185277824e-13	
147	2.9400000000e-01	2.9400000000e-01	4.8316906032e-13	
148	2.9600000000e-01	2.9600000000e-01	4.9737991503e-13	
149	2.9800000000e-01	2.9800000000e-01	5.1869619710e-13	
150	3.0000000000e-01	3.0000000000e-01	5.4356519286e-13	
151	3.0200000000e-01	3.0200000000e-01	5.6843418861e-13	
152	3.0400000000e-01	3.0400000000e-01	5.9685589804e-13	
153	3.0600000000e-01	3.0600000000e-01	6.3238303483e-13	
154	3.0800000000e-01	3.0800000000e-01	6.6435745794e-13	
155	3.1000000000e-01	3.1000000000e-01	7.0699002208e-13	
156	3.1200000000e-01	3.1200000000e-01	7.4962258623e-13	
157	3.1400000000e-01	3.1400000000e-01	7.9936057773e-13	
158	3.1600000000e-01	3.1600000000e-01	8.5620399659e-13	
159	3.1800000000e-01	3.1800000000e-01	9.2015284281e-13	
160	3.2000000000e-01	3.2000000000e-01	9.9475983006e-13	
161	3.2200000000e-01	3.2200000000e-01	1.0729195310e-12	
162	3.2400000000e-01	3.2400000000e-01	1.1581846593e-12	
163	3.2600000000e-01	3.2600000000e-01	1.2576606423e-12	
164	3.2800000000e-01	3.2800000000e-01	1.3713474800e-12	
165	3.3000000000e-01	3.3000000000e-01	1.5027978861e-12	
166	3.3200000000e-01	3.3200000000e-01	1.6378010059e-12	
167	3.3400000000e-01	3.3400000000e-01	1.7976731215e-12	
168	3.3600000000e-01	3.3600000000e-01	1.9753088054e-12	
169	3.3800000000e-01	3.3800000000e-01	2.1778134851e-12	
170	3.4000000000e-01	3.4000000000e-01	2.4051871605e-12	
171	3.4200000000e-01	3.4200000000e-01	2.6574298317e-12	
172	3.4400000000e-01	3.4400000000e-01	2.9416469260e-12	
173	3.4600000000e-01	3.4600000000e-01	3.2649438708e-12	
174	3.4800000000e-01	3.4800000000e-01	3.6237679524e-12	
175	3.5000000000e-01	3.5000000000e-01	4.0287773118e-12	
176	3.5200000000e-01	3.5200000000e-01	4.4870773763e-12	
177	3.5400000000e-01	3.5400000000e-01	5.0057735734e-12	
178	3.5600000000e-01	3.5600000000e-01	5.5848659031e-12	
179	3.5800000000e-01	3.5800000000e-01	6.2385652200e-12	
180	3.6000000000e-01	3.6000000000e-01	6.9704242378e-12	
181	3.6200000000e-01	3.6200000000e-01	7.7982065250e-12	
182	3.6400000000e-01	3.6400000000e-01	8.7325702225e-12	
183	3.6600000000e-01	3.6600000000e-01	9.7770680441e-12	
184	3.6800000000e-01	3.6800000000e-01	1.0960121699e-11	
185	3.7000000000e-01	3.7000000000e-01	1.2285283901e-11	
186	3.7200000000e-01	3.7200000000e-01	1.3777423646e-11	
187	3.7400000000e-01	3.7400000000e-01	1.5464962644e-11	
188	3.7600000000e-01	3.7600000000e-01	1.7358559035e-11	
189	3.7800000000e-01	3.7800000000e-01	1.9500845383e-11	
190	3.8000000000e-01	3.8000000000e-01	2.1902479830e-11	
191	3.8200000000e-01	3.8200000000e-01	2.4606094939e-11	
192	3.8400000000e-01	3.8400000000e-01	2.7657875989e-11	
193	3.8600000000e-01	3.8600000000e-01	3.1082691976e-11	
194	3.8800000000e-01	3.8800000000e-01	3.4951597172e-11	
195	3.9000000000e-01	3.9000000000e-01	3.9303671429e-11	
196	3.9200000000e-01	3.9200000000e-01	4.4195758164e-11	
197	3.9400000000e-01	3.9400000000e-01	4.9713122507e-11	
198	3.9600000000e-01	3.9600000000e-01	5.5926818732e-11	
199	3.9800000000e-01	3.9800000000e-01	6.2922111965e-11	
200	4.0000000000e-01	4.0000000000e-01	7.0798478191e-11	
201	4.0200000000e-01	4.0200000000e-01	7.9666051533e-11	
202	4.0400000000e-01	4.0400000000e-01	8.9652729685e-11	
203	4.0600000000e-01	4.0600000000e-01	1.0089706848e-10	
204	4.0800000000e-01	4.0800000000e-01	1.1356604546e-10	
205	4.1000000000e-01	4.1000000000e-01	1.2782308545e-10	
206	4.1200000000e-01	4.1200000000e-01	1.4387779856e-10	
207	4.1400000000e-01	4.1400000000e-01	1.6196111119e-10	
208	4.1600000000e-01	4.1600000000e-01	1.8232526600e-10	
209	4.1800000000e-01	4.1800000000e-01	2.0524737465e-10	
210	4.2000000000e-01	4.2000000000e-01	2.3106849767e-10	
211	4.2200000000e-01	4.2200000000e-01	2.6013680099e-10	
212	4.2400000000e-01	4.2400000000e-01	2.9288216297e-10	
213	4.2600000000e-01	4.2600000000e-01	3.2974867281e-10	
214	4.2800000000e-01	4.2800000000e-01	3.7125857943e-10	
215	4.3000000000e-01	4.3000000000e-01	4.1800518602e-10	
216	4.3200000000e-01	4.3200000000e-01	4.7064574460e-10	
217	4.3400000000e-01	4.3400000000e-01	5.2991566690e-10	
218	4.3600000000e-01	4.3600000000e-01	5.9667115693e-10	
219	4.3800000000e-01	4.3800000000e-01	6.7182881480e-10	
220	4.4000000000e-01	4.4000000000e-01	7.5646511277e-10	
221	4.4200000000e-01	4.4200000000e-01	8.5176665721e-10	
222	4.4400000000e-01	4.4400000000e-01	9.5907992659e-10	
223	4.4600000000e-01	4.4600000000e-01	1.0799219297e-09	
224	4.4800000000e-01	4.4800000000e-01	1.2159979690e-09	
225	4.5000000000e-01	4.5000000000e-01	1.3692265100e-09	
226	4.5200000000e-01	4.5200000000e-01	1.5417604970e-09	
227	4.5400000000e-01	4.5400000000e-01	1.7360441973e-09	
228	4.5600000000e-01	4.5600000000e-01	1.9548025421e-09	
229	4.5800000000e-01	4.5800000000e-01	2.2011406031e-09	
230	4.6000000000e-01	4.6000000000e-01	2.4785080655e-09	
231	4.6200000000e-01	4.6200000000e-01	2.7908448885e-09	
232	4.6400000000e-01	4.6400000000e-01	3.1425244629e-09	
233	4.6600000000e-01	4.6600000000e-01	3.5385170349e-09	
234	4.6800000000e-01	4.6800000000e-01	3.9844003652e-09	
235	4.7000000000e-01	4.7000000000e-01	4.4864627569e-09	
236	4.7200000000e-01	4.7200000000e-01	5.0517705574e-09	
237	4.7400000000e-01	4.7400000000e-01	5.6882925037e-09	
238	4.7600000000e-01	4.7600000000e-01	6.4049814341e-09	
239	4.7800000000e-01	4.7800000000e-01	7.2119448191e-09	
240	4.8000000000e-01	4.8000000000e-01	8.1205513425e-09	
241	4.8200000000e-01	4.8200000000e-01	9.1435765626e-09	
242	4.8400000000e-01	4.8400000000e-01	1.0295430286e-08	
243	4.8600000000e-01	4.8600000000e-01	1.1592298677e-08	
244	4.8800000000e-01	4.8800000000e-01	1.3052449788e-08	
245	4.9000000000e-01	4.9000000000e-01	1.4696418305e-08	
246	4.9200000000e-01	4.9200000000e-01	1.6547325288e-08	
247	4.9400000000e-01	4.9400000000e-01	1.8631190812e-08	
248	4.9600000000e-01	4.9600000000e-01	2.0977289239e-08	
249	4.9800000000e-01	4.9800000000e-01	2.3618618172e-08	
250	5.0000000000e-01	5.0000000000e-01	2.6592246627e-08	
251	5.0200000000e-01	5.0200000000e-01	2.9939940305e-08	
252	5.0400000000e-01	5.0400000000e-01	3.3708708713e-08	
253	5.0600000000e-01	5.0600000000e-01	3.7951409126e-08	
254	5.0800000000e-01	5.0800000000e-01	4.2727570815e-08	
255	5.1000000000e-01	5.1000000000e-01	4.8104155326e-08	
256	5.1200000000e-01	5.1200000000e-01	5.4156515716e-08	
257	5.1400000000e-01	5.1400000000e-01	6.0969419735e-08	
258	5.1600000000e-01	5.1600000000e-01	6.8638307482e-08	
259	5.1800000000e-01	5.1800000000e-01	7.7270428278e-08	
260	5.2000000000e-01	5.2000000000e-01	8.6986553072e-08	
261	5.2200000000e-01	5.2200000000e-01	9.7922509212e-08	
262	5.2400000000e-01	5.2400000000e-01	1.1023104207e-07	
263	5.2600000000e-01	5.2600000000e-01	1.2408398220e-07	
264	5.2800000000e-01	5.2800000000e-01	1.3967459722e-07	
265	5.3000000000e-01	5.3000000000e-01	1.5722020663e-07	
266	5.3200000000e-01	5.3200000000e-01	1.7696520871e-07	
267	5.3400000000e-01	5.3400000000e-01	1.9918442007e-07	
268	5.3600000000e-01	5.3600000000e-01	2.2418677759e-07	
269	5.3800000000e-01	5.3800000000e-01	2.5231965139e-07	
270	5.4000000000e-01	5.4000000000e-01	2.8397342788e-07	
271	5.4200000000e-01	5.4200000000e-01	3.1958698798e-07	
272	5.4400000000e-01	5.4400000000e-01	3.5965348388e-07	
273	5.4600000000e-01	5.4600000000e-01	4.0472714602e-07	
274	5.4800000000e-01	5.4800000000e-01	4.5543058036e-07	
275	5.5000000000e-01	5.5000000000e-01	5.1246332333e-07	
276	5.5200000000e-01	5.5200000000e-01	5.7661107888e-07	
277	5.5400000000e-01	5.5400000000e-01	6.4875624162e-07	
278	5.5600000000e-01	5.5600000000e-01	7.2988965627e-07	
279	5.5800000000e-01	5.5800000000e-01	8.2112376276e-07	
280	5.6000000000e-01	5.6000000000e-01	9.2370722626e-07	
281	5.6200000000e-01	5.6200000000e-01	1.0390414076e-06	
282	5.6400000000e-01	5.6400000000e-01	1.1686987378e-06	
283	5.6600000000e-01	5.6600000000e-01	1.3144431463e-06	
284	5.6800000000e-01	5.6800000000e-01	1.4782530044e-06	
285	5.7000000000e-01	5.7000000000e-01	1.6623466408e-06	
286	5.7200000000e-01	5.7200000000e-01	1.8692107915e-06	
287	5.7400000000e-01	5.7400000000e-01	2.1016323544e-06	
288	5.7600000000e-01	5.7600000000e-01	2.3627337740e-06	
289	5.7800000000e-01	5.7800000000e-01	2.6560122990e-06	
290	5.8000000000e-01	5.8000000000e-01	2.9853838512e-06	
291	5.8200000000e-01	5.8200000000e-01	3.3552315912e-06	
292	5.8400000000e-01	5.8400000000e-01	3.7704600189e-06	
293	5.8600000000e-01	5.8600000000e-01	4.2365548936e-06	
294	5.8800000000e-01	5.8800000000e-01	4.7596497765e-06	
295	5.9000000000e-01	5.9000000000e-01	5.3465996785e-06	
296	5.9200000000e-01	5.9200000000e-01	6.0050625805e-06	
297	5.9400000000e-01	5.9400000000e-01	6.7435896440e-06	
298	5.9600000000e-01	5.9600000000e-01	7.5717246872e-06	
299	5.9800000000e-01	5.9800000000e-01	8.5001141841e-06	
300	6.0000000000e-01	6.0000000000e-01	9.5406281986e-06	
301	6.0200000000e-01	6.0200000000e-01	1.0706493711e-05	
302	6.0400000000e-01	6.0400000000e-01	1.2012441026e-05	
303	6.0600000000e-01	6.0600000000e-01	1.3474864566e-05	
304	6.0800000000e-01	6.0800000000e-01	1.5111999069e-05	
305	6.1000000000e-01	6.1000000000e-01	1.6944112417e-05	
306	6.1200000000e-01	6.1200000000e-01	1.8993716353e-05	
307	6.1400000000e-01	6.1400000000e-01	2.1285796372e-05	
308	6.1600000000e-01	6.1600000000e-01	2.3848061993e-05	
309	6.1800000000e-01	6.1800000000e-01	2.6711218858e-05	
310	6.2000000000e-01	6.2000000000e-01	2.9909263887e-05	
311	6.2200000000e-01	6.2200000000e-01	3.3479804898e-05	
312	6.2400000000e-01	6.2400000000e-01	3.7464405906e-05	
313	6.2600000000e-01	6.2600000000e-01	4.1908959517e-05	
314	6.2800000000e-01	6.2800000000e-01	4.6864087366e-05	
315	6.3000000000e-01	6.3000000000e-01	5.2385570079e-05	
316	6.3200000000e-01	6.3200000000e-01	5.8534807550e-05	
317	6.3400000000e-01	6.3400000000e-01	6.5379310655e-05	
318	6.3600000000e-01	6.3600000000e-01	7.2993224983e-05	
319	6.3800000000e-01	6.3800000000e-01	8.1457887646e-05	
320	6.4000000000e-01	6.4000000000e-01	9.0862417274e-05	
321	6.4200000000e-01	6.4200000000e-01	1.0130433794e-04	
322	6.4400000000e-01	6.4400000000e-01	1.1289023682e-04	
323	6.4600000000e-01	6.4600000000e-01	1.2573645613e-04	
324	6.4800000000e-01	6.4800000000e-01	1.3996981880e-04	
325	6.5000000000e-01	6.5000000000e-01	1.5572838792e-04	
326	6.5200000000e-01	6.5200000000e-01	1.7316225973e-04	
327	6.5400000000e-01	6.5400000000e-01	1.9243438963e-04	
328	6.5600000000e-01	6.5600000000e-01	2.1372145118e-04	
329	6.5800000000e-01	6.5800000000e-01	2.3721472792e-04	
330	6.6000000000e-01	6.6000000000e-01	2.6312103790e-04	
331	6.6200000000e-01	6.6200000000e-01	2.9166369170e-04	
332	6.6400000000e-01	6.6400000000e-01	3.2308348459e-04	
333	6.6600000000e-01	6.6600000000e-01	3.5763972440e-04	
334	6.6800000000e-01	6.6800000000e-01	3.9561129751e-04	
335	6.7000000000e-01	6.7000000000e-01	4.3729777602e-04	
336	6.7200000000e-01	6.7200000000e-01	4.8302057067e-04	
337	6.7400000000e-01	6.7400000000e-01	5.3312413481e-04	
338	6.7600000000e-01	6.7600000000e-01	5.8797722694e-04	
339	6.7800000000e-01	6.7800000000e-01	6.4797424025e-04	
340	6.8000000000e-01	6.8000000000e-01	7.1353660972e-04	
341	6.8200000000e-01	6.8200000000e-01	7.8511430949e-04	
342	6.8400000000e-01	6.8400000000e-01	8.6318745488e-04	
343	6.8600000000e-01	6.8600000000e-01	9.4826802582e-04	
344	6.8800000000e-01	6.8800000000e-01	1.0409017311e-03	
345	6.9000000000e-01	6.9000000000e-01	1.1416700343e-03	
346	6.9200000000e-01	6.9200000000e-01	1.2511923666e-03	
347	6.9400000000e-01	6.9400000000e-01	1.3701285514e-03	
348	6.9600000000e-01	6.9600000000e-01	1.4991814715e-03	
349	6.9800000000e-01	6.9800000000e-01	1.6391000097e-03	
350	7.0000000000e-01	7.0000000000e-01	1.7906822980e-03	
351	7.0200000000e-01	7.0200000000e-01	1.9547793127e-03	
352	7.0400000000e-01	7.0400000000e-01	2.1322988568e-03	
353	7.0600000000e-01	7.0600000000e-01	2.3242099721e-03	
354	7.0800000000e-01	7.0800000000e-01	2.5315478300e-03	
355	7.1000000000e-01	7.1000000000e-01	2.7554191516e-03	
356	7.1200000000e-01	7.1200000000e-01	2.9970082118e-03	
357	7.1400000000e-01	7.1400000000e-01	3.2575834886e-03	
358	7.1600000000e-01	7.1600000000e-01	3.5385050211e-03	
359	7.1800000000e-01	7.1800000000e-01	3.8412325495e-03	
360	7.2000000000e-01	7.2000000000e-01	4.1673345114e-03	
361	7.2200000000e-01	7.2200000000e-01	4.5184979814e-03	
362	7.2400000000e-01	7.2400000000e-01	4.8965396462e-03	
363	7.2600000000e-01	7.2600000000e-01	5.3034179162e-03	
364	7.2800000000e-01	7.2800000000e-01	5.7412462867e-03	
365	7.3000000000e-01	7.3000000000e-01	6.2123080709e-03	
366	7.3200000000e-01	7.3200000000e-01	6.7190726423e-03	
367	7.3400000000e-01	7.3400000000e-01	7.2642133338e-03	
368	7.3600000000e-01	7.3600000000e-01	7.8506271593e-03	
369	7.3800000000e-01	7.3800000000e-01	8.4814565389e-03	
370	7.4000000000e-01	7.4000000000e-01	9.1601132252e-03	
371	7.4200000000e-01	7.4200000000e-01	9.8903046493e-03	
372	7.4400000000e-01	7.4400000000e-01	1.0676062923e-02	
373	7.4600000000e-01	7.4600000000e-01	1.1521776758e-02	
374	7.4800000000e-01	7.4800000000e-01	1.2432226581e-02	
375	7.5000000000e-01	7.5000000000e-01	1.3412623151e-02	
376	7.5200000000e-01	7.5200000000e-01	1.4468650006e-02	
377	7.5400000000e-01	7.5400000000e-01	1.5606510085e-02	
378	7.5600000000e-01	7.5600000000e-01	1.6832976914e-02	
379	7.5800000000e-01	7.5800000000e-01	1.8155450721e-02	
380	7.6000000000e-01	7.6000000000e-01	1.9582019927e-02	
381	7.6200000000e-01	7.6200000000e-01	2.1121528406e-02	
382	7.6400000000e-01	7.6400000000e-01	2.2783648974e-02	
383	7.6600000000e-01	7.6600000000e-01	2.4578963521e-02	
384	7.6800000000e-01	7.6800000000e-01	2.6519050226e-02	
385	7.7000000000e-01	7.7000000000e-01	2.8616578241e-02	
386	7.7200000000e-01	7.7200000000e-01	3.0885410223e-02	
387	7.7400000000e-01	7.7400000000e-01	3.3340712990e-02	
388	7.7600000000e-01	7.7600000000e-01	3.5999076522e-02	
389	7.7800000000e-01	7.7800000000e-01	3.8878641401e-02	
390	7.8000000000e-01	7.8000000000e-01	4.1999234599e-02	
391	7.8200000000e-01	7.8200000000e-01	4.5382513353e-02	
392	7.8400000000e-01	7.8400000000e-01	4.9052116572e-02	
393	7.8600000000e-01	7.8600000000e-01	5.3033822937e-02	
394	7.8800000000e-01	7.8800000000e-01	5.7355714417e-02	
395	7.9000000000e-01	7.9000000000e-01	6.2048343513e-02	
396	7.9200000000e-01	7.9200000000e-01	6.7144901940e-02	
397	7.9400000000e-01	7.9400000000e-01	7.2681387884e-02	
398	7.9600000000e-01	7.9600000000e-01	7.8696768212e-02	
399	7.9800000000e-01	7.9800000000e-01	8.5233131272e-02	
400	8.0000000000e-01	8.0000000000e-01	9.2335825052e-02	
401	8.0200000000e-01	8.0200000000e-01	1.0005357464e-01	
402	8.0400000000e-01	8.0400000000e-01	1.0843857204e-01	
403	8.0600000000e-01	8.0600000000e-01	1.1754653058e-01	
404	8.0800000000e-01	8.0800000000e-01	1.2743669557e-01	
405	8.1000000000e-01	8.1000000000e-01	1.3817180235e-01	
406	8.1200000000e-01	8.1200000000e-01	1.4981797263e-01	
407	8.1400000000e-01	8.1400000000e-01	1.6244454045e-01	
408	8.1600000000e-01	8.1600000000e-01	1.7612379965e-01	
409	8.1800000000e-01	8.1800000000e-01	1.9093066624e-01	
410	8.2000000000e-01	8.2000000000e-01	2.0694225087e-01	
411	8.2200000000e-01	8.2200000000e-01	2.2423733953e-01	
412	8.2400000000e-01	8.2400000000e-01	2.4289578364e-01	
413	8.2600000000e-01	8.2600000000e-01	2.6299780495e-01	
414	8.2800000000e-01	8.2800000000e-01	2.8462322477e-01	
415	8.3000000000e-01	8.3000000000e-01	3.0785063156e-01	
416	8.3200000000e-01	8.3200000000e-01	3.3275650516e-01	
417	8.3400000000e-01	8.3400000000e-01	3.5941432013e-01	
418	8.3600000000e-01	8.3600000000e-01	3.8789365292e-01	
419	8.3800000000e-01	8.3800000000e-01	4.1825932011e-01	
420	8.4000000000e-01	8.4000000000e-01	4.5057057461e-01	
421	8.4200000000e-01	8.4200000000e-01	4.8488038595e-01	
422	8.4400000000e-01	8.4400000000e-01	5.2123482754e-01	
423	8.4600000000e-01	8.4600000000e-01	5.5967258983e-01	
424	8.4800000000e-01	8.4800000000e-01	6.0022463273e-01	
425	8.5000000000e-01	8.5000000000e-01	6.4291398477e-01	
426	8.5200000000e-01	8.5200000000e-01	6.8775569003e-01	
427	8.5400000000e-01	8.5400000000e-01	7.3475689790e-01	
428	8.5600000000e-01	8.5600000000e-01	7.8391708530e-01	
429	8.5800000000e-01	8.5800000000e-01	8.3522839655e-01	
430	8.6000000000e-01	8.6000000000e-01	8.8867608279e-01	
431	8.6200000000e-01	8.6200000000e-01	9.4423902104e-01	
432	8.6400000000e-01	8.6400000000e-01	1.0018902920e+00	
433	8.6600000000e-01	8.6600000000e-01	1.0615977963e+00	
434	8.6800000000e-01	8.6800000000e-01	1.1233248899e+00	
435	8.7000000000e-01	8.7000000000e-01	1.1870310224e+00	
436	8.7200000000e-01	8.7200000000e-01	1.2526723618e+00	
437	8.7400000000e-01	8.7400000000e-01	1.3202023959e+00	
438	8.7600000000e-01	8.7600000000e-01	1.3895724989e+00	
439	8.7800000000e-01	8.7800000000e-01	1.4607324586e+00	
440	8.8000000000e-01	8.8000000000e-01	1.5336309572e+00	
441	8.8200000000e-01	8.8200000000e-01	1.6082160060e+00	
442	8.8400000000e-01	8.8400000000e-01	1.6844353307e+00	
443	8.8600000000e-01	8.8600000000e-01	1.7622367107e+00	
444	8.8800000000e-01	8.8800000000e-01	1.8415682714e+00	
445	8.9000000000e-01	8.9000000000e-01	1.9223787347e+00	
446	8.9200000000e-01	8.9200000000e-01	2.0046176283e+00	
447	8.9400000000e-01	8.9400000000e-01	2.0882354596e+00	
448	8.9600000000e-01	8.9600000000e-01	2.1731838553e+00	
449	8.9800000000e-01	8.9800000000e-01	2.2594156725e+00	
450	9.0000000000e-01	9.0000000000e-01	2.3468850832e+00	
451	9.0200000000e-01	9.0200000000e-01	2.4355476357e+00	
452	9.0400000000e-01	9.0400000000e-01	2.5253602969e+00	
453	9.0600000000e-01	9.0600000000e-01	2.6162814773e+00	
454	9.0800000000e-01	9.0800000000e-01	2.7082710415e+00	
455	9.1000000000e-01	9.1000000000e-01	2.8012903069e+00	
456	9.1200000000e-01	9.1200000000e-01	2.8953020321e+00	
457	9.1400000000e-01	9.1400000000e-01	2.9902703973e+00	
458	9.1600000000e-01	9.1600000000e-01	3.0861609781e+00	
459	9.1800000000e-01	9.1800000000e-01	3.1829407137e+00	
460	9.2000000000e-01	9.2000000000e-01	3.2805778713e+00	
461	9.2200000000e-01	9.2200000000e-01	3.3790420074e+00	
462	9.2400000000e-01	9.2400000000e-01	3.4783039268e+00	
463	9.2600000000e-01	9.2600000000e-01	3.5783356401e+00	
464	9.2800000000e-01	9.2800000000e-01	3.6791103203e+00	
465	9.3000000000e-01	9.3000000000e-01	3.7806022593e+00	
466	9.3200000000e-01	9.3200000000e-01	3.8827868239e+00	
467	9.3400000000e-01	9.3400000000e-01	3.9856404128e+00	
468	9.3600000000e-01	9.3600000000e-01	4.0891404137e+00	
469	9.3800000000e-01	9.3800000000e-01	4.1932651616e+00	
470	9.4000000000e-01	9.4000000000e-01	4.2979938981e+00	
471	9.4200000000e-01	9.4200000000e-01	4.4033067314e+00	
472	9.4400000000e-01	9.4400000000e-01	4.5091845985e+00	
473	9.4600000000e-01	9.4600000000e-01	4.6156092276e+00	
474	9.4800000000e-01	9.4800000000e-01	4.7225631027e+00	
475	9.5000000000e-01	9.5000000000e-01	4.8300294293e+00	
476	9.5200000000e-01	9.5200000000e-01	4.9379921012e+00	
477	9.5400000000e-01	9.5400000000e-01	5.0464356692e+00	
478	9.5600000000e-01	9.5600000000e-01	5.1553453108e+00	
479	9.5800000000e-01	9.5800000000e-01	5.2647068012e+00	
480	9.6000000000e-01	9.6000000000e-01	5.3745064859e+00	
481	9.6200000000e-01	9.6200000000e-01	5.4847312544e+00	
482	9.6400000000e-01	9.6400000000e-01	5.5953685150e+00	
483	9.6600000000e-01	9.6600000000e-01	5.7064061710e+00	
484	9.6800000000e-01	9.6800000000e-01	5.8178325979e+00	
485	9.7000000000e-01	9.7000000000e-01	5.9296366219e+00	
486	9.7200000000e-01	9.7200000000e-01	6.0418074991e+00	
487	9.7400000000e-01	9.7400000000e-01	6.1543348960e+00	
488	9.7600000000e-01	9.7600000000e-01	6.2672088708e+00	
489	9.7800000000e-01	9.7800000000e-01	6.3804198559e+00	
490	9.8000000000e-01	9.8000000000e-01	6.4939586407e+00	
491	9.8200000000e-01	9.8200000000e-01	6.6078163560e+00	
492	9.8400000000e-01	9.8400000000e-01	6.7219844583e+00	
493	9.8600000000e-01	9.8600000000e-01	6.8364547158e+00	
494	9.8800000000e-01	9.8800000000e-01	6.9512191945e+00	
495	9.9000000000e-01	9.9000000000e-01	7.0662702448e+00	
496	9.9200000000e-01	9.9200000000e-01	7.1816004895e+00	
497	9.9400000000e-01	9.9400000000e-01	7.2972028120e+00	
498	9.9600000000e-01	9.9600000000e-01	7.4130703446e+00	
499	9.9800000000e-01	9.9800000000e-01	7.5291964582e+00	
500	1.0000000000e+00	1.0000000000e+00	7.6455747521e+00	
ngspice-46 done
Warning: diode_pd2nw_06v0: IKR too small - model effect disabled!
