* ====================================================================
* record-id : 20260821-134653-804155b
* testbench : tb_low_side_power_switch.spice (sim/low-side-power-switch, reused verbatim)
* corner    : sf_mc0162_125c_nosupply
* supply    : n/a (no supply rail in this device-level testbench)
* mismatch  : sw_stat_mismatch=1 (sample 162), sw_stat_global=0
* seed      : 20400983
* pdk       : gf180mcuD (/home/ubuntu/.volare/gf180mcuD)
* ngspice   : ngspice-46 : Circuit level simulation program
* run (UTC) : 2026-08-21T13:46:53Z
* ====================================================================

Note: No compatibility mode selected!


Circuit: *include "corner.spice

Doing analysis at TEMP = 125.000000 and TNOM = 27.000000

Using SPARSE 1.3 as Direct Linear Solver

No. of Data Rows : 101
                                                                                                                                                                                                                                                     *include "corner.spice
                                                                                                                                                                                                                                                     DC transfer characteristic  Fri Aug 21 13:47:41  2026
--------------------------------------------------------------------------------------------------------------------------------------------------------------------------------------------------------------------------------------------------------------------------------------------------------------------------------------------------------------------------------------------------------------------------------------------------------------------------------------------------------------------------------
Index   v-sweep         v(vfracds)      ioc_n06_glo     ioc_n06_gmid    ioc_n06_ghi     
--------------------------------------------------------------------------------------------------------------------------------------------------------------------------------------------------------------------------------------------------------------------------------------------------------------------------------------------------------------------------------------------------------------------------------------------------------------------------------------------------------------------------------
0	0.0000000000e+00	0.0000000000e+00	-0.0000000000e+00	-0.0000000000e+00	-0.0000000000e+00	
1	1.0000000000e-02	1.0000000000e-02	1.5170549372e-04	1.7178051193e-04	1.9109958866e-04	
2	2.0000000000e-02	2.0000000000e-02	2.9489223583e-04	3.3510505872e-04	3.7407543182e-04	
3	3.0000000000e-02	3.0000000000e-02	4.2985818806e-04	4.9025551942e-04	5.4917827782e-04	
4	4.0000000000e-02	4.0000000000e-02	5.5688757484e-04	6.3750136478e-04	7.1664864447e-04	
5	5.0000000000e-02	5.0000000000e-02	6.7625163750e-04	7.7710030148e-04	8.7671731156e-04	
6	6.0000000000e-02	6.0000000000e-02	7.8820934041e-04	9.0929887206e-04	1.0296057789e-03	
7	7.0000000000e-02	7.0000000000e-02	8.9300804335e-04	1.0343330223e-03	1.1755266979e-03	
8	8.0000000000e-02	8.0000000000e-02	9.9088414636e-04	1.1524286445e-03	1.3146842837e-03	
9	9.0000000000e-02	9.0000000000e-02	1.0820637064e-03	1.2638020986e-03	1.4472747119e-03	
10	1.0000000000e-01	1.0000000000e-01	1.1667630180e-03	1.3686607105e-03	1.5734865010e-03	
11	1.1000000000e-01	1.1000000000e-01	1.2451891424e-03	1.4672032414e-03	1.6935008820e-03	
12	1.2000000000e-01	1.2000000000e-01	1.3175403606e-03	1.5596203164e-03	1.8074921506e-03	
13	1.3000000000e-01	1.3000000000e-01	1.3840065032e-03	1.6460947986e-03	1.9156279995e-03	
14	1.4000000000e-01	1.4000000000e-01	1.4447690731e-03	1.7268020811e-03	2.0180698237e-03	
15	1.5000000000e-01	1.5000000000e-01	1.5000009927e-03	1.8019102515e-03	2.1149729920e-03	
16	1.6000000000e-01	1.6000000000e-01	1.5498656694e-03	1.8715800505e-03	2.2064870696e-03	
17	1.7000000000e-01	1.7000000000e-01	1.5945149350e-03	1.9359644710e-03	2.2927559742e-03	
18	1.8000000000e-01	1.8000000000e-01	1.6340858854e-03	1.9952077088e-03	2.3739180317e-03	
19	1.9000000000e-01	1.9000000000e-01	1.6687006184e-03	2.0494429280e-03	2.4501058751e-03	
20	2.0000000000e-01	2.0000000000e-01	1.6984876665e-03	2.0987879355e-03	2.5214460854e-03	
21	2.1000000000e-01	2.1000000000e-01	1.7236635163e-03	2.1433377402e-03	2.5880583917e-03	
22	2.2000000000e-01	2.2000000000e-01	1.7446591382e-03	2.1831551673e-03	2.6500540943e-03	
23	2.3000000000e-01	2.3000000000e-01	1.7621367511e-03	2.2182716083e-03	2.7075331133e-03	
24	2.4000000000e-01	2.4000000000e-01	1.7768301099e-03	2.2487341764e-03	2.7605786684e-03	
25	2.5000000000e-01	2.5000000000e-01	1.7893813224e-03	2.2747297089e-03	2.8092483216e-03	
26	2.6000000000e-01	2.6000000000e-01	1.8002858321e-03	2.2966986922e-03	2.8535613013e-03	
27	2.7000000000e-01	2.7000000000e-01	1.8099076586e-03	2.3152844536e-03	2.8934890509e-03	
28	2.8000000000e-01	2.8000000000e-01	1.8185121112e-03	2.3311622577e-03	2.9289746165e-03	
29	2.9000000000e-01	2.9000000000e-01	1.8262945305e-03	2.3449142282e-03	2.9600198975e-03	
30	3.0000000000e-01	3.0000000000e-01	1.8334012064e-03	2.3569954552e-03	2.9868209839e-03	
31	3.1000000000e-01	3.1000000000e-01	1.8399437596e-03	2.3677485554e-03	3.0098223826e-03	
32	3.2000000000e-01	3.2000000000e-01	1.8460089216e-03	2.3774297880e-03	3.0296186152e-03	
33	3.3000000000e-01	3.3000000000e-01	1.8516652305e-03	2.3862323367e-03	3.0468076468e-03	
34	3.4000000000e-01	3.4000000000e-01	1.8569676838e-03	2.3943038515e-03	3.0619039632e-03	
35	3.5000000000e-01	3.5000000000e-01	1.8619610268e-03	2.4017589500e-03	3.0753177055e-03	
36	3.6000000000e-01	3.6000000000e-01	1.8666821173e-03	2.4086879972e-03	3.0873660190e-03	
37	3.7000000000e-01	3.7000000000e-01	1.8711616560e-03	2.4151632888e-03	3.0982925760e-03	
38	3.8000000000e-01	3.8000000000e-01	1.8754254720e-03	2.4212434508e-03	3.1082856008e-03	
39	3.9000000000e-01	3.9000000000e-01	1.8794954939e-03	2.4269766141e-03	3.1174920348e-03	
40	4.0000000000e-01	4.0000000000e-01	1.8833904913e-03	2.4324027374e-03	3.1260280387e-03	
41	4.1000000000e-01	4.1000000000e-01	1.8871266503e-03	2.4375553332e-03	3.1339866302e-03	
42	4.2000000000e-01	4.2000000000e-01	1.8907180243e-03	2.4424627669e-03	3.1414432279e-03	
43	4.3000000000e-01	4.3000000000e-01	1.8941768907e-03	2.4471492492e-03	3.1484596997e-03	
44	4.4000000000e-01	4.4000000000e-01	1.8975140378e-03	2.4516356023e-03	3.1550873495e-03	
45	4.5000000000e-01	4.5000000000e-01	1.9007389951e-03	2.4559398594e-03	3.1613691455e-03	
46	4.6000000000e-01	4.6000000000e-01	1.9038602229e-03	2.4600777381e-03	3.1673414036e-03	
47	4.7000000000e-01	4.7000000000e-01	1.9068852685e-03	2.4640630182e-03	3.1730350733e-03	
48	4.8000000000e-01	4.8000000000e-01	1.9098208963e-03	2.4679078467e-03	3.1784767329e-03	
49	4.9000000000e-01	4.9000000000e-01	1.9126731996e-03	2.4716229863e-03	3.1836893663e-03	
50	5.0000000000e-01	5.0000000000e-01	1.9154476965e-03	2.4752180188e-03	3.1886929776e-03	
51	5.1000000000e-01	5.1000000000e-01	1.9181494163e-03	2.4787015161e-03	3.1935050807e-03	
52	5.2000000000e-01	5.2000000000e-01	1.9207829775e-03	2.4820811838e-03	3.1981410933e-03	
53	5.3000000000e-01	5.3000000000e-01	1.9233526625e-03	2.4853639854e-03	3.2026146579e-03	
54	5.4000000000e-01	5.4000000000e-01	1.9258624902e-03	2.4885562516e-03	3.2069379051e-03	
55	5.5000000000e-01	5.5000000000e-01	1.9283162882e-03	2.4916637801e-03	3.2111216720e-03	
56	5.6000000000e-01	5.6000000000e-01	1.9307177686e-03	2.4946919286e-03	3.2151756866e-03	
57	5.7000000000e-01	5.7000000000e-01	1.9330706059e-03	2.4976457051e-03	3.2191087262e-03	
58	5.8000000000e-01	5.8000000000e-01	1.9353785202e-03	2.5005298583e-03	3.2229287551e-03	
59	5.9000000000e-01	5.9000000000e-01	1.9376453654e-03	2.5033489702e-03	3.2266430505e-03	
60	6.0000000000e-01	6.0000000000e-01	1.9398752231e-03	2.5061075523e-03	3.2302583177e-03	
61	6.1000000000e-01	6.1000000000e-01	1.9420725018e-03	2.5088101487e-03	3.2337808028e-03	
62	6.2000000000e-01	6.2000000000e-01	1.9442420421e-03	2.5114614450e-03	3.2372164031e-03	
63	6.3000000000e-01	6.3000000000e-01	1.9463892263e-03	2.5140663843e-03	3.2405707812e-03	
64	6.4000000000e-01	6.4000000000e-01	1.9485200926e-03	2.5166302917e-03	3.2438494829e-03	
65	6.5000000000e-01	6.5000000000e-01	1.9506414520e-03	2.5191590053e-03	3.2470580638e-03	
66	6.6000000000e-01	6.6000000000e-01	1.9527610083e-03	2.5216590142e-03	3.2502022228e-03	
67	6.7000000000e-01	6.7000000000e-01	1.9548874786e-03	2.5241376024e-03	3.2532879461e-03	
68	6.8000000000e-01	6.8000000000e-01	1.9570307139e-03	2.5266029977e-03	3.2563216608e-03	
69	6.9000000000e-01	6.9000000000e-01	1.9592018188e-03	2.5290645239e-03	3.2593103988e-03	
70	7.0000000000e-01	7.0000000000e-01	1.9614132681e-03	2.5315327556e-03	3.2622619688e-03	
71	7.1000000000e-01	7.1000000000e-01	1.9636790203e-03	2.5340196727e-03	3.2651851380e-03	
72	7.2000000000e-01	7.2000000000e-01	1.9660146265e-03	2.5365388155e-03	3.2680898203e-03	
73	7.3000000000e-01	7.3000000000e-01	1.9684373328e-03	2.5391054353e-03	3.2709872691e-03	
74	7.4000000000e-01	7.4000000000e-01	1.9709661774e-03	2.5417366427e-03	3.2738902754e-03	
75	7.5000000000e-01	7.5000000000e-01	1.9736220788e-03	2.5444515494e-03	3.2768133662e-03	
76	7.6000000000e-01	7.6000000000e-01	1.9764279173e-03	2.5472714037e-03	3.2797730030e-03	
77	7.7000000000e-01	7.7000000000e-01	1.9794086069e-03	2.5502197170e-03	3.2827877786e-03	
78	7.8000000000e-01	7.8000000000e-01	1.9825911587e-03	2.5533223828e-03	3.2858786082e-03	
79	7.9000000000e-01	7.9000000000e-01	1.9860047346e-03	2.5566077838e-03	3.2890689157e-03	
80	8.0000000000e-01	8.0000000000e-01	1.9896806918e-03	2.5601068892e-03	3.2923848107e-03	
81	8.1000000000e-01	8.1000000000e-01	1.9936526171e-03	2.5638533402e-03	3.2958552564e-03	
82	8.2000000000e-01	8.2000000000e-01	1.9979563524e-03	2.5678835238e-03	3.2995122260e-03	
83	8.3000000000e-01	8.3000000000e-01	2.0026300096e-03	2.5722366337e-03	3.3033908465e-03	
84	8.4000000000e-01	8.4000000000e-01	2.0077139770e-03	2.5769547194e-03	3.3075295295e-03	
85	8.5000000000e-01	8.5000000000e-01	2.0132509164e-03	2.5820827223e-03	3.3119700861e-03	
86	8.6000000000e-01	8.6000000000e-01	2.0192857510e-03	2.5876685002e-03	3.3167578283e-03	
87	8.7000000000e-01	8.7000000000e-01	2.0258656458e-03	2.5937628384e-03	3.3219416531e-03	
88	8.8000000000e-01	8.8000000000e-01	2.0330399786e-03	2.6004194503e-03	3.3275741120e-03	
89	8.9000000000e-01	8.9000000000e-01	2.0408603054e-03	2.6076949650e-03	3.3337114631e-03	
90	9.0000000000e-01	9.0000000000e-01	2.0493803168e-03	2.6156489055e-03	3.3404137083e-03	
91	9.1000000000e-01	9.1000000000e-01	2.0586557896e-03	2.6243436550e-03	3.3477446139e-03	
92	9.2000000000e-01	9.2000000000e-01	2.0687445308e-03	2.6338444139e-03	3.3557717159e-03	
93	9.3000000000e-01	9.3000000000e-01	2.0797063175e-03	2.6442191474e-03	3.3645663102e-03	
94	9.4000000000e-01	9.4000000000e-01	2.0916028309e-03	2.6555385246e-03	3.3742034287e-03	
95	9.5000000000e-01	9.5000000000e-01	2.1044975865e-03	2.6678758493e-03	3.3847618007e-03	
96	9.6000000000e-01	9.6000000000e-01	2.1184558599e-03	2.6813069833e-03	3.3963238022e-03	
97	9.7000000000e-01	9.7000000000e-01	2.1335446093e-03	2.6959102637e-03	3.4089753920e-03	
98	9.8000000000e-01	9.8000000000e-01	2.1498323953e-03	2.7117664140e-03	3.4228060366e-03	
99	9.9000000000e-01	9.9000000000e-01	2.1673892982e-03	2.7289584490e-03	3.4379086246e-03	
100	1.0000000000e+00	1.0000000000e+00	2.1862868330e-03	2.7475715769e-03	3.4543793713e-03	
                                                                                                                                                                                                                                                     *include "corner.spice
                                                                                                                                                                                                                                                     DC transfer characteristic  Fri Aug 21 13:47:41  2026
--------------------------------------------------------------------------------------------------------------------------------------------------------------------------------------------------------------------------------------------------------------------------------------------------------------------------------------------------------------------------------------------------------------------------------------------------------------------------------------------------------------------------------
Index   v-sweep         v(vfracds)      ioc_p06_glo     ioc_p06_gmid    ioc_p06_ghi     
--------------------------------------------------------------------------------------------------------------------------------------------------------------------------------------------------------------------------------------------------------------------------------------------------------------------------------------------------------------------------------------------------------------------------------------------------------------------------------------------------------------------------------
0	0.0000000000e+00	0.0000000000e+00	-0.0000000000e+00	-0.0000000000e+00	-0.0000000000e+00	
1	1.0000000000e-02	1.0000000000e-02	-6.109466297e-05	-6.918849243e-05	-7.956860592e-05	
2	2.0000000000e-02	2.0000000000e-02	-1.202157952e-04	-1.364604497e-04	-1.572739270e-04	
3	3.0000000000e-02	3.0000000000e-02	-1.773805402e-04	-2.018317629e-04	-2.331306906e-04	
4	4.0000000000e-02	4.0000000000e-02	-2.326058488e-04	-2.653181510e-04	-3.071534715e-04	
5	5.0000000000e-02	5.0000000000e-02	-2.859084833e-04	-3.269351638e-04	-3.793566933e-04	
6	6.0000000000e-02	6.0000000000e-02	-3.373050211e-04	-3.866981845e-04	-4.497546310e-04	
7	7.0000000000e-02	7.0000000000e-02	-3.868118587e-04	-4.446224330e-04	-5.183614131e-04	
8	8.0000000000e-02	8.0000000000e-02	-4.344452163e-04	-5.007229680e-04	-5.851910237e-04	
9	9.0000000000e-02	9.0000000000e-02	-4.802211425e-04	-5.550146909e-04	-6.502573045e-04	
10	1.0000000000e-01	1.0000000000e-01	-5.241555196e-04	-6.075123481e-04	-7.135739568e-04	
11	1.1000000000e-01	1.1000000000e-01	-5.662640704e-04	-6.582305353e-04	-7.751545444e-04	
12	1.2000000000e-01	1.2000000000e-01	-6.065623649e-04	-7.071837006e-04	-8.350124951e-04	
13	1.3000000000e-01	1.3000000000e-01	-6.450658299e-04	-7.543861488e-04	-8.931611034e-04	
14	1.4000000000e-01	1.4000000000e-01	-6.817897598e-04	-7.998520461e-04	-9.496135331e-04	
15	1.5000000000e-01	1.5000000000e-01	-7.167493308e-04	-8.435954248e-04	-1.004382820e-03	
16	1.6000000000e-01	1.6000000000e-01	-7.499596198e-04	-8.856301904e-04	-1.057481873e-03	
17	1.7000000000e-01	1.7000000000e-01	-7.814356292e-04	-9.259701278e-04	-1.108923482e-03	
18	1.8000000000e-01	1.8000000000e-01	-8.111923221e-04	-9.646289109e-04	-1.158720313e-03	
19	1.9000000000e-01	1.9000000000e-01	-8.392446714e-04	-1.001620113e-03	-1.206884921e-03	
20	2.0000000000e-01	2.0000000000e-01	-8.656077330e-04	-1.036957222e-03	-1.253429747e-03	
21	2.1000000000e-01	2.1000000000e-01	-8.902967548e-04	-1.070653656e-03	-1.298367126e-03	
22	2.2000000000e-01	2.2000000000e-01	-9.133273464e-04	-1.102722793e-03	-1.341709290e-03	
23	2.3000000000e-01	2.3000000000e-01	-9.347157498e-04	-1.133177997e-03	-1.383468379e-03	
24	2.4000000000e-01	2.4000000000e-01	-9.544792843e-04	-1.162032674e-03	-1.423656442e-03	
25	2.5000000000e-01	2.5000000000e-01	-9.726371009e-04	-1.189300330e-03	-1.462285452e-03	
26	2.6000000000e-01	2.6000000000e-01	-9.892114919e-04	-1.214994680e-03	-1.499367313e-03	
27	2.7000000000e-01	2.7000000000e-01	-1.004230209e-03	-1.239129792e-03	-1.534913880e-03	
28	2.8000000000e-01	2.8000000000e-01	-1.017730554e-03	-1.261720320e-03	-1.568936971e-03	
29	2.9000000000e-01	2.9000000000e-01	-1.029766311e-03	-1.282781879e-03	-1.601448400e-03	
30	3.0000000000e-01	3.0000000000e-01	-1.040418061e-03	-1.302331638e-03	-1.632460007e-03	
31	3.1000000000e-01	3.1000000000e-01	-1.049804184e-03	-1.320389323e-03	-1.661983706e-03	
32	3.2000000000e-01	3.2000000000e-01	-1.058083185e-03	-1.336978891e-03	-1.690031555e-03	
33	3.3000000000e-01	3.3000000000e-01	-1.065436943e-03	-1.352131342e-03	-1.716615848e-03	
34	3.4000000000e-01	3.4000000000e-01	-1.072040803e-03	-1.365889254e-03	-1.741749257e-03	
35	3.5000000000e-01	3.5000000000e-01	-1.078041410e-03	-1.378313359e-03	-1.765445048e-03	
36	3.6000000000e-01	3.6000000000e-01	-1.083551931e-03	-1.389489969e-03	-1.787717398e-03	
37	3.7000000000e-01	3.7000000000e-01	-1.088657608e-03	-1.399534764e-03	-1.808581896e-03	
38	3.8000000000e-01	3.8000000000e-01	-1.093423171e-03	-1.408586688e-03	-1.828056339e-03	
39	3.9000000000e-01	3.9000000000e-01	-1.097898747e-03	-1.416791564e-03	-1.846161975e-03	
40	4.0000000000e-01	4.0000000000e-01	-1.102123980e-03	-1.424284659e-03	-1.862925473e-03	
41	4.1000000000e-01	4.1000000000e-01	-1.106130814e-03	-1.431181130e-03	-1.878381861e-03	
42	4.2000000000e-01	4.2000000000e-01	-1.109945402e-03	-1.437574758e-03	-1.892578535e-03	
43	4.3000000000e-01	4.3000000000e-01	-1.113589450e-03	-1.443540797e-03	-1.905579649e-03	
44	4.4000000000e-01	4.4000000000e-01	-1.117081180e-03	-1.449139699e-03	-1.917468844e-03	
45	4.5000000000e-01	4.5000000000e-01	-1.120436046e-03	-1.454420409e-03	-1.928347481e-03	
46	4.6000000000e-01	4.6000000000e-01	-1.123667270e-03	-1.459422957e-03	-1.938327386e-03	
47	4.7000000000e-01	4.7000000000e-01	-1.126786256e-03	-1.464180426e-03	-1.947520900e-03	
48	4.8000000000e-01	4.8000000000e-01	-1.129802905e-03	-1.468720432e-03	-1.956032583e-03	
49	4.9000000000e-01	4.9000000000e-01	-1.132725873e-03	-1.473066242e-03	-1.963954745e-03	
50	5.0000000000e-01	5.0000000000e-01	-1.135562769e-03	-1.477237631e-03	-1.971366366e-03	
51	5.1000000000e-01	5.1000000000e-01	-1.138320317e-03	-1.481251537e-03	-1.978333962e-03	
52	5.2000000000e-01	5.2000000000e-01	-1.141004491e-03	-1.485122573e-03	-1.984913238e-03	
53	5.3000000000e-01	5.3000000000e-01	-1.143620618e-03	-1.488863430e-03	-1.991150854e-03	
54	5.4000000000e-01	5.4000000000e-01	-1.146173471e-03	-1.492485199e-03	-1.997086037e-03	
55	5.5000000000e-01	5.5000000000e-01	-1.148667343e-03	-1.495997626e-03	-2.002751936e-03	
56	5.6000000000e-01	5.6000000000e-01	-1.151106109e-03	-1.499409318e-03	-2.008176734e-03	
57	5.7000000000e-01	5.7000000000e-01	-1.153493277e-03	-1.502727917e-03	-2.013384547e-03	
58	5.8000000000e-01	5.8000000000e-01	-1.155832035e-03	-1.505960233e-03	-2.018396136e-03	
59	5.9000000000e-01	5.9000000000e-01	-1.158125288e-03	-1.509112366e-03	-2.023229485e-03	
60	6.0000000000e-01	6.0000000000e-01	-1.160375688e-03	-1.512189794e-03	-2.027900263e-03	
61	6.1000000000e-01	6.1000000000e-01	-1.162585668e-03	-1.515197462e-03	-2.032422193e-03	
62	6.2000000000e-01	6.2000000000e-01	-1.164757461e-03	-1.518139842e-03	-2.036807362e-03	
63	6.3000000000e-01	6.3000000000e-01	-1.166893121e-03	-1.521020995e-03	-2.041066460e-03	
64	6.4000000000e-01	6.4000000000e-01	-1.168994546e-03	-1.523844618e-03	-2.045208991e-03	
65	6.5000000000e-01	6.5000000000e-01	-1.171063490e-03	-1.526614089e-03	-2.049243437e-03	
66	6.6000000000e-01	6.6000000000e-01	-1.173101579e-03	-1.529332499e-03	-2.053177396e-03	
67	6.7000000000e-01	6.7000000000e-01	-1.175110326e-03	-1.532002685e-03	-2.057017704e-03	
68	6.8000000000e-01	6.8000000000e-01	-1.177091139e-03	-1.534627258e-03	-2.060770531e-03	
69	6.9000000000e-01	6.9000000000e-01	-1.179045337e-03	-1.537208624e-03	-2.064441463e-03	
70	7.0000000000e-01	7.0000000000e-01	-1.180974157e-03	-1.539749010e-03	-2.068035575e-03	
71	7.1000000000e-01	7.1000000000e-01	-1.182878767e-03	-1.542250478e-03	-2.071557487e-03	
72	7.2000000000e-01	7.2000000000e-01	-1.184760278e-03	-1.544714942e-03	-2.075011423e-03	
73	7.3000000000e-01	7.3000000000e-01	-1.186619751e-03	-1.547144187e-03	-2.078401251e-03	
74	7.4000000000e-01	7.4000000000e-01	-1.188458215e-03	-1.549539881e-03	-2.081730519e-03	
75	7.5000000000e-01	7.5000000000e-01	-1.190276678e-03	-1.551903587e-03	-2.085002496e-03	
76	7.6000000000e-01	7.6000000000e-01	-1.192076140e-03	-1.554236782e-03	-2.088220197e-03	
77	7.7000000000e-01	7.7000000000e-01	-1.193857614e-03	-1.556540865e-03	-2.091386408e-03	
78	7.8000000000e-01	7.8000000000e-01	-1.195622142e-03	-1.558817174e-03	-2.094503713e-03	
79	7.9000000000e-01	7.9000000000e-01	-1.197370813e-03	-1.561067005e-03	-2.097574513e-03	
80	8.0000000000e-01	8.0000000000e-01	-1.199104792e-03	-1.563291622e-03	-2.100601044e-03	
81	8.1000000000e-01	8.1000000000e-01	-1.200825343e-03	-1.565492282e-03	-2.103585401e-03	
82	8.2000000000e-01	8.2000000000e-01	-1.202533856e-03	-1.567670251e-03	-2.106529548e-03	
83	8.3000000000e-01	8.3000000000e-01	-1.204231880e-03	-1.569826833e-03	-2.109435342e-03	
84	8.4000000000e-01	8.4000000000e-01	-1.205921156e-03	-1.571963389e-03	-2.112304550e-03	
85	8.5000000000e-01	8.5000000000e-01	-1.207603656e-03	-1.574081374e-03	-2.115138865e-03	
86	8.6000000000e-01	8.6000000000e-01	-1.209281620e-03	-1.576182365e-03	-2.117939930e-03	
87	8.7000000000e-01	8.7000000000e-01	-1.210957598e-03	-1.578268096e-03	-2.120709360e-03	
88	8.8000000000e-01	8.8000000000e-01	-1.212634496e-03	-1.580340504e-03	-2.123448767e-03	
89	8.9000000000e-01	8.9000000000e-01	-1.214315625e-03	-1.582401764e-03	-2.126159790e-03	
90	9.0000000000e-01	9.0000000000e-01	-1.216004745e-03	-1.584454344e-03	-2.128844125e-03	
91	9.1000000000e-01	9.1000000000e-01	-1.217706122e-03	-1.586501049e-03	-2.131503562e-03	
92	9.2000000000e-01	9.2000000000e-01	-1.219424576e-03	-1.588545080e-03	-2.134140024e-03	
93	9.3000000000e-01	9.3000000000e-01	-1.221165540e-03	-1.590590089e-03	-2.136755614e-03	
94	9.4000000000e-01	9.4000000000e-01	-1.222935111e-03	-1.592640241e-03	-2.139352661e-03	
95	9.5000000000e-01	9.5000000000e-01	-1.224740107e-03	-1.594700278e-03	-2.141933779e-03	
96	9.6000000000e-01	9.6000000000e-01	-1.226588127e-03	-1.596775581e-03	-2.144501921e-03	
97	9.7000000000e-01	9.7000000000e-01	-1.228487604e-03	-1.598872245e-03	-2.147060446e-03	
98	9.8000000000e-01	9.8000000000e-01	-1.230447862e-03	-1.600997144e-03	-2.149613190e-03	
99	9.9000000000e-01	9.9000000000e-01	-1.232479175e-03	-1.603158006e-03	-2.152164535e-03	
100	1.0000000000e+00	1.0000000000e+00	-1.234592817e-03	-1.605363484e-03	-2.154719493e-03	
Doing analysis at TEMP = 125.000000 and TNOM = 27.000000

Using SPARSE 1.3 as Direct Linear Solver

No. of Data Rows : 501
                                                                                                                                                                                                                                                     *include "corner.spice
                                                                                                                                                                                                                                                     DC transfer characteristic  Fri Aug 21 13:47:41  2026
--------------------------------------------------------------------------------------------------------------------------------------------------------------------------------------------------------------------------------------------------------------------------------------------------------------------------------------------------------------------------------------------------------------------------------------------------------------------------------------------------------------------------------
Index   v-sweep         v(vfracdi)      ifb             
--------------------------------------------------------------------------------------------------------------------------------------------------------------------------------------------------------------------------------------------------------------------------------------------------------------------------------------------------------------------------------------------------------------------------------------------------------------------------------------------------------------------------------
0	0.0000000000e+00	0.0000000000e+00	-4.568997909e-36	
1	2.0000000000e-03	2.0000000000e-03	3.1939520473e-11	
2	4.0000000000e-03	4.0000000000e-03	6.6176147895e-11	
3	6.0000000000e-03	6.0000000000e-03	1.0287609653e-10	
4	8.0000000000e-03	8.0000000000e-03	1.4221701594e-10	
5	1.0000000000e-02	1.0000000000e-02	1.8438917060e-10	
6	1.2000000000e-02	1.2000000000e-02	2.2959645296e-10	
7	1.4000000000e-02	1.4000000000e-02	2.7805735492e-10	
8	1.6000000000e-02	1.6000000000e-02	3.3000635558e-10	
9	1.8000000000e-02	1.8000000000e-02	3.8569392125e-10	
10	2.0000000000e-02	2.0000000000e-02	4.4539016919e-10	
11	2.2000000000e-02	2.2000000000e-02	5.0938275820e-10	
12	2.4000000000e-02	2.4000000000e-02	5.7798121844e-10	
13	2.6000000000e-02	2.6000000000e-02	6.5151684048e-10	
14	2.8000000000e-02	2.8000000000e-02	7.3034556181e-10	
15	3.0000000000e-02	3.0000000000e-02	8.1484796688e-10	
16	3.2000000000e-02	3.2000000000e-02	9.0543217368e-10	
17	3.4000000000e-02	3.4000000000e-02	1.0025362762e-09	
18	3.6000000000e-02	3.6000000000e-02	1.1066287886e-09	
19	3.8000000000e-02	3.8000000000e-02	1.2182137521e-09	
20	4.0000000000e-02	4.0000000000e-02	1.3378285146e-09	
21	4.2000000000e-02	4.2000000000e-02	1.4660526126e-09	
22	4.4000000000e-02	4.4000000000e-02	1.6035048844e-09	
23	4.6000000000e-02	4.6000000000e-02	1.7508492434e-09	
24	4.8000000000e-02	4.8000000000e-02	1.9087971204e-09	
25	5.0000000000e-02	5.0000000000e-02	2.0781119048e-09	
26	5.2000000000e-02	5.2000000000e-02	2.2596111648e-09	
27	5.4000000000e-02	5.4000000000e-02	2.4541715327e-09	
28	5.6000000000e-02	5.6000000000e-02	2.6627322569e-09	
29	5.8000000000e-02	5.8000000000e-02	2.8863014201e-09	
30	6.0000000000e-02	6.0000000000e-02	3.1259563826e-09	
31	6.2000000000e-02	6.2000000000e-02	3.3828566615e-09	
32	6.4000000000e-02	6.4000000000e-02	3.6582408214e-09	
33	6.6000000000e-02	6.6000000000e-02	3.9534397978e-09	
34	6.8000000000e-02	6.8000000000e-02	4.2698768965e-09	
35	7.0000000000e-02	7.0000000000e-02	4.6090820049e-09	
36	7.2000000000e-02	7.2000000000e-02	4.9726889273e-09	
37	7.4000000000e-02	7.4000000000e-02	5.3624553686e-09	
38	7.6000000000e-02	7.6000000000e-02	5.7802611586e-09	
39	7.8000000000e-02	7.8000000000e-02	6.2281211299e-09	
40	8.0000000000e-02	8.0000000000e-02	6.7081975530e-09	
41	8.2000000000e-02	8.2000000000e-02	7.2228063530e-09	
42	8.4000000000e-02	8.4000000000e-02	7.7744282123e-09	
43	8.6000000000e-02	8.6000000000e-02	8.3657250016e-09	
44	8.8000000000e-02	8.8000000000e-02	8.9995504382e-09	
45	9.0000000000e-02	9.0000000000e-02	9.6789571913e-09	
46	9.2000000000e-02	9.2000000000e-02	1.0407223527e-08	
47	9.4000000000e-02	9.4000000000e-02	1.1187858640e-08	
48	9.6000000000e-02	9.6000000000e-02	1.2024626628e-08	
49	9.8000000000e-02	9.8000000000e-02	1.2921562487e-08	
50	1.0000000000e-01	1.0000000000e-01	1.3882984540e-08	
51	1.0200000000e-01	1.0200000000e-01	1.4913528190e-08	
52	1.0400000000e-01	1.0400000000e-01	1.6018156579e-08	
53	1.0600000000e-01	1.0600000000e-01	1.7202191671e-08	
54	1.0800000000e-01	1.0800000000e-01	1.8471336460e-08	
55	1.1000000000e-01	1.1000000000e-01	1.9831702502e-08	
56	1.1200000000e-01	1.1200000000e-01	2.1289837449e-08	
57	1.1400000000e-01	1.1400000000e-01	2.2852763237e-08	
58	1.1600000000e-01	1.1600000000e-01	2.4528000964e-08	
59	1.1800000000e-01	1.1800000000e-01	2.6323611735e-08	
60	1.2000000000e-01	1.2000000000e-01	2.8248234862e-08	
61	1.2200000000e-01	1.2200000000e-01	3.0311128718e-08	
62	1.2400000000e-01	1.2400000000e-01	3.2522212479e-08	
63	1.2600000000e-01	1.2600000000e-01	3.4892115863e-08	
64	1.2800000000e-01	1.2800000000e-01	3.7432237754e-08	
65	1.3000000000e-01	1.3000000000e-01	4.0154779057e-08	
66	1.3200000000e-01	1.3200000000e-01	4.3072824418e-08	
67	1.3400000000e-01	1.3400000000e-01	4.6200389292e-08	
68	1.3600000000e-01	1.3600000000e-01	4.9552496328e-08	
69	1.3800000000e-01	1.3800000000e-01	5.3145233991e-08	
70	1.4000000000e-01	1.4000000000e-01	5.6995854258e-08	
71	1.4200000000e-01	1.4200000000e-01	6.1122827688e-08	
72	1.4400000000e-01	1.4400000000e-01	6.5545956218e-08	
73	1.4600000000e-01	1.4600000000e-01	7.0286449549e-08	
74	1.4800000000e-01	1.4800000000e-01	7.5367033503e-08	
75	1.5000000000e-01	1.5000000000e-01	8.0812058378e-08	
76	1.5200000000e-01	1.5200000000e-01	8.6647609088e-08	
77	1.5400000000e-01	1.5400000000e-01	9.2901634829e-08	
78	1.5600000000e-01	1.5600000000e-01	9.9604076098e-08	
79	1.5800000000e-01	1.5800000000e-01	1.0678700946e-07	
80	1.6000000000e-01	1.6000000000e-01	1.1448479675e-07	
81	1.6200000000e-01	1.6200000000e-01	1.2273424943e-07	
82	1.6400000000e-01	1.6400000000e-01	1.3157479728e-07	
83	1.6600000000e-01	1.6600000000e-01	1.4104868207e-07	
84	1.6800000000e-01	1.6800000000e-01	1.5120114938e-07	
85	1.7000000000e-01	1.7000000000e-01	1.6208066356e-07	
86	1.7200000000e-01	1.7200000000e-01	1.7373913330e-07	
87	1.7400000000e-01	1.7400000000e-01	1.8623215858e-07	
88	1.7600000000e-01	1.7600000000e-01	1.9961929176e-07	
89	1.7800000000e-01	1.7800000000e-01	2.1396429872e-07	
90	1.8000000000e-01	1.8000000000e-01	2.2933549459e-07	
91	1.8200000000e-01	1.8200000000e-01	2.4580601732e-07	
92	1.8400000000e-01	1.8400000000e-01	2.6345421134e-07	
93	1.8600000000e-01	1.8600000000e-01	2.8236395089e-07	
94	1.8800000000e-01	1.8800000000e-01	3.0262506634e-07	
95	1.9000000000e-01	1.9000000000e-01	3.2433373320e-07	
96	1.9200000000e-01	1.9200000000e-01	3.4759293754e-07	
97	1.9400000000e-01	1.9400000000e-01	3.7251294316e-07	
98	1.9600000000e-01	1.9600000000e-01	3.9921179962e-07	
99	1.9800000000e-01	1.9800000000e-01	4.2781588583e-07	
100	2.0000000000e-01	2.0000000000e-01	4.5846050867e-07	
101	2.0200000000e-01	2.0200000000e-01	4.9129049273e-07	
102	2.0400000000e-01	2.0400000000e-01	5.2646088378e-07	
103	2.0600000000e-01	2.0600000000e-01	5.6413762373e-07	
104	2.0800000000e-01	2.0800000000e-01	6.0449832873e-07	
105	2.1000000000e-01	2.1000000000e-01	6.4773309560e-07	
106	2.1200000000e-01	2.1200000000e-01	6.9404536696e-07	
107	2.1400000000e-01	2.1400000000e-01	7.4365285307e-07	
108	2.1600000000e-01	2.1600000000e-01	7.9678851606e-07	
109	2.1800000000e-01	2.1800000000e-01	8.5370163028e-07	
110	2.2000000000e-01	2.2000000000e-01	9.1465890684e-07	
111	2.2200000000e-01	2.2200000000e-01	9.7994568193e-07	
112	2.2400000000e-01	2.2400000000e-01	1.0498672083e-06	
113	2.2600000000e-01	2.2600000000e-01	1.1247500318e-06	
114	2.2800000000e-01	2.2800000000e-01	1.2049434126e-06	
115	2.3000000000e-01	2.3000000000e-01	1.2908209239e-06	
116	2.3200000000e-01	2.3200000000e-01	1.3827820808e-06	
117	2.3400000000e-01	2.3400000000e-01	1.4812541167e-06	
118	2.3600000000e-01	2.3600000000e-01	1.5866938678e-06	
119	2.3800000000e-01	2.3800000000e-01	1.6995897845e-06	
120	2.4000000000e-01	2.4000000000e-01	1.8204640746e-06	
121	2.4200000000e-01	2.4200000000e-01	1.9498749655e-06	
122	2.4400000000e-01	2.4400000000e-01	2.0884191549e-06	
123	2.4600000000e-01	2.4600000000e-01	2.2367343870e-06	
124	2.4800000000e-01	2.4800000000e-01	2.3955022126e-06	
125	2.5000000000e-01	2.5000000000e-01	2.5654509077e-06	
126	2.5200000000e-01	2.5200000000e-01	2.7473586091e-06	
127	2.5400000000e-01	2.5400000000e-01	2.9420566268e-06	
128	2.5600000000e-01	2.5600000000e-01	3.1504329652e-06	
129	2.5800000000e-01	2.5800000000e-01	3.3734360958e-06	
130	2.6000000000e-01	2.6000000000e-01	3.6120789346e-06	
131	2.6200000000e-01	2.6200000000e-01	3.8674430893e-06	
132	2.6400000000e-01	2.6400000000e-01	4.1406833571e-06	
133	2.6600000000e-01	2.6600000000e-01	4.4330325117e-06	
134	2.6800000000e-01	2.6800000000e-01	4.7458064092e-06	
135	2.7000000000e-01	2.7000000000e-01	5.0804093501e-06	
136	2.7200000000e-01	2.7200000000e-01	5.4383398087e-06	
137	2.7400000000e-01	2.7400000000e-01	5.8211965239e-06	
138	2.7600000000e-01	2.7600000000e-01	6.2306849156e-06	
139	2.7800000000e-01	2.7800000000e-01	6.6686239268e-06	
140	2.8000000000e-01	2.8000000000e-01	7.1369532257e-06	
141	2.8200000000e-01	2.8200000000e-01	7.6377408931e-06	
142	2.8400000000e-01	2.8400000000e-01	8.1731915209e-06	
143	2.8600000000e-01	2.8600000000e-01	8.7456547764e-06	
144	2.8800000000e-01	2.8800000000e-01	9.3576345002e-06	
145	2.9000000000e-01	2.9000000000e-01	1.0011798295e-05	
146	2.9200000000e-01	2.9200000000e-01	1.0710987654e-05	
147	2.9400000000e-01	2.9400000000e-01	1.1458228705e-05	
148	2.9600000000e-01	2.9600000000e-01	1.2256743501e-05	
149	2.9800000000e-01	2.9800000000e-01	1.3109961962e-05	
150	3.0000000000e-01	3.0000000000e-01	1.4021534490e-05	
151	3.0200000000e-01	3.0200000000e-01	1.4995345223e-05	
152	3.0400000000e-01	3.0400000000e-01	1.6035526038e-05	
153	3.0600000000e-01	3.0600000000e-01	1.7146471297e-05	
154	3.0800000000e-01	3.0800000000e-01	1.8332853339e-05	
155	3.1000000000e-01	3.1000000000e-01	1.9599638815e-05	
156	3.1200000000e-01	3.1200000000e-01	2.0952105825e-05	
157	3.1400000000e-01	3.1400000000e-01	2.2395861947e-05	
158	3.1600000000e-01	3.1600000000e-01	2.3936863165e-05	
159	3.1800000000e-01	3.1800000000e-01	2.5581433711e-05	
160	3.2000000000e-01	3.2000000000e-01	2.7336286909e-05	
161	3.2200000000e-01	3.2200000000e-01	2.9208546980e-05	
162	3.2400000000e-01	3.2400000000e-01	3.1205771894e-05	
163	3.2600000000e-01	3.2600000000e-01	3.3335977285e-05	
164	3.2800000000e-01	3.2800000000e-01	3.5607661456e-05	
165	3.3000000000e-01	3.3000000000e-01	3.8029831511e-05	
166	3.3200000000e-01	3.3200000000e-01	4.0612030627e-05	
167	3.3400000000e-01	3.3400000000e-01	4.3364366526e-05	
168	3.3600000000e-01	3.3600000000e-01	4.6297541150e-05	
169	3.3800000000e-01	3.3800000000e-01	4.9422881563e-05	
170	3.4000000000e-01	3.4000000000e-01	5.2752372149e-05	
171	3.4200000000e-01	3.4200000000e-01	5.6298688040e-05	
172	3.4400000000e-01	3.4400000000e-01	6.0075229932e-05	
173	3.4600000000e-01	3.4600000000e-01	6.4096160134e-05	
174	3.4800000000e-01	3.4800000000e-01	6.8376440069e-05	
175	3.5000000000e-01	3.5000000000e-01	7.2931869074e-05	
176	3.5200000000e-01	3.5200000000e-01	7.7779124595e-05	
177	3.5400000000e-01	3.5400000000e-01	8.2935803775e-05	
178	3.5600000000e-01	3.5600000000e-01	8.8420466497e-05	
179	3.5800000000e-01	3.5800000000e-01	9.4252679752e-05	
180	3.6000000000e-01	3.6000000000e-01	1.0045306353e-04	
181	3.6200000000e-01	3.6200000000e-01	1.0704333804e-04	
182	3.6400000000e-01	3.6400000000e-01	1.1404637247e-04	
183	3.6600000000e-01	3.6600000000e-01	1.2148623506e-04	
184	3.6800000000e-01	3.6800000000e-01	1.2938824472e-04	
185	3.7000000000e-01	3.7000000000e-01	1.3777902401e-04	
186	3.7200000000e-01	3.7200000000e-01	1.4668655359e-04	
187	3.7400000000e-01	3.7400000000e-01	1.5614022810e-04	
188	3.7600000000e-01	3.7600000000e-01	1.6617091341e-04	
189	3.7800000000e-01	3.7800000000e-01	1.7681100541e-04	
190	3.8000000000e-01	3.8000000000e-01	1.8809449016e-04	
191	3.8200000000e-01	3.8200000000e-01	2.0005700544e-04	
192	3.8400000000e-01	3.8400000000e-01	2.1273590387e-04	
193	3.8600000000e-01	3.8600000000e-01	2.2617031729e-04	
194	3.8800000000e-01	3.8800000000e-01	2.4040122283e-04	
195	3.9000000000e-01	3.9000000000e-01	2.5547151027e-04	
196	3.9200000000e-01	3.9200000000e-01	2.7142605104e-04	
197	3.9400000000e-01	3.9400000000e-01	2.8831176870e-04	
198	3.9600000000e-01	3.9600000000e-01	3.0617771109e-04	
199	3.9800000000e-01	3.9800000000e-01	3.2507512402e-04	
200	4.0000000000e-01	4.0000000000e-01	3.4505752681e-04	
201	4.0200000000e-01	4.0200000000e-01	3.6618078954e-04	
202	4.0400000000e-01	4.0400000000e-01	3.8850321223e-04	
203	4.0600000000e-01	4.0600000000e-01	4.1208560606e-04	
204	4.0800000000e-01	4.0800000000e-01	4.3699137669e-04	
205	4.1000000000e-01	4.1000000000e-01	4.6328660988e-04	
206	4.1200000000e-01	4.1200000000e-01	4.9104015964e-04	
207	4.1400000000e-01	4.1400000000e-01	5.2032373899e-04	
208	4.1600000000e-01	4.1600000000e-01	5.5121201355e-04	
209	4.1800000000e-01	4.1800000000e-01	5.8378269843e-04	
210	4.2000000000e-01	4.2000000000e-01	6.1811665831e-04	
211	4.2200000000e-01	4.2200000000e-01	6.5429801136e-04	
212	4.2400000000e-01	4.2400000000e-01	6.9241423716e-04	
213	4.2600000000e-01	4.2600000000e-01	7.3255628901e-04	
214	4.2800000000e-01	4.2800000000e-01	7.7481871098e-04	
215	4.3000000000e-01	4.3000000000e-01	8.1929976021e-04	
216	4.3200000000e-01	4.3200000000e-01	8.6610153494e-04	
217	4.3400000000e-01	4.3400000000e-01	9.1533010857e-04	
218	4.3600000000e-01	4.3600000000e-01	9.6709567055e-04	
219	4.3800000000e-01	4.3800000000e-01	1.0215126745e-03	
220	4.4000000000e-01	4.4000000000e-01	1.0786999941e-03	
221	4.4200000000e-01	4.4200000000e-01	1.1387810879e-03	
222	4.4400000000e-01	4.4400000000e-01	1.2018841728e-03	
223	4.4600000000e-01	4.4600000000e-01	1.2681424077e-03	
224	4.4800000000e-01	4.4800000000e-01	1.3376940881e-03	
225	4.5000000000e-01	4.5000000000e-01	1.4106828521e-03	
226	4.5200000000e-01	4.5200000000e-01	1.4872578986e-03	
227	4.5400000000e-01	4.5400000000e-01	1.5675742188e-03	
228	4.5600000000e-01	4.5600000000e-01	1.6517928424e-03	
229	4.5800000000e-01	4.5800000000e-01	1.7400810984e-03	
230	4.6000000000e-01	4.6000000000e-01	1.8326128926e-03	
231	4.6200000000e-01	4.6200000000e-01	1.9295690026e-03	
232	4.6400000000e-01	4.6400000000e-01	2.0311373906e-03	
233	4.6600000000e-01	4.6600000000e-01	2.1375135372e-03	
234	4.6800000000e-01	4.6800000000e-01	2.2489007947e-03	
235	4.7000000000e-01	4.7000000000e-01	2.3655107640e-03	
236	4.7200000000e-01	4.7200000000e-01	2.4875636945e-03	
237	4.7400000000e-01	4.7400000000e-01	2.6152889097e-03	
238	4.7600000000e-01	4.7600000000e-01	2.7489252592e-03	
239	4.7800000000e-01	4.7800000000e-01	2.8887215990e-03	
240	4.8000000000e-01	4.8000000000e-01	3.0349373022e-03	
241	4.8200000000e-01	4.8200000000e-01	3.1878428016e-03	
242	4.8400000000e-01	4.8400000000e-01	3.3477201654e-03	
243	4.8600000000e-01	4.8600000000e-01	3.5148637093e-03	
244	4.8800000000e-01	4.8800000000e-01	3.6895806464e-03	
245	4.9000000000e-01	4.9000000000e-01	3.8721917769e-03	
246	4.9200000000e-01	4.9200000000e-01	4.0630322203e-03	
247	4.9400000000e-01	4.9400000000e-01	4.2624521927e-03	
248	4.9600000000e-01	4.9600000000e-01	4.4708178314e-03	
249	4.9800000000e-01	4.9800000000e-01	4.6885120700e-03	
250	5.0000000000e-01	5.0000000000e-01	4.9159355666e-03	
251	5.0200000000e-01	5.0200000000e-01	5.1535076888e-03	
252	5.0400000000e-01	5.0400000000e-01	5.4016675579e-03	
253	5.0600000000e-01	5.0600000000e-01	5.6608751568e-03	
254	5.0800000000e-01	5.0800000000e-01	5.9316125044e-03	
255	5.1000000000e-01	5.1000000000e-01	6.2143849017e-03	
256	5.1200000000e-01	5.1200000000e-01	6.5097222521e-03	
257	5.1400000000e-01	5.1400000000e-01	6.8181804619e-03	
258	5.1600000000e-01	5.1600000000e-01	7.1403429253e-03	
259	5.1800000000e-01	5.1800000000e-01	7.4768220976e-03	
260	5.2000000000e-01	5.2000000000e-01	7.8282611645e-03	
261	5.2200000000e-01	5.2200000000e-01	8.1953358106e-03	
262	5.2400000000e-01	5.2400000000e-01	8.5787560943e-03	
263	5.2600000000e-01	5.2600000000e-01	8.9792684353e-03	
264	5.2800000000e-01	5.2800000000e-01	9.3976577211e-03	
265	5.3000000000e-01	5.3000000000e-01	9.8347495397e-03	
266	5.3200000000e-01	5.3200000000e-01	1.0291412546e-02	
267	5.3400000000e-01	5.3400000000e-01	1.0768560968e-02	
268	5.3600000000e-01	5.3600000000e-01	1.1267157266e-02	
269	5.3800000000e-01	5.3800000000e-01	1.1788214948e-02	
270	5.4000000000e-01	5.4000000000e-01	1.2332801551e-02	
271	5.4200000000e-01	5.4200000000e-01	1.2902041800e-02	
272	5.4400000000e-01	5.4400000000e-01	1.3497120959e-02	
273	5.4600000000e-01	5.4600000000e-01	1.4119288372e-02	
274	5.4800000000e-01	5.4800000000e-01	1.4769861217e-02	
275	5.5000000000e-01	5.5000000000e-01	1.5450228479e-02	
276	5.5200000000e-01	5.5200000000e-01	1.6161855156e-02	
277	5.5400000000e-01	5.5400000000e-01	1.6906286707e-02	
278	5.5600000000e-01	5.5600000000e-01	1.7685153759e-02	
279	5.5800000000e-01	5.5800000000e-01	1.8500177088e-02	
280	5.6000000000e-01	5.6000000000e-01	1.9353172874e-02	
281	5.6200000000e-01	5.6200000000e-01	2.0246058267e-02	
282	5.6400000000e-01	5.6400000000e-01	2.1180857258e-02	
283	5.6600000000e-01	5.6600000000e-01	2.2159706880e-02	
284	5.6800000000e-01	5.6800000000e-01	2.3184863751e-02	
285	5.7000000000e-01	5.7000000000e-01	2.4258710975e-02	
286	5.7200000000e-01	5.7200000000e-01	2.5383765419e-02	
287	5.7400000000e-01	5.7400000000e-01	2.6562685368e-02	
288	5.7600000000e-01	5.7600000000e-01	2.7798278595e-02	
289	5.7800000000e-01	5.7800000000e-01	2.9093510840e-02	
290	5.8000000000e-01	5.8000000000e-01	3.0451514723e-02	
291	5.8200000000e-01	5.8200000000e-01	3.1875599099e-02	
292	5.8400000000e-01	5.8400000000e-01	3.3369258872e-02	
293	5.8600000000e-01	5.8600000000e-01	3.4936185273e-02	
294	5.8800000000e-01	5.8800000000e-01	3.6580276618e-02	
295	5.9000000000e-01	5.9000000000e-01	3.8305649545e-02	
296	5.9200000000e-01	5.9200000000e-01	4.0116650744e-02	
297	5.9400000000e-01	5.9400000000e-01	4.2017869172e-02	
298	5.9600000000e-01	5.9600000000e-01	4.4014148767e-02	
299	5.9800000000e-01	5.9800000000e-01	4.6110601634e-02	
300	6.0000000000e-01	6.0000000000e-01	4.8312621719e-02	
301	6.0200000000e-01	6.0200000000e-01	5.0625898932e-02	
302	6.0400000000e-01	6.0400000000e-01	5.3056433722e-02	
303	6.0600000000e-01	6.0600000000e-01	5.5610552054e-02	
304	6.0800000000e-01	6.0800000000e-01	5.8294920779e-02	
305	6.1000000000e-01	6.1000000000e-01	6.1116563327e-02	
306	6.1200000000e-01	6.1200000000e-01	6.4082875697e-02	
307	6.1400000000e-01	6.1400000000e-01	6.7201642667e-02	
308	6.1600000000e-01	6.1600000000e-01	7.0481054153e-02	
309	6.1800000000e-01	6.1800000000e-01	7.3929721636e-02	
310	6.2000000000e-01	6.2000000000e-01	7.7556694561e-02	
311	6.2200000000e-01	6.2200000000e-01	8.1371476584e-02	
312	6.2400000000e-01	6.2400000000e-01	8.5384041558e-02	
313	6.2600000000e-01	6.2600000000e-01	8.9604849092e-02	
314	6.2800000000e-01	6.2800000000e-01	9.4044859549e-02	
315	6.3000000000e-01	6.3000000000e-01	9.8715548282e-02	
316	6.3200000000e-01	6.3200000000e-01	1.0362891893e-01	
317	6.3400000000e-01	6.3400000000e-01	1.0879751556e-01	
318	6.3600000000e-01	6.3600000000e-01	1.1423443340e-01	
319	6.3800000000e-01	6.3800000000e-01	1.1995332795e-01	
320	6.4000000000e-01	6.4000000000e-01	1.2596842222e-01	
321	6.4200000000e-01	6.4200000000e-01	1.3229451172e-01	
322	6.4400000000e-01	6.4400000000e-01	1.3894696707e-01	
323	6.4600000000e-01	6.4600000000e-01	1.4594173375e-01	
324	6.4800000000e-01	6.4800000000e-01	1.5329532884e-01	
325	6.5000000000e-01	6.5000000000e-01	1.6102483435e-01	
326	6.5200000000e-01	6.5200000000e-01	1.6914788683e-01	
327	6.5400000000e-01	6.5400000000e-01	1.7768266305e-01	
328	6.5600000000e-01	6.5600000000e-01	1.8664786128e-01	
329	6.5800000000e-01	6.5800000000e-01	1.9606267817e-01	
330	6.6000000000e-01	6.6000000000e-01	2.0594678067e-01	
331	6.6200000000e-01	6.6200000000e-01	2.1632027312e-01	
332	6.6400000000e-01	6.6400000000e-01	2.2720365908e-01	
333	6.6600000000e-01	6.6600000000e-01	2.3861779796e-01	
334	6.6800000000e-01	6.6800000000e-01	2.5058385630e-01	
335	6.7000000000e-01	6.7000000000e-01	2.6312325387e-01	
336	6.7200000000e-01	6.7200000000e-01	2.7625760448e-01	
337	6.7400000000e-01	6.7400000000e-01	2.9000865192e-01	
338	6.7600000000e-01	6.7600000000e-01	3.0439820112e-01	
339	6.7800000000e-01	6.7800000000e-01	3.1944804497e-01	
340	6.8000000000e-01	6.8000000000e-01	3.3517988729e-01	
341	6.8200000000e-01	6.8200000000e-01	3.5161526238e-01	
342	6.8400000000e-01	6.8400000000e-01	3.6877545194e-01	
343	6.8600000000e-01	6.8600000000e-01	3.8668139995e-01	
344	6.8800000000e-01	6.8800000000e-01	4.0535362631e-01	
345	6.9000000000e-01	6.9000000000e-01	4.2481214020e-01	
346	6.9200000000e-01	6.9200000000e-01	4.4507635389e-01	
347	6.9400000000e-01	6.9400000000e-01	4.6616499803e-01	
348	6.9600000000e-01	6.9600000000e-01	4.8809603934e-01	
349	6.9800000000e-01	6.9800000000e-01	5.1088660159e-01	
350	7.0000000000e-01	7.0000000000e-01	5.3455289086e-01	
351	7.0200000000e-01	7.0200000000e-01	5.5911012578e-01	
352	7.0400000000e-01	7.0400000000e-01	5.8457247377e-01	
353	7.0600000000e-01	7.0600000000e-01	6.1095299372e-01	
354	7.0800000000e-01	7.0800000000e-01	6.3826358602e-01	
355	7.1000000000e-01	7.1000000000e-01	6.6651495020e-01	
356	7.1200000000e-01	7.1200000000e-01	6.9571655066e-01	
357	7.1400000000e-01	7.1400000000e-01	7.2587659087e-01	
358	7.1600000000e-01	7.1600000000e-01	7.5700199587e-01	
359	7.1800000000e-01	7.1800000000e-01	7.8909840346e-01	
360	7.2000000000e-01	7.2000000000e-01	8.2217016360e-01	
361	7.2200000000e-01	7.2200000000e-01	8.5622034603e-01	
362	7.2400000000e-01	7.2400000000e-01	8.9125075568e-01	
363	7.2600000000e-01	7.2600000000e-01	9.2726195533e-01	
364	7.2800000000e-01	7.2800000000e-01	9.6425329521e-01	
365	7.3000000000e-01	7.3000000000e-01	1.0022229487e+00	
366	7.3200000000e-01	7.3200000000e-01	1.0411679538e+00	
367	7.3400000000e-01	7.3400000000e-01	1.0810842592e+00	
368	7.3600000000e-01	7.3600000000e-01	1.1219667747e+00	
369	7.3800000000e-01	7.3800000000e-01	1.1638094253e+00	
370	7.4000000000e-01	7.4000000000e-01	1.2066052078e+00	
371	7.4200000000e-01	7.4200000000e-01	1.2503462497e+00	
372	7.4400000000e-01	7.4400000000e-01	1.2950238688e+00	
373	7.4600000000e-01	7.4600000000e-01	1.3406286354e+00	
374	7.4800000000e-01	7.4800000000e-01	1.3871504323e+00	
375	7.5000000000e-01	7.5000000000e-01	1.4345785166e+00	
376	7.5200000000e-01	7.5200000000e-01	1.4829015799e+00	
377	7.5400000000e-01	7.5400000000e-01	1.5321078067e+00	
378	7.5600000000e-01	7.5600000000e-01	1.5821849326e+00	
379	7.5800000000e-01	7.5800000000e-01	1.6331202996e+00	
380	7.6000000000e-01	7.6000000000e-01	1.6849009094e+00	
381	7.6200000000e-01	7.6200000000e-01	1.7375134751e+00	
382	7.6400000000e-01	7.6400000000e-01	1.7909444694e+00	
383	7.6600000000e-01	7.6600000000e-01	1.8451801708e+00	
384	7.6800000000e-01	7.6800000000e-01	1.9002067070e+00	
385	7.7000000000e-01	7.7000000000e-01	1.9560100956e+00	
386	7.7200000000e-01	7.7200000000e-01	2.0125762820e+00	
387	7.7400000000e-01	7.7400000000e-01	2.0698911744e+00	
388	7.7600000000e-01	7.7600000000e-01	2.1279406764e+00	
389	7.7800000000e-01	7.7800000000e-01	2.1867107171e+00	
390	7.8000000000e-01	7.8000000000e-01	2.2461872779e+00	
391	7.8200000000e-01	7.8200000000e-01	2.3063564177e+00	
392	7.8400000000e-01	7.8400000000e-01	2.3672042955e+00	
393	7.8600000000e-01	7.8600000000e-01	2.4287171904e+00	
394	7.8800000000e-01	7.8800000000e-01	2.4908815198e+00	
395	7.9000000000e-01	7.9000000000e-01	2.5536838558e+00	
396	7.9200000000e-01	7.9200000000e-01	2.6171109389e+00	
397	7.9400000000e-01	7.9400000000e-01	2.6811496909e+00	
398	7.9600000000e-01	7.9600000000e-01	2.7457872255e+00	
399	7.9800000000e-01	7.9800000000e-01	2.8110108576e+00	
400	8.0000000000e-01	8.0000000000e-01	2.8768081113e+00	
401	8.0200000000e-01	8.0200000000e-01	2.9431667260e+00	
402	8.0400000000e-01	8.0400000000e-01	3.0100746622e+00	
403	8.0600000000e-01	8.0600000000e-01	3.0775201056e+00	
404	8.0800000000e-01	8.0800000000e-01	3.1454914701e+00	
405	8.1000000000e-01	8.1000000000e-01	3.2139774004e+00	
406	8.1200000000e-01	8.1200000000e-01	3.2829667730e+00	
407	8.1400000000e-01	8.1400000000e-01	3.3524486975e+00	
408	8.1600000000e-01	8.1600000000e-01	3.4224125164e+00	
409	8.1800000000e-01	8.1800000000e-01	3.4928478041e+00	
410	8.2000000000e-01	8.2000000000e-01	3.5637443665e+00	
411	8.2200000000e-01	8.2200000000e-01	3.6350922389e+00	
412	8.2400000000e-01	8.2400000000e-01	3.7068816842e+00	
413	8.2600000000e-01	8.2600000000e-01	3.7791031904e+00	
414	8.2800000000e-01	8.2800000000e-01	3.8517474680e+00	
415	8.3000000000e-01	8.3000000000e-01	3.9248054469e+00	
416	8.3200000000e-01	8.3200000000e-01	3.9982682731e+00	
417	8.3400000000e-01	8.3400000000e-01	4.0721273053e+00	
418	8.3600000000e-01	8.3600000000e-01	4.1463741115e+00	
419	8.3800000000e-01	8.3800000000e-01	4.2210004649e+00	
420	8.4000000000e-01	8.4000000000e-01	4.2959983400e+00	
421	8.4200000000e-01	8.4200000000e-01	4.3713599090e+00	
422	8.4400000000e-01	8.4400000000e-01	4.4470775373e+00	
423	8.4600000000e-01	8.4600000000e-01	4.5231437798e+00	
424	8.4800000000e-01	8.4800000000e-01	4.5995513763e+00	
425	8.5000000000e-01	8.5000000000e-01	4.6762932478e+00	
426	8.5200000000e-01	8.5200000000e-01	4.7533624920e+00	
427	8.5400000000e-01	8.5400000000e-01	4.8307523796e+00	
428	8.5600000000e-01	8.5600000000e-01	4.9084563495e+00	
429	8.5800000000e-01	8.5800000000e-01	4.9864680052e+00	
430	8.6000000000e-01	8.6000000000e-01	5.0647811106e+00	
431	8.6200000000e-01	8.6200000000e-01	5.1433895862e+00	
432	8.6400000000e-01	8.6400000000e-01	5.2222875045e+00	
433	8.6600000000e-01	8.6600000000e-01	5.3014690868e+00	
434	8.6800000000e-01	8.6800000000e-01	5.3809286992e+00	
435	8.7000000000e-01	8.7000000000e-01	5.4606608483e+00	
436	8.7200000000e-01	8.7200000000e-01	5.5406601781e+00	
437	8.7400000000e-01	8.7400000000e-01	5.6209214662e+00	
438	8.7600000000e-01	8.7600000000e-01	5.7014396200e+00	
439	8.7800000000e-01	8.7800000000e-01	5.7822096736e+00	
440	8.8000000000e-01	8.8000000000e-01	5.8632267840e+00	
441	8.8200000000e-01	8.8200000000e-01	5.9444862279e+00	
442	8.8400000000e-01	8.8400000000e-01	6.0259833987e+00	
443	8.8600000000e-01	8.8600000000e-01	6.1077138028e+00	
444	8.8800000000e-01	8.8800000000e-01	6.1896730570e+00	
445	8.9000000000e-01	8.9000000000e-01	6.2718568851e+00	
446	8.9200000000e-01	8.9200000000e-01	6.3542611154e+00	
447	8.9400000000e-01	8.9400000000e-01	6.4368816773e+00	
448	8.9600000000e-01	8.9600000000e-01	6.5197145988e+00	
449	8.9800000000e-01	8.9800000000e-01	6.6027560038e+00	
450	9.0000000000e-01	9.0000000000e-01	6.6860021093e+00	
451	9.0200000000e-01	9.0200000000e-01	6.7694492230e+00	
452	9.0400000000e-01	9.0400000000e-01	6.8530937406e+00	
453	9.0600000000e-01	9.0600000000e-01	6.9369321436e+00	
454	9.0800000000e-01	9.0800000000e-01	7.0209609968e+00	
455	9.1000000000e-01	9.1000000000e-01	7.1051769458e+00	
456	9.1200000000e-01	9.1200000000e-01	7.1895767152e+00	
457	9.1400000000e-01	9.1400000000e-01	7.2741571063e+00	
458	9.1600000000e-01	9.1600000000e-01	7.3589149945e+00	
459	9.1800000000e-01	9.1800000000e-01	7.4438473281e+00	
460	9.2000000000e-01	9.2000000000e-01	7.5289511255e+00	
461	9.2200000000e-01	9.2200000000e-01	7.6142234740e+00	
462	9.2400000000e-01	9.2400000000e-01	7.6996615274e+00	
463	9.2600000000e-01	9.2600000000e-01	7.7852625042e+00	
464	9.2800000000e-01	9.2800000000e-01	7.8710236862e+00	
465	9.3000000000e-01	9.3000000000e-01	7.9569424166e+00	
466	9.3200000000e-01	9.3200000000e-01	8.0430160981e+00	
467	9.3400000000e-01	9.3400000000e-01	8.1292421918e+00	
468	9.3600000000e-01	9.3600000000e-01	8.2156182152e+00	
469	9.3800000000e-01	9.3800000000e-01	8.3021417407e+00	
470	9.4000000000e-01	9.4000000000e-01	8.3888103946e+00	
471	9.4200000000e-01	9.4200000000e-01	8.4756218549e+00	
472	9.4400000000e-01	9.4400000000e-01	8.5625738506e+00	
473	9.4600000000e-01	9.4600000000e-01	8.6496641602e+00	
474	9.4800000000e-01	9.4800000000e-01	8.7368906100e+00	
475	9.5000000000e-01	9.5000000000e-01	8.8242510732e+00	
476	9.5200000000e-01	9.5200000000e-01	8.9117434689e+00	
477	9.5400000000e-01	9.5400000000e-01	8.9993657602e+00	
478	9.5600000000e-01	9.5600000000e-01	9.0871159536e+00	
479	9.5800000000e-01	9.5800000000e-01	9.1749920978e+00	
480	9.6000000000e-01	9.6000000000e-01	9.2629922823e+00	
481	9.6200000000e-01	9.6200000000e-01	9.3511146370e+00	
482	9.6400000000e-01	9.6400000000e-01	9.4393573302e+00	
483	9.6600000000e-01	9.6600000000e-01	9.5277185685e+00	
484	9.6800000000e-01	9.6800000000e-01	9.6161965954e+00	
485	9.7000000000e-01	9.7000000000e-01	9.7047896905e+00	
486	9.7200000000e-01	9.7200000000e-01	9.7934961683e+00	
487	9.7400000000e-01	9.7400000000e-01	9.8823143778e+00	
488	9.7600000000e-01	9.7600000000e-01	9.9712427013e+00	
489	9.7800000000e-01	9.7800000000e-01	1.0060279554e+01	
490	9.8000000000e-01	9.8000000000e-01	1.0149423381e+01	
491	9.8200000000e-01	9.8200000000e-01	1.0238672661e+01	
492	9.8400000000e-01	9.8400000000e-01	1.0328025902e+01	
493	9.8600000000e-01	9.8600000000e-01	1.0417481641e+01	
494	9.8800000000e-01	9.8800000000e-01	1.0507038443e+01	
495	9.9000000000e-01	9.9000000000e-01	1.0596694902e+01	
496	9.9200000000e-01	9.9200000000e-01	1.0686449639e+01	
497	9.9400000000e-01	9.9400000000e-01	1.0776301303e+01	
498	9.9600000000e-01	9.9600000000e-01	1.0866248567e+01	
499	9.9800000000e-01	9.9800000000e-01	1.0956290130e+01	
500	1.0000000000e+00	1.0000000000e+00	1.1046424717e+01	
ngspice-46 done
Warning: diode_pd2nw_06v0: IKR too small - model effect disabled!
