* ====================================================================
* record-id : 20260821-134653-804155b
* testbench : tb_low_side_power_switch.spice (sim/low-side-power-switch, reused verbatim)
* corner    : ss_27c_nosupply
* supply    : n/a (no supply rail in this device-level testbench)
* mismatch  : none -- plain deck (sw_stat_mismatch=0 by the gf180mcu design.ngspice default). This is negative-control leg 1: the zero-sigma control logged alongside it must match this run exactly.
* pdk       : gf180mcuD (/home/ubuntu/.volare/gf180mcuD)
* ngspice   : ngspice-46 : Circuit level simulation program
* run (UTC) : 2026-08-21T13:46:53Z
* ====================================================================

Note: No compatibility mode selected!


Circuit: *include "corner.spice

Doing analysis at TEMP = 27.000000 and TNOM = 27.000000

Using SPARSE 1.3 as Direct Linear Solver

No. of Data Rows : 101
                                                                                                                                                                                                                                                     *include "corner.spice
                                                                                                                                                                                                                                                     DC transfer characteristic  Fri Aug 21 13:47:16  2026
--------------------------------------------------------------------------------------------------------------------------------------------------------------------------------------------------------------------------------------------------------------------------------------------------------------------------------------------------------------------------------------------------------------------------------------------------------------------------------------------------------------------------------
Index   v-sweep         v(vfracds)      ioc_n06_glo     ioc_n06_gmid    ioc_n06_ghi     
--------------------------------------------------------------------------------------------------------------------------------------------------------------------------------------------------------------------------------------------------------------------------------------------------------------------------------------------------------------------------------------------------------------------------------------------------------------------------------------------------------------------------------
0	0.0000000000e+00	0.0000000000e+00	-0.0000000000e+00	-0.0000000000e+00	-0.0000000000e+00	
1	1.0000000000e-02	1.0000000000e-02	1.9922091436e-04	2.2670023342e-04	2.5591218286e-04	
2	2.0000000000e-02	2.0000000000e-02	3.8453704223e-04	4.3937442447e-04	4.9801730882e-04	
3	3.0000000000e-02	3.0000000000e-02	5.5667911232e-04	6.3872534782e-04	7.2695891611e-04	
4	4.0000000000e-02	4.0000000000e-02	7.1632697653e-04	8.2540916949e-04	9.4334087762e-04	
5	5.0000000000e-02	5.0000000000e-02	8.6411354484e-04	1.0000389159e-03	1.1477301751e-03	
6	6.0000000000e-02	6.0000000000e-02	1.0006282959e-03	1.1631875942e-03	1.3406594023e-03	
7	7.0000000000e-02	7.0000000000e-02	1.1264203965e-03	1.3153910396e-03	1.5226290693e-03	
8	8.0000000000e-02	8.0000000000e-02	1.2420013292e-03	1.4571504983e-03	1.6941097464e-03	
9	9.0000000000e-02	9.0000000000e-02	1.3478467565e-03	1.5889348784e-03	1.8555440543e-03	
10	1.0000000000e-01	1.0000000000e-01	1.4443970849e-03	1.7111825222e-03	2.0073484730e-03	
11	1.1000000000e-01	1.1000000000e-01	1.5320556646e-03	1.8243022312e-03	2.1499149153e-03	
12	1.2000000000e-01	1.2000000000e-01	1.6111824777e-03	1.9286730581e-03	2.2836119669e-03	
13	1.3000000000e-01	1.3000000000e-01	1.6820790033e-03	2.0246419556e-03	2.4087856407e-03	
14	1.4000000000e-01	1.4000000000e-01	1.7449566320e-03	2.1125175106e-03	2.5257593835e-03	
15	1.5000000000e-01	1.5000000000e-01	1.7998818481e-03	2.1925563249e-03	2.6348328753e-03	
16	1.6000000000e-01	1.6000000000e-01	1.8467271425e-03	2.2649358088e-03	2.7362787827e-03	
17	1.7000000000e-01	1.7000000000e-01	1.8852907016e-03	2.3297049807e-03	2.8303358972e-03	
18	1.8000000000e-01	1.8000000000e-01	1.9158006177e-03	2.3867163633e-03	2.9171957550e-03	
19	1.9000000000e-01	1.9000000000e-01	1.9393739830e-03	2.4356109276e-03	2.9969776629e-03	
20	2.0000000000e-01	2.0000000000e-01	1.9576653667e-03	2.4760670183e-03	3.0696849775e-03	
21	2.1000000000e-01	2.1000000000e-01	1.9721923161e-03	2.5083805583e-03	3.1351404241e-03	
22	2.2000000000e-01	2.2000000000e-01	1.9840647766e-03	2.5337455446e-03	3.1929350104e-03	
23	2.3000000000e-01	2.3000000000e-01	1.9940305330e-03	2.5537788008e-03	3.2425254657e-03	
24	2.4000000000e-01	2.4000000000e-01	2.0025876298e-03	2.5699317058e-03	3.2836515803e-03	
25	2.5000000000e-01	2.5000000000e-01	2.0100735892e-03	2.5832827175e-03	3.3168443316e-03	
26	2.6000000000e-01	2.6000000000e-01	2.0167233577e-03	2.5945788550e-03	3.3433966512e-03	
27	2.7000000000e-01	2.7000000000e-01	2.0227051537e-03	2.6043314496e-03	3.3648264604e-03	
28	2.8000000000e-01	2.8000000000e-01	2.0281426608e-03	2.6128951469e-03	3.3824447239e-03	
29	2.9000000000e-01	2.9000000000e-01	2.0331290260e-03	2.6205214592e-03	3.3972355122e-03	
30	3.0000000000e-01	3.0000000000e-01	2.0377359103e-03	2.6273931527e-03	3.4098996830e-03	
31	3.1000000000e-01	3.1000000000e-01	2.0420194920e-03	2.6336462000e-03	3.4209318598e-03	
32	3.2000000000e-01	3.2000000000e-01	2.0460245501e-03	2.6393839754e-03	3.4306847875e-03	
33	3.3000000000e-01	3.3000000000e-01	2.0497873061e-03	2.6446866185e-03	3.4394146497e-03	
34	3.4000000000e-01	3.4000000000e-01	2.0533374445e-03	2.6496173499e-03	3.4473113392e-03	
35	3.5000000000e-01	3.5000000000e-01	2.0566995782e-03	2.6542268235e-03	3.4545184787e-03	
36	3.6000000000e-01	3.6000000000e-01	2.0598943284e-03	2.6585561913e-03	3.4611467681e-03	
37	3.7000000000e-01	3.7000000000e-01	2.0629391356e-03	2.6626393023e-03	3.4672830202e-03	
38	3.8000000000e-01	3.8000000000e-01	2.0658488760e-03	2.6665043095e-03	3.4729963881e-03	
39	3.9000000000e-01	3.9000000000e-01	2.0686363363e-03	2.6701748639e-03	3.4783427402e-03	
40	4.0000000000e-01	4.0000000000e-01	2.0713125852e-03	2.6736710144e-03	3.4833677879e-03	
41	4.1000000000e-01	4.1000000000e-01	2.0738872664e-03	2.6770098966e-03	3.4881093625e-03	
42	4.2000000000e-01	4.2000000000e-01	2.0763688323e-03	2.6802062657e-03	3.4925990982e-03	
43	4.3000000000e-01	4.3000000000e-01	2.0787647341e-03	2.6832729143e-03	3.4968636951e-03	
44	4.4000000000e-01	4.4000000000e-01	2.0810815762e-03	2.6862210038e-03	3.5009258816e-03	
45	4.5000000000e-01	4.5000000000e-01	2.0833252461e-03	2.6890603301e-03	3.5048051544e-03	
46	4.6000000000e-01	4.6000000000e-01	2.0855010236e-03	2.6917995395e-03	3.5085183576e-03	
47	4.7000000000e-01	4.7000000000e-01	2.0876136767e-03	2.6944463061e-03	3.5120801385e-03	
48	4.8000000000e-01	4.8000000000e-01	2.0896675474e-03	2.6970074815e-03	3.5155033116e-03	
49	4.9000000000e-01	4.9000000000e-01	2.0916666309e-03	2.6994892219e-03	3.5187991527e-03	
50	5.0000000000e-01	5.0000000000e-01	2.0936146523e-03	2.7018971013e-03	3.5219776395e-03	
51	5.1000000000e-01	5.1000000000e-01	2.0955151425e-03	2.7042362135e-03	3.5250476515e-03	
52	5.2000000000e-01	5.2000000000e-01	2.0973715154e-03	2.7065112690e-03	3.5280171402e-03	
53	5.3000000000e-01	5.3000000000e-01	2.0991871487e-03	2.7087266888e-03	3.5308932761e-03	
54	5.4000000000e-01	5.4000000000e-01	2.1009654691e-03	2.7108867000e-03	3.5336825823e-03	
55	5.5000000000e-01	5.5000000000e-01	2.1027100434e-03	2.7129954339e-03	3.5363910570e-03	
56	5.6000000000e-01	5.6000000000e-01	2.1044246746e-03	2.7150570290e-03	3.5390242931e-03	
57	5.7000000000e-01	5.7000000000e-01	2.1061135055e-03	2.7170757417e-03	3.5415875965e-03	
58	5.8000000000e-01	5.8000000000e-01	2.1077811274e-03	2.7190560635e-03	3.5440861080e-03	
59	5.9000000000e-01	5.9000000000e-01	2.1094326944e-03	2.7210028469e-03	3.5465249315e-03	
60	6.0000000000e-01	6.0000000000e-01	2.1110740431e-03	2.7229214392e-03	3.5489092700e-03	
61	6.1000000000e-01	6.1000000000e-01	2.1127118157e-03	2.7248178237e-03	3.5512445708e-03	
62	6.2000000000e-01	6.2000000000e-01	2.1143535863e-03	2.7266987690e-03	3.5535366825e-03	
63	6.3000000000e-01	6.3000000000e-01	2.1160079887e-03	2.7285719828e-03	3.5557920215e-03	
64	6.4000000000e-01	6.4000000000e-01	2.1176848447e-03	2.7304462719e-03	3.5580177501e-03	
65	6.5000000000e-01	6.5000000000e-01	2.1193952914e-03	2.7323317041e-03	3.5602219634e-03	
66	6.6000000000e-01	6.6000000000e-01	2.1211519063e-03	2.7342397731e-03	3.5624138865e-03	
67	6.7000000000e-01	6.7000000000e-01	2.1229688290e-03	2.7361835623e-03	3.5646040771e-03	
68	6.8000000000e-01	6.8000000000e-01	2.1248618780e-03	2.7381779075e-03	3.5668046346e-03	
69	6.9000000000e-01	6.9000000000e-01	2.1268486618e-03	2.7402395562e-03	3.5690294123e-03	
70	7.0000000000e-01	7.0000000000e-01	2.1289486832e-03	2.7423873214e-03	3.5712942306e-03	
71	7.1000000000e-01	7.1000000000e-01	2.1311834360e-03	2.7446422293e-03	3.5736170895e-03	
72	7.2000000000e-01	7.2000000000e-01	2.1335764927e-03	2.7470276593e-03	3.5760183775e-03	
73	7.3000000000e-01	7.3000000000e-01	2.1361535838e-03	2.7495694739e-03	3.5785210751e-03	
74	7.4000000000e-01	7.4000000000e-01	2.1389426669e-03	2.7522961391e-03	3.5811509514e-03	
75	7.5000000000e-01	7.5000000000e-01	2.1419739857e-03	2.7552388335e-03	3.5839367504e-03	
76	7.6000000000e-01	7.6000000000e-01	2.1452801198e-03	2.7584315449e-03	3.5869103667e-03	
77	7.7000000000e-01	7.7000000000e-01	2.1488960223e-03	2.7619111547e-03	3.5901070087e-03	
78	7.8000000000e-01	7.8000000000e-01	2.1528590492e-03	2.7657175091e-03	3.5935653468e-03	
79	7.9000000000e-01	7.9000000000e-01	2.1572089764e-03	2.7698934770e-03	3.5973276477e-03	
80	8.0000000000e-01	8.0000000000e-01	2.1619880080e-03	2.7744849951e-03	3.6014398916e-03	
81	8.1000000000e-01	8.1000000000e-01	2.1672407743e-03	2.7795410984e-03	3.6059518732e-03	
82	8.2000000000e-01	8.2000000000e-01	2.1730143200e-03	2.7851139386e-03	3.6109172857e-03	
83	8.3000000000e-01	8.3000000000e-01	2.1793580840e-03	2.7912587889e-03	3.6163937866e-03	
84	8.4000000000e-01	8.4000000000e-01	2.1863238693e-03	2.7980340369e-03	3.6224430470e-03	
85	8.5000000000e-01	8.5000000000e-01	2.1939658061e-03	2.8055011644e-03	3.6291307828e-03	
86	8.6000000000e-01	8.6000000000e-01	2.2023403063e-03	2.8137247167e-03	3.6365267693e-03	
87	8.7000000000e-01	8.7000000000e-01	2.2115060110e-03	2.8227722601e-03	3.6447048390e-03	
88	8.8000000000e-01	8.8000000000e-01	2.2215237321e-03	2.8327143293e-03	3.6537428632e-03	
89	8.9000000000e-01	8.9000000000e-01	2.2324563864e-03	2.8436243657e-03	3.6637227181e-03	
90	9.0000000000e-01	9.0000000000e-01	2.2443689264e-03	2.8555786458e-03	3.6747302366e-03	
91	9.1000000000e-01	9.1000000000e-01	2.2573282641e-03	2.8686562023e-03	3.6868551459e-03	
92	9.2000000000e-01	9.2000000000e-01	2.2714031919e-03	2.8829387368e-03	3.7001909918e-03	
93	9.3000000000e-01	9.3000000000e-01	2.2866642994e-03	2.8985105271e-03	3.7148350517e-03	
94	9.4000000000e-01	9.4000000000e-01	2.3031838866e-03	2.9154583270e-03	3.7308882355e-03	
95	9.5000000000e-01	9.5000000000e-01	2.3210358750e-03	2.9338712617e-03	3.7484549772e-03	
96	9.6000000000e-01	9.6000000000e-01	2.3402957159e-03	2.9538407189e-03	3.7676431162e-03	
97	9.7000000000e-01	9.7000000000e-01	2.3610402974e-03	2.9754602349e-03	3.7885637715e-03	
98	9.8000000000e-01	9.8000000000e-01	2.3833478499e-03	2.9988253786e-03	3.8113312077e-03	
99	9.9000000000e-01	9.9000000000e-01	2.4072978510e-03	3.0240336323e-03	3.8360626951e-03	
100	1.0000000000e+00	1.0000000000e+00	2.4329709293e-03	3.0511842706e-03	3.8628783638e-03	
                                                                                                                                                                                                                                                     *include "corner.spice
                                                                                                                                                                                                                                                     DC transfer characteristic  Fri Aug 21 13:47:16  2026
--------------------------------------------------------------------------------------------------------------------------------------------------------------------------------------------------------------------------------------------------------------------------------------------------------------------------------------------------------------------------------------------------------------------------------------------------------------------------------------------------------------------------------
Index   v-sweep         v(vfracds)      ioc_p06_glo     ioc_p06_gmid    ioc_p06_ghi     
--------------------------------------------------------------------------------------------------------------------------------------------------------------------------------------------------------------------------------------------------------------------------------------------------------------------------------------------------------------------------------------------------------------------------------------------------------------------------------------------------------------------------------
0	0.0000000000e+00	0.0000000000e+00	-0.0000000000e+00	-0.0000000000e+00	-0.0000000000e+00	
1	1.0000000000e-02	1.0000000000e-02	-5.753980179e-05	-6.646459572e-05	-7.679066250e-05	
2	2.0000000000e-02	2.0000000000e-02	-1.127604664e-04	-1.306704931e-04	-1.514045389e-04	
3	3.0000000000e-02	3.0000000000e-02	-1.656937191e-04	-1.926468853e-04	-2.238678959e-04	
4	4.0000000000e-02	4.0000000000e-02	-2.163707189e-04	-2.524224692e-04	-2.942065814e-04	
5	5.0000000000e-02	5.0000000000e-02	-2.648220728e-04	-3.100254569e-04	-3.624460334e-04	
6	6.0000000000e-02	6.0000000000e-02	-3.110778515e-04	-3.654835864e-04	-4.286112883e-04	
7	7.0000000000e-02	7.0000000000e-02	-3.551676040e-04	-4.188241331e-04	-4.927269889e-04	
8	8.0000000000e-02	8.0000000000e-02	-3.971203745e-04	-4.700739204e-04	-5.548173924e-04	
9	9.0000000000e-02	9.0000000000e-02	-4.369647193e-04	-5.192593313e-04	-6.149063788e-04	
10	1.0000000000e-01	1.0000000000e-01	-4.747287262e-04	-5.664063197e-04	-6.730174584e-04	
11	1.1000000000e-01	1.1000000000e-01	-5.104400370e-04	-6.115404222e-04	-7.291737797e-04	
12	1.2000000000e-01	1.2000000000e-01	-5.441258734e-04	-6.546867708e-04	-7.833981377e-04	
13	1.3000000000e-01	1.3000000000e-01	-5.758130701e-04	-6.958701058e-04	-8.357129816e-04	
14	1.4000000000e-01	1.4000000000e-01	-6.055281186e-04	-7.351147913e-04	-8.861404228e-04	
15	1.5000000000e-01	1.5000000000e-01	-6.332972262e-04	-7.724448311e-04	-9.347022435e-04	
16	1.6000000000e-01	1.6000000000e-01	-6.591464030e-04	-8.078838882e-04	-9.814199049e-04	
17	1.7000000000e-01	1.7000000000e-01	-6.831015932e-04	-8.414553085e-04	-1.026314556e-03	
18	1.8000000000e-01	1.8000000000e-01	-7.051888852e-04	-8.731821500e-04	-1.069407044e-03	
19	1.9000000000e-01	1.9000000000e-01	-7.254348609e-04	-9.030872219e-04	-1.110717923e-03	
20	2.0000000000e-01	2.0000000000e-01	-7.438672057e-04	-9.311931374e-04	-1.150267465e-03	
21	2.1000000000e-01	2.1000000000e-01	-7.605158133e-04	-9.575223905e-04	-1.188075673e-03	
22	2.2000000000e-01	2.2000000000e-01	-7.754148627e-04	-9.820974695e-04	-1.224162295e-03	
23	2.3000000000e-01	2.3000000000e-01	-7.886067905e-04	-1.004941033e-03	-1.258546840e-03	
24	2.4000000000e-01	2.4000000000e-01	-8.001497584e-04	-1.026076197e-03	-1.291248599e-03	
25	2.5000000000e-01	2.5000000000e-01	-8.101303819e-04	-1.045527011e-03	-1.322286670e-03	
26	2.6000000000e-01	2.6000000000e-01	-8.186801433e-04	-1.063319292e-03	-1.351679992e-03	
27	2.7000000000e-01	2.7000000000e-01	-8.259835151e-04	-1.079482117e-03	-1.379447391e-03	
28	2.8000000000e-01	2.8000000000e-01	-8.322597492e-04	-1.094050545e-03	-1.405607641e-03	
29	2.9000000000e-01	2.9000000000e-01	-8.377229990e-04	-1.107070505e-03	-1.430179560e-03	
30	3.0000000000e-01	3.0000000000e-01	-8.425515157e-04	-1.118606908e-03	-1.453182139e-03	
31	3.1000000000e-01	3.1000000000e-01	-8.468808176e-04	-1.128754515e-03	-1.474634763e-03	
32	3.2000000000e-01	3.2000000000e-01	-8.508108273e-04	-1.137646045e-03	-1.494557547e-03	
33	3.3000000000e-01	3.3000000000e-01	-8.544154537e-04	-1.145447182e-03	-1.512971920e-03	
34	3.4000000000e-01	3.4000000000e-01	-8.577502818e-04	-1.152335466e-03	-1.529901647e-03	
35	3.5000000000e-01	3.5000000000e-01	-8.608579608e-04	-1.158475959e-03	-1.545374695e-03	
36	3.6000000000e-01	3.6000000000e-01	-8.637718548e-04	-1.164007543e-03	-1.559426672e-03	
37	3.7000000000e-01	3.7000000000e-01	-8.665185276e-04	-1.169040934e-03	-1.572106720e-03	
38	3.8000000000e-01	3.8000000000e-01	-8.691194605e-04	-1.173662580e-03	-1.583485813e-03	
39	3.9000000000e-01	3.9000000000e-01	-8.715922657e-04	-1.177939865e-03	-1.593663869e-03	
40	4.0000000000e-01	4.0000000000e-01	-8.739515597e-04	-1.181925701e-03	-1.602768552e-03	
41	4.1000000000e-01	4.1000000000e-01	-8.762096042e-04	-1.185662110e-03	-1.610942664e-03	
42	4.2000000000e-01	4.2000000000e-01	-8.783767853e-04	-1.189182880e-03	-1.618326931e-03	
43	4.3000000000e-01	4.3000000000e-01	-8.804619767e-04	-1.192515512e-03	-1.625047474e-03	
44	4.4000000000e-01	4.4000000000e-01	-8.824728189e-04	-1.195682649e-03	-1.631210848e-03	
45	4.5000000000e-01	4.5000000000e-01	-8.844159378e-04	-1.198703137e-03	-1.636904380e-03	
46	4.6000000000e-01	4.6000000000e-01	-8.862971157e-04	-1.201592814e-03	-1.642198787e-03	
47	4.7000000000e-01	4.7000000000e-01	-8.881214290e-04	-1.204365113e-03	-1.647151269e-03	
48	4.8000000000e-01	4.8000000000e-01	-8.898933583e-04	-1.207031517e-03	-1.651808304e-03	
49	4.9000000000e-01	4.9000000000e-01	-8.916168779e-04	-1.209601919e-03	-1.656207941e-03	
50	5.0000000000e-01	5.0000000000e-01	-8.932955292e-04	-1.212084898e-03	-1.660381587e-03	
51	5.1000000000e-01	5.1000000000e-01	-8.949324814e-04	-1.214487944e-03	-1.664355403e-03	
52	5.2000000000e-01	5.2000000000e-01	-8.965305816e-04	-1.216817628e-03	-1.668151365e-03	
53	5.3000000000e-01	5.3000000000e-01	-8.980923972e-04	-1.219079751e-03	-1.671788086e-03	
54	5.4000000000e-01	5.4000000000e-01	-8.996202512e-04	-1.221279458e-03	-1.675281456e-03	
55	5.5000000000e-01	5.5000000000e-01	-9.011162522e-04	-1.223421331e-03	-1.678645134e-03	
56	5.6000000000e-01	5.6000000000e-01	-9.025823202e-04	-1.225509470e-03	-1.681890943e-03	
57	5.7000000000e-01	5.7000000000e-01	-9.040202080e-04	-1.227547556e-03	-1.685029182e-03	
58	5.8000000000e-01	5.8000000000e-01	-9.054315208e-04	-1.229538909e-03	-1.688068869e-03	
59	5.9000000000e-01	5.9000000000e-01	-9.068177320e-04	-1.231486531e-03	-1.691017950e-03	
60	6.0000000000e-01	6.0000000000e-01	-9.081801977e-04	-1.233393146e-03	-1.693883453e-03	
61	6.1000000000e-01	6.1000000000e-01	-9.095201697e-04	-1.235261234e-03	-1.696671629e-03	
62	6.2000000000e-01	6.2000000000e-01	-9.108388063e-04	-1.237093058e-03	-1.699388059e-03	
63	6.3000000000e-01	6.3000000000e-01	-9.121371830e-04	-1.238890690e-03	-1.702037747e-03	
64	6.4000000000e-01	6.4000000000e-01	-9.134163018e-04	-1.240656032e-03	-1.704625196e-03	
65	6.5000000000e-01	6.5000000000e-01	-9.146771010e-04	-1.242390832e-03	-1.707154471e-03	
66	6.6000000000e-01	6.6000000000e-01	-9.159204635e-04	-1.244096706e-03	-1.709629257e-03	
67	6.7000000000e-01	6.7000000000e-01	-9.171472261e-04	-1.245775146e-03	-1.712052901e-03	
68	6.8000000000e-01	6.8000000000e-01	-9.183581893e-04	-1.247427540e-03	-1.714428454e-03	
69	6.9000000000e-01	6.9000000000e-01	-9.195541269e-04	-1.249055179e-03	-1.716758705e-03	
70	7.0000000000e-01	7.0000000000e-01	-9.207357970e-04	-1.250659273e-03	-1.719046211e-03	
71	7.1000000000e-01	7.1000000000e-01	-9.219039543e-04	-1.252240959e-03	-1.721293320e-03	
72	7.2000000000e-01	7.2000000000e-01	-9.230593629e-04	-1.253801317e-03	-1.723502196e-03	
73	7.3000000000e-01	7.3000000000e-01	-9.242028112e-04	-1.255341381e-03	-1.725674839e-03	
74	7.4000000000e-01	7.4000000000e-01	-9.253351286e-04	-1.256862149e-03	-1.727813102e-03	
75	7.5000000000e-01	7.5000000000e-01	-9.264572036e-04	-1.258364602e-03	-1.729918707e-03	
76	7.6000000000e-01	7.6000000000e-01	-9.275700039e-04	-1.259849720e-03	-1.731993265e-03	
77	7.7000000000e-01	7.7000000000e-01	-9.286745989e-04	-1.261318493e-03	-1.734038287e-03	
78	7.8000000000e-01	7.8000000000e-01	-9.297721838e-04	-1.262771951e-03	-1.736055202e-03	
79	7.9000000000e-01	7.9000000000e-01	-9.308641063e-04	-1.264211176e-03	-1.738045371e-03	
80	8.0000000000e-01	8.0000000000e-01	-9.319518954e-04	-1.265637335e-03	-1.740010109e-03	
81	8.1000000000e-01	8.1000000000e-01	-9.330372915e-04	-1.267051702e-03	-1.741950696e-03	
82	8.2000000000e-01	8.2000000000e-01	-9.341222795e-04	-1.268455687e-03	-1.743868404e-03	
83	8.3000000000e-01	8.3000000000e-01	-9.352091235e-04	-1.269850875e-03	-1.745764516e-03	
84	8.4000000000e-01	8.4000000000e-01	-9.363004025e-04	-1.271239055e-03	-1.747640354e-03	
85	8.5000000000e-01	8.5000000000e-01	-9.373990491e-04	-1.272622264e-03	-1.749497305e-03	
86	8.6000000000e-01	8.6000000000e-01	-9.385083879e-04	-1.274002825e-03	-1.751336853e-03	
87	8.7000000000e-01	8.7000000000e-01	-9.396321768e-04	-1.275383391e-03	-1.753160615e-03	
88	8.8000000000e-01	8.8000000000e-01	-9.407746481e-04	-1.276766996e-03	-1.754970381e-03	
89	8.9000000000e-01	8.9000000000e-01	-9.419405505e-04	-1.278157098e-03	-1.756768156e-03	
90	9.0000000000e-01	9.0000000000e-01	-9.431351924e-04	-1.279557636e-03	-1.758556207e-03	
91	9.1000000000e-01	9.1000000000e-01	-9.443644842e-04	-1.280973079e-03	-1.760337113e-03	
92	9.2000000000e-01	9.2000000000e-01	-9.456349819e-04	-1.282408485e-03	-1.762113821e-03	
93	9.3000000000e-01	9.3000000000e-01	-9.469539295e-04	-1.283869552e-03	-1.763889708e-03	
94	9.4000000000e-01	9.4000000000e-01	-9.483293015e-04	-1.285362681e-03	-1.765668637e-03	
95	9.5000000000e-01	9.5000000000e-01	-9.497698442e-04	-1.286895030e-03	-1.767455028e-03	
96	9.6000000000e-01	9.6000000000e-01	-9.512851169e-04	-1.288474572e-03	-1.769253925e-03	
97	9.7000000000e-01	9.7000000000e-01	-9.528855308e-04	-1.290110158e-03	-1.771071069e-03	
98	9.8000000000e-01	9.8000000000e-01	-9.545823876e-04	-1.291811569e-03	-1.772912971e-03	
99	9.9000000000e-01	9.9000000000e-01	-9.563879161e-04	-1.293589578e-03	-1.774786991e-03	
100	1.0000000000e+00	1.0000000000e+00	-9.583153071e-04	-1.295456004e-03	-1.776701414e-03	
Doing analysis at TEMP = 27.000000 and TNOM = 27.000000

Using SPARSE 1.3 as Direct Linear Solver

No. of Data Rows : 501
                                                                                                                                                                                                                                                     *include "corner.spice
                                                                                                                                                                                                                                                     DC transfer characteristic  Fri Aug 21 13:47:16  2026
--------------------------------------------------------------------------------------------------------------------------------------------------------------------------------------------------------------------------------------------------------------------------------------------------------------------------------------------------------------------------------------------------------------------------------------------------------------------------------------------------------------------------------
Index   v-sweep         v(vfracdi)      ifb             
--------------------------------------------------------------------------------------------------------------------------------------------------------------------------------------------------------------------------------------------------------------------------------------------------------------------------------------------------------------------------------------------------------------------------------------------------------------------------------------------------------------------------------
0	0.0000000000e+00	0.0000000000e+00	-4.654564554e-47	
1	2.0000000000e-03	2.0000000000e-03	2.6229018957e-15	
2	4.0000000000e-03	4.0000000000e-03	5.3290705182e-15	
3	6.0000000000e-03	6.0000000000e-03	7.9936057773e-15	
4	8.0000000000e-03	8.0000000000e-03	1.0713652188e-14	
5	1.0000000000e-02	1.0000000000e-02	1.3433698598e-14	
6	1.2000000000e-02	1.2000000000e-02	1.6320278462e-14	
7	1.4000000000e-02	1.4000000000e-02	1.9206858326e-14	
8	1.6000000000e-02	1.6000000000e-02	2.2093438190e-14	
9	1.8000000000e-02	1.8000000000e-02	2.4868995752e-14	
10	2.0000000000e-02	2.0000000000e-02	2.7755575616e-14	
11	2.2000000000e-02	2.2000000000e-02	3.0642155480e-14	
12	2.4000000000e-02	2.4000000000e-02	3.3750779949e-14	
13	2.6000000000e-02	2.6000000000e-02	3.7081449022e-14	
14	2.8000000000e-02	2.8000000000e-02	3.9968028887e-14	
15	3.0000000000e-02	3.0000000000e-02	4.3298697960e-14	
16	3.2000000000e-02	3.2000000000e-02	4.6851411639e-14	
17	3.4000000000e-02	3.4000000000e-02	5.0182080713e-14	
18	3.6000000000e-02	3.6000000000e-02	5.4178883602e-14	
19	3.8000000000e-02	3.8000000000e-02	5.7287508071e-14	
20	4.0000000000e-02	4.0000000000e-02	6.1284310959e-14	
21	4.2000000000e-02	4.2000000000e-02	6.5281113848e-14	
22	4.4000000000e-02	4.4000000000e-02	6.9277916737e-14	
23	4.6000000000e-02	4.6000000000e-02	7.3718808835e-14	
24	4.8000000000e-02	4.8000000000e-02	7.8603790143e-14	
25	5.0000000000e-02	5.0000000000e-02	8.3044682242e-14	
26	5.2000000000e-02	5.2000000000e-02	8.7485574340e-14	
27	5.4000000000e-02	5.4000000000e-02	9.2370555649e-14	
28	5.6000000000e-02	5.6000000000e-02	9.8143715377e-14	
29	5.8000000000e-02	5.8000000000e-02	1.0347278590e-13	
30	6.0000000000e-02	6.0000000000e-02	1.0969003483e-13	
31	6.2000000000e-02	6.2000000000e-02	1.1635137298e-13	
32	6.4000000000e-02	6.4000000000e-02	1.2256862192e-13	
33	6.6000000000e-02	6.6000000000e-02	1.3011813849e-13	
34	6.8000000000e-02	6.8000000000e-02	1.3722356584e-13	
35	7.0000000000e-02	7.0000000000e-02	1.4432899320e-13	
36	7.2000000000e-02	7.2000000000e-02	1.5409895582e-13	
37	7.4000000000e-02	7.4000000000e-02	1.6342482922e-13	
38	7.6000000000e-02	7.6000000000e-02	1.7230661342e-13	
39	7.8000000000e-02	7.8000000000e-02	1.8296475446e-13	
40	8.0000000000e-02	8.0000000000e-02	1.9539925233e-13	
41	8.2000000000e-02	8.2000000000e-02	2.0694557179e-13	
42	8.4000000000e-02	8.4000000000e-02	2.2026824809e-13	
43	8.6000000000e-02	8.6000000000e-02	2.3359092438e-13	
44	8.8000000000e-02	8.8000000000e-02	2.4868995752e-13	
45	9.0000000000e-02	9.0000000000e-02	2.6556534749e-13	
46	9.2000000000e-02	9.2000000000e-02	2.8244073746e-13	
47	9.4000000000e-02	9.4000000000e-02	3.0286884112e-13	
48	9.6000000000e-02	9.6000000000e-02	3.2418512319e-13	
49	9.8000000000e-02	9.8000000000e-02	3.4638958368e-13	
50	1.0000000000e-01	1.0000000000e-01	3.7125857943e-13	
51	1.0200000000e-01	1.0200000000e-01	3.9879211045e-13	
52	1.0400000000e-01	1.0400000000e-01	4.2810199830e-13	
53	1.0600000000e-01	1.0600000000e-01	4.5830006457e-13	
54	1.0800000000e-01	1.0800000000e-01	4.9382720135e-13	
55	1.1000000000e-01	1.1000000000e-01	5.3379523024e-13	
56	1.1200000000e-01	1.1200000000e-01	5.7287508071e-13	
57	1.1400000000e-01	1.1400000000e-01	6.1906035853e-13	
58	1.1600000000e-01	1.1600000000e-01	6.6968652845e-13	
59	1.1800000000e-01	1.1800000000e-01	7.2297723364e-13	
60	1.2000000000e-01	1.2000000000e-01	7.8070883092e-13	
61	1.2200000000e-01	1.2200000000e-01	8.4554585555e-13	
62	1.2400000000e-01	1.2400000000e-01	9.1393559387e-13	
63	1.2600000000e-01	1.2600000000e-01	9.9209529481e-13	
64	1.2800000000e-01	1.2800000000e-01	1.0764722447e-12	
65	1.3000000000e-01	1.3000000000e-01	1.1679546219e-12	
66	1.3200000000e-01	1.3200000000e-01	1.2674306049e-12	
67	1.3400000000e-01	1.3400000000e-01	1.3775647290e-12	
68	1.3600000000e-01	1.3600000000e-01	1.4992451725e-12	
69	1.3800000000e-01	1.3800000000e-01	1.6306955786e-12	
70	1.4000000000e-01	1.4000000000e-01	1.7728041257e-12	
71	1.4200000000e-01	1.4200000000e-01	1.9317880628e-12	
72	1.4400000000e-01	1.4400000000e-01	2.1032064978e-12	
73	1.4600000000e-01	1.4600000000e-01	2.2923885012e-12	
74	1.4800000000e-01	1.4800000000e-01	2.5011104299e-12	
75	1.5000000000e-01	1.5000000000e-01	2.7267077485e-12	
76	1.5200000000e-01	1.5200000000e-01	2.9771740628e-12	
77	1.5400000000e-01	1.5400000000e-01	3.2507330161e-12	
78	1.5600000000e-01	1.5600000000e-01	3.5491609651e-12	
79	1.5800000000e-01	1.5800000000e-01	3.8742342667e-12	
80	1.6000000000e-01	1.6000000000e-01	4.2348347051e-12	
81	1.6200000000e-01	1.6200000000e-01	4.6274095666e-12	
82	1.6400000000e-01	1.6400000000e-01	5.0608406355e-12	
83	1.6600000000e-01	1.6600000000e-01	5.5351279116e-12	
84	1.6800000000e-01	1.6800000000e-01	6.0502713950e-12	
85	1.7000000000e-01	1.7000000000e-01	6.6169292268e-12	
86	1.7200000000e-01	1.7200000000e-01	7.2404304774e-12	
87	1.7400000000e-01	1.7400000000e-01	7.9225515037e-12	
88	1.7600000000e-01	1.7600000000e-01	8.6703977331e-12	
89	1.7800000000e-01	1.7800000000e-01	9.4928509498e-12	
90	1.8000000000e-01	1.8000000000e-01	1.0391687510e-11	
91	1.8200000000e-01	1.8200000000e-01	1.1379341913e-11	
92	1.8400000000e-01	1.8400000000e-01	1.2457590515e-11	
93	1.8600000000e-01	1.8600000000e-01	1.3644196883e-11	
94	1.8800000000e-01	1.8800000000e-01	1.4944490090e-11	
95	1.9000000000e-01	1.9000000000e-01	1.6369128275e-11	
96	1.9200000000e-01	1.9200000000e-01	1.7928769580e-11	
97	1.9400000000e-01	1.9400000000e-01	1.9644730287e-11	
98	1.9600000000e-01	1.9600000000e-01	2.1522339466e-11	
99	1.9800000000e-01	1.9800000000e-01	2.3581137043e-11	
100	2.0000000000e-01	2.0000000000e-01	2.5840662943e-11	
101	2.0200000000e-01	2.0200000000e-01	2.8318680734e-11	
102	2.0400000000e-01	2.0400000000e-01	3.1032953984e-11	
103	2.0600000000e-01	2.0600000000e-01	3.4011904404e-11	
104	2.0800000000e-01	2.0800000000e-01	3.7276848275e-11	
105	2.1000000000e-01	2.1000000000e-01	4.0859760020e-11	
106	2.1200000000e-01	2.1200000000e-01	4.4785508635e-11	
107	2.1400000000e-01	2.1400000000e-01	4.9089621257e-11	
108	2.1600000000e-01	2.1600000000e-01	5.3812954093e-11	
109	2.1800000000e-01	2.1800000000e-01	5.8989257923e-11	
110	2.2000000000e-01	2.2000000000e-01	6.4668270738e-11	
111	2.2200000000e-01	2.2200000000e-01	7.0896177817e-11	
112	2.2400000000e-01	2.2400000000e-01	7.7720940794e-11	
113	2.2600000000e-01	2.2600000000e-01	8.5211837586e-11	
114	2.2800000000e-01	2.2800000000e-01	9.3422158898e-11	
115	2.3000000000e-01	2.3000000000e-01	1.0242473536e-10	
116	2.3200000000e-01	2.3200000000e-01	1.1230127939e-10	
117	2.3400000000e-01	2.3400000000e-01	1.2312639797e-10	
118	2.3600000000e-01	2.3600000000e-01	1.3500134344e-10	
119	2.3800000000e-01	2.3800000000e-01	1.4802026271e-10	
120	2.4000000000e-01	2.4000000000e-01	1.6230039535e-10	
121	2.4200000000e-01	2.4200000000e-01	1.7795898088e-10	
122	2.4400000000e-01	2.4400000000e-01	1.9513102245e-10	
123	2.4600000000e-01	2.4600000000e-01	2.1396040495e-10	
124	2.4800000000e-01	2.4800000000e-01	2.3460877685e-10	
125	2.5000000000e-01	2.5000000000e-01	2.5725199748e-10	
126	2.5200000000e-01	2.5200000000e-01	2.8208191338e-10	
127	2.5400000000e-01	2.5400000000e-01	3.0931346373e-10	
128	2.5600000000e-01	2.5600000000e-01	3.3917579856e-10	
129	2.5800000000e-01	2.5800000000e-01	3.7192293689e-10	
130	2.6000000000e-01	2.6000000000e-01	4.0783199040e-10	
131	2.6200000000e-01	2.6200000000e-01	4.4720849246e-10	
132	2.6400000000e-01	2.6400000000e-01	4.9039527994e-10	
133	2.6600000000e-01	2.6600000000e-01	5.3774940056e-10	
134	2.6800000000e-01	2.6800000000e-01	5.8968119276e-10	
135	2.7000000000e-01	2.7000000000e-01	6.4662764032e-10	
136	2.7200000000e-01	2.7200000000e-01	7.0907368865e-10	
137	2.7400000000e-01	2.7400000000e-01	7.7755579753e-10	
138	2.7600000000e-01	2.7600000000e-01	8.5264950656e-10	
139	2.7800000000e-01	2.7800000000e-01	9.3499963327e-10	
140	2.8000000000e-01	2.8000000000e-01	1.0253025096e-09	
141	2.8200000000e-01	2.8200000000e-01	1.1243326270e-09	
142	2.8400000000e-01	2.8400000000e-01	1.2329266497e-09	
143	2.8600000000e-01	2.8600000000e-01	1.3520065067e-09	
144	2.8800000000e-01	2.8800000000e-01	1.4825936034e-09	
145	2.9000000000e-01	2.9000000000e-01	1.6257857283e-09	
146	2.9200000000e-01	2.9200000000e-01	1.7828174492e-09	
147	2.9400000000e-01	2.9400000000e-01	1.9550103758e-09	
148	2.9600000000e-01	2.9600000000e-01	2.1438353315e-09	
149	2.9800000000e-01	2.9800000000e-01	2.3508945901e-09	
150	3.0000000000e-01	3.0000000000e-01	2.5779485213e-09	
151	3.0200000000e-01	3.0200000000e-01	2.8269369068e-09	
152	3.0400000000e-01	3.0400000000e-01	3.0999629530e-09	
153	3.0600000000e-01	3.0600000000e-01	3.3993501347e-09	
154	3.0800000000e-01	3.0800000000e-01	3.7276493003e-09	
155	3.1000000000e-01	3.1000000000e-01	4.0876457774e-09	
156	3.1200000000e-01	3.1200000000e-01	4.4824091106e-09	
157	3.1400000000e-01	3.1400000000e-01	4.9152788506e-09	
158	3.1600000000e-01	3.1600000000e-01	5.3899391617e-09	
159	3.1800000000e-01	3.1800000000e-01	5.9104223737e-09	
160	3.2000000000e-01	3.2000000000e-01	6.4811480627e-09	
161	3.2200000000e-01	3.2200000000e-01	7.1069621299e-09	
162	3.2400000000e-01	3.2400000000e-01	7.7931900933e-09	
163	3.2600000000e-01	3.2600000000e-01	8.5456512977e-09	
164	3.2800000000e-01	3.2800000000e-01	9.3707264170e-09	
165	3.3000000000e-01	3.3000000000e-01	1.0275421403e-08	
166	3.3200000000e-01	3.3200000000e-01	1.1267427880e-08	
167	3.3400000000e-01	3.3400000000e-01	1.2355148016e-08	
168	3.3600000000e-01	3.3600000000e-01	1.3547818867e-08	
169	3.3800000000e-01	3.3800000000e-01	1.4855551456e-08	
170	3.4000000000e-01	3.4000000000e-01	1.6289440907e-08	
171	3.4200000000e-01	3.4200000000e-01	1.7861648161e-08	
172	3.4400000000e-01	3.4400000000e-01	1.9585492339e-08	
173	3.4600000000e-01	3.4600000000e-01	2.1475592860e-08	
174	3.4800000000e-01	3.4800000000e-01	2.3547954697e-08	
175	3.5000000000e-01	3.5000000000e-01	2.5820156679e-08	
176	3.5200000000e-01	3.5200000000e-01	2.8311411882e-08	
177	3.5400000000e-01	3.5400000000e-01	3.1042837634e-08	
178	3.5600000000e-01	3.5600000000e-01	3.4037547891e-08	
179	3.5800000000e-01	3.5800000000e-01	3.7320891266e-08	
180	3.6000000000e-01	3.6000000000e-01	4.0920632216e-08	
181	3.6200000000e-01	3.6200000000e-01	4.4867217497e-08	
182	3.6400000000e-01	3.6400000000e-01	4.9194024854e-08	
183	3.6600000000e-01	3.6600000000e-01	5.3937611710e-08	
184	3.6800000000e-01	3.6800000000e-01	5.9138059783e-08	
185	3.7000000000e-01	3.7000000000e-01	6.4839284164e-08	
186	3.7200000000e-01	3.7200000000e-01	7.1089420572e-08	
187	3.7400000000e-01	3.7400000000e-01	7.7941201937e-08	
188	3.7600000000e-01	3.7600000000e-01	8.5452427356e-08	
189	3.7800000000e-01	3.7800000000e-01	9.3686413294e-08	
190	3.8000000000e-01	3.8000000000e-01	1.0271255846e-07	
191	3.8200000000e-01	3.8200000000e-01	1.1260688382e-07	
192	3.8400000000e-01	3.8400000000e-01	1.2345267209e-07	
193	3.8600000000e-01	3.8600000000e-01	1.3534119248e-07	
194	3.8800000000e-01	3.8800000000e-01	1.4837240414e-07	
195	3.9000000000e-01	3.9000000000e-01	1.6265581948e-07	
196	3.9200000000e-01	3.9200000000e-01	1.7831139587e-07	
197	3.9400000000e-01	3.9400000000e-01	1.9547053043e-07	
198	3.9600000000e-01	3.9600000000e-01	2.1427715069e-07	
199	3.9800000000e-01	3.9800000000e-01	2.3488886569e-07	
200	4.0000000000e-01	4.0000000000e-01	2.5747829824e-07	
201	4.0200000000e-01	4.0200000000e-01	2.8223449533e-07	
202	4.0400000000e-01	4.0400000000e-01	3.0936443807e-07	
203	4.0600000000e-01	4.0600000000e-01	3.3909478958e-07	
204	4.0800000000e-01	4.0800000000e-01	3.7167368561e-07	
205	4.1000000000e-01	4.1000000000e-01	4.0737280571e-07	
206	4.1200000000e-01	4.1200000000e-01	4.4648953335e-07	
207	4.1400000000e-01	4.1400000000e-01	4.8934940722e-07	
208	4.1600000000e-01	4.1600000000e-01	5.3630870767e-07	
209	4.1800000000e-01	4.1800000000e-01	5.8775736989e-07	
210	4.2000000000e-01	4.2000000000e-01	6.4412210321e-07	
211	4.2200000000e-01	4.2200000000e-01	7.0586978396e-07	
212	4.2400000000e-01	4.2400000000e-01	7.7351124261e-07	
213	4.2600000000e-01	4.2600000000e-01	8.4760531394e-07	
214	4.2800000000e-01	4.2800000000e-01	9.2876326008e-07	
215	4.3000000000e-01	4.3000000000e-01	1.0176536271e-06	
216	4.3200000000e-01	4.3200000000e-01	1.1150075210e-06	
217	4.3400000000e-01	4.3400000000e-01	1.2216243874e-06	
218	4.3600000000e-01	4.3600000000e-01	1.3383782438e-06	
219	4.3800000000e-01	4.3800000000e-01	1.4662244929e-06	
220	4.4000000000e-01	4.4000000000e-01	1.6062074195e-06	
221	4.4200000000e-01	4.4200000000e-01	1.7594681765e-06	
222	4.4400000000e-01	4.4400000000e-01	1.9272536811e-06	
223	4.4600000000e-01	4.4600000000e-01	2.1109261219e-06	
224	4.4800000000e-01	4.4800000000e-01	2.3119733825e-06	
225	4.5000000000e-01	4.5000000000e-01	2.5320203356e-06	
226	4.5200000000e-01	4.5200000000e-01	2.7728411425e-06	
227	4.5400000000e-01	4.5400000000e-01	3.0363725365e-06	
228	4.5600000000e-01	4.5600000000e-01	3.3247283788e-06	
229	4.5800000000e-01	4.5800000000e-01	3.6402152475e-06	
230	4.6000000000e-01	4.6000000000e-01	3.9853495473e-06	
231	4.6200000000e-01	4.6200000000e-01	4.3628759201e-06	
232	4.6400000000e-01	4.6400000000e-01	4.7757872110e-06	
233	4.6600000000e-01	4.6600000000e-01	5.2273460831e-06	
234	4.6800000000e-01	4.6800000000e-01	5.7211084581e-06	
235	4.7000000000e-01	4.7000000000e-01	6.2609487834e-06	
236	4.7200000000e-01	4.7200000000e-01	6.8510873774e-06	
237	4.7400000000e-01	4.7400000000e-01	7.4961199061e-06	
238	4.7600000000e-01	4.7600000000e-01	8.2010492868e-06	
239	4.7800000000e-01	4.7800000000e-01	8.9713199998e-06	
240	4.8000000000e-01	4.8000000000e-01	9.8128551116e-06	
241	4.8200000000e-01	4.8200000000e-01	1.0732096086e-05	
242	4.8400000000e-01	4.8400000000e-01	1.1736045689e-05	
243	4.8600000000e-01	4.8600000000e-01	1.2832314045e-05	
244	4.8800000000e-01	4.8800000000e-01	1.4029168071e-05	
245	4.9000000000e-01	4.9000000000e-01	1.5335584692e-05	
246	4.9200000000e-01	4.9200000000e-01	1.6761307595e-05	
247	4.9400000000e-01	4.9400000000e-01	1.8316908324e-05	
248	4.9600000000e-01	4.9600000000e-01	2.0013851440e-05	
249	4.9800000000e-01	4.9800000000e-01	2.1864564175e-05	
250	5.0000000000e-01	5.0000000000e-01	2.3882510909e-05	
251	5.0200000000e-01	5.0200000000e-01	2.6082272491e-05	
252	5.0400000000e-01	5.0400000000e-01	2.8479630739e-05	
253	5.0600000000e-01	5.0600000000e-01	3.1091658396e-05	
254	5.0800000000e-01	5.0800000000e-01	3.3936814635e-05	
255	5.1000000000e-01	5.1000000000e-01	3.7035046518e-05	
256	5.1200000000e-01	5.1200000000e-01	4.0407896382e-05	
257	5.1400000000e-01	5.1400000000e-01	4.4078615645e-05	
258	5.1600000000e-01	5.1600000000e-01	4.8072285004e-05	
259	5.1800000000e-01	5.1800000000e-01	5.2415941362e-05	
260	5.2000000000e-01	5.2000000000e-01	5.7138711501e-05	
261	5.2200000000e-01	5.2200000000e-01	6.2271952899e-05	
262	5.2400000000e-01	5.2400000000e-01	6.7849401592e-05	
263	5.2600000000e-01	5.2600000000e-01	7.3907327383e-05	
264	5.2800000000e-01	5.2800000000e-01	8.0484696404e-05	
265	5.3000000000e-01	5.3000000000e-01	8.7623341173e-05	
266	5.3200000000e-01	5.3200000000e-01	9.5368138204e-05	
267	5.3400000000e-01	5.3400000000e-01	1.0376719321e-04	
268	5.3600000000e-01	5.3600000000e-01	1.1287203393e-04	
269	5.3800000000e-01	5.3800000000e-01	1.2273781055e-04	
270	5.4000000000e-01	5.4000000000e-01	1.3342350385e-04	
271	5.4200000000e-01	5.4200000000e-01	1.4499214089e-04	
272	5.4400000000e-01	5.4400000000e-01	1.5751101822e-04	
273	5.4600000000e-01	5.4600000000e-01	1.7105193282e-04	
274	5.4800000000e-01	5.4800000000e-01	1.8569142040e-04	
275	5.5000000000e-01	5.5000000000e-01	2.0151100125e-04	
276	5.5200000000e-01	5.5200000000e-01	2.1859743365e-04	
277	5.5400000000e-01	5.5400000000e-01	2.3704297479e-04	
278	5.5600000000e-01	5.5600000000e-01	2.5694564927e-04	
279	5.5800000000e-01	5.5800000000e-01	2.7840952544e-04	
280	5.6000000000e-01	5.6000000000e-01	3.0154499956e-04	
281	5.6200000000e-01	5.6200000000e-01	3.2646908834e-04	
282	5.6400000000e-01	5.6400000000e-01	3.5330572998e-04	
283	5.6600000000e-01	5.6600000000e-01	3.8218609435e-04	
284	5.6800000000e-01	5.6800000000e-01	4.1324890294e-04	
285	5.7000000000e-01	5.7000000000e-01	4.4664075940e-04	
286	5.7200000000e-01	5.7200000000e-01	4.8251649149e-04	
287	5.7400000000e-01	5.7400000000e-01	5.2103950573e-04	
288	5.7600000000e-01	5.7600000000e-01	5.6238215624e-04	
289	5.7800000000e-01	5.7800000000e-01	6.0672612892e-04	
290	5.8000000000e-01	5.8000000000e-01	6.5426284343e-04	
291	5.8200000000e-01	5.8200000000e-01	7.0519387451e-04	
292	5.8400000000e-01	5.8400000000e-01	7.5973139543e-04	
293	5.8600000000e-01	5.8600000000e-01	8.1809864600e-04	
294	5.8800000000e-01	5.8800000000e-01	8.8053042827e-04	
295	5.9000000000e-01	5.9000000000e-01	9.4727363318e-04	
296	5.9200000000e-01	5.9200000000e-01	1.0185878017e-03	
297	5.9400000000e-01	5.9400000000e-01	1.0947457247e-03	
298	5.9600000000e-01	5.9600000000e-01	1.1760340856e-03	
299	5.9800000000e-01	5.9800000000e-01	1.2627541502e-03	
300	6.0000000000e-01	6.0000000000e-01	1.3552225102e-03	
301	6.0200000000e-01	6.0200000000e-01	1.4537718831e-03	
302	6.0400000000e-01	6.0400000000e-01	1.5587519780e-03	
303	6.0600000000e-01	6.0600000000e-01	1.6705304292e-03	
304	6.0800000000e-01	6.0800000000e-01	1.7894938083e-03	
305	6.1000000000e-01	6.1000000000e-01	1.9160487193e-03	
306	6.1200000000e-01	6.1200000000e-01	2.0506229847e-03	
307	6.1400000000e-01	6.1400000000e-01	2.1936669312e-03	
308	6.1600000000e-01	6.1600000000e-01	2.3456547829e-03	
309	6.1800000000e-01	6.1800000000e-01	2.5070861714e-03	
310	6.2000000000e-01	6.2000000000e-01	2.6784877716e-03	
311	6.2200000000e-01	6.2200000000e-01	2.8604150751e-03	
312	6.2400000000e-01	6.2400000000e-01	3.0534543093e-03	
313	6.2600000000e-01	6.2600000000e-01	3.2582245173e-03	
314	6.2800000000e-01	6.2800000000e-01	3.4753798076e-03	
315	6.3000000000e-01	6.3000000000e-01	3.7056117897e-03	
316	6.3200000000e-01	6.3200000000e-01	3.9496522078e-03	
317	6.3400000000e-01	6.3400000000e-01	4.2082757889e-03	
318	6.3600000000e-01	6.3600000000e-01	4.4823033219e-03	
319	6.3800000000e-01	6.3800000000e-01	4.7726049844e-03	
320	6.4000000000e-01	6.4000000000e-01	5.0801039370e-03	
321	6.4200000000e-01	6.4200000000e-01	5.4057802056e-03	
322	6.4400000000e-01	6.4400000000e-01	5.7506748736e-03	
323	6.4600000000e-01	6.4600000000e-01	6.1158946070e-03	
324	6.4800000000e-01	6.4800000000e-01	6.5026165403e-03	
325	6.5000000000e-01	6.5000000000e-01	6.9120935482e-03	
326	6.5200000000e-01	6.5200000000e-01	7.3456599347e-03	
327	6.5400000000e-01	6.5400000000e-01	7.8047375716e-03	
328	6.5600000000e-01	6.5600000000e-01	8.2908425199e-03	
329	6.5800000000e-01	6.5800000000e-01	8.8055921725e-03	
330	6.6000000000e-01	6.6000000000e-01	9.3507129576e-03	
331	6.6200000000e-01	6.6200000000e-01	9.9280486453e-03	
332	6.6400000000e-01	6.6400000000e-01	1.0539569304e-02	
333	6.6600000000e-01	6.6600000000e-01	1.1187380953e-02	
334	6.6800000000e-01	6.6800000000e-01	1.1873735970e-02	
335	6.7000000000e-01	6.7000000000e-01	1.2601044299e-02	
336	6.7200000000e-01	6.7200000000e-01	1.3371885525e-02	
337	6.7400000000e-01	6.7400000000e-01	1.4189021876e-02	
338	6.7600000000e-01	6.7600000000e-01	1.5055412218e-02	
339	6.7800000000e-01	6.7800000000e-01	1.5974227104e-02	
340	6.8000000000e-01	6.8000000000e-01	1.6948864965e-02	
341	6.8200000000e-01	6.8200000000e-01	1.7982969502e-02	
342	6.8400000000e-01	6.8400000000e-01	1.9080448357e-02	
343	6.8600000000e-01	6.8600000000e-01	2.0245493160e-02	
344	6.8800000000e-01	6.8800000000e-01	2.1482600997e-02	
345	6.9000000000e-01	6.9000000000e-01	2.2796597423e-02	
346	6.9200000000e-01	6.9200000000e-01	2.4192661056e-02	
347	6.9400000000e-01	6.9400000000e-01	2.5676349863e-02	
348	6.9600000000e-01	6.9600000000e-01	2.7253629191e-02	
349	6.9800000000e-01	6.9800000000e-01	2.8930901626e-02	
350	7.0000000000e-01	7.0000000000e-01	3.0715038725e-02	
351	7.0200000000e-01	7.0200000000e-01	3.2613414682e-02	
352	7.0400000000e-01	7.0400000000e-01	3.4633941969e-02	
353	7.0600000000e-01	7.0600000000e-01	3.6785108948e-02	
354	7.0800000000e-01	7.0800000000e-01	3.9076019481e-02	
355	7.1000000000e-01	7.1000000000e-01	4.1516434485e-02	
356	7.1200000000e-01	7.1200000000e-01	4.4116815375e-02	
357	7.1400000000e-01	7.1400000000e-01	4.6888369311e-02	
358	7.1600000000e-01	7.1600000000e-01	4.9843096074e-02	
359	7.1800000000e-01	7.1800000000e-01	5.2993836402e-02	
360	7.2000000000e-01	7.2000000000e-01	5.6354321505e-02	
361	7.2200000000e-01	7.2200000000e-01	5.9939223439e-02	
362	7.2400000000e-01	7.2400000000e-01	6.3764205933e-02	
363	7.2600000000e-01	7.2600000000e-01	6.7845975159e-02	
364	7.2800000000e-01	7.2800000000e-01	7.2202329871e-02	
365	7.3000000000e-01	7.3000000000e-01	7.6852210193e-02	
366	7.3200000000e-01	7.3200000000e-01	8.1815744260e-02	
367	7.3400000000e-01	7.3400000000e-01	8.7114291761e-02	
368	7.3600000000e-01	7.3600000000e-01	9.2770483348e-02	
369	7.3800000000e-01	7.3800000000e-01	9.8808254707e-02	
370	7.4000000000e-01	7.4000000000e-01	1.0525287401e-01	
371	7.4200000000e-01	7.4200000000e-01	1.1213096129e-01	
372	7.4400000000e-01	7.4400000000e-01	1.1947049833e-01	
373	7.4600000000e-01	7.4600000000e-01	1.2730082729e-01	
374	7.4800000000e-01	7.4800000000e-01	1.3565263658e-01	
375	7.5000000000e-01	7.5000000000e-01	1.4455793233e-01	
376	7.5200000000e-01	7.5200000000e-01	1.5404999366e-01	
377	7.5400000000e-01	7.5400000000e-01	1.6416331042e-01	
378	7.5600000000e-01	7.5600000000e-01	1.7493350184e-01	
379	7.5800000000e-01	7.5800000000e-01	1.8639721511e-01	
380	7.6000000000e-01	7.6000000000e-01	1.9859200282e-01	
381	7.6200000000e-01	7.6200000000e-01	2.1155617889e-01	
382	7.6400000000e-01	7.6400000000e-01	2.2532865300e-01	
383	7.6600000000e-01	7.6600000000e-01	2.3994874378e-01	
384	7.6800000000e-01	7.6800000000e-01	2.5545597212e-01	
385	7.7000000000e-01	7.7000000000e-01	2.7188983600e-01	
386	7.7200000000e-01	7.7200000000e-01	2.8928956934e-01	
387	7.7400000000e-01	7.7400000000e-01	3.0769388780e-01	
388	7.7600000000e-01	7.7600000000e-01	3.2714072502e-01	
389	7.7800000000e-01	7.7800000000e-01	3.4766696347e-01	
390	7.8000000000e-01	7.8000000000e-01	3.6930816446e-01	
391	7.8200000000e-01	7.8200000000e-01	3.9209830207e-01	
392	7.8400000000e-01	7.8400000000e-01	4.1606950608e-01	
393	7.8600000000e-01	7.8600000000e-01	4.4125181886e-01	
394	7.8800000000e-01	7.8800000000e-01	4.6767297094e-01	
395	7.9000000000e-01	7.9000000000e-01	4.9535817984e-01	
396	7.9200000000e-01	7.9200000000e-01	5.2432997584e-01	
397	7.9400000000e-01	7.9400000000e-01	5.5460805800e-01	
398	7.9600000000e-01	7.9600000000e-01	5.8620918290e-01	
399	7.9800000000e-01	7.9800000000e-01	6.1914708738e-01	
400	8.0000000000e-01	8.0000000000e-01	6.5343244626e-01	
401	8.0200000000e-01	8.0200000000e-01	6.8907286444e-01	
402	8.0400000000e-01	8.0400000000e-01	7.2607290253e-01	
403	8.0600000000e-01	8.0600000000e-01	7.6443413386e-01	
404	8.0800000000e-01	8.0800000000e-01	8.0415523063e-01	
405	8.1000000000e-01	8.1000000000e-01	8.4523207583e-01	
406	8.1200000000e-01	8.1200000000e-01	8.8765789770e-01	
407	8.1400000000e-01	8.1400000000e-01	9.3142342289e-01	
408	8.1600000000e-01	8.1600000000e-01	9.7651704453e-01	
409	8.1800000000e-01	8.1800000000e-01	1.0229250015e+00	
410	8.2000000000e-01	8.2000000000e-01	1.0706315652e+00	
411	8.2200000000e-01	8.2200000000e-01	1.1196192303e+00	
412	8.2400000000e-01	8.2400000000e-01	1.1698689066e+00	
413	8.2600000000e-01	8.2600000000e-01	1.2213601086e+00	
414	8.2800000000e-01	8.2800000000e-01	1.2740711414e+00	
415	8.3000000000e-01	8.3000000000e-01	1.3279792801e+00	
416	8.3200000000e-01	8.3200000000e-01	1.3830609404e+00	
417	8.3400000000e-01	8.3400000000e-01	1.4392918418e+00	
418	8.3600000000e-01	8.3600000000e-01	1.4966471584e+00	
419	8.3800000000e-01	8.3800000000e-01	1.5551016606e+00	
420	8.4000000000e-01	8.4000000000e-01	1.6146298451e+00	
421	8.4200000000e-01	8.4200000000e-01	1.6752060532e+00	
422	8.4400000000e-01	8.4400000000e-01	1.7368045785e+00	
423	8.4600000000e-01	8.4600000000e-01	1.7993997635e+00	
424	8.4800000000e-01	8.4800000000e-01	1.8629660852e+00	
425	8.5000000000e-01	8.5000000000e-01	1.9274782317e+00	
426	8.5200000000e-01	8.5200000000e-01	1.9929111679e+00	
427	8.5400000000e-01	8.5400000000e-01	2.0592401937e+00	
428	8.5600000000e-01	8.5600000000e-01	2.1264409928e+00	
429	8.5800000000e-01	8.5800000000e-01	2.1944896743e+00	
430	8.6000000000e-01	8.6000000000e-01	2.2633628078e+00	
431	8.6200000000e-01	8.6200000000e-01	2.3330374516e+00	
432	8.6400000000e-01	8.6400000000e-01	2.4034911751e+00	
433	8.6600000000e-01	8.6600000000e-01	2.4747020766e+00	
434	8.6800000000e-01	8.6800000000e-01	2.5466487958e+00	
435	8.7000000000e-01	8.7000000000e-01	2.6193105233e+00	
436	8.7200000000e-01	8.7200000000e-01	2.6926670052e+00	
437	8.7400000000e-01	8.7400000000e-01	2.7666985456e+00	
438	8.7600000000e-01	8.7600000000e-01	2.8413860060e+00	
439	8.7800000000e-01	8.7800000000e-01	2.9167108021e+00	
440	8.8000000000e-01	8.8000000000e-01	2.9926548988e+00	
441	8.8200000000e-01	8.8200000000e-01	3.0692008037e+00	
442	8.8400000000e-01	8.8400000000e-01	3.1463315587e+00	
443	8.8600000000e-01	8.8600000000e-01	3.2240307309e+00	
444	8.8800000000e-01	8.8800000000e-01	3.3022824017e+00	
445	8.9000000000e-01	8.9000000000e-01	3.3810711561e+00	
446	8.9200000000e-01	8.9200000000e-01	3.4603820706e+00	
447	8.9400000000e-01	8.9400000000e-01	3.5402007010e+00	
448	8.9600000000e-01	8.9600000000e-01	3.6205130699e+00	
449	8.9800000000e-01	8.9800000000e-01	3.7013056533e+00	
450	9.0000000000e-01	9.0000000000e-01	3.7825653683e+00	
451	9.0200000000e-01	9.0200000000e-01	3.8642795593e+00	
452	9.0400000000e-01	9.0400000000e-01	3.9464359855e+00	
453	9.0600000000e-01	9.0600000000e-01	4.0290228075e+00	
454	9.0800000000e-01	9.0800000000e-01	4.1120285747e+00	
455	9.1000000000e-01	9.1000000000e-01	4.1954422123e+00	
456	9.1200000000e-01	9.1200000000e-01	4.2792530093e+00	
457	9.1400000000e-01	9.1400000000e-01	4.3634506057e+00	
458	9.1600000000e-01	9.1600000000e-01	4.4480249811e+00	
459	9.1800000000e-01	9.1800000000e-01	4.5329664425e+00	
460	9.2000000000e-01	9.2000000000e-01	4.6182656132e+00	
461	9.2200000000e-01	9.2200000000e-01	4.7039134215e+00	
462	9.2400000000e-01	9.2400000000e-01	4.7899010902e+00	
463	9.2600000000e-01	9.2600000000e-01	4.8762201261e+00	
464	9.2800000000e-01	9.2800000000e-01	4.9628623095e+00	
465	9.3000000000e-01	9.3000000000e-01	5.0498196849e+00	
466	9.3200000000e-01	9.3200000000e-01	5.1370845511e+00	
467	9.3400000000e-01	9.3400000000e-01	5.2246494523e+00	
468	9.3600000000e-01	9.3600000000e-01	5.3125071692e+00	
469	9.3800000000e-01	9.3800000000e-01	5.4006507105e+00	
470	9.4000000000e-01	9.4000000000e-01	5.4890733043e+00	
471	9.4200000000e-01	9.4200000000e-01	5.5777683908e+00	
472	9.4400000000e-01	9.4400000000e-01	5.6667296139e+00	
473	9.4600000000e-01	9.4600000000e-01	5.7559508145e+00	
474	9.4800000000e-01	9.4800000000e-01	5.8454260230e+00	
475	9.5000000000e-01	9.5000000000e-01	5.9351494527e+00	
476	9.5200000000e-01	9.5200000000e-01	6.0251154928e+00	
477	9.5400000000e-01	9.5400000000e-01	6.1153187029e+00	
478	9.5600000000e-01	9.5600000000e-01	6.2057538058e+00	
479	9.5800000000e-01	9.5800000000e-01	6.2964156827e+00	
480	9.6000000000e-01	9.6000000000e-01	6.3872993670e+00	
481	9.6200000000e-01	9.6200000000e-01	6.4784000389e+00	
482	9.6400000000e-01	9.6400000000e-01	6.5697130203e+00	
483	9.6600000000e-01	9.6600000000e-01	6.6612337702e+00	
484	9.6800000000e-01	9.6800000000e-01	6.7529578789e+00	
485	9.7000000000e-01	9.7000000000e-01	6.8448810645e+00	
486	9.7200000000e-01	9.7200000000e-01	6.9369991678e+00	
487	9.7400000000e-01	9.7400000000e-01	7.0293081480e+00	
488	9.7600000000e-01	9.7600000000e-01	7.1218040791e+00	
489	9.7800000000e-01	9.7800000000e-01	7.2144831453e+00	
490	9.8000000000e-01	9.8000000000e-01	7.3073416379e+00	
491	9.8200000000e-01	9.8200000000e-01	7.4003759510e+00	
492	9.8400000000e-01	9.8400000000e-01	7.4935825785e+00	
493	9.8600000000e-01	9.8600000000e-01	7.5869581104e+00	
494	9.8800000000e-01	9.8800000000e-01	7.6804992299e+00	
495	9.9000000000e-01	9.9000000000e-01	7.7742027098e+00	
496	9.9200000000e-01	9.9200000000e-01	7.8680654100e+00	
497	9.9400000000e-01	9.9400000000e-01	7.9620842744e+00	
498	9.9600000000e-01	9.9600000000e-01	8.0562563279e+00	
499	9.9800000000e-01	9.9800000000e-01	8.1505786742e+00	
500	1.0000000000e+00	1.0000000000e+00	8.2450484929e+00	
ngspice-46 done
Warning: diode_pd2nw_06v0: IKR too small - model effect disabled!
