* ====================================================================
* record-id : 20260821-134653-804155b
* testbench : tb_low_side_power_switch.spice (sim/low-side-power-switch, reused verbatim)
* corner    : ss_mc0000_125c_nosupply
* supply    : n/a (no supply rail in this device-level testbench)
* mismatch  : sw_stat_mismatch=0 (sample 0), sw_stat_global=0
* seed      : 20340821
* pdk       : gf180mcuD (/home/ubuntu/.volare/gf180mcuD)
* ngspice   : ngspice-46 : Circuit level simulation program
* run (UTC) : 2026-08-21T13:46:53Z
* ====================================================================

Note: No compatibility mode selected!


Circuit: *include "corner.spice

Doing analysis at TEMP = 125.000000 and TNOM = 27.000000

Using SPARSE 1.3 as Direct Linear Solver

No. of Data Rows : 101
                                                                                                                                                                                                                                                     *include "corner.spice
                                                                                                                                                                                                                                                     DC transfer characteristic  Fri Aug 21 13:47:19  2026
--------------------------------------------------------------------------------------------------------------------------------------------------------------------------------------------------------------------------------------------------------------------------------------------------------------------------------------------------------------------------------------------------------------------------------------------------------------------------------------------------------------------------------
Index   v-sweep         v(vfracds)      ioc_n06_glo     ioc_n06_gmid    ioc_n06_ghi     
--------------------------------------------------------------------------------------------------------------------------------------------------------------------------------------------------------------------------------------------------------------------------------------------------------------------------------------------------------------------------------------------------------------------------------------------------------------------------------------------------------------------------------
0	0.0000000000e+00	0.0000000000e+00	-0.0000000000e+00	-0.0000000000e+00	-0.0000000000e+00	
1	1.0000000000e-02	1.0000000000e-02	1.4436094251e-04	1.6292202046e-04	1.8243976469e-04	
2	2.0000000000e-02	2.0000000000e-02	2.8055767448e-04	3.1775544719e-04	3.5706431658e-04	
3	3.0000000000e-02	3.0000000000e-02	4.0887967947e-04	4.6477322795e-04	5.2411837405e-04	
4	4.0000000000e-02	4.0000000000e-02	5.2960291303e-04	6.0423615092e-04	6.8383652894e-04	
5	5.0000000000e-02	5.0000000000e-02	6.4299055983e-04	7.3639348854e-04	8.3644374473e-04	
6	6.0000000000e-02	6.0000000000e-02	7.4929374064e-04	8.6148359688e-04	9.8215582022e-04	
7	7.0000000000e-02	7.0000000000e-02	8.4875218103e-04	9.7973448055e-04	1.1211798259e-03	
8	8.0000000000e-02	8.0000000000e-02	9.4159484696e-04	1.0913643297e-03	1.2537145185e-03	
9	9.0000000000e-02	9.0000000000e-02	1.0280405456e-03	1.1965820313e-03	1.3799507380e-03	
10	1.0000000000e-01	1.0000000000e-01	1.1082984836e-03	1.2955876535e-03	1.5000717880e-03	
11	1.1000000000e-01	1.1000000000e-01	1.1825687659e-03	1.3885728959e-03	1.6142537991e-03	
12	1.2000000000e-01	1.2000000000e-01	1.2510428082e-03	1.4757214974e-03	1.7226660740e-03	
13	1.3000000000e-01	1.3000000000e-01	1.3139036086e-03	1.5572095832e-03	1.8254714089e-03	
14	1.4000000000e-01	1.4000000000e-01	1.3713257802e-03	1.6332059243e-03	1.9228263870e-03	
15	1.5000000000e-01	1.5000000000e-01	1.4234751487e-03	1.7038720606e-03	2.0148816344e-03	
16	1.6000000000e-01	1.6000000000e-01	1.4705075564e-03	1.7693621978e-03	2.1017820248e-03	
17	1.7000000000e-01	1.7000000000e-01	1.5125663522e-03	1.8298227114e-03	2.1836668128e-03	
18	1.8000000000e-01	1.8000000000e-01	1.5497785740e-03	1.8853909377e-03	2.2606696592e-03	
19	1.9000000000e-01	1.9000000000e-01	1.5822542650e-03	1.9361926636e-03	2.3329184850e-03	
20	2.0000000000e-01	2.0000000000e-01	1.6101094621e-03	1.9823373494e-03	2.4005350443e-03	
21	2.1000000000e-01	2.1000000000e-01	1.6335524975e-03	2.0239101090e-03	2.4636340123e-03	
22	2.2000000000e-01	2.2000000000e-01	1.6530111788e-03	2.0609622878e-03	2.5223212210e-03	
23	2.3000000000e-01	2.3000000000e-01	1.6691389329e-03	2.0935151463e-03	2.5766903883e-03	
24	2.4000000000e-01	2.4000000000e-01	1.6826485732e-03	2.1216157949e-03	2.6268172774e-03	
25	2.5000000000e-01	2.5000000000e-01	1.6941552605e-03	2.1454678142e-03	2.6727499979e-03	
26	2.6000000000e-01	2.6000000000e-01	1.7041289298e-03	2.1655306161e-03	2.7144957252e-03	
27	2.7000000000e-01	2.7000000000e-01	1.7129124866e-03	2.1824450297e-03	2.7520123129e-03	
28	2.8000000000e-01	2.8000000000e-01	1.7207546210e-03	2.1968609719e-03	2.7852333475e-03	
29	2.9000000000e-01	2.9000000000e-01	1.7278377543e-03	2.2093264834e-03	2.8141647339e-03	
30	3.0000000000e-01	3.0000000000e-01	1.7342980962e-03	2.2202644519e-03	2.8390202241e-03	
31	3.1000000000e-01	3.1000000000e-01	1.7402393229e-03	2.2299908452e-03	2.8602591820e-03	
32	3.2000000000e-01	3.2000000000e-01	1.7457418270e-03	2.2387409209e-03	2.8784741572e-03	
33	3.3000000000e-01	3.3000000000e-01	1.7508690256e-03	2.2466915221e-03	2.8942464816e-03	
34	3.4000000000e-01	3.4000000000e-01	1.7556717287e-03	2.2539775486e-03	2.9080682516e-03	
35	3.5000000000e-01	3.5000000000e-01	1.7601912187e-03	2.2607035751e-03	2.9203276701e-03	
36	3.6000000000e-01	3.6000000000e-01	1.7644614606e-03	2.2669519621e-03	2.9313228499e-03	
37	3.7000000000e-01	3.7000000000e-01	1.7685107150e-03	2.2727885459e-03	2.9412817444e-03	
38	3.8000000000e-01	3.8000000000e-01	1.7723627356e-03	2.2782666782e-03	2.9503798177e-03	
39	3.9000000000e-01	3.9000000000e-01	1.7760376713e-03	2.2834301341e-03	2.9587536782e-03	
40	4.0000000000e-01	4.0000000000e-01	1.7795527549e-03	2.2883152380e-03	2.9665110820e-03	
41	4.1000000000e-01	4.1000000000e-01	1.7829228367e-03	2.2929524407e-03	2.9737381597e-03	
42	4.2000000000e-01	4.2000000000e-01	1.7861608016e-03	2.2973675064e-03	2.9805046373e-03	
43	4.3000000000e-01	4.3000000000e-01	1.7892778998e-03	2.3015824174e-03	2.9868676360e-03	
44	4.4000000000e-01	4.4000000000e-01	1.7922840111e-03	2.3056160737e-03	2.9928744670e-03	
45	4.5000000000e-01	4.5000000000e-01	1.7951878585e-03	2.3094848390e-03	2.9985647128e-03	
46	4.6000000000e-01	4.6000000000e-01	1.7979971827e-03	2.3132029717e-03	3.0039717955e-03	
47	4.7000000000e-01	4.7000000000e-01	1.8007188861e-03	2.3167829696e-03	3.0091241744e-03	
48	4.8000000000e-01	4.8000000000e-01	1.8033591532e-03	2.3202358473e-03	3.0140462699e-03	
49	4.9000000000e-01	4.9000000000e-01	1.8059235536e-03	2.3235713620e-03	3.0187591848e-03	
50	5.0000000000e-01	5.0000000000e-01	1.8084171307e-03	2.3267981993e-03	3.0232812740e-03	
51	5.1000000000e-01	5.1000000000e-01	1.8108444814e-03	2.3299241290e-03	3.0276285974e-03	
52	5.2000000000e-01	5.2000000000e-01	1.8132098287e-03	2.3329561353e-03	3.0318152853e-03	
53	5.3000000000e-01	5.3000000000e-01	1.8155170910e-03	2.3359005312e-03	3.0358538348e-03	
54	5.4000000000e-01	5.4000000000e-01	1.8177699496e-03	2.3387630585e-03	3.0397553527e-03	
55	5.5000000000e-01	5.5000000000e-01	1.8199719168e-03	2.3415489790e-03	3.0435297579e-03	
56	5.6000000000e-01	5.6000000000e-01	1.8221264064e-03	2.3442631612e-03	3.0471859518e-03	
57	5.7000000000e-01	5.7000000000e-01	1.8242368070e-03	2.3469101638e-03	3.0507319644e-03	
58	5.8000000000e-01	5.8000000000e-01	1.8263065603e-03	2.3494943199e-03	3.0541750827e-03	
59	5.9000000000e-01	5.9000000000e-01	1.8283392443e-03	2.3520198236e-03	3.0575219670e-03	
60	6.0000000000e-01	6.0000000000e-01	1.8303386613e-03	2.3544908211e-03	3.0607787589e-03	
61	6.1000000000e-01	6.1000000000e-01	1.8323089319e-03	2.3569115064e-03	3.0639511866e-03	
62	6.2000000000e-01	6.2000000000e-01	1.8342545939e-03	2.3592862246e-03	3.0670446685e-03	
63	6.3000000000e-01	6.3000000000e-01	1.8361807055e-03	2.3616195815e-03	3.0700644211e-03	
64	6.4000000000e-01	6.4000000000e-01	1.8380929527e-03	2.3639165600e-03	3.0730155706e-03	
65	6.5000000000e-01	6.5000000000e-01	1.8399977600e-03	2.3661826441e-03	3.0759032720e-03	
66	6.6000000000e-01	6.6000000000e-01	1.8419024024e-03	2.3684239487e-03	3.0787328368e-03	
67	6.7000000000e-01	6.7000000000e-01	1.8438151195e-03	2.3706473547e-03	3.0815098690e-03	
68	6.8000000000e-01	6.8000000000e-01	1.8457452283e-03	2.3728606493e-03	3.0842404114e-03	
69	6.9000000000e-01	6.9000000000e-01	1.8477032358e-03	2.3750726683e-03	3.0869311005e-03	
70	7.0000000000e-01	7.0000000000e-01	1.8497009484e-03	2.3772934417e-03	3.0895893304e-03	
71	7.1000000000e-01	7.1000000000e-01	1.8517515785e-03	2.3795343381e-03	3.0922234247e-03	
72	7.2000000000e-01	7.2000000000e-01	1.8538698458e-03	2.3818082096e-03	3.0948428144e-03	
73	7.3000000000e-01	7.3000000000e-01	1.8560720740e-03	2.3841295329e-03	3.0974582214e-03	
74	7.4000000000e-01	7.4000000000e-01	1.8583762809e-03	2.3865145469e-03	3.1000818448e-03	
75	7.5000000000e-01	7.5000000000e-01	1.8608022611e-03	2.3889813854e-03	3.1027275489e-03	
76	7.6000000000e-01	7.6000000000e-01	1.8633716614e-03	2.3915502023e-03	3.1054110504e-03	
77	7.7000000000e-01	7.7000000000e-01	1.8661080484e-03	2.3942432899e-03	3.1081501035e-03	
78	7.8000000000e-01	7.8000000000e-01	1.8690369667e-03	2.3970851882e-03	3.1109646804e-03	
79	7.9000000000e-01	7.9000000000e-01	1.8721859888e-03	2.4001027843e-03	3.1138771461e-03	
80	8.0000000000e-01	8.0000000000e-01	1.8755847562e-03	2.4033254018e-03	3.1169124244e-03	
81	8.1000000000e-01	8.1000000000e-01	1.8792650104e-03	2.4067848797e-03	3.1200981560e-03	
82	8.2000000000e-01	8.2000000000e-01	1.8832606161e-03	2.4105156392e-03	3.1234648439e-03	
83	8.3000000000e-01	8.3000000000e-01	1.8876075748e-03	2.4145547398e-03	3.1270459887e-03	
84	8.4000000000e-01	8.4000000000e-01	1.8923440290e-03	2.4189419227e-03	3.1308782098e-03	
85	8.5000000000e-01	8.5000000000e-01	1.8975102591e-03	2.4237196439e-03	3.1350013526e-03	
86	8.6000000000e-01	8.6000000000e-01	1.9031486712e-03	2.4289330942e-03	3.1394585820e-03	
87	8.7000000000e-01	8.7000000000e-01	1.9093037772e-03	2.4346302089e-03	3.1442964609e-03	
88	8.8000000000e-01	8.8000000000e-01	1.9160221677e-03	2.4408616657e-03	3.1495650124e-03	
89	8.9000000000e-01	8.9000000000e-01	1.9233524770e-03	2.4476808724e-03	3.1553177687e-03	
90	9.0000000000e-01	9.0000000000e-01	1.9313453432e-03	2.4551439439e-03	3.1616118029e-03	
91	9.1000000000e-01	9.1000000000e-01	1.9400533601e-03	2.4633096695e-03	3.1685077473e-03	
92	9.2000000000e-01	9.2000000000e-01	1.9495310252e-03	2.4722394711e-03	3.1760697962e-03	
93	9.3000000000e-01	9.3000000000e-01	1.9598346815e-03	2.4819973526e-03	3.1843656946e-03	
94	9.4000000000e-01	9.4000000000e-01	1.9710224553e-03	2.4926498415e-03	3.1934667137e-03	
95	9.5000000000e-01	9.5000000000e-01	1.9831541896e-03	2.5042659225e-03	3.2034476131e-03	
96	9.6000000000e-01	9.6000000000e-01	1.9962913740e-03	2.5169169652e-03	3.2143865906e-03	
97	9.7000000000e-01	9.7000000000e-01	2.0104970711e-03	2.5306766446e-03	3.2263652202e-03	
98	9.8000000000e-01	9.8000000000e-01	2.0258358406e-03	2.5456208571e-03	3.2394683802e-03	
99	9.9000000000e-01	9.9000000000e-01	2.0423736609e-03	2.5618276309e-03	3.2537841700e-03	
100	1.0000000000e+00	1.0000000000e+00	2.0601778490e-03	2.5793770327e-03	3.2694038189e-03	
                                                                                                                                                                                                                                                     *include "corner.spice
                                                                                                                                                                                                                                                     DC transfer characteristic  Fri Aug 21 13:47:19  2026
--------------------------------------------------------------------------------------------------------------------------------------------------------------------------------------------------------------------------------------------------------------------------------------------------------------------------------------------------------------------------------------------------------------------------------------------------------------------------------------------------------------------------------
Index   v-sweep         v(vfracds)      ioc_p06_glo     ioc_p06_gmid    ioc_p06_ghi     
--------------------------------------------------------------------------------------------------------------------------------------------------------------------------------------------------------------------------------------------------------------------------------------------------------------------------------------------------------------------------------------------------------------------------------------------------------------------------------------------------------------------------------
0	0.0000000000e+00	0.0000000000e+00	-0.0000000000e+00	-0.0000000000e+00	-0.0000000000e+00	
1	1.0000000000e-02	1.0000000000e-02	-4.334148733e-05	-5.026989725e-05	-5.867020111e-05	
2	2.0000000000e-02	2.0000000000e-02	-8.518365595e-05	-9.907359056e-05	-1.159146403e-04	
3	3.0000000000e-02	3.0000000000e-02	-1.255382965e-04	-1.464221531e-04	-1.717435945e-04	
4	4.0000000000e-02	4.0000000000e-02	-1.644170811e-04	-1.923265493e-04	-2.261672436e-04	
5	5.0000000000e-02	5.0000000000e-02	-2.018315663e-04	-2.367976369e-04	-2.791956716e-04	
6	6.0000000000e-02	6.0000000000e-02	-2.377931952e-04	-2.798461685e-04	-3.308388679e-04	
7	7.0000000000e-02	7.0000000000e-02	-2.723133010e-04	-3.214827934e-04	-3.811067287e-04	
8	8.0000000000e-02	8.0000000000e-02	-3.054031101e-04	-3.617180598e-04	-4.300090584e-04	
9	9.0000000000e-02	9.0000000000e-02	-3.370737463e-04	-4.005624169e-04	-4.775555709e-04	
10	1.0000000000e-01	1.0000000000e-01	-3.673362356e-04	-4.380262168e-04	-5.237558909e-04	
11	1.1000000000e-01	1.1000000000e-01	-3.962015119e-04	-4.741197177e-04	-5.686195554e-04	
12	1.2000000000e-01	1.2000000000e-01	-4.236804246e-04	-5.088530864e-04	-6.121560155e-04	
13	1.3000000000e-01	1.3000000000e-01	-4.497837478e-04	-5.422364017e-04	-6.543746376e-04	
14	1.4000000000e-01	1.4000000000e-01	-4.745221935e-04	-5.742796584e-04	-6.952847054e-04	
15	1.5000000000e-01	1.5000000000e-01	-4.979064289e-04	-6.049927719e-04	-7.348954216e-04	
16	1.6000000000e-01	1.6000000000e-01	-5.199471003e-04	-6.343855841e-04	-7.732159101e-04	
17	1.7000000000e-01	1.7000000000e-01	-5.406548691e-04	-6.624678708e-04	-8.102552181e-04	
18	1.8000000000e-01	1.8000000000e-01	-5.600404632e-04	-6.892493508e-04	-8.460223189e-04	
19	1.9000000000e-01	1.9000000000e-01	-5.781147566e-04	-7.147396985e-04	-8.805261147e-04	
20	2.0000000000e-01	2.0000000000e-01	-5.948888940e-04	-7.389485609e-04	-9.137754400e-04	
21	2.1000000000e-01	2.1000000000e-01	-6.103744915e-04	-7.618855801e-04	-9.457790659e-04	
22	2.2000000000e-01	2.2000000000e-01	-6.245839717e-04	-7.835604263e-04	-9.765457049e-04	
23	2.3000000000e-01	2.3000000000e-01	-6.375311399e-04	-8.039828446e-04	-1.006084017e-03	
24	2.4000000000e-01	2.4000000000e-01	-6.492322032e-04	-8.231627252e-04	-1.034402619e-03	
25	2.5000000000e-01	2.5000000000e-01	-6.597076179e-04	-8.411102089e-04	-1.061510092e-03	
26	2.6000000000e-01	2.6000000000e-01	-6.689854594e-04	-8.578358522e-04	-1.087414995e-03	
27	2.7000000000e-01	2.7000000000e-01	-6.771074024e-04	-8.733508913e-04	-1.112125886e-03	
28	2.8000000000e-01	2.8000000000e-01	-6.841383020e-04	-8.876676752e-04	-1.135651341e-03	
29	2.9000000000e-01	2.9000000000e-01	-6.901778261e-04	-9.008003938e-04	-1.157999992e-03	
30	3.0000000000e-01	3.0000000000e-01	-6.953655569e-04	-9.127663266e-04	-1.179180572e-03	
31	3.1000000000e-01	3.1000000000e-01	-6.998665329e-04	-9.235879970e-04	-1.199201982e-03	
32	3.2000000000e-01	3.2000000000e-01	-7.038394663e-04	-9.332968247e-04	-1.218073398e-03	
33	3.3000000000e-01	3.3000000000e-01	-7.074114034e-04	-9.419389062e-04	-1.235804418e-03	
34	3.4000000000e-01	3.4000000000e-01	-7.106731626e-04	-9.495826868e-04	-1.252405305e-03	
35	3.5000000000e-01	3.5000000000e-01	-7.136874134e-04	-9.563253206e-04	-1.267887355e-03	
36	3.6000000000e-01	3.6000000000e-01	-7.164981422e-04	-9.622905308e-04	-1.282263498e-03	
37	3.7000000000e-01	3.7000000000e-01	-7.191374188e-04	-9.676131752e-04	-1.295549271e-03	
38	3.8000000000e-01	3.8000000000e-01	-7.216295647e-04	-9.724180738e-04	-1.307764395e-03	
39	3.9000000000e-01	3.9000000000e-01	-7.239936506e-04	-9.768068661e-04	-1.318935276e-03	
40	4.0000000000e-01	4.0000000000e-01	-7.262450281e-04	-9.808567329e-04	-1.329098714e-03	
41	4.1000000000e-01	4.1000000000e-01	-7.283963106e-04	-9.846252462e-04	-1.338306594e-03	
42	4.2000000000e-01	4.2000000000e-01	-7.304580301e-04	-9.881558923e-04	-1.346629916e-03	
43	4.3000000000e-01	4.3000000000e-01	-7.324390950e-04	-9.914823000e-04	-1.354158707e-03	
44	4.4000000000e-01	4.4000000000e-01	-7.343471227e-04	-9.946311110e-04	-1.360994946e-03	
45	4.5000000000e-01	4.5000000000e-01	-7.361886849e-04	-9.976238794e-04	-1.367240665e-03	
46	4.6000000000e-01	4.6000000000e-01	-7.379694966e-04	-1.000478350e-03	-1.372987687e-03	
47	4.7000000000e-01	4.7000000000e-01	-7.396945612e-04	-1.003209344e-03	-1.378313107e-03	
48	4.8000000000e-01	4.8000000000e-01	-7.413682864e-04	-1.005829384e-03	-1.383279547e-03	
49	4.9000000000e-01	4.9000000000e-01	-7.429945761e-04	-1.008349166e-03	-1.387937463e-03	
50	5.0000000000e-01	5.0000000000e-01	-7.445769053e-04	-1.010777898e-03	-1.392327703e-03	
51	5.1000000000e-01	5.1000000000e-01	-7.461183810e-04	-1.013123574e-03	-1.396483654e-03	
52	5.2000000000e-01	5.2000000000e-01	-7.476217932e-04	-1.015393175e-03	-1.400432908e-03	
53	5.3000000000e-01	5.3000000000e-01	-7.490896563e-04	-1.017592841e-03	-1.404198506e-03	
54	5.4000000000e-01	5.4000000000e-01	-7.505242446e-04	-1.019727996e-03	-1.407799881e-03	
55	5.5000000000e-01	5.5000000000e-01	-7.519276222e-04	-1.021803460e-03	-1.411253561e-03	
56	5.6000000000e-01	5.6000000000e-01	-7.533016679e-04	-1.023823534e-03	-1.414573724e-03	
57	5.7000000000e-01	5.7000000000e-01	-7.546480970e-04	-1.025792071e-03	-1.417772617e-03	
58	5.8000000000e-01	5.8000000000e-01	-7.559684797e-04	-1.027712540e-03	-1.420860890e-03	
59	5.9000000000e-01	5.9000000000e-01	-7.572642570e-04	-1.029588069e-03	-1.423847859e-03	
60	6.0000000000e-01	6.0000000000e-01	-7.585367546e-04	-1.031421496e-03	-1.426741723e-03	
61	6.1000000000e-01	6.1000000000e-01	-7.597871950e-04	-1.033215399e-03	-1.429549730e-03	
62	6.2000000000e-01	6.2000000000e-01	-7.610167082e-04	-1.034972126e-03	-1.432278321e-03	
63	6.3000000000e-01	6.3000000000e-01	-7.622263405e-04	-1.036693825e-03	-1.434933244e-03	
64	6.4000000000e-01	6.4000000000e-01	-7.634170638e-04	-1.038382466e-03	-1.437519649e-03	
65	6.5000000000e-01	6.5000000000e-01	-7.645897825e-04	-1.040039855e-03	-1.440042169e-03	
66	6.6000000000e-01	6.6000000000e-01	-7.657453407e-04	-1.041667658e-03	-1.442504987e-03	
67	6.7000000000e-01	6.7000000000e-01	-7.668845288e-04	-1.043267413e-03	-1.444911889e-03	
68	6.8000000000e-01	6.8000000000e-01	-7.680080901e-04	-1.044840540e-03	-1.447266317e-03	
69	6.9000000000e-01	6.9000000000e-01	-7.691167268e-04	-1.046388359e-03	-1.449571406e-03	
70	7.0000000000e-01	7.0000000000e-01	-7.702111070e-04	-1.047912095e-03	-1.451830022e-03	
71	7.1000000000e-01	7.1000000000e-01	-7.712918714e-04	-1.049412890e-03	-1.454044789e-03	
72	7.2000000000e-01	7.2000000000e-01	-7.723596405e-04	-1.050891810e-03	-1.456218118e-03	
73	7.3000000000e-01	7.3000000000e-01	-7.734150233e-04	-1.052349858e-03	-1.458352228e-03	
74	7.4000000000e-01	7.4000000000e-01	-7.744586262e-04	-1.053787977e-03	-1.460449165e-03	
75	7.5000000000e-01	7.5000000000e-01	-7.754910632e-04	-1.055207062e-03	-1.462510823e-03	
76	7.6000000000e-01	7.6000000000e-01	-7.765129676e-04	-1.056607968e-03	-1.464538957e-03	
77	7.7000000000e-01	7.7000000000e-01	-7.775250046e-04	-1.057991517e-03	-1.466535197e-03	
78	7.8000000000e-01	7.8000000000e-01	-7.785278863e-04	-1.059358513e-03	-1.468501062e-03	
79	7.9000000000e-01	7.9000000000e-01	-7.795223872e-04	-1.060709753e-03	-1.470437970e-03	
80	8.0000000000e-01	8.0000000000e-01	-7.805093626e-04	-1.062046033e-03	-1.472347251e-03	
81	8.1000000000e-01	8.1000000000e-01	-7.814897679e-04	-1.063368174e-03	-1.474230159e-03	
82	8.2000000000e-01	8.2000000000e-01	-7.824646801e-04	-1.064677027e-03	-1.476087882e-03	
83	8.3000000000e-01	8.3000000000e-01	-7.834353213e-04	-1.065973501e-03	-1.477921552e-03	
84	8.4000000000e-01	8.4000000000e-01	-7.844030836e-04	-1.067258576e-03	-1.479732262e-03	
85	8.5000000000e-01	8.5000000000e-01	-7.853695557e-04	-1.068533331e-03	-1.481521078e-03	
86	8.6000000000e-01	8.6000000000e-01	-7.863365516e-04	-1.069798968e-03	-1.483289052e-03	
87	8.7000000000e-01	8.7000000000e-01	-7.873061405e-04	-1.071056838e-03	-1.485037244e-03	
88	8.8000000000e-01	8.8000000000e-01	-7.882806781e-04	-1.072308473e-03	-1.486766738e-03	
89	8.9000000000e-01	8.9000000000e-01	-7.892628392e-04	-1.073555619e-03	-1.488478666e-03	
90	9.0000000000e-01	9.0000000000e-01	-7.902556515e-04	-1.074800271e-03	-1.490174232e-03	
91	9.1000000000e-01	9.1000000000e-01	-7.912625303e-04	-1.076044709e-03	-1.491854740e-03	
92	9.2000000000e-01	9.2000000000e-01	-7.922873135e-04	-1.077291539e-03	-1.493521628e-03	
93	9.3000000000e-01	9.3000000000e-01	-7.933342978e-04	-1.078543736e-03	-1.495176496e-03	
94	9.4000000000e-01	9.4000000000e-01	-7.944082747e-04	-1.079804685e-03	-1.496821153e-03	
95	9.5000000000e-01	9.5000000000e-01	-7.955145668e-04	-1.081078225e-03	-1.498457648e-03	
96	9.6000000000e-01	9.6000000000e-01	-7.966590639e-04	-1.082368700e-03	-1.500088324e-03	
97	9.7000000000e-01	9.7000000000e-01	-7.978482590e-04	-1.083681005e-03	-1.501715862e-03	
98	9.8000000000e-01	9.8000000000e-01	-7.990892833e-04	-1.085020631e-03	-1.503343333e-03	
99	9.9000000000e-01	9.9000000000e-01	-8.003899414e-04	-1.086393718e-03	-1.504974252e-03	
100	1.0000000000e+00	1.0000000000e+00	-8.017587445e-04	-1.087807103e-03	-1.506612636e-03	
Doing analysis at TEMP = 125.000000 and TNOM = 27.000000

Using SPARSE 1.3 as Direct Linear Solver

No. of Data Rows : 501
                                                                                                                                                                                                                                                     *include "corner.spice
                                                                                                                                                                                                                                                     DC transfer characteristic  Fri Aug 21 13:47:19  2026
--------------------------------------------------------------------------------------------------------------------------------------------------------------------------------------------------------------------------------------------------------------------------------------------------------------------------------------------------------------------------------------------------------------------------------------------------------------------------------------------------------------------------------
Index   v-sweep         v(vfracdi)      ifb             
--------------------------------------------------------------------------------------------------------------------------------------------------------------------------------------------------------------------------------------------------------------------------------------------------------------------------------------------------------------------------------------------------------------------------------------------------------------------------------------------------------------------------------
0	0.0000000000e+00	0.0000000000e+00	9.6254479336e-36	
1	2.0000000000e-03	2.0000000000e-03	2.6218721638e-11	
2	4.0000000000e-03	4.0000000000e-03	5.6251114877e-11	
3	6.0000000000e-03	6.0000000000e-03	8.7447105113e-11	
4	8.0000000000e-03	8.0000000000e-03	1.2088807733e-10	
5	1.0000000000e-02	1.0000000000e-02	1.5673579101e-10	
6	1.2000000000e-02	1.2000000000e-02	1.9516355199e-10	
7	1.4000000000e-02	1.4000000000e-02	2.3635704505e-10	
8	1.6000000000e-02	1.6000000000e-02	2.8051561074e-10	
9	1.8000000000e-02	1.8000000000e-02	3.2785252291e-10	
10	2.0000000000e-02	2.0000000000e-02	3.7859715363e-10	
11	2.2000000000e-02	2.2000000000e-02	4.3299364094e-10	
12	2.4000000000e-02	2.4000000000e-02	4.9130566282e-10	
13	2.6000000000e-02	2.6000000000e-02	5.5381477182e-10	
14	2.8000000000e-02	2.8000000000e-02	6.2082339269e-10	
15	3.0000000000e-02	3.0000000000e-02	6.9265548852e-10	
16	3.2000000000e-02	3.2000000000e-02	7.6965722684e-10	
17	3.4000000000e-02	3.4000000000e-02	8.5220119850e-10	
18	3.6000000000e-02	3.6000000000e-02	9.4068708378e-10	
19	3.8000000000e-02	3.8000000000e-02	1.0355416524e-09	
20	4.0000000000e-02	4.0000000000e-02	1.1372229825e-09	
21	4.2000000000e-02	4.2000000000e-02	1.2462224586e-09	
22	4.4000000000e-02	4.4000000000e-02	1.3630674367e-09	
23	4.6000000000e-02	4.6000000000e-02	1.4883219102e-09	
24	4.8000000000e-02	4.8000000000e-02	1.6225900623e-09	
25	5.0000000000e-02	5.0000000000e-02	1.7665229279e-09	
26	5.2000000000e-02	5.2000000000e-02	1.9208137303e-09	
27	5.4000000000e-02	5.4000000000e-02	2.0862080952e-09	
28	5.6000000000e-02	5.6000000000e-02	2.2635044949e-09	
29	5.8000000000e-02	5.8000000000e-02	2.4535600218e-09	
30	6.0000000000e-02	6.0000000000e-02	2.6572926082e-09	
31	6.2000000000e-02	6.2000000000e-02	2.8756854675e-09	
32	6.4000000000e-02	6.4000000000e-02	3.1097937558e-09	
33	6.6000000000e-02	6.6000000000e-02	3.3607467920e-09	
34	6.8000000000e-02	6.8000000000e-02	3.6297573835e-09	
35	7.0000000000e-02	7.0000000000e-02	3.9181244915e-09	
36	7.2000000000e-02	7.2000000000e-02	4.2272376710e-09	
37	7.4000000000e-02	7.4000000000e-02	4.5585921704e-09	
38	7.6000000000e-02	7.6000000000e-02	4.9137858227e-09	
39	7.8000000000e-02	7.8000000000e-02	5.2945319240e-09	
40	8.0000000000e-02	8.0000000000e-02	5.7026703359e-09	
41	8.2000000000e-02	8.2000000000e-02	6.1401683737e-09	
42	8.4000000000e-02	8.4000000000e-02	6.6091385698e-09	
43	8.6000000000e-02	8.6000000000e-02	7.1118417821e-09	
44	8.8000000000e-02	8.8000000000e-02	7.6507031821e-09	
45	9.0000000000e-02	9.0000000000e-02	8.2283238001e-09	
46	9.2000000000e-02	9.2000000000e-02	8.8474871873e-09	
47	9.4000000000e-02	9.4000000000e-02	9.5111802878e-09	
48	9.6000000000e-02	9.6000000000e-02	1.0222603208e-08	
49	9.8000000000e-02	9.8000000000e-02	1.0985185206e-08	
50	1.0000000000e-01	1.0000000000e-01	1.1802604227e-08	
51	1.0200000000e-01	1.0200000000e-01	1.2678798456e-08	
52	1.0400000000e-01	1.0400000000e-01	1.3617992067e-08	
53	1.0600000000e-01	1.0600000000e-01	1.4624708555e-08	
54	1.0800000000e-01	1.0800000000e-01	1.5703800038e-08	
55	1.1000000000e-01	1.1000000000e-01	1.6860464136e-08	
56	1.1200000000e-01	1.1200000000e-01	1.8100275057e-08	
57	1.1400000000e-01	1.1400000000e-01	1.9429196918e-08	
58	1.1600000000e-01	1.1600000000e-01	2.0853632599e-08	
59	1.1800000000e-01	1.1800000000e-01	2.2380438836e-08	
60	1.2000000000e-01	1.2000000000e-01	2.4016964417e-08	
61	1.2200000000e-01	1.2200000000e-01	2.5771085710e-08	
62	1.2400000000e-01	1.2400000000e-01	2.7651243961e-08	
63	1.2600000000e-01	1.2600000000e-01	2.9666480827e-08	
64	1.2800000000e-01	1.2800000000e-01	3.1826489888e-08	
65	1.3000000000e-01	1.3000000000e-01	3.4141656613e-08	
66	1.3200000000e-01	1.3200000000e-01	3.6623111654e-08	
67	1.3400000000e-01	1.3400000000e-01	3.9282783248e-08	
68	1.3600000000e-01	1.3600000000e-01	4.2133449618e-08	
69	1.3800000000e-01	1.3800000000e-01	4.5188805586e-08	
70	1.4000000000e-01	1.4000000000e-01	4.8463527413e-08	
71	1.4200000000e-01	1.4200000000e-01	5.1973335857e-08	
72	1.4400000000e-01	1.4400000000e-01	5.5735084104e-08	
73	1.4600000000e-01	1.4600000000e-01	5.9766819938e-08	
74	1.4800000000e-01	1.4800000000e-01	6.4087886997e-08	
75	1.5000000000e-01	1.5000000000e-01	6.8719010038e-08	
76	1.5200000000e-01	1.5200000000e-01	7.3682392632e-08	
77	1.5400000000e-01	1.5400000000e-01	7.9001826414e-08	
78	1.5600000000e-01	1.5600000000e-01	8.4702796777e-08	
79	1.5800000000e-01	1.5800000000e-01	9.0812614317e-08	
80	1.6000000000e-01	1.6000000000e-01	9.7360532081e-08	
81	1.6200000000e-01	1.6200000000e-01	1.0437788678e-07	
82	1.6400000000e-01	1.6400000000e-01	1.1189825866e-07	
83	1.6600000000e-01	1.6600000000e-01	1.1995761184e-07	
84	1.6800000000e-01	1.6800000000e-01	1.2859447551e-07	
85	1.7000000000e-01	1.7000000000e-01	1.3785012243e-07	
86	1.7200000000e-01	1.7200000000e-01	1.4776876434e-07	
87	1.7400000000e-01	1.7400000000e-01	1.5839775180e-07	
88	1.7600000000e-01	1.7600000000e-01	1.6978781225e-07	
89	1.7800000000e-01	1.7800000000e-01	1.8199327378e-07	
90	1.8000000000e-01	1.8000000000e-01	1.9507232274e-07	
91	1.8200000000e-01	1.8200000000e-01	2.0908727905e-07	
92	1.8400000000e-01	1.8400000000e-01	2.2410489287e-07	
93	1.8600000000e-01	1.8600000000e-01	2.4019663236e-07	
94	1.8800000000e-01	1.8800000000e-01	2.5743905674e-07	
95	1.9000000000e-01	1.9000000000e-01	2.7591413065e-07	
96	1.9200000000e-01	1.9200000000e-01	2.9570963456e-07	
97	1.9400000000e-01	1.9400000000e-01	3.1691955904e-07	
98	1.9600000000e-01	1.9600000000e-01	3.3964454538e-07	
99	1.9800000000e-01	1.9800000000e-01	3.6399234560e-07	
100	2.0000000000e-01	2.0000000000e-01	3.9007833408e-07	
101	2.0200000000e-01	2.0200000000e-01	4.1802601913e-07	
102	2.0400000000e-01	2.0400000000e-01	4.4796763099e-07	
103	2.0600000000e-01	2.0600000000e-01	4.8004472042e-07	
104	2.0800000000e-01	2.0800000000e-01	5.1440881244e-07	
105	2.1000000000e-01	2.1000000000e-01	5.5122209375e-07	
106	2.1200000000e-01	2.1200000000e-01	5.9065816416e-07	
107	2.1400000000e-01	2.1400000000e-01	6.3290282171e-07	
108	2.1600000000e-01	2.1600000000e-01	6.7815491001e-07	
109	2.1800000000e-01	2.1800000000e-01	7.2662723127e-07	
110	2.2000000000e-01	2.2000000000e-01	7.7854749492e-07	
111	2.2200000000e-01	2.2200000000e-01	8.3415935848e-07	
112	2.2400000000e-01	2.2400000000e-01	8.9372353429e-07	
113	2.2600000000e-01	2.2600000000e-01	9.5751893525e-07	
114	2.2800000000e-01	2.2800000000e-01	1.0258439733e-06	
115	2.3000000000e-01	2.3000000000e-01	1.0990178492e-06	
116	2.3200000000e-01	2.3200000000e-01	1.1773820123e-06	
117	2.3400000000e-01	2.3400000000e-01	1.2613016658e-06	
118	2.3600000000e-01	2.3600000000e-01	1.3511673878e-06	
119	2.3800000000e-01	2.3800000000e-01	1.4473968815e-06	
120	2.4000000000e-01	2.4000000000e-01	1.5504367887e-06	
121	2.4200000000e-01	2.4200000000e-01	1.6607646813e-06	
122	2.4400000000e-01	2.4400000000e-01	1.7788911428e-06	
123	2.4600000000e-01	2.4600000000e-01	1.9053620122e-06	
124	2.4800000000e-01	2.4800000000e-01	2.0407607426e-06	
125	2.5000000000e-01	2.5000000000e-01	2.1857109616e-06	
126	2.5200000000e-01	2.5200000000e-01	2.3408791368e-06	
127	2.5400000000e-01	2.5400000000e-01	2.5069774718e-06	
128	2.5600000000e-01	2.5600000000e-01	2.6847669474e-06	
129	2.5800000000e-01	2.5800000000e-01	2.8750605772e-06	
130	2.6000000000e-01	2.6000000000e-01	3.0787268663e-06	
131	2.6200000000e-01	2.6200000000e-01	3.2966934818e-06	
132	2.6400000000e-01	2.6400000000e-01	3.5299511705e-06	
133	2.6600000000e-01	2.6600000000e-01	3.7795579111e-06	
134	2.6800000000e-01	2.6800000000e-01	4.0466433262e-06	
135	2.7000000000e-01	2.7000000000e-01	4.3324133756e-06	
136	2.7200000000e-01	2.7200000000e-01	4.6381553460e-06	
137	2.7400000000e-01	2.7400000000e-01	4.9652431109e-06	
138	2.7600000000e-01	2.7600000000e-01	5.3151427686e-06	
139	2.7800000000e-01	2.7800000000e-01	5.6894185825e-06	
140	2.8000000000e-01	2.8000000000e-01	6.0897392995e-06	
141	2.8200000000e-01	2.8200000000e-01	6.5178848203e-06	
142	2.8400000000e-01	2.8400000000e-01	6.9757533208e-06	
143	2.8600000000e-01	2.8600000000e-01	7.4653687410e-06	
144	2.8800000000e-01	2.8800000000e-01	7.9888887523e-06	
145	2.9000000000e-01	2.9000000000e-01	8.5486131578e-06	
146	2.9200000000e-01	2.9200000000e-01	9.1469928130e-06	
147	2.9400000000e-01	2.9400000000e-01	9.7866390529e-06	
148	2.9600000000e-01	2.9600000000e-01	1.0470333610e-05	
149	2.9800000000e-01	2.9800000000e-01	1.1201039186e-05	
150	3.0000000000e-01	3.0000000000e-01	1.1981910516e-05	
151	3.0200000000e-01	3.0200000000e-01	1.2816306123e-05	
152	3.0400000000e-01	3.0400000000e-01	1.3707800669e-05	
153	3.0600000000e-01	3.0600000000e-01	1.4660198007e-05	
154	3.0800000000e-01	3.0800000000e-01	1.5677544951e-05	
155	3.1000000000e-01	3.1000000000e-01	1.6764145718e-05	
156	3.1200000000e-01	3.1200000000e-01	1.7924577202e-05	
157	3.1400000000e-01	3.1400000000e-01	1.9163705005e-05	
158	3.1600000000e-01	3.1600000000e-01	2.0486700318e-05	
159	3.1800000000e-01	3.1800000000e-01	2.1899057611e-05	
160	3.2000000000e-01	3.2000000000e-01	2.3406613289e-05	
161	3.2200000000e-01	3.2200000000e-01	2.5015565209e-05	
162	3.2400000000e-01	3.2400000000e-01	2.6732493170e-05	
163	3.2600000000e-01	3.2600000000e-01	2.8564380404e-05	
164	3.2800000000e-01	3.2800000000e-01	3.0518636066e-05	
165	3.3000000000e-01	3.3000000000e-01	3.2603118788e-05	
166	3.3200000000e-01	3.3200000000e-01	3.4826161304e-05	
167	3.3400000000e-01	3.3400000000e-01	3.7196596207e-05	
168	3.3600000000e-01	3.3600000000e-01	3.9723782827e-05	
169	3.3800000000e-01	3.3800000000e-01	4.2417635289e-05	
170	3.4000000000e-01	3.4000000000e-01	4.5288651782e-05	
171	3.4200000000e-01	3.4200000000e-01	4.8347945047e-05	
172	3.4400000000e-01	3.4400000000e-01	5.1607274123e-05	
173	3.4600000000e-01	3.4600000000e-01	5.5079077349e-05	
174	3.4800000000e-01	3.4800000000e-01	5.8776506719e-05	
175	3.5000000000e-01	3.5000000000e-01	6.2713463514e-05	
176	3.5200000000e-01	3.5200000000e-01	6.6904635286e-05	
177	3.5400000000e-01	3.5400000000e-01	7.1365534215e-05	
178	3.5600000000e-01	3.5600000000e-01	7.6112536849e-05	
179	3.5800000000e-01	3.5800000000e-01	8.1162925195e-05	
180	3.6000000000e-01	3.6000000000e-01	8.6534929267e-05	
181	3.6200000000e-01	3.6200000000e-01	9.2247770986e-05	
182	3.6400000000e-01	3.6400000000e-01	9.8321709576e-05	
183	3.6600000000e-01	3.6600000000e-01	1.0477808831e-04	
184	3.6800000000e-01	3.6800000000e-01	1.1163938269e-04	
185	3.7000000000e-01	3.7000000000e-01	1.1892925018e-04	
186	3.7200000000e-01	3.7200000000e-01	1.2667258116e-04	
187	3.7400000000e-01	3.7400000000e-01	1.3489555154e-04	
188	3.7600000000e-01	3.7600000000e-01	1.4362567659e-04	
189	3.7800000000e-01	3.7800000000e-01	1.5289186642e-04	
190	3.8000000000e-01	3.8000000000e-01	1.6272448269e-04	
191	3.8200000000e-01	3.8200000000e-01	1.7315539687e-04	
192	3.8400000000e-01	3.8400000000e-01	1.8421804987e-04	
193	3.8600000000e-01	3.8600000000e-01	1.9594751318e-04	
194	3.8800000000e-01	3.8800000000e-01	2.0838055131e-04	
195	3.9000000000e-01	3.9000000000e-01	2.2155568583e-04	
196	3.9200000000e-01	3.9200000000e-01	2.3551326072e-04	
197	3.9400000000e-01	3.9400000000e-01	2.5029550931e-04	
198	3.9600000000e-01	3.9600000000e-01	2.6594662271e-04	
199	3.9800000000e-01	3.9800000000e-01	2.8251281965e-04	
200	4.0000000000e-01	4.0000000000e-01	3.0004241805e-04	
201	4.0200000000e-01	4.0200000000e-01	3.1858590817e-04	
202	4.0400000000e-01	4.0400000000e-01	3.3819602736e-04	
203	4.0600000000e-01	4.0600000000e-01	3.5892783674e-04	
204	4.0800000000e-01	4.0800000000e-01	3.8083879960e-04	
205	4.1000000000e-01	4.1000000000e-01	4.0398886183e-04	
206	4.1200000000e-01	4.1200000000e-01	4.2844053443e-04	
207	4.1400000000e-01	4.1400000000e-01	4.5425897827e-04	
208	4.1600000000e-01	4.1600000000e-01	4.8151209123e-04	
209	4.1800000000e-01	4.1800000000e-01	5.1027059791e-04	
210	4.2000000000e-01	4.2000000000e-01	5.4060814220e-04	
211	4.2200000000e-01	4.2200000000e-01	5.7260138280e-04	
212	4.2400000000e-01	4.2400000000e-01	6.0633009213e-04	
213	4.2600000000e-01	4.2600000000e-01	6.4187725867e-04	
214	4.2800000000e-01	4.2800000000e-01	6.7932919341e-04	
215	4.3000000000e-01	4.3000000000e-01	7.1877564038e-04	
216	4.3200000000e-01	4.3200000000e-01	7.6030989187e-04	
217	4.3400000000e-01	4.3400000000e-01	8.0402890869e-04	
218	4.3600000000e-01	4.3600000000e-01	8.5003344602e-04	
219	4.3800000000e-01	4.3800000000e-01	8.9842818501e-04	
220	4.4000000000e-01	4.4000000000e-01	9.4932187113e-04	
221	4.4200000000e-01	4.4200000000e-01	1.0028274594e-03	
222	4.4400000000e-01	4.4400000000e-01	1.0590622674e-03	
223	4.4600000000e-01	4.4600000000e-01	1.1181481364e-03	
224	4.4800000000e-01	4.4800000000e-01	1.1802116015e-03	
225	4.5000000000e-01	4.5000000000e-01	1.2453840716e-03	
226	4.5200000000e-01	4.5200000000e-01	1.3138020196e-03	
227	4.5400000000e-01	4.5400000000e-01	1.3856071835e-03	
228	4.5600000000e-01	4.5600000000e-01	1.4609467808e-03	
229	4.5800000000e-01	4.5800000000e-01	1.5399737338e-03	
230	4.6000000000e-01	4.6000000000e-01	1.6228469107e-03	
231	4.6200000000e-01	4.6200000000e-01	1.7097313806e-03	
232	4.6400000000e-01	4.6400000000e-01	1.8007986843e-03	
233	4.6600000000e-01	4.6600000000e-01	1.8962271224e-03	
234	4.6800000000e-01	4.6800000000e-01	1.9962020611e-03	
235	4.7000000000e-01	4.7000000000e-01	2.1009162578e-03	
236	4.7200000000e-01	4.7200000000e-01	2.2105702065e-03	
237	4.7400000000e-01	4.7400000000e-01	2.3253725055e-03	
238	4.7600000000e-01	4.7600000000e-01	2.4455402480e-03	
239	4.7800000000e-01	4.7800000000e-01	2.5712994373e-03	
240	4.8000000000e-01	4.8000000000e-01	2.7028854282e-03	
241	4.8200000000e-01	4.8200000000e-01	2.8405433959e-03	
242	4.8400000000e-01	4.8400000000e-01	2.9845288343e-03	
243	4.8600000000e-01	4.8600000000e-01	3.1351080854e-03	
244	4.8800000000e-01	4.8800000000e-01	3.2925589014e-03	
245	4.9000000000e-01	4.9000000000e-01	3.4571710421e-03	
246	4.9200000000e-01	4.9200000000e-01	3.6292469086e-03	
247	4.9400000000e-01	4.9400000000e-01	3.8091022162e-03	
248	4.9600000000e-01	4.9600000000e-01	3.9970667092e-03	
249	4.9800000000e-01	4.9800000000e-01	4.1934849184e-03	
250	5.0000000000e-01	5.0000000000e-01	4.3987169660e-03	
251	5.0200000000e-01	5.0200000000e-01	4.6131394182e-03	
252	5.0400000000e-01	5.0400000000e-01	4.8371461911e-03	
253	5.0600000000e-01	5.0600000000e-01	5.0711495100e-03	
254	5.0800000000e-01	5.0800000000e-01	5.3155809277e-03	
255	5.1000000000e-01	5.1000000000e-01	5.5708924039e-03	
256	5.1200000000e-01	5.1200000000e-01	5.8375574495e-03	
257	5.1400000000e-01	5.1400000000e-01	6.1160723401e-03	
258	5.1600000000e-01	5.1600000000e-01	6.4069574022e-03	
259	5.1800000000e-01	5.1800000000e-01	6.7107583762e-03	
260	5.2000000000e-01	5.2000000000e-01	7.0280478613e-03	
261	5.2200000000e-01	5.2200000000e-01	7.3594268477e-03	
262	5.2400000000e-01	5.2400000000e-01	7.7055263387e-03	
263	5.2600000000e-01	5.2600000000e-01	8.0670090713e-03	
264	5.2800000000e-01	5.2800000000e-01	8.4445713380e-03	
265	5.3000000000e-01	5.3000000000e-01	8.8389449190e-03	
266	5.3200000000e-01	5.3200000000e-01	9.2508991272e-03	
267	5.3400000000e-01	5.3400000000e-01	9.6812429768e-03	
268	5.3600000000e-01	5.3600000000e-01	1.0130827479e-02	
269	5.3800000000e-01	5.3800000000e-01	1.0600548075e-02	
270	5.4000000000e-01	5.4000000000e-01	1.1091347214e-02	
271	5.4200000000e-01	5.4200000000e-01	1.1604217077e-02	
272	5.4400000000e-01	5.4400000000e-01	1.2140202474e-02	
273	5.4600000000e-01	5.4600000000e-01	1.2700403895e-02	
274	5.4800000000e-01	5.4800000000e-01	1.3285980755e-02	
275	5.5000000000e-01	5.5000000000e-01	1.3898154819e-02	
276	5.5200000000e-01	5.5200000000e-01	1.4538213829e-02	
277	5.5400000000e-01	5.5400000000e-01	1.5207515344e-02	
278	5.5600000000e-01	5.5600000000e-01	1.5907490794e-02	
279	5.5800000000e-01	5.5800000000e-01	1.6639649778e-02	
280	5.6000000000e-01	5.6000000000e-01	1.7405584596e-02	
281	5.6200000000e-01	5.6200000000e-01	1.8206975042e-02	
282	5.6400000000e-01	5.6400000000e-01	1.9045593472e-02	
283	5.6600000000e-01	5.6600000000e-01	1.9923310147e-02	
284	5.6800000000e-01	5.6800000000e-01	2.0842098873e-02	
285	5.7000000000e-01	5.7000000000e-01	2.1804042954e-02	
286	5.7200000000e-01	5.7200000000e-01	2.2811341465e-02	
287	5.7400000000e-01	5.7400000000e-01	2.3866315860e-02	
288	5.7600000000e-01	5.7600000000e-01	2.4971416929e-02	
289	5.7800000000e-01	5.7800000000e-01	2.6129232119e-02	
290	5.8000000000e-01	5.8000000000e-01	2.7342493228e-02	
291	5.8200000000e-01	5.8200000000e-01	2.8614084486e-02	
292	5.8400000000e-01	5.8400000000e-01	2.9947051037e-02	
293	5.8600000000e-01	5.8600000000e-01	3.1344607824e-02	
294	5.8800000000e-01	5.8800000000e-01	3.2810148900e-02	
295	5.9000000000e-01	5.9000000000e-01	3.4347257156e-02	
296	5.9200000000e-01	5.9200000000e-01	3.5959714488e-02	
297	5.9400000000e-01	5.9400000000e-01	3.7651512396e-02	
298	5.9600000000e-01	5.9600000000e-01	3.9426863019e-02	
299	5.9800000000e-01	5.9800000000e-01	4.1290210609e-02	
300	6.0000000000e-01	6.0000000000e-01	4.3246243428e-02	
301	6.0200000000e-01	6.0200000000e-01	4.5299906071e-02	
302	6.0400000000e-01	6.0400000000e-01	4.7456412192e-02	
303	6.0600000000e-01	6.0600000000e-01	4.9721257619e-02	
304	6.0800000000e-01	6.0800000000e-01	5.2100233828e-02	
305	6.1000000000e-01	6.1000000000e-01	5.4599441748e-02	
306	6.1200000000e-01	6.1200000000e-01	5.7225305855e-02	
307	6.1400000000e-01	6.1400000000e-01	5.9984588513e-02	
308	6.1600000000e-01	6.1600000000e-01	6.2884404492e-02	
309	6.1800000000e-01	6.1800000000e-01	6.5932235611e-02	
310	6.2000000000e-01	6.2000000000e-01	6.9135945421e-02	
311	6.2200000000e-01	6.2200000000e-01	7.2503793839e-02	
312	6.2400000000e-01	6.2400000000e-01	7.6044451622e-02	
313	6.2600000000e-01	6.2600000000e-01	7.9767014592e-02	
314	6.2800000000e-01	6.2800000000e-01	8.3681017443e-02	
315	6.3000000000e-01	6.3000000000e-01	8.7796447020e-02	
316	6.3200000000e-01	6.3200000000e-01	9.2123754889e-02	
317	6.3400000000e-01	6.3400000000e-01	9.6673869028e-02	
318	6.3600000000e-01	6.3600000000e-01	1.0145820445e-01	
319	6.3800000000e-01	6.3800000000e-01	1.0648867255e-01	
320	6.4000000000e-01	6.4000000000e-01	1.1177768894e-01	
321	6.4200000000e-01	6.4200000000e-01	1.1733817957e-01	
322	6.4400000000e-01	6.4400000000e-01	1.2318358481e-01	
323	6.4600000000e-01	6.4600000000e-01	1.2932786138e-01	
324	6.4800000000e-01	6.4800000000e-01	1.3578548166e-01	
325	6.5000000000e-01	6.5000000000e-01	1.4257143028e-01	
326	6.5200000000e-01	6.5200000000e-01	1.4970119761e-01	
327	6.5400000000e-01	6.5400000000e-01	1.5719076994e-01	
328	6.5600000000e-01	6.5600000000e-01	1.6505661600e-01	
329	6.5800000000e-01	6.5800000000e-01	1.7331566972e-01	
330	6.6000000000e-01	6.6000000000e-01	1.8198530878e-01	
331	6.6200000000e-01	6.6200000000e-01	1.9108332894e-01	
332	6.6400000000e-01	6.6400000000e-01	2.0062791388e-01	
333	6.6600000000e-01	6.6600000000e-01	2.1063760039e-01	
334	6.6800000000e-01	6.6800000000e-01	2.2113123895e-01	
335	6.7000000000e-01	6.7000000000e-01	2.3212794946e-01	
336	6.7200000000e-01	6.7200000000e-01	2.4364707241e-01	
337	6.7400000000e-01	6.7400000000e-01	2.5570811534e-01	
338	6.7600000000e-01	6.7600000000e-01	2.6833069494e-01	
339	6.7800000000e-01	6.7800000000e-01	2.8153447496e-01	
340	6.8000000000e-01	6.8000000000e-01	2.9533910027e-01	
341	6.8200000000e-01	6.8200000000e-01	3.0976412752e-01	
342	6.8400000000e-01	6.8400000000e-01	3.2482895284e-01	
343	6.8600000000e-01	6.8600000000e-01	3.4055273720e-01	
344	6.8800000000e-01	6.8800000000e-01	3.5695433006e-01	
345	6.9000000000e-01	6.9000000000e-01	3.7405219196e-01	
346	6.9200000000e-01	6.9200000000e-01	3.9186431688e-01	
347	6.9400000000e-01	6.9400000000e-01	4.1040815519e-01	
348	6.9600000000e-01	6.9600000000e-01	4.2970053787e-01	
349	6.9800000000e-01	6.9800000000e-01	4.4975760301e-01	
350	7.0000000000e-01	7.0000000000e-01	4.7059472526e-01	
351	7.0200000000e-01	7.0200000000e-01	4.9222644920e-01	
352	7.0400000000e-01	7.0400000000e-01	5.1466642719e-01	
353	7.0600000000e-01	7.0600000000e-01	5.3792736257e-01	
354	7.0800000000e-01	7.0800000000e-01	5.6202095879e-01	
355	7.1000000000e-01	7.1000000000e-01	5.8695787494e-01	
356	7.1200000000e-01	7.1200000000e-01	6.1274768825e-01	
357	7.1400000000e-01	7.1400000000e-01	6.3939886378e-01	
358	7.1600000000e-01	7.1600000000e-01	6.6691873161e-01	
359	7.1800000000e-01	7.1800000000e-01	6.9531347163e-01	
360	7.2000000000e-01	7.2000000000e-01	7.2458810585e-01	
361	7.2200000000e-01	7.2200000000e-01	7.5474649825e-01	
362	7.2400000000e-01	7.2400000000e-01	7.8579136184e-01	
363	7.2600000000e-01	7.2600000000e-01	8.1772427267e-01	
364	7.2800000000e-01	7.2800000000e-01	8.5054569043e-01	
365	7.3000000000e-01	7.3000000000e-01	8.8425498502e-01	
366	7.3200000000e-01	7.3200000000e-01	9.1885046880e-01	
367	7.3400000000e-01	7.3400000000e-01	9.5432943372e-01	
368	7.3600000000e-01	7.3600000000e-01	9.9068819285e-01	
369	7.3800000000e-01	7.3800000000e-01	1.0279221256e+00	
370	7.4000000000e-01	7.4000000000e-01	1.0660257263e+00	
371	7.4200000000e-01	7.4200000000e-01	1.1049926545e+00	
372	7.4400000000e-01	7.4400000000e-01	1.1448157884e+00	
373	7.4600000000e-01	7.4600000000e-01	1.1854872784e+00	
374	7.4800000000e-01	7.4800000000e-01	1.2269986018e+00	
375	7.5000000000e-01	7.5000000000e-01	1.2693406181e+00	
376	7.5200000000e-01	7.5200000000e-01	1.3125036233e+00	
377	7.5400000000e-01	7.5400000000e-01	1.3564774039e+00	
378	7.5600000000e-01	7.5600000000e-01	1.4012512904e+00	
379	7.5800000000e-01	7.5800000000e-01	1.4468142083e+00	
380	7.6000000000e-01	7.6000000000e-01	1.4931547281e+00	
381	7.6200000000e-01	7.6200000000e-01	1.5402611137e+00	
382	7.6400000000e-01	7.6400000000e-01	1.5881213678e+00	
383	7.6600000000e-01	7.6600000000e-01	1.6367232762e+00	
384	7.6800000000e-01	7.6800000000e-01	1.6860544487e+00	
385	7.7000000000e-01	7.7000000000e-01	1.7361023585e+00	
386	7.7200000000e-01	7.7200000000e-01	1.7868543782e+00	
387	7.7400000000e-01	7.7400000000e-01	1.8382978146e+00	
388	7.7600000000e-01	7.7600000000e-01	1.8904199398e+00	
389	7.7800000000e-01	7.7800000000e-01	1.9432080207e+00	
390	7.8000000000e-01	7.8000000000e-01	1.9966493458e+00	
391	7.8200000000e-01	7.8200000000e-01	2.0507312500e+00	
392	7.8400000000e-01	7.8400000000e-01	2.1054411367e+00	
393	7.8600000000e-01	7.8600000000e-01	2.1607664986e+00	
394	7.8800000000e-01	7.8800000000e-01	2.2166949353e+00	
395	7.9000000000e-01	7.9000000000e-01	2.2732141705e+00	
396	7.9200000000e-01	7.9200000000e-01	2.3303120660e+00	
397	7.9400000000e-01	7.9400000000e-01	2.3879766345e+00	
398	7.9600000000e-01	7.9600000000e-01	2.4461960515e+00	
399	7.9800000000e-01	7.9800000000e-01	2.5049586646e+00	
400	8.0000000000e-01	8.0000000000e-01	2.5642530020e+00	
401	8.0200000000e-01	8.0200000000e-01	2.6240677796e+00	
402	8.0400000000e-01	8.0400000000e-01	2.6843919073e+00	
403	8.0600000000e-01	8.0600000000e-01	2.7452144933e+00	
404	8.0800000000e-01	8.0800000000e-01	2.8065248484e+00	
405	8.1000000000e-01	8.1000000000e-01	2.8683124888e+00	
406	8.1200000000e-01	8.1200000000e-01	2.9305671385e+00	
407	8.1400000000e-01	8.1400000000e-01	2.9932787301e+00	
408	8.1600000000e-01	8.1600000000e-01	3.0564374061e+00	
409	8.1800000000e-01	8.1800000000e-01	3.1200335185e+00	
410	8.2000000000e-01	8.2000000000e-01	3.1840576287e+00	
411	8.2200000000e-01	8.2200000000e-01	3.2485005066e+00	
412	8.2400000000e-01	8.2400000000e-01	3.3133531288e+00	
413	8.2600000000e-01	8.2600000000e-01	3.3786066770e+00	
414	8.2800000000e-01	8.2800000000e-01	3.4442525362e+00	
415	8.3000000000e-01	8.3000000000e-01	3.5102822918e+00	
416	8.3200000000e-01	8.3200000000e-01	3.5766877273e+00	
417	8.3400000000e-01	8.3400000000e-01	3.6434608213e+00	
418	8.3600000000e-01	8.3600000000e-01	3.7105937443e+00	
419	8.3800000000e-01	8.3800000000e-01	3.7780788556e+00	
420	8.4000000000e-01	8.4000000000e-01	3.8459086999e+00	
421	8.4200000000e-01	8.4200000000e-01	3.9140760039e+00	
422	8.4400000000e-01	8.4400000000e-01	3.9825736723e+00	
423	8.4600000000e-01	8.4600000000e-01	4.0513947851e+00	
424	8.4800000000e-01	8.4800000000e-01	4.1205325927e+00	
425	8.5000000000e-01	8.5000000000e-01	4.1899805132e+00	
426	8.5200000000e-01	8.5200000000e-01	4.2597321283e+00	
427	8.5400000000e-01	8.5400000000e-01	4.3297811794e+00	
428	8.5600000000e-01	8.5600000000e-01	4.4001215641e+00	
429	8.5800000000e-01	8.5800000000e-01	4.4707473323e+00	
430	8.6000000000e-01	8.6000000000e-01	4.5416526829e+00	
431	8.6200000000e-01	8.6200000000e-01	4.6128319596e+00	
432	8.6400000000e-01	8.6400000000e-01	4.6842796477e+00	
433	8.6600000000e-01	8.6600000000e-01	4.7559903703e+00	
434	8.6800000000e-01	8.6800000000e-01	4.8279588851e+00	
435	8.7000000000e-01	8.7000000000e-01	4.9001800804e+00	
436	8.7200000000e-01	8.7200000000e-01	4.9726489721e+00	
437	8.7400000000e-01	8.7400000000e-01	5.0453607005e+00	
438	8.7600000000e-01	8.7600000000e-01	5.1183105264e+00	
439	8.7800000000e-01	8.7800000000e-01	5.1914938285e+00	
440	8.8000000000e-01	8.8000000000e-01	5.2649060999e+00	
441	8.8200000000e-01	8.8200000000e-01	5.3385429453e+00	
442	8.8400000000e-01	8.8400000000e-01	5.4124000777e+00	
443	8.8600000000e-01	8.8600000000e-01	5.4864733155e+00	
444	8.8800000000e-01	8.8800000000e-01	5.5607585799e+00	
445	8.9000000000e-01	8.9000000000e-01	5.6352518919e+00	
446	8.9200000000e-01	8.9200000000e-01	5.7099493694e+00	
447	8.9400000000e-01	8.9400000000e-01	5.7848472249e+00	
448	8.9600000000e-01	8.9600000000e-01	5.8599417626e+00	
449	8.9800000000e-01	8.9800000000e-01	5.9352293762e+00	
450	9.0000000000e-01	9.0000000000e-01	6.0107065460e+00	
451	9.0200000000e-01	9.0200000000e-01	6.0863698370e+00	
452	9.0400000000e-01	9.0400000000e-01	6.1622158960e+00	
453	9.0600000000e-01	9.0600000000e-01	6.2382414501e+00	
454	9.0800000000e-01	9.0800000000e-01	6.3144433037e+00	
455	9.1000000000e-01	9.1000000000e-01	6.3908183369e+00	
456	9.1200000000e-01	9.1200000000e-01	6.4673635032e+00	
457	9.1400000000e-01	9.1400000000e-01	6.5440758276e+00	
458	9.1600000000e-01	9.1600000000e-01	6.6209524043e+00	
459	9.1800000000e-01	9.1800000000e-01	6.6979903955e+00	
460	9.2000000000e-01	9.2000000000e-01	6.7751870287e+00	
461	9.2200000000e-01	9.2200000000e-01	6.8525395956e+00	
462	9.2400000000e-01	9.2400000000e-01	6.9300454499e+00	
463	9.2600000000e-01	9.2600000000e-01	7.0077020058e+00	
464	9.2800000000e-01	9.2800000000e-01	7.0855067365e+00	
465	9.3000000000e-01	9.3000000000e-01	7.1634571722e+00	
466	9.3200000000e-01	9.3200000000e-01	7.2415508990e+00	
467	9.3400000000e-01	9.3400000000e-01	7.3197855569e+00	
468	9.3600000000e-01	9.3600000000e-01	7.3981588390e+00	
469	9.3800000000e-01	9.3800000000e-01	7.4766684893e+00	
470	9.4000000000e-01	9.4000000000e-01	7.5553123021e+00	
471	9.4200000000e-01	9.4200000000e-01	7.6340881201e+00	
472	9.4400000000e-01	9.4400000000e-01	7.7129938334e+00	
473	9.4600000000e-01	9.4600000000e-01	7.7920273780e+00	
474	9.4800000000e-01	9.4800000000e-01	7.8711867349e+00	
475	9.5000000000e-01	9.5000000000e-01	7.9504699287e+00	
476	9.5200000000e-01	9.5200000000e-01	8.0298750265e+00	
477	9.5400000000e-01	9.5400000000e-01	8.1094001367e+00	
478	9.5600000000e-01	9.5600000000e-01	8.1890434081e+00	
479	9.5800000000e-01	9.5800000000e-01	8.2688030288e+00	
480	9.6000000000e-01	9.6000000000e-01	8.3486772250e+00	
481	9.6200000000e-01	9.6200000000e-01	8.4286642603e+00	
482	9.6400000000e-01	9.6400000000e-01	8.5087624345e+00	
483	9.6600000000e-01	9.6600000000e-01	8.5889700827e+00	
484	9.6800000000e-01	9.6800000000e-01	8.6692855747e+00	
485	9.7000000000e-01	9.7000000000e-01	8.7497073136e+00	
486	9.7200000000e-01	9.7200000000e-01	8.8302337353e+00	
487	9.7400000000e-01	9.7400000000e-01	8.9108633078e+00	
488	9.7600000000e-01	9.7600000000e-01	8.9915945298e+00	
489	9.7800000000e-01	9.7800000000e-01	9.0724259307e+00	
490	9.8000000000e-01	9.8000000000e-01	9.1533560694e+00	
491	9.8200000000e-01	9.8200000000e-01	9.2343835333e+00	
492	9.8400000000e-01	9.8400000000e-01	9.3155069382e+00	
493	9.8600000000e-01	9.8600000000e-01	9.3967249273e+00	
494	9.8800000000e-01	9.8800000000e-01	9.4780361705e+00	
495	9.9000000000e-01	9.9000000000e-01	9.5594393637e+00	
496	9.9200000000e-01	9.9200000000e-01	9.6409332283e+00	
497	9.9400000000e-01	9.9400000000e-01	9.7225165106e+00	
498	9.9600000000e-01	9.9600000000e-01	9.8041879810e+00	
499	9.9800000000e-01	9.9800000000e-01	9.8859464337e+00	
500	1.0000000000e+00	1.0000000000e+00	9.9677906858e+00	
ngspice-46 done
Warning: diode_pd2nw_06v0: IKR too small - model effect disabled!
