* ====================================================================
* record-id : 20260821-134653-804155b
* testbench : tb_low_side_power_switch.spice (sim/low-side-power-switch, reused verbatim)
* corner    : ss_mc0171_125c_nosupply
* supply    : n/a (no supply rail in this device-level testbench)
* mismatch  : sw_stat_mismatch=1 (sample 171), sw_stat_global=0
* seed      : 20340992
* pdk       : gf180mcuD (/home/ubuntu/.volare/gf180mcuD)
* ngspice   : ngspice-46 : Circuit level simulation program
* run (UTC) : 2026-08-21T13:46:53Z
* ====================================================================

Note: No compatibility mode selected!


Circuit: *include "corner.spice

Doing analysis at TEMP = 125.000000 and TNOM = 27.000000

Using SPARSE 1.3 as Direct Linear Solver

No. of Data Rows : 101
                                                                                                                                                                                                                                                     *include "corner.spice
                                                                                                                                                                                                                                                     DC transfer characteristic  Fri Aug 21 13:47:22  2026
--------------------------------------------------------------------------------------------------------------------------------------------------------------------------------------------------------------------------------------------------------------------------------------------------------------------------------------------------------------------------------------------------------------------------------------------------------------------------------------------------------------------------------
Index   v-sweep         v(vfracds)      ioc_n06_glo     ioc_n06_gmid    ioc_n06_ghi     
--------------------------------------------------------------------------------------------------------------------------------------------------------------------------------------------------------------------------------------------------------------------------------------------------------------------------------------------------------------------------------------------------------------------------------------------------------------------------------------------------------------------------------
0	0.0000000000e+00	0.0000000000e+00	-0.0000000000e+00	-0.0000000000e+00	-0.0000000000e+00	
1	1.0000000000e-02	1.0000000000e-02	1.4347975972e-04	1.6301456356e-04	1.8213597578e-04	
2	2.0000000000e-02	2.0000000000e-02	2.7882853042e-04	3.1793711677e-04	3.5646748144e-04	
3	3.0000000000e-02	3.0000000000e-02	4.0633410005e-04	4.6504077349e-04	5.2323874888e-04	
4	4.0000000000e-02	4.0000000000e-02	5.2627083318e-04	6.0458647830e-04	6.8268390984e-04	
5	5.0000000000e-02	5.0000000000e-02	6.3890042140e-04	7.3682365095e-04	8.3502749252e-04	
6	6.0000000000e-02	6.0000000000e-02	7.4447258450e-04	8.6199078622e-04	9.8048488391e-04	
7	7.0000000000e-02	7.0000000000e-02	8.4322573389e-04	9.8031601937e-04	1.1192627647e-03	
8	8.0000000000e-02	8.0000000000e-02	9.3538760341e-04	1.0920176636e-03	1.2515595230e-03	
9	9.0000000000e-02	9.0000000000e-02	1.0211758460e-03	1.1973047219e-03	1.3775656498e-03	
10	1.0000000000e-01	1.0000000000e-01	1.1007985887e-03	1.2963773715e-03	1.4974641181e-03	
11	1.1000000000e-01	1.1000000000e-01	1.1744549292e-03	1.3894274147e-03	1.6114307459e-03	
12	1.2000000000e-01	1.2000000000e-01	1.2423353482e-03	1.4766386873e-03	1.7196345396e-03	
13	1.3000000000e-01	1.3000000000e-01	1.3046219839e-03	1.5581874054e-03	1.8222380151e-03	
14	1.4000000000e-01	1.4000000000e-01	1.3614886723e-03	1.6342424258e-03	1.9193974898e-03	
15	1.5000000000e-01	1.5000000000e-01	1.4131005624e-03	1.7049653681e-03	2.0112633378e-03	
16	1.6000000000e-01	1.6000000000e-01	1.4596129584e-03	1.7705105131e-03	2.0979801944e-03	
17	1.7000000000e-01	1.7000000000e-01	1.5011689106e-03	1.8310243056e-03	2.1796870886e-03	
18	1.8000000000e-01	1.8000000000e-01	1.5378957118e-03	1.8866441459e-03	2.2565174673e-03	
19	1.9000000000e-01	1.9000000000e-01	1.5699052598e-03	1.9374958796e-03	2.3285990502e-03	
20	2.0000000000e-01	2.0000000000e-01	1.5973198419e-03	1.9836890182e-03	2.3960534010e-03	
21	2.1000000000e-01	2.1000000000e-01	1.6203618321e-03	2.0253087092e-03	2.4589950155e-03	
22	2.2000000000e-01	2.2000000000e-01	1.6394766466e-03	2.0624062619e-03	2.5175295554e-03	
23	2.3000000000e-01	2.3000000000e-01	1.6553256959e-03	2.0950026533e-03	2.5717505747e-03	
24	2.4000000000e-01	2.4000000000e-01	1.6686158290e-03	2.1231441180e-03	2.6217336752e-03	
25	2.5000000000e-01	2.5000000000e-01	1.6799498889e-03	2.1470326965e-03	2.6675268167e-03	
26	2.6000000000e-01	2.6000000000e-01	1.6897859559e-03	2.1671264455e-03	2.7091371114e-03	
27	2.7000000000e-01	2.7000000000e-01	1.6984577536e-03	2.1840659665e-03	2.7465227409e-03	
28	2.8000000000e-01	2.8000000000e-01	1.7062073632e-03	2.1985019321e-03	2.7796187512e-03	
29	2.9000000000e-01	2.9000000000e-01	1.7132125309e-03	2.2109834525e-03	2.8084343525e-03	
30	3.0000000000e-01	3.0000000000e-01	1.7196061395e-03	2.2219343827e-03	2.8331875231e-03	
31	3.1000000000e-01	3.1000000000e-01	1.7254894627e-03	2.2316714412e-03	2.8543401853e-03	
32	3.2000000000e-01	3.2000000000e-01	1.7309411259e-03	2.2404304375e-03	2.8724845237e-03	
33	3.3000000000e-01	3.3000000000e-01	1.7360232225e-03	2.2483886147e-03	2.8881996079e-03	
34	3.4000000000e-01	3.4000000000e-01	1.7407855534e-03	2.2556811642e-03	2.9019748185e-03	
35	3.5000000000e-01	3.5000000000e-01	1.7452686194e-03	2.2624128755e-03	2.9141959528e-03	
36	3.6000000000e-01	3.6000000000e-01	1.7495057701e-03	2.2686662699e-03	2.9251592260e-03	
37	3.7000000000e-01	3.7000000000e-01	1.7535247759e-03	2.2745073060e-03	2.9350911607e-03	
38	3.8000000000e-01	3.8000000000e-01	1.7573489944e-03	2.2799894299e-03	2.9441661558e-03	
39	3.9000000000e-01	3.9000000000e-01	1.7609982509e-03	2.2851564906e-03	2.9525200248e-03	
40	4.0000000000e-01	4.0000000000e-01	1.7644895116e-03	2.2900448714e-03	2.9602599252e-03	
41	4.1000000000e-01	4.1000000000e-01	1.7678374045e-03	2.2946850700e-03	2.9674715315e-03	
42	4.2000000000e-01	4.2000000000e-01	1.7710546277e-03	2.2991028889e-03	2.9742242177e-03	
43	4.3000000000e-01	4.3000000000e-01	1.7741522735e-03	2.3033203422e-03	2.9805748294e-03	
44	4.4000000000e-01	4.4000000000e-01	1.7771400867e-03	2.3073563559e-03	2.9865704598e-03	
45	4.5000000000e-01	4.5000000000e-01	1.7800266748e-03	2.3112273153e-03	2.9922505164e-03	
46	4.6000000000e-01	4.6000000000e-01	1.7828196783e-03	2.3149474975e-03	2.9976482798e-03	
47	4.7000000000e-01	4.7000000000e-01	1.7855259129e-03	2.3185294158e-03	3.0027920932e-03	
48	4.8000000000e-01	4.8000000000e-01	1.7881514878e-03	2.3219840982e-03	3.0077062811e-03	
49	4.9000000000e-01	4.9000000000e-01	1.7907019063e-03	2.3253213134e-03	3.0124118664e-03	
50	5.0000000000e-01	5.0000000000e-01	1.7931821541e-03	2.3285497571e-03	3.0169271368e-03	
51	5.1000000000e-01	5.1000000000e-01	1.7955967772e-03	2.3316772075e-03	3.0212680955e-03	
52	5.2000000000e-01	5.2000000000e-01	1.7979499543e-03	2.3347106565e-03	3.0254488244e-03	
53	5.3000000000e-01	5.3000000000e-01	1.8002455652e-03	2.3376564237e-03	3.0294817786e-03	
54	5.4000000000e-01	5.4000000000e-01	1.8024872576e-03	2.3405202565e-03	3.0333780294e-03	
55	5.5000000000e-01	5.5000000000e-01	1.8046785151e-03	2.3433074218e-03	3.0371474646e-03	
56	5.6000000000e-01	5.6000000000e-01	1.8068227268e-03	2.3460227926e-03	3.0407989585e-03	
57	5.7000000000e-01	5.7000000000e-01	1.8089232610e-03	2.3486709311e-03	3.0443405176e-03	
58	5.8000000000e-01	5.8000000000e-01	1.8109835425e-03	2.3512561739e-03	3.0477794083e-03	
59	5.9000000000e-01	5.9000000000e-01	1.8130071357e-03	2.3537827178e-03	3.0511222730e-03	
60	6.0000000000e-01	6.0000000000e-01	1.8149978323e-03	2.3562547110e-03	3.0543752379e-03	
61	6.1000000000e-01	6.1000000000e-01	1.8169597447e-03	2.3586763497e-03	3.0575440174e-03	
62	6.2000000000e-01	6.2000000000e-01	1.8188974043e-03	2.3610519803e-03	3.0606340186e-03	
63	6.3000000000e-01	6.3000000000e-01	1.8208158641e-03	2.3633862096e-03	3.0636504482e-03	
64	6.4000000000e-01	6.4000000000e-01	1.8227208060e-03	2.3656840215e-03	3.0665984243e-03	
65	6.5000000000e-01	6.5000000000e-01	1.8246186498e-03	2.3679509004e-03	3.0694830953e-03	
66	6.6000000000e-01	6.6000000000e-01	1.8265166653e-03	2.3701929616e-03	3.0723097677e-03	
67	6.7000000000e-01	6.7000000000e-01	1.8284230847e-03	2.3724170863e-03	3.0750840415e-03	
68	6.8000000000e-01	6.8000000000e-01	1.8303472151e-03	2.3746310619e-03	3.0778119567e-03	
69	6.9000000000e-01	6.9000000000e-01	1.8322995498e-03	2.3768437245e-03	3.0805001480e-03	
70	7.0000000000e-01	7.0000000000e-01	1.8342918765e-03	2.3790651044e-03	3.0831560084e-03	
71	7.1000000000e-01	7.1000000000e-01	1.8363373832e-03	2.3813065711e-03	3.0857878609e-03	
72	7.2000000000e-01	7.2000000000e-01	1.8384507580e-03	2.3835809777e-03	3.0884051360e-03	
73	7.3000000000e-01	7.3000000000e-01	1.8406482852e-03	2.3859028024e-03	3.0910185553e-03	
74	7.4000000000e-01	7.4000000000e-01	1.8429479337e-03	2.3882882863e-03	3.0936403168e-03	
75	7.5000000000e-01	7.5000000000e-01	1.8453694390e-03	2.3907555662e-03	3.0962842830e-03	
76	7.6000000000e-01	7.6000000000e-01	1.8479343778e-03	2.3933247997e-03	3.0989661676e-03	
77	7.7000000000e-01	7.7000000000e-01	1.8506662339e-03	2.3960182841e-03	3.1017037203e-03	
78	7.8000000000e-01	7.8000000000e-01	1.8535904561e-03	2.3988605650e-03	3.1045169065e-03	
79	7.9000000000e-01	7.9000000000e-01	1.8567345071e-03	2.4018785369e-03	3.1074280821e-03	
80	8.0000000000e-01	8.0000000000e-01	1.8601279032e-03	2.4051015318e-03	3.1104621586e-03	
81	8.1000000000e-01	8.1000000000e-01	1.8638022458e-03	2.4085613988e-03	3.1136467611e-03	
82	8.2000000000e-01	8.2000000000e-01	1.8677912426e-03	2.4122925706e-03	3.1170123731e-03	
83	8.3000000000e-01	8.3000000000e-01	1.8721307212e-03	2.4163321198e-03	3.1205924714e-03	
84	8.4000000000e-01	8.4000000000e-01	1.8768586332e-03	2.4207198030e-03	3.1244236465e-03	
85	8.5000000000e-01	8.5000000000e-01	1.8820150502e-03	2.4254980926e-03	3.1285457103e-03	
86	8.6000000000e-01	8.6000000000e-01	1.8876421512e-03	2.4307121985e-03	3.1330017881e-03	
87	8.7000000000e-01	8.7000000000e-01	1.8937842027e-03	2.4364100766e-03	3.1378383973e-03	
88	8.8000000000e-01	8.8000000000e-01	1.9004875316e-03	2.4426424274e-03	3.1431055097e-03	
89	8.9000000000e-01	8.9000000000e-01	1.9078004900e-03	2.4494626836e-03	3.1488565991e-03	
90	9.0000000000e-01	9.0000000000e-01	1.9157734150e-03	2.4569269870e-03	3.1551486735e-03	
91	9.1000000000e-01	9.1000000000e-01	1.9244585811e-03	2.4650941559e-03	3.1620422931e-03	
92	9.2000000000e-01	9.2000000000e-01	1.9339101482e-03	2.4740256435e-03	3.1696015726e-03	
93	9.3000000000e-01	9.3000000000e-01	1.9441841039e-03	2.4837854871e-03	3.1778941703e-03	
94	9.4000000000e-01	9.4000000000e-01	1.9553382010e-03	2.4944402496e-03	3.1869912627e-03	
95	9.5000000000e-01	9.5000000000e-01	1.9674318918e-03	2.5060589534e-03	3.1969675073e-03	
96	9.6000000000e-01	9.6000000000e-01	1.9805262582e-03	2.5187130077e-03	3.2079009918e-03	
97	9.7000000000e-01	9.7000000000e-01	1.9946839386e-03	2.5324761292e-03	3.2198731727e-03	
98	9.8000000000e-01	9.8000000000e-01	2.0099690525e-03	2.5474242581e-03	3.2329688027e-03	
99	9.9000000000e-01	9.9000000000e-01	2.0264471227e-03	2.5636354685e-03	3.2472758481e-03	
100	1.0000000000e+00	1.0000000000e+00	2.0441849958e-03	2.5811898747e-03	3.2628853974e-03	
                                                                                                                                                                                                                                                     *include "corner.spice
                                                                                                                                                                                                                                                     DC transfer characteristic  Fri Aug 21 13:47:22  2026
--------------------------------------------------------------------------------------------------------------------------------------------------------------------------------------------------------------------------------------------------------------------------------------------------------------------------------------------------------------------------------------------------------------------------------------------------------------------------------------------------------------------------------
Index   v-sweep         v(vfracds)      ioc_p06_glo     ioc_p06_gmid    ioc_p06_ghi     
--------------------------------------------------------------------------------------------------------------------------------------------------------------------------------------------------------------------------------------------------------------------------------------------------------------------------------------------------------------------------------------------------------------------------------------------------------------------------------------------------------------------------------
0	0.0000000000e+00	0.0000000000e+00	-0.0000000000e+00	-0.0000000000e+00	-0.0000000000e+00	
1	1.0000000000e-02	1.0000000000e-02	-4.334839289e-05	-5.035996142e-05	-5.907248429e-05	
2	2.0000000000e-02	2.0000000000e-02	-8.519681740e-05	-9.925014705e-05	-1.167095716e-04	
3	3.0000000000e-02	3.0000000000e-02	-1.255570740e-04	-1.466816805e-04	-1.729216648e-04	
4	4.0000000000e-02	4.0000000000e-02	-1.644408447e-04	-1.926655759e-04	-2.277190681e-04	
5	5.0000000000e-02	5.0000000000e-02	-2.018596954e-04	-2.372127400e-04	-2.811119880e-04	
6	6.0000000000e-02	6.0000000000e-02	-2.378250788e-04	-2.803339735e-04	-3.331105348e-04	
7	7.0000000000e-02	7.0000000000e-02	-2.723483373e-04	-3.220399736e-04	-3.837247239e-04	
8	8.0000000000e-02	8.0000000000e-02	-3.054407066e-04	-3.623413351e-04	-4.329644773e-04	
9	9.0000000000e-02	9.0000000000e-02	-3.371133196e-04	-4.012485535e-04	-4.808396247e-04	
10	1.0000000000e-01	1.0000000000e-01	-3.673772112e-04	-4.387720266e-04	-5.273599053e-04	
11	1.1000000000e-01	1.1000000000e-01	-3.962433241e-04	-4.749220575e-04	-5.725349688e-04	
12	1.2000000000e-01	1.2000000000e-01	-4.237225164e-04	-5.097088574e-04	-6.163743776e-04	
13	1.3000000000e-01	1.3000000000e-01	-4.498255712e-04	-5.431425489e-04	-6.588876076e-04	
14	1.4000000000e-01	1.4000000000e-01	-4.745632090e-04	-5.752331699e-04	-7.000840509e-04	
15	1.5000000000e-01	1.5000000000e-01	-4.979461057e-04	-6.059906785e-04	-7.399730169e-04	
16	1.6000000000e-01	1.6000000000e-01	-5.199849165e-04	-6.354249588e-04	-7.785637347e-04	
17	1.7000000000e-01	1.7000000000e-01	-5.406903117e-04	-6.635458284e-04	-8.158653555e-04	
18	1.8000000000e-01	1.8000000000e-01	-5.600730285e-04	-6.903630473e-04	-8.518869549e-04	
19	1.9000000000e-01	1.9000000000e-01	-5.781439510e-04	-7.158863313e-04	-8.866375361e-04	
20	2.0000000000e-01	2.0000000000e-01	-5.949142348e-04	-7.401253678e-04	-9.201260334e-04	
21	2.1000000000e-01	2.1000000000e-01	-6.103955089e-04	-7.630898401e-04	-9.523613161e-04	
22	2.2000000000e-01	2.2000000000e-01	-6.246002123e-04	-7.847894592e-04	-9.833521938e-04	
23	2.3000000000e-01	2.3000000000e-01	-6.375421721e-04	-8.052340122e-04	-1.013107422e-03	
24	2.4000000000e-01	2.4000000000e-01	-6.492376283e-04	-8.244334320e-04	-1.041635712e-03	
25	2.5000000000e-01	2.5000000000e-01	-6.597070899e-04	-8.423979044e-04	-1.068945736e-03	
26	2.6000000000e-01	2.6000000000e-01	-6.689787215e-04	-8.591380350e-04	-1.095046147e-03	
27	2.7000000000e-01	2.7000000000e-01	-6.770943522e-04	-8.746651150e-04	-1.119945592e-03	
28	2.8000000000e-01	2.8000000000e-01	-6.841190896e-04	-8.889915597e-04	-1.143652735e-03	
29	2.9000000000e-01	2.9000000000e-01	-6.901529555e-04	-9.021316446e-04	-1.166176294e-03	
30	3.0000000000e-01	3.0000000000e-01	-6.953358857e-04	-9.141027687e-04	-1.187525086e-03	
31	3.1000000000e-01	3.1000000000e-01	-6.998330834e-04	-9.249276345e-04	-1.207708096e-03	
32	3.2000000000e-01	3.2000000000e-01	-7.038031609e-04	-9.346379416e-04	-1.226734575e-03	
33	3.3000000000e-01	3.3000000000e-01	-7.073729276e-04	-9.432802215e-04	-1.244614198e-03	
34	3.4000000000e-01	3.4000000000e-01	-7.106329811e-04	-9.509235413e-04	-1.261357291e-03	
35	3.5000000000e-01	3.5000000000e-01	-7.136458369e-04	-9.576657865e-04	-1.276975206e-03	
36	3.6000000000e-01	3.6000000000e-01	-7.164553857e-04	-9.636312735e-04	-1.291480911e-03	
37	3.7000000000e-01	3.7000000000e-01	-7.190936384e-04	-9.689550647e-04	-1.304889954e-03	
38	3.8000000000e-01	3.8000000000e-01	-7.215848791e-04	-9.737618171e-04	-1.317222017e-03	
39	3.9000000000e-01	3.9000000000e-01	-7.239481535e-04	-9.781528747e-04	-1.328503400e-03	
40	4.0000000000e-01	4.0000000000e-01	-7.261987959e-04	-9.822051732e-04	-1.338770690e-03	
41	4.1000000000e-01	4.1000000000e-01	-7.283494067e-04	-9.859761352e-04	-1.348075435e-03	
42	4.2000000000e-01	4.2000000000e-01	-7.304105082e-04	-9.895091706e-04	-1.356488204e-03	
43	4.3000000000e-01	4.3000000000e-01	-7.323910014e-04	-9.928378758e-04	-1.364098649e-03	
44	4.4000000000e-01	4.4000000000e-01	-7.342984973e-04	-9.959888825e-04	-1.371008629e-03	
45	4.5000000000e-01	4.5000000000e-01	-7.361395631e-04	-9.989837459e-04	-1.377320450e-03	
46	4.6000000000e-01	4.6000000000e-01	-7.379199093e-04	-1.001840217e-03	-1.383126563e-03	
47	4.7000000000e-01	4.7000000000e-01	-7.396445362e-04	-1.004573123e-03	-1.388504876e-03	
48	4.8000000000e-01	4.8000000000e-01	-7.413178484e-04	-1.007194996e-03	-1.393518856e-03	
49	4.9000000000e-01	4.9000000000e-01	-7.429437474e-04	-1.009716539e-03	-1.398219740e-03	
50	5.0000000000e-01	5.0000000000e-01	-7.445257060e-04	-1.012146967e-03	-1.402649055e-03	
51	5.1000000000e-01	5.1000000000e-01	-7.460668295e-04	-1.014494280e-03	-1.406840763e-03	
52	5.2000000000e-01	5.2000000000e-01	-7.475699061e-04	-1.016765465e-03	-1.410822933e-03	
53	5.3000000000e-01	5.3000000000e-01	-7.490374488e-04	-1.018966665e-03	-1.414619002e-03	
54	5.4000000000e-01	5.4000000000e-01	-7.504717308e-04	-1.021103311e-03	-1.418248729e-03	
55	5.5000000000e-01	5.5000000000e-01	-7.518748150e-04	-1.023180226e-03	-1.421728917e-03	
56	5.6000000000e-01	5.6000000000e-01	-7.532485792e-04	-1.025201714e-03	-1.425073971e-03	
57	5.7000000000e-01	5.7000000000e-01	-7.545947378e-04	-1.027171631e-03	-1.428296330e-03	
58	5.8000000000e-01	5.8000000000e-01	-7.559148603e-04	-1.029093448e-03	-1.431406805e-03	
59	5.9000000000e-01	5.9000000000e-01	-7.572103869e-04	-1.030970297e-03	-1.434414853e-03	
60	6.0000000000e-01	6.0000000000e-01	-7.584826427e-04	-1.032805017e-03	-1.437328788e-03	
61	6.1000000000e-01	6.1000000000e-01	-7.597328496e-04	-1.034600188e-03	-1.440155962e-03	
62	6.2000000000e-01	6.2000000000e-01	-7.609621370e-04	-1.036358160e-03	-1.442902903e-03	
63	6.3000000000e-01	6.3000000000e-01	-7.621715509e-04	-1.038081084e-03	-1.445575435e-03	
64	6.4000000000e-01	6.4000000000e-01	-7.633620627e-04	-1.039770928e-03	-1.448178776e-03	
65	6.5000000000e-01	6.5000000000e-01	-7.645345762e-04	-1.041429503e-03	-1.450717618e-03	
66	6.6000000000e-01	6.6000000000e-01	-7.656899354e-04	-1.043058474e-03	-1.453196195e-03	
67	6.7000000000e-01	6.7000000000e-01	-7.668289304e-04	-1.044659380e-03	-1.455618339e-03	
68	6.8000000000e-01	6.8000000000e-01	-7.679523040e-04	-1.046233643e-03	-1.457987534e-03	
69	6.9000000000e-01	6.9000000000e-01	-7.690607584e-04	-1.047782583e-03	-1.460306951e-03	
70	7.0000000000e-01	7.0000000000e-01	-7.701549615e-04	-1.049307427e-03	-1.462579487e-03	
71	7.1000000000e-01	7.1000000000e-01	-7.712355536e-04	-1.050809316e-03	-1.464807797e-03	
72	7.2000000000e-01	7.2000000000e-01	-7.723031555e-04	-1.052289320e-03	-1.466994318e-03	
73	7.3000000000e-01	7.3000000000e-01	-7.733583759e-04	-1.053748439e-03	-1.469141292e-03	
74	7.4000000000e-01	7.4000000000e-01	-7.744018213e-04	-1.055187620e-03	-1.471250789e-03	
75	7.5000000000e-01	7.5000000000e-01	-7.754341059e-04	-1.056607756e-03	-1.473324721e-03	
76	7.6000000000e-01	7.6000000000e-01	-7.764558632e-04	-1.058009704e-03	-1.475364861e-03	
77	7.7000000000e-01	7.7000000000e-01	-7.774677587e-04	-1.059394289e-03	-1.477372855e-03	
78	7.8000000000e-01	7.8000000000e-01	-7.784705050e-04	-1.060762315e-03	-1.479350238e-03	
79	7.9000000000e-01	7.9000000000e-01	-7.794648771e-04	-1.062114578e-03	-1.481298441e-03	
80	8.0000000000e-01	8.0000000000e-01	-7.804517310e-04	-1.063451879e-03	-1.483218807e-03	
81	8.1000000000e-01	8.1000000000e-01	-7.814320230e-04	-1.064775040e-03	-1.485112603e-03	
82	8.2000000000e-01	8.2000000000e-01	-7.824068312e-04	-1.066084914e-03	-1.486981025e-03	
83	8.3000000000e-01	8.3000000000e-01	-7.833773787e-04	-1.067382412e-03	-1.488825218e-03	
84	8.4000000000e-01	8.4000000000e-01	-7.843450592e-04	-1.068668520e-03	-1.490646284e-03	
85	8.5000000000e-01	8.5000000000e-01	-7.853114629e-04	-1.069944319e-03	-1.492445296e-03	
86	8.6000000000e-01	8.6000000000e-01	-7.862784057e-04	-1.071211016e-03	-1.494223318e-03	
87	8.7000000000e-01	8.7000000000e-01	-7.872479588e-04	-1.072469967e-03	-1.495981415e-03	
88	8.8000000000e-01	8.8000000000e-01	-7.882224801e-04	-1.073722713e-03	-1.497720682e-03	
89	8.9000000000e-01	8.9000000000e-01	-7.892046471e-04	-1.074971006e-03	-1.499442259e-03	
90	9.0000000000e-01	9.0000000000e-01	-7.901974901e-04	-1.076216849e-03	-1.501147357e-03	
91	9.1000000000e-01	9.1000000000e-01	-7.912044275e-04	-1.077462533e-03	-1.502837291e-03	
92	9.2000000000e-01	9.2000000000e-01	-7.922293004e-04	-1.078710675e-03	-1.504513507e-03	
93	9.3000000000e-01	9.3000000000e-01	-7.932764091e-04	-1.079964262e-03	-1.506177618e-03	
94	9.4000000000e-01	9.4000000000e-01	-7.943505488e-04	-1.081226692e-03	-1.507831441e-03	
95	9.5000000000e-01	9.5000000000e-01	-7.954570462e-04	-1.082501822e-03	-1.509477042e-03	
96	9.6000000000e-01	9.6000000000e-01	-7.966017952e-04	-1.083794013e-03	-1.511116776e-03	
97	9.7000000000e-01	9.7000000000e-01	-7.977912934e-04	-1.085108178e-03	-1.512753342e-03	
98	9.8000000000e-01	9.8000000000e-01	-7.990326768e-04	-1.086449829e-03	-1.514389829e-03	
99	9.9000000000e-01	9.9000000000e-01	-8.003337549e-04	-1.087825129e-03	-1.516029775e-03	
100	1.0000000000e+00	1.0000000000e+00	-8.017030440e-04	-1.089240942e-03	-1.517677222e-03	
Doing analysis at TEMP = 125.000000 and TNOM = 27.000000

Using SPARSE 1.3 as Direct Linear Solver

No. of Data Rows : 501
                                                                                                                                                                                                                                                     *include "corner.spice
                                                                                                                                                                                                                                                     DC transfer characteristic  Fri Aug 21 13:47:22  2026
--------------------------------------------------------------------------------------------------------------------------------------------------------------------------------------------------------------------------------------------------------------------------------------------------------------------------------------------------------------------------------------------------------------------------------------------------------------------------------------------------------------------------------
Index   v-sweep         v(vfracdi)      ifb             
--------------------------------------------------------------------------------------------------------------------------------------------------------------------------------------------------------------------------------------------------------------------------------------------------------------------------------------------------------------------------------------------------------------------------------------------------------------------------------------------------------------------------------
0	0.0000000000e+00	0.0000000000e+00	9.6254479336e-36	
1	2.0000000000e-03	2.0000000000e-03	2.6218721638e-11	
2	4.0000000000e-03	4.0000000000e-03	5.6251114877e-11	
3	6.0000000000e-03	6.0000000000e-03	8.7447105113e-11	
4	8.0000000000e-03	8.0000000000e-03	1.2088807733e-10	
5	1.0000000000e-02	1.0000000000e-02	1.5673579101e-10	
6	1.2000000000e-02	1.2000000000e-02	1.9516355199e-10	
7	1.4000000000e-02	1.4000000000e-02	2.3635704505e-10	
8	1.6000000000e-02	1.6000000000e-02	2.8051561074e-10	
9	1.8000000000e-02	1.8000000000e-02	3.2785252291e-10	
10	2.0000000000e-02	2.0000000000e-02	3.7859715363e-10	
11	2.2000000000e-02	2.2000000000e-02	4.3299364094e-10	
12	2.4000000000e-02	2.4000000000e-02	4.9130566282e-10	
13	2.6000000000e-02	2.6000000000e-02	5.5381477182e-10	
14	2.8000000000e-02	2.8000000000e-02	6.2082339269e-10	
15	3.0000000000e-02	3.0000000000e-02	6.9265548852e-10	
16	3.2000000000e-02	3.2000000000e-02	7.6965722684e-10	
17	3.4000000000e-02	3.4000000000e-02	8.5220119850e-10	
18	3.6000000000e-02	3.6000000000e-02	9.4068708378e-10	
19	3.8000000000e-02	3.8000000000e-02	1.0355416524e-09	
20	4.0000000000e-02	4.0000000000e-02	1.1372229825e-09	
21	4.2000000000e-02	4.2000000000e-02	1.2462224586e-09	
22	4.4000000000e-02	4.4000000000e-02	1.3630674367e-09	
23	4.6000000000e-02	4.6000000000e-02	1.4883219102e-09	
24	4.8000000000e-02	4.8000000000e-02	1.6225900623e-09	
25	5.0000000000e-02	5.0000000000e-02	1.7665229279e-09	
26	5.2000000000e-02	5.2000000000e-02	1.9208137303e-09	
27	5.4000000000e-02	5.4000000000e-02	2.0862080952e-09	
28	5.6000000000e-02	5.6000000000e-02	2.2635044949e-09	
29	5.8000000000e-02	5.8000000000e-02	2.4535600218e-09	
30	6.0000000000e-02	6.0000000000e-02	2.6572926082e-09	
31	6.2000000000e-02	6.2000000000e-02	2.8756854675e-09	
32	6.4000000000e-02	6.4000000000e-02	3.1097937558e-09	
33	6.6000000000e-02	6.6000000000e-02	3.3607467920e-09	
34	6.8000000000e-02	6.8000000000e-02	3.6297573835e-09	
35	7.0000000000e-02	7.0000000000e-02	3.9181244915e-09	
36	7.2000000000e-02	7.2000000000e-02	4.2272376710e-09	
37	7.4000000000e-02	7.4000000000e-02	4.5585921704e-09	
38	7.6000000000e-02	7.6000000000e-02	4.9137858227e-09	
39	7.8000000000e-02	7.8000000000e-02	5.2945319240e-09	
40	8.0000000000e-02	8.0000000000e-02	5.7026703359e-09	
41	8.2000000000e-02	8.2000000000e-02	6.1401683737e-09	
42	8.4000000000e-02	8.4000000000e-02	6.6091385698e-09	
43	8.6000000000e-02	8.6000000000e-02	7.1118417821e-09	
44	8.8000000000e-02	8.8000000000e-02	7.6507031821e-09	
45	9.0000000000e-02	9.0000000000e-02	8.2283238001e-09	
46	9.2000000000e-02	9.2000000000e-02	8.8474871873e-09	
47	9.4000000000e-02	9.4000000000e-02	9.5111802878e-09	
48	9.6000000000e-02	9.6000000000e-02	1.0222603208e-08	
49	9.8000000000e-02	9.8000000000e-02	1.0985185206e-08	
50	1.0000000000e-01	1.0000000000e-01	1.1802604227e-08	
51	1.0200000000e-01	1.0200000000e-01	1.2678798456e-08	
52	1.0400000000e-01	1.0400000000e-01	1.3617992067e-08	
53	1.0600000000e-01	1.0600000000e-01	1.4624708555e-08	
54	1.0800000000e-01	1.0800000000e-01	1.5703800038e-08	
55	1.1000000000e-01	1.1000000000e-01	1.6860464136e-08	
56	1.1200000000e-01	1.1200000000e-01	1.8100275057e-08	
57	1.1400000000e-01	1.1400000000e-01	1.9429196918e-08	
58	1.1600000000e-01	1.1600000000e-01	2.0853632599e-08	
59	1.1800000000e-01	1.1800000000e-01	2.2380438836e-08	
60	1.2000000000e-01	1.2000000000e-01	2.4016964417e-08	
61	1.2200000000e-01	1.2200000000e-01	2.5771085710e-08	
62	1.2400000000e-01	1.2400000000e-01	2.7651243961e-08	
63	1.2600000000e-01	1.2600000000e-01	2.9666480827e-08	
64	1.2800000000e-01	1.2800000000e-01	3.1826489888e-08	
65	1.3000000000e-01	1.3000000000e-01	3.4141656613e-08	
66	1.3200000000e-01	1.3200000000e-01	3.6623111654e-08	
67	1.3400000000e-01	1.3400000000e-01	3.9282783248e-08	
68	1.3600000000e-01	1.3600000000e-01	4.2133449618e-08	
69	1.3800000000e-01	1.3800000000e-01	4.5188805586e-08	
70	1.4000000000e-01	1.4000000000e-01	4.8463527413e-08	
71	1.4200000000e-01	1.4200000000e-01	5.1973335857e-08	
72	1.4400000000e-01	1.4400000000e-01	5.5735084104e-08	
73	1.4600000000e-01	1.4600000000e-01	5.9766819938e-08	
74	1.4800000000e-01	1.4800000000e-01	6.4087886997e-08	
75	1.5000000000e-01	1.5000000000e-01	6.8719010038e-08	
76	1.5200000000e-01	1.5200000000e-01	7.3682392632e-08	
77	1.5400000000e-01	1.5400000000e-01	7.9001826414e-08	
78	1.5600000000e-01	1.5600000000e-01	8.4702796777e-08	
79	1.5800000000e-01	1.5800000000e-01	9.0812614317e-08	
80	1.6000000000e-01	1.6000000000e-01	9.7360532081e-08	
81	1.6200000000e-01	1.6200000000e-01	1.0437788678e-07	
82	1.6400000000e-01	1.6400000000e-01	1.1189825866e-07	
83	1.6600000000e-01	1.6600000000e-01	1.1995761184e-07	
84	1.6800000000e-01	1.6800000000e-01	1.2859447551e-07	
85	1.7000000000e-01	1.7000000000e-01	1.3785012243e-07	
86	1.7200000000e-01	1.7200000000e-01	1.4776876434e-07	
87	1.7400000000e-01	1.7400000000e-01	1.5839775180e-07	
88	1.7600000000e-01	1.7600000000e-01	1.6978781225e-07	
89	1.7800000000e-01	1.7800000000e-01	1.8199327378e-07	
90	1.8000000000e-01	1.8000000000e-01	1.9507232274e-07	
91	1.8200000000e-01	1.8200000000e-01	2.0908727905e-07	
92	1.8400000000e-01	1.8400000000e-01	2.2410489287e-07	
93	1.8600000000e-01	1.8600000000e-01	2.4019663236e-07	
94	1.8800000000e-01	1.8800000000e-01	2.5743905674e-07	
95	1.9000000000e-01	1.9000000000e-01	2.7591413065e-07	
96	1.9200000000e-01	1.9200000000e-01	2.9570963456e-07	
97	1.9400000000e-01	1.9400000000e-01	3.1691955904e-07	
98	1.9600000000e-01	1.9600000000e-01	3.3964454538e-07	
99	1.9800000000e-01	1.9800000000e-01	3.6399234560e-07	
100	2.0000000000e-01	2.0000000000e-01	3.9007833408e-07	
101	2.0200000000e-01	2.0200000000e-01	4.1802601913e-07	
102	2.0400000000e-01	2.0400000000e-01	4.4796763099e-07	
103	2.0600000000e-01	2.0600000000e-01	4.8004472042e-07	
104	2.0800000000e-01	2.0800000000e-01	5.1440881244e-07	
105	2.1000000000e-01	2.1000000000e-01	5.5122209375e-07	
106	2.1200000000e-01	2.1200000000e-01	5.9065816416e-07	
107	2.1400000000e-01	2.1400000000e-01	6.3290282171e-07	
108	2.1600000000e-01	2.1600000000e-01	6.7815491001e-07	
109	2.1800000000e-01	2.1800000000e-01	7.2662723127e-07	
110	2.2000000000e-01	2.2000000000e-01	7.7854749492e-07	
111	2.2200000000e-01	2.2200000000e-01	8.3415935848e-07	
112	2.2400000000e-01	2.2400000000e-01	8.9372353429e-07	
113	2.2600000000e-01	2.2600000000e-01	9.5751893525e-07	
114	2.2800000000e-01	2.2800000000e-01	1.0258439733e-06	
115	2.3000000000e-01	2.3000000000e-01	1.0990178492e-06	
116	2.3200000000e-01	2.3200000000e-01	1.1773820123e-06	
117	2.3400000000e-01	2.3400000000e-01	1.2613016658e-06	
118	2.3600000000e-01	2.3600000000e-01	1.3511673878e-06	
119	2.3800000000e-01	2.3800000000e-01	1.4473968815e-06	
120	2.4000000000e-01	2.4000000000e-01	1.5504367887e-06	
121	2.4200000000e-01	2.4200000000e-01	1.6607646813e-06	
122	2.4400000000e-01	2.4400000000e-01	1.7788911428e-06	
123	2.4600000000e-01	2.4600000000e-01	1.9053620122e-06	
124	2.4800000000e-01	2.4800000000e-01	2.0407607426e-06	
125	2.5000000000e-01	2.5000000000e-01	2.1857109616e-06	
126	2.5200000000e-01	2.5200000000e-01	2.3408791368e-06	
127	2.5400000000e-01	2.5400000000e-01	2.5069774718e-06	
128	2.5600000000e-01	2.5600000000e-01	2.6847669474e-06	
129	2.5800000000e-01	2.5800000000e-01	2.8750605772e-06	
130	2.6000000000e-01	2.6000000000e-01	3.0787268663e-06	
131	2.6200000000e-01	2.6200000000e-01	3.2966934818e-06	
132	2.6400000000e-01	2.6400000000e-01	3.5299511705e-06	
133	2.6600000000e-01	2.6600000000e-01	3.7795579111e-06	
134	2.6800000000e-01	2.6800000000e-01	4.0466433262e-06	
135	2.7000000000e-01	2.7000000000e-01	4.3324133756e-06	
136	2.7200000000e-01	2.7200000000e-01	4.6381553460e-06	
137	2.7400000000e-01	2.7400000000e-01	4.9652431109e-06	
138	2.7600000000e-01	2.7600000000e-01	5.3151427686e-06	
139	2.7800000000e-01	2.7800000000e-01	5.6894185825e-06	
140	2.8000000000e-01	2.8000000000e-01	6.0897392995e-06	
141	2.8200000000e-01	2.8200000000e-01	6.5178848203e-06	
142	2.8400000000e-01	2.8400000000e-01	6.9757533208e-06	
143	2.8600000000e-01	2.8600000000e-01	7.4653687410e-06	
144	2.8800000000e-01	2.8800000000e-01	7.9888887523e-06	
145	2.9000000000e-01	2.9000000000e-01	8.5486131578e-06	
146	2.9200000000e-01	2.9200000000e-01	9.1469928130e-06	
147	2.9400000000e-01	2.9400000000e-01	9.7866390529e-06	
148	2.9600000000e-01	2.9600000000e-01	1.0470333610e-05	
149	2.9800000000e-01	2.9800000000e-01	1.1201039186e-05	
150	3.0000000000e-01	3.0000000000e-01	1.1981910516e-05	
151	3.0200000000e-01	3.0200000000e-01	1.2816306123e-05	
152	3.0400000000e-01	3.0400000000e-01	1.3707800669e-05	
153	3.0600000000e-01	3.0600000000e-01	1.4660198007e-05	
154	3.0800000000e-01	3.0800000000e-01	1.5677544951e-05	
155	3.1000000000e-01	3.1000000000e-01	1.6764145718e-05	
156	3.1200000000e-01	3.1200000000e-01	1.7924577202e-05	
157	3.1400000000e-01	3.1400000000e-01	1.9163705005e-05	
158	3.1600000000e-01	3.1600000000e-01	2.0486700318e-05	
159	3.1800000000e-01	3.1800000000e-01	2.1899057611e-05	
160	3.2000000000e-01	3.2000000000e-01	2.3406613289e-05	
161	3.2200000000e-01	3.2200000000e-01	2.5015565209e-05	
162	3.2400000000e-01	3.2400000000e-01	2.6732493170e-05	
163	3.2600000000e-01	3.2600000000e-01	2.8564380404e-05	
164	3.2800000000e-01	3.2800000000e-01	3.0518636066e-05	
165	3.3000000000e-01	3.3000000000e-01	3.2603118788e-05	
166	3.3200000000e-01	3.3200000000e-01	3.4826161304e-05	
167	3.3400000000e-01	3.3400000000e-01	3.7196596207e-05	
168	3.3600000000e-01	3.3600000000e-01	3.9723782827e-05	
169	3.3800000000e-01	3.3800000000e-01	4.2417635289e-05	
170	3.4000000000e-01	3.4000000000e-01	4.5288651782e-05	
171	3.4200000000e-01	3.4200000000e-01	4.8347945047e-05	
172	3.4400000000e-01	3.4400000000e-01	5.1607274123e-05	
173	3.4600000000e-01	3.4600000000e-01	5.5079077349e-05	
174	3.4800000000e-01	3.4800000000e-01	5.8776506719e-05	
175	3.5000000000e-01	3.5000000000e-01	6.2713463514e-05	
176	3.5200000000e-01	3.5200000000e-01	6.6904635286e-05	
177	3.5400000000e-01	3.5400000000e-01	7.1365534215e-05	
178	3.5600000000e-01	3.5600000000e-01	7.6112536849e-05	
179	3.5800000000e-01	3.5800000000e-01	8.1162925195e-05	
180	3.6000000000e-01	3.6000000000e-01	8.6534929267e-05	
181	3.6200000000e-01	3.6200000000e-01	9.2247770986e-05	
182	3.6400000000e-01	3.6400000000e-01	9.8321709576e-05	
183	3.6600000000e-01	3.6600000000e-01	1.0477808831e-04	
184	3.6800000000e-01	3.6800000000e-01	1.1163938269e-04	
185	3.7000000000e-01	3.7000000000e-01	1.1892925018e-04	
186	3.7200000000e-01	3.7200000000e-01	1.2667258116e-04	
187	3.7400000000e-01	3.7400000000e-01	1.3489555154e-04	
188	3.7600000000e-01	3.7600000000e-01	1.4362567659e-04	
189	3.7800000000e-01	3.7800000000e-01	1.5289186642e-04	
190	3.8000000000e-01	3.8000000000e-01	1.6272448269e-04	
191	3.8200000000e-01	3.8200000000e-01	1.7315539687e-04	
192	3.8400000000e-01	3.8400000000e-01	1.8421804987e-04	
193	3.8600000000e-01	3.8600000000e-01	1.9594751318e-04	
194	3.8800000000e-01	3.8800000000e-01	2.0838055131e-04	
195	3.9000000000e-01	3.9000000000e-01	2.2155568583e-04	
196	3.9200000000e-01	3.9200000000e-01	2.3551326072e-04	
197	3.9400000000e-01	3.9400000000e-01	2.5029550931e-04	
198	3.9600000000e-01	3.9600000000e-01	2.6594662271e-04	
199	3.9800000000e-01	3.9800000000e-01	2.8251281965e-04	
200	4.0000000000e-01	4.0000000000e-01	3.0004241805e-04	
201	4.0200000000e-01	4.0200000000e-01	3.1858590817e-04	
202	4.0400000000e-01	4.0400000000e-01	3.3819602736e-04	
203	4.0600000000e-01	4.0600000000e-01	3.5892783674e-04	
204	4.0800000000e-01	4.0800000000e-01	3.8083879960e-04	
205	4.1000000000e-01	4.1000000000e-01	4.0398886183e-04	
206	4.1200000000e-01	4.1200000000e-01	4.2844053443e-04	
207	4.1400000000e-01	4.1400000000e-01	4.5425897827e-04	
208	4.1600000000e-01	4.1600000000e-01	4.8151209123e-04	
209	4.1800000000e-01	4.1800000000e-01	5.1027059791e-04	
210	4.2000000000e-01	4.2000000000e-01	5.4060814220e-04	
211	4.2200000000e-01	4.2200000000e-01	5.7260138280e-04	
212	4.2400000000e-01	4.2400000000e-01	6.0633009213e-04	
213	4.2600000000e-01	4.2600000000e-01	6.4187725867e-04	
214	4.2800000000e-01	4.2800000000e-01	6.7932919341e-04	
215	4.3000000000e-01	4.3000000000e-01	7.1877564038e-04	
216	4.3200000000e-01	4.3200000000e-01	7.6030989187e-04	
217	4.3400000000e-01	4.3400000000e-01	8.0402890869e-04	
218	4.3600000000e-01	4.3600000000e-01	8.5003344602e-04	
219	4.3800000000e-01	4.3800000000e-01	8.9842818501e-04	
220	4.4000000000e-01	4.4000000000e-01	9.4932187113e-04	
221	4.4200000000e-01	4.4200000000e-01	1.0028274594e-03	
222	4.4400000000e-01	4.4400000000e-01	1.0590622674e-03	
223	4.4600000000e-01	4.4600000000e-01	1.1181481364e-03	
224	4.4800000000e-01	4.4800000000e-01	1.1802116015e-03	
225	4.5000000000e-01	4.5000000000e-01	1.2453840716e-03	
226	4.5200000000e-01	4.5200000000e-01	1.3138020196e-03	
227	4.5400000000e-01	4.5400000000e-01	1.3856071835e-03	
228	4.5600000000e-01	4.5600000000e-01	1.4609467808e-03	
229	4.5800000000e-01	4.5800000000e-01	1.5399737338e-03	
230	4.6000000000e-01	4.6000000000e-01	1.6228469107e-03	
231	4.6200000000e-01	4.6200000000e-01	1.7097313806e-03	
232	4.6400000000e-01	4.6400000000e-01	1.8007986843e-03	
233	4.6600000000e-01	4.6600000000e-01	1.8962271224e-03	
234	4.6800000000e-01	4.6800000000e-01	1.9962020611e-03	
235	4.7000000000e-01	4.7000000000e-01	2.1009162578e-03	
236	4.7200000000e-01	4.7200000000e-01	2.2105702065e-03	
237	4.7400000000e-01	4.7400000000e-01	2.3253725055e-03	
238	4.7600000000e-01	4.7600000000e-01	2.4455402480e-03	
239	4.7800000000e-01	4.7800000000e-01	2.5712994373e-03	
240	4.8000000000e-01	4.8000000000e-01	2.7028854282e-03	
241	4.8200000000e-01	4.8200000000e-01	2.8405433959e-03	
242	4.8400000000e-01	4.8400000000e-01	2.9845288343e-03	
243	4.8600000000e-01	4.8600000000e-01	3.1351080854e-03	
244	4.8800000000e-01	4.8800000000e-01	3.2925589014e-03	
245	4.9000000000e-01	4.9000000000e-01	3.4571710421e-03	
246	4.9200000000e-01	4.9200000000e-01	3.6292469086e-03	
247	4.9400000000e-01	4.9400000000e-01	3.8091022162e-03	
248	4.9600000000e-01	4.9600000000e-01	3.9970667092e-03	
249	4.9800000000e-01	4.9800000000e-01	4.1934849184e-03	
250	5.0000000000e-01	5.0000000000e-01	4.3987169660e-03	
251	5.0200000000e-01	5.0200000000e-01	4.6131394182e-03	
252	5.0400000000e-01	5.0400000000e-01	4.8371461911e-03	
253	5.0600000000e-01	5.0600000000e-01	5.0711495100e-03	
254	5.0800000000e-01	5.0800000000e-01	5.3155809277e-03	
255	5.1000000000e-01	5.1000000000e-01	5.5708924039e-03	
256	5.1200000000e-01	5.1200000000e-01	5.8375574495e-03	
257	5.1400000000e-01	5.1400000000e-01	6.1160723401e-03	
258	5.1600000000e-01	5.1600000000e-01	6.4069574022e-03	
259	5.1800000000e-01	5.1800000000e-01	6.7107583762e-03	
260	5.2000000000e-01	5.2000000000e-01	7.0280478613e-03	
261	5.2200000000e-01	5.2200000000e-01	7.3594268477e-03	
262	5.2400000000e-01	5.2400000000e-01	7.7055263387e-03	
263	5.2600000000e-01	5.2600000000e-01	8.0670090713e-03	
264	5.2800000000e-01	5.2800000000e-01	8.4445713380e-03	
265	5.3000000000e-01	5.3000000000e-01	8.8389449190e-03	
266	5.3200000000e-01	5.3200000000e-01	9.2508991272e-03	
267	5.3400000000e-01	5.3400000000e-01	9.6812429768e-03	
268	5.3600000000e-01	5.3600000000e-01	1.0130827479e-02	
269	5.3800000000e-01	5.3800000000e-01	1.0600548075e-02	
270	5.4000000000e-01	5.4000000000e-01	1.1091347214e-02	
271	5.4200000000e-01	5.4200000000e-01	1.1604217077e-02	
272	5.4400000000e-01	5.4400000000e-01	1.2140202474e-02	
273	5.4600000000e-01	5.4600000000e-01	1.2700403895e-02	
274	5.4800000000e-01	5.4800000000e-01	1.3285980755e-02	
275	5.5000000000e-01	5.5000000000e-01	1.3898154819e-02	
276	5.5200000000e-01	5.5200000000e-01	1.4538213829e-02	
277	5.5400000000e-01	5.5400000000e-01	1.5207515344e-02	
278	5.5600000000e-01	5.5600000000e-01	1.5907490794e-02	
279	5.5800000000e-01	5.5800000000e-01	1.6639649778e-02	
280	5.6000000000e-01	5.6000000000e-01	1.7405584596e-02	
281	5.6200000000e-01	5.6200000000e-01	1.8206975042e-02	
282	5.6400000000e-01	5.6400000000e-01	1.9045593472e-02	
283	5.6600000000e-01	5.6600000000e-01	1.9923310147e-02	
284	5.6800000000e-01	5.6800000000e-01	2.0842098873e-02	
285	5.7000000000e-01	5.7000000000e-01	2.1804042954e-02	
286	5.7200000000e-01	5.7200000000e-01	2.2811341465e-02	
287	5.7400000000e-01	5.7400000000e-01	2.3866315860e-02	
288	5.7600000000e-01	5.7600000000e-01	2.4971416929e-02	
289	5.7800000000e-01	5.7800000000e-01	2.6129232119e-02	
290	5.8000000000e-01	5.8000000000e-01	2.7342493228e-02	
291	5.8200000000e-01	5.8200000000e-01	2.8614084486e-02	
292	5.8400000000e-01	5.8400000000e-01	2.9947051037e-02	
293	5.8600000000e-01	5.8600000000e-01	3.1344607824e-02	
294	5.8800000000e-01	5.8800000000e-01	3.2810148900e-02	
295	5.9000000000e-01	5.9000000000e-01	3.4347257156e-02	
296	5.9200000000e-01	5.9200000000e-01	3.5959714488e-02	
297	5.9400000000e-01	5.9400000000e-01	3.7651512396e-02	
298	5.9600000000e-01	5.9600000000e-01	3.9426863019e-02	
299	5.9800000000e-01	5.9800000000e-01	4.1290210609e-02	
300	6.0000000000e-01	6.0000000000e-01	4.3246243428e-02	
301	6.0200000000e-01	6.0200000000e-01	4.5299906071e-02	
302	6.0400000000e-01	6.0400000000e-01	4.7456412192e-02	
303	6.0600000000e-01	6.0600000000e-01	4.9721257619e-02	
304	6.0800000000e-01	6.0800000000e-01	5.2100233828e-02	
305	6.1000000000e-01	6.1000000000e-01	5.4599441748e-02	
306	6.1200000000e-01	6.1200000000e-01	5.7225305855e-02	
307	6.1400000000e-01	6.1400000000e-01	5.9984588513e-02	
308	6.1600000000e-01	6.1600000000e-01	6.2884404492e-02	
309	6.1800000000e-01	6.1800000000e-01	6.5932235611e-02	
310	6.2000000000e-01	6.2000000000e-01	6.9135945421e-02	
311	6.2200000000e-01	6.2200000000e-01	7.2503793839e-02	
312	6.2400000000e-01	6.2400000000e-01	7.6044451622e-02	
313	6.2600000000e-01	6.2600000000e-01	7.9767014592e-02	
314	6.2800000000e-01	6.2800000000e-01	8.3681017443e-02	
315	6.3000000000e-01	6.3000000000e-01	8.7796447020e-02	
316	6.3200000000e-01	6.3200000000e-01	9.2123754889e-02	
317	6.3400000000e-01	6.3400000000e-01	9.6673869028e-02	
318	6.3600000000e-01	6.3600000000e-01	1.0145820445e-01	
319	6.3800000000e-01	6.3800000000e-01	1.0648867255e-01	
320	6.4000000000e-01	6.4000000000e-01	1.1177768894e-01	
321	6.4200000000e-01	6.4200000000e-01	1.1733817957e-01	
322	6.4400000000e-01	6.4400000000e-01	1.2318358481e-01	
323	6.4600000000e-01	6.4600000000e-01	1.2932786138e-01	
324	6.4800000000e-01	6.4800000000e-01	1.3578548166e-01	
325	6.5000000000e-01	6.5000000000e-01	1.4257143028e-01	
326	6.5200000000e-01	6.5200000000e-01	1.4970119761e-01	
327	6.5400000000e-01	6.5400000000e-01	1.5719076994e-01	
328	6.5600000000e-01	6.5600000000e-01	1.6505661600e-01	
329	6.5800000000e-01	6.5800000000e-01	1.7331566972e-01	
330	6.6000000000e-01	6.6000000000e-01	1.8198530878e-01	
331	6.6200000000e-01	6.6200000000e-01	1.9108332894e-01	
332	6.6400000000e-01	6.6400000000e-01	2.0062791388e-01	
333	6.6600000000e-01	6.6600000000e-01	2.1063760039e-01	
334	6.6800000000e-01	6.6800000000e-01	2.2113123895e-01	
335	6.7000000000e-01	6.7000000000e-01	2.3212794946e-01	
336	6.7200000000e-01	6.7200000000e-01	2.4364707241e-01	
337	6.7400000000e-01	6.7400000000e-01	2.5570811534e-01	
338	6.7600000000e-01	6.7600000000e-01	2.6833069494e-01	
339	6.7800000000e-01	6.7800000000e-01	2.8153447496e-01	
340	6.8000000000e-01	6.8000000000e-01	2.9533910027e-01	
341	6.8200000000e-01	6.8200000000e-01	3.0976412752e-01	
342	6.8400000000e-01	6.8400000000e-01	3.2482895284e-01	
343	6.8600000000e-01	6.8600000000e-01	3.4055273720e-01	
344	6.8800000000e-01	6.8800000000e-01	3.5695433006e-01	
345	6.9000000000e-01	6.9000000000e-01	3.7405219196e-01	
346	6.9200000000e-01	6.9200000000e-01	3.9186431688e-01	
347	6.9400000000e-01	6.9400000000e-01	4.1040815519e-01	
348	6.9600000000e-01	6.9600000000e-01	4.2970053787e-01	
349	6.9800000000e-01	6.9800000000e-01	4.4975760301e-01	
350	7.0000000000e-01	7.0000000000e-01	4.7059472526e-01	
351	7.0200000000e-01	7.0200000000e-01	4.9222644920e-01	
352	7.0400000000e-01	7.0400000000e-01	5.1466642719e-01	
353	7.0600000000e-01	7.0600000000e-01	5.3792736257e-01	
354	7.0800000000e-01	7.0800000000e-01	5.6202095879e-01	
355	7.1000000000e-01	7.1000000000e-01	5.8695787494e-01	
356	7.1200000000e-01	7.1200000000e-01	6.1274768825e-01	
357	7.1400000000e-01	7.1400000000e-01	6.3939886378e-01	
358	7.1600000000e-01	7.1600000000e-01	6.6691873161e-01	
359	7.1800000000e-01	7.1800000000e-01	6.9531347163e-01	
360	7.2000000000e-01	7.2000000000e-01	7.2458810585e-01	
361	7.2200000000e-01	7.2200000000e-01	7.5474649825e-01	
362	7.2400000000e-01	7.2400000000e-01	7.8579136184e-01	
363	7.2600000000e-01	7.2600000000e-01	8.1772427267e-01	
364	7.2800000000e-01	7.2800000000e-01	8.5054569043e-01	
365	7.3000000000e-01	7.3000000000e-01	8.8425498502e-01	
366	7.3200000000e-01	7.3200000000e-01	9.1885046880e-01	
367	7.3400000000e-01	7.3400000000e-01	9.5432943372e-01	
368	7.3600000000e-01	7.3600000000e-01	9.9068819285e-01	
369	7.3800000000e-01	7.3800000000e-01	1.0279221256e+00	
370	7.4000000000e-01	7.4000000000e-01	1.0660257263e+00	
371	7.4200000000e-01	7.4200000000e-01	1.1049926545e+00	
372	7.4400000000e-01	7.4400000000e-01	1.1448157884e+00	
373	7.4600000000e-01	7.4600000000e-01	1.1854872784e+00	
374	7.4800000000e-01	7.4800000000e-01	1.2269986018e+00	
375	7.5000000000e-01	7.5000000000e-01	1.2693406181e+00	
376	7.5200000000e-01	7.5200000000e-01	1.3125036233e+00	
377	7.5400000000e-01	7.5400000000e-01	1.3564774039e+00	
378	7.5600000000e-01	7.5600000000e-01	1.4012512904e+00	
379	7.5800000000e-01	7.5800000000e-01	1.4468142083e+00	
380	7.6000000000e-01	7.6000000000e-01	1.4931547281e+00	
381	7.6200000000e-01	7.6200000000e-01	1.5402611137e+00	
382	7.6400000000e-01	7.6400000000e-01	1.5881213678e+00	
383	7.6600000000e-01	7.6600000000e-01	1.6367232762e+00	
384	7.6800000000e-01	7.6800000000e-01	1.6860544487e+00	
385	7.7000000000e-01	7.7000000000e-01	1.7361023585e+00	
386	7.7200000000e-01	7.7200000000e-01	1.7868543782e+00	
387	7.7400000000e-01	7.7400000000e-01	1.8382978146e+00	
388	7.7600000000e-01	7.7600000000e-01	1.8904199398e+00	
389	7.7800000000e-01	7.7800000000e-01	1.9432080207e+00	
390	7.8000000000e-01	7.8000000000e-01	1.9966493458e+00	
391	7.8200000000e-01	7.8200000000e-01	2.0507312500e+00	
392	7.8400000000e-01	7.8400000000e-01	2.1054411367e+00	
393	7.8600000000e-01	7.8600000000e-01	2.1607664986e+00	
394	7.8800000000e-01	7.8800000000e-01	2.2166949353e+00	
395	7.9000000000e-01	7.9000000000e-01	2.2732141705e+00	
396	7.9200000000e-01	7.9200000000e-01	2.3303120660e+00	
397	7.9400000000e-01	7.9400000000e-01	2.3879766345e+00	
398	7.9600000000e-01	7.9600000000e-01	2.4461960515e+00	
399	7.9800000000e-01	7.9800000000e-01	2.5049586646e+00	
400	8.0000000000e-01	8.0000000000e-01	2.5642530020e+00	
401	8.0200000000e-01	8.0200000000e-01	2.6240677796e+00	
402	8.0400000000e-01	8.0400000000e-01	2.6843919073e+00	
403	8.0600000000e-01	8.0600000000e-01	2.7452144933e+00	
404	8.0800000000e-01	8.0800000000e-01	2.8065248484e+00	
405	8.1000000000e-01	8.1000000000e-01	2.8683124888e+00	
406	8.1200000000e-01	8.1200000000e-01	2.9305671385e+00	
407	8.1400000000e-01	8.1400000000e-01	2.9932787301e+00	
408	8.1600000000e-01	8.1600000000e-01	3.0564374061e+00	
409	8.1800000000e-01	8.1800000000e-01	3.1200335185e+00	
410	8.2000000000e-01	8.2000000000e-01	3.1840576287e+00	
411	8.2200000000e-01	8.2200000000e-01	3.2485005066e+00	
412	8.2400000000e-01	8.2400000000e-01	3.3133531288e+00	
413	8.2600000000e-01	8.2600000000e-01	3.3786066770e+00	
414	8.2800000000e-01	8.2800000000e-01	3.4442525362e+00	
415	8.3000000000e-01	8.3000000000e-01	3.5102822918e+00	
416	8.3200000000e-01	8.3200000000e-01	3.5766877273e+00	
417	8.3400000000e-01	8.3400000000e-01	3.6434608213e+00	
418	8.3600000000e-01	8.3600000000e-01	3.7105937443e+00	
419	8.3800000000e-01	8.3800000000e-01	3.7780788556e+00	
420	8.4000000000e-01	8.4000000000e-01	3.8459086999e+00	
421	8.4200000000e-01	8.4200000000e-01	3.9140760039e+00	
422	8.4400000000e-01	8.4400000000e-01	3.9825736723e+00	
423	8.4600000000e-01	8.4600000000e-01	4.0513947851e+00	
424	8.4800000000e-01	8.4800000000e-01	4.1205325927e+00	
425	8.5000000000e-01	8.5000000000e-01	4.1899805132e+00	
426	8.5200000000e-01	8.5200000000e-01	4.2597321283e+00	
427	8.5400000000e-01	8.5400000000e-01	4.3297811794e+00	
428	8.5600000000e-01	8.5600000000e-01	4.4001215641e+00	
429	8.5800000000e-01	8.5800000000e-01	4.4707473323e+00	
430	8.6000000000e-01	8.6000000000e-01	4.5416526829e+00	
431	8.6200000000e-01	8.6200000000e-01	4.6128319596e+00	
432	8.6400000000e-01	8.6400000000e-01	4.6842796477e+00	
433	8.6600000000e-01	8.6600000000e-01	4.7559903703e+00	
434	8.6800000000e-01	8.6800000000e-01	4.8279588851e+00	
435	8.7000000000e-01	8.7000000000e-01	4.9001800804e+00	
436	8.7200000000e-01	8.7200000000e-01	4.9726489721e+00	
437	8.7400000000e-01	8.7400000000e-01	5.0453607005e+00	
438	8.7600000000e-01	8.7600000000e-01	5.1183105264e+00	
439	8.7800000000e-01	8.7800000000e-01	5.1914938285e+00	
440	8.8000000000e-01	8.8000000000e-01	5.2649060999e+00	
441	8.8200000000e-01	8.8200000000e-01	5.3385429453e+00	
442	8.8400000000e-01	8.8400000000e-01	5.4124000777e+00	
443	8.8600000000e-01	8.8600000000e-01	5.4864733155e+00	
444	8.8800000000e-01	8.8800000000e-01	5.5607585799e+00	
445	8.9000000000e-01	8.9000000000e-01	5.6352518919e+00	
446	8.9200000000e-01	8.9200000000e-01	5.7099493694e+00	
447	8.9400000000e-01	8.9400000000e-01	5.7848472249e+00	
448	8.9600000000e-01	8.9600000000e-01	5.8599417626e+00	
449	8.9800000000e-01	8.9800000000e-01	5.9352293762e+00	
450	9.0000000000e-01	9.0000000000e-01	6.0107065460e+00	
451	9.0200000000e-01	9.0200000000e-01	6.0863698370e+00	
452	9.0400000000e-01	9.0400000000e-01	6.1622158960e+00	
453	9.0600000000e-01	9.0600000000e-01	6.2382414501e+00	
454	9.0800000000e-01	9.0800000000e-01	6.3144433037e+00	
455	9.1000000000e-01	9.1000000000e-01	6.3908183369e+00	
456	9.1200000000e-01	9.1200000000e-01	6.4673635032e+00	
457	9.1400000000e-01	9.1400000000e-01	6.5440758276e+00	
458	9.1600000000e-01	9.1600000000e-01	6.6209524043e+00	
459	9.1800000000e-01	9.1800000000e-01	6.6979903955e+00	
460	9.2000000000e-01	9.2000000000e-01	6.7751870287e+00	
461	9.2200000000e-01	9.2200000000e-01	6.8525395956e+00	
462	9.2400000000e-01	9.2400000000e-01	6.9300454499e+00	
463	9.2600000000e-01	9.2600000000e-01	7.0077020058e+00	
464	9.2800000000e-01	9.2800000000e-01	7.0855067365e+00	
465	9.3000000000e-01	9.3000000000e-01	7.1634571722e+00	
466	9.3200000000e-01	9.3200000000e-01	7.2415508990e+00	
467	9.3400000000e-01	9.3400000000e-01	7.3197855569e+00	
468	9.3600000000e-01	9.3600000000e-01	7.3981588390e+00	
469	9.3800000000e-01	9.3800000000e-01	7.4766684893e+00	
470	9.4000000000e-01	9.4000000000e-01	7.5553123021e+00	
471	9.4200000000e-01	9.4200000000e-01	7.6340881201e+00	
472	9.4400000000e-01	9.4400000000e-01	7.7129938334e+00	
473	9.4600000000e-01	9.4600000000e-01	7.7920273780e+00	
474	9.4800000000e-01	9.4800000000e-01	7.8711867349e+00	
475	9.5000000000e-01	9.5000000000e-01	7.9504699287e+00	
476	9.5200000000e-01	9.5200000000e-01	8.0298750265e+00	
477	9.5400000000e-01	9.5400000000e-01	8.1094001367e+00	
478	9.5600000000e-01	9.5600000000e-01	8.1890434081e+00	
479	9.5800000000e-01	9.5800000000e-01	8.2688030288e+00	
480	9.6000000000e-01	9.6000000000e-01	8.3486772250e+00	
481	9.6200000000e-01	9.6200000000e-01	8.4286642603e+00	
482	9.6400000000e-01	9.6400000000e-01	8.5087624345e+00	
483	9.6600000000e-01	9.6600000000e-01	8.5889700827e+00	
484	9.6800000000e-01	9.6800000000e-01	8.6692855747e+00	
485	9.7000000000e-01	9.7000000000e-01	8.7497073136e+00	
486	9.7200000000e-01	9.7200000000e-01	8.8302337353e+00	
487	9.7400000000e-01	9.7400000000e-01	8.9108633078e+00	
488	9.7600000000e-01	9.7600000000e-01	8.9915945298e+00	
489	9.7800000000e-01	9.7800000000e-01	9.0724259307e+00	
490	9.8000000000e-01	9.8000000000e-01	9.1533560694e+00	
491	9.8200000000e-01	9.8200000000e-01	9.2343835333e+00	
492	9.8400000000e-01	9.8400000000e-01	9.3155069382e+00	
493	9.8600000000e-01	9.8600000000e-01	9.3967249273e+00	
494	9.8800000000e-01	9.8800000000e-01	9.4780361705e+00	
495	9.9000000000e-01	9.9000000000e-01	9.5594393637e+00	
496	9.9200000000e-01	9.9200000000e-01	9.6409332283e+00	
497	9.9400000000e-01	9.9400000000e-01	9.7225165106e+00	
498	9.9600000000e-01	9.9600000000e-01	9.8041879810e+00	
499	9.9800000000e-01	9.9800000000e-01	9.8859464337e+00	
500	1.0000000000e+00	1.0000000000e+00	9.9677906858e+00	
ngspice-46 done
Warning: diode_pd2nw_06v0: IKR too small - model effect disabled!
