* ====================================================================
* record-id : 20260821-134653-804155b
* testbench : tb_low_side_power_switch.spice (sim/low-side-power-switch, reused verbatim)
* corner    : ss_mc0018_-40c_nosupply
* supply    : n/a (no supply rail in this device-level testbench)
* mismatch  : sw_stat_mismatch=1 (sample 18), sw_stat_global=0
* seed      : 20320839
* pdk       : gf180mcuD (/home/ubuntu/.volare/gf180mcuD)
* ngspice   : ngspice-46 : Circuit level simulation program
* run (UTC) : 2026-08-21T13:46:53Z
* ====================================================================

Note: No compatibility mode selected!


Circuit: *include "corner.spice

Doing analysis at TEMP = -40.000000 and TNOM = 27.000000

Using SPARSE 1.3 as Direct Linear Solver

No. of Data Rows : 101
                                                                                                                                                                                                                                                     *include "corner.spice
                                                                                                                                                                                                                                                     DC transfer characteristic  Fri Aug 21 13:47:13  2026
--------------------------------------------------------------------------------------------------------------------------------------------------------------------------------------------------------------------------------------------------------------------------------------------------------------------------------------------------------------------------------------------------------------------------------------------------------------------------------------------------------------------------------
Index   v-sweep         v(vfracds)      ioc_n06_glo     ioc_n06_gmid    ioc_n06_ghi     
--------------------------------------------------------------------------------------------------------------------------------------------------------------------------------------------------------------------------------------------------------------------------------------------------------------------------------------------------------------------------------------------------------------------------------------------------------------------------------------------------------------------------------
0	0.0000000000e+00	0.0000000000e+00	-0.0000000000e+00	-0.0000000000e+00	-0.0000000000e+00	
1	1.0000000000e-02	1.0000000000e-02	2.5855928077e-04	2.9756916111e-04	3.3773309255e-04	
2	2.0000000000e-02	2.0000000000e-02	4.9532307320e-04	5.7271998848e-04	6.5304773534e-04	
3	3.0000000000e-02	3.0000000000e-02	7.1185085153e-04	8.2698682208e-04	9.4737551397e-04	
4	4.0000000000e-02	4.0000000000e-02	9.0955213203e-04	1.0617636992e-03	1.2220264631e-03	
5	5.0000000000e-02	5.0000000000e-02	1.0897008766e-03	1.2783176892e-03	1.4782000972e-03	
6	6.0000000000e-02	6.0000000000e-02	1.2534473645e-03	1.4778003836e-03	1.7169950643e-03	
7	7.0000000000e-02	7.0000000000e-02	1.4018269579e-03	1.6612577082e-03	1.9394177819e-03	
8	8.0000000000e-02	8.0000000000e-02	1.5357636874e-03	1.8296375432e-03	2.1463900898e-03	
9	9.0000000000e-02	9.0000000000e-02	1.6560641854e-03	1.9837938512e-03	2.3387556541e-03	
10	1.0000000000e-01	1.0000000000e-01	1.7633928195e-03	2.1244847981e-03	2.5172845453e-03	
11	1.1000000000e-01	1.1000000000e-01	1.8582101291e-03	2.2523600239e-03	2.6826749673e-03	
12	1.2000000000e-01	1.2000000000e-01	1.9406483950e-03	2.3679276111e-03	2.8355503364e-03	
13	1.3000000000e-01	1.3000000000e-01	2.0103413945e-03	2.4714833853e-03	2.9764483833e-03	
14	1.4000000000e-01	1.4000000000e-01	2.0665070897e-03	2.5629796103e-03	3.1057960338e-03	
15	1.5000000000e-01	1.5000000000e-01	2.1089827384e-03	2.6418517112e-03	3.2238586494e-03	
16	1.6000000000e-01	1.6000000000e-01	2.1396082508e-03	2.7070568047e-03	3.3306458069e-03	
17	1.7000000000e-01	1.7000000000e-01	2.1616204055e-03	2.7579440554e-03	3.4257617740e-03	
18	1.8000000000e-01	1.8000000000e-01	2.1779431751e-03	2.7956982182e-03	3.5082683184e-03	
19	1.9000000000e-01	1.9000000000e-01	2.1905579842e-03	2.8232727134e-03	3.5768902437e-03	
20	2.0000000000e-01	2.0000000000e-01	2.2006880447e-03	2.8437971837e-03	3.6310393384e-03	
21	2.1000000000e-01	2.1000000000e-01	2.2090858542e-03	2.8596082943e-03	3.6720096080e-03	
22	2.2000000000e-01	2.2000000000e-01	2.2162281259e-03	2.8722279888e-03	3.7026441626e-03	
23	2.3000000000e-01	2.3000000000e-01	2.2224285041e-03	2.8826179598e-03	3.7259170482e-03	
24	2.4000000000e-01	2.4000000000e-01	2.2279011789e-03	2.8913948038e-03	3.7441134061e-03	
25	2.5000000000e-01	2.5000000000e-01	2.2327974517e-03	2.8989659034e-03	3.7587811629e-03	
26	2.6000000000e-01	2.6000000000e-01	2.2372274286e-03	2.9056094951e-03	3.7709338197e-03	
27	2.7000000000e-01	2.7000000000e-01	2.2412733426e-03	2.9115217299e-03	3.7812398709e-03	
28	2.8000000000e-01	2.8000000000e-01	2.2449980123e-03	2.9168449168e-03	3.7901506678e-03	
29	2.9000000000e-01	2.9000000000e-01	2.2484503804e-03	2.9216849640e-03	3.7979795900e-03	
30	3.0000000000e-01	3.0000000000e-01	2.2516692427e-03	2.9261224759e-03	3.8049503511e-03	
31	3.1000000000e-01	3.1000000000e-01	2.2546858232e-03	2.9302200193e-03	3.8112268318e-03	
32	3.2000000000e-01	3.2000000000e-01	2.2575255931e-03	2.9340270106e-03	3.8169319140e-03	
33	3.3000000000e-01	3.3000000000e-01	2.2602095811e-03	2.9375830838e-03	3.8221596752e-03	
34	3.4000000000e-01	3.4000000000e-01	2.2627553358e-03	2.9409204635e-03	3.8269834844e-03	
35	3.5000000000e-01	3.5000000000e-01	2.2651776436e-03	2.9440656710e-03	3.8314615088e-03	
36	3.6000000000e-01	3.6000000000e-01	2.2674890727e-03	2.9470407733e-03	3.8356405436e-03	
37	3.7000000000e-01	3.7000000000e-01	2.2697003909e-03	2.9498643121e-03	3.8395587305e-03	
38	3.8000000000e-01	3.8000000000e-01	2.2718208909e-03	2.9525520062e-03	3.8432475250e-03	
39	3.9000000000e-01	3.9000000000e-01	2.2738586460e-03	2.9551172898e-03	3.8467331431e-03	
40	4.0000000000e-01	4.0000000000e-01	2.2758207149e-03	2.9575717289e-03	3.8500376439e-03	
41	4.1000000000e-01	4.1000000000e-01	2.2777133068e-03	2.9599253502e-03	3.8531797496e-03	
42	4.2000000000e-01	4.2000000000e-01	2.2795419177e-03	2.9621869017e-03	3.8561754767e-03	
43	4.3000000000e-01	4.3000000000e-01	2.2813114451e-03	2.9643640630e-03	3.8590386261e-03	
44	4.4000000000e-01	4.4000000000e-01	2.2830262856e-03	2.9664636186e-03	3.8617811705e-03	
45	4.5000000000e-01	4.5000000000e-01	2.2846904239e-03	2.9684916022e-03	3.8644135625e-03	
46	4.6000000000e-01	4.6000000000e-01	2.2863075128e-03	2.9704534213e-03	3.8669449851e-03	
47	4.7000000000e-01	4.7000000000e-01	2.2878809508e-03	2.9723539671e-03	3.8693835571e-03	
48	4.8000000000e-01	4.8000000000e-01	2.2894139598e-03	2.9741977161e-03	3.8717365072e-03	
49	4.9000000000e-01	4.9000000000e-01	2.2909096628e-03	2.9759888273e-03	3.8740103240e-03	
50	5.0000000000e-01	5.0000000000e-01	2.2923711672e-03	2.9777312382e-03	3.8762108907e-03	
51	5.1000000000e-01	5.1000000000e-01	2.2938016522e-03	2.9794287638e-03	3.8783436104e-03	
52	5.2000000000e-01	5.2000000000e-01	2.2952044622e-03	2.9810851994e-03	3.8804135279e-03	
53	5.3000000000e-01	5.3000000000e-01	2.2965832077e-03	2.9827044314e-03	3.8824254514e-03	
54	5.4000000000e-01	5.4000000000e-01	2.2979418729e-03	2.9842905552e-03	3.8843840786e-03	
55	5.5000000000e-01	5.5000000000e-01	2.2992849298e-03	2.9858480023e-03	3.8862941303e-03	
56	5.6000000000e-01	5.6000000000e-01	2.3006174589e-03	2.9873816769e-03	3.8881604936e-03	
57	5.7000000000e-01	5.7000000000e-01	2.3019452762e-03	2.9888971010e-03	3.8899883754e-03	
58	5.8000000000e-01	5.8000000000e-01	2.3032750633e-03	2.9904005689e-03	3.8917834687e-03	
59	5.9000000000e-01	5.9000000000e-01	2.3046145030e-03	2.9918993087e-03	3.8935521308e-03	
60	6.0000000000e-01	6.0000000000e-01	2.3059724152e-03	2.9934016502e-03	3.8953015735e-03	
61	6.1000000000e-01	6.1000000000e-01	2.3073588951e-03	2.9949171980e-03	3.8970400644e-03	
62	6.2000000000e-01	6.2000000000e-01	2.3087854495e-03	2.9964570079e-03	3.8987771377e-03	
63	6.3000000000e-01	6.3000000000e-01	2.3102651323e-03	2.9980337638e-03	3.9005238134e-03	
64	6.4000000000e-01	6.4000000000e-01	2.3118126752e-03	2.9996619554e-03	3.9022928225e-03	
65	6.5000000000e-01	6.5000000000e-01	2.3134446146e-03	3.0013580527e-03	3.9040988356e-03	
66	6.6000000000e-01	6.6000000000e-01	2.3151794120e-03	3.0031406767e-03	3.9059586933e-03	
67	6.7000000000e-01	6.7000000000e-01	2.3170375673e-03	3.0050307637e-03	3.9078916354e-03	
68	6.8000000000e-01	6.8000000000e-01	2.3190417237e-03	3.0070517224e-03	3.9099195265e-03	
69	6.9000000000e-01	6.9000000000e-01	2.3212167640e-03	3.0092295821e-03	3.9120670762e-03	
70	7.0000000000e-01	7.0000000000e-01	2.3235898963e-03	3.0115931299e-03	3.9143620503e-03	
71	7.1000000000e-01	7.1000000000e-01	2.3261907306e-03	3.0141740368e-03	3.9168354723e-03	
72	7.2000000000e-01	7.2000000000e-01	2.3290513430e-03	3.0170069709e-03	3.9195218131e-03	
73	7.3000000000e-01	7.3000000000e-01	2.3322063305e-03	3.0201296973e-03	3.9224591655e-03	
74	7.4000000000e-01	7.4000000000e-01	2.3356928532e-03	3.0235831647e-03	3.9256894049e-03	
75	7.5000000000e-01	7.5000000000e-01	2.3395506659e-03	3.0274115766e-03	3.9292583326e-03	
76	7.6000000000e-01	7.6000000000e-01	2.3438221385e-03	3.0316624489e-03	3.9332158014e-03	
77	7.7000000000e-01	7.7000000000e-01	2.3485522649e-03	3.0363866522e-03	3.9376158237e-03	
78	7.8000000000e-01	7.8000000000e-01	2.3537886620e-03	3.0416384401e-03	3.9425166600e-03	
79	7.9000000000e-01	7.9000000000e-01	2.3595815574e-03	3.0474754625e-03	3.9479808896e-03	
80	8.0000000000e-01	8.0000000000e-01	2.3659837677e-03	3.0539587655e-03	3.9540754604e-03	
81	8.1000000000e-01	8.1000000000e-01	2.3730506672e-03	3.0611527777e-03	3.9608717222e-03	
82	8.2000000000e-01	8.2000000000e-01	2.3808401475e-03	3.0691252827e-03	3.9684454392e-03	
83	8.3000000000e-01	8.3000000000e-01	2.3894125687e-03	3.0779473803e-03	3.9768767856e-03	
84	8.4000000000e-01	8.4000000000e-01	2.3988307033e-03	3.0876934353e-03	3.9862503236e-03	
85	8.5000000000e-01	8.5000000000e-01	2.4091596718e-03	3.0984410153e-03	3.9966549642e-03	
86	8.6000000000e-01	8.6000000000e-01	2.4204668733e-03	3.1102708185e-03	4.0081839125e-03	
87	8.7000000000e-01	8.7000000000e-01	2.4328219082e-03	3.1232665917e-03	4.0209345974e-03	
88	8.8000000000e-01	8.8000000000e-01	2.4462964976e-03	3.1375150404e-03	4.0350085876e-03	
89	8.9000000000e-01	8.9000000000e-01	2.4609643963e-03	3.1531057300e-03	4.0505114945e-03	
90	9.0000000000e-01	9.0000000000e-01	2.4769013026e-03	3.1701309807e-03	4.0675528625e-03	
91	9.1000000000e-01	9.1000000000e-01	2.4941847646e-03	3.1886857560e-03	4.0862460492e-03	
92	9.2000000000e-01	9.2000000000e-01	2.5128940827e-03	3.2088675456e-03	4.1067080946e-03	
93	9.3000000000e-01	9.3000000000e-01	2.5331102107e-03	3.2307762439e-03	4.1290595821e-03	
94	9.4000000000e-01	9.4000000000e-01	2.5549156541e-03	3.2545140243e-03	4.1534244910e-03	
95	9.5000000000e-01	9.5000000000e-01	2.5783943679e-03	3.2801852102e-03	4.1799300433e-03	
96	9.6000000000e-01	9.6000000000e-01	2.6036316524e-03	3.3078961438e-03	4.2087065429e-03	
97	9.7000000000e-01	9.7000000000e-01	2.6307140492e-03	3.3377550526e-03	4.2398872116e-03	
98	9.8000000000e-01	9.8000000000e-01	2.6597292370e-03	3.3698719149e-03	4.2736080196e-03	
99	9.9000000000e-01	9.9000000000e-01	2.6907659272e-03	3.4043583242e-03	4.3100075142e-03	
100	1.0000000000e+00	1.0000000000e+00	2.7239137605e-03	3.4413273536e-03	4.3492266452e-03	
                                                                                                                                                                                                                                                     *include "corner.spice
                                                                                                                                                                                                                                                     DC transfer characteristic  Fri Aug 21 13:47:13  2026
--------------------------------------------------------------------------------------------------------------------------------------------------------------------------------------------------------------------------------------------------------------------------------------------------------------------------------------------------------------------------------------------------------------------------------------------------------------------------------------------------------------------------------
Index   v-sweep         v(vfracds)      ioc_p06_glo     ioc_p06_gmid    ioc_p06_ghi     
--------------------------------------------------------------------------------------------------------------------------------------------------------------------------------------------------------------------------------------------------------------------------------------------------------------------------------------------------------------------------------------------------------------------------------------------------------------------------------------------------------------------------------
0	0.0000000000e+00	0.0000000000e+00	-0.0000000000e+00	-0.0000000000e+00	-0.0000000000e+00	
1	1.0000000000e-02	1.0000000000e-02	-7.565159093e-05	-8.650931260e-05	-9.944904108e-05	
2	2.0000000000e-02	2.0000000000e-02	-1.477740125e-04	-1.695976128e-04	-1.956126225e-04	
3	3.0000000000e-02	3.0000000000e-02	-2.164424205e-04	-2.493327907e-04	-2.885507049e-04	
4	4.0000000000e-02	4.0000000000e-02	-2.817298659e-04	-3.257809580e-04	-3.783218012e-04	
5	5.0000000000e-02	5.0000000000e-02	-3.437073701e-04	-3.990065055e-04	-4.649830197e-04	
6	6.0000000000e-02	6.0000000000e-02	-4.024439988e-04	-4.690721599e-04	-5.485901055e-04	
7	7.0000000000e-02	7.0000000000e-02	-4.580069333e-04	-5.360390372e-04	-6.291974808e-04	
8	8.0000000000e-02	8.0000000000e-02	-5.104615416e-04	-5.999666951e-04	-7.068582830e-04	
9	9.0000000000e-02	9.0000000000e-02	-5.598714490e-04	-6.609131844e-04	-7.816244021e-04	
10	1.0000000000e-01	1.0000000000e-01	-6.062986087e-04	-7.189350979e-04	-8.535465174e-04	
11	1.1000000000e-01	1.1000000000e-01	-6.498033756e-04	-7.740876198e-04	-9.226741320e-04	
12	1.2000000000e-01	1.2000000000e-01	-6.904445834e-04	-8.264245721e-04	-9.890556079e-04	
13	1.3000000000e-01	1.3000000000e-01	-7.282796290e-04	-8.759984616e-04	-1.052738198e-03	
14	1.4000000000e-01	1.4000000000e-01	-7.633645704e-04	-9.228605237e-04	-1.113768080e-03	
15	1.5000000000e-01	1.5000000000e-01	-7.957542469e-04	-9.670607664e-04	-1.172190384e-03	
16	1.6000000000e-01	1.6000000000e-01	-8.255024423e-04	-1.008648010e-03	-1.228049223e-03	
17	1.7000000000e-01	1.7000000000e-01	-8.526621276e-04	-1.047669925e-03	-1.281387723e-03	
18	1.8000000000e-01	1.8000000000e-01	-8.772858679e-04	-1.084173063e-03	-1.332248040e-03	
19	1.9000000000e-01	1.9000000000e-01	-8.994265898e-04	-1.118202876e-03	-1.380671385e-03	
20	2.0000000000e-01	2.0000000000e-01	-9.191392054e-04	-1.149803721e-03	-1.426698038e-03	
21	2.1000000000e-01	2.1000000000e-01	-9.364843938e-04	-1.179018828e-03	-1.470367352e-03	
22	2.2000000000e-01	2.2000000000e-01	-9.515377070e-04	-1.205890216e-03	-1.511717745e-03	
23	2.3000000000e-01	2.3000000000e-01	-9.644095424e-04	-1.230458542e-03	-1.550786670e-03	
24	2.4000000000e-01	2.4000000000e-01	-9.752766721e-04	-1.252762930e-03	-1.587610549e-03	
25	2.5000000000e-01	2.5000000000e-01	-9.844013665e-04	-1.272841178e-03	-1.622224643e-03	
26	2.6000000000e-01	2.6000000000e-01	-9.921011208e-04	-1.290731945e-03	-1.654662819e-03	
27	2.7000000000e-01	2.7000000000e-01	-9.986842980e-04	-1.306483459e-03	-1.684957136e-03	
28	2.8000000000e-01	2.8000000000e-01	-1.004405923e-03	-1.320176039e-03	-1.713137134e-03	
29	2.9000000000e-01	2.9000000000e-01	-1.009459572e-03	-1.331956098e-03	-1.739228642e-03	
30	3.0000000000e-01	3.0000000000e-01	-1.013987663e-03	-1.342051724e-03	-1.763251977e-03	
31	3.1000000000e-01	3.1000000000e-01	-1.018094833e-03	-1.350741295e-03	-1.785219787e-03	
32	3.2000000000e-01	3.2000000000e-01	-1.021858897e-03	-1.358298736e-03	-1.805136443e-03	
33	3.3000000000e-01	3.3000000000e-01	-1.025338720e-03	-1.364957334e-03	-1.823004710e-03	
34	3.4000000000e-01	3.4000000000e-01	-1.028579643e-03	-1.370900963e-03	-1.838848635e-03	
35	3.5000000000e-01	3.5000000000e-01	-1.031617201e-03	-1.376270002e-03	-1.852751682e-03	
36	3.6000000000e-01	3.6000000000e-01	-1.034479692e-03	-1.381170955e-03	-1.864882226e-03	
37	3.7000000000e-01	3.7000000000e-01	-1.037189982e-03	-1.385685148e-03	-1.875476038e-03	
38	3.8000000000e-01	3.8000000000e-01	-1.039766789e-03	-1.389875433e-03	-1.884788688e-03	
39	3.9000000000e-01	3.9000000000e-01	-1.042225619e-03	-1.393791062e-03	-1.893054923e-03	
40	4.0000000000e-01	4.0000000000e-01	-1.044579452e-03	-1.397471187e-03	-1.900470852e-03	
41	4.1000000000e-01	4.1000000000e-01	-1.046839259e-03	-1.400947347e-03	-1.907192808e-03	
42	4.2000000000e-01	4.2000000000e-01	-1.049014391e-03	-1.404245274e-03	-1.913343181e-03	
43	4.3000000000e-01	4.3000000000e-01	-1.051112883e-03	-1.407386205e-03	-1.919017571e-03	
44	4.4000000000e-01	4.4000000000e-01	-1.053141687e-03	-1.410387855e-03	-1.924291084e-03	
45	4.5000000000e-01	4.5000000000e-01	-1.055106858e-03	-1.413265139e-03	-1.929223289e-03	
46	4.6000000000e-01	4.6000000000e-01	-1.057013701e-03	-1.416030731e-03	-1.933861957e-03	
47	4.7000000000e-01	4.7000000000e-01	-1.058866890e-03	-1.418695481e-03	-1.938245835e-03	
48	4.8000000000e-01	4.8000000000e-01	-1.060670562e-03	-1.421268751e-03	-1.942406693e-03	
49	4.9000000000e-01	4.9000000000e-01	-1.062428399e-03	-1.423758668e-03	-1.946370854e-03	
50	5.0000000000e-01	5.0000000000e-01	-1.064143689e-03	-1.426172333e-03	-1.950160341e-03	
51	5.1000000000e-01	5.1000000000e-01	-1.065819382e-03	-1.428515987e-03	-1.953793744e-03	
52	5.2000000000e-01	5.2000000000e-01	-1.067458135e-03	-1.430795139e-03	-1.957286885e-03	
53	5.3000000000e-01	5.3000000000e-01	-1.069062346e-03	-1.433014681e-03	-1.960653333e-03	
54	5.4000000000e-01	5.4000000000e-01	-1.070634192e-03	-1.435178972e-03	-1.963904807e-03	
55	5.5000000000e-01	5.5000000000e-01	-1.072175652e-03	-1.437291914e-03	-1.967051491e-03	
56	5.6000000000e-01	5.6000000000e-01	-1.073688529e-03	-1.439357016e-03	-1.970102293e-03	
57	5.7000000000e-01	5.7000000000e-01	-1.075174476e-03	-1.441377439e-03	-1.973065042e-03	
58	5.8000000000e-01	5.8000000000e-01	-1.076635007e-03	-1.443356046e-03	-1.975946657e-03	
59	5.9000000000e-01	5.9000000000e-01	-1.078071515e-03	-1.445295435e-03	-1.978753281e-03	
60	6.0000000000e-01	6.0000000000e-01	-1.079485290e-03	-1.447197974e-03	-1.981490393e-03	
61	6.1000000000e-01	6.1000000000e-01	-1.080877524e-03	-1.449065822e-03	-1.984162897e-03	
62	6.2000000000e-01	6.2000000000e-01	-1.082249328e-03	-1.450900961e-03	-1.986775202e-03	
63	6.3000000000e-01	6.3000000000e-01	-1.083601744e-03	-1.452705209e-03	-1.989331286e-03	
64	6.4000000000e-01	6.4000000000e-01	-1.084935753e-03	-1.454480245e-03	-1.991834747e-03	
65	6.5000000000e-01	6.5000000000e-01	-1.086252288e-03	-1.456227619e-03	-1.994288855e-03	
66	6.6000000000e-01	6.6000000000e-01	-1.087552250e-03	-1.457948774e-03	-1.996696585e-03	
67	6.7000000000e-01	6.7000000000e-01	-1.088836512e-03	-1.459645058e-03	-1.999060658e-03	
68	6.8000000000e-01	6.8000000000e-01	-1.090105945e-03	-1.461317737e-03	-2.001383564e-03	
69	6.9000000000e-01	6.9000000000e-01	-1.091361422e-03	-1.462968014e-03	-2.003667594e-03	
70	7.0000000000e-01	7.0000000000e-01	-1.092603844e-03	-1.464597040e-03	-2.005914859e-03	
71	7.1000000000e-01	7.1000000000e-01	-1.093834156e-03	-1.466205933e-03	-2.008127314e-03	
72	7.2000000000e-01	7.2000000000e-01	-1.095053367e-03	-1.467795797e-03	-2.010306777e-03	
73	7.3000000000e-01	7.3000000000e-01	-1.096262574e-03	-1.469367737e-03	-2.012454949e-03	
74	7.4000000000e-01	7.4000000000e-01	-1.097462991e-03	-1.470922888e-03	-2.014573433e-03	
75	7.5000000000e-01	7.5000000000e-01	-1.098655974e-03	-1.472462431e-03	-2.016663752e-03	
76	7.6000000000e-01	7.6000000000e-01	-1.099843051e-03	-1.473987627e-03	-2.018727370e-03	
77	7.7000000000e-01	7.7000000000e-01	-1.101025961e-03	-1.475499843e-03	-2.020765718e-03	
78	7.8000000000e-01	7.8000000000e-01	-1.102206684e-03	-1.477000587e-03	-2.022780212e-03	
79	7.9000000000e-01	7.9000000000e-01	-1.103387479e-03	-1.478491541e-03	-2.024772285e-03	
80	8.0000000000e-01	8.0000000000e-01	-1.104570931e-03	-1.479974606e-03	-2.026743412e-03	
81	8.1000000000e-01	8.1000000000e-01	-1.105759985e-03	-1.481451941e-03	-2.028695149e-03	
82	8.2000000000e-01	8.2000000000e-01	-1.106957995e-03	-1.482926010e-03	-2.030629164e-03	
83	8.3000000000e-01	8.3000000000e-01	-1.108168771e-03	-1.484399633e-03	-2.032547282e-03	
84	8.4000000000e-01	8.4000000000e-01	-1.109396624e-03	-1.485876037e-03	-2.034451532e-03	
85	8.5000000000e-01	8.5000000000e-01	-1.110646413e-03	-1.487358913e-03	-2.036344192e-03	
86	8.6000000000e-01	8.6000000000e-01	-1.111923599e-03	-1.488852473e-03	-2.038227846e-03	
87	8.7000000000e-01	8.7000000000e-01	-1.113234293e-03	-1.490361509e-03	-2.040105447e-03	
88	8.8000000000e-01	8.8000000000e-01	-1.114585307e-03	-1.491891461e-03	-2.041980375e-03	
89	8.9000000000e-01	8.9000000000e-01	-1.115984201e-03	-1.493448475e-03	-2.043856508e-03	
90	9.0000000000e-01	9.0000000000e-01	-1.117439341e-03	-1.495039475e-03	-2.045738294e-03	
91	9.1000000000e-01	9.1000000000e-01	-1.118959941e-03	-1.496672223e-03	-2.047630829e-03	
92	9.2000000000e-01	9.2000000000e-01	-1.120556116e-03	-1.498355394e-03	-2.049539934e-03	
93	9.3000000000e-01	9.3000000000e-01	-1.122238931e-03	-1.500098636e-03	-2.051472243e-03	
94	9.4000000000e-01	9.4000000000e-01	-1.124020443e-03	-1.501912643e-03	-2.053435283e-03	
95	9.5000000000e-01	9.5000000000e-01	-1.125913752e-03	-1.503809223e-03	-2.055437566e-03	
96	9.6000000000e-01	9.6000000000e-01	-1.127933040e-03	-1.505801356e-03	-2.057488680e-03	
97	9.7000000000e-01	9.7000000000e-01	-1.130093614e-03	-1.507903269e-03	-2.059599380e-03	
98	9.8000000000e-01	9.8000000000e-01	-1.132411945e-03	-1.510130492e-03	-2.061781677e-03	
99	9.9000000000e-01	9.9000000000e-01	-1.134905705e-03	-1.512499924e-03	-2.064048935e-03	
100	1.0000000000e+00	1.0000000000e+00	-1.137593800e-03	-1.515029886e-03	-2.066415963e-03	
Doing analysis at TEMP = -40.000000 and TNOM = 27.000000

Using SPARSE 1.3 as Direct Linear Solver

No. of Data Rows : 501
                                                                                                                                                                                                                                                     *include "corner.spice
                                                                                                                                                                                                                                                     DC transfer characteristic  Fri Aug 21 13:47:13  2026
--------------------------------------------------------------------------------------------------------------------------------------------------------------------------------------------------------------------------------------------------------------------------------------------------------------------------------------------------------------------------------------------------------------------------------------------------------------------------------------------------------------------------------
Index   v-sweep         v(vfracdi)      ifb             
--------------------------------------------------------------------------------------------------------------------------------------------------------------------------------------------------------------------------------------------------------------------------------------------------------------------------------------------------------------------------------------------------------------------------------------------------------------------------------------------------------------------------------
0	0.0000000000e+00	0.0000000000e+00	-1.912378135e-64	
1	2.0000000000e-03	2.0000000000e-03	2.4147350786e-15	
2	4.0000000000e-03	4.0000000000e-03	4.8294701571e-15	
3	6.0000000000e-03	6.0000000000e-03	7.2164496601e-15	
4	8.0000000000e-03	8.0000000000e-03	9.6589403142e-15	
5	1.0000000000e-02	1.0000000000e-02	1.1990408666e-14	
6	1.2000000000e-02	1.2000000000e-02	1.4432899320e-14	
7	1.4000000000e-02	1.4000000000e-02	1.6875389974e-14	
8	1.6000000000e-02	1.6000000000e-02	1.9317880628e-14	
9	1.8000000000e-02	1.8000000000e-02	2.1538326678e-14	
10	2.0000000000e-02	2.0000000000e-02	2.3980817332e-14	
11	2.2000000000e-02	2.2000000000e-02	2.6423307986e-14	
12	2.4000000000e-02	2.4000000000e-02	2.8865798640e-14	
13	2.6000000000e-02	2.6000000000e-02	3.1308289294e-14	
14	2.8000000000e-02	2.8000000000e-02	3.3528735344e-14	
15	3.0000000000e-02	3.0000000000e-02	3.5971225998e-14	
16	3.2000000000e-02	3.2000000000e-02	3.8413716652e-14	
17	3.4000000000e-02	3.4000000000e-02	4.0856207306e-14	
18	3.6000000000e-02	3.6000000000e-02	4.3076653355e-14	
19	3.8000000000e-02	3.8000000000e-02	4.5741188615e-14	
20	4.0000000000e-02	4.0000000000e-02	4.8405723874e-14	
21	4.2000000000e-02	4.2000000000e-02	5.0626169923e-14	
22	4.4000000000e-02	4.4000000000e-02	5.3290705182e-14	
23	4.6000000000e-02	4.6000000000e-02	5.5067062021e-14	
24	4.8000000000e-02	4.8000000000e-02	5.7731597281e-14	
25	5.0000000000e-02	5.0000000000e-02	5.9952043330e-14	
26	5.2000000000e-02	5.2000000000e-02	6.2616578589e-14	
27	5.4000000000e-02	5.4000000000e-02	6.5281113848e-14	
28	5.6000000000e-02	5.6000000000e-02	6.7501559897e-14	
29	5.8000000000e-02	5.8000000000e-02	7.0166095156e-14	
30	6.0000000000e-02	6.0000000000e-02	7.2386541206e-14	
31	6.2000000000e-02	6.2000000000e-02	7.4606987255e-14	
32	6.4000000000e-02	6.4000000000e-02	7.7271522514e-14	
33	6.6000000000e-02	6.6000000000e-02	7.9936057773e-14	
34	6.8000000000e-02	6.8000000000e-02	8.1712414612e-14	
35	7.0000000000e-02	7.0000000000e-02	8.4376949872e-14	
36	7.2000000000e-02	7.2000000000e-02	8.6153306711e-14	
37	7.4000000000e-02	7.4000000000e-02	8.9706020390e-14	
38	7.6000000000e-02	7.6000000000e-02	9.0594198809e-14	
39	7.8000000000e-02	7.8000000000e-02	9.4146912488e-14	
40	8.0000000000e-02	8.0000000000e-02	9.5923269328e-14	
41	8.2000000000e-02	8.2000000000e-02	9.8587804587e-14	
42	8.4000000000e-02	8.4000000000e-02	1.0125233985e-13	
43	8.6000000000e-02	8.6000000000e-02	1.0302869669e-13	
44	8.8000000000e-02	8.8000000000e-02	1.0658141036e-13	
45	9.0000000000e-02	9.0000000000e-02	1.0835776720e-13	
46	9.2000000000e-02	9.2000000000e-02	1.1102230246e-13	
47	9.4000000000e-02	9.4000000000e-02	1.1279865930e-13	
48	9.6000000000e-02	9.6000000000e-02	1.1546319456e-13	
49	9.8000000000e-02	9.8000000000e-02	1.1901590824e-13	
50	1.0000000000e-01	1.0000000000e-01	1.1990408666e-13	
51	1.0200000000e-01	1.0200000000e-01	1.2256862192e-13	
52	1.0400000000e-01	1.0400000000e-01	1.2523315718e-13	
53	1.0600000000e-01	1.0600000000e-01	1.2789769244e-13	
54	1.0800000000e-01	1.0800000000e-01	1.3056222770e-13	
55	1.1000000000e-01	1.1000000000e-01	1.3145040612e-13	
56	1.1200000000e-01	1.1200000000e-01	1.3411494137e-13	
57	1.1400000000e-01	1.1400000000e-01	1.3766765505e-13	
58	1.1600000000e-01	1.1600000000e-01	1.3944401189e-13	
59	1.1800000000e-01	1.1800000000e-01	1.4210854715e-13	
60	1.2000000000e-01	1.2000000000e-01	1.4477308241e-13	
61	1.2200000000e-01	1.2200000000e-01	1.4743761767e-13	
62	1.2400000000e-01	1.2400000000e-01	1.4921397451e-13	
63	1.2600000000e-01	1.2600000000e-01	1.5187850977e-13	
64	1.2800000000e-01	1.2800000000e-01	1.5454304503e-13	
65	1.3000000000e-01	1.3000000000e-01	1.5543122345e-13	
66	1.3200000000e-01	1.3200000000e-01	1.5987211555e-13	
67	1.3400000000e-01	1.3400000000e-01	1.6164847239e-13	
68	1.3600000000e-01	1.3600000000e-01	1.6342482922e-13	
69	1.3800000000e-01	1.3800000000e-01	1.6520118606e-13	
70	1.4000000000e-01	1.4000000000e-01	1.6875389974e-13	
71	1.4200000000e-01	1.4200000000e-01	1.7053025658e-13	
72	1.4400000000e-01	1.4400000000e-01	1.7230661342e-13	
73	1.4600000000e-01	1.4600000000e-01	1.7585932710e-13	
74	1.4800000000e-01	1.4800000000e-01	1.7941204078e-13	
75	1.5000000000e-01	1.5000000000e-01	1.7941204078e-13	
76	1.5200000000e-01	1.5200000000e-01	1.8118839762e-13	
77	1.5400000000e-01	1.5400000000e-01	1.8651746814e-13	
78	1.5600000000e-01	1.5600000000e-01	1.8829382498e-13	
79	1.5800000000e-01	1.5800000000e-01	1.9007018182e-13	
80	1.6000000000e-01	1.6000000000e-01	1.9184653866e-13	
81	1.6200000000e-01	1.6200000000e-01	1.9539925233e-13	
82	1.6400000000e-01	1.6400000000e-01	1.9717560917e-13	
83	1.6600000000e-01	1.6600000000e-01	1.9895196601e-13	
84	1.6800000000e-01	1.6800000000e-01	2.0250467969e-13	
85	1.7000000000e-01	1.7000000000e-01	2.0428103653e-13	
86	1.7200000000e-01	1.7200000000e-01	2.0428103653e-13	
87	1.7400000000e-01	1.7400000000e-01	2.0783375021e-13	
88	1.7600000000e-01	1.7600000000e-01	2.1138646389e-13	
89	1.7800000000e-01	1.7800000000e-01	2.1316282073e-13	
90	1.8000000000e-01	1.8000000000e-01	2.1671553441e-13	
91	1.8200000000e-01	1.8200000000e-01	2.2026824809e-13	
92	1.8400000000e-01	1.8400000000e-01	2.2204460493e-13	
93	1.8600000000e-01	1.8600000000e-01	2.2382096176e-13	
94	1.8800000000e-01	1.8800000000e-01	2.2559731860e-13	
95	1.9000000000e-01	1.9000000000e-01	2.2737367544e-13	
96	1.9200000000e-01	1.9200000000e-01	2.3270274596e-13	
97	1.9400000000e-01	1.9400000000e-01	2.3447910280e-13	
98	1.9600000000e-01	1.9600000000e-01	2.3803181648e-13	
99	1.9800000000e-01	1.9800000000e-01	2.3803181648e-13	
100	2.0000000000e-01	2.0000000000e-01	2.4158453016e-13	
101	2.0200000000e-01	2.0200000000e-01	2.4158453016e-13	
102	2.0400000000e-01	2.0400000000e-01	2.4513724384e-13	
103	2.0600000000e-01	2.0600000000e-01	2.4691360068e-13	
104	2.0800000000e-01	2.0800000000e-01	2.4868995752e-13	
105	2.1000000000e-01	2.1000000000e-01	2.5224267119e-13	
106	2.1200000000e-01	2.1200000000e-01	2.5757174171e-13	
107	2.1400000000e-01	2.1400000000e-01	2.5757174171e-13	
108	2.1600000000e-01	2.1600000000e-01	2.6112445539e-13	
109	2.1800000000e-01	2.1800000000e-01	2.6112445539e-13	
110	2.2000000000e-01	2.2000000000e-01	2.6290081223e-13	
111	2.2200000000e-01	2.2200000000e-01	2.6645352591e-13	
112	2.2400000000e-01	2.2400000000e-01	2.6822988275e-13	
113	2.2600000000e-01	2.2600000000e-01	2.6822988275e-13	
114	2.2800000000e-01	2.2800000000e-01	2.7533531011e-13	
115	2.3000000000e-01	2.3000000000e-01	2.8066438063e-13	
116	2.3200000000e-01	2.3200000000e-01	2.7711166695e-13	
117	2.3400000000e-01	2.3400000000e-01	2.8599345114e-13	
118	2.3600000000e-01	2.3600000000e-01	2.8599345114e-13	
119	2.3800000000e-01	2.3800000000e-01	2.8776980798e-13	
120	2.4000000000e-01	2.4000000000e-01	2.9309887850e-13	
121	2.4200000000e-01	2.4200000000e-01	2.9487523534e-13	
122	2.4400000000e-01	2.4400000000e-01	2.9665159218e-13	
123	2.4600000000e-01	2.4600000000e-01	3.0020430586e-13	
124	2.4800000000e-01	2.4800000000e-01	3.0553337638e-13	
125	2.5000000000e-01	2.5000000000e-01	3.0553337638e-13	
126	2.5200000000e-01	2.5200000000e-01	3.1263880373e-13	
127	2.5400000000e-01	2.5400000000e-01	3.1441516057e-13	
128	2.5600000000e-01	2.5600000000e-01	3.1796787425e-13	
129	2.5800000000e-01	2.5800000000e-01	3.2329694477e-13	
130	2.6000000000e-01	2.6000000000e-01	3.2507330161e-13	
131	2.6200000000e-01	2.6200000000e-01	3.3040237213e-13	
132	2.6400000000e-01	2.6400000000e-01	3.3750779949e-13	
133	2.6600000000e-01	2.6600000000e-01	3.3750779949e-13	
134	2.6800000000e-01	2.6800000000e-01	3.4461322684e-13	
135	2.7000000000e-01	2.7000000000e-01	3.4816594052e-13	
136	2.7200000000e-01	2.7200000000e-01	3.5527136788e-13	
137	2.7400000000e-01	2.7400000000e-01	3.6237679524e-13	
138	2.7600000000e-01	2.7600000000e-01	3.6592950892e-13	
139	2.7800000000e-01	2.7800000000e-01	3.7658764995e-13	
140	2.8000000000e-01	2.8000000000e-01	3.8724579099e-13	
141	2.8200000000e-01	2.8200000000e-01	3.9079850467e-13	
142	2.8400000000e-01	2.8400000000e-01	4.0145664570e-13	
143	2.8600000000e-01	2.8600000000e-01	4.1566750042e-13	
144	2.8800000000e-01	2.8800000000e-01	4.2277292778e-13	
145	2.9000000000e-01	2.9000000000e-01	4.3698378249e-13	
146	2.9200000000e-01	2.9200000000e-01	4.5119463721e-13	
147	2.9400000000e-01	2.9400000000e-01	4.6185277824e-13	
148	2.9600000000e-01	2.9600000000e-01	4.8316906032e-13	
149	2.9800000000e-01	2.9800000000e-01	4.9382720135e-13	
150	3.0000000000e-01	3.0000000000e-01	5.1514348343e-13	
151	3.0200000000e-01	3.0200000000e-01	5.4001247918e-13	
152	3.0400000000e-01	3.0400000000e-01	5.6488147493e-13	
153	3.0600000000e-01	3.0600000000e-01	5.9330318436e-13	
154	3.0800000000e-01	3.0800000000e-01	6.2527760747e-13	
155	3.1000000000e-01	3.1000000000e-01	6.5725203058e-13	
156	3.1200000000e-01	3.1200000000e-01	6.9633188104e-13	
157	3.1400000000e-01	3.1400000000e-01	7.3896444519e-13	
158	3.1600000000e-01	3.1600000000e-01	7.8514972301e-13	
159	3.1800000000e-01	3.1800000000e-01	8.3844042820e-13	
160	3.2000000000e-01	3.2000000000e-01	8.9883656074e-13	
161	3.2200000000e-01	3.2200000000e-01	9.6633812063e-13	
162	3.2400000000e-01	3.2400000000e-01	1.0444978216e-12	
163	3.2600000000e-01	3.2600000000e-01	1.1262102362e-12	
164	3.2800000000e-01	3.2800000000e-01	1.2221335055e-12	
165	3.3000000000e-01	3.3000000000e-01	1.3322676296e-12	
166	3.3200000000e-01	3.3200000000e-01	1.4530598946e-12	
167	3.3400000000e-01	3.3400000000e-01	1.5880630144e-12	
168	3.3600000000e-01	3.3600000000e-01	1.7408297026e-12	
169	3.3800000000e-01	3.3800000000e-01	1.9078072455e-12	
170	3.4000000000e-01	3.4000000000e-01	2.1032064978e-12	
171	3.4200000000e-01	3.4200000000e-01	2.3199220323e-12	
172	3.4400000000e-01	3.4400000000e-01	2.5615065624e-12	
173	3.4600000000e-01	3.4600000000e-01	2.8350655157e-12	
174	3.4800000000e-01	3.4800000000e-01	3.1405988921e-12	
175	3.5000000000e-01	3.5000000000e-01	3.4887648326e-12	
176	3.5200000000e-01	3.5200000000e-01	3.8795633373e-12	
177	3.5400000000e-01	3.5400000000e-01	4.3165471197e-12	
178	3.5600000000e-01	3.5600000000e-01	4.8068216074e-12	
179	3.5800000000e-01	3.5800000000e-01	5.3681503687e-12	
180	3.6000000000e-01	3.6000000000e-01	5.9863225488e-12	
181	3.6200000000e-01	3.6200000000e-01	6.6933125709e-12	
182	3.6400000000e-01	3.6400000000e-01	7.4855677212e-12	
183	3.6600000000e-01	3.6600000000e-01	8.3772988546e-12	
184	3.6800000000e-01	3.6800000000e-01	9.3791641120e-12	
185	3.7000000000e-01	3.7000000000e-01	1.0508927062e-11	
186	3.7200000000e-01	3.7200000000e-01	1.1780798559e-11	
187	3.7400000000e-01	3.7400000000e-01	1.3212542171e-11	
188	3.7600000000e-01	3.7600000000e-01	1.4825474182e-11	
189	3.7800000000e-01	3.7800000000e-01	1.6637358158e-11	
190	3.8000000000e-01	3.8000000000e-01	1.8687273950e-11	
191	3.8200000000e-01	3.8200000000e-01	2.0978774273e-11	
192	3.8400000000e-01	3.8400000000e-01	2.3575807973e-11	
193	3.8600000000e-01	3.8600000000e-01	2.6496138616e-11	
194	3.8800000000e-01	3.8800000000e-01	2.9782398769e-11	
195	3.9000000000e-01	3.9000000000e-01	3.3473668282e-11	
196	3.9200000000e-01	3.9200000000e-01	3.7644554141e-11	
197	3.9400000000e-01	3.9400000000e-01	4.2330583483e-11	
198	3.9600000000e-01	3.9600000000e-01	4.7606363296e-11	
199	3.9800000000e-01	3.9800000000e-01	5.3553605994e-11	
200	4.0000000000e-01	4.0000000000e-01	6.0246918565e-11	
201	4.0200000000e-01	4.0200000000e-01	6.7792882419e-11	
202	4.0400000000e-01	4.0400000000e-01	7.6273209970e-11	
203	4.0600000000e-01	4.0600000000e-01	8.5840667907e-11	
204	4.0800000000e-01	4.0800000000e-01	9.6601837640e-11	
205	4.1000000000e-01	4.1000000000e-01	1.0872369671e-10	
206	4.1200000000e-01	4.1200000000e-01	1.2237322267e-10	
207	4.1400000000e-01	4.1400000000e-01	1.3774226204e-10	
208	4.1600000000e-01	4.1600000000e-01	1.5505108308e-10	
209	4.1800000000e-01	4.1800000000e-01	1.7453771761e-10	
210	4.2000000000e-01	4.2000000000e-01	1.9648993543e-10	
211	4.2200000000e-01	4.2200000000e-01	2.2120616450e-10	
212	4.2400000000e-01	4.2400000000e-01	2.4903812346e-10	
213	4.2600000000e-01	4.2600000000e-01	2.8036595268e-10	
214	4.2800000000e-01	4.2800000000e-01	3.1565861036e-10	
215	4.3000000000e-01	4.3000000000e-01	3.5539571286e-10	
216	4.3200000000e-01	4.3200000000e-01	4.0013503622e-10	
217	4.3400000000e-01	4.3400000000e-01	4.5052317432e-10	
218	4.3600000000e-01	4.3600000000e-01	5.0727066991e-10	
219	4.3800000000e-01	4.3800000000e-01	5.7115912000e-10	
220	4.4000000000e-01	4.4000000000e-01	6.4310157200e-10	
221	4.4200000000e-01	4.4200000000e-01	7.2411765473e-10	
222	4.4400000000e-01	4.4400000000e-01	8.1533713114e-10	
223	4.4600000000e-01	4.4600000000e-01	9.1805674174e-10	
224	4.4800000000e-01	4.4800000000e-01	1.0337259937e-09	
225	4.5000000000e-01	4.5000000000e-01	1.1639897934e-09	
226	4.5200000000e-01	4.5200000000e-01	1.3106529195e-09	
227	4.5400000000e-01	4.5400000000e-01	1.4758079203e-09	
228	4.5600000000e-01	4.5600000000e-01	1.6617782705e-09	
229	4.5800000000e-01	4.5800000000e-01	1.8711752148e-09	
230	4.6000000000e-01	4.6000000000e-01	2.1069723743e-09	
231	4.6200000000e-01	4.6200000000e-01	2.3724808784e-09	
232	4.6400000000e-01	4.6400000000e-01	2.6714488399e-09	
233	4.6600000000e-01	4.6600000000e-01	3.0080862246e-09	
234	4.6800000000e-01	4.6800000000e-01	3.3871394578e-09	
235	4.7000000000e-01	4.7000000000e-01	3.8139518210e-09	
236	4.7200000000e-01	4.7200000000e-01	4.2945345058e-09	
237	4.7400000000e-01	4.7400000000e-01	4.8356696425e-09	
238	4.7600000000e-01	4.7600000000e-01	5.4449671438e-09	
239	4.7800000000e-01	4.7800000000e-01	6.1310245769e-09	
240	4.8000000000e-01	4.8000000000e-01	6.9034840067e-09	
241	4.8200000000e-01	4.8200000000e-01	7.7732273951e-09	
242	4.8400000000e-01	4.8400000000e-01	8.7525116044e-09	
243	4.8600000000e-01	4.8600000000e-01	9.8551105054e-09	
244	4.8800000000e-01	4.8800000000e-01	1.1096553010e-08	
245	4.9000000000e-01	4.9000000000e-01	1.2494293600e-08	
246	4.9200000000e-01	4.9200000000e-01	1.4067996545e-08	
247	4.9400000000e-01	4.9400000000e-01	1.5839802359e-08	
248	4.9600000000e-01	4.9600000000e-01	1.7834626220e-08	
249	4.9800000000e-01	4.9800000000e-01	2.0080488383e-08	
250	5.0000000000e-01	5.0000000000e-01	2.2608965367e-08	
251	5.0200000000e-01	5.0200000000e-01	2.5455573649e-08	
252	5.0400000000e-01	5.0400000000e-01	2.8660291918e-08	
253	5.0600000000e-01	5.0600000000e-01	3.2268108185e-08	
254	5.0800000000e-01	5.0800000000e-01	3.6329655728e-08	
255	5.1000000000e-01	5.1000000000e-01	4.0901920073e-08	
256	5.1200000000e-01	5.1200000000e-01	4.6049006386e-08	
257	5.1400000000e-01	5.1400000000e-01	5.1843070281e-08	
258	5.1600000000e-01	5.1600000000e-01	5.8365298372e-08	
259	5.1800000000e-01	5.1800000000e-01	6.5707006058e-08	
260	5.2000000000e-01	5.2000000000e-01	7.3970969794e-08	
261	5.2200000000e-01	5.2200000000e-01	8.3272798435e-08	
262	5.2400000000e-01	5.2400000000e-01	9.3742542617e-08	
263	5.2600000000e-01	5.2600000000e-01	1.0552647467e-07	
264	5.2800000000e-01	5.2800000000e-01	1.1878917405e-07	
265	5.3000000000e-01	5.3000000000e-01	1.3371568741e-07	
266	5.3200000000e-01	5.3200000000e-01	1.5051414692e-07	
267	5.3400000000e-01	5.3400000000e-01	1.6941861958e-07	
268	5.3600000000e-01	5.3600000000e-01	1.9069229751e-07	
269	5.3800000000e-01	5.3800000000e-01	2.1463106492e-07	
270	5.4000000000e-01	5.4000000000e-01	2.4156763345e-07	
271	5.4200000000e-01	5.4200000000e-01	2.7187595464e-07	
272	5.4400000000e-01	5.4400000000e-01	3.0597638556e-07	
273	5.4600000000e-01	5.4600000000e-01	3.4434133767e-07	
274	5.4800000000e-01	5.4800000000e-01	3.8750172848e-07	
275	5.5000000000e-01	5.5000000000e-01	4.3605403732e-07	
276	5.5200000000e-01	5.5200000000e-01	4.9066846231e-07	
277	5.5400000000e-01	5.5400000000e-01	5.5209775240e-07	
278	5.5600000000e-01	5.5600000000e-01	6.2118743216e-07	
279	5.5800000000e-01	5.5800000000e-01	6.9888691456e-07	
280	5.6000000000e-01	5.6000000000e-01	7.8626223399e-07	
281	5.6200000000e-01	5.6200000000e-01	8.8451002966e-07	
282	5.6400000000e-01	5.6400000000e-01	9.9497341921e-07	
283	5.6600000000e-01	5.6600000000e-01	1.1191595277e-06	
284	5.6800000000e-01	5.6800000000e-01	1.2587591911e-06	
285	5.7000000000e-01	5.7000000000e-01	1.4156689758e-06	
286	5.7200000000e-01	5.7200000000e-01	1.5920156429e-06	
287	5.7400000000e-01	5.7400000000e-01	1.7901835321e-06	
288	5.7600000000e-01	5.7600000000e-01	2.0128450728e-06	
289	5.7800000000e-01	5.7800000000e-01	2.2629947125e-06	
290	5.8000000000e-01	5.8000000000e-01	2.5439867599e-06	
291	5.8200000000e-01	5.8200000000e-01	2.8595775277e-06	
292	5.8400000000e-01	5.8400000000e-01	3.2139720432e-06	
293	5.8600000000e-01	5.8600000000e-01	3.6118760676e-06	
294	5.8800000000e-01	5.8800000000e-01	4.0585538486e-06	
295	5.9000000000e-01	5.9000000000e-01	4.5598921119e-06	
296	5.9200000000e-01	5.9200000000e-01	5.1224710091e-06	
297	5.9400000000e-01	5.9400000000e-01	5.7536426681e-06	
298	5.9600000000e-01	5.9600000000e-01	6.4616180993e-06	
299	5.9800000000e-01	5.9800000000e-01	7.2555632045e-06	
300	6.0000000000e-01	6.0000000000e-01	8.1457046761e-06	
301	6.0200000000e-01	6.0200000000e-01	9.1434469525e-06	
302	6.0400000000e-01	6.0400000000e-01	1.0261500726e-05	
303	6.0600000000e-01	6.0600000000e-01	1.1514024465e-05	
304	6.0800000000e-01	6.0800000000e-01	1.2916779752e-05	
305	6.1000000000e-01	6.1000000000e-01	1.4487301705e-05	
306	6.1200000000e-01	6.1200000000e-01	1.6245085455e-05	
307	6.1400000000e-01	6.1400000000e-01	1.8211790191e-05	
308	6.1600000000e-01	6.1600000000e-01	2.0411461819e-05	
309	6.1800000000e-01	6.1800000000e-01	2.2870775474e-05	
310	6.2000000000e-01	6.2000000000e-01	2.5619299542e-05	
311	6.2200000000e-01	6.2200000000e-01	2.8689782013e-05	
312	6.2400000000e-01	6.2400000000e-01	3.2118461050e-05	
313	6.2600000000e-01	6.2600000000e-01	3.5945400526e-05	
314	6.2800000000e-01	6.2800000000e-01	4.0214852298e-05	
315	6.3000000000e-01	6.3000000000e-01	4.4975646176e-05	
316	6.3200000000e-01	6.3200000000e-01	5.0281608758e-05	
317	6.3400000000e-01	6.3400000000e-01	5.6192012451e-05	
318	6.3600000000e-01	6.3600000000e-01	6.2772055315e-05	
319	6.3800000000e-01	6.3800000000e-01	7.0093372905e-05	
320	6.4000000000e-01	6.4000000000e-01	7.8234582688e-05	
321	6.4200000000e-01	6.4200000000e-01	8.7281861653e-05	
322	6.4400000000e-01	6.4400000000e-01	9.7329557470e-05	
323	6.4600000000e-01	6.4600000000e-01	1.0848083365e-04	
324	6.4800000000e-01	6.4800000000e-01	1.2084834852e-04	
325	6.5000000000e-01	6.5000000000e-01	1.3455496831e-04	
326	6.5200000000e-01	6.5200000000e-01	1.4973451383e-04	
327	6.5400000000e-01	6.5400000000e-01	1.6653254078e-04	
328	6.5600000000e-01	6.5600000000e-01	1.8510715321e-04	
329	6.5800000000e-01	6.5800000000e-01	2.0562984991e-04	
330	6.6000000000e-01	6.6000000000e-01	2.2828640355e-04	
331	6.6200000000e-01	6.6200000000e-01	2.5327777236e-04	
332	6.6400000000e-01	6.6400000000e-01	2.8082104513e-04	
333	6.6600000000e-01	6.6600000000e-01	3.1115041956e-04	
334	6.6800000000e-01	6.6800000000e-01	3.4451821574e-04	
335	6.7000000000e-01	6.7000000000e-01	3.8119592661e-04	
336	6.7200000000e-01	6.7200000000e-01	4.2147530798e-04	
337	6.7400000000e-01	6.7400000000e-01	4.6566951247e-04	
338	6.7600000000e-01	6.7600000000e-01	5.1411427199e-04	
339	6.7800000000e-01	6.7800000000e-01	5.6716913569e-04	
340	6.8000000000e-01	6.8000000000e-01	6.2521877108e-04	
341	6.8200000000e-01	6.8200000000e-01	6.8867433853e-04	
342	6.8400000000e-01	6.8400000000e-01	7.5797495043e-04	
343	6.8600000000e-01	6.8600000000e-01	8.3358922912e-04	
344	6.8800000000e-01	6.8800000000e-01	9.1601697923e-04	
345	6.9000000000e-01	6.9000000000e-01	1.0057909927e-03	
346	6.9200000000e-01	6.9200000000e-01	1.1034790072e-03	
347	6.9400000000e-01	6.9400000000e-01	1.2096858400e-03	
348	6.9600000000e-01	6.9600000000e-01	1.3250557245e-03	
349	6.9800000000e-01	6.9800000000e-01	1.4502748758e-03	
350	7.0000000000e-01	7.0000000000e-01	1.5860743166e-03	
351	7.0200000000e-01	7.0200000000e-01	1.7332329975e-03	
352	7.0400000000e-01	7.0400000000e-01	1.8925812469e-03	
353	7.0600000000e-01	7.0600000000e-01	2.0650045904e-03	
354	7.0800000000e-01	7.0800000000e-01	2.2514479820e-03	
355	7.1000000000e-01	7.1000000000e-01	2.4529204924e-03	
356	7.1200000000e-01	7.1200000000e-01	2.6705005045e-03	
357	7.1400000000e-01	7.1400000000e-01	2.9053414676e-03	
358	7.1600000000e-01	7.1600000000e-01	3.1586782704e-03	
359	7.1800000000e-01	7.1800000000e-01	3.4318342924e-03	
360	7.2000000000e-01	7.2000000000e-01	3.7262292037e-03	
361	7.2200000000e-01	7.2200000000e-01	4.0433875855e-03	
362	7.2400000000e-01	7.2400000000e-01	4.3849484528e-03	
363	7.2600000000e-01	7.2600000000e-01	4.7526757668e-03	
364	7.2800000000e-01	7.2800000000e-01	5.1484700338e-03	
365	7.3000000000e-01	7.3000000000e-01	5.5743810967e-03	
366	7.3200000000e-01	7.3200000000e-01	6.0326222349e-03	
367	7.3400000000e-01	7.3400000000e-01	6.5255857022e-03	
368	7.3600000000e-01	7.3600000000e-01	7.0558598410e-03	
369	7.3800000000e-01	7.3800000000e-01	7.6262479299e-03	
370	7.4000000000e-01	7.4000000000e-01	8.2397889319e-03	
371	7.4200000000e-01	7.4200000000e-01	8.8997803311e-03	
372	7.4400000000e-01	7.4400000000e-01	9.6098032590e-03	
373	7.4600000000e-01	7.4600000000e-01	1.0373750134e-02	
374	7.4800000000e-01	7.4800000000e-01	1.1195855052e-02	
375	7.5000000000e-01	7.5000000000e-01	1.2080727194e-02	
376	7.5200000000e-01	7.5200000000e-01	1.3033387523e-02	
377	7.5400000000e-01	7.5400000000e-01	1.4059309083e-02	
378	7.5600000000e-01	7.5600000000e-01	1.5164461212e-02	
379	7.5800000000e-01	7.5800000000e-01	1.6355358013e-02	
380	7.6000000000e-01	7.6000000000e-01	1.7639111445e-02	
381	7.6200000000e-01	7.6200000000e-01	1.9023489395e-02	
382	7.6400000000e-01	7.6400000000e-01	2.0516979123e-02	
383	7.6600000000e-01	7.6600000000e-01	2.2128856448e-02	
384	7.6800000000e-01	7.6800000000e-01	2.3869261074e-02	
385	7.7000000000e-01	7.7000000000e-01	2.5749278397e-02	
386	7.7200000000e-01	7.7200000000e-01	2.7781028146e-02	
387	7.7400000000e-01	7.7400000000e-01	2.9977760129e-02	
388	7.7600000000e-01	7.7600000000e-01	3.2353957307e-02	
389	7.7800000000e-01	7.7800000000e-01	3.4925446323e-02	
390	7.8000000000e-01	7.8000000000e-01	3.7709515481e-02	
391	7.8200000000e-01	7.8200000000e-01	4.0725039999e-02	
392	7.8400000000e-01	7.8400000000e-01	4.3992614177e-02	
393	7.8600000000e-01	7.8600000000e-01	4.7534689829e-02	
394	7.8800000000e-01	7.8800000000e-01	5.1375720031e-02	
395	7.9000000000e-01	7.9000000000e-01	5.5542306862e-02	
396	7.9200000000e-01	7.9200000000e-01	6.0063351334e-02	
397	7.9400000000e-01	7.9400000000e-01	6.4970203227e-02	
398	7.9600000000e-01	7.9600000000e-01	7.0296807912e-02	
399	7.9800000000e-01	7.9800000000e-01	7.6079846613e-02	
400	8.0000000000e-01	8.0000000000e-01	8.2358865830e-02	
401	8.0200000000e-01	8.0200000000e-01	8.9176390894e-02	
402	8.0400000000e-01	8.0400000000e-01	9.6578017851e-02	
403	8.0600000000e-01	8.0600000000e-01	1.0461247717e-01	
404	8.0800000000e-01	8.0800000000e-01	1.1333166209e-01	
405	8.1000000000e-01	8.1000000000e-01	1.2279061391e-01	
406	8.1200000000e-01	8.1200000000e-01	1.3304745635e-01	
407	8.1400000000e-01	8.1400000000e-01	1.4416327095e-01	
408	8.1600000000e-01	8.1600000000e-01	1.5620190611e-01	
409	8.1800000000e-01	8.1800000000e-01	1.6922971320e-01	
410	8.2000000000e-01	8.2000000000e-01	1.8331520457e-01	
411	8.2200000000e-01	8.2200000000e-01	1.9852863052e-01	
412	8.2400000000e-01	8.2400000000e-01	2.1494147480e-01	
413	8.2600000000e-01	8.2600000000e-01	2.3262587150e-01	
414	8.2800000000e-01	8.2800000000e-01	2.5165394992e-01	
415	8.3000000000e-01	8.3000000000e-01	2.7209711765e-01	
416	8.3200000000e-01	8.3200000000e-01	2.9402529641e-01	
417	8.3400000000e-01	8.3400000000e-01	3.1750612839e-01	
418	8.3600000000e-01	8.3600000000e-01	3.4260417435e-01	
419	8.3800000000e-01	8.3800000000e-01	3.6938012632e-01	
420	8.4000000000e-01	8.4000000000e-01	3.9789005922e-01	
421	8.4200000000e-01	8.4200000000e-01	4.2818474509e-01	
422	8.4400000000e-01	8.4400000000e-01	4.6030905182e-01	
423	8.4600000000e-01	8.4600000000e-01	4.9430144526e-01	
424	8.4800000000e-01	8.4800000000e-01	5.3019360941e-01	
425	8.5000000000e-01	8.5000000000e-01	5.6801019420e-01	
426	8.5200000000e-01	8.5200000000e-01	6.0776869491e-01	
427	8.5400000000e-01	8.5400000000e-01	6.4947946185e-01	
428	8.5600000000e-01	8.5600000000e-01	6.9314583369e-01	
429	8.5800000000e-01	8.5800000000e-01	7.3876438344e-01	
430	8.6000000000e-01	8.6000000000e-01	7.8632526252e-01	
431	8.6200000000e-01	8.6200000000e-01	8.3581262613e-01	
432	8.6400000000e-01	8.6400000000e-01	8.8720512167e-01	
433	8.6600000000e-01	8.6600000000e-01	9.4047642186e-01	
434	8.6800000000e-01	8.6800000000e-01	9.9559578492e-01	
435	8.7000000000e-01	8.7000000000e-01	1.0525286254e+00	
436	8.7200000000e-01	8.7200000000e-01	1.1112370816e+00	
437	8.7400000000e-01	8.7400000000e-01	1.1716805671e+00	
438	8.7600000000e-01	8.7600000000e-01	1.2338162971e+00	
439	8.7800000000e-01	8.7800000000e-01	1.2975997817e+00	
440	8.8000000000e-01	8.8000000000e-01	1.3629852817e+00	
441	8.8200000000e-01	8.8200000000e-01	1.4299262229e+00	
442	8.8400000000e-01	8.8400000000e-01	1.4983755678e+00	
443	8.8600000000e-01	8.8600000000e-01	1.5682861447e+00	
444	8.8800000000e-01	8.8800000000e-01	1.6396109349e+00	
445	8.9000000000e-01	8.9000000000e-01	1.7123033203e+00	
446	8.9200000000e-01	8.9200000000e-01	1.7863172929e+00	
447	8.9400000000e-01	8.9400000000e-01	1.8616076308e+00	
448	8.9600000000e-01	8.9600000000e-01	1.9381300419e+00	
449	8.9800000000e-01	8.9800000000e-01	2.0158412794e+00	
450	9.0000000000e-01	9.0000000000e-01	2.0946992322e+00	
451	9.0200000000e-01	9.0200000000e-01	2.1746629928e+00	
452	9.0400000000e-01	9.0400000000e-01	2.2556929065e+00	
453	9.0600000000e-01	9.0600000000e-01	2.3377506031e+00	
454	9.0800000000e-01	9.0800000000e-01	2.4207990147e+00	
455	9.1000000000e-01	9.1000000000e-01	2.5048023811e+00	
456	9.1200000000e-01	9.1200000000e-01	2.5897262459e+00	
457	9.1400000000e-01	9.1400000000e-01	2.6755374429e+00	
458	9.1600000000e-01	9.1600000000e-01	2.7622040767e+00	
459	9.1800000000e-01	9.1800000000e-01	2.8496954976e+00	
460	9.2000000000e-01	9.2000000000e-01	2.9379822715e+00	
461	9.2200000000e-01	9.2200000000e-01	3.0270361475e+00	
462	9.2400000000e-01	9.2400000000e-01	3.1168300223e+00	
463	9.2600000000e-01	9.2600000000e-01	3.2073379029e+00	
464	9.2800000000e-01	9.2800000000e-01	3.2985348683e+00	
465	9.3000000000e-01	9.3000000000e-01	3.3903970306e+00	
466	9.3200000000e-01	9.3200000000e-01	3.4829014959e+00	
467	9.3400000000e-01	9.3400000000e-01	3.5760263249e+00	
468	9.3600000000e-01	9.3600000000e-01	3.6697504947e+00	
469	9.3800000000e-01	9.3800000000e-01	3.7640538602e+00	
470	9.4000000000e-01	9.4000000000e-01	3.8589171176e+00	
471	9.4200000000e-01	9.4200000000e-01	3.9543217676e+00	
472	9.4400000000e-01	9.4400000000e-01	4.0502500804e+00	
473	9.4600000000e-01	9.4600000000e-01	4.1466850617e+00	
474	9.4800000000e-01	9.4800000000e-01	4.2436104196e+00	
475	9.5000000000e-01	9.5000000000e-01	4.3410105334e+00	
476	9.5200000000e-01	9.5200000000e-01	4.4388704227e+00	
477	9.5400000000e-01	9.5400000000e-01	4.5371757184e+00	
478	9.5600000000e-01	9.5600000000e-01	4.6359126349e+00	
479	9.5800000000e-01	9.5800000000e-01	4.7350679431e+00	
480	9.6000000000e-01	9.6000000000e-01	4.8346289448e+00	
481	9.6200000000e-01	9.6200000000e-01	4.9345834486e+00	
482	9.6400000000e-01	9.6400000000e-01	5.0349197464e+00	
483	9.6600000000e-01	9.6600000000e-01	5.1356265913e+00	
484	9.6800000000e-01	9.6800000000e-01	5.2366931762e+00	
485	9.7000000000e-01	9.7000000000e-01	5.3381091139e+00	
486	9.7200000000e-01	9.7200000000e-01	5.4398644180e+00	
487	9.7400000000e-01	9.7400000000e-01	5.5419494844e+00	
488	9.7600000000e-01	9.7600000000e-01	5.6443550740e+00	
489	9.7800000000e-01	9.7800000000e-01	5.7470722965e+00	
490	9.8000000000e-01	9.8000000000e-01	5.8500925941e+00	
491	9.8200000000e-01	9.8200000000e-01	5.9534077273e+00	
492	9.8400000000e-01	9.8400000000e-01	6.0570097601e+00	
493	9.8600000000e-01	9.8600000000e-01	6.1608910469e+00	
494	9.8800000000e-01	9.8800000000e-01	6.2650442193e+00	
495	9.9000000000e-01	9.9000000000e-01	6.3694621744e+00	
496	9.9200000000e-01	9.9200000000e-01	6.4741380627e+00	
497	9.9400000000e-01	9.9400000000e-01	6.5790652776e+00	
498	9.9600000000e-01	9.9600000000e-01	6.6842374442e+00	
499	9.9800000000e-01	9.9800000000e-01	6.7896484103e+00	
500	1.0000000000e+00	1.0000000000e+00	6.8952922358e+00	
ngspice-46 done
Warning: diode_pd2nw_06v0: IKR too small - model effect disabled!
