* ====================================================================
* record-id : 20260821-134653-804155b
* testbench : tb_low_side_power_switch.spice (sim/low-side-power-switch, reused verbatim)
* corner    : tt_27c_nosupply
* supply    : n/a (no supply rail in this device-level testbench)
* mismatch  : none -- plain deck (sw_stat_mismatch=0 by the gf180mcu design.ngspice default). This is negative-control leg 1: the zero-sigma control logged alongside it must match this run exactly.
* pdk       : gf180mcuD (/home/ubuntu/.volare/gf180mcuD)
* ngspice   : ngspice-46 : Circuit level simulation program
* run (UTC) : 2026-08-21T13:46:53Z
* ====================================================================

Note: No compatibility mode selected!


Circuit: *include "corner.spice

Doing analysis at TEMP = 27.000000 and TNOM = 27.000000

Using SPARSE 1.3 as Direct Linear Solver

No. of Data Rows : 101
                                                                                                                                                                                                                                                     *include "corner.spice
                                                                                                                                                                                                                                                     DC transfer characteristic  Fri Aug 21 13:46:57  2026
--------------------------------------------------------------------------------------------------------------------------------------------------------------------------------------------------------------------------------------------------------------------------------------------------------------------------------------------------------------------------------------------------------------------------------------------------------------------------------------------------------------------------------
Index   v-sweep         v(vfracds)      ioc_n06_glo     ioc_n06_gmid    ioc_n06_ghi     
--------------------------------------------------------------------------------------------------------------------------------------------------------------------------------------------------------------------------------------------------------------------------------------------------------------------------------------------------------------------------------------------------------------------------------------------------------------------------------------------------------------------------------
0	0.0000000000e+00	0.0000000000e+00	-0.0000000000e+00	-0.0000000000e+00	-0.0000000000e+00	
1	1.0000000000e-02	1.0000000000e-02	2.3744554282e-04	2.6657730409e-04	2.9667901949e-04	
2	2.0000000000e-02	2.0000000000e-02	4.5939618074e-04	5.1772789972e-04	5.7840579920e-04	
3	3.0000000000e-02	3.0000000000e-02	6.6658531949e-04	7.5414692679e-04	8.4580505943e-04	
4	4.0000000000e-02	4.0000000000e-02	8.5970013605e-04	9.7648785996e-04	1.0994668567e-03	
5	5.0000000000e-02	5.0000000000e-02	1.0393845787e-03	1.1853650906e-03	1.3399486000e-03	
6	6.0000000000e-02	6.0000000000e-02	1.2062421448e-03	1.3813562867e-03	1.5677768686e-03	
7	7.0000000000e-02	7.0000000000e-02	1.3608385533e-03	1.5650046669e-03	1.7834491352e-03	
8	8.0000000000e-02	8.0000000000e-02	1.5037042664e-03	1.7368212310e-03	1.9874354597e-03	
9	9.0000000000e-02	9.0000000000e-02	1.6353366526e-03	1.8972869055e-03	2.1801801735e-03	
10	1.0000000000e-01	1.0000000000e-01	1.7562013932e-03	2.0468544791e-03	2.3621035342e-03	
11	1.1000000000e-01	1.1000000000e-01	1.8667324303e-03	2.1859501208e-03	2.5336032978e-03	
12	1.2000000000e-01	1.2000000000e-01	1.9673291398e-03	2.3149741541e-03	2.6950561293e-03	
13	1.3000000000e-01	1.3000000000e-01	2.0583481267e-03	2.4343005313e-03	2.8468187363e-03	
14	1.4000000000e-01	1.4000000000e-01	2.1400845536e-03	2.5442740018e-03	2.9892285606e-03	
15	1.5000000000e-01	1.5000000000e-01	2.2127346618e-03	2.6452030455e-03	3.1226037665e-03	
16	1.6000000000e-01	1.6000000000e-01	2.2763357593e-03	2.7373448559e-03	3.2472420859e-03	
17	1.7000000000e-01	1.7000000000e-01	2.3307325583e-03	2.8208757947e-03	3.3634177250e-03	
18	1.8000000000e-01	1.8000000000e-01	2.3757690116e-03	2.8958391594e-03	3.4713748625e-03	
19	1.9000000000e-01	1.9000000000e-01	2.4118571379e-03	2.9620771655e-03	3.5713150136e-03	
20	2.0000000000e-01	2.0000000000e-01	2.4403317337e-03	3.0192310591e-03	3.6633734758e-03	
21	2.1000000000e-01	2.1000000000e-01	2.4629789760e-03	3.0670240727e-03	3.7475779766e-03	
22	2.2000000000e-01	2.2000000000e-01	2.4813909127e-03	3.1058450824e-03	3.8237865495e-03	
23	2.3000000000e-01	2.3000000000e-01	2.4967410489e-03	3.1369805611e-03	3.8916335766e-03	
24	2.4000000000e-01	2.4000000000e-01	2.5098379521e-03	3.1621247287e-03	3.9506039993e-03	
25	2.5000000000e-01	2.5000000000e-01	2.5212341605e-03	3.1828097522e-03	4.0004061194e-03	
26	2.6000000000e-01	2.6000000000e-01	2.5313133406e-03	3.2001991103e-03	4.0414805201e-03	
27	2.7000000000e-01	2.7000000000e-01	2.5403483869e-03	3.2151194845e-03	4.0750579134e-03	
28	2.8000000000e-01	2.8000000000e-01	2.5485383866e-03	3.2281506992e-03	4.1026845494e-03	
29	2.9000000000e-01	2.9000000000e-01	2.5560321108e-03	3.2397037412e-03	4.1257664636e-03	
30	3.0000000000e-01	3.0000000000e-01	2.5629431836e-03	3.2500756368e-03	4.1454021017e-03	
31	3.1000000000e-01	3.1000000000e-01	2.5693600929e-03	3.2594857746e-03	4.1623983223e-03	
32	3.2000000000e-01	3.2000000000e-01	2.5753529537e-03	3.2680996913e-03	4.1773385080e-03	
33	3.3000000000e-01	3.3000000000e-01	2.5809781823e-03	3.2760447894e-03	4.1906468465e-03	
34	3.4000000000e-01	3.4000000000e-01	2.5862817956e-03	3.2834209012e-03	4.2026363391e-03	
35	3.5000000000e-01	3.5000000000e-01	2.5913017875e-03	3.2903075287e-03	4.2135420958e-03	
36	3.6000000000e-01	3.6000000000e-01	2.5960698708e-03	3.2967689060e-03	4.2235439594e-03	
37	3.7000000000e-01	3.7000000000e-01	2.6006127759e-03	3.3028576084e-03	4.2327819053e-03	
38	3.8000000000e-01	3.8000000000e-01	2.6049532331e-03	3.3086171708e-03	4.2413666425e-03	
39	3.9000000000e-01	3.9000000000e-01	2.6091107264e-03	3.3140840208e-03	4.2493870241e-03	
40	4.0000000000e-01	4.0000000000e-01	2.6131020795e-03	3.3192889281e-03	4.2569153143e-03	
41	4.1000000000e-01	4.1000000000e-01	2.6169419158e-03	3.3242581062e-03	4.2640109942e-03	
42	4.2000000000e-01	4.2000000000e-01	2.6206430247e-03	3.3290140606e-03	4.2707235567e-03	
43	4.3000000000e-01	4.3000000000e-01	2.6242166556e-03	3.3335762513e-03	4.2770945897e-03	
44	4.4000000000e-01	4.4000000000e-01	2.6276727577e-03	3.3379616145e-03	4.2831593512e-03	
45	4.5000000000e-01	4.5000000000e-01	2.6310201773e-03	3.3421849791e-03	4.2889479761e-03	
46	4.6000000000e-01	4.6000000000e-01	2.6342668228e-03	3.3462594022e-03	4.2944864118e-03	
47	4.7000000000e-01	4.7000000000e-01	2.6374198065e-03	3.3501964435e-03	4.2997971519e-03	
48	4.8000000000e-01	4.8000000000e-01	2.6404855682e-03	3.3540063920e-03	4.3048998189e-03	
49	4.9000000000e-01	4.9000000000e-01	2.6434699867e-03	3.3576984573e-03	4.3098116299e-03	
50	5.0000000000e-01	5.0000000000e-01	2.6463784842e-03	3.3612809339e-03	4.3145477755e-03	
51	5.1000000000e-01	5.1000000000e-01	2.6492161265e-03	3.3647613468e-03	4.3191217301e-03	
52	5.2000000000e-01	5.2000000000e-01	2.6519877228e-03	3.3681465842e-03	4.3235455108e-03	
53	5.3000000000e-01	5.3000000000e-01	2.6546979275e-03	3.3714430225e-03	4.3278298974e-03	
54	5.4000000000e-01	5.4000000000e-01	2.6573513467e-03	3.3746566485e-03	4.3319846237e-03	
55	5.5000000000e-01	5.5000000000e-01	2.6599526498e-03	3.3777931827e-03	4.3360185492e-03	
56	5.6000000000e-01	5.6000000000e-01	2.6625066884e-03	3.3808582056e-03	4.3399398174e-03	
57	5.7000000000e-01	5.7000000000e-01	2.6650186228e-03	3.3838572914e-03	4.3437560089e-03	
58	5.8000000000e-01	5.8000000000e-01	2.6674940558e-03	3.3867961493e-03	4.3474742918e-03	
59	5.9000000000e-01	5.9000000000e-01	2.6699391741e-03	3.3896807735e-03	4.3511015764e-03	
60	6.0000000000e-01	6.0000000000e-01	2.6723608967e-03	3.3925176044e-03	4.3546446762e-03	
61	6.1000000000e-01	6.1000000000e-01	2.6747670287e-03	3.3953136986e-03	4.3581104780e-03	
62	6.2000000000e-01	6.2000000000e-01	2.6771664202e-03	3.3980769084e-03	4.3615061243e-03	
63	6.3000000000e-01	6.3000000000e-01	2.6795691280e-03	3.4008160709e-03	4.3648392074e-03	
64	6.4000000000e-01	6.4000000000e-01	2.6819865798e-03	3.4035412029e-03	4.3681179771e-03	
65	6.5000000000e-01	6.5000000000e-01	2.6844317378e-03	3.4062637023e-03	4.3713515613e-03	
66	6.6000000000e-01	6.6000000000e-01	2.6869192612e-03	3.4089965534e-03	4.3745501982e-03	
67	6.7000000000e-01	6.7000000000e-01	2.6894656653e-03	3.4117545333e-03	4.3777254797e-03	
68	6.8000000000e-01	6.8000000000e-01	2.6920894761e-03	3.4145544191e-03	4.3808906034e-03	
69	6.9000000000e-01	6.9000000000e-01	2.6948113782e-03	3.4174151917e-03	4.3840606313e-03	
70	7.0000000000e-01	7.0000000000e-01	2.6976543561e-03	3.4203582356e-03	4.3872527527e-03	
71	7.1000000000e-01	7.1000000000e-01	2.7006438249e-03	3.4234075325e-03	4.3904865487e-03	
72	7.2000000000e-01	7.2000000000e-01	2.7038077528e-03	3.4265898461e-03	4.3937842560e-03	
73	7.3000000000e-01	7.3000000000e-01	2.7071767712e-03	3.4299348969e-03	4.3971710261e-03	
74	7.4000000000e-01	7.4000000000e-01	2.7107842743e-03	3.4334755256e-03	4.4006751788e-03	
75	7.5000000000e-01	7.5000000000e-01	2.7146665051e-03	3.4372478434e-03	4.4043284460e-03	
76	7.6000000000e-01	7.6000000000e-01	2.7188626298e-03	3.4412913679e-03	4.4081662045e-03	
77	7.7000000000e-01	7.7000000000e-01	2.7234147987e-03	3.4456491442e-03	4.4122276952e-03	
78	7.8000000000e-01	7.8000000000e-01	2.7283681933e-03	3.4503678504e-03	4.4165562265e-03	
79	7.9000000000e-01	7.9000000000e-01	2.7337710616e-03	3.4554978859e-03	4.4211993609e-03	
80	8.0000000000e-01	8.0000000000e-01	2.7396747389e-03	3.4610934442e-03	4.4262090824e-03	
81	8.1000000000e-01	8.1000000000e-01	2.7461336564e-03	3.4672125685e-03	4.4316419454e-03	
82	8.2000000000e-01	8.2000000000e-01	2.7532053381e-03	3.4739171898e-03	4.4375592014e-03	
83	8.3000000000e-01	8.3000000000e-01	2.7609503840e-03	3.4812731501e-03	4.4440269063e-03	
84	8.4000000000e-01	8.4000000000e-01	2.7694324434e-03	3.4893502078e-03	4.4511160050e-03	
85	8.5000000000e-01	8.5000000000e-01	2.7787181765e-03	3.4982220285e-03	4.4589023948e-03	
86	8.6000000000e-01	8.6000000000e-01	2.7888772055e-03	3.5079661604e-03	4.4674669681e-03	
87	8.7000000000e-01	8.7000000000e-01	2.7999820565e-03	3.5186639950e-03	4.4768956327e-03	
88	8.8000000000e-01	8.8000000000e-01	2.8121080925e-03	3.5304007146e-03	4.4872793129e-03	
89	8.9000000000e-01	8.9000000000e-01	2.8253334377e-03	3.5432652263e-03	4.4987139296e-03	
90	9.0000000000e-01	9.0000000000e-01	2.8397388944e-03	3.5573500846e-03	4.5113003620e-03	
91	9.1000000000e-01	9.1000000000e-01	2.8554078535e-03	3.5727514025e-03	4.5251443903e-03	
92	9.2000000000e-01	9.2000000000e-01	2.8724261986e-03	3.5895687527e-03	4.5403566224e-03	
93	9.3000000000e-01	9.3000000000e-01	2.8908822045e-03	3.6079050587e-03	4.5570524027e-03	
94	9.4000000000e-01	9.4000000000e-01	2.9108664313e-03	3.6278664788e-03	4.5753517077e-03	
95	9.5000000000e-01	9.5000000000e-01	2.9324716149e-03	3.6495622815e-03	4.5953790259e-03	
96	9.6000000000e-01	9.6000000000e-01	2.9557925531e-03	3.6731047147e-03	4.6172632265e-03	
97	9.7000000000e-01	9.7000000000e-01	2.9809259898e-03	3.6986088696e-03	4.6411374157e-03	
98	9.8000000000e-01	9.8000000000e-01	3.0079704970e-03	3.7261925391e-03	4.6671387826e-03	
99	9.9000000000e-01	9.9000000000e-01	3.0370263545e-03	3.7559760723e-03	4.6954084363e-03	
100	1.0000000000e+00	1.0000000000e+00	3.0681954296e-03	3.7880822267e-03	4.7260912350e-03	
                                                                                                                                                                                                                                                     *include "corner.spice
                                                                                                                                                                                                                                                     DC transfer characteristic  Fri Aug 21 13:46:57  2026
--------------------------------------------------------------------------------------------------------------------------------------------------------------------------------------------------------------------------------------------------------------------------------------------------------------------------------------------------------------------------------------------------------------------------------------------------------------------------------------------------------------------------------
Index   v-sweep         v(vfracds)      ioc_p06_glo     ioc_p06_gmid    ioc_p06_ghi     
--------------------------------------------------------------------------------------------------------------------------------------------------------------------------------------------------------------------------------------------------------------------------------------------------------------------------------------------------------------------------------------------------------------------------------------------------------------------------------------------------------------------------------
0	0.0000000000e+00	0.0000000000e+00	-0.0000000000e+00	-0.0000000000e+00	-0.0000000000e+00	
1	1.0000000000e-02	1.0000000000e-02	-7.114113928e-05	-8.104289916e-05	-9.240169359e-05	
2	2.0000000000e-02	2.0000000000e-02	-1.394999428e-04	-1.593866910e-04	-1.822138574e-04	
3	3.0000000000e-02	3.0000000000e-02	-2.051175578e-04	-2.350689372e-04	-2.694699830e-04	
4	4.0000000000e-02	4.0000000000e-02	-2.680343343e-04	-3.081265110e-04	-3.542029896e-04	
5	5.0000000000e-02	5.0000000000e-02	-3.282898464e-04	-3.785956131e-04	-4.364452364e-04	
6	6.0000000000e-02	6.0000000000e-02	-3.859229129e-04	-4.465117884e-04	-5.162285346e-04	
7	7.0000000000e-02	7.0000000000e-02	-4.409716188e-04	-5.119099409e-04	-5.935841589e-04	
8	8.0000000000e-02	8.0000000000e-02	-4.934733370e-04	-5.748243501e-04	-6.685428591e-04	
9	9.0000000000e-02	9.0000000000e-02	-5.434647505e-04	-6.352886860e-04	-7.411348715e-04	
10	1.0000000000e-01	1.0000000000e-01	-5.909818767e-04	-6.933360252e-04	-8.113899300e-04	
11	1.1000000000e-01	1.1000000000e-01	-6.360600928e-04	-7.489988664e-04	-8.793372768e-04	
12	1.2000000000e-01	1.2000000000e-01	-6.787341651e-04	-8.023091474e-04	-9.450056739e-04	
13	1.3000000000e-01	1.3000000000e-01	-7.190382826e-04	-8.532982613e-04	-1.008423414e-03	
14	1.4000000000e-01	1.4000000000e-01	-7.570060979e-04	-9.019970752e-04	-1.069618331e-03	
15	1.5000000000e-01	1.5000000000e-01	-7.926707790e-04	-9.484359486e-04	-1.128617813e-03	
16	1.6000000000e-01	1.6000000000e-01	-8.260650790e-04	-9.926447551e-04	-1.185448810e-03	
17	1.7000000000e-01	1.7000000000e-01	-8.572214342e-04	-1.034652906e-03	-1.240137850e-03	
18	1.8000000000e-01	1.8000000000e-01	-8.861721105e-04	-1.074489376e-03	-1.292711046e-03	
19	1.9000000000e-01	1.9000000000e-01	-9.129494319e-04	-1.112182742e-03	-1.343194111e-03	
20	2.0000000000e-01	2.0000000000e-01	-9.375861561e-04	-1.147761220e-03	-1.391612369e-03	
21	2.1000000000e-01	2.1000000000e-01	-9.601161204e-04	-1.181252723e-03	-1.437990771e-03	
22	2.2000000000e-01	2.2000000000e-01	-9.805754041e-04	-1.212684941e-03	-1.482353904e-03	
23	2.3000000000e-01	2.3000000000e-01	-9.990044948e-04	-1.242085448e-03	-1.524726011e-03	
24	2.4000000000e-01	2.4000000000e-01	-1.015452416e-03	-1.269481876e-03	-1.565131002e-03	
25	2.5000000000e-01	2.5000000000e-01	-1.029984451e-03	-1.294902175e-03	-1.603592480e-03	
26	2.6000000000e-01	2.6000000000e-01	-1.042695245e-03	-1.318375057e-03	-1.640133757e-03	
27	2.7000000000e-01	2.7000000000e-01	-1.053725598e-03	-1.339930754e-03	-1.674777876e-03	
28	2.8000000000e-01	2.8000000000e-01	-1.063271127e-03	-1.359602392e-03	-1.707547648e-03	
29	2.9000000000e-01	2.9000000000e-01	-1.071565765e-03	-1.377428585e-03	-1.738465674e-03	
30	3.0000000000e-01	3.0000000000e-01	-1.078844078e-03	-1.393458340e-03	-1.767554391e-03	
31	3.1000000000e-01	3.1000000000e-01	-1.085309675e-03	-1.407759800e-03	-1.794836108e-03	
32	3.2000000000e-01	3.2000000000e-01	-1.091124585e-03	-1.420432950e-03	-1.820333063e-03	
33	3.3000000000e-01	3.3000000000e-01	-1.096413018e-03	-1.431620364e-03	-1.844067490e-03	
34	3.4000000000e-01	3.4000000000e-01	-1.101269497e-03	-1.441503673e-03	-1.866061783e-03	
35	3.5000000000e-01	3.5000000000e-01	-1.105766487e-03	-1.450281471e-03	-1.886338966e-03	
36	3.6000000000e-01	3.6000000000e-01	-1.109960268e-03	-1.458142437e-03	-1.904924145e-03	
37	3.7000000000e-01	3.7000000000e-01	-1.113895208e-03	-1.465248945e-03	-1.921848569e-03	
38	3.8000000000e-01	3.8000000000e-01	-1.117606792e-03	-1.471733149e-03	-1.937158686e-03	
39	3.9000000000e-01	3.9000000000e-01	-1.121123796e-03	-1.477700013e-03	-1.950930239e-03	
40	4.0000000000e-01	4.0000000000e-01	-1.124469843e-03	-1.483232423e-03	-1.963279610e-03	
41	4.1000000000e-01	4.1000000000e-01	-1.127664552e-03	-1.488396098e-03	-1.974360180e-03	
42	4.2000000000e-01	4.2000000000e-01	-1.130724383e-03	-1.493243591e-03	-1.984342829e-03	
43	4.3000000000e-01	4.3000000000e-01	-1.133663276e-03	-1.497817372e-03	-1.993393665e-03	
44	4.4000000000e-01	4.4000000000e-01	-1.136493135e-03	-1.502152133e-03	-2.001660026e-03	
45	4.5000000000e-01	4.5000000000e-01	-1.139224204e-03	-1.506276517e-03	-2.009265871e-03	
46	4.6000000000e-01	4.6000000000e-01	-1.141865361e-03	-1.510214407e-03	-2.016312823e-03	
47	4.7000000000e-01	4.7000000000e-01	-1.144424349e-03	-1.513985907e-03	-2.022883415e-03	
48	4.8000000000e-01	4.8000000000e-01	-1.146907959e-03	-1.517608083e-03	-2.029044664e-03	
49	4.9000000000e-01	4.9000000000e-01	-1.149322184e-03	-1.521095537e-03	-2.034851250e-03	
50	5.0000000000e-01	5.0000000000e-01	-1.151672332e-03	-1.524460858e-03	-2.040348110e-03	
51	5.1000000000e-01	5.1000000000e-01	-1.153963133e-03	-1.527714965e-03	-2.045572477e-03	
52	5.2000000000e-01	5.2000000000e-01	-1.156198814e-03	-1.530867394e-03	-2.050555460e-03	
53	5.3000000000e-01	5.3000000000e-01	-1.158383174e-03	-1.533926518e-03	-2.055323269e-03	
54	5.4000000000e-01	5.4000000000e-01	-1.160519632e-03	-1.536899724e-03	-2.059898160e-03	
55	5.5000000000e-01	5.5000000000e-01	-1.162611282e-03	-1.539793566e-03	-2.064299176e-03	
56	5.6000000000e-01	5.6000000000e-01	-1.164660931e-03	-1.542613883e-03	-2.068542719e-03	
57	5.7000000000e-01	5.7000000000e-01	-1.166671133e-03	-1.545365899e-03	-2.072643012e-03	
58	5.8000000000e-01	5.8000000000e-01	-1.168644218e-03	-1.548054305e-03	-2.076612463e-03	
59	5.9000000000e-01	5.9000000000e-01	-1.170582319e-03	-1.550683330e-03	-2.080461954e-03	
60	6.0000000000e-01	6.0000000000e-01	-1.172487394e-03	-1.553256799e-03	-2.084201084e-03	
61	6.1000000000e-01	6.1000000000e-01	-1.174361242e-03	-1.555778183e-03	-2.087838356e-03	
62	6.2000000000e-01	6.2000000000e-01	-1.176205525e-03	-1.558250642e-03	-2.091381337e-03	
63	6.3000000000e-01	6.3000000000e-01	-1.178021779e-03	-1.560677059e-03	-2.094836793e-03	
64	6.4000000000e-01	6.4000000000e-01	-1.179811432e-03	-1.563060073e-03	-2.098210794e-03	
65	6.5000000000e-01	6.5000000000e-01	-1.181575811e-03	-1.565402108e-03	-2.101508805e-03	
66	6.6000000000e-01	6.6000000000e-01	-1.183316162e-03	-1.567705392e-03	-2.104735767e-03	
67	6.7000000000e-01	6.7000000000e-01	-1.185033656e-03	-1.569971981e-03	-2.107896159e-03	
68	6.8000000000e-01	6.8000000000e-01	-1.186729404e-03	-1.572203780e-03	-2.110994054e-03	
69	6.9000000000e-01	6.9000000000e-01	-1.188404469e-03	-1.574402557e-03	-2.114033167e-03	
70	7.0000000000e-01	7.0000000000e-01	-1.190059880e-03	-1.576569961e-03	-2.117016894e-03	
71	7.1000000000e-01	7.1000000000e-01	-1.191696647e-03	-1.578707535e-03	-2.119948351e-03	
72	7.2000000000e-01	7.2000000000e-01	-1.193315776e-03	-1.580816737e-03	-2.122830404e-03	
73	7.3000000000e-01	7.3000000000e-01	-1.194918288e-03	-1.582898950e-03	-2.125665693e-03	
74	7.4000000000e-01	7.4000000000e-01	-1.196505237e-03	-1.584955503e-03	-2.128456660e-03	
75	7.5000000000e-01	7.5000000000e-01	-1.198077735e-03	-1.586987685e-03	-2.131205573e-03	
76	7.6000000000e-01	7.6000000000e-01	-1.199636975e-03	-1.588996767e-03	-2.133914543e-03	
77	7.7000000000e-01	7.7000000000e-01	-1.201184256e-03	-1.590984023e-03	-2.136585546e-03	
78	7.8000000000e-01	7.8000000000e-01	-1.202721016e-03	-1.592950752e-03	-2.139220443e-03	
79	7.9000000000e-01	7.9000000000e-01	-1.204248863e-03	-1.594898306e-03	-2.141821001e-03	
80	8.0000000000e-01	8.0000000000e-01	-1.205769607e-03	-1.596828119e-03	-2.144388912e-03	
81	8.1000000000e-01	8.1000000000e-01	-1.207285306e-03	-1.598741740e-03	-2.146925818e-03	
82	8.2000000000e-01	8.2000000000e-01	-1.208798296e-03	-1.600640868e-03	-2.149433334e-03	
83	8.3000000000e-01	8.3000000000e-01	-1.210311243e-03	-1.602527391e-03	-2.151913077e-03	
84	8.4000000000e-01	8.4000000000e-01	-1.211827184e-03	-1.604403431e-03	-2.154366694e-03	
85	8.5000000000e-01	8.5000000000e-01	-1.213349577e-03	-1.606271392e-03	-2.156795899e-03	
86	8.6000000000e-01	8.6000000000e-01	-1.214882347e-03	-1.608134007e-03	-2.159202508e-03	
87	8.7000000000e-01	8.7000000000e-01	-1.216429944e-03	-1.609994393e-03	-2.161588485e-03	
88	8.8000000000e-01	8.8000000000e-01	-1.217997391e-03	-1.611856112e-03	-2.163955985e-03	
89	8.9000000000e-01	8.9000000000e-01	-1.219590338e-03	-1.613723228e-03	-2.166307407e-03	
90	9.0000000000e-01	9.0000000000e-01	-1.221215122e-03	-1.615600370e-03	-2.168645450e-03	
91	9.1000000000e-01	9.1000000000e-01	-1.222878820e-03	-1.617492803e-03	-2.170973178e-03	
92	9.2000000000e-01	9.2000000000e-01	-1.224589303e-03	-1.619406490e-03	-2.173294082e-03	
93	9.3000000000e-01	9.3000000000e-01	-1.226355296e-03	-1.621348170e-03	-2.175612152e-03	
94	9.4000000000e-01	9.4000000000e-01	-1.228186434e-03	-1.623325424e-03	-2.177931956e-03	
95	9.5000000000e-01	9.5000000000e-01	-1.230093312e-03	-1.625346750e-03	-2.180258716e-03	
96	9.6000000000e-01	9.6000000000e-01	-1.232087547e-03	-1.627421638e-03	-2.182598397e-03	
97	9.7000000000e-01	9.7000000000e-01	-1.234181824e-03	-1.629560646e-03	-2.184957791e-03	
98	9.8000000000e-01	9.8000000000e-01	-1.236389951e-03	-1.631775470e-03	-2.187344610e-03	
99	9.9000000000e-01	9.9000000000e-01	-1.238726910e-03	-1.634079020e-03	-2.189767581e-03	
100	1.0000000000e+00	1.0000000000e+00	-1.241208900e-03	-1.636485493e-03	-2.192236541e-03	
Doing analysis at TEMP = 27.000000 and TNOM = 27.000000

Using SPARSE 1.3 as Direct Linear Solver

No. of Data Rows : 501
                                                                                                                                                                                                                                                     *include "corner.spice
                                                                                                                                                                                                                                                     DC transfer characteristic  Fri Aug 21 13:46:57  2026
--------------------------------------------------------------------------------------------------------------------------------------------------------------------------------------------------------------------------------------------------------------------------------------------------------------------------------------------------------------------------------------------------------------------------------------------------------------------------------------------------------------------------------
Index   v-sweep         v(vfracdi)      ifb             
--------------------------------------------------------------------------------------------------------------------------------------------------------------------------------------------------------------------------------------------------------------------------------------------------------------------------------------------------------------------------------------------------------------------------------------------------------------------------------------------------------------------------------
0	0.0000000000e+00	0.0000000000e+00	-5.091271848e-47	
1	2.0000000000e-03	2.0000000000e-03	2.6645352591e-15	
2	4.0000000000e-03	4.0000000000e-03	5.4400928207e-15	
3	6.0000000000e-03	6.0000000000e-03	8.2156503822e-15	
4	8.0000000000e-03	8.0000000000e-03	1.0880185641e-14	
5	1.0000000000e-02	1.0000000000e-02	1.3766765505e-14	
6	1.2000000000e-02	1.2000000000e-02	1.6542323067e-14	
7	1.4000000000e-02	1.4000000000e-02	1.9317880628e-14	
8	1.6000000000e-02	1.6000000000e-02	2.2315482795e-14	
9	1.8000000000e-02	1.8000000000e-02	2.5757174171e-14	
10	2.0000000000e-02	2.0000000000e-02	2.8421709430e-14	
11	2.2000000000e-02	2.2000000000e-02	3.1530333899e-14	
12	2.4000000000e-02	2.4000000000e-02	3.4861002973e-14	
13	2.6000000000e-02	2.6000000000e-02	3.7969627442e-14	
14	2.8000000000e-02	2.8000000000e-02	4.1522341121e-14	
15	3.0000000000e-02	3.0000000000e-02	4.4630965590e-14	
16	3.2000000000e-02	3.2000000000e-02	4.8849813084e-14	
17	3.4000000000e-02	3.4000000000e-02	5.2402526762e-14	
18	3.6000000000e-02	3.6000000000e-02	5.5511151231e-14	
19	3.8000000000e-02	3.8000000000e-02	5.9507954120e-14	
20	4.0000000000e-02	4.0000000000e-02	6.3504757009e-14	
21	4.2000000000e-02	4.2000000000e-02	6.7945649107e-14	
22	4.4000000000e-02	4.4000000000e-02	7.2830630415e-14	
23	4.6000000000e-02	4.6000000000e-02	7.7715611724e-14	
24	4.8000000000e-02	4.8000000000e-02	8.1712414612e-14	
25	5.0000000000e-02	5.0000000000e-02	8.6597395921e-14	
26	5.2000000000e-02	5.2000000000e-02	9.1482377229e-14	
27	5.4000000000e-02	5.4000000000e-02	9.7255536957e-14	
28	5.6000000000e-02	5.6000000000e-02	1.0391687510e-13	
29	5.8000000000e-02	5.8000000000e-02	1.0924594562e-13	
30	6.0000000000e-02	6.0000000000e-02	1.1635137298e-13	
31	6.2000000000e-02	6.2000000000e-02	1.2301271113e-13	
32	6.4000000000e-02	6.4000000000e-02	1.3011813849e-13	
33	6.6000000000e-02	6.6000000000e-02	1.3899992268e-13	
34	6.8000000000e-02	6.8000000000e-02	1.4743761767e-13	
35	7.0000000000e-02	7.0000000000e-02	1.5631940187e-13	
36	7.2000000000e-02	7.2000000000e-02	1.6520118606e-13	
37	7.4000000000e-02	7.4000000000e-02	1.7585932710e-13	
38	7.6000000000e-02	7.6000000000e-02	1.8740564656e-13	
39	7.8000000000e-02	7.8000000000e-02	1.9895196601e-13	
40	8.0000000000e-02	8.0000000000e-02	2.1138646389e-13	
41	8.2000000000e-02	8.2000000000e-02	2.2559731860e-13	
42	8.4000000000e-02	8.4000000000e-02	2.4069635174e-13	
43	8.6000000000e-02	8.6000000000e-02	2.5668356329e-13	
44	8.8000000000e-02	8.8000000000e-02	2.7444713169e-13	
45	9.0000000000e-02	9.0000000000e-02	2.9309887850e-13	
46	9.2000000000e-02	9.2000000000e-02	3.1352698215e-13	
47	9.4000000000e-02	9.4000000000e-02	3.3661962107e-13	
48	9.6000000000e-02	9.6000000000e-02	3.6060043840e-13	
49	9.8000000000e-02	9.8000000000e-02	3.8813396941e-13	
50	1.0000000000e-01	1.0000000000e-01	4.1655567884e-13	
51	1.0200000000e-01	1.0200000000e-01	4.4675374511e-13	
52	1.0400000000e-01	1.0400000000e-01	4.8139270348e-13	
53	1.0600000000e-01	1.0600000000e-01	5.1869619710e-13	
54	1.0800000000e-01	1.0800000000e-01	5.5866422599e-13	
55	1.1000000000e-01	1.1000000000e-01	6.0307314698e-13	
56	1.1200000000e-01	1.1200000000e-01	6.5103478164e-13	
57	1.1400000000e-01	1.1400000000e-01	7.0432548682e-13	
58	1.1600000000e-01	1.1600000000e-01	7.6205708410e-13	
59	1.1800000000e-01	1.1800000000e-01	8.2422957348e-13	
60	1.2000000000e-01	1.2000000000e-01	8.9350749022e-13	
61	1.2200000000e-01	1.2200000000e-01	9.6900265589e-13	
62	1.2400000000e-01	1.2400000000e-01	1.0516032489e-12	
63	1.2600000000e-01	1.2600000000e-01	1.1413092693e-12	
64	1.2800000000e-01	1.2800000000e-01	1.2390088955e-12	
65	1.3000000000e-01	1.3000000000e-01	1.3455903058e-12	
66	1.3200000000e-01	1.3200000000e-01	1.4646062141e-12	
67	1.3400000000e-01	1.3400000000e-01	1.5933920849e-12	
68	1.3600000000e-01	1.3600000000e-01	1.7337242753e-12	
69	1.3800000000e-01	1.3800000000e-01	1.8882673203e-12	
70	1.4000000000e-01	1.4000000000e-01	2.0587975769e-12	
71	1.4200000000e-01	1.4200000000e-01	2.2435386882e-12	
72	1.4400000000e-01	1.4400000000e-01	2.4442670110e-12	
73	1.4600000000e-01	1.4600000000e-01	2.6680879728e-12	
74	1.4800000000e-01	1.4800000000e-01	2.9096725029e-12	
75	1.5000000000e-01	1.5000000000e-01	3.1761260288e-12	
76	1.5200000000e-01	1.5200000000e-01	3.4710012642e-12	
77	1.5400000000e-01	1.5400000000e-01	3.7907454953e-12	
78	1.5600000000e-01	1.5600000000e-01	4.1406877926e-12	
79	1.5800000000e-01	1.5800000000e-01	4.5279335836e-12	
80	1.6000000000e-01	1.6000000000e-01	4.9507065114e-12	
81	1.6200000000e-01	1.6200000000e-01	5.4107829328e-12	
82	1.6400000000e-01	1.6400000000e-01	5.9188209889e-12	
83	1.6600000000e-01	1.6600000000e-01	6.4730443228e-12	
84	1.6800000000e-01	1.6800000000e-01	7.0823347187e-12	
85	1.7000000000e-01	1.7000000000e-01	7.7520212471e-12	
86	1.7200000000e-01	1.7200000000e-01	8.4821039081e-12	
87	1.7400000000e-01	1.7400000000e-01	9.2867935564e-12	
88	1.7600000000e-01	1.7600000000e-01	1.0164313835e-11	
89	1.7800000000e-01	1.7800000000e-01	1.1130651956e-11	
90	1.8000000000e-01	1.8000000000e-01	1.2185807918e-11	
91	1.8200000000e-01	1.8200000000e-01	1.3347545291e-11	
92	1.8400000000e-01	1.8400000000e-01	1.4617640431e-11	
93	1.8600000000e-01	1.8600000000e-01	1.6012080550e-11	
94	1.8800000000e-01	1.8800000000e-01	1.7543300146e-11	
95	1.9000000000e-01	1.9000000000e-01	1.9216628289e-11	
96	1.9200000000e-01	1.9200000000e-01	2.1055157617e-11	
97	1.9400000000e-01	1.9400000000e-01	2.3069546273e-11	
98	1.9600000000e-01	1.9600000000e-01	2.5279334182e-11	
99	1.9800000000e-01	1.9800000000e-01	2.7702284910e-11	
100	2.0000000000e-01	2.0000000000e-01	3.0357938385e-11	
101	2.0200000000e-01	2.0200000000e-01	3.3271163602e-11	
102	2.0400000000e-01	2.0400000000e-01	3.6466829556e-11	
103	2.0600000000e-01	2.0600000000e-01	3.9969805243e-11	
104	2.0800000000e-01	2.0800000000e-01	4.3808512373e-11	
105	2.1000000000e-01	2.1000000000e-01	4.8025583510e-11	
106	2.1200000000e-01	2.1200000000e-01	5.2644111292e-11	
107	2.1400000000e-01	2.1400000000e-01	5.7710280998e-11	
108	2.1600000000e-01	2.1600000000e-01	6.3264948835e-11	
109	2.1800000000e-01	2.1800000000e-01	6.9352523724e-11	
110	2.2000000000e-01	2.2000000000e-01	7.6035178154e-11	
111	2.2200000000e-01	2.2200000000e-01	8.3359097403e-11	
112	2.2400000000e-01	2.2400000000e-01	9.1391783030e-11	
113	2.2600000000e-01	2.2600000000e-01	1.0020073660e-10	
114	2.2800000000e-01	2.2800000000e-01	1.0985701238e-10	
115	2.3000000000e-01	2.3000000000e-01	1.2045120457e-10	
116	2.3200000000e-01	2.3200000000e-01	1.3206680194e-10	
117	2.3400000000e-01	2.3400000000e-01	1.4480505683e-10	
118	2.3600000000e-01	2.3600000000e-01	1.5877255066e-10	
119	2.3800000000e-01	2.3800000000e-01	1.7408652297e-10	
120	2.4000000000e-01	2.4000000000e-01	1.9088908232e-10	
121	2.4200000000e-01	2.4200000000e-01	2.0930990274e-10	
122	2.4400000000e-01	2.4400000000e-01	2.2950885636e-10	
123	2.4600000000e-01	2.4600000000e-01	2.5165824979e-10	
124	2.4800000000e-01	2.4800000000e-01	2.7595170593e-10	
125	2.5000000000e-01	2.5000000000e-01	3.0258640038e-10	
126	2.5200000000e-01	2.5200000000e-01	3.3180214132e-10	
127	2.5400000000e-01	2.5400000000e-01	3.6383696056e-10	
128	2.5600000000e-01	2.5600000000e-01	3.9896441706e-10	
129	2.5800000000e-01	2.5800000000e-01	4.3748826783e-10	
130	2.6000000000e-01	2.6000000000e-01	4.7973003348e-10	
131	2.6200000000e-01	2.6200000000e-01	5.2606097256e-10	
132	2.6400000000e-01	2.6400000000e-01	5.7685944910e-10	
133	2.6600000000e-01	2.6600000000e-01	6.3256955229e-10	
134	2.6800000000e-01	2.6800000000e-01	6.9365668764e-10	
135	2.7000000000e-01	2.7000000000e-01	7.6064665677e-10	
136	2.7200000000e-01	2.7200000000e-01	8.3411322294e-10	
137	2.7400000000e-01	2.7400000000e-01	9.1467100560e-10	
138	2.7600000000e-01	2.7600000000e-01	1.0030127839e-09	
139	2.7800000000e-01	2.7800000000e-01	1.0998881805e-09	
140	2.8000000000e-01	2.8000000000e-01	1.2061178722e-09	
141	2.8200000000e-01	2.8200000000e-01	1.3226149065e-09	
142	2.8400000000e-01	2.8400000000e-01	1.4503562795e-09	
143	2.8600000000e-01	2.8600000000e-01	1.5904397799e-09	
144	2.8800000000e-01	2.8800000000e-01	1.7440591193e-09	
145	2.9000000000e-01	2.9000000000e-01	1.9125074857e-09	
146	2.9200000000e-01	2.9200000000e-01	2.0972272807e-09	
147	2.9400000000e-01	2.9400000000e-01	2.2997888038e-09	
148	2.9600000000e-01	2.9600000000e-01	2.5219044630e-09	
149	2.9800000000e-01	2.9800000000e-01	2.7654785129e-09	
150	3.0000000000e-01	3.0000000000e-01	3.0325715272e-09	
151	3.0200000000e-01	3.0200000000e-01	3.3254536902e-09	
152	3.0400000000e-01	3.0400000000e-01	3.6466190068e-09	
153	3.0600000000e-01	3.0600000000e-01	3.9987959610e-09	
154	3.0800000000e-01	3.0800000000e-01	4.3849723852e-09	
155	3.1000000000e-01	3.1000000000e-01	4.8084380921e-09	
156	3.1200000000e-01	3.1200000000e-01	5.2727884281e-09	
157	3.1400000000e-01	3.1400000000e-01	5.7819633525e-09	
158	3.1600000000e-01	3.1600000000e-01	6.3402900707e-09	
159	3.1800000000e-01	3.1800000000e-01	6.9525114554e-09	
160	3.2000000000e-01	3.2000000000e-01	7.6238322322e-09	
161	3.2200000000e-01	3.2200000000e-01	8.3599402956e-09	
162	3.2400000000e-01	3.2400000000e-01	9.1670919744e-09	
163	3.2600000000e-01	3.2600000000e-01	1.0052140453e-08	
164	3.2800000000e-01	3.2800000000e-01	1.1022603275e-08	
165	3.3000000000e-01	3.3000000000e-01	1.2086701418e-08	
166	3.3200000000e-01	3.3200000000e-01	1.3253472986e-08	
167	3.3400000000e-01	3.3400000000e-01	1.4532808734e-08	
168	3.3600000000e-01	3.3600000000e-01	1.5935565756e-08	
169	3.3800000000e-01	3.3800000000e-01	1.7473634983e-08	
170	3.4000000000e-01	3.4000000000e-01	1.9160058429e-08	
171	3.4200000000e-01	3.4200000000e-01	2.1009132212e-08	
172	3.4400000000e-01	3.4400000000e-01	2.3036516694e-08	
173	3.4600000000e-01	3.4600000000e-01	2.5259396352e-08	
174	3.4800000000e-01	3.4800000000e-01	2.7696597016e-08	
175	3.5000000000e-01	3.5000000000e-01	3.0368756399e-08	
176	3.5200000000e-01	3.5200000000e-01	3.3298491076e-08	
177	3.5400000000e-01	3.5400000000e-01	3.6510602541e-08	
178	3.5600000000e-01	3.5600000000e-01	4.0032269055e-08	
179	3.5800000000e-01	3.5800000000e-01	4.3893265911e-08	
180	3.6000000000e-01	3.6000000000e-01	4.8126242547e-08	
181	3.6200000000e-01	3.6200000000e-01	5.2766985448e-08	
182	3.6400000000e-01	3.6400000000e-01	5.7854695257e-08	
183	3.6600000000e-01	3.6600000000e-01	6.3432345598e-08	
184	3.6800000000e-01	3.6800000000e-01	6.9547027692e-08	
185	3.7000000000e-01	3.7000000000e-01	7.6250348258e-08	
186	3.7200000000e-01	3.7200000000e-01	8.3598855838e-08	
187	3.7400000000e-01	3.7400000000e-01	9.1654495549e-08	
188	3.7600000000e-01	3.7600000000e-01	1.0048517751e-07	
189	3.7800000000e-01	3.7800000000e-01	1.1016527424e-07	
190	3.8000000000e-01	3.8000000000e-01	1.2077629918e-07	
191	3.8200000000e-01	3.8200000000e-01	1.3240753205e-07	
192	3.8400000000e-01	3.8400000000e-01	1.4515679325e-07	
193	3.8600000000e-01	3.8600000000e-01	1.5913123264e-07	
194	3.8800000000e-01	3.8800000000e-01	1.7444825673e-07	
195	3.9000000000e-01	3.9000000000e-01	1.9123642048e-07	
196	3.9200000000e-01	3.9200000000e-01	2.0963655700e-07	
197	3.9400000000e-01	3.9400000000e-01	2.2980291092e-07	
198	3.9600000000e-01	3.9600000000e-01	2.5190440311e-07	
199	3.9800000000e-01	3.9800000000e-01	2.7612603404e-07	
200	4.0000000000e-01	4.0000000000e-01	3.0267034035e-07	
201	4.0200000000e-01	4.0200000000e-01	3.3175915348e-07	
202	4.0400000000e-01	4.0400000000e-01	3.6363530498e-07	
203	4.0600000000e-01	4.0600000000e-01	3.9856467637e-07	
204	4.0800000000e-01	4.0800000000e-01	4.3683831663e-07	
205	4.1000000000e-01	4.1000000000e-01	4.7877480114e-07	
206	4.1200000000e-01	4.1200000000e-01	5.2472286072e-07	
207	4.1400000000e-01	4.1400000000e-01	5.7506409945e-07	
208	4.1600000000e-01	4.1600000000e-01	6.3021619567e-07	
209	4.1800000000e-01	4.1800000000e-01	6.9063610653e-07	
210	4.2000000000e-01	4.2000000000e-01	7.5682383738e-07	
211	4.2200000000e-01	4.2200000000e-01	8.2932637469e-07	
212	4.2400000000e-01	4.2400000000e-01	9.0874208070e-07	
213	4.2600000000e-01	4.2600000000e-01	9.9572536527e-07	
214	4.2800000000e-01	4.2800000000e-01	1.0909919510e-06	
215	4.3000000000e-01	4.3000000000e-01	1.1953244119e-06	
216	4.3200000000e-01	4.3200000000e-01	1.3095784084e-06	
217	4.3400000000e-01	4.3400000000e-01	1.4346892954e-06	
218	4.3600000000e-01	4.3600000000e-01	1.5716794479e-06	
219	4.3800000000e-01	4.3800000000e-01	1.7216661590e-06	
220	4.4000000000e-01	4.4000000000e-01	1.8858703257e-06	
221	4.4200000000e-01	4.4200000000e-01	2.0656257327e-06	
222	4.4400000000e-01	4.4400000000e-01	2.2623893052e-06	
223	4.4600000000e-01	4.4600000000e-01	2.4777521972e-06	
224	4.4800000000e-01	4.4800000000e-01	2.7134518064e-06	
225	4.5000000000e-01	4.5000000000e-01	2.9713848591e-06	
226	4.5200000000e-01	4.5200000000e-01	3.2536216210e-06	
227	4.5400000000e-01	4.5400000000e-01	3.5624212380e-06	
228	4.5600000000e-01	4.5600000000e-01	3.9002484904e-06	
229	4.5800000000e-01	4.5800000000e-01	4.2697918587e-06	
230	4.6000000000e-01	4.6000000000e-01	4.6739831383e-06	
231	4.6200000000e-01	4.6200000000e-01	5.1160186239e-06	
232	4.6400000000e-01	4.6400000000e-01	5.5993821384e-06	
233	4.6600000000e-01	4.6600000000e-01	6.1278698098e-06	
234	4.6800000000e-01	4.6800000000e-01	6.7056169151e-06	
235	4.7000000000e-01	4.7000000000e-01	7.3371268670e-06	
236	4.7200000000e-01	4.7200000000e-01	8.0273025276e-06	
237	4.7400000000e-01	4.7400000000e-01	8.7814798775e-06	
238	4.7600000000e-01	4.7600000000e-01	9.6054644239e-06	
239	4.7800000000e-01	4.7800000000e-01	1.0505570334e-05	
240	4.8000000000e-01	4.8000000000e-01	1.1488662544e-05	
241	4.8200000000e-01	4.8200000000e-01	1.2562202095e-05	
242	4.8400000000e-01	4.8400000000e-01	1.3734294747e-05	
243	4.8600000000e-01	4.8600000000e-01	1.5013743198e-05	
244	4.8800000000e-01	4.8800000000e-01	1.6410103097e-05	
245	4.9000000000e-01	4.9000000000e-01	1.7933742978e-05	
246	4.9200000000e-01	4.9200000000e-01	1.9595908498e-05	
247	4.9400000000e-01	4.9400000000e-01	2.1408790989e-05	
248	4.9600000000e-01	4.9600000000e-01	2.3385600752e-05	
249	4.9800000000e-01	4.9800000000e-01	2.5540645222e-05	
250	5.0000000000e-01	5.0000000000e-01	2.7889412202e-05	
251	5.0200000000e-01	5.0200000000e-01	3.0448658546e-05	
252	5.0400000000e-01	5.0400000000e-01	3.3236504269e-05	
253	5.0600000000e-01	5.0600000000e-01	3.6272532608e-05	
254	5.0800000000e-01	5.0800000000e-01	3.9577895979e-05	
255	5.1000000000e-01	5.1000000000e-01	4.3175428260e-05	
256	5.1200000000e-01	5.1200000000e-01	4.7089763441e-05	
257	5.1400000000e-01	5.1400000000e-01	5.1347460928e-05	
258	5.1600000000e-01	5.1600000000e-01	5.5977137677e-05	
259	5.1800000000e-01	5.1800000000e-01	6.1009607201e-05	
260	5.2000000000e-01	5.2000000000e-01	6.6478025925e-05	
261	5.2200000000e-01	5.2200000000e-01	7.2418046472e-05	
262	5.2400000000e-01	5.2400000000e-01	7.8867978647e-05	
263	5.2600000000e-01	5.2600000000e-01	8.5868957669e-05	
264	5.2800000000e-01	5.2800000000e-01	9.3465119981e-05	
265	5.3000000000e-01	5.3000000000e-01	1.0170378680e-04	
266	5.3200000000e-01	5.3200000000e-01	1.1063565501e-04	
267	5.3400000000e-01	5.3400000000e-01	1.2031499599e-04	
268	5.3600000000e-01	5.3600000000e-01	1.3079986193e-04	
269	5.3800000000e-01	5.3800000000e-01	1.4215229975e-04	
270	5.4000000000e-01	5.4000000000e-01	1.5443857269e-04	
271	5.4200000000e-01	5.4200000000e-01	1.6772938945e-04	
272	5.4400000000e-01	5.4400000000e-01	1.8210014088e-04	
273	5.4600000000e-01	5.4600000000e-01	1.9763114413e-04	
274	5.4800000000e-01	5.4800000000e-01	2.1440789445e-04	
275	5.5000000000e-01	5.5000000000e-01	2.3252132444e-04	
276	5.5200000000e-01	5.5200000000e-01	2.5206807091e-04	
277	5.5400000000e-01	5.5400000000e-01	2.7315074959e-04	
278	5.5600000000e-01	5.5600000000e-01	2.9587823757e-04	
279	5.5800000000e-01	5.5800000000e-01	3.2036596412e-04	
280	5.6000000000e-01	5.6000000000e-01	3.4673620994e-04	
281	5.6200000000e-01	5.6200000000e-01	3.7511841543e-04	
282	5.6400000000e-01	5.6400000000e-01	4.0564949862e-04	
283	5.6600000000e-01	5.6600000000e-01	4.3847418348e-04	
284	5.6800000000e-01	5.6800000000e-01	4.7374533956e-04	
285	5.7000000000e-01	5.7000000000e-01	5.1162433398e-04	
286	5.7200000000e-01	5.7200000000e-01	5.5228139728e-04	
287	5.7400000000e-01	5.7400000000e-01	5.9589600443e-04	
288	5.7600000000e-01	5.7600000000e-01	6.4265727315e-04	
289	5.7800000000e-01	5.7800000000e-01	6.9276438110e-04	
290	5.8000000000e-01	5.8000000000e-01	7.4642700472e-04	
291	5.8200000000e-01	5.8200000000e-01	8.0386578212e-04	
292	5.8400000000e-01	5.8400000000e-01	8.6531280294e-04	
293	5.8600000000e-01	5.8600000000e-01	9.3101212848e-04	
294	5.8800000000e-01	5.8800000000e-01	1.0012203457e-03	
295	5.9000000000e-01	5.9000000000e-01	1.0762071587e-03	
296	5.9200000000e-01	5.9200000000e-01	1.1562560227e-03	
297	5.9400000000e-01	5.9400000000e-01	1.2416648240e-03	
298	5.9600000000e-01	5.9600000000e-01	1.3327466120e-03	
299	5.9800000000e-01	5.9800000000e-01	1.4298303879e-03	
300	6.0000000000e-01	6.0000000000e-01	1.5332619561e-03	
301	6.0200000000e-01	6.0200000000e-01	1.6434048449e-03	
302	6.0400000000e-01	6.0400000000e-01	1.7606413017e-03	
303	6.0600000000e-01	6.0600000000e-01	1.8853733712e-03	
304	6.0800000000e-01	6.0800000000e-01	2.0180240640e-03	
305	6.1000000000e-01	6.1000000000e-01	2.1590386212e-03	
306	6.1200000000e-01	6.1200000000e-01	2.3088858874e-03	
307	6.1400000000e-01	6.1400000000e-01	2.4680597968e-03	
308	6.1600000000e-01	6.1600000000e-01	2.6370809854e-03	
309	6.1800000000e-01	6.1800000000e-01	2.8164985372e-03	
310	6.2000000000e-01	6.2000000000e-01	3.0068918763e-03	
311	6.2200000000e-01	6.2200000000e-01	3.2088728162e-03	
312	6.2400000000e-01	6.2400000000e-01	3.4230877785e-03	
313	6.2600000000e-01	6.2600000000e-01	3.6502201948e-03	
314	6.2800000000e-01	6.2800000000e-01	3.8909931045e-03	
315	6.3000000000e-01	6.3000000000e-01	4.1461719664e-03	
316	6.3200000000e-01	6.3200000000e-01	4.4165676973e-03	
317	6.3400000000e-01	6.3400000000e-01	4.7030399579e-03	
318	6.3600000000e-01	6.3600000000e-01	5.0065007032e-03	
319	6.3800000000e-01	6.3800000000e-01	5.3279180193e-03	
320	6.4000000000e-01	6.4000000000e-01	5.6683202674e-03	
321	6.4200000000e-01	6.4200000000e-01	6.0288005595e-03	
322	6.4400000000e-01	6.4400000000e-01	6.4105215922e-03	
323	6.4600000000e-01	6.4600000000e-01	6.8147208653e-03	
324	6.4800000000e-01	6.4800000000e-01	7.2427163154e-03	
325	6.5000000000e-01	6.5000000000e-01	7.6959123978e-03	
326	6.5200000000e-01	6.5200000000e-01	8.1758066505e-03	
327	6.5400000000e-01	6.5400000000e-01	8.6839967790e-03	
328	6.5600000000e-01	6.5600000000e-01	9.2221883010e-03	
329	6.5800000000e-01	6.5800000000e-01	9.7922027962e-03	
330	6.6000000000e-01	6.6000000000e-01	1.0395986806e-02	
331	6.6200000000e-01	6.6200000000e-01	1.1035621435e-02	
332	6.6400000000e-01	6.6400000000e-01	1.1713332705e-02	
333	6.6600000000e-01	6.6600000000e-01	1.2431502727e-02	
334	6.6800000000e-01	6.6800000000e-01	1.3192681731e-02	
335	6.7000000000e-01	6.7000000000e-01	1.3999601053e-02	
336	6.7200000000e-01	6.7200000000e-01	1.4855187108e-02	
337	6.7400000000e-01	6.7400000000e-01	1.5762576452e-02	
338	6.7600000000e-01	6.7600000000e-01	1.6725131994e-02	
339	6.7800000000e-01	6.7800000000e-01	1.7746460436e-02	
340	6.8000000000e-01	6.8000000000e-01	1.8830431038e-02	
341	6.8200000000e-01	6.8200000000e-01	1.9981195774e-02	
342	6.8400000000e-01	6.8400000000e-01	2.1203210980e-02	
343	6.8600000000e-01	6.8600000000e-01	2.2501260582e-02	
344	6.8800000000e-01	6.8800000000e-01	2.3880480990e-02	
345	6.9000000000e-01	6.9000000000e-01	2.5346387752e-02	
346	6.9200000000e-01	6.9200000000e-01	2.6904904059e-02	
347	6.9400000000e-01	6.9400000000e-01	2.8562391179e-02	
348	6.9600000000e-01	6.9600000000e-01	3.0325680910e-02	
349	6.9800000000e-01	6.9800000000e-01	3.2202110117e-02	
350	7.0000000000e-01	7.0000000000e-01	3.4199557419e-02	
351	7.0200000000e-01	7.0200000000e-01	3.6326482077e-02	
352	7.0400000000e-01	7.0400000000e-01	3.8591965110e-02	
353	7.0600000000e-01	7.0600000000e-01	4.1005752650e-02	
354	7.0800000000e-01	7.0800000000e-01	4.3578301512e-02	
355	7.1000000000e-01	7.1000000000e-01	4.6320826937e-02	
356	7.1200000000e-01	7.1200000000e-01	4.9245352403e-02	
357	7.1400000000e-01	7.1400000000e-01	5.2364761371e-02	
358	7.1600000000e-01	7.1600000000e-01	5.5692850771e-02	
359	7.1800000000e-01	7.1800000000e-01	5.9244385956e-02	
360	7.2000000000e-01	7.2000000000e-01	6.3035156799e-02	
361	7.2200000000e-01	7.2200000000e-01	6.7082034501e-02	
362	7.2400000000e-01	7.2400000000e-01	7.1403028611e-02	
363	7.2600000000e-01	7.2600000000e-01	7.6017343604e-02	
364	7.2800000000e-01	7.2800000000e-01	8.0945434314e-02	
365	7.3000000000e-01	7.3000000000e-01	8.6209059335e-02	
366	7.3200000000e-01	7.3200000000e-01	9.1831331395e-02	
367	7.3400000000e-01	7.3400000000e-01	9.7836763579e-02	
368	7.3600000000e-01	7.3600000000e-01	1.0425131011e-01	
369	7.3800000000e-01	7.3800000000e-01	1.1110240030e-01	
370	7.4000000000e-01	7.4000000000e-01	1.1841896406e-01	
371	7.4200000000e-01	7.4200000000e-01	1.2623144737e-01	
372	7.4400000000e-01	7.4400000000e-01	1.3457181593e-01	
373	7.4600000000e-01	7.4600000000e-01	1.4347354511e-01	
374	7.4800000000e-01	7.4800000000e-01	1.5297159434e-01	
375	7.5000000000e-01	7.5000000000e-01	1.6310236416e-01	
376	7.5200000000e-01	7.5200000000e-01	1.7390363405e-01	
377	7.5400000000e-01	7.5400000000e-01	1.8541447948e-01	
378	7.5600000000e-01	7.5600000000e-01	1.9767516672e-01	
379	7.5800000000e-01	7.5800000000e-01	2.1072702433e-01	
380	7.6000000000e-01	7.6000000000e-01	2.2461229066e-01	
381	7.6200000000e-01	7.6200000000e-01	2.3937393699e-01	
382	7.6400000000e-01	7.6400000000e-01	2.5505546681e-01	
383	7.6600000000e-01	7.6600000000e-01	2.7170069206e-01	
384	7.6800000000e-01	7.6800000000e-01	2.8935348811e-01	
385	7.7000000000e-01	7.7000000000e-01	3.0805752972e-01	
386	7.7200000000e-01	7.7200000000e-01	3.2785601120e-01	
387	7.7400000000e-01	7.7400000000e-01	3.4879135452e-01	
388	7.7600000000e-01	7.7600000000e-01	3.7090490977e-01	
389	7.7800000000e-01	7.7800000000e-01	3.9423665303e-01	
390	7.8000000000e-01	7.8000000000e-01	4.1882488694e-01	
391	7.8200000000e-01	7.8200000000e-01	4.4470594950e-01	
392	7.8400000000e-01	7.8400000000e-01	4.7191393696e-01	
393	7.8600000000e-01	7.8600000000e-01	5.0048044601e-01	
394	7.8800000000e-01	7.8800000000e-01	5.3043434060e-01	
395	7.9000000000e-01	7.9000000000e-01	5.6180154784e-01	
396	7.9200000000e-01	7.9200000000e-01	5.9460488681e-01	
397	7.9400000000e-01	7.9400000000e-01	6.2886393336e-01	
398	7.9600000000e-01	7.9600000000e-01	6.6459492281e-01	
399	7.9800000000e-01	7.9800000000e-01	7.0181069155e-01	
400	8.0000000000e-01	8.0000000000e-01	7.4052065760e-01	
401	8.0200000000e-01	8.0200000000e-01	7.8073083903e-01	
402	8.0400000000e-01	8.0400000000e-01	8.2244390836e-01	
403	8.0600000000e-01	8.0600000000e-01	8.6565928035e-01	
404	8.0800000000e-01	8.0800000000e-01	9.1037322973e-01	
405	8.1000000000e-01	8.1000000000e-01	9.5657903516e-01	
406	8.1200000000e-01	8.1200000000e-01	1.0042671453e+00	
407	8.1400000000e-01	8.1400000000e-01	1.0534253627e+00	
408	8.1600000000e-01	8.1600000000e-01	1.1040390413e+00	
409	8.1800000000e-01	8.1800000000e-01	1.1560912930e+00	
410	8.2000000000e-01	8.2000000000e-01	1.2095632003e+00	
411	8.2200000000e-01	8.2200000000e-01	1.2644340305e+00	
412	8.2400000000e-01	8.2400000000e-01	1.3206814478e+00	
413	8.2600000000e-01	8.2600000000e-01	1.3782817226e+00	
414	8.2800000000e-01	8.2800000000e-01	1.4372099333e+00	
415	8.3000000000e-01	8.3000000000e-01	1.4974401594e+00	
416	8.3200000000e-01	8.3200000000e-01	1.5589456652e+00	
417	8.3400000000e-01	8.3400000000e-01	1.6216990718e+00	
418	8.3600000000e-01	8.3600000000e-01	1.6856725176e+00	
419	8.3800000000e-01	8.3800000000e-01	1.7508378054e+00	
420	8.4000000000e-01	8.4000000000e-01	1.8171665383e+00	
421	8.4200000000e-01	8.4200000000e-01	1.8846302414e+00	
422	8.4400000000e-01	8.4400000000e-01	1.9532004730e+00	
423	8.4600000000e-01	8.4600000000e-01	2.0228489219e+00	
424	8.4800000000e-01	8.4800000000e-01	2.0935474952e+00	
425	8.5000000000e-01	8.5000000000e-01	2.1652683939e+00	
426	8.5200000000e-01	8.5200000000e-01	2.2379841791e+00	
427	8.5400000000e-01	8.5400000000e-01	2.3116678289e+00	
428	8.5600000000e-01	8.5600000000e-01	2.3862927861e+00	
429	8.5800000000e-01	8.5800000000e-01	2.4618329984e+00	
430	8.6000000000e-01	8.6000000000e-01	2.5382629513e+00	
431	8.6200000000e-01	8.6200000000e-01	2.6155576944e+00	
432	8.6400000000e-01	8.6400000000e-01	2.6936928619e+00	
433	8.6600000000e-01	8.6600000000e-01	2.7726446878e+00	
434	8.6800000000e-01	8.6800000000e-01	2.8523900165e+00	
435	8.7000000000e-01	8.7000000000e-01	2.9329063094e+00	
436	8.7200000000e-01	8.7200000000e-01	3.0141716476e+00	
437	8.7400000000e-01	8.7400000000e-01	3.0961647320e+00	
438	8.7600000000e-01	8.7600000000e-01	3.1788648800e+00	
439	8.7800000000e-01	8.7800000000e-01	3.2622520204e+00	
440	8.8000000000e-01	8.8000000000e-01	3.3463066862e+00	
441	8.8200000000e-01	8.8200000000e-01	3.4310100058e+00	
442	8.8400000000e-01	8.8400000000e-01	3.5163436924e+00	
443	8.8600000000e-01	8.8600000000e-01	3.6022900327e+00	
444	8.8800000000e-01	8.8800000000e-01	3.6888318747e+00	
445	8.9000000000e-01	8.9000000000e-01	3.7759526145e+00	
446	8.9200000000e-01	8.9200000000e-01	3.8636361824e+00	
447	8.9400000000e-01	8.9400000000e-01	3.9518670292e+00	
448	8.9600000000e-01	8.9600000000e-01	4.0406301119e+00	
449	8.9800000000e-01	8.9800000000e-01	4.1299108786e+00	
450	9.0000000000e-01	9.0000000000e-01	4.2196952547e+00	
451	9.0200000000e-01	9.0200000000e-01	4.3099696275e+00	
452	9.0400000000e-01	9.0400000000e-01	4.4007208326e+00	
453	9.0600000000e-01	9.0600000000e-01	4.4919361388e+00	
454	9.0800000000e-01	9.0800000000e-01	4.5836032341e+00	
455	9.1000000000e-01	9.1000000000e-01	4.6757102122e+00	
456	9.1200000000e-01	9.1200000000e-01	4.7682455582e+00	
457	9.1400000000e-01	9.1400000000e-01	4.8611981357e+00	
458	9.1600000000e-01	9.1600000000e-01	4.9545571733e+00	
459	9.1800000000e-01	9.1800000000e-01	5.0483122525e+00	
460	9.2000000000e-01	9.2000000000e-01	5.1424532944e+00	
461	9.2200000000e-01	9.2200000000e-01	5.2369705487e+00	
462	9.2400000000e-01	9.2400000000e-01	5.3318545812e+00	
463	9.2600000000e-01	9.2600000000e-01	5.4270962629e+00	
464	9.2800000000e-01	9.2800000000e-01	5.5226867588e+00	
465	9.3000000000e-01	9.3000000000e-01	5.6186175176e+00	
466	9.3200000000e-01	9.3200000000e-01	5.7148802611e+00	
467	9.3400000000e-01	9.3400000000e-01	5.8114669747e+00	
468	9.3600000000e-01	9.3600000000e-01	5.9083698975e+00	
469	9.3800000000e-01	9.3800000000e-01	6.0055815132e+00	
470	9.4000000000e-01	9.4000000000e-01	6.1030945414e+00	
471	9.4200000000e-01	9.4200000000e-01	6.2009019289e+00	
472	9.4400000000e-01	9.4400000000e-01	6.2989968415e+00	
473	9.4600000000e-01	9.4600000000e-01	6.3973726559e+00	
474	9.4800000000e-01	9.4800000000e-01	6.4960229526e+00	
475	9.5000000000e-01	9.5000000000e-01	6.5949415077e+00	
476	9.5200000000e-01	9.5200000000e-01	6.6941222868e+00	
477	9.5400000000e-01	9.5400000000e-01	6.7935594375e+00	
478	9.5600000000e-01	9.5600000000e-01	6.8932472831e+00	
479	9.5800000000e-01	9.5800000000e-01	6.9931803165e+00	
480	9.6000000000e-01	9.6000000000e-01	7.0933531938e+00	
481	9.6200000000e-01	9.6200000000e-01	7.1937607289e+00	
482	9.6400000000e-01	9.6400000000e-01	7.2943978876e+00	
483	9.6600000000e-01	9.6600000000e-01	7.3952597823e+00	
484	9.6800000000e-01	9.6800000000e-01	7.4963416672e+00	
485	9.7000000000e-01	9.7000000000e-01	7.5976389328e+00	
486	9.7200000000e-01	9.7200000000e-01	7.6991471014e+00	
487	9.7400000000e-01	9.7400000000e-01	7.8008618228e+00	
488	9.7600000000e-01	9.7600000000e-01	7.9027788693e+00	
489	9.7800000000e-01	9.7800000000e-01	8.0048941321e+00	
490	9.8000000000e-01	9.8000000000e-01	8.1072036168e+00	
491	9.8200000000e-01	9.8200000000e-01	8.2097034396e+00	
492	9.8400000000e-01	9.8400000000e-01	8.3123898239e+00	
493	9.8600000000e-01	9.8600000000e-01	8.4152590959e+00	
494	9.8800000000e-01	9.8800000000e-01	8.5183076821e+00	
495	9.9000000000e-01	9.9000000000e-01	8.6215321051e+00	
496	9.9200000000e-01	9.9200000000e-01	8.7249289811e+00	
497	9.9400000000e-01	9.9400000000e-01	8.8284950162e+00	
498	9.9600000000e-01	9.9600000000e-01	8.9322270039e+00	
499	9.9800000000e-01	9.9800000000e-01	9.0361218221e+00	
500	1.0000000000e+00	1.0000000000e+00	9.1401764300e+00	
ngspice-46 done
Warning: diode_pd2nw_06v0: IKR too small - model effect disabled!
