* ====================================================================
* record-id : 20260821-134653-804155b
* testbench : tb_low_side_power_switch.spice (sim/low-side-power-switch, reused verbatim)
* corner    : tt_mc0039_-40c_nosupply
* supply    : n/a (no supply rail in this device-level testbench)
* mismatch  : sw_stat_mismatch=1 (sample 39), sw_stat_global=0
* seed      : 20260860
* pdk       : gf180mcuD (/home/ubuntu/.volare/gf180mcuD)
* ngspice   : ngspice-46 : Circuit level simulation program
* run (UTC) : 2026-08-21T13:46:53Z
* ====================================================================

Note: No compatibility mode selected!


Circuit: *include "corner.spice

Doing analysis at TEMP = -40.000000 and TNOM = 27.000000

Using SPARSE 1.3 as Direct Linear Solver

No. of Data Rows : 101
                                                                                                                                                                                                                                                     *include "corner.spice
                                                                                                                                                                                                                                                     DC transfer characteristic  Fri Aug 21 13:46:54  2026
--------------------------------------------------------------------------------------------------------------------------------------------------------------------------------------------------------------------------------------------------------------------------------------------------------------------------------------------------------------------------------------------------------------------------------------------------------------------------------------------------------------------------------
Index   v-sweep         v(vfracds)      ioc_n06_glo     ioc_n06_gmid    ioc_n06_ghi     
--------------------------------------------------------------------------------------------------------------------------------------------------------------------------------------------------------------------------------------------------------------------------------------------------------------------------------------------------------------------------------------------------------------------------------------------------------------------------------------------------------------------------------
0	0.0000000000e+00	0.0000000000e+00	-0.0000000000e+00	-0.0000000000e+00	-0.0000000000e+00	
1	1.0000000000e-02	1.0000000000e-02	3.0494833439e-04	3.4612018573e-04	3.8914202184e-04	
2	2.0000000000e-02	2.0000000000e-02	5.8662088116e-04	6.6865291304e-04	7.5498554152e-04	
3	3.0000000000e-02	3.0000000000e-02	8.4645084048e-04	9.6898740666e-04	1.0988103638e-03	
4	4.0000000000e-02	4.0000000000e-02	1.0857513040e-03	1.2484022550e-03	1.4218018445e-03	
5	5.0000000000e-02	5.0000000000e-02	1.3057239538e-03	1.5080732075e-03	1.7250572379e-03	
6	6.0000000000e-02	6.0000000000e-02	1.5074671198e-03	1.7490803546e-03	2.0095913801e-03	
7	7.0000000000e-02	7.0000000000e-02	1.6919832769e-03	1.9724152314e-03	2.2763422766e-03	
8	8.0000000000e-02	8.0000000000e-02	1.8601847358e-03	2.1789876483e-03	2.5261767839e-03	
9	9.0000000000e-02	9.0000000000e-02	2.0128948066e-03	2.3696313922e-03	2.7598962411e-03	
10	1.0000000000e-01	1.0000000000e-01	2.1508393723e-03	2.5451072580e-03	2.9782416369e-03	
11	1.1000000000e-01	1.1000000000e-01	2.2746191759e-03	2.7061008388e-03	3.1818976575e-03	
12	1.2000000000e-01	1.2000000000e-01	2.3846445212e-03	2.8532104984e-03	3.3714946482e-03	
13	1.3000000000e-01	1.3000000000e-01	2.4810065075e-03	2.9869169133e-03	3.5476069685e-03	
14	1.4000000000e-01	1.4000000000e-01	2.5633029369e-03	3.1075184140e-03	3.7107451435e-03	
15	1.5000000000e-01	1.5000000000e-01	2.6307086125e-03	3.2150097038e-03	3.8613370803e-03	
16	1.6000000000e-01	1.6000000000e-01	2.6829676843e-03	3.3089083000e-03	3.9996896729e-03	
17	1.7000000000e-01	1.7000000000e-01	2.7218133740e-03	3.3882127550e-03	4.1259161411e-03	
18	1.8000000000e-01	1.8000000000e-01	2.7505527315e-03	3.4520455460e-03	4.2398120649e-03	
19	1.9000000000e-01	1.9000000000e-01	2.7723694564e-03	3.5010731866e-03	4.3406963787e-03	
20	2.0000000000e-01	2.0000000000e-01	2.7895378569e-03	3.5379517825e-03	4.4273935536e-03	
21	2.1000000000e-01	2.1000000000e-01	2.8035191192e-03	3.5659894179e-03	4.4988076552e-03	
22	2.2000000000e-01	2.2000000000e-01	2.8152389077e-03	3.5879099818e-03	4.5551673556e-03	
23	2.3000000000e-01	2.3000000000e-01	2.8252966614e-03	3.6055954379e-03	4.5986032960e-03	
24	2.4000000000e-01	2.4000000000e-01	2.8340935254e-03	3.6202776903e-03	4.6321728309e-03	
25	2.5000000000e-01	2.5000000000e-01	2.8419071855e-03	3.6327641471e-03	4.6586516733e-03	
26	2.6000000000e-01	2.6000000000e-01	2.8489359916e-03	3.6435961304e-03	4.6800953537e-03	
27	2.7000000000e-01	2.7000000000e-01	2.8553256439e-03	3.6531472463e-03	4.6979125339e-03	
28	2.8000000000e-01	2.8000000000e-01	2.8611858316e-03	3.6616829856e-03	4.7130537990e-03	
29	2.9000000000e-01	2.9000000000e-01	2.8666009299e-03	3.6693971959e-03	4.7261682774e-03	
30	3.0000000000e-01	3.0000000000e-01	2.8716370775e-03	3.6764349092e-03	4.7377091992e-03	
31	3.1000000000e-01	3.1000000000e-01	2.8763469846e-03	3.6829070095e-03	4.7480010018e-03	
32	3.2000000000e-01	3.2000000000e-01	2.8807732791e-03	3.6888999113e-03	4.7572816634e-03	
33	3.3000000000e-01	3.3000000000e-01	2.8849508858e-03	3.6944821094e-03	4.7657297383e-03	
34	3.4000000000e-01	3.4000000000e-01	2.8889087520e-03	3.6997087156e-03	4.7734819676e-03	
35	3.5000000000e-01	3.5000000000e-01	2.8926711211e-03	3.7046246699e-03	4.7806450120e-03	
36	3.6000000000e-01	3.6000000000e-01	2.8962584875e-03	3.7092670577e-03	4.7873034449e-03	
37	3.7000000000e-01	3.7000000000e-01	2.8996883236e-03	3.7136668114e-03	4.7935253159e-03	
38	3.8000000000e-01	3.8000000000e-01	2.9029756406e-03	3.7178499821e-03	4.7993661019e-03	
39	3.9000000000e-01	3.9000000000e-01	2.9061334263e-03	3.7218387015e-03	4.8048715653e-03	
40	4.0000000000e-01	4.0000000000e-01	2.9091729910e-03	3.7256519215e-03	4.8100798568e-03	
41	4.1000000000e-01	4.1000000000e-01	2.9121042453e-03	3.7293059897e-03	4.8150230875e-03	
42	4.2000000000e-01	4.2000000000e-01	2.9149359240e-03	3.7328151014e-03	4.8197285207e-03	
43	4.3000000000e-01	4.3000000000e-01	2.9176757722e-03	3.7361916608e-03	4.8242194878e-03	
44	4.4000000000e-01	4.4000000000e-01	2.9203307009e-03	3.7394465721e-03	4.8285160998e-03	
45	4.5000000000e-01	4.5000000000e-01	2.9229069207e-03	3.7425894786e-03	4.8326358091e-03	
46	4.6000000000e-01	4.6000000000e-01	2.9254100618e-03	3.7456289618e-03	4.8365938556e-03	
47	4.7000000000e-01	4.7000000000e-01	2.9278452826e-03	3.7485727122e-03	4.8404036278e-03	
48	4.8000000000e-01	4.8000000000e-01	2.9302173746e-03	3.7514276796e-03	4.8440769585e-03	
49	4.9000000000e-01	4.9000000000e-01	2.9325308648e-03	3.7542002098e-03	4.8476243714e-03	
50	5.0000000000e-01	5.0000000000e-01	2.9347901206e-03	3.7568961739e-03	4.8510552932e-03	
51	5.1000000000e-01	5.1000000000e-01	2.9369994586e-03	3.7595210954e-03	4.8543782388e-03	
52	5.2000000000e-01	5.2000000000e-01	2.9391632595e-03	3.7620802784e-03	4.8576009820e-03	
53	5.3000000000e-01	5.3000000000e-01	2.9412860908e-03	3.7645789415e-03	4.8607307161e-03	
54	5.4000000000e-01	5.4000000000e-01	2.9433728380e-03	3.7670223584e-03	4.8637742122e-03	
55	5.5000000000e-01	5.5000000000e-01	2.9454288443e-03	3.7694160088e-03	4.8667379800e-03	
56	5.6000000000e-01	5.6000000000e-01	2.9474600591e-03	3.7717657401e-03	4.8696284356e-03	
57	5.7000000000e-01	5.7000000000e-01	2.9494731944e-03	3.7740779399e-03	4.8724520794e-03	
58	5.8000000000e-01	5.8000000000e-01	2.9514758888e-03	3.7763597205e-03	4.8752156866e-03	
59	5.9000000000e-01	5.9000000000e-01	2.9534768770e-03	3.7786191140e-03	4.8779265119e-03	
60	6.0000000000e-01	6.0000000000e-01	2.9554861639e-03	3.7808652774e-03	4.8805925094e-03	
61	6.1000000000e-01	6.1000000000e-01	2.9575152017e-03	3.7831087052e-03	4.8832225675e-03	
62	6.2000000000e-01	6.2000000000e-01	2.9595770679e-03	3.7853614499e-03	4.8858267579e-03	
63	6.3000000000e-01	6.3000000000e-01	2.9616866424e-03	3.7876373457e-03	4.8884165977e-03	
64	6.4000000000e-01	6.4000000000e-01	2.9638607822e-03	3.7899522347e-03	4.8910053225e-03	
65	6.5000000000e-01	6.5000000000e-01	2.9661184915e-03	3.7923241935e-03	4.8936081683e-03	
66	6.6000000000e-01	6.6000000000e-01	2.9684810862e-03	3.7947737567e-03	4.8962426594e-03	
67	6.7000000000e-01	6.7000000000e-01	2.9709723494e-03	3.7973241356e-03	4.8989288991e-03	
68	6.8000000000e-01	6.8000000000e-01	2.9736186793e-03	3.8000014302e-03	4.9016898614e-03	
69	6.9000000000e-01	6.9000000000e-01	2.9764492253e-03	3.8028348314e-03	4.9045516785e-03	
70	7.0000000000e-01	7.0000000000e-01	2.9794960137e-03	3.8058568125e-03	4.9075439233e-03	
71	7.1000000000e-01	7.1000000000e-01	2.9827940593e-03	3.8091033080e-03	4.9106998826e-03	
72	7.2000000000e-01	7.2000000000e-01	2.9863814655e-03	3.8126138770e-03	4.9140568185e-03	
73	7.3000000000e-01	7.3000000000e-01	2.9902995090e-03	3.8164318525e-03	4.9176562159e-03	
74	7.4000000000e-01	7.4000000000e-01	2.9945927116e-03	3.8206044723e-03	4.9215440130e-03	
75	7.5000000000e-01	7.5000000000e-01	2.9993088961e-03	3.8251829937e-03	4.9257708142e-03	
76	7.6000000000e-01	7.6000000000e-01	3.0044992292e-03	3.8302227898e-03	4.9303920820e-03	
77	7.7000000000e-01	7.7000000000e-01	3.0102182489e-03	3.8357834267e-03	4.9354683080e-03	
78	7.8000000000e-01	7.8000000000e-01	3.0165238784e-03	3.8419287232e-03	4.9410651608e-03	
79	7.9000000000e-01	7.9000000000e-01	3.0234774254e-03	3.8487267909e-03	4.9472536115e-03	
80	8.0000000000e-01	8.0000000000e-01	3.0311435689e-03	3.8562500572e-03	4.9541100343e-03	
81	8.1000000000e-01	8.1000000000e-01	3.0395903323e-03	3.8645752695e-03	4.9617162839e-03	
82	8.2000000000e-01	8.2000000000e-01	3.0488890452e-03	3.8737834825e-03	4.9701597489e-03	
83	8.3000000000e-01	8.3000000000e-01	3.0591142923e-03	3.8839600288e-03	4.9795333812e-03	
84	8.4000000000e-01	8.4000000000e-01	3.0703438529e-03	3.8951944730e-03	4.9899357028e-03	
85	8.5000000000e-01	8.5000000000e-01	3.0826586291e-03	3.9075805521e-03	5.0014707895e-03	
86	8.6000000000e-01	8.6000000000e-01	3.0961425655e-03	3.9212160996e-03	5.0142482338e-03	
87	8.7000000000e-01	8.7000000000e-01	3.1108825596e-03	3.9362029588e-03	5.0283830865e-03	
88	8.8000000000e-01	8.8000000000e-01	3.1269683654e-03	3.9526468816e-03	5.0439957789e-03	
89	8.9000000000e-01	8.9000000000e-01	3.1444924890e-03	3.9706574174e-03	5.0612120268e-03	
90	9.0000000000e-01	9.0000000000e-01	3.1635500789e-03	3.9903477918e-03	5.0801627170e-03	
91	9.1000000000e-01	9.1000000000e-01	3.1842388106e-03	4.0118347752e-03	5.1009837781e-03	
92	9.2000000000e-01	9.2000000000e-01	3.2066587663e-03	4.0352385441e-03	5.1238160371e-03	
93	9.3000000000e-01	9.3000000000e-01	3.2309123113e-03	4.0606825349e-03	5.1488050616e-03	
94	9.4000000000e-01	9.4000000000e-01	3.2571039664e-03	4.0882932915e-03	5.1761009914e-03	
95	9.5000000000e-01	9.5000000000e-01	3.2853402787e-03	4.1182003076e-03	5.2058583589e-03	
96	9.6000000000e-01	9.6000000000e-01	3.3157296895e-03	4.1505358647e-03	5.2382358996e-03	
97	9.7000000000e-01	9.7000000000e-01	3.3483824017e-03	4.1854348665e-03	5.2733963559e-03	
98	9.8000000000e-01	9.8000000000e-01	3.3834102459e-03	4.2230346711e-03	5.3115062725e-03	
99	9.9000000000e-01	9.9000000000e-01	3.4209265466e-03	4.2634749206e-03	5.3527357876e-03	
100	1.0000000000e+00	1.0000000000e+00	3.4610459884e-03	4.3068973698e-03	5.3972584182e-03	
                                                                                                                                                                                                                                                     *include "corner.spice
                                                                                                                                                                                                                                                     DC transfer characteristic  Fri Aug 21 13:46:54  2026
--------------------------------------------------------------------------------------------------------------------------------------------------------------------------------------------------------------------------------------------------------------------------------------------------------------------------------------------------------------------------------------------------------------------------------------------------------------------------------------------------------------------------------
Index   v-sweep         v(vfracds)      ioc_p06_glo     ioc_p06_gmid    ioc_p06_ghi     
--------------------------------------------------------------------------------------------------------------------------------------------------------------------------------------------------------------------------------------------------------------------------------------------------------------------------------------------------------------------------------------------------------------------------------------------------------------------------------------------------------------------------------
0	0.0000000000e+00	0.0000000000e+00	-0.0000000000e+00	-0.0000000000e+00	-0.0000000000e+00	
1	1.0000000000e-02	1.0000000000e-02	-9.309117998e-05	-1.055411911e-04	-1.190526831e-04	
2	2.0000000000e-02	2.0000000000e-02	-1.819147321e-04	-2.069398840e-04	-2.341704474e-04	
3	3.0000000000e-02	3.0000000000e-02	-2.665690424e-04	-3.042850807e-04	-3.454304026e-04	
4	4.0000000000e-02	4.0000000000e-02	-3.471495076e-04	-3.976632563e-04	-4.529076588e-04	
5	5.0000000000e-02	5.0000000000e-02	-4.237486491e-04	-4.871584477e-04	-5.566753901e-04	
6	6.0000000000e-02	6.0000000000e-02	-4.964562210e-04	-5.728523376e-04	-6.568048951e-04	
7	7.0000000000e-02	7.0000000000e-02	-5.653593155e-04	-6.548243352e-04	-7.533656551e-04	
8	8.0000000000e-02	8.0000000000e-02	-6.305424634e-04	-7.331516535e-04	-8.464253899e-04	
9	9.0000000000e-02	9.0000000000e-02	-6.920877335e-04	-8.079093848e-04	-9.360501117e-04	
10	1.0000000000e-01	1.0000000000e-01	-7.500748282e-04	-8.791705723e-04	-1.022304178e-03	
11	1.1000000000e-01	1.1000000000e-01	-8.045811763e-04	-9.470062802e-04	-1.105250340e-03	
12	1.2000000000e-01	1.2000000000e-01	-8.556820236e-04	-1.011485660e-03	-1.184949795e-03	
13	1.3000000000e-01	1.3000000000e-01	-9.034505187e-04	-1.072676011e-03	-1.261462230e-03	
14	1.4000000000e-01	1.4000000000e-01	-9.479577924e-04	-1.130642840e-03	-1.334845870e-03	
15	1.5000000000e-01	1.5000000000e-01	-9.892730283e-04	-1.185449910e-03	-1.405157515e-03	
16	1.6000000000e-01	1.6000000000e-01	-1.027463515e-03	-1.237159278e-03	-1.472452586e-03	
17	1.7000000000e-01	1.7000000000e-01	-1.062594669e-03	-1.285831315e-03	-1.536785155e-03	
18	1.8000000000e-01	1.8000000000e-01	-1.094729999e-03	-1.331524704e-03	-1.598207975e-03	
19	1.9000000000e-01	1.9000000000e-01	-1.123931001e-03	-1.374296377e-03	-1.656772502e-03	
20	2.0000000000e-01	2.0000000000e-01	-1.150257002e-03	-1.414201386e-03	-1.712528901e-03	
21	2.1000000000e-01	2.1000000000e-01	-1.173765395e-03	-1.451292614e-03	-1.765526040e-03	
22	2.2000000000e-01	2.2000000000e-01	-1.194514210e-03	-1.485620230e-03	-1.815811453e-03	
23	2.3000000000e-01	2.3000000000e-01	-1.212573489e-03	-1.517230694e-03	-1.863431250e-03	
24	2.4000000000e-01	2.4000000000e-01	-1.228057364e-03	-1.546165043e-03	-1.908429968e-03	
25	2.5000000000e-01	2.5000000000e-01	-1.241174717e-03	-1.572456337e-03	-1.950850285e-03	
26	2.6000000000e-01	2.6000000000e-01	-1.252248926e-03	-1.596127352e-03	-1.990732527e-03	
27	2.7000000000e-01	2.7000000000e-01	-1.261662455e-03	-1.617193841e-03	-2.028113816e-03	
28	2.8000000000e-01	2.8000000000e-01	-1.269774414e-03	-1.635686578e-03	-2.063026598e-03	
29	2.9000000000e-01	2.9000000000e-01	-1.276876414e-03	-1.651702400e-03	-2.095496188e-03	
30	3.0000000000e-01	3.0000000000e-01	-1.283189267e-03	-1.665454824e-03	-2.125536886e-03	
31	3.1000000000e-01	3.1000000000e-01	-1.288876420e-03	-1.677263270e-03	-2.153146789e-03	
32	3.2000000000e-01	3.2000000000e-01	-1.294059042e-03	-1.687481752e-03	-2.178303870e-03	
33	3.3000000000e-01	3.3000000000e-01	-1.298828069e-03	-1.696432072e-03	-2.200972245e-03	
34	3.4000000000e-01	3.4000000000e-01	-1.303252857e-03	-1.704376013e-03	-2.221133868e-03	
35	3.5000000000e-01	3.5000000000e-01	-1.307387207e-03	-1.711515885e-03	-2.238847379e-03	
36	3.6000000000e-01	3.6000000000e-01	-1.311273535e-03	-1.718005456e-03	-2.254293466e-03	
37	3.7000000000e-01	3.7000000000e-01	-1.314945793e-03	-1.723961736e-03	-2.267757512e-03	
38	3.8000000000e-01	3.8000000000e-01	-1.318431529e-03	-1.729474620e-03	-2.279564009e-03	
39	3.9000000000e-01	3.9000000000e-01	-1.321753381e-03	-1.734614074e-03	-2.290017201e-03	
40	4.0000000000e-01	4.0000000000e-01	-1.324930156e-03	-1.739435315e-03	-2.299373349e-03	
41	4.1000000000e-01	4.1000000000e-01	-1.327977641e-03	-1.743982522e-03	-2.307837173e-03	
42	4.2000000000e-01	4.2000000000e-01	-1.330909210e-03	-1.748291498e-03	-2.315568793e-03	
43	4.3000000000e-01	4.3000000000e-01	-1.333736286e-03	-1.752391614e-03	-2.322692966e-03	
44	4.4000000000e-01	4.4000000000e-01	-1.336468701e-03	-1.756307223e-03	-2.329307392e-03	
45	4.5000000000e-01	4.5000000000e-01	-1.339114977e-03	-1.760058728e-03	-2.335489293e-03	
46	4.6000000000e-01	4.6000000000e-01	-1.341682546e-03	-1.763663374e-03	-2.341300379e-03	
47	4.7000000000e-01	4.7000000000e-01	-1.344177927e-03	-1.767135863e-03	-2.346790531e-03	
48	4.8000000000e-01	4.8000000000e-01	-1.346606870e-03	-1.770488823e-03	-2.352000515e-03	
49	4.9000000000e-01	4.9000000000e-01	-1.348974471e-03	-1.773733176e-03	-2.356964006e-03	
50	5.0000000000e-01	5.0000000000e-01	-1.351285267e-03	-1.776878430e-03	-2.361709096e-03	
51	5.1000000000e-01	5.1000000000e-01	-1.353543317e-03	-1.779932913e-03	-2.366259431e-03	
52	5.2000000000e-01	5.2000000000e-01	-1.355752261e-03	-1.782903955e-03	-2.370635091e-03	
53	5.3000000000e-01	5.3000000000e-01	-1.357915383e-03	-1.785798044e-03	-2.374853252e-03	
54	5.4000000000e-01	5.4000000000e-01	-1.360035649e-03	-1.788620946e-03	-2.378928717e-03	
55	5.5000000000e-01	5.5000000000e-01	-1.362115751e-03	-1.791377811e-03	-2.382874326e-03	
56	5.6000000000e-01	5.6000000000e-01	-1.364158138e-03	-1.794073255e-03	-2.386701286e-03	
57	5.7000000000e-01	5.7000000000e-01	-1.366165046e-03	-1.796711432e-03	-2.390419431e-03	
58	5.8000000000e-01	5.8000000000e-01	-1.368138521e-03	-1.799296093e-03	-2.394037436e-03	
59	5.9000000000e-01	5.9000000000e-01	-1.370080442e-03	-1.801830637e-03	-2.397562993e-03	
60	6.0000000000e-01	6.0000000000e-01	-1.371992541e-03	-1.804318153e-03	-2.401002951e-03	
61	6.1000000000e-01	6.1000000000e-01	-1.373876416e-03	-1.806761458e-03	-2.404363432e-03	
62	6.2000000000e-01	6.2000000000e-01	-1.375733555e-03	-1.809163126e-03	-2.407649933e-03	
63	6.3000000000e-01	6.3000000000e-01	-1.377565343e-03	-1.811525520e-03	-2.410867408e-03	
64	6.4000000000e-01	6.4000000000e-01	-1.379373083e-03	-1.813850814e-03	-2.414020332e-03	
65	6.5000000000e-01	6.5000000000e-01	-1.381158005e-03	-1.816141015e-03	-2.417112767e-03	
66	6.6000000000e-01	6.6000000000e-01	-1.382921290e-03	-1.818397985e-03	-2.420148408e-03	
67	6.7000000000e-01	6.7000000000e-01	-1.384664077e-03	-1.820623459e-03	-2.423130625e-03	
68	6.8000000000e-01	6.8000000000e-01	-1.386387485e-03	-1.822819066e-03	-2.426062507e-03	
69	6.9000000000e-01	6.9000000000e-01	-1.388092636e-03	-1.824986342e-03	-2.428946885e-03	
70	7.0000000000e-01	7.0000000000e-01	-1.389780667e-03	-1.827126757e-03	-2.431786373e-03	
71	7.1000000000e-01	7.1000000000e-01	-1.391452761e-03	-1.829241732e-03	-2.434583384e-03	
72	7.2000000000e-01	7.2000000000e-01	-1.393110173e-03	-1.831332659e-03	-2.437340164e-03	
73	7.3000000000e-01	7.3000000000e-01	-1.394754251e-03	-1.833400928e-03	-2.440058810e-03	
74	7.4000000000e-01	7.4000000000e-01	-1.396386479e-03	-1.835447955e-03	-2.442741297e-03	
75	7.5000000000e-01	7.5000000000e-01	-1.398008503e-03	-1.837475206e-03	-2.445389500e-03	
76	7.6000000000e-01	7.6000000000e-01	-1.399622173e-03	-1.839484238e-03	-2.448005220e-03	
77	7.7000000000e-01	7.7000000000e-01	-1.401229583e-03	-1.841476728e-03	-2.450590215e-03	
78	7.8000000000e-01	7.8000000000e-01	-1.402833117e-03	-1.843454520e-03	-2.453146223e-03	
79	7.9000000000e-01	7.9000000000e-01	-1.404435493e-03	-1.845419663e-03	-2.455674999e-03	
80	8.0000000000e-01	8.0000000000e-01	-1.406039818e-03	-1.847374466e-03	-2.458178351e-03	
81	8.1000000000e-01	8.1000000000e-01	-1.407649637e-03	-1.849321546e-03	-2.460658181e-03	
82	8.2000000000e-01	8.2000000000e-01	-1.409268991e-03	-1.851263890e-03	-2.463116527e-03	
83	8.3000000000e-01	8.3000000000e-01	-1.410902474e-03	-1.853204911e-03	-2.465555619e-03	
84	8.4000000000e-01	8.4000000000e-01	-1.412555295e-03	-1.855148515e-03	-2.467977929e-03	
85	8.5000000000e-01	8.5000000000e-01	-1.414233336e-03	-1.857099172e-03	-2.470386235e-03	
86	8.6000000000e-01	8.6000000000e-01	-1.415943218e-03	-1.859061986e-03	-2.472783687e-03	
87	8.7000000000e-01	8.7000000000e-01	-1.417692365e-03	-1.861042770e-03	-2.475173880e-03	
88	8.8000000000e-01	8.8000000000e-01	-1.419489067e-03	-1.863048126e-03	-2.477560929e-03	
89	8.9000000000e-01	8.9000000000e-01	-1.421342546e-03	-1.865085523e-03	-2.479949557e-03	
90	9.0000000000e-01	9.0000000000e-01	-1.423263021e-03	-1.867163382e-03	-2.482345178e-03	
91	9.1000000000e-01	9.1000000000e-01	-1.425261772e-03	-1.869291158e-03	-2.484753995e-03	
92	9.2000000000e-01	9.2000000000e-01	-1.427351204e-03	-1.871479423e-03	-2.487183093e-03	
93	9.3000000000e-01	9.3000000000e-01	-1.429544909e-03	-1.873739956e-03	-2.489640546e-03	
94	9.4000000000e-01	9.4000000000e-01	-1.431857728e-03	-1.876085824e-03	-2.492135516e-03	
95	9.5000000000e-01	9.5000000000e-01	-1.434305807e-03	-1.878531466e-03	-2.494678366e-03	
96	9.6000000000e-01	9.6000000000e-01	-1.436906660e-03	-1.881092783e-03	-2.497280768e-03	
97	9.7000000000e-01	9.7000000000e-01	-1.439679215e-03	-1.883787210e-03	-2.499955813e-03	
98	9.8000000000e-01	9.8000000000e-01	-1.442643875e-03	-1.886633807e-03	-2.502718127e-03	
99	9.9000000000e-01	9.9000000000e-01	-1.445822561e-03	-1.889653327e-03	-2.505583985e-03	
100	1.0000000000e+00	1.0000000000e+00	-1.449238760e-03	-1.892868301e-03	-2.508571418e-03	
Doing analysis at TEMP = -40.000000 and TNOM = 27.000000

Using SPARSE 1.3 as Direct Linear Solver

No. of Data Rows : 501
                                                                                                                                                                                                                                                     *include "corner.spice
                                                                                                                                                                                                                                                     DC transfer characteristic  Fri Aug 21 13:46:54  2026
--------------------------------------------------------------------------------------------------------------------------------------------------------------------------------------------------------------------------------------------------------------------------------------------------------------------------------------------------------------------------------------------------------------------------------------------------------------------------------------------------------------------------------
Index   v-sweep         v(vfracdi)      ifb             
--------------------------------------------------------------------------------------------------------------------------------------------------------------------------------------------------------------------------------------------------------------------------------------------------------------------------------------------------------------------------------------------------------------------------------------------------------------------------------------------------------------------------------
0	0.0000000000e+00	0.0000000000e+00	-6.276214560e-85	
1	2.0000000000e-03	2.0000000000e-03	2.3869795029e-15	
2	4.0000000000e-03	4.0000000000e-03	4.7739590059e-15	
3	6.0000000000e-03	6.0000000000e-03	7.1054273576e-15	
4	8.0000000000e-03	8.0000000000e-03	9.5479180118e-15	
5	1.0000000000e-02	1.0000000000e-02	1.1990408666e-14	
6	1.2000000000e-02	1.2000000000e-02	1.4210854715e-14	
7	1.4000000000e-02	1.4000000000e-02	1.6764367672e-14	
8	1.6000000000e-02	1.6000000000e-02	1.9095836024e-14	
9	1.8000000000e-02	1.8000000000e-02	2.1760371283e-14	
10	2.0000000000e-02	2.0000000000e-02	2.3980817332e-14	
11	2.2000000000e-02	2.2000000000e-02	2.6201263381e-14	
12	2.4000000000e-02	2.4000000000e-02	2.8643754035e-14	
13	2.6000000000e-02	2.6000000000e-02	3.1086244690e-14	
14	2.8000000000e-02	2.8000000000e-02	3.3528735344e-14	
15	3.0000000000e-02	3.0000000000e-02	3.5971225998e-14	
16	3.2000000000e-02	3.2000000000e-02	3.8191672047e-14	
17	3.4000000000e-02	3.4000000000e-02	4.0856207306e-14	
18	3.6000000000e-02	3.6000000000e-02	4.3076653355e-14	
19	3.8000000000e-02	3.8000000000e-02	4.5297099405e-14	
20	4.0000000000e-02	4.0000000000e-02	4.7961634664e-14	
21	4.2000000000e-02	4.2000000000e-02	5.0182080713e-14	
22	4.4000000000e-02	4.4000000000e-02	5.2402526762e-14	
23	4.6000000000e-02	4.6000000000e-02	5.5067062021e-14	
24	4.8000000000e-02	4.8000000000e-02	5.7287508071e-14	
25	5.0000000000e-02	5.0000000000e-02	5.9952043330e-14	
26	5.2000000000e-02	5.2000000000e-02	6.2616578589e-14	
27	5.4000000000e-02	5.4000000000e-02	6.4837024638e-14	
28	5.6000000000e-02	5.6000000000e-02	6.7057470687e-14	
29	5.8000000000e-02	5.8000000000e-02	6.9277916737e-14	
30	6.0000000000e-02	6.0000000000e-02	7.1942451996e-14	
31	6.2000000000e-02	6.2000000000e-02	7.4606987255e-14	
32	6.4000000000e-02	6.4000000000e-02	7.6383344094e-14	
33	6.6000000000e-02	6.6000000000e-02	7.9047879353e-14	
34	6.8000000000e-02	6.8000000000e-02	8.0824236193e-14	
35	7.0000000000e-02	7.0000000000e-02	8.3488771452e-14	
36	7.2000000000e-02	7.2000000000e-02	8.6153306711e-14	
37	7.4000000000e-02	7.4000000000e-02	8.8817841970e-14	
38	7.6000000000e-02	7.6000000000e-02	9.0594198809e-14	
39	7.8000000000e-02	7.8000000000e-02	9.3258734069e-14	
40	8.0000000000e-02	8.0000000000e-02	9.5923269328e-14	
41	8.2000000000e-02	8.2000000000e-02	9.7699626167e-14	
42	8.4000000000e-02	8.4000000000e-02	1.0036416143e-13	
43	8.6000000000e-02	8.6000000000e-02	1.0302869669e-13	
44	8.8000000000e-02	8.8000000000e-02	1.0480505352e-13	
45	9.0000000000e-02	9.0000000000e-02	1.0746958878e-13	
46	9.2000000000e-02	9.2000000000e-02	1.1013412404e-13	
47	9.4000000000e-02	9.4000000000e-02	1.1279865930e-13	
48	9.6000000000e-02	9.6000000000e-02	1.1457501614e-13	
49	9.8000000000e-02	9.8000000000e-02	1.1812772982e-13	
50	1.0000000000e-01	1.0000000000e-01	1.1990408666e-13	
51	1.0200000000e-01	1.0200000000e-01	1.2256862192e-13	
52	1.0400000000e-01	1.0400000000e-01	1.2523315718e-13	
53	1.0600000000e-01	1.0600000000e-01	1.2612133560e-13	
54	1.0800000000e-01	1.0800000000e-01	1.2878587086e-13	
55	1.1000000000e-01	1.1000000000e-01	1.3056222770e-13	
56	1.1200000000e-01	1.1200000000e-01	1.3411494137e-13	
57	1.1400000000e-01	1.1400000000e-01	1.3677947663e-13	
58	1.1600000000e-01	1.1600000000e-01	1.3855583347e-13	
59	1.1800000000e-01	1.1800000000e-01	1.4210854715e-13	
60	1.2000000000e-01	1.2000000000e-01	1.4388490399e-13	
61	1.2200000000e-01	1.2200000000e-01	1.4743761767e-13	
62	1.2400000000e-01	1.2400000000e-01	1.4921397451e-13	
63	1.2600000000e-01	1.2600000000e-01	1.5099033135e-13	
64	1.2800000000e-01	1.2800000000e-01	1.5276668819e-13	
65	1.3000000000e-01	1.3000000000e-01	1.5454304503e-13	
66	1.3200000000e-01	1.3200000000e-01	1.5809575871e-13	
67	1.3400000000e-01	1.3400000000e-01	1.5987211555e-13	
68	1.3600000000e-01	1.3600000000e-01	1.6164847239e-13	
69	1.3800000000e-01	1.3800000000e-01	1.6520118606e-13	
70	1.4000000000e-01	1.4000000000e-01	1.6697754290e-13	
71	1.4200000000e-01	1.4200000000e-01	1.6875389974e-13	
72	1.4400000000e-01	1.4400000000e-01	1.7230661342e-13	
73	1.4600000000e-01	1.4600000000e-01	1.7408297026e-13	
74	1.4800000000e-01	1.4800000000e-01	1.7763568394e-13	
75	1.5000000000e-01	1.5000000000e-01	1.7941204078e-13	
76	1.5200000000e-01	1.5200000000e-01	1.8118839762e-13	
77	1.5400000000e-01	1.5400000000e-01	1.8296475446e-13	
78	1.5600000000e-01	1.5600000000e-01	1.8651746814e-13	
79	1.5800000000e-01	1.5800000000e-01	1.8829382498e-13	
80	1.6000000000e-01	1.6000000000e-01	1.9184653866e-13	
81	1.6200000000e-01	1.6200000000e-01	1.9362289549e-13	
82	1.6400000000e-01	1.6400000000e-01	1.9539925233e-13	
83	1.6600000000e-01	1.6600000000e-01	1.9717560917e-13	
84	1.6800000000e-01	1.6800000000e-01	2.0072832285e-13	
85	1.7000000000e-01	1.7000000000e-01	2.0428103653e-13	
86	1.7200000000e-01	1.7200000000e-01	2.0428103653e-13	
87	1.7400000000e-01	1.7400000000e-01	2.0783375021e-13	
88	1.7600000000e-01	1.7600000000e-01	2.1138646389e-13	
89	1.7800000000e-01	1.7800000000e-01	2.1316282073e-13	
90	1.8000000000e-01	1.8000000000e-01	2.1671553441e-13	
91	1.8200000000e-01	1.8200000000e-01	2.2026824809e-13	
92	1.8400000000e-01	1.8400000000e-01	2.2204460493e-13	
93	1.8600000000e-01	1.8600000000e-01	2.2382096176e-13	
94	1.8800000000e-01	1.8800000000e-01	2.2559731860e-13	
95	1.9000000000e-01	1.9000000000e-01	2.3092638912e-13	
96	1.9200000000e-01	1.9200000000e-01	2.3270274596e-13	
97	1.9400000000e-01	1.9400000000e-01	2.3625545964e-13	
98	1.9600000000e-01	1.9600000000e-01	2.3625545964e-13	
99	1.9800000000e-01	1.9800000000e-01	2.3980817332e-13	
100	2.0000000000e-01	2.0000000000e-01	2.3980817332e-13	
101	2.0200000000e-01	2.0200000000e-01	2.4513724384e-13	
102	2.0400000000e-01	2.0400000000e-01	2.4868995752e-13	
103	2.0600000000e-01	2.0600000000e-01	2.5046631436e-13	
104	2.0800000000e-01	2.0800000000e-01	2.5224267119e-13	
105	2.1000000000e-01	2.1000000000e-01	2.5401902803e-13	
106	2.1200000000e-01	2.1200000000e-01	2.5401902803e-13	
107	2.1400000000e-01	2.1400000000e-01	2.6112445539e-13	
108	2.1600000000e-01	2.1600000000e-01	2.6112445539e-13	
109	2.1800000000e-01	2.1800000000e-01	2.6822988275e-13	
110	2.2000000000e-01	2.2000000000e-01	2.6467716907e-13	
111	2.2200000000e-01	2.2200000000e-01	2.6645352591e-13	
112	2.2400000000e-01	2.2400000000e-01	2.7000623959e-13	
113	2.2600000000e-01	2.2600000000e-01	2.7711166695e-13	
114	2.2800000000e-01	2.2800000000e-01	2.7711166695e-13	
115	2.3000000000e-01	2.3000000000e-01	2.7711166695e-13	
116	2.3200000000e-01	2.3200000000e-01	2.8244073746e-13	
117	2.3400000000e-01	2.3400000000e-01	2.8599345114e-13	
118	2.3600000000e-01	2.3600000000e-01	2.8954616482e-13	
119	2.3800000000e-01	2.3800000000e-01	2.9132252166e-13	
120	2.4000000000e-01	2.4000000000e-01	2.9487523534e-13	
121	2.4200000000e-01	2.4200000000e-01	3.0198066270e-13	
122	2.4400000000e-01	2.4400000000e-01	3.0198066270e-13	
123	2.4600000000e-01	2.4600000000e-01	3.0198066270e-13	
124	2.4800000000e-01	2.4800000000e-01	3.0908609006e-13	
125	2.5000000000e-01	2.5000000000e-01	3.1263880373e-13	
126	2.5200000000e-01	2.5200000000e-01	3.1263880373e-13	
127	2.5400000000e-01	2.5400000000e-01	3.1974423109e-13	
128	2.5600000000e-01	2.5600000000e-01	3.1974423109e-13	
129	2.5800000000e-01	2.5800000000e-01	3.2684965845e-13	
130	2.6000000000e-01	2.6000000000e-01	3.2684965845e-13	
131	2.6200000000e-01	2.6200000000e-01	3.3395508581e-13	
132	2.6400000000e-01	2.6400000000e-01	3.4106051316e-13	
133	2.6600000000e-01	2.6600000000e-01	3.4106051316e-13	
134	2.6800000000e-01	2.6800000000e-01	3.4816594052e-13	
135	2.7000000000e-01	2.7000000000e-01	3.5171865420e-13	
136	2.7200000000e-01	2.7200000000e-01	3.6237679524e-13	
137	2.7400000000e-01	2.7400000000e-01	3.6592950892e-13	
138	2.7600000000e-01	2.7600000000e-01	3.7658764995e-13	
139	2.7800000000e-01	2.7800000000e-01	3.8014036363e-13	
140	2.8000000000e-01	2.8000000000e-01	3.8724579099e-13	
141	2.8200000000e-01	2.8200000000e-01	3.9790393203e-13	
142	2.8400000000e-01	2.8400000000e-01	4.1211478674e-13	
143	2.8600000000e-01	2.8600000000e-01	4.2277292778e-13	
144	2.8800000000e-01	2.8800000000e-01	4.3343106881e-13	
145	2.9000000000e-01	2.9000000000e-01	4.5119463721e-13	
146	2.9200000000e-01	2.9200000000e-01	4.6185277824e-13	
147	2.9400000000e-01	2.9400000000e-01	4.8316906032e-13	
148	2.9600000000e-01	2.9600000000e-01	4.9737991503e-13	
149	2.9800000000e-01	2.9800000000e-01	5.1869619710e-13	
150	3.0000000000e-01	3.0000000000e-01	5.4356519286e-13	
151	3.0200000000e-01	3.0200000000e-01	5.6843418861e-13	
152	3.0400000000e-01	3.0400000000e-01	5.9685589804e-13	
153	3.0600000000e-01	3.0600000000e-01	6.3238303483e-13	
154	3.0800000000e-01	3.0800000000e-01	6.6435745794e-13	
155	3.1000000000e-01	3.1000000000e-01	7.0699002208e-13	
156	3.1200000000e-01	3.1200000000e-01	7.4962258623e-13	
157	3.1400000000e-01	3.1400000000e-01	7.9936057773e-13	
158	3.1600000000e-01	3.1600000000e-01	8.5620399659e-13	
159	3.1800000000e-01	3.1800000000e-01	9.2015284281e-13	
160	3.2000000000e-01	3.2000000000e-01	9.9475983006e-13	
161	3.2200000000e-01	3.2200000000e-01	1.0729195310e-12	
162	3.2400000000e-01	3.2400000000e-01	1.1581846593e-12	
163	3.2600000000e-01	3.2600000000e-01	1.2576606423e-12	
164	3.2800000000e-01	3.2800000000e-01	1.3713474800e-12	
165	3.3000000000e-01	3.3000000000e-01	1.5027978861e-12	
166	3.3200000000e-01	3.3200000000e-01	1.6378010059e-12	
167	3.3400000000e-01	3.3400000000e-01	1.7976731215e-12	
168	3.3600000000e-01	3.3600000000e-01	1.9753088054e-12	
169	3.3800000000e-01	3.3800000000e-01	2.1778134851e-12	
170	3.4000000000e-01	3.4000000000e-01	2.4051871605e-12	
171	3.4200000000e-01	3.4200000000e-01	2.6574298317e-12	
172	3.4400000000e-01	3.4400000000e-01	2.9416469260e-12	
173	3.4600000000e-01	3.4600000000e-01	3.2649438708e-12	
174	3.4800000000e-01	3.4800000000e-01	3.6237679524e-12	
175	3.5000000000e-01	3.5000000000e-01	4.0287773118e-12	
176	3.5200000000e-01	3.5200000000e-01	4.4870773763e-12	
177	3.5400000000e-01	3.5400000000e-01	5.0057735734e-12	
178	3.5600000000e-01	3.5600000000e-01	5.5848659031e-12	
179	3.5800000000e-01	3.5800000000e-01	6.2385652200e-12	
180	3.6000000000e-01	3.6000000000e-01	6.9704242378e-12	
181	3.6200000000e-01	3.6200000000e-01	7.7982065250e-12	
182	3.6400000000e-01	3.6400000000e-01	8.7325702225e-12	
183	3.6600000000e-01	3.6600000000e-01	9.7770680441e-12	
184	3.6800000000e-01	3.6800000000e-01	1.0960121699e-11	
185	3.7000000000e-01	3.7000000000e-01	1.2285283901e-11	
186	3.7200000000e-01	3.7200000000e-01	1.3777423646e-11	
187	3.7400000000e-01	3.7400000000e-01	1.5464962644e-11	
188	3.7600000000e-01	3.7600000000e-01	1.7358559035e-11	
189	3.7800000000e-01	3.7800000000e-01	1.9500845383e-11	
190	3.8000000000e-01	3.8000000000e-01	2.1902479830e-11	
191	3.8200000000e-01	3.8200000000e-01	2.4606094939e-11	
192	3.8400000000e-01	3.8400000000e-01	2.7657875989e-11	
193	3.8600000000e-01	3.8600000000e-01	3.1082691976e-11	
194	3.8800000000e-01	3.8800000000e-01	3.4951597172e-11	
195	3.9000000000e-01	3.9000000000e-01	3.9303671429e-11	
196	3.9200000000e-01	3.9200000000e-01	4.4195758164e-11	
197	3.9400000000e-01	3.9400000000e-01	4.9713122507e-11	
198	3.9600000000e-01	3.9600000000e-01	5.5926818732e-11	
199	3.9800000000e-01	3.9800000000e-01	6.2922111965e-11	
200	4.0000000000e-01	4.0000000000e-01	7.0798478191e-11	
201	4.0200000000e-01	4.0200000000e-01	7.9666051533e-11	
202	4.0400000000e-01	4.0400000000e-01	8.9652729685e-11	
203	4.0600000000e-01	4.0600000000e-01	1.0089706848e-10	
204	4.0800000000e-01	4.0800000000e-01	1.1356604546e-10	
205	4.1000000000e-01	4.1000000000e-01	1.2782308545e-10	
206	4.1200000000e-01	4.1200000000e-01	1.4387779856e-10	
207	4.1400000000e-01	4.1400000000e-01	1.6196111119e-10	
208	4.1600000000e-01	4.1600000000e-01	1.8232526600e-10	
209	4.1800000000e-01	4.1800000000e-01	2.0524737465e-10	
210	4.2000000000e-01	4.2000000000e-01	2.3106849767e-10	
211	4.2200000000e-01	4.2200000000e-01	2.6013680099e-10	
212	4.2400000000e-01	4.2400000000e-01	2.9288216297e-10	
213	4.2600000000e-01	4.2600000000e-01	3.2974867281e-10	
214	4.2800000000e-01	4.2800000000e-01	3.7125857943e-10	
215	4.3000000000e-01	4.3000000000e-01	4.1800518602e-10	
216	4.3200000000e-01	4.3200000000e-01	4.7064574460e-10	
217	4.3400000000e-01	4.3400000000e-01	5.2991566690e-10	
218	4.3600000000e-01	4.3600000000e-01	5.9667115693e-10	
219	4.3800000000e-01	4.3800000000e-01	6.7182881480e-10	
220	4.4000000000e-01	4.4000000000e-01	7.5646511277e-10	
221	4.4200000000e-01	4.4200000000e-01	8.5176665721e-10	
222	4.4400000000e-01	4.4400000000e-01	9.5907992659e-10	
223	4.4600000000e-01	4.4600000000e-01	1.0799219297e-09	
224	4.4800000000e-01	4.4800000000e-01	1.2159979690e-09	
225	4.5000000000e-01	4.5000000000e-01	1.3692265100e-09	
226	4.5200000000e-01	4.5200000000e-01	1.5417604970e-09	
227	4.5400000000e-01	4.5400000000e-01	1.7360441973e-09	
228	4.5600000000e-01	4.5600000000e-01	1.9548025421e-09	
229	4.5800000000e-01	4.5800000000e-01	2.2011406031e-09	
230	4.6000000000e-01	4.6000000000e-01	2.4785080655e-09	
231	4.6200000000e-01	4.6200000000e-01	2.7908448885e-09	
232	4.6400000000e-01	4.6400000000e-01	3.1425244629e-09	
233	4.6600000000e-01	4.6600000000e-01	3.5385170349e-09	
234	4.6800000000e-01	4.6800000000e-01	3.9844003652e-09	
235	4.7000000000e-01	4.7000000000e-01	4.4864627569e-09	
236	4.7200000000e-01	4.7200000000e-01	5.0517705574e-09	
237	4.7400000000e-01	4.7400000000e-01	5.6882925037e-09	
238	4.7600000000e-01	4.7600000000e-01	6.4049814341e-09	
239	4.7800000000e-01	4.7800000000e-01	7.2119448191e-09	
240	4.8000000000e-01	4.8000000000e-01	8.1205513425e-09	
241	4.8200000000e-01	4.8200000000e-01	9.1435765626e-09	
242	4.8400000000e-01	4.8400000000e-01	1.0295430286e-08	
243	4.8600000000e-01	4.8600000000e-01	1.1592298677e-08	
244	4.8800000000e-01	4.8800000000e-01	1.3052449788e-08	
245	4.9000000000e-01	4.9000000000e-01	1.4696418305e-08	
246	4.9200000000e-01	4.9200000000e-01	1.6547325288e-08	
247	4.9400000000e-01	4.9400000000e-01	1.8631190812e-08	
248	4.9600000000e-01	4.9600000000e-01	2.0977289239e-08	
249	4.9800000000e-01	4.9800000000e-01	2.3618618172e-08	
250	5.0000000000e-01	5.0000000000e-01	2.6592246627e-08	
251	5.0200000000e-01	5.0200000000e-01	2.9939940305e-08	
252	5.0400000000e-01	5.0400000000e-01	3.3708708713e-08	
253	5.0600000000e-01	5.0600000000e-01	3.7951409126e-08	
254	5.0800000000e-01	5.0800000000e-01	4.2727570815e-08	
255	5.1000000000e-01	5.1000000000e-01	4.8104155326e-08	
256	5.1200000000e-01	5.1200000000e-01	5.4156515716e-08	
257	5.1400000000e-01	5.1400000000e-01	6.0969419735e-08	
258	5.1600000000e-01	5.1600000000e-01	6.8638307482e-08	
259	5.1800000000e-01	5.1800000000e-01	7.7270428278e-08	
260	5.2000000000e-01	5.2000000000e-01	8.6986553072e-08	
261	5.2200000000e-01	5.2200000000e-01	9.7922509212e-08	
262	5.2400000000e-01	5.2400000000e-01	1.1023104207e-07	
263	5.2600000000e-01	5.2600000000e-01	1.2408398220e-07	
264	5.2800000000e-01	5.2800000000e-01	1.3967459722e-07	
265	5.3000000000e-01	5.3000000000e-01	1.5722020663e-07	
266	5.3200000000e-01	5.3200000000e-01	1.7696520871e-07	
267	5.3400000000e-01	5.3400000000e-01	1.9918442007e-07	
268	5.3600000000e-01	5.3600000000e-01	2.2418677759e-07	
269	5.3800000000e-01	5.3800000000e-01	2.5231965139e-07	
270	5.4000000000e-01	5.4000000000e-01	2.8397342788e-07	
271	5.4200000000e-01	5.4200000000e-01	3.1958698798e-07	
272	5.4400000000e-01	5.4400000000e-01	3.5965348388e-07	
273	5.4600000000e-01	5.4600000000e-01	4.0472714602e-07	
274	5.4800000000e-01	5.4800000000e-01	4.5543058036e-07	
275	5.5000000000e-01	5.5000000000e-01	5.1246332333e-07	
276	5.5200000000e-01	5.5200000000e-01	5.7661107888e-07	
277	5.5400000000e-01	5.5400000000e-01	6.4875624162e-07	
278	5.5600000000e-01	5.5600000000e-01	7.2988965627e-07	
279	5.5800000000e-01	5.5800000000e-01	8.2112376276e-07	
280	5.6000000000e-01	5.6000000000e-01	9.2370722626e-07	
281	5.6200000000e-01	5.6200000000e-01	1.0390414076e-06	
282	5.6400000000e-01	5.6400000000e-01	1.1686987378e-06	
283	5.6600000000e-01	5.6600000000e-01	1.3144431463e-06	
284	5.6800000000e-01	5.6800000000e-01	1.4782530044e-06	
285	5.7000000000e-01	5.7000000000e-01	1.6623466408e-06	
286	5.7200000000e-01	5.7200000000e-01	1.8692107915e-06	
287	5.7400000000e-01	5.7400000000e-01	2.1016323544e-06	
288	5.7600000000e-01	5.7600000000e-01	2.3627337740e-06	
289	5.7800000000e-01	5.7800000000e-01	2.6560122990e-06	
290	5.8000000000e-01	5.8000000000e-01	2.9853838512e-06	
291	5.8200000000e-01	5.8200000000e-01	3.3552315912e-06	
292	5.8400000000e-01	5.8400000000e-01	3.7704600189e-06	
293	5.8600000000e-01	5.8600000000e-01	4.2365548936e-06	
294	5.8800000000e-01	5.8800000000e-01	4.7596497765e-06	
295	5.9000000000e-01	5.9000000000e-01	5.3465996785e-06	
296	5.9200000000e-01	5.9200000000e-01	6.0050625805e-06	
297	5.9400000000e-01	5.9400000000e-01	6.7435896440e-06	
298	5.9600000000e-01	5.9600000000e-01	7.5717246872e-06	
299	5.9800000000e-01	5.9800000000e-01	8.5001141841e-06	
300	6.0000000000e-01	6.0000000000e-01	9.5406281986e-06	
301	6.0200000000e-01	6.0200000000e-01	1.0706493711e-05	
302	6.0400000000e-01	6.0400000000e-01	1.2012441026e-05	
303	6.0600000000e-01	6.0600000000e-01	1.3474864566e-05	
304	6.0800000000e-01	6.0800000000e-01	1.5111999069e-05	
305	6.1000000000e-01	6.1000000000e-01	1.6944112417e-05	
306	6.1200000000e-01	6.1200000000e-01	1.8993716353e-05	
307	6.1400000000e-01	6.1400000000e-01	2.1285796372e-05	
308	6.1600000000e-01	6.1600000000e-01	2.3848061993e-05	
309	6.1800000000e-01	6.1800000000e-01	2.6711218858e-05	
310	6.2000000000e-01	6.2000000000e-01	2.9909263887e-05	
311	6.2200000000e-01	6.2200000000e-01	3.3479804898e-05	
312	6.2400000000e-01	6.2400000000e-01	3.7464405906e-05	
313	6.2600000000e-01	6.2600000000e-01	4.1908959517e-05	
314	6.2800000000e-01	6.2800000000e-01	4.6864087366e-05	
315	6.3000000000e-01	6.3000000000e-01	5.2385570079e-05	
316	6.3200000000e-01	6.3200000000e-01	5.8534807550e-05	
317	6.3400000000e-01	6.3400000000e-01	6.5379310655e-05	
318	6.3600000000e-01	6.3600000000e-01	7.2993224983e-05	
319	6.3800000000e-01	6.3800000000e-01	8.1457887646e-05	
320	6.4000000000e-01	6.4000000000e-01	9.0862417274e-05	
321	6.4200000000e-01	6.4200000000e-01	1.0130433794e-04	
322	6.4400000000e-01	6.4400000000e-01	1.1289023682e-04	
323	6.4600000000e-01	6.4600000000e-01	1.2573645613e-04	
324	6.4800000000e-01	6.4800000000e-01	1.3996981880e-04	
325	6.5000000000e-01	6.5000000000e-01	1.5572838792e-04	
326	6.5200000000e-01	6.5200000000e-01	1.7316225973e-04	
327	6.5400000000e-01	6.5400000000e-01	1.9243438963e-04	
328	6.5600000000e-01	6.5600000000e-01	2.1372145118e-04	
329	6.5800000000e-01	6.5800000000e-01	2.3721472792e-04	
330	6.6000000000e-01	6.6000000000e-01	2.6312103790e-04	
331	6.6200000000e-01	6.6200000000e-01	2.9166369170e-04	
332	6.6400000000e-01	6.6400000000e-01	3.2308348459e-04	
333	6.6600000000e-01	6.6600000000e-01	3.5763972440e-04	
334	6.6800000000e-01	6.6800000000e-01	3.9561129751e-04	
335	6.7000000000e-01	6.7000000000e-01	4.3729777602e-04	
336	6.7200000000e-01	6.7200000000e-01	4.8302057067e-04	
337	6.7400000000e-01	6.7400000000e-01	5.3312413481e-04	
338	6.7600000000e-01	6.7600000000e-01	5.8797722694e-04	
339	6.7800000000e-01	6.7800000000e-01	6.4797424025e-04	
340	6.8000000000e-01	6.8000000000e-01	7.1353660972e-04	
341	6.8200000000e-01	6.8200000000e-01	7.8511430949e-04	
342	6.8400000000e-01	6.8400000000e-01	8.6318745488e-04	
343	6.8600000000e-01	6.8600000000e-01	9.4826802582e-04	
344	6.8800000000e-01	6.8800000000e-01	1.0409017311e-03	
345	6.9000000000e-01	6.9000000000e-01	1.1416700343e-03	
346	6.9200000000e-01	6.9200000000e-01	1.2511923666e-03	
347	6.9400000000e-01	6.9400000000e-01	1.3701285514e-03	
348	6.9600000000e-01	6.9600000000e-01	1.4991814715e-03	
349	6.9800000000e-01	6.9800000000e-01	1.6391000097e-03	
350	7.0000000000e-01	7.0000000000e-01	1.7906822980e-03	
351	7.0200000000e-01	7.0200000000e-01	1.9547793127e-03	
352	7.0400000000e-01	7.0400000000e-01	2.1322988568e-03	
353	7.0600000000e-01	7.0600000000e-01	2.3242099721e-03	
354	7.0800000000e-01	7.0800000000e-01	2.5315478300e-03	
355	7.1000000000e-01	7.1000000000e-01	2.7554191516e-03	
356	7.1200000000e-01	7.1200000000e-01	2.9970082118e-03	
357	7.1400000000e-01	7.1400000000e-01	3.2575834886e-03	
358	7.1600000000e-01	7.1600000000e-01	3.5385050211e-03	
359	7.1800000000e-01	7.1800000000e-01	3.8412325495e-03	
360	7.2000000000e-01	7.2000000000e-01	4.1673345114e-03	
361	7.2200000000e-01	7.2200000000e-01	4.5184979814e-03	
362	7.2400000000e-01	7.2400000000e-01	4.8965396462e-03	
363	7.2600000000e-01	7.2600000000e-01	5.3034179162e-03	
364	7.2800000000e-01	7.2800000000e-01	5.7412462867e-03	
365	7.3000000000e-01	7.3000000000e-01	6.2123080709e-03	
366	7.3200000000e-01	7.3200000000e-01	6.7190726423e-03	
367	7.3400000000e-01	7.3400000000e-01	7.2642133338e-03	
368	7.3600000000e-01	7.3600000000e-01	7.8506271593e-03	
369	7.3800000000e-01	7.3800000000e-01	8.4814565389e-03	
370	7.4000000000e-01	7.4000000000e-01	9.1601132252e-03	
371	7.4200000000e-01	7.4200000000e-01	9.8903046493e-03	
372	7.4400000000e-01	7.4400000000e-01	1.0676062923e-02	
373	7.4600000000e-01	7.4600000000e-01	1.1521776758e-02	
374	7.4800000000e-01	7.4800000000e-01	1.2432226581e-02	
375	7.5000000000e-01	7.5000000000e-01	1.3412623151e-02	
376	7.5200000000e-01	7.5200000000e-01	1.4468650006e-02	
377	7.5400000000e-01	7.5400000000e-01	1.5606510085e-02	
378	7.5600000000e-01	7.5600000000e-01	1.6832976914e-02	
379	7.5800000000e-01	7.5800000000e-01	1.8155450721e-02	
380	7.6000000000e-01	7.6000000000e-01	1.9582019927e-02	
381	7.6200000000e-01	7.6200000000e-01	2.1121528406e-02	
382	7.6400000000e-01	7.6400000000e-01	2.2783648974e-02	
383	7.6600000000e-01	7.6600000000e-01	2.4578963521e-02	
384	7.6800000000e-01	7.6800000000e-01	2.6519050226e-02	
385	7.7000000000e-01	7.7000000000e-01	2.8616578241e-02	
386	7.7200000000e-01	7.7200000000e-01	3.0885410223e-02	
387	7.7400000000e-01	7.7400000000e-01	3.3340712990e-02	
388	7.7600000000e-01	7.7600000000e-01	3.5999076522e-02	
389	7.7800000000e-01	7.7800000000e-01	3.8878641401e-02	
390	7.8000000000e-01	7.8000000000e-01	4.1999234599e-02	
391	7.8200000000e-01	7.8200000000e-01	4.5382513353e-02	
392	7.8400000000e-01	7.8400000000e-01	4.9052116572e-02	
393	7.8600000000e-01	7.8600000000e-01	5.3033822937e-02	
394	7.8800000000e-01	7.8800000000e-01	5.7355714417e-02	
395	7.9000000000e-01	7.9000000000e-01	6.2048343513e-02	
396	7.9200000000e-01	7.9200000000e-01	6.7144901940e-02	
397	7.9400000000e-01	7.9400000000e-01	7.2681387884e-02	
398	7.9600000000e-01	7.9600000000e-01	7.8696768212e-02	
399	7.9800000000e-01	7.9800000000e-01	8.5233131272e-02	
400	8.0000000000e-01	8.0000000000e-01	9.2335825052e-02	
401	8.0200000000e-01	8.0200000000e-01	1.0005357464e-01	
402	8.0400000000e-01	8.0400000000e-01	1.0843857204e-01	
403	8.0600000000e-01	8.0600000000e-01	1.1754653058e-01	
404	8.0800000000e-01	8.0800000000e-01	1.2743669557e-01	
405	8.1000000000e-01	8.1000000000e-01	1.3817180235e-01	
406	8.1200000000e-01	8.1200000000e-01	1.4981797263e-01	
407	8.1400000000e-01	8.1400000000e-01	1.6244454045e-01	
408	8.1600000000e-01	8.1600000000e-01	1.7612379965e-01	
409	8.1800000000e-01	8.1800000000e-01	1.9093066624e-01	
410	8.2000000000e-01	8.2000000000e-01	2.0694225087e-01	
411	8.2200000000e-01	8.2200000000e-01	2.2423733953e-01	
412	8.2400000000e-01	8.2400000000e-01	2.4289578364e-01	
413	8.2600000000e-01	8.2600000000e-01	2.6299780495e-01	
414	8.2800000000e-01	8.2800000000e-01	2.8462322477e-01	
415	8.3000000000e-01	8.3000000000e-01	3.0785063156e-01	
416	8.3200000000e-01	8.3200000000e-01	3.3275650516e-01	
417	8.3400000000e-01	8.3400000000e-01	3.5941432013e-01	
418	8.3600000000e-01	8.3600000000e-01	3.8789365292e-01	
419	8.3800000000e-01	8.3800000000e-01	4.1825932011e-01	
420	8.4000000000e-01	8.4000000000e-01	4.5057057461e-01	
421	8.4200000000e-01	8.4200000000e-01	4.8488038595e-01	
422	8.4400000000e-01	8.4400000000e-01	5.2123482754e-01	
423	8.4600000000e-01	8.4600000000e-01	5.5967258983e-01	
424	8.4800000000e-01	8.4800000000e-01	6.0022463273e-01	
425	8.5000000000e-01	8.5000000000e-01	6.4291398477e-01	
426	8.5200000000e-01	8.5200000000e-01	6.8775569003e-01	
427	8.5400000000e-01	8.5400000000e-01	7.3475689790e-01	
428	8.5600000000e-01	8.5600000000e-01	7.8391708530e-01	
429	8.5800000000e-01	8.5800000000e-01	8.3522839655e-01	
430	8.6000000000e-01	8.6000000000e-01	8.8867608279e-01	
431	8.6200000000e-01	8.6200000000e-01	9.4423902104e-01	
432	8.6400000000e-01	8.6400000000e-01	1.0018902920e+00	
433	8.6600000000e-01	8.6600000000e-01	1.0615977963e+00	
434	8.6800000000e-01	8.6800000000e-01	1.1233248899e+00	
435	8.7000000000e-01	8.7000000000e-01	1.1870310224e+00	
436	8.7200000000e-01	8.7200000000e-01	1.2526723618e+00	
437	8.7400000000e-01	8.7400000000e-01	1.3202023959e+00	
438	8.7600000000e-01	8.7600000000e-01	1.3895724989e+00	
439	8.7800000000e-01	8.7800000000e-01	1.4607324586e+00	
440	8.8000000000e-01	8.8000000000e-01	1.5336309572e+00	
441	8.8200000000e-01	8.8200000000e-01	1.6082160060e+00	
442	8.8400000000e-01	8.8400000000e-01	1.6844353307e+00	
443	8.8600000000e-01	8.8600000000e-01	1.7622367107e+00	
444	8.8800000000e-01	8.8800000000e-01	1.8415682714e+00	
445	8.9000000000e-01	8.9000000000e-01	1.9223787347e+00	
446	8.9200000000e-01	8.9200000000e-01	2.0046176283e+00	
447	8.9400000000e-01	8.9400000000e-01	2.0882354596e+00	
448	8.9600000000e-01	8.9600000000e-01	2.1731838553e+00	
449	8.9800000000e-01	8.9800000000e-01	2.2594156725e+00	
450	9.0000000000e-01	9.0000000000e-01	2.3468850832e+00	
451	9.0200000000e-01	9.0200000000e-01	2.4355476357e+00	
452	9.0400000000e-01	9.0400000000e-01	2.5253602969e+00	
453	9.0600000000e-01	9.0600000000e-01	2.6162814773e+00	
454	9.0800000000e-01	9.0800000000e-01	2.7082710415e+00	
455	9.1000000000e-01	9.1000000000e-01	2.8012903069e+00	
456	9.1200000000e-01	9.1200000000e-01	2.8953020321e+00	
457	9.1400000000e-01	9.1400000000e-01	2.9902703973e+00	
458	9.1600000000e-01	9.1600000000e-01	3.0861609781e+00	
459	9.1800000000e-01	9.1800000000e-01	3.1829407137e+00	
460	9.2000000000e-01	9.2000000000e-01	3.2805778713e+00	
461	9.2200000000e-01	9.2200000000e-01	3.3790420074e+00	
462	9.2400000000e-01	9.2400000000e-01	3.4783039268e+00	
463	9.2600000000e-01	9.2600000000e-01	3.5783356401e+00	
464	9.2800000000e-01	9.2800000000e-01	3.6791103203e+00	
465	9.3000000000e-01	9.3000000000e-01	3.7806022593e+00	
466	9.3200000000e-01	9.3200000000e-01	3.8827868239e+00	
467	9.3400000000e-01	9.3400000000e-01	3.9856404128e+00	
468	9.3600000000e-01	9.3600000000e-01	4.0891404137e+00	
469	9.3800000000e-01	9.3800000000e-01	4.1932651616e+00	
470	9.4000000000e-01	9.4000000000e-01	4.2979938981e+00	
471	9.4200000000e-01	9.4200000000e-01	4.4033067314e+00	
472	9.4400000000e-01	9.4400000000e-01	4.5091845985e+00	
473	9.4600000000e-01	9.4600000000e-01	4.6156092276e+00	
474	9.4800000000e-01	9.4800000000e-01	4.7225631027e+00	
475	9.5000000000e-01	9.5000000000e-01	4.8300294293e+00	
476	9.5200000000e-01	9.5200000000e-01	4.9379921012e+00	
477	9.5400000000e-01	9.5400000000e-01	5.0464356692e+00	
478	9.5600000000e-01	9.5600000000e-01	5.1553453108e+00	
479	9.5800000000e-01	9.5800000000e-01	5.2647068012e+00	
480	9.6000000000e-01	9.6000000000e-01	5.3745064859e+00	
481	9.6200000000e-01	9.6200000000e-01	5.4847312544e+00	
482	9.6400000000e-01	9.6400000000e-01	5.5953685150e+00	
483	9.6600000000e-01	9.6600000000e-01	5.7064061710e+00	
484	9.6800000000e-01	9.6800000000e-01	5.8178325979e+00	
485	9.7000000000e-01	9.7000000000e-01	5.9296366219e+00	
486	9.7200000000e-01	9.7200000000e-01	6.0418074991e+00	
487	9.7400000000e-01	9.7400000000e-01	6.1543348960e+00	
488	9.7600000000e-01	9.7600000000e-01	6.2672088708e+00	
489	9.7800000000e-01	9.7800000000e-01	6.3804198559e+00	
490	9.8000000000e-01	9.8000000000e-01	6.4939586407e+00	
491	9.8200000000e-01	9.8200000000e-01	6.6078163560e+00	
492	9.8400000000e-01	9.8400000000e-01	6.7219844583e+00	
493	9.8600000000e-01	9.8600000000e-01	6.8364547158e+00	
494	9.8800000000e-01	9.8800000000e-01	6.9512191945e+00	
495	9.9000000000e-01	9.9000000000e-01	7.0662702448e+00	
496	9.9200000000e-01	9.9200000000e-01	7.1816004895e+00	
497	9.9400000000e-01	9.9400000000e-01	7.2972028120e+00	
498	9.9600000000e-01	9.9600000000e-01	7.4130703446e+00	
499	9.9800000000e-01	9.9800000000e-01	7.5291964582e+00	
500	1.0000000000e+00	1.0000000000e+00	7.6455747521e+00	
ngspice-46 done
Warning: diode_pd2nw_06v0: IKR too small - model effect disabled!
