
Note: No compatibility mode selected!


Circuit: * gate-driver-core-drive-postlayout @ ff_-40c_vlogic2p97v-vdrv4p50v -- generated by sim/harness, do not edit

Doing analysis at TEMP = -40.000000 and TNOM = 27.000000

Using SPARSE 1.3 as Direct Linear Solver

Initial Transient Solution
--------------------------

Node                                   Voltage
----                                   -------
x1_inb                                    2.97
in                                           0
gnd_logic                                    0
x1_na                                  2.16742
x1_nb                              3.08756e-10
gnd_drv                            3.34281e-12
x2_n3                                      4.5
x2_n4                              1.94896e-09
x2_n5                                      4.5
out                                2.06687e-09
in_drv                             6.68217e-10
x1_nbuf1                                   4.5
x1_ncb                             8.40422e-10
x1_nca                                     4.5
vdd_logic                                 2.97
x2_n1                                      4.5
x2_n2                              1.31289e-09
vdd_drv                                    4.5
outcap                             2.06687e-09
vimeas#branch                       7.2136e-25
vin#branch                                   0
vgnd_logic#branch                  3.35342e-09
vsup_drv#branch                   -3.35027e-09
vsup_logic#branch                 -3.14719e-12

 Reference value :  1.01633e-07
 Reference value :  2.56033e-07
 Reference value :  3.80422e-07
 Reference value :  5.59222e-07
No. of Data Rows : 7213
trise10_90          =  3.82017e-09 targ=  2.59799e-08 trig=  2.21598e-08
tfall10_90          =  3.65919e-09 targ=  3.26641e-07 trig=  3.22982e-07
tpdlh               =  3.19444e-09 targ=  2.36944e-08 trig=  2.05000e-08
tpdhl               =  3.13031e-09 targ=  3.24630e-07 trig=  3.21500e-07
m_trise_s = 3.8201680000e-09
m_tfall_s = 3.6591880000e-09
m_tpdlh_s = 3.1944420000e-09
m_tpdhl_s = 3.1303060000e-09
m_ipeak_source_a = 1.2119163213e+00
m_ipeak_sink_a = 1.1198366852e+00
m_vout_max_v = 4.5041407658e+00
m_vout_min_v = -2.551609223e-03
m_vin_max_v = 2.9700000000e+00
m_vin_min_v = 0.0000000000e+00
m_indrv_max_v = 4.5993865365e+00
m_indrv_min_v = -2.653856121e-02
m_n1_max_v = 4.5955207714e+00
m_n1_min_v = -4.504607614e-02
m_n2_max_v = 4.5621548278e+00
m_n2_min_v = -3.632747771e-02
m_n3_max_v = 4.5469947785e+00
m_n3_min_v = -2.611434938e-02
m_n4_max_v = 4.5451284799e+00
m_n4_min_v = -2.596941207e-02
m_n5_max_v = 4.5458621545e+00
m_n5_min_v = -2.611152986e-02
Note: Simulation executed from .control section 

Note: vimeas: has no value, DC 0 assumed
