
Note: No compatibility mode selected!


Circuit: * gate-driver-core-drive-postlayout @ ff_-40c_vlogic3p30v-vdrv6p00v -- generated by sim/harness, do not edit

Doing analysis at TEMP = -40.000000 and TNOM = 27.000000

Using SPARSE 1.3 as Direct Linear Solver

Initial Transient Solution
--------------------------

Node                                   Voltage
----                                   -------
x1_inb                                     3.3
in                                           0
gnd_logic                                    0
x1_na                                  2.46583
x1_nb                              3.99218e-10
gnd_drv                            4.46061e-12
x2_n3                                        6
x2_n4                              2.28626e-09
x2_n5                                        6
out                                2.42455e-09
in_drv                             7.84591e-10
x1_nbuf1                                     6
x1_ncb                             1.04843e-09
x1_nca                                       6
vdd_logic                                  3.3
x2_n1                                        6
x2_n2                              1.54074e-09
vdd_drv                                      6
outcap                             2.42455e-09
vimeas#branch                     -7.07627e-25
vin#branch                                   0
vgnd_logic#branch                  4.47373e-09
vsup_drv#branch                   -4.47017e-09
vsup_logic#branch                 -3.56226e-12

 Reference value :  8.45197e-08
 Reference value :  2.59920e-07
 Reference value :  4.05701e-07
 Reference value :  5.84101e-07
No. of Data Rows : 7226
trise10_90          =  3.26212e-09 targ=  2.51757e-08 trig=  2.19136e-08
tfall10_90          =  3.29695e-09 targ=  3.26101e-07 trig=  3.22804e-07
tpdlh               =  2.72480e-09 targ=  2.32248e-08 trig=  2.05000e-08
tpdhl               =  2.79855e-09 targ=  3.24299e-07 trig=  3.21500e-07
m_trise_s = 3.2621230000e-09
m_tfall_s = 3.2969470000e-09
m_tpdlh_s = 2.7247960000e-09
m_tpdhl_s = 2.7985510000e-09
m_ipeak_source_a = 1.8872373554e+00
m_ipeak_sink_a = 1.6515320545e+00
m_vout_max_v = 6.0042722023e+00
m_vout_min_v = -2.502537279e-03
m_vin_max_v = 3.3000000000e+00
m_vin_min_v = 0.0000000000e+00
m_indrv_max_v = 6.1077932319e+00
m_indrv_min_v = -2.315587890e-02
m_n1_max_v = 6.1003800467e+00
m_n1_min_v = -4.140363102e-02
m_n2_max_v = 6.0678603438e+00
m_n2_min_v = -3.991525511e-02
m_n3_max_v = 6.0449188463e+00
m_n3_min_v = -2.579640881e-02
m_n4_max_v = 6.0424490373e+00
m_n4_min_v = -2.532638846e-02
m_n5_max_v = 6.0426884778e+00
m_n5_min_v = -2.517206170e-02
Note: Simulation executed from .control section 

Note: vimeas: has no value, DC 0 assumed
