
Note: No compatibility mode selected!


Circuit: * gate-driver-core-drive-postlayout @ ff_-40c_vlogic3p30v-vdrv5p00v -- generated by sim/harness, do not edit

Doing analysis at TEMP = -40.000000 and TNOM = 27.000000

Using SPARSE 1.3 as Direct Linear Solver

Initial Transient Solution
--------------------------

Node                                   Voltage
----                                   -------
x1_inb                                     3.3
in                                           0
gnd_logic                                    0
x1_na                                  2.45012
x1_nb                              3.32605e-10
gnd_drv                            3.71573e-12
x2_n3                                        5
x2_n4                              2.04959e-09
x2_n5                                        5
out                                2.17358e-09
in_drv                             7.02982e-10
x1_nbuf1                                     5
x1_ncb                             8.73492e-10
x1_nca                                       5
vdd_logic                                  3.3
x2_n1                                        5
x2_n2                              1.38096e-09
vdd_drv                                      5
outcap                             2.17358e-09
vimeas#branch                      1.11476e-25
vin#branch                                   0
vgnd_logic#branch                  3.72771e-09
vsup_drv#branch                   -3.72414e-09
vsup_logic#branch                 -3.56226e-12

 Reference value :  8.52442e-08
 Reference value :  2.58544e-07
 Reference value :  4.05454e-07
 Reference value :  5.85254e-07
No. of Data Rows : 7223
trise10_90          =  3.58529e-09 targ=  2.56557e-08 trig=  2.20704e-08
tfall10_90          =  3.50114e-09 targ=  3.26397e-07 trig=  3.22895e-07
tpdlh               =  3.01062e-09 targ=  2.35106e-08 trig=  2.05000e-08
tpdhl               =  2.97685e-09 targ=  3.24477e-07 trig=  3.21500e-07
m_trise_s = 3.5852880000e-09
m_tfall_s = 3.5011440000e-09
m_tpdlh_s = 3.0106180000e-09
m_tpdhl_s = 2.9768460000e-09
m_ipeak_source_a = 1.4308948443e+00
m_ipeak_sink_a = 1.2813714538e+00
m_vout_max_v = 5.0042744754e+00
m_vout_min_v = -2.541013508e-03
m_vin_max_v = 3.3000000000e+00
m_vin_min_v = 0.0000000000e+00
m_indrv_max_v = 5.1033052116e+00
m_indrv_min_v = -2.334910901e-02
m_n1_max_v = 5.1033105543e+00
m_n1_min_v = -4.423754206e-02
m_n2_max_v = 5.0647586203e+00
m_n2_min_v = -3.764988327e-02
m_n3_max_v = 5.0466332307e+00
m_n3_min_v = -2.605370588e-02
m_n4_max_v = 5.0449989316e+00
m_n4_min_v = -2.599251651e-02
m_n5_max_v = 5.0455677664e+00
m_n5_min_v = -2.608908117e-02
Note: Simulation executed from .control section 

Note: vimeas: has no value, DC 0 assumed
