
Note: No compatibility mode selected!


Circuit: * gate-driver-core-drive-postlayout @ ff_125c_vlogic3p30v-vdrv5p00v -- generated by sim/harness, do not edit

Doing analysis at TEMP = 125.000000 and TNOM = 27.000000

Using SPARSE 1.3 as Direct Linear Solver

Initial Transient Solution
--------------------------

Node                                   Voltage
----                                   -------
x1_inb                                 3.29999
in                                           0
gnd_logic                                    0
x1_na                                  2.45416
x1_nb                              2.05275e-09
gnd_drv                            1.25888e-10
x2_n3                                        5
x2_n4                              3.26113e-08
x2_n5                                        5
out                                3.45802e-08
in_drv                             1.48297e-08
x1_nbuf1                                     5
x1_ncb                             5.84513e-09
x1_nca                                 4.99993
vdd_logic                                  3.3
x2_n1                                        5
x2_n2                              3.26127e-08
vdd_drv                                      5
outcap                             3.45802e-08
vimeas#branch                      1.16607e-22
vin#branch                                   0
vgnd_logic#branch                  1.62577e-07
vsup_drv#branch                   -1.51306e-07
vsup_logic#branch                  -1.1271e-08

 Reference value :  9.63757e-08
 Reference value :  2.72276e-07
 Reference value :  4.29524e-07
 Reference value :  6.10924e-07
No. of Data Rows : 7184
trise10_90          =  5.16539e-09 targ=  2.78576e-08 trig=  2.26922e-08
tfall10_90          =  5.12489e-09 targ=  3.28518e-07 trig=  3.23393e-07
tpdlh               =  4.11395e-09 targ=  2.46140e-08 trig=  2.05000e-08
tpdhl               =  4.04062e-09 targ=  3.25541e-07 trig=  3.21500e-07
m_trise_s = 5.1653880000e-09
m_tfall_s = 5.1248930000e-09
m_tpdlh_s = 4.1139530000e-09
m_tpdhl_s = 4.0406170000e-09
m_ipeak_source_a = 1.0924898670e+00
m_ipeak_sink_a = 9.5943117499e-01
m_vout_max_v = 5.0034534400e+00
m_vout_min_v = -2.061919086e-03
m_vin_max_v = 3.3000000000e+00
m_vin_min_v = 0.0000000000e+00
m_indrv_max_v = 5.1010039874e+00
m_indrv_min_v = -1.567891115e-02
m_n1_max_v = 5.0837549016e+00
m_n1_min_v = -3.988410424e-02
m_n2_max_v = 5.0625494853e+00
m_n2_min_v = -3.470915977e-02
m_n3_max_v = 5.0420537795e+00
m_n3_min_v = -2.362317229e-02
m_n4_max_v = 5.0390195669e+00
m_n4_min_v = -2.290133573e-02
m_n5_max_v = 5.0397546697e+00
m_n5_min_v = -2.263288027e-02
Note: Simulation executed from .control section 

Note: vimeas: has no value, DC 0 assumed
