
Note: No compatibility mode selected!


Circuit: * gate-driver-core-drive-postlayout @ ff_125c_vlogic3p30v-vdrv6p00v -- generated by sim/harness, do not edit

Doing analysis at TEMP = 125.000000 and TNOM = 27.000000

Using SPARSE 1.3 as Direct Linear Solver

Initial Transient Solution
--------------------------

Node                                   Voltage
----                                   -------
x1_inb                                 3.29999
in                                           0
gnd_logic                                    0
x1_na                                  2.47236
x1_nb                              2.56131e-09
gnd_drv                            1.69443e-10
x2_n3                                        6
x2_n4                              3.89794e-08
x2_n5                                        6
out                                4.13316e-08
in_drv                             1.77368e-08
x1_nbuf1                                     6
x1_ncb                             7.29323e-09
x1_nca                                 5.99994
vdd_logic                                  3.3
x2_n1                                        6
x2_n2                              3.90035e-08
vdd_drv                                      6
outcap                             4.13316e-08
vimeas#branch                     -8.78233e-22
vin#branch                                   0
vgnd_logic#branch                   2.0647e-07
vsup_drv#branch                   -1.95199e-07
vsup_logic#branch                  -1.1271e-08

 Reference value :  9.83190e-08
 Reference value :  2.74519e-07
 Reference value :  4.25943e-07
 Reference value :  6.05443e-07
No. of Data Rows : 7190
trise10_90          =  4.55224e-09 targ=  2.69901e-08 trig=  2.24378e-08
tfall10_90          =  4.86193e-09 targ=  3.28114e-07 trig=  3.23252e-07
tpdlh               =  3.63264e-09 targ=  2.41326e-08 trig=  2.05000e-08
tpdhl               =  3.79302e-09 targ=  3.25293e-07 trig=  3.21500e-07
m_trise_s = 4.5522410000e-09
m_tfall_s = 4.8619290000e-09
m_tpdlh_s = 3.6326390000e-09
m_tpdhl_s = 3.7930200000e-09
m_ipeak_source_a = 1.4814569890e+00
m_ipeak_sink_a = 1.2157187005e+00
m_vout_max_v = 6.0034342913e+00
m_vout_min_v = -2.041534758e-03
m_vin_max_v = 3.3000000000e+00
m_vin_min_v = 0.0000000000e+00
m_indrv_max_v = 6.0997323142e+00
m_indrv_min_v = -1.827406739e-02
m_n1_max_v = 6.0829401387e+00
m_n1_min_v = -3.718380286e-02
m_n2_max_v = 6.0661245783e+00
m_n2_min_v = -3.703530198e-02
m_n3_max_v = 6.0399872609e+00
m_n3_min_v = -2.409196934e-02
m_n4_max_v = 6.0359458339e+00
m_n4_min_v = -2.275522641e-02
m_n5_max_v = 6.0360055984e+00
m_n5_min_v = -2.223246841e-02
Note: Simulation executed from .control section 

Note: vimeas: has no value, DC 0 assumed
