
Note: No compatibility mode selected!


Circuit: * gate-driver-core-drive-postlayout @ ff_125c_vlogic3p63v-vdrv5p50v -- generated by sim/harness, do not edit

Doing analysis at TEMP = 125.000000 and TNOM = 27.000000

Using SPARSE 1.3 as Direct Linear Solver

Initial Transient Solution
--------------------------

Node                                   Voltage
----                                   -------
x1_inb                                 3.62999
in                                           0
gnd_logic                                    0
x1_na                                  2.73094
x1_nb                               2.1928e-09
gnd_drv                            1.44149e-10
x2_n3                                      5.5
x2_n4                              3.52447e-08
x2_n5                                      5.5
out                                 3.7372e-08
in_drv                             1.60268e-08
x1_nbuf1                                   5.5
x1_ncb                             6.14541e-09
x1_nca                                 5.49992
vdd_logic                                 3.63
x2_n1                                      5.5
x2_n2                              3.52408e-08
vdd_drv                                    5.5
outcap                              3.7372e-08
vimeas#branch                      2.23054e-22
vin#branch                                   0
vgnd_logic#branch                  1.89834e-07
vsup_drv#branch                    -1.7511e-07
vsup_logic#branch                 -1.47243e-08

 Reference value :  1.09473e-07
 Reference value :  2.85473e-07
 Reference value :  4.36407e-07
 Reference value :  6.15607e-07
No. of Data Rows : 7189
trise10_90          =  4.82947e-09 targ=  2.74048e-08 trig=  2.25753e-08
tfall10_90          =  4.97153e-09 targ=  3.28263e-07 trig=  3.23292e-07
tpdlh               =  3.87203e-09 targ=  2.43720e-08 trig=  2.05000e-08
tpdhl               =  3.87749e-09 targ=  3.25377e-07 trig=  3.21500e-07
m_trise_s = 4.8294650000e-09
m_tfall_s = 4.9715330000e-09
m_tpdlh_s = 3.8720310000e-09
m_tpdhl_s = 3.8774850000e-09
m_ipeak_source_a = 1.2833601128e+00
m_ipeak_sink_a = 1.0877969174e+00
m_vout_max_v = 5.5035342384e+00
m_vout_min_v = -2.040030457e-03
m_vin_max_v = 3.6300000000e+00
m_vin_min_v = 0.0000000000e+00
m_indrv_max_v = 5.6046335738e+00
m_indrv_min_v = -1.466537371e-02
m_n1_max_v = 5.5835408262e+00
m_n1_min_v = -3.899626628e-02
m_n2_max_v = 5.5650405026e+00
m_n2_min_v = -3.589355593e-02
m_n3_max_v = 5.5410538544e+00
m_n3_min_v = -2.395858087e-02
m_n4_max_v = 5.5376846422e+00
m_n4_min_v = -2.294019654e-02
m_n5_max_v = 5.5382843197e+00
m_n5_min_v = -2.227677676e-02
Note: Simulation executed from .control section 

Note: vimeas: has no value, DC 0 assumed
