
Note: No compatibility mode selected!


Circuit: * gate-driver-core-drive-postlayout @ ff_125c_vlogic2p97v-vdrv4p50v -- generated by sim/harness, do not edit

Doing analysis at TEMP = 125.000000 and TNOM = 27.000000

Using SPARSE 1.3 as Direct Linear Solver

Initial Transient Solution
--------------------------

Node                                   Voltage
----                                   -------
x1_inb                                    2.97
in                                           0
gnd_logic                                    0
x1_na                                  2.18079
x1_nb                              1.94722e-09
gnd_drv                            1.11881e-10
x2_n3                                      4.5
x2_n4                              3.07184e-08
x2_n5                                      4.5
out                                3.25733e-08
in_drv                             1.39773e-08
x1_nbuf1                                   4.5
x1_ncb                             5.64866e-09
x1_nca                                 4.49994
vdd_logic                                 2.97
x2_n1                                      4.5
x2_n2                              3.07463e-08
vdd_drv                                    4.5
outcap                             3.25733e-08
vimeas#branch                     -1.53235e-22
vin#branch                                   0
vgnd_logic#branch                  1.41595e-07
vsup_drv#branch                   -1.32801e-07
vsup_logic#branch                 -8.79438e-09

 Reference value :  9.38624e-08
 Reference value :  2.63962e-07
 Reference value :  4.06877e-07
 Reference value :  5.83977e-07
No. of Data Rows : 7175
trise10_90          =  5.58449e-09 targ=  2.84270e-08 trig=  2.28425e-08
tfall10_90          =  5.34050e-09 targ=  3.28861e-07 trig=  3.23521e-07
tpdlh               =  4.42114e-09 targ=  2.49211e-08 trig=  2.05000e-08
tpdhl               =  4.25473e-09 targ=  3.25755e-07 trig=  3.21500e-07
m_trise_s = 5.5844920000e-09
m_tfall_s = 5.3404990000e-09
m_tpdlh_s = 4.4211370000e-09
m_tpdhl_s = 4.2547300000e-09
m_ipeak_source_a = 9.0940467903e-01
m_ipeak_sink_a = 8.2623347830e-01
m_vout_max_v = 4.5033789203e+00
m_vout_min_v = -2.060826723e-03
m_vin_max_v = 2.9700000000e+00
m_vin_min_v = 0.0000000000e+00
m_indrv_max_v = 4.5996200801e+00
m_indrv_min_v = -1.727228137e-02
m_n1_max_v = 4.5779286797e+00
m_n1_min_v = -3.896398113e-02
m_n2_max_v = 4.5594676511e+00
m_n2_min_v = -3.348838655e-02
m_n3_max_v = 4.5407309476e+00
m_n3_min_v = -2.314876765e-02
m_n4_max_v = 4.5391052705e+00
m_n4_min_v = -2.246758377e-02
m_n5_max_v = 4.5402917784e+00
m_n5_min_v = -2.245733781e-02
Note: Simulation executed from .control section 

Note: vimeas: has no value, DC 0 assumed
