
Note: No compatibility mode selected!


Circuit: * gate-driver-core-drive-postlayout @ ff_27c_vlogic3p63v-vdrv5p50v -- generated by sim/harness, do not edit

Doing analysis at TEMP = 27.000000 and TNOM = 27.000000

Using SPARSE 1.3 as Direct Linear Solver

Initial Transient Solution
--------------------------

Node                                   Voltage
----                                   -------
x1_inb                                    3.63
in                                           0
gnd_logic                                    0
x1_na                                  2.76328
x1_nb                              4.29962e-10
gnd_drv                            4.53672e-12
x2_n3                                      5.5
x2_n4                              2.85085e-09
x2_n5                                      5.5
out                                3.02335e-09
in_drv                              9.8008e-10
x1_nbuf1                                   5.5
x1_ncb                             1.14367e-09
x1_nca                                     5.5
vdd_logic                                 3.63
x2_n1                                      5.5
x2_n2                              1.92767e-09
vdd_drv                                    5.5
outcap                             3.02335e-09
vimeas#branch                      1.84177e-25
vin#branch                                   0
vgnd_logic#branch                  4.87701e-09
vsup_drv#branch                   -4.75781e-09
vsup_logic#branch                 -1.19203e-10

 Reference value :  1.05560e-07
 Reference value :  2.85660e-07
 Reference value :  4.32139e-07
 Reference value :  6.10539e-07
No. of Data Rows : 7208
trise10_90          =  4.04452e-09 targ=  2.62828e-08 trig=  2.22383e-08
tfall10_90          =  3.97174e-09 targ=  3.26987e-07 trig=  3.23015e-07
tpdlh               =  3.30065e-09 targ=  2.38006e-08 trig=  2.05000e-08
tpdhl               =  3.25094e-09 targ=  3.24751e-07 trig=  3.21500e-07
m_trise_s = 4.0445150000e-09
m_tfall_s = 3.9717370000e-09
m_tpdlh_s = 3.3006470000e-09
m_tpdhl_s = 3.2509370000e-09
m_ipeak_source_a = 1.4647541479e+00
m_ipeak_sink_a = 1.2932661626e+00
m_vout_max_v = 5.5039508011e+00
m_vout_min_v = -2.349669168e-03
m_vin_max_v = 3.6300000000e+00
m_vin_min_v = 0.0000000000e+00
m_indrv_max_v = 5.6111419867e+00
m_indrv_min_v = -1.667504223e-02
m_n1_max_v = 5.5944133542e+00
m_n1_min_v = -4.256141645e-02
m_n2_max_v = 5.5671111586e+00
m_n2_min_v = -3.837502551e-02
m_n3_max_v = 5.5457589993e+00
m_n3_min_v = -2.566151740e-02
m_n4_max_v = 5.5425935528e+00
m_n4_min_v = -2.494076578e-02
m_n5_max_v = 5.5431753258e+00
m_n5_min_v = -2.481012272e-02
Note: Simulation executed from .control section 

Note: vimeas: has no value, DC 0 assumed
