
Note: No compatibility mode selected!


Circuit: * gate-driver-core-drive-postlayout @ ff_27c_vlogic3p30v-vdrv5p00v -- generated by sim/harness, do not edit

Doing analysis at TEMP = 27.000000 and TNOM = 27.000000

Using SPARSE 1.3 as Direct Linear Solver

Initial Transient Solution
--------------------------

Node                                   Voltage
----                                   -------
x1_inb                                     3.3
in                                           0
gnd_logic                                    0
x1_na                                  2.48269
x1_nb                              4.02411e-10
gnd_drv                            4.10252e-12
x2_n3                                        5
x2_n4                              2.69015e-09
x2_n5                                        5
out                                2.85294e-09
in_drv                             9.24476e-10
x1_nbuf1                                     5
x1_ncb                             1.09775e-09
x1_nca                                       5
vdd_logic                                  3.3
x2_n1                                        5
x2_n2                              1.81852e-09
vdd_drv                                      5
outcap                             2.85294e-09
vimeas#branch                      8.75648e-25
vin#branch                                   0
vgnd_logic#branch                  4.36099e-09
vsup_drv#branch                   -4.27481e-09
vsup_logic#branch                 -8.61842e-11

 Reference value :  9.37742e-08
 Reference value :  2.69274e-07
 Reference value :  4.15461e-07
 Reference value :  5.93161e-07
No. of Data Rows : 7199
trise10_90          =  4.28380e-09 targ=  2.66086e-08 trig=  2.23248e-08
tfall10_90          =  4.10310e-09 targ=  3.27200e-07 trig=  3.23097e-07
tpdlh               =  3.47939e-09 targ=  2.39794e-08 trig=  2.05000e-08
tpdhl               =  3.38690e-09 targ=  3.24887e-07 trig=  3.21500e-07
m_trise_s = 4.2838000000e-09
m_tfall_s = 4.1030970000e-09
m_tpdlh_s = 3.4793910000e-09
m_tpdhl_s = 3.3869000000e-09
m_ipeak_source_a = 1.2555340106e+00
m_ipeak_sink_a = 1.1457650795e+00
m_vout_max_v = 5.0039474322e+00
m_vout_min_v = -2.362471310e-03
m_vin_max_v = 3.3000000000e+00
m_vin_min_v = 0.0000000000e+00
m_indrv_max_v = 5.1060174254e+00
m_indrv_min_v = -2.001097572e-02
m_n1_max_v = 5.0954003794e+00
m_n1_min_v = -4.326852304e-02
m_n2_max_v = 5.0647759595e+00
m_n2_min_v = -3.701257270e-02
m_n3_max_v = 5.0456709734e+00
m_n3_min_v = -2.546575681e-02
m_n4_max_v = 5.0439567952e+00
m_n4_min_v = -2.501720179e-02
m_n5_max_v = 5.0443050607e+00
m_n5_min_v = -2.493518136e-02
Note: Simulation executed from .control section 

Note: vimeas: has no value, DC 0 assumed
