
Note: No compatibility mode selected!


Circuit: * gate-driver-core-drive-postlayout @ ff_27c_vlogic2p97v-vdrv4p50v -- generated by sim/harness, do not edit

Doing analysis at TEMP = 27.000000 and TNOM = 27.000000

Using SPARSE 1.3 as Direct Linear Solver

Initial Transient Solution
--------------------------

Node                                   Voltage
----                                   -------
x1_inb                                    2.97
in                                           0
gnd_logic                                    0
x1_na                                  2.20574
x1_nb                              3.76544e-10
gnd_drv                            3.68327e-12
x2_n3                                      4.5
x2_n4                              2.54607e-09
x2_n5                                      4.5
out                                2.70015e-09
in_drv                             8.74611e-10
x1_nbuf1                                   4.5
x1_ncb                             1.05724e-09
x1_nca                                     4.5
vdd_logic                                 2.97
x2_n1                                      4.5
x2_n2                              1.72064e-09
vdd_drv                                    4.5
outcap                             2.70015e-09
vimeas#branch                      2.14065e-25
vin#branch                                   0
vgnd_logic#branch                  3.88155e-09
vsup_drv#branch                   -3.81799e-09
vsup_logic#branch                 -6.35599e-11

 Reference value :  9.48054e-08
 Reference value :  2.67605e-07
 Reference value :  4.21848e-07
 Reference value :  6.00048e-07
No. of Data Rows : 7192
trise10_90          =  4.58919e-09 targ=  2.70278e-08 trig=  2.24386e-08
tfall10_90          =  4.28457e-09 targ=  3.27484e-07 trig=  3.23200e-07
tpdlh               =  3.71239e-09 targ=  2.42124e-08 trig=  2.05000e-08
tpdhl               =  3.56458e-09 targ=  3.25065e-07 trig=  3.21500e-07
m_trise_s = 4.5891900000e-09
m_tfall_s = 4.2845720000e-09
m_tpdlh_s = 3.7123890000e-09
m_tpdhl_s = 3.5645820000e-09
m_ipeak_source_a = 1.0595993681e+00
m_ipeak_sink_a = 9.8416723184e-01
m_vout_max_v = 4.5038282380e+00
m_vout_min_v = -2.335618201e-03
m_vin_max_v = 2.9700000000e+00
m_vin_min_v = 0.0000000000e+00
m_indrv_max_v = 4.6015373145e+00
m_indrv_min_v = -2.321994311e-02
m_n1_max_v = 4.5931498823e+00
m_n1_min_v = -4.255069044e-02
m_n2_max_v = 4.5615506646e+00
m_n2_min_v = -3.546610431e-02
m_n3_max_v = 4.5461279139e+00
m_n3_min_v = -2.499476864e-02
m_n4_max_v = 4.5434067243e+00
m_n4_min_v = -2.491386538e-02
m_n5_max_v = 4.5446336646e+00
m_n5_min_v = -2.497189291e-02
Note: Simulation executed from .control section 

Note: vimeas: has no value, DC 0 assumed
