
Note: No compatibility mode selected!


Circuit: * gate-driver-core-drive-postlayout @ fs_-40c_vlogic3p30v-vdrv6p00v -- generated by sim/harness, do not edit

Doing analysis at TEMP = -40.000000 and TNOM = 27.000000

Using SPARSE 1.3 as Direct Linear Solver

Initial Transient Solution
--------------------------

Node                                   Voltage
----                                   -------
x1_inb                                     3.3
in                                           0
gnd_logic                                    0
x1_na                                  2.43231
x1_nb                              4.00063e-10
gnd_drv                            4.34215e-12
x2_n3                                        6
x2_n4                              2.28177e-09
x2_n5                                        6
out                                 2.4198e-09
in_drv                             7.77266e-10
x1_nbuf1                                     6
x1_ncb                             1.06314e-09
x1_nca                                       6
vdd_logic                                  3.3
x2_n1                                        6
x2_n2                              1.52256e-09
vdd_drv                                      6
outcap                              2.4198e-09
vimeas#branch                      1.55096e-25
vin#branch                                   0
vgnd_logic#branch                   4.3547e-09
vsup_drv#branch                    -4.3513e-09
vsup_logic#branch                 -3.40684e-12

 Reference value :  8.90096e-08
 Reference value :  2.67910e-07
 Reference value :  4.07938e-07
 Reference value :  5.88738e-07
No. of Data Rows : 7233
trise10_90          =  4.19554e-09 targ=  2.63988e-08 trig=  2.22033e-08
tfall10_90          =  3.45141e-09 targ=  3.26510e-07 trig=  3.23059e-07
tpdlh               =  3.40165e-09 targ=  2.39016e-08 trig=  2.05000e-08
tpdhl               =  3.12870e-09 targ=  3.24629e-07 trig=  3.21500e-07
m_trise_s = 4.1955350000e-09
m_tfall_s = 3.4514090000e-09
m_tpdlh_s = 3.4016490000e-09
m_tpdhl_s = 3.1286950000e-09
m_ipeak_source_a = 1.4638194788e+00
m_ipeak_sink_a = 1.5571232408e+00
m_vout_max_v = 6.0045261098e+00
m_vout_min_v = -3.366515173e-03
m_vin_max_v = 3.3000000000e+00
m_vin_min_v = 0.0000000000e+00
m_indrv_max_v = 6.1177347127e+00
m_indrv_min_v = -2.774964806e-02
m_n1_max_v = 6.1103215959e+00
m_n1_min_v = -5.019442518e-02
m_n2_max_v = 6.0677375145e+00
m_n2_min_v = -4.464640736e-02
m_n3_max_v = 6.0515350715e+00
m_n3_min_v = -2.908612638e-02
m_n4_max_v = 6.0486702111e+00
m_n4_min_v = -2.899458465e-02
m_n5_max_v = 6.0497719965e+00
m_n5_min_v = -2.932217807e-02
Note: Simulation executed from .control section 

Note: vimeas: has no value, DC 0 assumed
