
Note: No compatibility mode selected!


Circuit: * gate-driver-core-drive-postlayout @ fs_-40c_vlogic3p30v-vdrv5p00v -- generated by sim/harness, do not edit

Doing analysis at TEMP = -40.000000 and TNOM = 27.000000

Using SPARSE 1.3 as Direct Linear Solver

Initial Transient Solution
--------------------------

Node                                   Voltage
----                                   -------
x1_inb                                     3.3
in                                           0
gnd_logic                                    0
x1_na                                  2.41749
x1_nb                              3.33321e-10
gnd_drv                            3.61727e-12
x2_n3                                        5
x2_n4                              2.05247e-09
x2_n5                                        5
out                                2.17664e-09
in_drv                              6.9877e-10
x1_nbuf1                                     5
x1_ncb                             8.85779e-10
x1_nca                                       5
vdd_logic                                  3.3
x2_n1                                        5
x2_n2                              1.36927e-09
vdd_drv                                      5
outcap                             2.17664e-09
vimeas#branch                     -1.96294e-25
vin#branch                                   0
vgnd_logic#branch                  3.62871e-09
vsup_drv#branch                   -3.62531e-09
vsup_logic#branch                 -3.40684e-12

 Reference value :  1.01305e-07
 Reference value :  2.75505e-07
 Reference value :  4.10141e-07
 Reference value :  5.77341e-07
No. of Data Rows : 7222
trise10_90          =  4.73179e-09 targ=  2.71726e-08 trig=  2.24408e-08
tfall10_90          =  3.67528e-09 targ=  3.26867e-07 trig=  3.23192e-07
tpdlh               =  3.86102e-09 targ=  2.43610e-08 trig=  2.05000e-08
tpdhl               =  3.35907e-09 targ=  3.24859e-07 trig=  3.21500e-07
m_trise_s = 4.7317940000e-09
m_tfall_s = 3.6752810000e-09
m_tpdlh_s = 3.8610160000e-09
m_tpdhl_s = 3.3590680000e-09
m_ipeak_source_a = 1.0756650772e+00
m_ipeak_sink_a = 1.2203058194e+00
m_vout_max_v = 5.0044834903e+00
m_vout_min_v = -3.363112729e-03
m_vin_max_v = 3.3000000000e+00
m_vin_min_v = 0.0000000000e+00
m_indrv_max_v = 5.1126997415e+00
m_indrv_min_v = -2.546774895e-02
m_n1_max_v = 5.1009861043e+00
m_n1_min_v = -5.321634633e-02
m_n2_max_v = 5.0644985886e+00
m_n2_min_v = -4.181056818e-02
m_n3_max_v = 5.0520701087e+00
m_n3_min_v = -2.876674343e-02
m_n4_max_v = 5.0505002911e+00
m_n4_min_v = -2.889334928e-02
m_n5_max_v = 5.0513220897e+00
m_n5_min_v = -2.954764827e-02
Note: Simulation executed from .control section 

Note: vimeas: has no value, DC 0 assumed
