
Note: No compatibility mode selected!


Circuit: * gate-driver-core-drive-postlayout @ fs_-40c_vlogic3p63v-vdrv5p50v -- generated by sim/harness, do not edit

Doing analysis at TEMP = -40.000000 and TNOM = 27.000000

Using SPARSE 1.3 as Direct Linear Solver

Initial Transient Solution
--------------------------

Node                                   Voltage
----                                   -------
x1_inb                                    3.63
in                                           0
gnd_logic                                    0
x1_na                                  2.70318
x1_nb                              3.57964e-10
gnd_drv                            3.98003e-12
x2_n3                                      5.5
x2_n4                              2.16144e-09
x2_n5                                      5.5
out                                 2.2922e-09
in_drv                             7.36093e-10
x1_nbuf1                                   5.5
x1_ncb                             9.21643e-10
x1_nca                                     5.5
vdd_logic                                 3.63
x2_n1                                      5.5
x2_n2                              1.44215e-09
vdd_drv                                    5.5
outcap                              2.2922e-09
vimeas#branch                     -1.01782e-25
vin#branch                                   0
vgnd_logic#branch                  3.99276e-09
vsup_drv#branch                   -3.98896e-09
vsup_logic#branch                 -3.79842e-12

 Reference value :  1.01174e-07
 Reference value :  2.75674e-07
 Reference value :  4.20267e-07
 Reference value :  6.04067e-07
No. of Data Rows : 7230
trise10_90          =  4.43059e-09 targ=  2.67627e-08 trig=  2.23321e-08
tfall10_90          =  3.54707e-09 targ=  3.26645e-07 trig=  3.23098e-07
tpdlh               =  3.62743e-09 targ=  2.41274e-08 trig=  2.05000e-08
tpdhl               =  3.20968e-09 targ=  3.24710e-07 trig=  3.21500e-07
m_trise_s = 4.4305890000e-09
m_tfall_s = 3.5470750000e-09
m_tpdlh_s = 3.6274280000e-09
m_tpdhl_s = 3.2096830000e-09
m_ipeak_source_a = 1.2615577171e+00
m_ipeak_sink_a = 1.3965739354e+00
m_vout_max_v = 5.5045355715e+00
m_vout_min_v = -3.368966049e-03
m_vin_max_v = 3.6300000000e+00
m_vin_min_v = 0.0000000000e+00
m_indrv_max_v = 5.6142496236e+00
m_indrv_min_v = -2.243689980e-02
m_n1_max_v = 5.6076876210e+00
m_n1_min_v = -5.196771570e-02
m_n2_max_v = 5.5660060881e+00
m_n2_min_v = -4.315600809e-02
m_n3_max_v = 5.5523936117e+00
m_n3_min_v = -2.894457557e-02
m_n4_max_v = 5.5502079791e+00
m_n4_min_v = -2.914608968e-02
m_n5_max_v = 5.5507204647e+00
m_n5_min_v = -2.953442099e-02
Note: Simulation executed from .control section 

Note: vimeas: has no value, DC 0 assumed
