
Note: No compatibility mode selected!


Circuit: * gate-driver-core-drive-postlayout @ fs_125c_vlogic2p97v-vdrv4p50v -- generated by sim/harness, do not edit

Doing analysis at TEMP = 125.000000 and TNOM = 27.000000

Using SPARSE 1.3 as Direct Linear Solver

Initial Transient Solution
--------------------------

Node                                   Voltage
----                                   -------
x1_inb                                    2.97
in                                           0
gnd_logic                                    0
x1_na                                  2.16822
x1_nb                              5.35903e-10
gnd_drv                             4.7048e-11
x2_n3                                      4.5
x2_n4                              4.04769e-09
x2_n5                                      4.5
out                                4.29015e-09
in_drv                             1.65067e-09
x1_nbuf1                                   4.5
x1_ncb                             1.57063e-09
x1_nca                                 4.49995
vdd_logic                                 2.97
x2_n1                                      4.5
x2_n2                              3.30695e-09
vdd_drv                                    4.5
outcap                             4.29015e-09
vimeas#branch                     -2.03564e-24
vin#branch                                   0
vgnd_logic#branch                  6.40842e-08
vsup_drv#branch                   -5.90522e-08
vsup_logic#branch                 -5.03206e-09

 Reference value :  9.56488e-08
 Reference value :  2.72949e-07
 Reference value :  4.25907e-07
 Reference value :  6.08007e-07
No. of Data Rows : 7173
trise10_90          =  7.70821e-09 targ=  3.12273e-08 trig=  2.35190e-08
tfall10_90          =  5.59411e-09 targ=  3.29592e-07 trig=  3.23998e-07
tpdlh               =  5.95146e-09 targ=  2.64515e-08 trig=  2.05000e-08
tpdhl               =  4.84469e-09 targ=  3.26345e-07 trig=  3.21500e-07
m_trise_s = 7.7082110000e-09
m_tfall_s = 5.5941070000e-09
m_tpdlh_s = 5.9514550000e-09
m_tpdhl_s = 4.8446940000e-09
m_ipeak_source_a = 6.4443643753e-01
m_ipeak_sink_a = 7.9118833440e-01
m_vout_max_v = 4.5036143635e+00
m_vout_min_v = -2.897846144e-03
m_vin_max_v = 2.9700000000e+00
m_vin_min_v = 0.0000000000e+00
m_indrv_max_v = 4.6023737406e+00
m_indrv_min_v = -2.166470385e-02
m_n1_max_v = 4.5798225461e+00
m_n1_min_v = -4.911431259e-02
m_n2_max_v = 4.5583676625e+00
m_n2_min_v = -3.948464090e-02
m_n3_max_v = 4.5455425382e+00
m_n3_min_v = -2.680113767e-02
m_n4_max_v = 4.5432726792e+00
m_n4_min_v = -2.678336408e-02
m_n5_max_v = 4.5454179836e+00
m_n5_min_v = -2.720291278e-02
Note: Simulation executed from .control section 

Note: vimeas: has no value, DC 0 assumed
