
Note: No compatibility mode selected!


Circuit: * gate-driver-core-drive-postlayout @ fs_125c_vlogic3p63v-vdrv5p50v -- generated by sim/harness, do not edit

Doing analysis at TEMP = 125.000000 and TNOM = 27.000000

Using SPARSE 1.3 as Direct Linear Solver

Initial Transient Solution
--------------------------

Node                                   Voltage
----                                   -------
x1_inb                                    3.63
in                                           0
gnd_logic                                    0
x1_na                                   2.7165
x1_nb                               5.8944e-10
gnd_drv                            6.08248e-11
x2_n3                                      5.5
x2_n4                              4.51502e-09
x2_n5                                      5.5
out                                4.78497e-09
in_drv                             1.80622e-09
x1_nbuf1                                   5.5
x1_ncb                             1.66842e-09
x1_nca                                 5.49994
vdd_logic                                 3.63
x2_n1                                      5.5
x2_n2                              3.59697e-09
vdd_drv                                    5.5
outcap                             4.78497e-09
vimeas#branch                       4.1359e-24
vin#branch                                   0
vgnd_logic#branch                  8.67383e-08
vsup_drv#branch                   -7.84215e-08
vsup_logic#branch                 -8.31684e-09

 Reference value :  9.35694e-08
 Reference value :  2.69069e-07
 Reference value :  4.19767e-07
 Reference value :  5.96767e-07
No. of Data Rows : 7192
trise10_90          =  6.49694e-09 targ=  2.95944e-08 trig=  2.30975e-08
tfall10_90          =  5.18313e-09 targ=  3.28859e-07 trig=  3.23676e-07
tpdlh               =  5.05510e-09 targ=  2.55551e-08 trig=  2.05000e-08
tpdhl               =  4.35707e-09 targ=  3.25857e-07 trig=  3.21500e-07
m_trise_s = 6.4969430000e-09
m_tfall_s = 5.1831300000e-09
m_tpdlh_s = 5.0550960000e-09
m_tpdhl_s = 4.3570720000e-09
m_ipeak_source_a = 9.3663956716e-01
m_ipeak_sink_a = 1.0389132103e+00
m_vout_max_v = 5.5037319338e+00
m_vout_min_v = -2.980508030e-03
m_vin_max_v = 3.6300000000e+00
m_vin_min_v = 0.0000000000e+00
m_indrv_max_v = 5.6125944921e+00
m_indrv_min_v = -1.717969557e-02
m_n1_max_v = 5.5848336185e+00
m_n1_min_v = -4.933519700e-02
m_n2_max_v = 5.5628915042e+00
m_n2_min_v = -4.289719892e-02
m_n3_max_v = 5.5468107228e+00
m_n3_min_v = -2.833589705e-02
m_n4_max_v = 5.5434924770e+00
m_n4_min_v = -2.802953249e-02
m_n5_max_v = 5.5448985434e+00
m_n5_min_v = -2.812938210e-02
Note: Simulation executed from .control section 

Note: vimeas: has no value, DC 0 assumed
