
Note: No compatibility mode selected!


Circuit: * gate-driver-core-drive-postlayout @ fs_125c_vlogic3p30v-vdrv6p00v -- generated by sim/harness, do not edit

Doing analysis at TEMP = 125.000000 and TNOM = 27.000000

Using SPARSE 1.3 as Direct Linear Solver

Initial Transient Solution
--------------------------

Node                                   Voltage
----                                   -------
x1_inb                                     3.3
in                                           0
gnd_logic                                    0
x1_na                                  2.45795
x1_nb                              6.68402e-10
gnd_drv                            7.17955e-11
x2_n3                                        6
x2_n4                              4.80295e-09
x2_n5                                        6
out                                5.08969e-09
in_drv                             1.91057e-09
x1_nbuf1                                     6
x1_ncb                             1.92258e-09
x1_nca                                 5.99996
vdd_logic                                  3.3
x2_n1                                        6
x2_n2                              3.79327e-09
vdd_drv                                      6
outcap                             5.08969e-09
vimeas#branch                      2.44277e-24
vin#branch                                   0
vgnd_logic#branch                  9.29017e-08
vsup_drv#branch                   -8.64903e-08
vsup_logic#branch                 -6.41132e-09

 Reference value :  8.70339e-08
 Reference value :  2.60334e-07
 Reference value :  4.15093e-07
 Reference value :  6.00393e-07
No. of Data Rows : 7194
trise10_90          =  6.06557e-09 targ=  2.89631e-08 trig=  2.28975e-08
tfall10_90          =  5.05956e-09 targ=  3.28670e-07 trig=  3.23610e-07
tpdlh               =  4.68871e-09 targ=  2.51887e-08 trig=  2.05000e-08
tpdhl               =  4.23993e-09 targ=  3.25740e-07 trig=  3.21500e-07
m_trise_s = 6.0655730000e-09
m_tfall_s = 5.0595620000e-09
m_tpdlh_s = 4.6887080000e-09
m_tpdhl_s = 4.2399300000e-09
m_ipeak_source_a = 1.0941408679e+00
m_ipeak_sink_a = 1.1584991619e+00
m_vout_max_v = 6.0037262586e+00
m_vout_min_v = -2.967148275e-03
m_vin_max_v = 3.3000000000e+00
m_vin_min_v = 0.0000000000e+00
m_indrv_max_v = 6.1139378636e+00
m_indrv_min_v = -2.272419798e-02
m_n1_max_v = 6.0893915694e+00
m_n1_min_v = -4.915750280e-02
m_n2_max_v = 6.0654029260e+00
m_n2_min_v = -4.468525566e-02
m_n3_max_v = 6.0459270003e+00
m_n3_min_v = -2.885536843e-02
m_n4_max_v = 6.0424953914e+00
m_n4_min_v = -2.815683484e-02
m_n5_max_v = 6.0430813381e+00
m_n5_min_v = -2.799169800e-02
Note: Simulation executed from .control section 

Note: vimeas: has no value, DC 0 assumed
