
Note: No compatibility mode selected!


Circuit: * gate-driver-core-drive-postlayout @ fs_125c_vlogic3p30v-vdrv5p00v -- generated by sim/harness, do not edit

Doing analysis at TEMP = 125.000000 and TNOM = 27.000000

Using SPARSE 1.3 as Direct Linear Solver

Initial Transient Solution
--------------------------

Node                                   Voltage
----                                   -------
x1_inb                                     3.3
in                                           0
gnd_logic                                    0
x1_na                                  2.44067
x1_nb                              5.61467e-10
gnd_drv                            5.29815e-11
x2_n3                                        5
x2_n4                              4.26441e-09
x2_n5                                        5
out                                4.51965e-09
in_drv                             1.72016e-09
x1_nbuf1                                     5
x1_ncb                             1.61499e-09
x1_nca                                 4.99995
vdd_logic                                  3.3
x2_n1                                        5
x2_n2                              3.43567e-09
vdd_drv                                      5
outcap                             4.51965e-09
vimeas#branch                      5.75149e-25
vin#branch                                   0
vgnd_logic#branch                  7.39109e-08
vsup_drv#branch                   -6.74996e-08
vsup_logic#branch                 -6.41132e-09

 Reference value :  1.04862e-07
 Reference value :  2.77962e-07
 Reference value :  4.29343e-07
 Reference value :  6.08243e-07
No. of Data Rows : 7189
trise10_90          =  7.02991e-09 targ=  3.03104e-08 trig=  2.32805e-08
tfall10_90          =  5.35539e-09 targ=  3.29172e-07 trig=  3.23817e-07
tpdlh               =  5.44576e-09 targ=  2.59458e-08 trig=  2.05000e-08
tpdhl               =  4.56769e-09 targ=  3.26068e-07 trig=  3.21500e-07
m_trise_s = 7.0299060000e-09
m_tfall_s = 5.3553900000e-09
m_tpdlh_s = 5.4457630000e-09
m_tpdhl_s = 4.5676860000e-09
m_ipeak_source_a = 7.8330381827e-01
m_ipeak_sink_a = 9.0863993859e-01
m_vout_max_v = 5.0036528182e+00
m_vout_min_v = -2.914326543e-03
m_vin_max_v = 3.3000000000e+00
m_vin_min_v = 0.0000000000e+00
m_indrv_max_v = 5.1111995693e+00
m_indrv_min_v = -1.902027385e-02
m_n1_max_v = 5.0871762147e+00
m_n1_min_v = -4.972449785e-02
m_n2_max_v = 5.0614572500e+00
m_n2_min_v = -4.088922351e-02
m_n3_max_v = 5.0467693912e+00
m_n3_min_v = -2.755343847e-02
m_n4_max_v = 5.0441714630e+00
m_n4_min_v = -2.762368658e-02
m_n5_max_v = 5.0455846900e+00
m_n5_min_v = -2.764368415e-02
Note: Simulation executed from .control section 

Note: vimeas: has no value, DC 0 assumed
