
Note: No compatibility mode selected!


Circuit: * gate-driver-core-drive-postlayout @ fs_27c_vlogic3p30v-vdrv5p00v -- generated by sim/harness, do not edit

Doing analysis at TEMP = 27.000000 and TNOM = 27.000000

Using SPARSE 1.3 as Direct Linear Solver

Initial Transient Solution
--------------------------

Node                                   Voltage
----                                   -------
x1_inb                                     3.3
in                                           0
gnd_logic                                    0
x1_na                                  2.46758
x1_nb                              4.03879e-10
gnd_drv                            3.77119e-12
x2_n3                                        5
x2_n4                              2.68262e-09
x2_n5                                        5
out                                2.84498e-09
in_drv                             9.12839e-10
x1_nbuf1                                     5
x1_ncb                             1.11435e-09
x1_nca                                       5
vdd_logic                                  3.3
x2_n1                                        5
x2_n2                              1.78915e-09
vdd_drv                                      5
outcap                             2.84498e-09
vimeas#branch                     -2.43954e-25
vin#branch                                   0
vgnd_logic#branch                  3.90268e-09
vsup_drv#branch                   -3.85918e-09
vsup_logic#branch                 -4.35066e-11

 Reference value :  9.30120e-08
 Reference value :  2.50412e-07
 Reference value :  3.83587e-07
 Reference value :  5.60987e-07
No. of Data Rows : 7202
trise10_90          =  5.72537e-09 targ=  2.85115e-08 trig=  2.27861e-08
tfall10_90          =  4.29750e-09 targ=  3.27743e-07 trig=  3.23446e-07
tpdlh               =  4.53166e-09 targ=  2.50317e-08 trig=  2.05000e-08
tpdhl               =  3.82770e-09 targ=  3.25328e-07 trig=  3.21500e-07
m_trise_s = 5.7253740000e-09
m_tfall_s = 4.2974990000e-09
m_tpdlh_s = 4.5316640000e-09
m_tpdhl_s = 3.8277020000e-09
m_ipeak_source_a = 9.2328094622e-01
m_ipeak_sink_a = 1.0790232305e+00
m_vout_max_v = 5.0041091778e+00
m_vout_min_v = -3.196690516e-03
m_vin_max_v = 3.3000000000e+00
m_vin_min_v = 0.0000000000e+00
m_indrv_max_v = 5.1112345679e+00
m_indrv_min_v = -2.336159677e-02
m_n1_max_v = 5.0980250066e+00
m_n1_min_v = -5.125381551e-02
m_n2_max_v = 5.0633845574e+00
m_n2_min_v = -4.234105905e-02
m_n3_max_v = 5.0504835963e+00
m_n3_min_v = -2.864442112e-02
m_n4_max_v = 5.0489664097e+00
m_n4_min_v = -2.861308550e-02
m_n5_max_v = 5.0499220285e+00
m_n5_min_v = -2.906961206e-02
Note: Simulation executed from .control section 

Note: vimeas: has no value, DC 0 assumed
