
Note: No compatibility mode selected!


Circuit: * gate-driver-core-drive-postlayout @ fs_27c_vlogic2p97v-vdrv4p50v -- generated by sim/harness, do not edit

Doing analysis at TEMP = 27.000000 and TNOM = 27.000000

Using SPARSE 1.3 as Direct Linear Solver

Initial Transient Solution
--------------------------

Node                                   Voltage
----                                   -------
x1_inb                                    2.97
in                                           0
gnd_logic                                    0
x1_na                                  2.19152
x1_nb                              3.78883e-10
gnd_drv                            3.39005e-12
x2_n3                                      4.5
x2_n4                              2.54489e-09
x2_n5                                      4.5
out                                2.69892e-09
in_drv                             8.65689e-10
x1_nbuf1                                   4.5
x1_ncb                             1.07621e-09
x1_nca                                     4.5
vdd_logic                                 2.97
x2_n1                                      4.5
x2_n2                              1.69698e-09
vdd_drv                                    4.5
outcap                             2.69892e-09
vimeas#branch                     -2.70207e-25
vin#branch                                   0
vgnd_logic#branch                  3.49231e-09
vsup_drv#branch                   -3.45971e-09
vsup_logic#branch                 -3.25968e-11

 Reference value :  9.40764e-08
 Reference value :  2.41976e-07
 Reference value :  3.87689e-07
 Reference value :  5.63689e-07
No. of Data Rows : 7196
trise10_90          =  6.23619e-09 targ=  2.92068e-08 trig=  2.29706e-08
tfall10_90          =  4.49673e-09 targ=  3.28089e-07 trig=  3.23592e-07
tpdlh               =  4.92467e-09 targ=  2.54247e-08 trig=  2.05000e-08
tpdhl               =  4.05677e-09 targ=  3.25557e-07 trig=  3.21500e-07
m_trise_s = 6.2361850000e-09
m_tfall_s = 4.4967280000e-09
m_tpdlh_s = 4.9246690000e-09
m_tpdhl_s = 4.0567720000e-09
m_ipeak_source_a = 7.6055843268e-01
m_ipeak_sink_a = 9.3417515724e-01
m_vout_max_v = 4.5040065425e+00
m_vout_min_v = -3.190818565e-03
m_vin_max_v = 2.9700000000e+00
m_vin_min_v = 0.0000000000e+00
m_indrv_max_v = 4.6079119590e+00
m_indrv_min_v = -2.591340859e-02
m_n1_max_v = 4.5936648969e+00
m_n1_min_v = -5.057331704e-02
m_n2_max_v = 4.5597893341e+00
m_n2_min_v = -4.091312529e-02
m_n3_max_v = 4.5500336476e+00
m_n3_min_v = -2.799905684e-02
m_n4_max_v = 4.5486034014e+00
m_n4_min_v = -2.830647466e-02
m_n5_max_v = 4.5500413554e+00
m_n5_min_v = -2.884640554e-02
Note: Simulation executed from .control section 

Note: vimeas: has no value, DC 0 assumed
