
Note: No compatibility mode selected!


Circuit: * gate-driver-core-drive-postlayout @ sf_-40c_vlogic3p30v-vdrv5p00v -- generated by sim/harness, do not edit

Doing analysis at TEMP = -40.000000 and TNOM = 27.000000

Using SPARSE 1.3 as Direct Linear Solver

Initial Transient Solution
--------------------------

Node                                   Voltage
----                                   -------
x1_inb                                     3.3
in                                           0
gnd_logic                                    0
x1_na                                  2.23911
x1_nb                              3.70268e-10
gnd_drv                            3.69398e-12
x2_n3                                        5
x2_n4                              2.48016e-09
x2_n5                                        5
out                                2.63025e-09
in_drv                             8.46488e-10
x1_nbuf1                                     5
x1_ncb                             1.06353e-09
x1_nca                                       5
vdd_logic                                  3.3
x2_n1                                        5
x2_n2                               1.6708e-09
vdd_drv                                      5
outcap                             2.63025e-09
vimeas#branch                     -1.06629e-25
vin#branch                                   0
vgnd_logic#branch                  3.70505e-09
vsup_drv#branch                   -3.70175e-09
vsup_logic#branch                 -3.30089e-12

 Reference value :  9.60806e-08
 Reference value :  2.54081e-07
 Reference value :  3.85190e-07
 Reference value :  5.60590e-07
No. of Data Rows : 7215
trise10_90          =  3.77666e-09 targ=  2.61822e-08 trig=  2.24055e-08
tfall10_90          =  4.75976e-09 targ=  3.28007e-07 trig=  3.23247e-07
tpdlh               =  3.42554e-09 targ=  2.39255e-08 trig=  2.05000e-08
tpdhl               =  3.95032e-09 targ=  3.25450e-07 trig=  3.21500e-07
m_trise_s = 3.7766590000e-09
m_tfall_s = 4.7597590000e-09
m_tpdlh_s = 3.4255430000e-09
m_tpdhl_s = 3.9503250000e-09
m_ipeak_source_a = 1.3559244407e+00
m_ipeak_sink_a = 9.1839542875e-01
m_vout_max_v = 5.0056247098e+00
m_vout_min_v = -2.786348576e-03
m_vin_max_v = 3.3000000000e+00
m_vin_min_v = 0.0000000000e+00
m_indrv_max_v = 5.1181486999e+00
m_indrv_min_v = -3.523060680e-02
m_n1_max_v = 5.1221388106e+00
m_n1_min_v = -5.169288481e-02
m_n2_max_v = 5.0771943833e+00
m_n2_min_v = -3.694804907e-02
m_n3_max_v = 5.0536522869e+00
m_n3_min_v = -2.826379507e-02
m_n4_max_v = 5.0524823022e+00
m_n4_min_v = -2.843228435e-02
m_n5_max_v = 5.0538103857e+00
m_n5_min_v = -2.898052504e-02
Note: Simulation executed from .control section 

Note: vimeas: has no value, DC 0 assumed
