
Note: No compatibility mode selected!


Circuit: * gate-driver-core-drive-postlayout @ sf_-40c_vlogic2p97v-vdrv4p50v -- generated by sim/harness, do not edit

Doing analysis at TEMP = -40.000000 and TNOM = 27.000000

Using SPARSE 1.3 as Direct Linear Solver

Initial Transient Solution
--------------------------

Node                                   Voltage
----                                   -------
x1_inb                                    2.97
in                                           0
gnd_logic                                    0
x1_na                                  1.96354
x1_nb                              3.47814e-10
gnd_drv                            3.32327e-12
x2_n3                                      4.5
x2_n4                              2.39122e-09
x2_n5                                      4.5
out                                2.53594e-09
in_drv                             8.15836e-10
x1_nbuf1                                   4.5
x1_ncb                             1.04152e-09
x1_nca                                     4.5
vdd_logic                                 2.97
x2_n1                                      4.5
x2_n2                              1.61054e-09
vdd_drv                                    4.5
outcap                             2.53594e-09
vimeas#branch                      5.58993e-25
vin#branch                                   0
vgnd_logic#branch                  3.33318e-09
vsup_drv#branch                   -3.33021e-09
vsup_logic#branch                 -2.97029e-12

 Reference value :  9.32900e-08
 Reference value :  2.59790e-07
 Reference value :  3.76567e-07
 Reference value :  5.53667e-07
No. of Data Rows : 7209
trise10_90          =  4.03765e-09 targ=  2.65644e-08 trig=  2.25267e-08
tfall10_90          =  5.03767e-09 targ=  3.28409e-07 trig=  3.23372e-07
tpdlh               =  3.65246e-09 targ=  2.41525e-08 trig=  2.05000e-08
tpdhl               =  4.19688e-09 targ=  3.25697e-07 trig=  3.21500e-07
m_trise_s = 4.0376460000e-09
m_tfall_s = 5.0376750000e-09
m_tpdlh_s = 3.6524590000e-09
m_tpdhl_s = 4.1968790000e-09
m_ipeak_source_a = 1.1446004895e+00
m_ipeak_sink_a = 7.9599461285e-01
m_vout_max_v = 4.5054964205e+00
m_vout_min_v = -2.811251773e-03
m_vin_max_v = 2.9700000000e+00
m_vin_min_v = 0.0000000000e+00
m_indrv_max_v = 4.6102933888e+00
m_indrv_min_v = -3.704711581e-02
m_n1_max_v = 4.6153337607e+00
m_n1_min_v = -5.220283849e-02
m_n2_max_v = 4.5741446366e+00
m_n2_min_v = -3.593286218e-02
m_n3_max_v = 4.5534827274e+00
m_n3_min_v = -2.823172655e-02
m_n4_max_v = 4.5530893186e+00
m_n4_min_v = -2.835882864e-02
m_n5_max_v = 4.5536914060e+00
m_n5_min_v = -2.891022785e-02
Note: Simulation executed from .control section 

Note: vimeas: has no value, DC 0 assumed
