
Note: No compatibility mode selected!


Circuit: * gate-driver-core-drive-postlayout @ sf_-40c_vlogic3p63v-vdrv5p50v -- generated by sim/harness, do not edit

Doing analysis at TEMP = -40.000000 and TNOM = 27.000000

Using SPARSE 1.3 as Direct Linear Solver

Initial Transient Solution
--------------------------

Node                                   Voltage
----                                   -------
x1_inb                                    3.63
in                                           0
gnd_logic                                    0
x1_na                                  2.51883
x1_nb                              3.94726e-10
gnd_drv                            4.06452e-12
x2_n3                                      5.5
x2_n4                              2.58502e-09
x2_n5                                      5.5
out                                2.74144e-09
in_drv                             8.82541e-10
x1_nbuf1                                   5.5
x1_ncb                             1.09315e-09
x1_nca                                     5.5
vdd_logic                                 3.63
x2_n1                                      5.5
x2_n2                              1.74168e-09
vdd_drv                                    5.5
outcap                             2.74144e-09
vimeas#branch                     -1.68021e-25
vin#branch                                   0
vgnd_logic#branch                  4.07675e-09
vsup_drv#branch                   -4.07312e-09
vsup_logic#branch                 -3.63575e-12

 Reference value :  9.55108e-08
 Reference value :  2.26611e-07
 Reference value :  3.72035e-07
 Reference value :  5.52335e-07
No. of Data Rows : 7230
trise10_90          =  3.57731e-09 targ=  2.58923e-08 trig=  2.23149e-08
tfall10_90          =  4.55405e-09 targ=  3.27704e-07 trig=  3.23150e-07
tpdlh               =  3.25453e-09 targ=  2.37545e-08 trig=  2.05000e-08
tpdhl               =  3.76193e-09 targ=  3.25262e-07 trig=  3.21500e-07
m_trise_s = 3.5773100000e-09
m_tfall_s = 4.5540510000e-09
m_tpdlh_s = 3.2545340000e-09
m_tpdhl_s = 3.7619310000e-09
m_ipeak_source_a = 1.5724862545e+00
m_ipeak_sink_a = 1.0701460790e+00
m_vout_max_v = 5.5056972915e+00
m_vout_min_v = -2.821812127e-03
m_vin_max_v = 3.6300000000e+00
m_vin_min_v = 0.0000000000e+00
m_indrv_max_v = 5.6255728118e+00
m_indrv_min_v = -3.246876398e-02
m_n1_max_v = 5.6263918796e+00
m_n1_min_v = -4.976494272e-02
m_n2_max_v = 5.5803423556e+00
m_n2_min_v = -3.806582373e-02
m_n3_max_v = 5.5536279523e+00
m_n3_min_v = -2.925901246e-02
m_n4_max_v = 5.5522998260e+00
m_n4_min_v = -2.877243772e-02
m_n5_max_v = 5.5531001204e+00
m_n5_min_v = -2.884144604e-02
Note: Simulation executed from .control section 

Note: vimeas: has no value, DC 0 assumed
