
Note: No compatibility mode selected!


Circuit: * gate-driver-core-drive-postlayout @ sf_125c_vlogic3p30v-vdrv5p00v -- generated by sim/harness, do not edit

Doing analysis at TEMP = 125.000000 and TNOM = 27.000000

Using SPARSE 1.3 as Direct Linear Solver

Initial Transient Solution
--------------------------

Node                                   Voltage
----                                   -------
x1_inb                                     3.3
in                                           0
gnd_logic                                    0
x1_na                                  2.38218
x1_nb                              1.33541e-09
gnd_drv                            1.60591e-11
x2_n3                                        5
x2_n4                              1.95952e-08
x2_n5                                        5
out                                2.07818e-08
in_drv                             8.68463e-09
x1_nbuf1                                     5
x1_ncb                             4.17086e-09
x1_nca                                       5
vdd_logic                                  3.3
x2_n1                                        5
x2_n2                              1.90449e-08
vdd_drv                                      5
outcap                             2.07818e-08
vimeas#branch                     -1.05997e-22
vin#branch                                   0
vgnd_logic#branch                  1.67846e-08
vsup_drv#branch                   -1.65726e-08
vsup_logic#branch                  -2.1206e-10

 Reference value :  8.42982e-08
 Reference value :  3.51713e-07
 Reference value :  6.27813e-07
No. of Data Rows : 7182
trise10_90          =  5.47554e-09 targ=  2.86109e-08 trig=  2.31353e-08
tfall10_90          =  6.71909e-09 targ=  3.30573e-07 trig=  3.23854e-07
tpdlh               =  4.67916e-09 targ=  2.51792e-08 trig=  2.05000e-08
tpdhl               =  5.21698e-09 targ=  3.26717e-07 trig=  3.21500e-07
m_trise_s = 5.4755430000e-09
m_tfall_s = 6.7190910000e-09
m_tpdlh_s = 4.6791570000e-09
m_tpdhl_s = 5.2169770000e-09
m_ipeak_source_a = 1.0233496342e+00
m_ipeak_sink_a = 7.2013211416e-01
m_vout_max_v = 5.0048868265e+00
m_vout_min_v = -2.313387006e-03
m_vin_max_v = 3.3000000000e+00
m_vin_min_v = 0.0000000000e+00
m_indrv_max_v = 5.1212070232e+00
m_indrv_min_v = -3.064341633e-02
m_n1_max_v = 5.1068931042e+00
m_n1_min_v = -4.662228121e-02
m_n2_max_v = 5.0779614808e+00
m_n2_min_v = -3.665913607e-02
m_n3_max_v = 5.0517339987e+00
m_n3_min_v = -2.749278209e-02
m_n4_max_v = 5.0499527029e+00
m_n4_min_v = -2.679039144e-02
m_n5_max_v = 5.0518824150e+00
m_n5_min_v = -2.671668665e-02
Note: Simulation executed from .control section 

Note: vimeas: has no value, DC 0 assumed
