
Note: No compatibility mode selected!


Circuit: * gate-driver-core-drive-postlayout @ sf_125c_vlogic2p97v-vdrv4p50v -- generated by sim/harness, do not edit

Doing analysis at TEMP = 125.000000 and TNOM = 27.000000

Using SPARSE 1.3 as Direct Linear Solver

Initial Transient Solution
--------------------------

Node                                   Voltage
----                                   -------
x1_inb                                    2.97
in                                           0
gnd_logic                                    0
x1_na                                  2.11366
x1_nb                              1.28767e-09
gnd_drv                            1.45119e-11
x2_n3                                      4.5
x2_n4                              1.88399e-08
x2_n5                                      4.5
out                                1.99809e-08
in_drv                             8.37116e-09
x1_nbuf1                                   4.5
x1_ncb                             4.11451e-09
x1_nca                                     4.5
vdd_logic                                 2.97
x2_n1                                      4.5
x2_n2                              1.83615e-08
vdd_drv                                    4.5
outcap                             1.99809e-08
vimeas#branch                      1.18351e-22
vin#branch                                   0
vgnd_logic#branch                  1.51224e-08
vsup_drv#branch                   -1.49499e-08
vsup_logic#branch                 -1.72503e-10

 Reference value :  1.09307e-07
 Reference value :  3.54658e-07
 Reference value :  6.46158e-07
No. of Data Rows : 7172
trise10_90          =  5.93618e-09 targ=  2.92702e-08 trig=  2.33340e-08
tfall10_90          =  7.11218e-09 targ=  3.31149e-07 trig=  3.24036e-07
tpdlh               =  5.05199e-09 targ=  2.55520e-08 trig=  2.05000e-08
tpdhl               =  5.56314e-09 targ=  3.27063e-07 trig=  3.21500e-07
m_trise_s = 5.9361810000e-09
m_tfall_s = 7.1121790000e-09
m_tpdlh_s = 5.0519880000e-09
m_tpdhl_s = 5.5631410000e-09
m_ipeak_source_a = 8.4922384774e-01
m_ipeak_sink_a = 6.1172586655e-01
m_vout_max_v = 4.5047720082e+00
m_vout_min_v = -2.300135227e-03
m_vin_max_v = 2.9700000000e+00
m_vin_min_v = 0.0000000000e+00
m_indrv_max_v = 4.6172592259e+00
m_indrv_min_v = -3.174262401e-02
m_n1_max_v = 4.6050406427e+00
m_n1_min_v = -4.600965839e-02
m_n2_max_v = 4.5733967646e+00
m_n2_min_v = -3.481613902e-02
m_n3_max_v = 4.5505134752e+00
m_n3_min_v = -2.652294513e-02
m_n4_max_v = 4.5497796702e+00
m_n4_min_v = -2.600554749e-02
m_n5_max_v = 4.5517673408e+00
m_n5_min_v = -2.623914176e-02
Note: Simulation executed from .control section 

Note: vimeas: has no value, DC 0 assumed
