
Note: No compatibility mode selected!


Circuit: * gate-driver-core-drive-postlayout @ sf_125c_vlogic3p63v-vdrv5p50v -- generated by sim/harness, do not edit

Doing analysis at TEMP = 125.000000 and TNOM = 27.000000

Using SPARSE 1.3 as Direct Linear Solver

Initial Transient Solution
--------------------------

Node                                   Voltage
----                                   -------
x1_inb                                    3.63
in                                           0
gnd_logic                                    0
x1_na                                  2.65405
x1_nb                              1.40191e-09
gnd_drv                            1.78576e-11
x2_n3                                      5.5
x2_n4                              2.07384e-08
x2_n5                                      5.5
out                                2.19942e-08
in_drv                             9.17753e-09
x1_nbuf1                                   5.5
x1_ncb                             4.29256e-09
x1_nca                                     5.5
vdd_logic                                 3.63
x2_n1                                      5.5
x2_n2                              2.01279e-08
vdd_drv                                    5.5
outcap                             2.19942e-08
vimeas#branch                     -2.06617e-23
vin#branch                                   0
vgnd_logic#branch                  1.87253e-08
vsup_drv#branch                   -1.84605e-08
vsup_logic#branch                 -2.64788e-10

 Reference value :  9.59402e-08
 Reference value :  3.67878e-07
 Reference value :  6.42978e-07
No. of Data Rows : 7191
trise10_90          =  5.10808e-09 targ=  2.80896e-08 trig=  2.29815e-08
tfall10_90          =  6.42920e-09 targ=  3.30140e-07 trig=  3.23711e-07
tpdlh               =  4.38764e-09 targ=  2.48876e-08 trig=  2.05000e-08
tpdhl               =  4.95390e-09 targ=  3.26454e-07 trig=  3.21500e-07
m_trise_s = 5.1080800000e-09
m_tfall_s = 6.4292040000e-09
m_tpdlh_s = 4.3876390000e-09
m_tpdhl_s = 4.9538990000e-09
m_ipeak_source_a = 1.2070671566e+00
m_ipeak_sink_a = 8.2430761976e-01
m_vout_max_v = 5.5049936931e+00
m_vout_min_v = -2.330579134e-03
m_vin_max_v = 3.6300000000e+00
m_vin_min_v = 0.0000000000e+00
m_indrv_max_v = 5.6272687035e+00
m_indrv_min_v = -2.810459401e-02
m_n1_max_v = 5.6083007199e+00
m_n1_min_v = -4.680905111e-02
m_n2_max_v = 5.5805144112e+00
m_n2_min_v = -3.773308900e-02
m_n3_max_v = 5.5520404006e+00
m_n3_min_v = -2.788047158e-02
m_n4_max_v = 5.5498468255e+00
m_n4_min_v = -2.677921830e-02
m_n5_max_v = 5.5511624493e+00
m_n5_min_v = -2.677565197e-02
Note: Simulation executed from .control section 

Note: vimeas: has no value, DC 0 assumed
