
Note: No compatibility mode selected!


Circuit: * gate-driver-core-drive-postlayout @ sf_27c_vlogic2p97v-vdrv4p50v -- generated by sim/harness, do not edit

Doing analysis at TEMP = 27.000000 and TNOM = 27.000000

Using SPARSE 1.3 as Direct Linear Solver

Initial Transient Solution
--------------------------

Node                                   Voltage
----                                   -------
x1_inb                                    2.97
in                                           0
gnd_logic                                    0
x1_na                                  2.08838
x1_nb                              4.31381e-10
gnd_drv                            3.33175e-12
x2_n3                                      4.5
x2_n4                              3.16478e-09
x2_n5                                      4.5
out                                3.35638e-09
in_drv                              1.0801e-09
x1_nbuf1                                   4.5
x1_ncb                             1.33449e-09
x1_nca                                     4.5
vdd_logic                                 2.97
x2_n1                                      4.5
x2_n2                               2.1334e-09
vdd_drv                                    4.5
outcap                             3.35638e-09
vimeas#branch                      1.13495e-25
vin#branch                                   0
vgnd_logic#branch                   3.3429e-09
vsup_drv#branch                   -3.33958e-09
vsup_logic#branch                 -3.32461e-12

 Reference value :  8.88853e-08
 Reference value :  2.64785e-07
 Reference value :  4.07281e-07
 Reference value :  5.87181e-07
No. of Data Rows : 7198
trise10_90          =  4.86235e-09 targ=  2.77170e-08 trig=  2.28546e-08
tfall10_90          =  5.79743e-09 targ=  3.29435e-07 trig=  3.23637e-07
tpdlh               =  4.23995e-09 targ=  2.47400e-08 trig=  2.05000e-08
tpdhl               =  4.71882e-09 targ=  3.26219e-07 trig=  3.21500e-07
m_trise_s = 4.8623530000e-09
m_tfall_s = 5.7974280000e-09
m_tpdlh_s = 4.2399520000e-09
m_tpdhl_s = 4.7188220000e-09
m_ipeak_source_a = 9.9553838885e-01
m_ipeak_sink_a = 7.1448995306e-01
m_vout_max_v = 4.5051852011e+00
m_vout_min_v = -2.589083209e-03
m_vin_max_v = 2.9700000000e+00
m_vin_min_v = 0.0000000000e+00
m_indrv_max_v = 4.6157483877e+00
m_indrv_min_v = -3.529544784e-02
m_n1_max_v = 4.6118909287e+00
m_n1_min_v = -4.957794759e-02
m_n2_max_v = 4.5751550082e+00
m_n2_min_v = -3.624305964e-02
m_n3_max_v = 4.5542431258e+00
m_n3_min_v = -2.788546108e-02
m_n4_max_v = 4.5533032244e+00
m_n4_min_v = -2.812256673e-02
m_n5_max_v = 4.5540030751e+00
m_n5_min_v = -2.849126757e-02
Note: Simulation executed from .control section 

Note: vimeas: has no value, DC 0 assumed
