
Note: No compatibility mode selected!


Circuit: * gate-driver-core-drive-postlayout @ sf_27c_vlogic3p30v-vdrv6p00v -- generated by sim/harness, do not edit

Doing analysis at TEMP = 27.000000 and TNOM = 27.000000

Using SPARSE 1.3 as Direct Linear Solver

Initial Transient Solution
--------------------------

Node                                   Voltage
----                                   -------
x1_inb                                     3.3
in                                           0
gnd_logic                                    0
x1_na                                  2.37428
x1_nb                               5.4656e-10
gnd_drv                            4.44699e-12
x2_n3                                        6
x2_n4                              3.61708e-09
x2_n5                                        6
out                                3.83603e-09
in_drv                             1.23555e-09
x1_nbuf1                                     6
x1_ncb                             1.63447e-09
x1_nca                                       6
vdd_logic                                  3.3
x2_n1                                        6
x2_n2                              2.43961e-09
vdd_drv                                      6
outcap                             3.83603e-09
vimeas#branch                     -1.98717e-25
vin#branch                                   0
vgnd_logic#branch                  4.46072e-09
vsup_drv#branch                   -4.45695e-09
vsup_logic#branch                 -3.76084e-12

 Reference value :  9.53458e-08
 Reference value :  2.35446e-07
 Reference value :  3.86996e-07
 Reference value :  5.66096e-07
No. of Data Rows : 7212
trise10_90          =  4.04941e-09 targ=  2.65028e-08 trig=  2.24533e-08
tfall10_90          =  5.05546e-09 targ=  3.28384e-07 trig=  3.23329e-07
tpdlh               =  3.52119e-09 targ=  2.40212e-08 trig=  2.05000e-08
tpdhl               =  4.09165e-09 targ=  3.25592e-07 trig=  3.21500e-07
m_trise_s = 4.0494110000e-09
m_tfall_s = 5.0554590000e-09
m_tpdlh_s = 3.5211870000e-09
m_tpdhl_s = 4.0916530000e-09
m_ipeak_source_a = 1.5845835997e+00
m_ipeak_sink_a = 1.0834488242e+00
m_vout_max_v = 6.0053758559e+00
m_vout_min_v = -2.637078333e-03
m_vin_max_v = 3.3000000000e+00
m_vin_min_v = 0.0000000000e+00
m_indrv_max_v = 6.1240905729e+00
m_indrv_min_v = -3.336311347e-02
m_n1_max_v = 6.1181074704e+00
m_n1_min_v = -4.787598418e-02
m_n2_max_v = 6.0827278344e+00
m_n2_min_v = -4.018892568e-02
m_n3_max_v = 6.0541319629e+00
m_n3_min_v = -2.892919909e-02
m_n4_max_v = 6.0521962784e+00
m_n4_min_v = -2.807006898e-02
m_n5_max_v = 6.0530267537e+00
m_n5_min_v = -2.811570807e-02
Note: Simulation executed from .control section 

Note: vimeas: has no value, DC 0 assumed
