
Note: No compatibility mode selected!


Circuit: * gate-driver-core-drive-postlayout @ ss_125c_vlogic3p30v-vdrv6p00v -- generated by sim/harness, do not edit

Doing analysis at TEMP = 125.000000 and TNOM = 27.000000

Using SPARSE 1.3 as Direct Linear Solver

Initial Transient Solution
--------------------------

Node                                   Voltage
----                                   -------
x1_inb                                     3.3
in                                           0
gnd_logic                                    0
x1_na                                  2.37856
x1_nb                               7.5753e-10
gnd_drv                            5.56953e-12
x2_n3                                        6
x2_n4                              5.53828e-09
x2_n5                                        6
out                                5.87359e-09
in_drv                             2.12573e-09
x1_nbuf1                                     6
x1_ncb                             2.40798e-09
x1_nca                                       6
vdd_logic                                  3.3
x2_n1                                        6
x2_n2                              4.28537e-09
vdd_drv                                      6
outcap                             5.87359e-09
vimeas#branch                      5.42029e-25
vin#branch                                   0
vgnd_logic#branch                  6.00649e-09
vsup_drv#branch                   -5.87891e-09
vsup_logic#branch                 -1.27577e-10

 Reference value :  9.30415e-08
 Reference value :  2.52842e-07
 Reference value :  3.93749e-07
 Reference value :  5.67449e-07
No. of Data Rows : 7192
trise10_90          =  6.52349e-09 targ=  2.99319e-08 trig=  2.34085e-08
tfall10_90          =  6.52583e-09 targ=  3.30641e-07 trig=  3.24115e-07
tpdlh               =  5.37886e-09 targ=  2.58789e-08 trig=  2.05000e-08
tpdhl               =  5.40656e-09 targ=  3.26907e-07 trig=  3.21500e-07
m_trise_s = 6.5234890000e-09
m_tfall_s = 6.5258320000e-09
m_tpdlh_s = 5.3788620000e-09
m_tpdhl_s = 5.4065640000e-09
m_ipeak_source_a = 1.0129914477e+00
m_ipeak_sink_a = 8.8058377938e-01
m_vout_max_v = 6.0052623828e+00
m_vout_min_v = -3.305863673e-03
m_vin_max_v = 3.3000000000e+00
m_vin_min_v = 0.0000000000e+00
m_indrv_max_v = 6.1338936708e+00
m_indrv_min_v = -3.729951153e-02
m_n1_max_v = 6.1151704076e+00
m_n1_min_v = -5.852504069e-02
m_n2_max_v = 6.0816109872e+00
m_n2_min_v = -4.618711574e-02
m_n3_max_v = 6.0587786512e+00
m_n3_min_v = -3.301001454e-02
m_n4_max_v = 6.0565485071e+00
m_n4_min_v = -3.225186609e-02
m_n5_max_v = 6.0573675548e+00
m_n5_min_v = -3.257267072e-02
Note: Simulation executed from .control section 

Note: vimeas: has no value, DC 0 assumed
