
Note: No compatibility mode selected!


Circuit: * gate-driver-core-drive-postlayout @ ss_125c_vlogic3p63v-vdrv5p50v -- generated by sim/harness, do not edit

Doing analysis at TEMP = 125.000000 and TNOM = 27.000000

Using SPARSE 1.3 as Direct Linear Solver

Initial Transient Solution
--------------------------

Node                                   Voltage
----                                   -------
x1_inb                                    3.63
in                                           0
gnd_logic                                    0
x1_na                                  2.63652
x1_nb                              6.61626e-10
gnd_drv                            5.04975e-12
x2_n3                                      5.5
x2_n4                              5.28155e-09
x2_n5                                      5.5
out                                5.60133e-09
in_drv                             2.04536e-09
x1_nbuf1                                   5.5
x1_ncb                             2.06135e-09
x1_nca                                     5.5
vdd_logic                                 3.63
x2_n1                                      5.5
x2_n2                              4.12893e-09
vdd_drv                                    5.5
outcap                             5.60133e-09
vimeas#branch                      3.10193e-24
vin#branch                                   0
vgnd_logic#branch                  5.56573e-09
vsup_drv#branch                   -5.40755e-09
vsup_logic#branch                 -1.58181e-10

 Reference value :  1.11318e-07
 Reference value :  2.88218e-07
 Reference value :  4.37760e-07
 Reference value :  6.17260e-07
No. of Data Rows : 7190
trise10_90          =  7.00374e-09 targ=  3.06617e-08 trig=  2.36580e-08
tfall10_90          =  6.76675e-09 targ=  3.30979e-07 trig=  3.24212e-07
tpdlh               =  5.81500e-09 targ=  2.63150e-08 trig=  2.05000e-08
tpdhl               =  5.60497e-09 targ=  3.27105e-07 trig=  3.21500e-07
m_trise_s = 7.0037430000e-09
m_tfall_s = 6.7667490000e-09
m_tpdlh_s = 5.8150040000e-09
m_tpdhl_s = 5.6049670000e-09
m_ipeak_source_a = 8.6301420889e-01
m_ipeak_sink_a = 7.7946925382e-01
m_vout_max_v = 5.5052986995e+00
m_vout_min_v = -3.275391416e-03
m_vin_max_v = 3.6300000000e+00
m_vin_min_v = 0.0000000000e+00
m_indrv_max_v = 5.6349655209e+00
m_indrv_min_v = -3.276443492e-02
m_n1_max_v = 5.6180035801e+00
m_n1_min_v = -5.860859394e-02
m_n2_max_v = 5.5784043529e+00
m_n2_min_v = -4.462612467e-02
m_n3_max_v = 5.5589315607e+00
m_n3_min_v = -3.230109061e-02
m_n4_max_v = 5.5571029367e+00
m_n4_min_v = -3.204135791e-02
m_n5_max_v = 5.5581248769e+00
m_n5_min_v = -3.246430268e-02
Note: Simulation executed from .control section 

Note: vimeas: has no value, DC 0 assumed
