
Note: No compatibility mode selected!


Circuit: * gate-driver-core-drive-postlayout @ ss_125c_vlogic2p97v-vdrv4p50v -- generated by sim/harness, do not edit

Doing analysis at TEMP = 125.000000 and TNOM = 27.000000

Using SPARSE 1.3 as Direct Linear Solver

Initial Transient Solution
--------------------------

Node                                   Voltage
----                                   -------
x1_inb                                    2.97
in                                           0
gnd_logic                                    0
x1_na                                   2.0988
x1_nb                              6.14766e-10
gnd_drv                            4.13288e-12
x2_n3                                      4.5
x2_n4                              4.87089e-09
x2_n5                                      4.5
out                                5.16585e-09
in_drv                             1.93192e-09
x1_nbuf1                                   4.5
x1_ncb                             1.99971e-09
x1_nca                                     4.5
vdd_logic                                 2.97
x2_n1                                      4.5
x2_n2                              3.91446e-09
vdd_drv                                    4.5
outcap                             5.16585e-09
vimeas#branch                     -1.18261e-24
vin#branch                                   0
vgnd_logic#branch                  4.49946e-09
vsup_drv#branch                   -4.39505e-09
vsup_logic#branch                 -1.04413e-10

 Reference value :  1.00820e-07
 Reference value :  2.80120e-07
 Reference value :  4.26213e-07
 Reference value :  6.08413e-07
No. of Data Rows : 7172
trise10_90          =  8.35873e-09 targ=  3.25690e-08 trig=  2.42103e-08
tfall10_90          =  7.52106e-09 targ=  3.32187e-07 trig=  3.24666e-07
tpdlh               =  6.90347e-09 targ=  2.74035e-08 trig=  2.05000e-08
tpdhl               =  6.37369e-09 targ=  3.27874e-07 trig=  3.21500e-07
m_trise_s = 8.3587300000e-09
m_tfall_s = 7.5210620000e-09
m_tpdlh_s = 6.9034690000e-09
m_tpdhl_s = 6.3736940000e-09
m_ipeak_source_a = 5.8885922154e-01
m_ipeak_sink_a = 5.7852434912e-01
m_vout_max_v = 4.5050238807e+00
m_vout_min_v = -3.189413587e-03
m_vin_max_v = 2.9700000000e+00
m_vin_min_v = 0.0000000000e+00
m_indrv_max_v = 4.6190814040e+00
m_indrv_min_v = -3.579265832e-02
m_n1_max_v = 4.6091943001e+00
m_n1_min_v = -5.543392789e-02
m_n2_max_v = 4.5723133963e+00
m_n2_min_v = -4.130447128e-02
m_n3_max_v = 4.5572152822e+00
m_n3_min_v = -3.068640787e-02
m_n4_max_v = 4.5551743856e+00
m_n4_min_v = -3.086071636e-02
m_n5_max_v = 4.5574208142e+00
m_n5_min_v = -3.139275970e-02
Note: Simulation executed from .control section 

Note: vimeas: has no value, DC 0 assumed
