
Note: No compatibility mode selected!


Circuit: * gate-driver-core-drive-postlayout @ ss_27c_vlogic2p97v-vdrv4p50v -- generated by sim/harness, do not edit

Doing analysis at TEMP = 27.000000 and TNOM = 27.000000

Using SPARSE 1.3 as Direct Linear Solver

Initial Transient Solution
--------------------------

Node                                   Voltage
----                                   -------
x1_inb                                    2.97
in                                           0
gnd_logic                                    0
x1_na                                  2.05817
x1_nb                              4.35628e-10
gnd_drv                            3.23873e-12
x2_n3                                      4.5
x2_n4                              3.21419e-09
x2_n5                                      4.5
out                                3.40879e-09
in_drv                             1.08826e-09
x1_nbuf1                                   4.5
x1_ncb                              1.3732e-09
x1_nca                                     4.5
vdd_logic                                 2.97
x2_n1                                      4.5
x2_n2                              2.14354e-09
vdd_drv                                    4.5
outcap                             3.40879e-09
vimeas#branch                     -6.58756e-25
vin#branch                                   0
vgnd_logic#branch                  3.24923e-09
vsup_drv#branch                   -3.24608e-09
vsup_logic#branch                 -3.15446e-12

 Reference value :  8.66215e-08
 Reference value :  2.54621e-07
 Reference value :  4.09901e-07
 Reference value :  5.84401e-07
No. of Data Rows : 7189
trise10_90          =  6.73751e-09 targ=  3.02839e-08 trig=  2.35464e-08
tfall10_90          =  6.15739e-09 targ=  3.30315e-07 trig=  3.24157e-07
tpdlh               =  5.70588e-09 targ=  2.62059e-08 trig=  2.05000e-08
tpdhl               =  5.40951e-09 targ=  3.26910e-07 trig=  3.21500e-07
m_trise_s = 6.7375140000e-09
m_tfall_s = 6.1573860000e-09
m_tpdlh_s = 5.7058790000e-09
m_tpdhl_s = 5.4095080000e-09
m_ipeak_source_a = 7.0174966435e-01
m_ipeak_sink_a = 6.6361844667e-01
m_vout_max_v = 4.5054675474e+00
m_vout_min_v = -3.464771212e-03
m_vin_max_v = 2.9700000000e+00
m_vin_min_v = 0.0000000000e+00
m_indrv_max_v = 4.6207590102e+00
m_indrv_min_v = -3.885503089e-02
m_n1_max_v = 4.6172025870e+00
m_n1_min_v = -5.880689020e-02
m_n2_max_v = 4.5737372360e+00
m_n2_min_v = -4.111972859e-02
m_n3_max_v = 4.5594510267e+00
m_n3_min_v = -3.062405996e-02
m_n4_max_v = 4.5576739917e+00
m_n4_min_v = -3.116480612e-02
m_n5_max_v = 4.5604245711e+00
m_n5_min_v = -3.218923186e-02
Note: Simulation executed from .control section 

Note: vimeas: has no value, DC 0 assumed
