
Note: No compatibility mode selected!


Circuit: * gate-driver-core-drive-postlayout @ ss_27c_vlogic3p63v-vdrv5p50v -- generated by sim/harness, do not edit

Doing analysis at TEMP = 27.000000 and TNOM = 27.000000

Using SPARSE 1.3 as Direct Linear Solver

Initial Transient Solution
--------------------------

Node                                   Voltage
----                                   -------
x1_inb                                    3.63
in                                           0
gnd_logic                                    0
x1_na                                  2.60581
x1_nb                                 4.84e-10
gnd_drv                            3.96089e-12
x2_n3                                      5.5
x2_n4                              3.48572e-09
x2_n5                                      5.5
out                                3.69674e-09
in_drv                             1.18086e-09
x1_nbuf1                                   5.5
x1_ncb                             1.43049e-09
x1_nca                                     5.5
vdd_logic                                 3.63
x2_n1                                      5.5
x2_n2                              2.32537e-09
vdd_drv                                    5.5
outcap                             3.69674e-09
vimeas#branch                       1.9387e-25
vin#branch                                   0
vgnd_logic#branch                  3.97402e-09
vsup_drv#branch                   -3.97008e-09
vsup_logic#branch                 -3.94502e-12

 Reference value :  8.94457e-08
 Reference value :  2.68846e-07
 Reference value :  4.02085e-07
 Reference value :  5.79285e-07
No. of Data Rows : 7215
trise10_90          =  5.72279e-09 targ=  2.88425e-08 trig=  2.31197e-08
tfall10_90          =  5.53898e-09 targ=  3.29329e-07 trig=  3.23790e-07
tpdlh               =  4.86353e-09 targ=  2.53635e-08 trig=  2.05000e-08
tpdhl               =  4.77606e-09 targ=  3.26276e-07 trig=  3.21500e-07
m_trise_s = 5.7227870000e-09
m_tfall_s = 5.5389850000e-09
m_tpdlh_s = 4.8635310000e-09
m_tpdhl_s = 4.7760580000e-09
m_ipeak_source_a = 1.0163211035e+00
m_ipeak_sink_a = 8.9983287517e-01
m_vout_max_v = 5.5057054427e+00
m_vout_min_v = -3.555363565e-03
m_vin_max_v = 3.6300000000e+00
m_vin_min_v = 0.0000000000e+00
m_indrv_max_v = 5.6361758361e+00
m_indrv_min_v = -3.469585243e-02
m_n1_max_v = 5.6227911938e+00
m_n1_min_v = -5.986888079e-02
m_n2_max_v = 5.5801015248e+00
m_n2_min_v = -4.415330808e-02
m_n3_max_v = 5.5610653926e+00
m_n3_min_v = -3.237915092e-02
m_n4_max_v = 5.5605069691e+00
m_n4_min_v = -3.219344317e-02
m_n5_max_v = 5.5612383470e+00
m_n5_min_v = -3.296409262e-02
Note: Simulation executed from .control section 

Note: vimeas: has no value, DC 0 assumed
