
Note: No compatibility mode selected!


Circuit: * gate-driver-core-drive-postlayout @ tt_-40c_vlogic3p63v-vdrv5p50v -- generated by sim/harness, do not edit

Doing analysis at TEMP = -40.000000 and TNOM = 27.000000

Using SPARSE 1.3 as Direct Linear Solver

Initial Transient Solution
--------------------------

Node                                   Voltage
----                                   -------
x1_inb                                    3.63
in                                           0
gnd_logic                                    0
x1_na                                  2.61444
x1_nb                              3.75609e-10
gnd_drv                            4.02067e-12
x2_n3                                      5.5
x2_n4                              2.33773e-09
x2_n5                                      5.5
out                                2.47917e-09
in_drv                             7.97078e-10
x1_nbuf1                                   5.5
x1_ncb                             9.96172e-10
x1_nca                                     5.5
vdd_logic                                 3.63
x2_n1                                      5.5
x2_n2                               1.5672e-09
vdd_drv                                    5.5
outcap                             2.47917e-09
vimeas#branch                     -2.61725e-25
vin#branch                                   0
vgnd_logic#branch                  4.03298e-09
vsup_drv#branch                   -4.02933e-09
vsup_logic#branch                 -3.64666e-12

 Reference value :  1.25483e-07
 Reference value :  3.01183e-07
 Reference value :  4.43081e-07
 Reference value :  6.22281e-07
No. of Data Rows : 7233
trise10_90          =  3.95791e-09 targ=  2.62517e-08 trig=  2.22938e-08
tfall10_90          =  3.96539e-09 targ=  3.27060e-07 trig=  3.23095e-07
tpdlh               =  3.39226e-09 targ=  2.38923e-08 trig=  2.05000e-08
tpdhl               =  3.41505e-09 targ=  3.24915e-07 trig=  3.21500e-07
m_trise_s = 3.9579080000e-09
m_tfall_s = 3.9653880000e-09
m_tpdlh_s = 3.3922560000e-09
m_tpdhl_s = 3.4150470000e-09
m_ipeak_source_a = 1.4219125338e+00
m_ipeak_sink_a = 1.2301323373e+00
m_vout_max_v = 5.5050870827e+00
m_vout_min_v = -3.078008490e-03
m_vin_max_v = 3.6300000000e+00
m_vin_min_v = 0.0000000000e+00
m_indrv_max_v = 5.6222205473e+00
m_indrv_min_v = -2.851650795e-02
m_n1_max_v = 5.6142660229e+00
m_n1_min_v = -5.139751012e-02
m_n2_max_v = 5.5731227716e+00
m_n2_min_v = -4.097071551e-02
m_n3_max_v = 5.5537906130e+00
m_n3_min_v = -2.923963491e-02
m_n4_max_v = 5.5512392810e+00
m_n4_min_v = -2.912272947e-02
m_n5_max_v = 5.5527019329e+00
m_n5_min_v = -2.930258484e-02
Note: Simulation executed from .control section 

Note: vimeas: has no value, DC 0 assumed
