
Note: No compatibility mode selected!


Circuit: * gate-driver-core-drive-postlayout @ tt_125c_vlogic3p30v-vdrv6p00v -- generated by sim/harness, do not edit

Doing analysis at TEMP = 125.000000 and TNOM = 27.000000

Using SPARSE 1.3 as Direct Linear Solver

Initial Transient Solution
--------------------------

Node                                   Voltage
----                                   -------
x1_inb                                     3.3
in                                           0
gnd_logic                                    0
x1_na                                  2.43092
x1_nb                              8.33323e-10
gnd_drv                            1.74369e-11
x2_n3                                        6
x2_n4                              7.38692e-09
x2_n5                                        6
out                                7.83355e-09
in_drv                               3.043e-09
x1_nbuf1                                     6
x1_ncb                             2.47669e-09
x1_nca                                 5.99999
vdd_logic                                  3.3
x2_n1                                        6
x2_n2                              6.37404e-09
vdd_drv                                      6
outcap                             7.83355e-09
vimeas#branch                      2.67331e-23
vin#branch                                   0
vgnd_logic#branch                  2.12678e-08
vsup_drv#branch                   -2.01268e-08
vsup_logic#branch                 -1.14103e-09

 Reference value :  9.35064e-08
 Reference value :  2.72006e-07
 Reference value :  4.28861e-07
 Reference value :  6.07761e-07
No. of Data Rows : 7190
trise10_90          =  5.36547e-09 targ=  2.81849e-08 trig=  2.28194e-08
tfall10_90          =  5.55041e-09 targ=  3.29149e-07 trig=  3.23598e-07
tpdlh               =  4.33404e-09 targ=  2.48340e-08 trig=  2.05000e-08
tpdhl               =  4.45273e-09 targ=  3.25953e-07 trig=  3.21500e-07
m_trise_s = 5.3654650000e-09
m_tfall_s = 5.5504070000e-09
m_tpdlh_s = 4.3340350000e-09
m_tpdhl_s = 4.4527290000e-09
m_ipeak_source_a = 1.2463744474e+00
m_ipeak_sink_a = 1.0485334794e+00
m_vout_max_v = 6.0043357611e+00
m_vout_min_v = -2.643133501e-03
m_vin_max_v = 3.3000000000e+00
m_vin_min_v = 0.0000000000e+00
m_indrv_max_v = 6.1184890918e+00
m_indrv_min_v = -2.740551537e-02
m_n1_max_v = 6.0991652923e+00
m_n1_min_v = -4.746014695e-02
m_n2_max_v = 6.0739502138e+00
m_n2_min_v = -4.194765215e-02
m_n3_max_v = 6.0496234769e+00
m_n3_min_v = -2.880535042e-02
m_n4_max_v = 6.0463843428e+00
m_n4_min_v = -2.773569982e-02
m_n5_max_v = 6.0468979961e+00
m_n5_min_v = -2.766029102e-02
Note: Simulation executed from .control section 

Note: vimeas: has no value, DC 0 assumed
