
Note: No compatibility mode selected!


Circuit: * gate-driver-core-drive-postlayout @ tt_125c_vlogic3p30v-vdrv5p00v -- generated by sim/harness, do not edit

Doing analysis at TEMP = 125.000000 and TNOM = 27.000000

Using SPARSE 1.3 as Direct Linear Solver

Initial Transient Solution
--------------------------

Node                                   Voltage
----                                   -------
x1_inb                                     3.3
in                                           0
gnd_logic                                    0
x1_na                                  2.41485
x1_nb                              6.96813e-10
gnd_drv                            1.34493e-11
x2_n3                                        5
x2_n4                              6.58032e-09
x2_n5                                        5
out                                6.97831e-09
in_drv                             2.73862e-09
x1_nbuf1                                     5
x1_ncb                             2.07097e-09
x1_nca                                 4.99999
vdd_logic                                  3.3
x2_n1                                        5
x2_n2                              5.74157e-09
vdd_drv                                      5
outcap                             6.97831e-09
vimeas#branch                      3.78694e-24
vin#branch                                   0
vgnd_logic#branch                  1.72511e-08
vsup_drv#branch                   -1.61101e-08
vsup_logic#branch                 -1.14103e-09

 Reference value :  9.83230e-08
 Reference value :  2.75423e-07
 Reference value :  4.32260e-07
 Reference value :  5.75360e-07
No. of Data Rows : 7184
trise10_90          =  6.16335e-09 targ=  2.93277e-08 trig=  2.31644e-08
tfall10_90          =  5.93811e-09 targ=  3.29737e-07 trig=  3.23798e-07
tpdlh               =  4.98276e-09 targ=  2.54828e-08 trig=  2.05000e-08
tpdhl               =  4.81318e-09 targ=  3.26313e-07 trig=  3.21500e-07
m_trise_s = 6.1633460000e-09
m_tfall_s = 5.9381080000e-09
m_tpdlh_s = 4.9827600000e-09
m_tpdhl_s = 4.8131750000e-09
m_ipeak_source_a = 9.0378395672e-01
m_ipeak_sink_a = 8.1602563710e-01
m_vout_max_v = 5.0042716269e+00
m_vout_min_v = -2.601726321e-03
m_vin_max_v = 3.3000000000e+00
m_vin_min_v = 0.0000000000e+00
m_indrv_max_v = 5.1186069080e+00
m_indrv_min_v = -2.478739144e-02
m_n1_max_v = 5.0936217288e+00
m_n1_min_v = -4.869174814e-02
m_n2_max_v = 5.0694444738e+00
m_n2_min_v = -3.886658686e-02
m_n3_max_v = 5.0503358251e+00
m_n3_min_v = -2.780628271e-02
m_n4_max_v = 5.0486293727e+00
m_n4_min_v = -2.741535335e-02
m_n5_max_v = 5.0495023242e+00
m_n5_min_v = -2.750604957e-02
Note: Simulation executed from .control section 

Note: vimeas: has no value, DC 0 assumed
