
Note: No compatibility mode selected!


Circuit: * gate-driver-core-drive-postlayout @ tt_125c_vlogic3p63v-vdrv5p50v -- generated by sim/harness, do not edit

Doing analysis at TEMP = 125.000000 and TNOM = 27.000000

Using SPARSE 1.3 as Direct Linear Solver

Initial Transient Solution
--------------------------

Node                                   Voltage
----                                   -------
x1_inb                                    3.63
in                                           0
gnd_logic                                    0
x1_na                                  2.68943
x1_nb                              7.29194e-10
gnd_drv                            1.51693e-11
x2_n3                                      5.5
x2_n4                              6.93236e-09
x2_n5                                      5.5
out                                7.35158e-09
in_drv                             2.86721e-09
x1_nbuf1                                   5.5
x1_ncb                             2.12879e-09
x1_nca                                 5.49999
vdd_logic                                 3.63
x2_n1                                      5.5
x2_n2                              6.00635e-09
vdd_drv                                    5.5
outcap                             7.35158e-09
vimeas#branch                     -1.26824e-24
vin#branch                                   0
vgnd_logic#branch                   1.9798e-08
vsup_drv#branch                   -1.83457e-08
vsup_logic#branch                 -1.45229e-09

 Reference value :  9.20800e-08
 Reference value :  2.47280e-07
 Reference value :  3.87197e-07
 Reference value :  5.61697e-07
No. of Data Rows : 7191
trise10_90          =  5.72428e-09 targ=  2.87247e-08 trig=  2.30004e-08
tfall10_90          =  5.71508e-09 targ=  3.29375e-07 trig=  3.23660e-07
tpdlh               =  4.65083e-09 targ=  2.51508e-08 trig=  2.05000e-08
tpdhl               =  4.58327e-09 targ=  3.26083e-07 trig=  3.21500e-07
m_trise_s = 5.7242800000e-09
m_tfall_s = 5.7150810000e-09
m_tpdlh_s = 4.6508250000e-09
m_tpdhl_s = 4.5832660000e-09
m_ipeak_source_a = 1.0690567472e+00
m_ipeak_sink_a = 9.2807670591e-01
m_vout_max_v = 5.5043823018e+00
m_vout_min_v = -2.646706840e-03
m_vin_max_v = 3.6300000000e+00
m_vin_min_v = 0.0000000000e+00
m_indrv_max_v = 5.6223431364e+00
m_indrv_min_v = -2.241648770e-02
m_n1_max_v = 5.6016526422e+00
m_n1_min_v = -4.941276010e-02
m_n2_max_v = 5.5713475849e+00
m_n2_min_v = -4.025378738e-02
m_n3_max_v = 5.5503067298e+00
m_n3_min_v = -2.834047153e-02
m_n4_max_v = 5.5466569610e+00
m_n4_min_v = -2.774666383e-02
m_n5_max_v = 5.5484066414e+00
m_n5_min_v = -2.761452013e-02
Note: Simulation executed from .control section 

Note: vimeas: has no value, DC 0 assumed
