
Note: No compatibility mode selected!


Circuit: * gate-driver-core-drive-postlayout @ tt_27c_vlogic3p30v-vdrv5p00v -- generated by sim/harness, do not edit

Doing analysis at TEMP = 27.000000 and TNOM = 27.000000

Using SPARSE 1.3 as Direct Linear Solver

Initial Transient Solution
--------------------------

Node                                   Voltage
----                                   -------
x1_inb                                     3.3
in                                           0
gnd_logic                                    0
x1_na                                  2.43057
x1_nb                              4.28341e-10
gnd_drv                            3.66947e-12
x2_n3                                        5
x2_n4                              2.93506e-09
x2_n5                                        5
out                                3.11272e-09
in_drv                             9.99964e-10
x1_nbuf1                                     5
x1_ncb                             1.22094e-09
x1_nca                                       5
vdd_logic                                  3.3
x2_n1                                        5
x2_n2                              1.96702e-09
vdd_drv                                      5
outcap                             3.11272e-09
vimeas#branch                      6.76123e-25
vin#branch                                   0
vgnd_logic#branch                  3.69348e-09
vsup_drv#branch                   -3.68598e-09
vsup_logic#branch                 -7.49842e-12

 Reference value :  1.03794e-07
 Reference value :  2.63594e-07
 Reference value :  3.95533e-07
 Reference value :  5.66833e-07
No. of Data Rows : 7208
trise10_90          =  5.05710e-09 targ=  2.77640e-08 trig=  2.27069e-08
tfall10_90          =  4.79414e-09 targ=  3.28228e-07 trig=  3.23434e-07
tpdlh               =  4.17780e-09 targ=  2.46778e-08 trig=  2.05000e-08
tpdhl               =  4.05399e-09 targ=  3.25554e-07 trig=  3.21500e-07
m_trise_s = 5.0571040000e-09
m_tfall_s = 4.7941370000e-09
m_tpdlh_s = 4.1778030000e-09
m_tpdhl_s = 4.0539920000e-09
m_ipeak_source_a = 1.0547069831e+00
m_ipeak_sink_a = 9.6206432090e-01
m_vout_max_v = 5.0047239651e+00
m_vout_min_v = -2.917009293e-03
m_vin_max_v = 3.3000000000e+00
m_vin_min_v = 0.0000000000e+00
m_indrv_max_v = 5.1207933095e+00
m_indrv_min_v = -2.944166490e-02
m_n1_max_v = 5.1055622595e+00
m_n1_min_v = -5.043609511e-02
m_n2_max_v = 5.0709164287e+00
m_n2_min_v = -4.019886721e-02
m_n3_max_v = 5.0536333987e+00
m_n3_min_v = -2.867830842e-02
m_n4_max_v = 5.0522761611e+00
m_n4_min_v = -2.860518887e-02
m_n5_max_v = 5.0527997374e+00
m_n5_min_v = -2.912848936e-02
Note: Simulation executed from .control section 

Note: vimeas: has no value, DC 0 assumed
