
Note: No compatibility mode selected!


Circuit: * gate-driver-core-drive-postlayout @ tt_27c_vlogic2p97v-vdrv4p50v -- generated by sim/harness, do not edit

Doing analysis at TEMP = 27.000000 and TNOM = 27.000000

Using SPARSE 1.3 as Direct Linear Solver

Initial Transient Solution
--------------------------

Node                                   Voltage
----                                   -------
x1_inb                                    2.97
in                                           0
gnd_logic                                    0
x1_na                                  2.15511
x1_nb                              4.03757e-10
gnd_drv                            3.30105e-12
x2_n3                                      4.5
x2_n4                               2.8016e-09
x2_n5                                      4.5
out                                 2.9712e-09
in_drv                              9.5419e-10
x1_nbuf1                                   4.5
x1_ncb                             1.18751e-09
x1_nca                                     4.5
vdd_logic                                 2.97
x2_n1                                      4.5
x2_n2                              1.87722e-09
vdd_drv                                    4.5
outcap                              2.9712e-09
vimeas#branch                     -3.00095e-25
vin#branch                                   0
vgnd_logic#branch                  3.32113e-09
vsup_drv#branch                   -3.31499e-09
vsup_logic#branch                 -6.13628e-12

 Reference value :  8.43650e-08
 Reference value :  2.39565e-07
 Reference value :  3.85548e-07
 Reference value :  5.59848e-07
No. of Data Rows : 7195
trise10_90          =  5.46961e-09 targ=  2.83405e-08 trig=  2.28709e-08
tfall10_90          =  5.04752e-09 targ=  3.28625e-07 trig=  3.23577e-07
tpdlh               =  4.50736e-09 targ=  2.50074e-08 trig=  2.05000e-08
tpdhl               =  4.30405e-09 targ=  3.25804e-07 trig=  3.21500e-07
m_trise_s = 5.4696070000e-09
m_tfall_s = 5.0475220000e-09
m_tpdlh_s = 4.5073620000e-09
m_tpdhl_s = 4.3040480000e-09
m_ipeak_source_a = 8.7412824062e-01
m_ipeak_sink_a = 8.2968773004e-01
m_vout_max_v = 4.5045644325e+00
m_vout_min_v = -2.878173333e-03
m_vin_max_v = 2.9700000000e+00
m_vin_min_v = 0.0000000000e+00
m_indrv_max_v = 4.6134305632e+00
m_indrv_min_v = -3.088192495e-02
m_n1_max_v = 4.6048356603e+00
m_n1_min_v = -4.975278219e-02
m_n2_max_v = 4.5675946989e+00
m_n2_min_v = -3.871709794e-02
m_n3_max_v = 4.5518736601e+00
m_n3_min_v = -2.824863407e-02
m_n4_max_v = 4.5519158640e+00
m_n4_min_v = -2.842498859e-02
m_n5_max_v = 4.5526364301e+00
m_n5_min_v = -2.886434604e-02
Note: Simulation executed from .control section 

Note: vimeas: has no value, DC 0 assumed
