
Note: No compatibility mode selected!


Circuit: * level-shifter-oxide-safety @ ff_27c_vlogic3p63v-vdrv5p50v -- generated by sim/harness, do not edit

Doing analysis at TEMP = 27.000000 and TNOM = 27.000000

Using SPARSE 1.3 as Direct Linear Solver

Initial Transient Solution
--------------------------

Node                                   Voltage
----                                   -------
inb                                       3.63
in                                           0
gnd_logic                                    0
vdd_logic                                 3.63
na                                     2.67407
nb                                  3.8704e-07
nca                                    5.49998
gnd_drv                            1.91807e-11
ncb                                1.02904e-06
vdd_drv                                    5.5
nbuf1                                  5.49999
out                                6.86684e-07
vin#branch                                   0
vgnd_logic#branch                  3.12965e-08
vsup_drv#branch                   -2.75509e-08
vsup_logic#branch                 -3.74558e-09

 Reference value :  1.77456e-08
 Reference value :  3.56751e-08
 Reference value :  5.65951e-08
 Reference value :  7.40229e-08
 Reference value :  9.40429e-08
 Reference value :  1.12415e-07
 Reference value :  1.33415e-07
 Reference value :  1.51943e-07
 Reference value :  1.57543e-07
 Reference value :  1.62423e-07
 Reference value :  1.72563e-07
 Reference value :  1.82295e-07
 Reference value :  1.94915e-07
 Reference value :  1.97935e-07
No. of Data Rows : 10054
mq1                 =  3.63000e+00 at=  1.70463e-07
mq2                 =  3.63000e+00 at=  2.00000e-07
mq3                 =  3.63000e+00 at=  1.80000e-07
mq4                 =  3.63000e+00 at=  6.05000e-08
mq5                 =  3.65281e+00 at=  2.00500e-08
mq6                 =  3.65300e+00 at=  2.00500e-08
na_peak             =  2.74492e+00 at=  2.00700e-08
nb_peak             =  2.69846e+00 at=  6.07500e-08
t_plh               =  5.59445e-10 targ=  2.07867e-08 trig=  2.02273e-08
t_phl               =  2.57564e-10 targ=  6.10303e-08 trig=  6.07727e-08
vout_hi_abs         =  5.50000e+00
vout_lo_abs         =  6.86684e-07
vdrv_now            =  5.50000e+00
m_vgate_thinox_max = 3.6530050000e+00
m_vna_peak = 2.7449160000e+00
m_vnb_peak = 2.6984640000e+00
m_t_plh_ns = 5.5944530000e-01
m_t_phl_ns = 2.5756380000e-01
m_vout_hi_ratio = 9.9999963636e-01
m_vout_lo_ratio = 1.2485160000e-07
Note: Simulation executed from .control section 

