
Note: No compatibility mode selected!


Circuit: * level-shifter-oxide-safety @ fs_125c_vlogic3p63v-vdrv5p50v -- generated by sim/harness, do not edit

Doing analysis at TEMP = 125.000000 and TNOM = 27.000000

Using SPARSE 1.3 as Direct Linear Solver

Initial Transient Solution
--------------------------

Node                                   Voltage
----                                   -------
inb                                    3.62999
in                                           0
gnd_logic                                    0
vdd_logic                                 3.63
na                                     2.70687
nb                                 4.98775e-07
nca                                    5.49991
gnd_drv                            1.97097e-11
ncb                                1.41121e-06
vdd_drv                                    5.5
nbuf1                                  5.49999
out                                9.86334e-07
vin#branch                                   0
vgnd_logic#branch                  5.73296e-08
vsup_drv#branch                   -4.53865e-08
vsup_logic#branch                 -1.19431e-08

 Reference value :  0.00000e+00
 Reference value :  7.98560e-09
 Reference value :  8.02560e-09
 Reference value :  8.06560e-09
 Reference value :  8.10560e-09
 Reference value :  8.14560e-09
 Reference value :  8.18560e-09
 Reference value :  8.22560e-09
 Reference value :  8.26560e-09
 Reference value :  8.30560e-09
 Reference value :  1.09856e-08
 Reference value :  1.12256e-08
 Reference value :  1.12656e-08
 Reference value :  1.13056e-08
 Reference value :  1.13456e-08
 Reference value :  1.13856e-08
 Reference value :  1.14256e-08
 Reference value :  1.14656e-08
 Reference value :  1.15056e-08
 Reference value :  1.15456e-08
 Reference value :  1.15856e-08
 Reference value :  1.41856e-08
 Reference value :  2.13894e-08
 Reference value :  2.67494e-08
 Reference value :  3.05294e-08
 Reference value :  4.98894e-08
 Reference value :  6.79519e-08
 Reference value :  8.91519e-08
 Reference value :  1.08169e-07
 Reference value :  1.28069e-07
 Reference value :  1.48572e-07
 Reference value :  1.60432e-07
 Reference value :  1.67252e-07
 Reference value :  1.75592e-07
 Reference value :  1.81509e-07
No. of Data Rows : 10042
mq1                 =  3.63000e+00 at=  1.40500e-07
mq2                 =  3.63000e+00 at=  2.00000e-07
mq3                 =  3.63000e+00 at=  1.80000e-07
mq4                 =  3.63000e+00 at=  6.05000e-08
mq5                 =  3.65935e+00 at=  1.80050e-07
mq6                 =  3.65979e+00 at=  1.80050e-07
na_peak             =  2.76944e+00 at=  2.00500e-08
nb_peak             =  2.74101e+00 at=  1.40770e-07
t_plh               =  8.28934e-10 targ=  2.10562e-08 trig=  2.02273e-08
t_phl               =  3.84884e-10 targ=  6.11576e-08 trig=  6.07727e-08
vout_hi_abs         =  5.50000e+00
vout_lo_abs         =  9.86333e-07
vdrv_now            =  5.50000e+00
m_vgate_thinox_max = 3.6597930000e+00
m_vna_peak = 2.7694410000e+00
m_vnb_peak = 2.7410070000e+00
m_t_plh_ns = 8.2893400000e-01
m_t_phl_ns = 3.8488380000e-01
m_vout_hi_ratio = 9.9999927273e-01
m_vout_lo_ratio = 1.7933336364e-07
Note: Simulation executed from .control section 

