
Note: No compatibility mode selected!


Circuit: * level-shifter-oxide-safety @ fs_27c_vlogic2p97v-vdrv4p50v -- generated by sim/harness, do not edit

Doing analysis at TEMP = 27.000000 and TNOM = 27.000000

Using SPARSE 1.3 as Direct Linear Solver

Initial Transient Solution
--------------------------

Node                                   Voltage
----                                   -------
inb                                       2.97
in                                           0
gnd_logic                                    0
vdd_logic                                 2.97
na                                     2.07875
nb                                 3.47971e-07
nca                                    4.49997
gnd_drv                            1.55816e-11
ncb                                9.87935e-07
vdd_drv                                    4.5
nbuf1                                  4.49999
out                                6.35683e-07
vin#branch                                   0
vgnd_logic#branch                  2.52169e-08
vsup_drv#branch                   -2.22172e-08
vsup_logic#branch                 -2.99963e-09

 Reference value :  0.00000e+00
 Reference value :  2.01100e-08
 Reference value :  3.82460e-08
 Reference value :  5.92660e-08
 Reference value :  7.86119e-08
 Reference value :  9.97719e-08
 Reference value :  1.20326e-07
 Reference value :  1.40146e-07
 Reference value :  1.60712e-07
 Reference value :  1.71212e-07
 Reference value :  1.73452e-07
 Reference value :  1.79452e-07
 Reference value :  1.89186e-07
No. of Data Rows : 10047
mq1                 =  2.97000e+00 at=  8.88919e-08
mq2                 =  2.97000e+00 at=  2.00000e-07
mq3                 =  2.97000e+00 at=  1.80000e-07
mq4                 =  2.97000e+00 at=  6.05000e-08
mq5                 =  2.99731e+00 at=  2.00700e-08
mq6                 =  2.99749e+00 at=  1.80070e-07
na_peak             =  2.16093e+00 at=  2.00900e-08
nb_peak             =  2.10122e+00 at=  1.40830e-07
t_plh               =  7.47643e-10 targ=  2.10254e-08 trig=  2.02778e-08
t_phl               =  4.31711e-10 targ=  6.11539e-08 trig=  6.07222e-08
vout_hi_abs         =  4.50000e+00
vout_lo_abs         =  6.35683e-07
vdrv_now            =  4.50000e+00
m_vgate_thinox_max = 2.9974940000e+00
m_vna_peak = 2.1609340000e+00
m_vnb_peak = 2.1012250000e+00
m_t_plh_ns = 7.4764300000e-01
m_t_phl_ns = 4.3171090000e-01
m_vout_hi_ratio = 9.9999933333e-01
m_vout_lo_ratio = 1.4126293333e-07
Note: Simulation executed from .control section 

