
Note: No compatibility mode selected!


Circuit: * level-shifter-oxide-safety @ sf_-40c_vlogic3p30v-vdrv5p00v -- generated by sim/harness, do not edit

Doing analysis at TEMP = -40.000000 and TNOM = 27.000000

Using SPARSE 1.3 as Direct Linear Solver

Initial Transient Solution
--------------------------

Node                                   Voltage
----                                   -------
inb                                        3.3
in                                           0
gnd_logic                                    0
vdd_logic                                  3.3
na                                     2.09073
nb                                 3.35571e-07
nca                                    4.99998
gnd_drv                            1.70934e-11
ncb                                9.63315e-07
vdd_drv                                      5
nbuf1                                        5
out                                6.03849e-07
vin#branch                                   0
vgnd_logic#branch                  2.74846e-08
vsup_drv#branch                   -2.41846e-08
vsup_logic#branch                     -3.3e-09

 Reference value :  0.00000e+00
 Reference value :  1.01856e-08
 Reference value :  2.14746e-08
 Reference value :  3.00346e-08
 Reference value :  4.29146e-08
 Reference value :  4.46946e-08
 Reference value :  6.47797e-08
 Reference value :  8.56997e-08
 Reference value :  1.04615e-07
 Reference value :  1.25435e-07
 Reference value :  1.37655e-07
 Reference value :  1.43380e-07
 Reference value :  1.54540e-07
 Reference value :  1.74720e-07
 Reference value :  1.94035e-07
No. of Data Rows : 10056
mq1                 =  3.30000e+00 at=  4.56000e-11
mq2                 =  3.30000e+00 at=  2.00000e-07
mq3                 =  3.30000e+00 at=  1.80000e-07
mq4                 =  3.30000e+00 at=  6.05000e-08
mq5                 =  3.32164e+00 at=  2.01100e-08
mq6                 =  3.32167e+00 at=  2.00900e-08
na_peak             =  2.22003e+00 at=  2.01100e-08
nb_peak             =  2.17398e+00 at=  1.40790e-07
t_plh               =  5.75506e-10 targ=  2.08255e-08 trig=  2.02500e-08
t_phl               =  3.09811e-10 targ=  6.10598e-08 trig=  6.07500e-08
vout_hi_abs         =  5.00000e+00
vout_lo_abs         =  6.03849e-07
vdrv_now            =  5.00000e+00
m_vgate_thinox_max = 3.3216740000e+00
m_vna_peak = 2.2200330000e+00
m_vnb_peak = 2.1739830000e+00
m_t_plh_ns = 5.7550600000e-01
m_t_phl_ns = 3.0981130000e-01
m_vout_hi_ratio = 9.9999960000e-01
m_vout_lo_ratio = 1.2076986000e-07
Note: Simulation executed from .control section 

