
Note: No compatibility mode selected!


Circuit: * level-shifter-oxide-safety @ sf_125c_vlogic3p30v-vdrv6p00v -- generated by sim/harness, do not edit

Doing analysis at TEMP = 125.000000 and TNOM = 27.000000

Using SPARSE 1.3 as Direct Linear Solver

Initial Transient Solution
--------------------------

Node                                   Voltage
----                                   -------
inb                                        3.3
in                                           0
gnd_logic                                    0
vdd_logic                                  3.3
na                                     2.31219
nb                                 6.40141e-07
nca                                    5.99997
gnd_drv                            2.03886e-11
ncb                                1.99849e-06
vdd_drv                                      6
nbuf1                                  5.99999
out                                1.25145e-06
vin#branch                                   0
vgnd_logic#branch                  3.26965e-08
vsup_drv#branch                   -2.91878e-08
vsup_logic#branch                 -3.50866e-09

 Reference value :  1.64456e-08
 Reference value :  3.59654e-08
 Reference value :  5.61454e-08
 Reference value :  6.68807e-08
 Reference value :  7.46807e-08
 Reference value :  8.43807e-08
 Reference value :  8.88407e-08
 Reference value :  9.75807e-08
 Reference value :  1.04805e-07
 Reference value :  1.13805e-07
 Reference value :  1.17485e-07
 Reference value :  1.22445e-07
 Reference value :  1.30665e-07
 Reference value :  1.41701e-07
 Reference value :  1.43121e-07
 Reference value :  1.48081e-07
 Reference value :  1.56301e-07
 Reference value :  1.65601e-07
 Reference value :  1.80090e-07
 Reference value :  1.97505e-07
No. of Data Rows : 10038
mq1                 =  3.30000e+00 at=  1.05600e-10
mq2                 =  3.30000e+00 at=  2.00000e-07
mq3                 =  3.30000e+00 at=  1.80000e-07
mq4                 =  3.30000e+00 at=  6.05000e-08
mq5                 =  3.32845e+00 at=  2.00900e-08
mq6                 =  3.32853e+00 at=  2.00900e-08
na_peak             =  2.41261e+00 at=  2.00900e-08
nb_peak             =  2.33956e+00 at=  1.40770e-07
t_plh               =  6.74681e-10 targ=  2.09247e-08 trig=  2.02500e-08
t_phl               =  4.07459e-10 targ=  6.11575e-08 trig=  6.07500e-08
vout_hi_abs         =  6.00000e+00
vout_lo_abs         =  1.25145e-06
vdrv_now            =  6.00000e+00
m_vgate_thinox_max = 3.3285300000e+00
m_vna_peak = 2.4126100000e+00
m_vnb_peak = 2.3395580000e+00
m_t_plh_ns = 6.7468110000e-01
m_t_phl_ns = 4.0745920000e-01
m_vout_hi_ratio = 9.9999950000e-01
m_vout_lo_ratio = 2.0857500000e-07
Note: Simulation executed from .control section 

