
Note: No compatibility mode selected!


Circuit: * level-shifter-oxide-safety @ sf_27c_vlogic3p30v-vdrv6p00v -- generated by sim/harness, do not edit

Doing analysis at TEMP = 27.000000 and TNOM = 27.000000

Using SPARSE 1.3 as Direct Linear Solver

Initial Transient Solution
--------------------------

Node                                   Voltage
----                                   -------
inb                                        3.3
in                                           0
gnd_logic                                    0
vdd_logic                                  3.3
na                                     2.19034
nb                                 4.94555e-07
nca                                    5.99998
gnd_drv                            2.02117e-11
ncb                                 1.4782e-06
vdd_drv                                      6
nbuf1                                  5.99999
out                                8.78265e-07
vin#branch                                   0
vgnd_logic#branch                  3.17039e-08
vsup_drv#branch                   -2.84035e-08
vsup_logic#branch                 -3.30046e-09

 Reference value :  3.72560e-09
 Reference value :  1.04856e-08
 Reference value :  2.88643e-08
 Reference value :  4.53043e-08
 Reference value :  6.43683e-08
 Reference value :  8.26283e-08
 Reference value :  1.02344e-07
 Reference value :  1.21304e-07
 Reference value :  1.31504e-07
 Reference value :  1.35264e-07
 Reference value :  1.43528e-07
 Reference value :  1.55688e-07
 Reference value :  1.67228e-07
 Reference value :  1.79408e-07
 Reference value :  1.87264e-07
 Reference value :  1.90444e-07
No. of Data Rows : 10042
mq1                 =  3.30000e+00 at=  9.95483e-08
mq2                 =  3.30000e+00 at=  2.00000e-07
mq3                 =  3.30000e+00 at=  1.80000e-07
mq4                 =  3.30000e+00 at=  6.05000e-08
mq5                 =  3.32538e+00 at=  2.00900e-08
mq6                 =  3.32546e+00 at=  2.00900e-08
na_peak             =  2.30565e+00 at=  2.01100e-08
nb_peak             =  2.24257e+00 at=  1.40790e-07
t_plh               =  5.68834e-10 targ=  2.08188e-08 trig=  2.02500e-08
t_phl               =  3.50812e-10 targ=  6.11008e-08 trig=  6.07500e-08
vout_hi_abs         =  6.00000e+00
vout_lo_abs         =  8.78265e-07
vdrv_now            =  6.00000e+00
m_vgate_thinox_max = 3.3254620000e+00
m_vna_peak = 2.3056540000e+00
m_vnb_peak = 2.2425680000e+00
m_t_plh_ns = 5.6883410000e-01
m_t_phl_ns = 3.5081220000e-01
m_vout_hi_ratio = 9.9999966667e-01
m_vout_lo_ratio = 1.4637748333e-07
Note: Simulation executed from .control section 

