
Note: No compatibility mode selected!


Circuit: * level-shifter-oxide-safety @ ss_-40c_vlogic2p97v-vdrv4p50v -- generated by sim/harness, do not edit

Doing analysis at TEMP = -40.000000 and TNOM = 27.000000

Using SPARSE 1.3 as Direct Linear Solver

Initial Transient Solution
--------------------------

Node                                   Voltage
----                                   -------
inb                                       2.97
in                                           0
gnd_logic                                    0
vdd_logic                                 2.97
na                                     1.78388
nb                                 3.22641e-07
nca                                    4.49998
gnd_drv                            1.52856e-11
ncb                                 9.8409e-07
vdd_drv                                    4.5
nbuf1                                  4.49999
out                                6.07408e-07
vin#branch                                   0
vgnd_logic#branch                  2.45399e-08
vsup_drv#branch                   -2.15699e-08
vsup_logic#branch                    -2.97e-09

 Reference value :  0.00000e+00
 Reference value :  6.08560e-09
 Reference value :  6.72560e-09
 Reference value :  2.77634e-08
 Reference value :  4.36034e-08
 Reference value :  4.63434e-08
 Reference value :  5.05634e-08
 Reference value :  5.27234e-08
 Reference value :  5.83034e-08
 Reference value :  6.34801e-08
 Reference value :  7.32201e-08
 Reference value :  8.28601e-08
 Reference value :  1.03043e-07
 Reference value :  1.21663e-07
 Reference value :  1.41760e-07
 Reference value :  1.61140e-07
 Reference value :  1.80190e-07
 Reference value :  1.97743e-07
No. of Data Rows : 10042
mq1                 =  2.97000e+00 at=  9.65401e-08
mq2                 =  2.97000e+00 at=  2.00000e-07
mq3                 =  2.97000e+00 at=  1.80000e-07
mq4                 =  2.97000e+00 at=  6.05000e-08
mq5                 =  2.99844e+00 at=  2.01300e-08
mq6                 =  2.99847e+00 at=  2.01300e-08
na_peak             =  1.92330e+00 at=  2.01300e-08
nb_peak             =  1.88414e+00 at=  1.40830e-07
t_plh               =  7.60722e-10 targ=  2.10385e-08 trig=  2.02778e-08
t_phl               =  4.59725e-10 targ=  6.11819e-08 trig=  6.07222e-08
vout_hi_abs         =  4.50000e+00
vout_lo_abs         =  6.07408e-07
vdrv_now            =  4.50000e+00
m_vgate_thinox_max = 2.9984680000e+00
m_vna_peak = 1.9233010000e+00
m_vnb_peak = 1.8841430000e+00
m_t_plh_ns = 7.6072220000e-01
m_t_phl_ns = 4.5972540000e-01
m_vout_hi_ratio = 9.9999955556e-01
m_vout_lo_ratio = 1.3497946667e-07
Note: Simulation executed from .control section 

