
Note: No compatibility mode selected!


Circuit: * level-shifter-oxide-safety @ ss_-40c_vlogic3p63v-vdrv5p50v -- generated by sim/harness, do not edit

Doing analysis at TEMP = -40.000000 and TNOM = 27.000000

Using SPARSE 1.3 as Direct Linear Solver

Initial Transient Solution
--------------------------

Node                                   Voltage
----                                   -------
inb                                       3.63
in                                           0
gnd_logic                                    0
vdd_logic                                 3.63
na                                     2.33405
nb                                 3.64364e-07
nca                                    5.49998
gnd_drv                            1.88383e-11
ncb                                 1.0268e-06
vdd_drv                                    5.5
nbuf1                                  5.49999
out                                6.53698e-07
vin#branch                                   0
vgnd_logic#branch                  3.03028e-08
vsup_drv#branch                   -2.66728e-08
vsup_logic#branch                    -3.63e-09

 Reference value :  1.67656e-08
 Reference value :  3.63979e-08
 Reference value :  5.43979e-08
 Reference value :  7.31071e-08
 Reference value :  9.33071e-08
 Reference value :  1.09518e-07
 Reference value :  1.13798e-07
 Reference value :  1.32178e-07
 Reference value :  1.51767e-07
 Reference value :  1.70427e-07
 Reference value :  1.88298e-07
No. of Data Rows : 10052
mq1                 =  3.63000e+00 at=  9.62871e-08
mq2                 =  3.63000e+00 at=  2.00000e-07
mq3                 =  3.63000e+00 at=  1.80000e-07
mq4                 =  3.63000e+00 at=  6.05000e-08
mq5                 =  3.65775e+00 at=  2.00900e-08
mq6                 =  3.65782e+00 at=  2.00900e-08
na_peak             =  2.47319e+00 at=  2.01100e-08
nb_peak             =  2.43659e+00 at=  6.08100e-08
t_plh               =  7.02734e-10 targ=  2.09300e-08 trig=  2.02273e-08
t_phl               =  3.48804e-10 targ=  6.11215e-08 trig=  6.07727e-08
vout_hi_abs         =  5.50000e+00
vout_lo_abs         =  6.53698e-07
vdrv_now            =  5.50000e+00
m_vgate_thinox_max = 3.6578220000e+00
m_vna_peak = 2.4731890000e+00
m_vnb_peak = 2.4365880000e+00
m_t_plh_ns = 7.0273420000e-01
m_t_phl_ns = 3.4880360000e-01
m_vout_hi_ratio = 9.9999963636e-01
m_vout_lo_ratio = 1.1885414545e-07
Note: Simulation executed from .control section 

