
Note: No compatibility mode selected!


Circuit: * level-shifter-oxide-safety @ tt_-40c_vlogic3p30v-vdrv6p00v -- generated by sim/harness, do not edit

Doing analysis at TEMP = -40.000000 and TNOM = 27.000000

Using SPARSE 1.3 as Direct Linear Solver

Initial Transient Solution
--------------------------

Node                                   Voltage
----                                   -------
inb                                        3.3
in                                           0
gnd_logic                                    0
vdd_logic                                  3.3
na                                     2.19587
nb                                 3.84388e-07
nca                                    5.99998
gnd_drv                            2.02172e-11
ncb                                1.05406e-06
vdd_drv                                      6
nbuf1                                  5.99999
out                                6.05655e-07
vin#branch                                   0
vgnd_logic#branch                  3.17137e-08
vsup_drv#branch                   -2.84137e-08
vsup_logic#branch                 -3.30001e-09

 Reference value :  5.94560e-09
 Reference value :  1.65056e-08
 Reference value :  3.53033e-08
 Reference value :  5.61233e-08
 Reference value :  6.74631e-08
 Reference value :  8.14831e-08
 Reference value :  1.01463e-07
 Reference value :  1.19543e-07
 Reference value :  1.39203e-07
 Reference value :  1.56603e-07
 Reference value :  1.63743e-07
 Reference value :  1.78403e-07
 Reference value :  1.98403e-07
No. of Data Rows : 10059
mq1                 =  3.30000e+00 at=  8.87631e-08
mq2                 =  3.30000e+00 at=  2.00000e-07
mq3                 =  3.30000e+00 at=  1.80000e-07
mq4                 =  3.30000e+00 at=  6.05000e-08
mq5                 =  3.32353e+00 at=  2.00900e-08
mq6                 =  3.32356e+00 at=  1.00090e-07
na_peak             =  2.30140e+00 at=  2.00900e-08
nb_peak             =  2.25493e+00 at=  1.40790e-07
t_plh               =  4.90473e-10 targ=  2.07405e-08 trig=  2.02500e-08
t_phl               =  3.13720e-10 targ=  6.10637e-08 trig=  6.07500e-08
vout_hi_abs         =  6.00000e+00
vout_lo_abs         =  6.05655e-07
vdrv_now            =  6.00000e+00
m_vgate_thinox_max = 3.3235650000e+00
m_vna_peak = 2.3013950000e+00
m_vnb_peak = 2.2549340000e+00
m_t_plh_ns = 4.9047260000e-01
m_t_phl_ns = 3.1371990000e-01
m_vout_hi_ratio = 9.9999966667e-01
m_vout_lo_ratio = 1.0094246667e-07
Note: Simulation executed from .control section 

