
Note: No compatibility mode selected!


Circuit: * level-shifter-oxide-safety @ tt_-40c_vlogic3p30v-vdrv5p00v -- generated by sim/harness, do not edit

Doing analysis at TEMP = -40.000000 and TNOM = 27.000000

Using SPARSE 1.3 as Direct Linear Solver

Initial Transient Solution
--------------------------

Node                                   Voltage
----                                   -------
inb                                        3.3
in                                           0
gnd_logic                                    0
vdd_logic                                  3.3
na                                     2.18301
nb                                 3.20323e-07
nca                                    4.99998
gnd_drv                            1.71853e-11
ncb                                8.78386e-07
vdd_drv                                      5
nbuf1                                  4.99999
out                                5.50354e-07
vin#branch                                   0
vgnd_logic#branch                  2.76688e-08
vsup_drv#branch                   -2.43688e-08
vsup_logic#branch                 -3.30001e-09

 Reference value :  1.66056e-08
 Reference value :  3.57286e-08
 Reference value :  5.31486e-08
 Reference value :  7.10297e-08
 Reference value :  8.50497e-08
 Reference value :  9.58097e-08
 Reference value :  1.14989e-07
 Reference value :  1.22689e-07
 Reference value :  1.29829e-07
 Reference value :  1.36769e-07
 Reference value :  1.45170e-07
 Reference value :  1.59930e-07
 Reference value :  1.79930e-07
 Reference value :  1.99849e-07
No. of Data Rows : 10057
mq1                 =  3.30000e+00 at=  1.80000e-07
mq2                 =  3.30000e+00 at=  2.00000e-07
mq3                 =  3.30000e+00 at=  1.80000e-07
mq4                 =  3.30000e+00 at=  6.05000e-08
mq5                 =  3.32353e+00 at=  2.00900e-08
mq6                 =  3.32356e+00 at=  2.00900e-08
na_peak             =  2.28849e+00 at=  2.00900e-08
nb_peak             =  2.24185e+00 at=  6.07900e-08
t_plh               =  5.79414e-10 targ=  2.08294e-08 trig=  2.02500e-08
t_phl               =  3.17268e-10 targ=  6.10673e-08 trig=  6.07500e-08
vout_hi_abs         =  5.00000e+00
vout_lo_abs         =  5.50354e-07
vdrv_now            =  5.00000e+00
m_vgate_thinox_max = 3.3235650000e+00
m_vna_peak = 2.2884920000e+00
m_vnb_peak = 2.2418450000e+00
m_t_plh_ns = 5.7941400000e-01
m_t_phl_ns = 3.1726810000e-01
m_vout_hi_ratio = 9.9999960000e-01
m_vout_lo_ratio = 1.1007082000e-07
Note: Simulation executed from .control section 

