
Note: No compatibility mode selected!


Circuit: * level-shifter-oxide-safety @ tt_125c_vlogic2p97v-vdrv4p50v -- generated by sim/harness, do not edit

Doing analysis at TEMP = 125.000000 and TNOM = 27.000000

Using SPARSE 1.3 as Direct Linear Solver

Initial Transient Solution
--------------------------

Node                                   Voltage
----                                   -------
inb                                       2.97
in                                           0
gnd_logic                                    0
vdd_logic                                 2.97
na                                     2.10578
nb                                 4.78137e-07
nca                                    4.49996
gnd_drv                            1.56778e-11
ncb                                1.45018e-06
vdd_drv                                    4.5
nbuf1                                  4.49999
out                                9.61459e-07
vin#branch                                   0
vgnd_logic#branch                  2.83342e-08
vsup_drv#branch                   -2.44556e-08
vsup_logic#branch                 -3.87859e-09

 Reference value :  1.64456e-08
 Reference value :  3.29500e-08
 Reference value :  5.08700e-08
 Reference value :  5.93100e-08
 Reference value :  7.11698e-08
 Reference value :  9.13698e-08
 Reference value :  1.06230e-07
 Reference value :  1.26210e-07
 Reference value :  1.44190e-07
 Reference value :  1.51830e-07
 Reference value :  1.56690e-07
 Reference value :  1.72690e-07
 Reference value :  1.79370e-07
 Reference value :  1.94870e-07
No. of Data Rows : 10038
mq1                 =  2.97000e+00 at=  1.25600e-10
mq2                 =  2.97000e+00 at=  2.00000e-07
mq3                 =  2.97000e+00 at=  1.80000e-07
mq4                 =  2.97000e+00 at=  6.05000e-08
mq5                 =  2.99899e+00 at=  1.80090e-07
mq6                 =  2.99906e+00 at=  1.80090e-07
na_peak             =  2.18794e+00 at=  2.00900e-08
nb_peak             =  2.11844e+00 at=  1.40790e-07
t_plh               =  8.70794e-10 targ=  2.11486e-08 trig=  2.02778e-08
t_phl               =  4.77653e-10 targ=  6.11999e-08 trig=  6.07222e-08
vout_hi_abs         =  4.50000e+00
vout_lo_abs         =  9.61459e-07
vdrv_now            =  4.50000e+00
m_vgate_thinox_max = 2.9990590000e+00
m_vna_peak = 2.1879400000e+00
m_vnb_peak = 2.1184410000e+00
m_t_plh_ns = 8.7079450000e-01
m_t_phl_ns = 4.7765290000e-01
m_vout_hi_ratio = 9.9999933333e-01
m_vout_lo_ratio = 2.1365746667e-07
Note: Simulation executed from .control section 

