
Note: No compatibility mode selected!


Circuit: * level-shifter-oxide-safety @ tt_125c_vlogic3p63v-vdrv5p50v -- generated by sim/harness, do not edit

Doing analysis at TEMP = 125.000000 and TNOM = 27.000000

Using SPARSE 1.3 as Direct Linear Solver

Initial Transient Solution
--------------------------

Node                                   Voltage
----                                   -------
inb                                       3.63
in                                           0
gnd_logic                                    0
vdd_logic                                 3.63
na                                     2.65393
nb                                 5.27258e-07
nca                                    5.49996
gnd_drv                            1.92458e-11
ncb                                1.53863e-06
vdd_drv                                    5.5
nbuf1                                  5.49999
out                                1.06734e-06
vin#branch                                   0
vgnd_logic#branch                  3.55742e-08
vsup_drv#branch                   -3.04956e-08
vsup_logic#branch                 -5.07855e-09

 Reference value :  1.50856e-08
 Reference value :  2.47900e-08
 Reference value :  3.00700e-08
 Reference value :  3.48300e-08
 Reference value :  5.57100e-08
 Reference value :  6.42363e-08
 Reference value :  8.39963e-08
 Reference value :  1.04270e-07
 Reference value :  1.11150e-07
 Reference value :  1.12030e-07
 Reference value :  1.30750e-07
 Reference value :  1.47396e-07
 Reference value :  1.59276e-07
 Reference value :  1.78356e-07
 Reference value :  1.95870e-07
No. of Data Rows : 10042
mq1                 =  3.63000e+00 at=  1.67456e-07
mq2                 =  3.63000e+00 at=  2.00000e-07
mq3                 =  3.63000e+00 at=  1.80000e-07
mq4                 =  3.63000e+00 at=  6.05000e-08
mq5                 =  3.65974e+00 at=  2.00700e-08
mq6                 =  3.65989e+00 at=  2.00700e-08
na_peak             =  2.73661e+00 at=  2.00700e-08
nb_peak             =  2.68039e+00 at=  1.40770e-07
t_plh               =  7.91230e-10 targ=  2.10185e-08 trig=  2.02273e-08
t_phl               =  3.69252e-10 targ=  6.11420e-08 trig=  6.07727e-08
vout_hi_abs         =  5.50000e+00
vout_lo_abs         =  1.06734e-06
vdrv_now            =  5.50000e+00
m_vgate_thinox_max = 3.6598950000e+00
m_vna_peak = 2.7366070000e+00
m_vnb_peak = 2.6803910000e+00
m_t_plh_ns = 7.9123040000e-01
m_t_phl_ns = 3.6925220000e-01
m_vout_hi_ratio = 9.9999945455e-01
m_vout_lo_ratio = 1.9406163636e-07
Note: Simulation executed from .control section 

