
Note: No compatibility mode selected!


Circuit: * level-shifter-oxide-safety @ tt_27c_vlogic2p97v-vdrv4p50v -- generated by sim/harness, do not edit

Doing analysis at TEMP = 27.000000 and TNOM = 27.000000

Using SPARSE 1.3 as Direct Linear Solver

Initial Transient Solution
--------------------------

Node                                   Voltage
----                                   -------
inb                                       2.97
in                                           0
gnd_logic                                    0
vdd_logic                                 2.97
na                                     1.99419
nb                                 3.68339e-07
nca                                    4.49998
gnd_drv                             1.5496e-11
ncb                                1.08281e-06
vdd_drv                                    4.5
nbuf1                                  4.49999
out                                6.91178e-07
vin#branch                                   0
vgnd_logic#branch                  2.49698e-08
vsup_drv#branch                   -2.19966e-08
vsup_logic#branch                 -2.97316e-09

 Reference value :  4.05600e-10
 Reference value :  3.04560e-09
 Reference value :  1.20056e-08
 Reference value :  2.26272e-08
 Reference value :  2.59072e-08
 Reference value :  3.14472e-08
 Reference value :  3.14872e-08
 Reference value :  3.15272e-08
 Reference value :  5.04672e-08
 Reference value :  5.56472e-08
 Reference value :  5.76672e-08
 Reference value :  6.16301e-08
 Reference value :  6.28501e-08
 Reference value :  7.06501e-08
 Reference value :  8.85501e-08
 Reference value :  1.03927e-07
 Reference value :  1.08807e-07
 Reference value :  1.22767e-07
 Reference value :  1.40550e-07
 Reference value :  1.59310e-07
 Reference value :  1.70530e-07
 Reference value :  1.73850e-07
 Reference value :  1.82047e-07
 Reference value :  1.94607e-07
No. of Data Rows : 10045
mq1                 =  2.97000e+00 at=  4.25600e-10
mq2                 =  2.97000e+00 at=  2.00000e-07
mq3                 =  2.97000e+00 at=  1.80000e-07
mq4                 =  2.97000e+00 at=  6.05000e-08
mq5                 =  2.99666e+00 at=  1.80090e-07
mq6                 =  2.99675e+00 at=  1.80090e-07
na_peak             =  2.08983e+00 at=  2.01100e-08
nb_peak             =  2.04225e+00 at=  1.40810e-07
t_plh               =  7.06940e-10 targ=  2.09847e-08 trig=  2.02778e-08
t_phl               =  4.14665e-10 targ=  6.11369e-08 trig=  6.07222e-08
vout_hi_abs         =  4.50000e+00
vout_lo_abs         =  6.91178e-07
vdrv_now            =  4.50000e+00
m_vgate_thinox_max = 2.9967500000e+00
m_vna_peak = 2.0898270000e+00
m_vnb_peak = 2.0422460000e+00
m_t_plh_ns = 7.0693990000e-01
m_t_phl_ns = 4.1466470000e-01
m_vout_hi_ratio = 9.9999955556e-01
m_vout_lo_ratio = 1.5359504444e-07
Note: Simulation executed from .control section 

