
Note: No compatibility mode selected!


Circuit: * level-shifter-oxide-safety @ tt_27c_vlogic3p63v-vdrv5p50v -- generated by sim/harness, do not edit

Doing analysis at TEMP = 27.000000 and TNOM = 27.000000

Using SPARSE 1.3 as Direct Linear Solver

Initial Transient Solution
--------------------------

Node                                   Voltage
----                                   -------
inb                                       3.63
in                                           0
gnd_logic                                    0
vdd_logic                                 3.63
na                                     2.55056
nb                                 4.14969e-07
nca                                    5.49998
gnd_drv                            1.90537e-11
ncb                                1.15015e-06
vdd_drv                                    5.5
nbuf1                                  5.49999
out                                7.61048e-07
vin#branch                                   0
vgnd_logic#branch                    3.075e-08
vsup_drv#branch                   -2.71143e-08
vsup_logic#branch                 -3.63567e-09

 Reference value :  1.69256e-08
 Reference value :  3.69029e-08
 Reference value :  5.72829e-08
 Reference value :  7.53047e-08
 Reference value :  9.57447e-08
 Reference value :  1.14223e-07
 Reference value :  1.34563e-07
 Reference value :  1.47345e-07
 Reference value :  1.56485e-07
 Reference value :  1.66105e-07
 Reference value :  1.77925e-07
 Reference value :  1.86343e-07
 Reference value :  1.87903e-07
 Reference value :  1.90503e-07
No. of Data Rows : 10049
mq1                 =  3.63000e+00 at=  9.20647e-08
mq2                 =  3.63000e+00 at=  2.00000e-07
mq3                 =  3.63000e+00 at=  1.80000e-07
mq4                 =  3.63000e+00 at=  6.05000e-08
mq5                 =  3.65720e+00 at=  2.00700e-08
mq6                 =  3.65733e+00 at=  2.00700e-08
na_peak             =  2.64338e+00 at=  2.00900e-08
nb_peak             =  2.60030e+00 at=  6.07900e-08
t_plh               =  6.62314e-10 targ=  2.08896e-08 trig=  2.02273e-08
t_phl               =  3.15691e-10 targ=  6.10884e-08 trig=  6.07727e-08
vout_hi_abs         =  5.50000e+00
vout_lo_abs         =  7.61048e-07
vdrv_now            =  5.50000e+00
m_vgate_thinox_max = 3.6573310000e+00
m_vna_peak = 2.6433830000e+00
m_vnb_peak = 2.6002960000e+00
m_t_plh_ns = 6.6231420000e-01
m_t_phl_ns = 3.1569080000e-01
m_vout_hi_ratio = 9.9999963636e-01
m_vout_lo_ratio = 1.3837236364e-07
Note: Simulation executed from .control section 

