* ====================================================================
* record-id : 20260821-114809-83ad6ac
* testbench : sim/output-stage-drive/testbench/output_stage_tb.spice
* dut       : sim/output-stage-drive/testbench/output_stage_dut.spice (schematic)
* corner    : ff_-40c_vdrv6p00v
* mismatch  : none -- plain harness deck (runner.compose_deck(mc=None)),
*             byte-identical to what sim/run_corners.py generates.
* pdk       : gf180mcuD (/home/ubuntu/.volare/gf180mcuD)
* ngspice   : ngspice-46 : Circuit level simulation program
* run (UTC) : 2026-08-21T11:48:09Z
* ====================================================================

Note: No compatibility mode selected!


Circuit: * output-stage-drive @ ff_-40c_vdrv6p00v -- generated by sim/harness, do not edit

Doing analysis at TEMP = -40.000000 and TNOM = 27.000000

Using SPARSE 1.3 as Direct Linear Solver

Initial Transient Solution
--------------------------

Node                                   Voltage
----                                   -------
n1                                           6
in_drv                                       0
vdd_drv                                      6
gnd_drv                                      0
n2                                 1.53909e-09
n3                                           6
n4                                 2.28596e-09
n5                                           6
out                                 2.4245e-09
outcap                              2.4245e-09
vimeas#branch                     -3.38813e-21
vin#branch                                   0
vgnd_drv#branch                    4.43767e-09
vsup_drv#branch                   -4.44467e-09


No. of Data Rows : 3307
trise10_90          =  3.26209e-09 targ=  2.48392e-08 trig=  2.15771e-08
tfall10_90          =  3.30087e-09 targ=  1.25956e-07 trig=  1.22655e-07
tpdlh               =  2.38881e-09 targ=  2.28888e-08 trig=  2.05000e-08
tpdhl               =  2.65041e-09 targ=  1.24150e-07 trig=  1.21500e-07
ishoot_rise_a       =  3.21586e-01 at=  2.12602e-08
ishoot_fall_a       =  1.50661e-02 at=  1.21000e-07
m_trise_s = 3.2620900000e-09
m_tfall_s = 3.3008700000e-09
m_tpdlh_s = 2.3888130000e-09
m_tpdhl_s = 2.6504110000e-09
m_ipeak_source_a = 1.8934203201e+00
m_ipeak_sink_a = 1.6439623141e+00
m_ishoot_rise_a = 3.2158640000e-01
m_ishoot_fall_a = 1.5066100000e-02
m_energy_per_edge_j = 1.8547476716e-08
m_vout_max_v = 6.0039687272e+00
m_vout_min_v = -2.721784750e-03
m_vin_max_v = 6.0000000000e+00
m_vin_min_v = 0.0000000000e+00
m_n1_max_v = 6.0192968873e+00
m_n1_min_v = -1.053127808e-02
m_n2_max_v = 6.0125429534e+00
m_n2_min_v = -7.259534562e-03
m_n3_max_v = 6.0305209070e+00
m_n3_min_v = -1.731628070e-02
m_n4_max_v = 6.0413246585e+00
m_n4_min_v = -2.471651123e-02
m_n5_max_v = 6.0429047245e+00
m_n5_min_v = -2.533167418e-02
Note: Simulation executed from .control section 

