* ====================================================================
* record-id : 20260821-114809-83ad6ac
* testbench : sim/output-stage-drive/testbench/output_stage_tb.spice
* dut       : sim/output-stage-drive/testbench/output_stage_dut.spice (schematic)
* corner    : ff_mc0073_-40c_vdrv6p00v
* mismatch  : sw_stat_mismatch=1 (sample 73), sw_stat_global=0
* seed      : 20290298
* pdk       : gf180mcuD (/home/ubuntu/.volare/gf180mcuD)
* ngspice   : ngspice-46 : Circuit level simulation program
* run (UTC) : 2026-08-21T11:48:09Z
* ====================================================================

Note: No compatibility mode selected!


Circuit: * output-stage-drive @ ff_mc0073_-40c_vdrv6p00v -- generated by sim/harness, do not edit

Doing analysis at TEMP = -40.000000 and TNOM = 27.000000

Using SPARSE 1.3 as Direct Linear Solver

Initial Transient Solution
--------------------------

Node                                   Voltage
----                                   -------
n1                                           6
in_drv                                       0
vdd_drv                                      6
gnd_drv                                      0
n2                                 1.53722e-09
n3                                           6
n4                                 2.28122e-09
n5                                           6
out                                2.42493e-09
outcap                             2.42493e-09
vimeas#branch                                0
vin#branch                                   0
vgnd_drv#branch                    4.43742e-09
vsup_drv#branch                   -4.44173e-09


No. of Data Rows : 3308
trise10_90          =  3.26486e-09 targ=  2.48432e-08 trig=  2.15783e-08
tfall10_90          =  3.30140e-09 targ=  1.25957e-07 trig=  1.22655e-07
tpdlh               =  2.39142e-09 targ=  2.28914e-08 trig=  2.05000e-08
tpdhl               =  2.65103e-09 targ=  1.24151e-07 trig=  1.21500e-07
ishoot_rise_a       =  3.16187e-01 at=  2.12460e-08
ishoot_fall_a       =  1.78184e-02 at=  1.29555e-07
m_trise_s = 3.2648560000e-09
m_tfall_s = 3.3014030000e-09
m_tpdlh_s = 2.3914190000e-09
m_tpdhl_s = 2.6510340000e-09
m_ipeak_source_a = 1.8840972327e+00
m_ipeak_sink_a = 1.6487457857e+00
m_ishoot_rise_a = 3.1618730000e-01
m_ishoot_fall_a = 1.7818430000e-02
m_energy_per_edge_j = 1.8547066724e-08
m_vout_max_v = 6.0039570886e+00
m_vout_min_v = -2.750580136e-03
m_vin_max_v = 6.0000000000e+00
m_vin_min_v = 0.0000000000e+00
m_n1_max_v = 6.0193528115e+00
m_n1_min_v = -1.055700978e-02
m_n2_max_v = 6.0124862569e+00
m_n2_min_v = -7.279674705e-03
m_n3_max_v = 6.0306309396e+00
m_n3_min_v = -1.727724126e-02
m_n4_max_v = 6.0409441449e+00
m_n4_min_v = -2.471047077e-02
m_n5_max_v = 6.0436658565e+00
m_n5_min_v = -2.524808931e-02
Note: Simulation executed from .control section 

