* ====================================================================
* record-id : 20260821-114809-83ad6ac
* testbench : sim/output-stage-drive/testbench/output_stage_tb.spice
* dut       : sim/output-stage-drive/testbench/output_stage_dut.spice (schematic)
* corner    : ff_mc0189_125c_vdrv6p00v
* mismatch  : sw_stat_mismatch=1 (sample 189), sw_stat_global=0
* seed      : 20310414
* pdk       : gf180mcuD (/home/ubuntu/.volare/gf180mcuD)
* ngspice   : ngspice-46 : Circuit level simulation program
* run (UTC) : 2026-08-21T11:48:09Z
* ====================================================================

Note: No compatibility mode selected!


Circuit: * output-stage-drive @ ff_mc0189_125c_vdrv6p00v -- generated by sim/harness, do not edit

Doing analysis at TEMP = 125.000000 and TNOM = 27.000000

Using SPARSE 1.3 as Direct Linear Solver

Initial Transient Solution
--------------------------

Node                                   Voltage
----                                   -------
n1                                           6
in_drv                                       0
vdd_drv                                      6
gnd_drv                                      0
n2                                 3.54974e-08
n3                                           6
n4                                 3.85439e-08
n5                                           6
out                                4.22296e-08
outcap                             4.22296e-08
vimeas#branch                                0
vin#branch                                   0
vgnd_drv#branch                    1.38847e-07
vsup_drv#branch                    -1.3885e-07


No. of Data Rows : 3283
trise10_90          =  4.55173e-09 targ=  2.64693e-08 trig=  2.19176e-08
tfall10_90          =  4.86964e-09 targ=  1.27906e-07 trig=  1.23037e-07
tpdlh               =  3.11233e-09 targ=  2.36123e-08 trig=  2.05000e-08
tpdhl               =  3.58071e-09 targ=  1.25081e-07 trig=  1.21500e-07
ishoot_rise_a       =  2.19184e-01 at=  2.14683e-08
ishoot_fall_a       =  1.06638e-02 at=  1.33953e-07
m_trise_s = 4.5517290000e-09
m_tfall_s = 4.8696380000e-09
m_tpdlh_s = 3.1123270000e-09
m_tpdhl_s = 3.5807120000e-09
m_ipeak_source_a = 1.4815656925e+00
m_ipeak_sink_a = 1.2130130336e+00
m_ishoot_rise_a = 2.1918410000e-01
m_ishoot_fall_a = 1.0663780000e-02
m_energy_per_edge_j = 1.8571365271e-08
m_vout_max_v = 6.0032565738e+00
m_vout_min_v = -2.206574888e-03
m_vin_max_v = 6.0000000000e+00
m_vin_min_v = 0.0000000000e+00
m_n1_max_v = 6.0250053577e+00
m_n1_min_v = -1.488811557e-02
m_n2_max_v = 6.0133797052e+00
m_n2_min_v = -8.686513686e-03
m_n3_max_v = 6.0269318590e+00
m_n3_min_v = -1.541550537e-02
m_n4_max_v = 6.0353372979e+00
m_n4_min_v = -2.192471074e-02
m_n5_max_v = 6.0368751699e+00
m_n5_min_v = -2.235112049e-02
Note: Simulation executed from .control section 

