* ====================================================================
* record-id : 20260821-114809-83ad6ac
* testbench : sim/output-stage-drive/testbench/output_stage_tb.spice
* dut       : sim/output-stage-drive/testbench/output_stage_dut.spice (schematic)
* corner    : ff_mc0168_27c_vdrv6p00v
* mismatch  : sw_stat_mismatch=1 (sample 168), sw_stat_global=0
* seed      : 20300393
* pdk       : gf180mcuD (/home/ubuntu/.volare/gf180mcuD)
* ngspice   : ngspice-46 : Circuit level simulation program
* run (UTC) : 2026-08-21T11:48:09Z
* ====================================================================

Note: No compatibility mode selected!


Circuit: * output-stage-drive @ ff_mc0168_27c_vdrv6p00v -- generated by sim/harness, do not edit

Doing analysis at TEMP = 27.000000 and TNOM = 27.000000

Using SPARSE 1.3 as Direct Linear Solver

Initial Transient Solution
--------------------------

Node                                   Voltage
----                                   -------
n1                                           6
in_drv                                       0
vdd_drv                                      6
gnd_drv                                      0
n2                                 2.04917e-09
n3                                           6
n4                                 3.02353e-09
n5                                           6
out                                3.21951e-09
outcap                             3.21951e-09
vimeas#branch                                0
vin#branch                                   0
vgnd_drv#branch                    4.84755e-09
vsup_drv#branch                   -4.84509e-09

 Reference value :  1.52787e-07
No. of Data Rows : 3299
trise10_90          =  3.84447e-09 targ=  2.55607e-08 trig=  2.17162e-08
tfall10_90          =  3.88728e-09 targ=  1.26696e-07 trig=  1.22809e-07
tpdlh               =  2.70179e-09 targ=  2.32018e-08 trig=  2.05000e-08
tpdhl               =  3.00888e-09 targ=  1.24509e-07 trig=  1.21500e-07
ishoot_rise_a       =  2.71433e-01 at=  2.13326e-08
ishoot_fall_a       =  6.82765e-03 at=  1.31837e-07
m_trise_s = 3.8444710000e-09
m_tfall_s = 3.8872820000e-09
m_tpdlh_s = 2.7017920000e-09
m_tpdhl_s = 3.0088820000e-09
m_ipeak_source_a = 1.6753865497e+00
m_ipeak_sink_a = 1.4455224077e+00
m_ishoot_rise_a = 2.7143340000e-01
m_ishoot_fall_a = 6.8276550000e-03
m_energy_per_edge_j = 1.8556879072e-08
m_vout_max_v = 6.0037399918e+00
m_vout_min_v = -2.509251962e-03
m_vin_max_v = 6.0000000000e+00
m_vin_min_v = 0.0000000000e+00
m_n1_max_v = 6.0223822216e+00
m_n1_min_v = -1.283833428e-02
m_n2_max_v = 6.0137337171e+00
m_n2_min_v = -8.093166488e-03
m_n3_max_v = 6.0295326089e+00
m_n3_min_v = -1.664744524e-02
m_n4_max_v = 6.0393397213e+00
m_n4_min_v = -2.409355849e-02
m_n5_max_v = 6.0421679163e+00
m_n5_min_v = -2.442951232e-02
Note: Simulation executed from .control section 

