* ====================================================================
* record-id : 20260821-114809-83ad6ac
* testbench : sim/output-stage-drive/testbench/output_stage_tb.spice
* dut       : sim/output-stage-drive/testbench/output_stage_dut.spice (schematic)
* corner    : fs_-40c_vdrv6p00v
* mismatch  : none -- plain harness deck (runner.compose_deck(mc=None)),
*             byte-identical to what sim/run_corners.py generates.
* pdk       : gf180mcuD (/home/ubuntu/.volare/gf180mcuD)
* ngspice   : ngspice-46 : Circuit level simulation program
* run (UTC) : 2026-08-21T11:48:09Z
* ====================================================================

Note: No compatibility mode selected!


Circuit: * output-stage-drive @ fs_-40c_vdrv6p00v -- generated by sim/harness, do not edit

Doing analysis at TEMP = -40.000000 and TNOM = 27.000000

Using SPARSE 1.3 as Direct Linear Solver

Initial Transient Solution
--------------------------

Node                                   Voltage
----                                   -------
n1                                           6
in_drv                                       0
vdd_drv                                      6
gnd_drv                                      0
n2                                 1.52092e-09
n3                                           6
n4                                 2.28147e-09
n5                                           6
out                                2.41974e-09
outcap                             2.41974e-09
vimeas#branch                      1.69407e-21
vin#branch                                   0
vgnd_drv#branch                    4.31954e-09
vsup_drv#branch                   -4.31892e-09


No. of Data Rows : 3311
trise10_90          =  4.19696e-09 targ=  2.59646e-08 trig=  2.17676e-08
tfall10_90          =  3.45466e-09 targ=  1.26308e-07 trig=  1.22854e-07
tpdlh               =  2.96681e-09 targ=  2.34668e-08 trig=  2.05000e-08
tpdhl               =  2.92535e-09 targ=  1.24425e-07 trig=  1.21500e-07
ishoot_rise_a       =  2.89629e-01 at=  2.13379e-08
ishoot_fall_a       =  1.17719e-03 at=  1.21000e-07
m_trise_s = 4.1969600000e-09
m_tfall_s = 3.4546640000e-09
m_tpdlh_s = 2.9668130000e-09
m_tpdhl_s = 2.9253480000e-09
m_ipeak_source_a = 1.4552729621e+00
m_ipeak_sink_a = 1.5546513918e+00
m_ishoot_rise_a = 2.8962860000e-01
m_ishoot_fall_a = 1.1771880000e-03
m_energy_per_edge_j = 1.8549904928e-08
m_vout_max_v = 6.0043293794e+00
m_vout_min_v = -3.557825422e-03
m_vin_max_v = 6.0000000000e+00
m_vin_min_v = 0.0000000000e+00
m_n1_max_v = 6.0251445791e+00
m_n1_min_v = -1.118708052e-02
m_n2_max_v = 6.0181856641e+00
m_n2_min_v = -1.142514090e-02
m_n3_max_v = 6.0402747673e+00
m_n3_min_v = -2.341126982e-02
m_n4_max_v = 6.0487040537e+00
m_n4_min_v = -2.884045751e-02
m_n5_max_v = 6.0495493473e+00
m_n5_min_v = -2.920916456e-02
Note: Simulation executed from .control section 

