* ====================================================================
* record-id : 20260821-114809-83ad6ac
* testbench : sim/output-stage-drive/testbench/output_stage_tb.spice
* dut       : sim/output-stage-drive/testbench/output_stage_dut.spice (schematic)
* corner    : fs_27c_vdrv6p00v
* mismatch  : none -- plain harness deck (runner.compose_deck(mc=None)),
*             byte-identical to what sim/run_corners.py generates.
* pdk       : gf180mcuD (/home/ubuntu/.volare/gf180mcuD)
* ngspice   : ngspice-46 : Circuit level simulation program
* run (UTC) : 2026-08-21T11:48:09Z
* ====================================================================

Note: No compatibility mode selected!


Circuit: * output-stage-drive @ fs_27c_vdrv6p00v -- generated by sim/harness, do not edit

Doing analysis at TEMP = 27.000000 and TNOM = 27.000000

Using SPARSE 1.3 as Direct Linear Solver

Initial Transient Solution
--------------------------

Node                                   Voltage
----                                   -------
n1                                           6
in_drv                                       0
vdd_drv                                      6
gnd_drv                                      0
n2                                 2.00317e-09
n3                                           6
n4                                 3.00524e-09
n5                                           6
out                                3.18737e-09
outcap                             3.18737e-09
vimeas#branch                                0
vin#branch                                   0
vgnd_drv#branch                    4.53026e-09
vsup_drv#branch                   -4.54461e-09


No. of Data Rows : 3295
trise10_90          =  5.02645e-09 targ=  2.69785e-08 trig=  2.19520e-08
tfall10_90          =  4.04947e-09 targ=  1.27087e-07 trig=  1.23038e-07
tpdlh               =  3.41626e-09 targ=  2.39163e-08 trig=  2.05000e-08
tpdhl               =  3.31572e-09 targ=  1.24816e-07 trig=  1.21500e-07
ishoot_rise_a       =  2.46333e-01 at=  2.14371e-08
ishoot_fall_a       =  9.69892e-03 at=  1.32174e-07
m_trise_s = 5.0264550000e-09
m_tfall_s = 4.0494660000e-09
m_tpdlh_s = 3.4162590000e-09
m_tpdhl_s = 3.3157190000e-09
m_ipeak_source_a = 1.2656486887e+00
m_ipeak_sink_a = 1.3816598712e+00
m_ishoot_rise_a = 2.4633300000e-01
m_ishoot_fall_a = 9.6989170000e-03
m_energy_per_edge_j = 1.8559192292e-08
m_vout_max_v = 6.0040411581e+00
m_vout_min_v = -3.426960244e-03
m_vin_max_v = 6.0000000000e+00
m_vin_min_v = 0.0000000000e+00
m_n1_max_v = 6.0286051433e+00
m_n1_min_v = -1.414120690e-02
m_n2_max_v = 6.0190791489e+00
m_n2_min_v = -1.268706038e-02
m_n3_max_v = 6.0400910341e+00
m_n3_min_v = -2.387411593e-02
m_n4_max_v = 6.0472705125e+00
m_n4_min_v = -2.872222637e-02
m_n5_max_v = 6.0479655297e+00
m_n5_min_v = -2.902569078e-02
Note: Simulation executed from .control section 

