* ====================================================================
* record-id : 20260821-114809-83ad6ac
* testbench : sim/output-stage-drive/testbench/output_stage_tb.spice
* dut       : sim/output-stage-drive/testbench/output_stage_dut.spice (schematic)
* corner    : fs_mc0049_-40c_vdrv6p00v
* mismatch  : sw_stat_mismatch=1 (sample 49), sw_stat_global=0
* seed      : 20350274
* pdk       : gf180mcuD (/home/ubuntu/.volare/gf180mcuD)
* ngspice   : ngspice-46 : Circuit level simulation program
* run (UTC) : 2026-08-21T11:48:09Z
* ====================================================================

Note: No compatibility mode selected!


Circuit: * output-stage-drive @ fs_mc0049_-40c_vdrv6p00v -- generated by sim/harness, do not edit

Doing analysis at TEMP = -40.000000 and TNOM = 27.000000

Using SPARSE 1.3 as Direct Linear Solver

Initial Transient Solution
--------------------------

Node                                   Voltage
----                                   -------
n1                                           6
in_drv                                       0
vdd_drv                                      6
gnd_drv                                      0
n2                                  1.5194e-09
n3                                           6
n4                                 2.27781e-09
n5                                           6
out                                2.41931e-09
outcap                             2.41931e-09
vimeas#branch                      3.38813e-21
vin#branch                                   0
vgnd_drv#branch                    4.31946e-09
vsup_drv#branch                   -4.32324e-09

 Reference value :  1.56970e-07
No. of Data Rows : 3308
trise10_90          =  4.18419e-09 targ=  2.59536e-08 trig=  2.17694e-08
tfall10_90          =  3.45400e-09 targ=  1.26305e-07 trig=  1.22851e-07
tpdlh               =  2.96363e-09 targ=  2.34636e-08 trig=  2.05000e-08
tpdhl               =  2.92253e-09 targ=  1.24423e-07 trig=  1.21500e-07
ishoot_rise_a       =  2.87943e-01 at=  2.13415e-08
ishoot_fall_a       =  4.16893e-03 at=  1.21000e-07
m_trise_s = 4.1841890000e-09
m_tfall_s = 3.4540020000e-09
m_tpdlh_s = 2.9636270000e-09
m_tpdhl_s = 2.9225340000e-09
m_ipeak_source_a = 1.4621133486e+00
m_ipeak_sink_a = 1.5544859633e+00
m_ishoot_rise_a = 2.8794280000e-01
m_ishoot_fall_a = 4.1689280000e-03
m_energy_per_edge_j = 1.8549791760e-08
m_vout_max_v = 6.0043233718e+00
m_vout_min_v = -3.568506651e-03
m_vin_max_v = 6.0000000000e+00
m_vin_min_v = 0.0000000000e+00
m_n1_max_v = 6.0255798551e+00
m_n1_min_v = -1.123022562e-02
m_n2_max_v = 6.0181654389e+00
m_n2_min_v = -1.145598851e-02
m_n3_max_v = 6.0402327723e+00
m_n3_min_v = -2.313984032e-02
m_n4_max_v = 6.0478452285e+00
m_n4_min_v = -2.886798434e-02
m_n5_max_v = 6.0503488107e+00
m_n5_min_v = -2.937526616e-02
Note: Simulation executed from .control section 

