* ====================================================================
* record-id : 20260821-114809-83ad6ac
* testbench : sim/output-stage-drive/testbench/output_stage_tb.spice
* dut       : sim/output-stage-drive/testbench/output_stage_dut.spice (schematic)
* corner    : sf_27c_vdrv6p00v
* mismatch  : none -- plain harness deck (runner.compose_deck(mc=None)),
*             byte-identical to what sim/run_corners.py generates.
* pdk       : gf180mcuD (/home/ubuntu/.volare/gf180mcuD)
* ngspice   : ngspice-46 : Circuit level simulation program
* run (UTC) : 2026-08-21T11:48:09Z
* ====================================================================

Note: No compatibility mode selected!


Circuit: * output-stage-drive @ sf_27c_vdrv6p00v -- generated by sim/harness, do not edit

Doing analysis at TEMP = 27.000000 and TNOM = 27.000000

Using SPARSE 1.3 as Direct Linear Solver

Initial Transient Solution
--------------------------

Node                                   Voltage
----                                   -------
n1                                           6
in_drv                                       0
vdd_drv                                      6
gnd_drv                                      0
n2                                 2.43796e-09
n3                                           6
n4                                 3.61678e-09
n5                                           6
out                                3.83598e-09
outcap                             3.83598e-09
vimeas#branch                     -3.38813e-21
vin#branch                                   0
vgnd_drv#branch                    4.42416e-09
vsup_drv#branch                   -4.42145e-09


No. of Data Rows : 3300
trise10_90          =  4.05025e-09 targ=  2.60110e-08 trig=  2.19607e-08
tfall10_90          =  5.06100e-09 targ=  1.28140e-07 trig=  1.23079e-07
tpdlh               =  3.02924e-09 targ=  2.35292e-08 trig=  2.05000e-08
tpdhl               =  3.84468e-09 targ=  1.25345e-07 trig=  1.21500e-07
ishoot_rise_a       =  2.13936e-01 at=  2.15664e-08
ishoot_fall_a       =  1.26198e-02 at=  1.33670e-07
m_trise_s = 4.0502550000e-09
m_tfall_s = 5.0609990000e-09
m_tpdlh_s = 3.0292410000e-09
m_tpdhl_s = 3.8446750000e-09
m_ipeak_source_a = 1.5902187971e+00
m_ipeak_sink_a = 1.0913100022e+00
m_ishoot_rise_a = 2.1393550000e-01
m_ishoot_fall_a = 1.2619790000e-02
m_energy_per_edge_j = 1.8556200046e-08
m_vout_max_v = 6.0051000764e+00
m_vout_min_v = -2.801706686e-03
m_vin_max_v = 6.0000000000e+00
m_vin_min_v = 0.0000000000e+00
m_n1_max_v = 6.0277602402e+00
m_n1_min_v = -1.648399276e-02
m_n2_max_v = 6.0241307078e+00
m_n2_min_v = -1.083278947e-02
m_n3_max_v = 6.0443684767e+00
m_n3_min_v = -2.263630289e-02
m_n4_max_v = 6.0515334190e+00
m_n4_min_v = -2.808213231e-02
m_n5_max_v = 6.0525753508e+00
m_n5_min_v = -2.831747904e-02
Note: Simulation executed from .control section 

