* ====================================================================
* record-id : 20260821-114809-83ad6ac
* testbench : sim/output-stage-drive/testbench/output_stage_tb.spice
* dut       : sim/output-stage-drive/testbench/output_stage_dut.spice (schematic)
* corner    : sf_mc0069_125c_vdrv6p00v
* mismatch  : sw_stat_mismatch=1 (sample 69), sw_stat_global=0
* seed      : 20400294
* pdk       : gf180mcuD (/home/ubuntu/.volare/gf180mcuD)
* ngspice   : ngspice-46 : Circuit level simulation program
* run (UTC) : 2026-08-21T11:48:09Z
* ====================================================================

Note: No compatibility mode selected!


Circuit: * output-stage-drive @ sf_mc0069_125c_vdrv6p00v -- generated by sim/harness, do not edit

Doing analysis at TEMP = 125.000000 and TNOM = 27.000000

Using SPARSE 1.3 as Direct Linear Solver

Initial Transient Solution
--------------------------

Node                                   Voltage
----                                   -------
n1                                           6
in_drv                                       0
vdd_drv                                      6
gnd_drv                                      0
n2                                 2.07622e-08
n3                                           6
n4                                 2.14384e-08
n5                                           6
out                                 2.4434e-08
outcap                              2.4434e-08
vimeas#branch                                0
vin#branch                                   0
vgnd_drv#branch                    2.01235e-08
vsup_drv#branch                   -2.01312e-08


No. of Data Rows : 3287
trise10_90          =  4.79580e-09 targ=  2.69897e-08 trig=  2.21939e-08
tfall10_90          =  6.23654e-09 targ=  1.29591e-07 trig=  1.23354e-07
tpdlh               =  3.48430e-09 targ=  2.39843e-08 trig=  2.05000e-08
tpdhl               =  4.51622e-09 targ=  1.26016e-07 trig=  1.21500e-07
ishoot_rise_a       =  1.73865e-01 at=  2.17227e-08
ishoot_fall_a       =  4.24093e-03 at=  1.37155e-07
m_trise_s = 4.7957950000e-09
m_tfall_s = 6.2365400000e-09
m_tpdlh_s = 3.4843020000e-09
m_tpdhl_s = 4.5162150000e-09
m_ipeak_source_a = 1.3990792179e+00
m_ipeak_sink_a = 9.2631141939e-01
m_ishoot_rise_a = 1.7386550000e-01
m_ishoot_fall_a = 4.2409340000e-03
m_energy_per_edge_j = 1.8568487702e-08
m_vout_max_v = 6.0048297453e+00
m_vout_min_v = -2.474997494e-03
m_vin_max_v = 6.0000000000e+00
m_vin_min_v = 0.0000000000e+00
m_n1_max_v = 6.0326778571e+00
m_n1_min_v = -2.001054360e-02
m_n2_max_v = 6.0250241774e+00
m_n2_min_v = -1.160238523e-02
m_n3_max_v = 6.0423065829e+00
m_n3_min_v = -2.198605373e-02
m_n4_max_v = 6.0489596742e+00
m_n4_min_v = -2.675591785e-02
m_n5_max_v = 6.0503425076e+00
m_n5_min_v = -2.672778608e-02
Note: Simulation executed from .control section 

