* ====================================================================
* record-id : 20260821-114809-83ad6ac
* testbench : sim/output-stage-drive/testbench/output_stage_tb.spice
* dut       : sim/output-stage-drive/testbench/output_stage_dut.spice (schematic)
* corner    : ss_mc0000_-40c_vdrv6p00v
* mismatch  : sw_stat_mismatch=0 (sample 0), sw_stat_global=0
* seed      : 20320225
* pdk       : gf180mcuD (/home/ubuntu/.volare/gf180mcuD)
* ngspice   : ngspice-46 : Circuit level simulation program
* run (UTC) : 2026-08-21T11:48:09Z
* ====================================================================

Note: No compatibility mode selected!


Circuit: * output-stage-drive @ ss_mc0000_-40c_vdrv6p00v -- generated by sim/harness, do not edit

Doing analysis at TEMP = -40.000000 and TNOM = 27.000000

Using SPARSE 1.3 as Direct Linear Solver

Initial Transient Solution
--------------------------

Node                                   Voltage
----                                   -------
n1                                           6
in_drv                                       0
vdd_drv                                      6
gnd_drv                                      0
n2                                   1.819e-09
n3                                           6
n4                                 2.72766e-09
n5                                           6
out                                2.89297e-09
outcap                             2.89297e-09
vimeas#branch                      3.38813e-21
vin#branch                                   0
vgnd_drv#branch                    4.29789e-09
vsup_drv#branch                   -4.29838e-09


No. of Data Rows : 3306
trise10_90          =  4.47493e-09 targ=  2.65338e-08 trig=  2.20588e-08
tfall10_90          =  4.67812e-09 targ=  1.27847e-07 trig=  1.23169e-07
tpdlh               =  3.37116e-09 targ=  2.38712e-08 trig=  2.05000e-08
tpdhl               =  3.85074e-09 targ=  1.25351e-07 trig=  1.21500e-07
ishoot_rise_a       =  2.16884e-01 at=  2.15835e-08
ishoot_fall_a       =  1.02114e-02 at=  1.32053e-07
m_trise_s = 4.4749270000e-09
m_tfall_s = 4.6781190000e-09
m_tpdlh_s = 3.3711600000e-09
m_tpdhl_s = 3.8507430000e-09
m_ipeak_source_a = 1.3637772443e+00
m_ipeak_sink_a = 1.1322894743e+00
m_ishoot_rise_a = 2.1688440000e-01
m_ishoot_fall_a = 1.0211420000e-02
m_energy_per_edge_j = 1.8555496472e-08
m_vout_max_v = 6.0058366999e+00
m_vout_min_v = -3.854979059e-03
m_vin_max_v = 6.0000000000e+00
m_vin_min_v = 0.0000000000e+00
m_n1_max_v = 6.0295800174e+00
m_n1_min_v = -1.478198788e-02
m_n2_max_v = 6.0310348601e+00
m_n2_min_v = -1.591980309e-02
m_n3_max_v = 6.0523497443e+00
m_n3_min_v = -2.793020752e-02
m_n4_max_v = 6.0590565763e+00
m_n4_min_v = -3.157310640e-02
m_n5_max_v = 6.0596108867e+00
m_n5_min_v = -3.196038644e-02
Note: Simulation executed from .control section 

