* ====================================================================
* record-id : 20260821-114809-83ad6ac
* testbench : sim/output-stage-drive/testbench/output_stage_tb.spice
* dut       : sim/output-stage-drive/testbench/output_stage_dut.spice (schematic)
* corner    : ss_mc0037_27c_vdrv6p00v
* mismatch  : sw_stat_mismatch=1 (sample 37), sw_stat_global=0
* seed      : 20330262
* pdk       : gf180mcuD (/home/ubuntu/.volare/gf180mcuD)
* ngspice   : ngspice-46 : Circuit level simulation program
* run (UTC) : 2026-08-21T11:48:09Z
* ====================================================================

Note: No compatibility mode selected!


Circuit: * output-stage-drive @ ss_mc0037_27c_vdrv6p00v -- generated by sim/harness, do not edit

Doing analysis at TEMP = 27.000000 and TNOM = 27.000000

Using SPARSE 1.3 as Direct Linear Solver

Initial Transient Solution
--------------------------

Node                                   Voltage
----                                   -------
n1                                           6
in_drv                                       0
vdd_drv                                      6
gnd_drv                                      0
n2                                 2.43116e-09
n3                                           6
n4                                 3.64702e-09
n5                                           6
out                                3.87452e-09
outcap                             3.87452e-09
vimeas#branch                     -3.38813e-21
vin#branch                                   0
vgnd_drv#branch                    4.29859e-09
vsup_drv#branch                     -4.305e-09

 Reference value :  1.52194e-07
No. of Data Rows : 3294
trise10_90          =  5.38830e-09 targ=  2.76664e-08 trig=  2.22781e-08
tfall10_90          =  5.34928e-09 targ=  1.28733e-07 trig=  1.23384e-07
tpdlh               =  3.88754e-09 targ=  2.43875e-08 trig=  2.05000e-08
tpdhl               =  4.28737e-09 targ=  1.25787e-07 trig=  1.21500e-07
ishoot_rise_a       =  1.89847e-01 at=  2.17153e-08
ishoot_fall_a       =  1.87443e-03 at=  1.50944e-07
m_trise_s = 5.3882960000e-09
m_tfall_s = 5.3492830000e-09
m_tpdlh_s = 3.8875400000e-09
m_tpdhl_s = 4.2873740000e-09
m_ipeak_source_a = 1.1773989033e+00
m_ipeak_sink_a = 1.0128977809e+00
m_ishoot_rise_a = 1.8984680000e-01
m_ishoot_fall_a = 1.8744270000e-03
m_energy_per_edge_j = 1.8563261396e-08
m_vout_max_v = 6.0055069877e+00
m_vout_min_v = -3.734048897e-03
m_vin_max_v = 6.0000000000e+00
m_vin_min_v = 0.0000000000e+00
m_n1_max_v = 6.0355780702e+00
m_n1_min_v = -1.849122605e-02
m_n2_max_v = 6.0329663415e+00
m_n2_min_v = -1.746480150e-02
m_n3_max_v = 6.0551646320e+00
m_n3_min_v = -2.899792745e-02
m_n4_max_v = 6.0597495192e+00
m_n4_min_v = -3.229309669e-02
m_n5_max_v = 6.0605763817e+00
m_n5_min_v = -3.278725226e-02
Note: Simulation executed from .control section 

