* ====================================================================
* record-id : 20260821-114809-83ad6ac
* testbench : sim/output-stage-drive/testbench/output_stage_tb.spice
* dut       : sim/output-stage-drive/testbench/output_stage_dut.spice (schematic)
* corner    : ss_mc0000_27c_vdrv6p00v
* mismatch  : sw_stat_mismatch=0 (sample 0), sw_stat_global=0
* seed      : 20330225
* pdk       : gf180mcuD (/home/ubuntu/.volare/gf180mcuD)
* ngspice   : ngspice-46 : Circuit level simulation program
* run (UTC) : 2026-08-21T11:48:09Z
* ====================================================================

Note: No compatibility mode selected!


Circuit: * output-stage-drive @ ss_mc0000_27c_vdrv6p00v -- generated by sim/harness, do not edit

Doing analysis at TEMP = 27.000000 and TNOM = 27.000000

Using SPARSE 1.3 as Direct Linear Solver

Initial Transient Solution
--------------------------

Node                                   Voltage
----                                   -------
n1                                           6
in_drv                                       0
vdd_drv                                      6
gnd_drv                                      0
n2                                 2.43434e-09
n3                                           6
n4                                 3.65095e-09
n5                                           6
out                                3.87222e-09
outcap                             3.87222e-09
vimeas#branch                      3.38813e-21
vin#branch                                   0
vgnd_drv#branch                    4.29886e-09
vsup_drv#branch                   -4.30676e-09


No. of Data Rows : 3296
trise10_90          =  5.37871e-09 targ=  2.76514e-08 trig=  2.22727e-08
tfall10_90          =  5.34583e-09 targ=  1.28732e-07 trig=  1.23386e-07
tpdlh               =  3.87785e-09 targ=  2.43779e-08 trig=  2.05000e-08
tpdhl               =  4.28783e-09 targ=  1.25788e-07 trig=  1.21500e-07
ishoot_rise_a       =  1.90944e-01 at=  2.17105e-08
ishoot_fall_a       =  6.26728e-03 at=  1.38251e-07
m_trise_s = 5.3787110000e-09
m_tfall_s = 5.3458340000e-09
m_tpdlh_s = 3.8778530000e-09
m_tpdhl_s = 4.2878350000e-09
m_ipeak_source_a = 1.1792682938e+00
m_ipeak_sink_a = 1.0172043253e+00
m_ishoot_rise_a = 1.9094430000e-01
m_ishoot_fall_a = 6.2672760000e-03
m_energy_per_edge_j = 1.8563681863e-08
m_vout_max_v = 6.0055239068e+00
m_vout_min_v = -3.722301347e-03
m_vin_max_v = 6.0000000000e+00
m_vin_min_v = 0.0000000000e+00
m_n1_max_v = 6.0354453082e+00
m_n1_min_v = -1.867012074e-02
m_n2_max_v = 6.0328005832e+00
m_n2_min_v = -1.743792804e-02
m_n3_max_v = 6.0550221768e+00
m_n3_min_v = -2.913818913e-02
m_n4_max_v = 6.0597643075e+00
m_n4_min_v = -3.231148017e-02
m_n5_max_v = 6.0595308458e+00
m_n5_min_v = -3.258618249e-02
Note: Simulation executed from .control section 

