* ====================================================================
* record-id : 20260821-114809-83ad6ac
* testbench : sim/output-stage-drive/testbench/output_stage_tb.spice
* dut       : sim/output-stage-drive/testbench/output_stage_dut.spice (schematic)
* corner    : tt_mc0083_125c_vdrv6p00v
* mismatch  : sw_stat_mismatch=1 (sample 83), sw_stat_global=0
* seed      : 20280308
* pdk       : gf180mcuD (/home/ubuntu/.volare/gf180mcuD)
* ngspice   : ngspice-46 : Circuit level simulation program
* run (UTC) : 2026-08-21T11:48:09Z
* ====================================================================

Note: No compatibility mode selected!


Circuit: * output-stage-drive @ tt_mc0083_125c_vdrv6p00v -- generated by sim/harness, do not edit

Doing analysis at TEMP = 125.000000 and TNOM = 27.000000

Using SPARSE 1.3 as Direct Linear Solver

Initial Transient Solution
--------------------------

Node                                   Voltage
----                                   -------
n1                                           6
in_drv                                       0
vdd_drv                                      6
gnd_drv                                      0
n2                                 6.03387e-09
n3                                           6
n4                                 7.96258e-09
n5                                           6
out                                7.74732e-09
outcap                             7.74732e-09
vimeas#branch                                0
vin#branch                                   0
vgnd_drv#branch                    1.53208e-08
vsup_drv#branch                   -1.53316e-08

 Reference value :  1.27067e-07
No. of Data Rows : 3316
trise10_90          =  5.37691e-09 targ=  2.75621e-08 trig=  2.21852e-08
tfall10_90          =  5.56688e-09 targ=  1.28873e-07 trig=  1.23306e-07
tpdlh               =  3.70504e-09 targ=  2.42050e-08 trig=  2.05000e-08
tpdhl               =  4.16741e-09 targ=  1.25667e-07 trig=  1.21500e-07
ishoot_rise_a       =  1.87226e-01 at=  2.16420e-08
ishoot_fall_a       =  1.04984e-02 at=  1.35667e-07
m_trise_s = 5.3769110000e-09
m_tfall_s = 5.5668790000e-09
m_tpdlh_s = 3.7050370000e-09
m_tpdhl_s = 4.1674130000e-09
m_ipeak_source_a = 1.2423360999e+00
m_ipeak_sink_a = 1.0487060505e+00
m_ishoot_rise_a = 1.8722590000e-01
m_ishoot_fall_a = 1.0498440000e-02
m_energy_per_edge_j = 1.8566988103e-08
m_vout_max_v = 6.0041730170e+00
m_vout_min_v = -2.802918968e-03
m_vin_max_v = 6.0000000000e+00
m_vin_min_v = 0.0000000000e+00
m_n1_max_v = 6.0328863751e+00
m_n1_min_v = -1.917355207e-02
m_n2_max_v = 6.0214030167e+00
m_n2_min_v = -1.242832337e-02
m_n3_max_v = 6.0403324154e+00
m_n3_min_v = -2.270892198e-02
m_n4_max_v = 6.0467933321e+00
m_n4_min_v = -2.750488015e-02
m_n5_max_v = 6.0476817377e+00
m_n5_min_v = -2.761166760e-02
Note: Simulation executed from .control section 

