* ====================================================================
* record-id : 20260821-114809-83ad6ac
* testbench : sim/output-stage-drive/testbench/output_stage_tb.spice
* dut       : sim/output-stage-drive/testbench/output_stage_dut.spice (schematic)
* corner    : tt_mc0170_27c_vdrv6p00v
* mismatch  : sw_stat_mismatch=1 (sample 170), sw_stat_global=0
* seed      : 20270395
* pdk       : gf180mcuD (/home/ubuntu/.volare/gf180mcuD)
* ngspice   : ngspice-46 : Circuit level simulation program
* run (UTC) : 2026-08-21T11:48:09Z
* ====================================================================

Note: No compatibility mode selected!


Circuit: * output-stage-drive @ tt_mc0170_27c_vdrv6p00v -- generated by sim/harness, do not edit

Doing analysis at TEMP = 27.000000 and TNOM = 27.000000

Using SPARSE 1.3 as Direct Linear Solver

Initial Transient Solution
--------------------------

Node                                   Voltage
----                                   -------
n1                                           6
in_drv                                       0
vdd_drv                                      6
gnd_drv                                      0
n2                                 2.17387e-09
n3                                           6
n4                                 3.25382e-09
n5                                           6
out                                3.45075e-09
outcap                             3.45075e-09
vimeas#branch                      3.38813e-21
vin#branch                                   0
vgnd_drv#branch                    4.37973e-09
vsup_drv#branch                   -4.38559e-09

 Reference value :  1.22500e-07
No. of Data Rows : 3317
trise10_90          =  4.47021e-09 targ=  2.64040e-08 trig=  2.19338e-08
tfall10_90          =  4.47360e-09 targ=  1.27509e-07 trig=  1.23035e-07
tpdlh               =  3.17271e-09 targ=  2.36727e-08 trig=  2.05000e-08
tpdhl               =  3.51820e-09 targ=  1.25018e-07 trig=  1.21500e-07
ishoot_rise_a       =  2.31271e-01 at=  2.15066e-08
ishoot_fall_a       =  1.06607e-02 at=  1.32705e-07
m_trise_s = 4.4702110000e-09
m_tfall_s = 4.4736000000e-09
m_tpdlh_s = 3.1727120000e-09
m_tpdhl_s = 3.5181950000e-09
m_ipeak_source_a = 1.4369164579e+00
m_ipeak_sink_a = 1.2431896373e+00
m_ishoot_rise_a = 2.3127080000e-01
m_ishoot_fall_a = 1.0660720000e-02
m_energy_per_edge_j = 1.8554313341e-08
m_vout_max_v = 6.0045134502e+00
m_vout_min_v = -3.078824851e-03
m_vin_max_v = 6.0000000000e+00
m_vin_min_v = 0.0000000000e+00
m_n1_max_v = 6.0284969675e+00
m_n1_min_v = -1.523995728e-02
m_n2_max_v = 6.0206999122e+00
m_n2_min_v = -1.160178259e-02
m_n3_max_v = 6.0426932743e+00
m_n3_min_v = -2.316723667e-02
m_n4_max_v = 6.0503752115e+00
m_n4_min_v = -2.872196187e-02
m_n5_max_v = 6.0516880511e+00
m_n5_min_v = -2.896146988e-02
Note: Simulation executed from .control section 

