
Note: No compatibility mode selected!


Circuit: * gate-driver-core-drive @ ff_-40c_vlogic3p63v-vdrv5p50v -- generated by sim/harness, do not edit

Doing analysis at TEMP = -40.000000 and TNOM = 27.000000

Using SPARSE 1.3 as Direct Linear Solver

Initial Transient Solution
--------------------------

Node                                   Voltage
----                                   -------
x1.inb                                    3.63
in                                           0
gnd_logic                                    0
vdd_logic                                 3.63
x1.na                                   2.7367
x1.nb                              3.58649e-10
x1.nca                                     5.5
gnd_drv                            4.08849e-12
x1.ncb                             9.12466e-10
vdd_drv                                    5.5
x1.nbuf1                                   5.5
in_drv                             7.43156e-10
x2.n1                                      5.5
x2.n2                              1.45964e-09
x2.n3                                      5.5
x2.n4                              2.16608e-09
x2.n5                                      5.5
out                                2.29711e-09
outcap                             2.29711e-09
vimeas#branch                      1.69407e-21
vin#branch                                   0
vgnd_logic#branch                  4.10195e-09
vsup_drv#branch                   -4.08962e-09
vsup_logic#branch                 -4.04629e-12

 Reference value :  1.85823e-07
 Reference value :  4.28394e-07
 Reference value :  6.83594e-07
No. of Data Rows : 7055
trise10_90          =  3.40605e-09 targ=  2.53838e-08 trig=  2.19777e-08
tfall10_90          =  3.38640e-09 targ=  3.26194e-07 trig=  3.22808e-07
tpdlh               =  2.84654e-09 targ=  2.33465e-08 trig=  2.05000e-08
tpdhl               =  2.84067e-09 targ=  3.24341e-07 trig=  3.21500e-07
m_trise_s = 3.4060530000e-09
m_tfall_s = 3.3864020000e-09
m_tpdlh_s = 2.8465450000e-09
m_tpdhl_s = 2.8406720000e-09
m_ipeak_source_a = 1.6714233809e+00
m_ipeak_sink_a = 1.4595098867e+00
m_vout_max_v = 5.5027361684e+00
m_vout_min_v = -2.096142573e-03
m_vin_max_v = 3.6300000000e+00
m_vin_min_v = 0.0000000000e+00
m_indrv_max_v = 5.5327777861e+00
m_indrv_min_v = -1.824662213e-02
m_n1_max_v = 5.5440530931e+00
m_n1_min_v = -1.336029487e-02
m_n2_max_v = 5.5485183862e+00
m_n2_min_v = -3.555199267e-02
m_n3_max_v = 5.5392963231e+00
m_n3_min_v = -2.458884675e-02
m_n4_max_v = 5.5369026143e+00
m_n4_min_v = -1.558850570e-02
m_n5_max_v = 5.5354363562e+00
m_n5_min_v = -2.324480464e-02
Note: Simulation executed from .control section 

Note: vimeas: has no value, DC 0 assumed
