
Note: No compatibility mode selected!


Circuit: * gate-driver-core-drive @ ff_-40c_vlogic2p97v-vdrv4p50v -- generated by sim/harness, do not edit

Doing analysis at TEMP = -40.000000 and TNOM = 27.000000

Using SPARSE 1.3 as Direct Linear Solver

Initial Transient Solution
--------------------------

Node                                   Voltage
----                                   -------
x1.inb                                    2.97
in                                           0
gnd_logic                                    0
vdd_logic                                 2.97
x1.na                                   2.1674
x1.nb                              3.09385e-10
x1.nca                                     4.5
gnd_drv                            3.34281e-12
x1.ncb                              8.4168e-10
vdd_drv                                    4.5
x1.nbuf1                                   4.5
in_drv                             6.69282e-10
x2.n1                                      4.5
x2.n2                              1.31499e-09
x2.n3                                      4.5
x2.n4                              1.95208e-09
x2.n5                                      4.5
out                                2.07018e-09
outcap                             2.07018e-09
vimeas#branch                     -1.69407e-21
vin#branch                                   0
vgnd_logic#branch                  3.35342e-09
vsup_drv#branch                   -3.34042e-09
vsup_logic#branch                 -3.14685e-12

 Reference value :  3.18010e-07
 Reference value :  6.82668e-07
No. of Data Rows : 7050
trise10_90          =  3.82140e-09 targ=  2.59416e-08 trig=  2.21202e-08
tfall10_90          =  3.66283e-09 targ=  3.26631e-07 trig=  3.22968e-07
tpdlh               =  3.15583e-09 targ=  2.36558e-08 trig=  2.05000e-08
tpdhl               =  3.11747e-09 targ=  3.24617e-07 trig=  3.21500e-07
m_trise_s = 3.8214000000e-09
m_tfall_s = 3.6628290000e-09
m_tpdlh_s = 3.1558300000e-09
m_tpdhl_s = 3.1174740000e-09
m_ipeak_source_a = 1.2305687340e+00
m_ipeak_sink_a = 1.1083917537e+00
m_vout_max_v = 4.5030843036e+00
m_vout_min_v = -2.238102939e-03
m_vin_max_v = 2.9700000000e+00
m_vin_min_v = 0.0000000000e+00
m_indrv_max_v = 4.5245196528e+00
m_indrv_min_v = -2.085385217e-02
m_n1_max_v = 4.5389410055e+00
m_n1_min_v = -1.234909925e-02
m_n2_max_v = 4.5537317578e+00
m_n2_min_v = -3.532452697e-02
m_n3_max_v = 4.5337479197e+00
m_n3_min_v = -2.608174939e-02
m_n4_max_v = 4.5359376183e+00
m_n4_min_v = -2.407136844e-02
m_n5_max_v = 4.5376680969e+00
m_n5_min_v = -2.446300426e-02
Note: Simulation executed from .control section 

Note: vimeas: has no value, DC 0 assumed
