
Note: No compatibility mode selected!


Circuit: * gate-driver-core-drive @ fs_125c_vlogic3p63v-vdrv5p50v -- generated by sim/harness, do not edit

Doing analysis at TEMP = 125.000000 and TNOM = 27.000000

Using SPARSE 1.3 as Direct Linear Solver

Initial Transient Solution
--------------------------

Node                                   Voltage
----                                   -------
x1.inb                                    3.63
in                                           0
gnd_logic                                    0
vdd_logic                                 3.63
x1.na                                   2.7165
x1.nb                              5.83933e-10
x1.nca                                 5.49994
gnd_drv                            6.11117e-11
x1.ncb                             1.65215e-09
vdd_drv                                    5.5
x1.nbuf1                                   5.5
in_drv                              1.7626e-09
x2.n1                                      5.5
x2.n2                              3.49993e-09
x2.n3                                      5.5
x2.n4                              4.79067e-09
x2.n5                                      5.5
out                                5.07731e-09
outcap                             5.07731e-09
vimeas#branch                      3.38813e-21
vin#branch                                   0
vgnd_logic#branch                  8.70247e-08
vsup_drv#branch                     -7.871e-08
vsup_logic#branch                 -8.31674e-09

 Reference value :  2.22154e-07
 Reference value :  4.74491e-07
No. of Data Rows : 7040
trise10_90          =  6.49851e-09 targ=  2.95431e-08 trig=  2.30445e-08
tfall10_90          =  5.18768e-09 targ=  3.28852e-07 trig=  3.23664e-07
tpdlh               =  5.00377e-09 targ=  2.55038e-08 trig=  2.05000e-08
tpdhl               =  4.34644e-09 targ=  3.25846e-07 trig=  3.21500e-07
m_trise_s = 6.4985070000e-09
m_tfall_s = 5.1876790000e-09
m_tpdlh_s = 5.0037720000e-09
m_tpdhl_s = 4.3464450000e-09
m_ipeak_source_a = 9.4297207864e-01
m_ipeak_sink_a = 1.0425962406e+00
m_vout_max_v = 5.5023510215e+00
m_vout_min_v = -2.310744471e-03
m_vin_max_v = 3.6300000000e+00
m_vin_min_v = 0.0000000000e+00
m_indrv_max_v = 5.5424517612e+00
m_indrv_min_v = -1.848886793e-02
m_n1_max_v = 5.5269410020e+00
m_n1_min_v = -3.544278245e-02
m_n2_max_v = 5.5649566329e+00
m_n2_min_v = -3.658459568e-02
m_n3_max_v = 5.5362308579e+00
m_n3_min_v = -2.644718155e-02
m_n4_max_v = 5.5290911650e+00
m_n4_min_v = -2.579069196e-02
m_n5_max_v = 5.5345830977e+00
m_n5_min_v = -2.550577654e-02
Note: Simulation executed from .control section 

Note: vimeas: has no value, DC 0 assumed
