
Note: No compatibility mode selected!


Circuit: * gate-driver-core-drive @ fs_27c_vlogic2p97v-vdrv4p50v -- generated by sim/harness, do not edit

Doing analysis at TEMP = 27.000000 and TNOM = 27.000000

Using SPARSE 1.3 as Direct Linear Solver

Initial Transient Solution
--------------------------

Node                                   Voltage
----                                   -------
x1.inb                                    2.97
in                                           0
gnd_logic                                    0
vdd_logic                                 2.97
x1.na                                  2.19152
x1.nb                              3.79501e-10
x1.nca                                     4.5
gnd_drv                            3.39005e-12
x1.ncb                             1.07745e-09
vdd_drv                                    4.5
x1.nbuf1                                   4.5
in_drv                             8.66716e-10
x2.n1                                      4.5
x2.n2                                1.699e-09
x2.n3                                      4.5
x2.n4                              2.54792e-09
x2.n5                                      4.5
out                                2.70214e-09
outcap                             2.70214e-09
vimeas#branch                                0
vin#branch                                   0
vgnd_logic#branch                  3.49231e-09
vsup_drv#branch                   -3.45278e-09
vsup_logic#branch                 -3.25875e-11

 Reference value :  3.12963e-07
No. of Data Rows : 7038
trise10_90          =  6.23691e-09 targ=  2.91530e-08 trig=  2.29161e-08
tfall10_90          =  4.50131e-09 targ=  3.28076e-07 trig=  3.23575e-07
tpdlh               =  4.87147e-09 targ=  2.53715e-08 trig=  2.05000e-08
tpdhl               =  4.04125e-09 targ=  3.25541e-07 trig=  3.21500e-07
m_trise_s = 6.2369140000e-09
m_tfall_s = 4.5013130000e-09
m_tpdlh_s = 4.8714670000e-09
m_tpdhl_s = 4.0412510000e-09
m_ipeak_source_a = 7.7493506945e-01
m_ipeak_sink_a = 9.3044101007e-01
m_vout_max_v = 4.5027300510e+00
m_vout_min_v = -2.872329883e-03
m_vin_max_v = 2.9700000000e+00
m_vin_min_v = 0.0000000000e+00
m_indrv_max_v = 4.5856612834e+00
m_indrv_min_v = -2.755991000e-02
m_n1_max_v = 4.5400107583e+00
m_n1_min_v = -3.673360946e-02
m_n2_max_v = 4.5612163255e+00
m_n2_min_v = -3.788197804e-02
m_n3_max_v = 4.5341856257e+00
m_n3_min_v = -2.299021195e-02
m_n4_max_v = 4.5315853293e+00
m_n4_min_v = -1.912188728e-02
m_n5_max_v = 4.5371189295e+00
m_n5_min_v = -2.558973433e-02
Note: Simulation executed from .control section 

Note: vimeas: has no value, DC 0 assumed
