
Note: No compatibility mode selected!


Circuit: * gate-driver-core-drive @ fs_27c_vlogic3p30v-vdrv6p00v -- generated by sim/harness, do not edit

Doing analysis at TEMP = 27.000000 and TNOM = 27.000000

Using SPARSE 1.3 as Direct Linear Solver

Initial Transient Solution
--------------------------

Node                                   Voltage
----                                   -------
x1.inb                                     3.3
in                                           0
gnd_logic                                    0
vdd_logic                                  3.3
x1.na                                  2.48355
x1.nb                              4.85574e-10
x1.nca                                       6
gnd_drv                            4.55493e-12
x1.ncb                             1.33913e-09
vdd_drv                                      6
x1.nbuf1                                     6
in_drv                             1.02468e-09
x2.n1                                        6
x2.n2                              2.00772e-09
x2.n3                                        6
x2.n4                              3.00979e-09
x2.n5                                        6
out                                3.19193e-09
outcap                             3.19193e-09
vimeas#branch                                0
vin#branch                                   0
vgnd_logic#branch                  4.68868e-09
vsup_drv#branch                   -4.64437e-09
vsup_logic#branch                 -4.35017e-11

 Reference value :  3.22000e-07
No. of Data Rows : 7049
trise10_90          =  5.02626e-09 targ=  2.74761e-08 trig=  2.24498e-08
tfall10_90          =  4.04902e-09 targ=  3.27322e-07 trig=  3.23273e-07
tpdlh               =  3.91430e-09 targ=  2.44143e-08 trig=  2.05000e-08
tpdhl               =  3.54978e-09 targ=  3.25050e-07 trig=  3.21500e-07
m_trise_s = 5.0262630000e-09
m_tfall_s = 4.0490210000e-09
m_tpdlh_s = 3.9142990000e-09
m_tpdhl_s = 3.5497800000e-09
m_ipeak_source_a = 1.2702064989e+00
m_ipeak_sink_a = 1.3862130907e+00
m_vout_max_v = 6.0029982828e+00
m_vout_min_v = -2.811330219e-03
m_vin_max_v = 3.3000000000e+00
m_vin_min_v = 0.0000000000e+00
m_indrv_max_v = 6.0191767498e+00
m_indrv_min_v = -2.445608480e-02
m_n1_max_v = 6.0688857228e+00
m_n1_min_v = -2.646503964e-02
m_n2_max_v = 6.0597053655e+00
m_n2_min_v = -4.364610609e-02
m_n3_max_v = 6.0307196967e+00
m_n3_min_v = -2.826787092e-02
m_n4_max_v = 6.0316080683e+00
m_n4_min_v = -2.398605868e-02
m_n5_max_v = 6.0389330070e+00
m_n5_min_v = -2.417172078e-02
Note: Simulation executed from .control section 

Note: vimeas: has no value, DC 0 assumed
