
Note: No compatibility mode selected!


Circuit: * gate-driver-core-drive @ fs_27c_vlogic3p63v-vdrv5p50v -- generated by sim/harness, do not edit

Doing analysis at TEMP = 27.000000 and TNOM = 27.000000

Using SPARSE 1.3 as Direct Linear Solver

Initial Transient Solution
--------------------------

Node                                   Voltage
----                                   -------
x1.inb                                    3.63
in                                           0
gnd_logic                                    0
vdd_logic                                 3.63
x1.na                                  2.74719
x1.nb                              4.31352e-10
x1.nca                                     5.5
gnd_drv                            4.15832e-12
x1.ncb                             1.15969e-09
vdd_drv                                    5.5
x1.nbuf1                                   5.5
in_drv                             9.66745e-10
x2.n1                                      5.5
x2.n2                              1.89452e-09
x2.n3                                      5.5
x2.n4                              2.84028e-09
x2.n5                                      5.5
out                                3.01216e-09
outcap                             3.01216e-09
vimeas#branch                      3.38813e-21
vin#branch                                   0
vgnd_logic#branch                  4.32898e-09
vsup_drv#branch                   -4.26296e-09
vsup_logic#branch                   -5.918e-11

 Reference value :  3.06600e-07
No. of Data Rows : 7048
trise10_90          =  5.33550e-09 targ=  2.79280e-08 trig=  2.25925e-08
tfall10_90          =  4.15572e-09 targ=  3.27477e-07 trig=  3.23321e-07
tpdlh               =  4.18105e-09 targ=  2.46811e-08 trig=  2.05000e-08
tpdhl               =  3.64398e-09 targ=  3.25144e-07 trig=  3.21500e-07
m_trise_s = 5.3354950000e-09
m_tfall_s = 4.1557190000e-09
m_tpdlh_s = 4.1810530000e-09
m_tpdhl_s = 3.6439800000e-09
m_ipeak_source_a = 1.1017322710e+00
m_ipeak_sink_a = 1.2402339578e+00
m_vout_max_v = 5.5026733785e+00
m_vout_min_v = -2.926973522e-03
m_vin_max_v = 3.6300000000e+00
m_vin_min_v = 0.0000000000e+00
m_indrv_max_v = 5.5500283734e+00
m_indrv_min_v = -1.752618000e-02
m_n1_max_v = 5.5497902081e+00
m_n1_min_v = -3.504328743e-02
m_n2_max_v = 5.5614309984e+00
m_n2_min_v = -3.962921740e-02
m_n3_max_v = 5.5384213572e+00
m_n3_min_v = -2.837981478e-02
m_n4_max_v = 5.5372325383e+00
m_n4_min_v = -2.619955746e-02
m_n5_max_v = 5.5400314540e+00
m_n5_min_v = -2.770983434e-02
Note: Simulation executed from .control section 

Note: vimeas: has no value, DC 0 assumed
