
Note: No compatibility mode selected!


Circuit: * gate-driver-core-drive @ sf_-40c_vlogic3p63v-vdrv5p50v -- generated by sim/harness, do not edit

Doing analysis at TEMP = -40.000000 and TNOM = 27.000000

Using SPARSE 1.3 as Direct Linear Solver

Initial Transient Solution
--------------------------

Node                                   Voltage
----                                   -------
x1.inb                                    3.63
in                                           0
gnd_logic                                    0
vdd_logic                                 3.63
x1.na                                  2.51885
x1.nb                              3.95493e-10
x1.nca                                     5.5
gnd_drv                            4.06452e-12
x1.ncb                             1.09468e-09
vdd_drv                                    5.5
x1.nbuf1                                   5.5
in_drv                             8.83833e-10
x2.n1                                      5.5
x2.n2                              1.74423e-09
x2.n3                                      5.5
x2.n4                              2.58881e-09
x2.n5                                      5.5
out                                2.74546e-09
outcap                             2.74546e-09
vimeas#branch                                0
vin#branch                                   0
vgnd_logic#branch                  4.07676e-09
vsup_drv#branch                   -4.06175e-09
vsup_logic#branch                 -3.63772e-12

 Reference value :  2.33965e-07
 Reference value :  4.78620e-07
No. of Data Rows : 7051
trise10_90          =  3.57738e-09 targ=  2.58658e-08 trig=  2.22884e-08
tfall10_90          =  4.55696e-09 targ=  3.27703e-07 trig=  3.23146e-07
tpdlh               =  3.22871e-09 targ=  2.37287e-08 trig=  2.05000e-08
tpdhl               =  3.75873e-09 targ=  3.25259e-07 trig=  3.21500e-07
m_trise_s = 3.5773810000e-09
m_tfall_s = 4.5569590000e-09
m_tpdlh_s = 3.2287120000e-09
m_tpdhl_s = 3.7587340000e-09
m_ipeak_source_a = 1.5795163172e+00
m_ipeak_sink_a = 1.0575327052e+00
m_vout_max_v = 5.5040767990e+00
m_vout_min_v = -2.360027056e-03
m_vin_max_v = 3.6300000000e+00
m_vin_min_v = 0.0000000000e+00
m_indrv_max_v = 5.5141416464e+00
m_indrv_min_v = -2.233383195e-02
m_n1_max_v = 5.5836688055e+00
m_n1_min_v = -2.547769939e-02
m_n2_max_v = 5.5749001471e+00
m_n2_min_v = -3.819024846e-02
m_n3_max_v = 5.5457825726e+00
m_n3_min_v = -2.875403765e-02
m_n4_max_v = 5.5428017398e+00
m_n4_min_v = -2.281527312e-02
m_n5_max_v = 5.5475524753e+00
m_n5_min_v = -2.004165145e-02
Note: Simulation executed from .control section 

Note: vimeas: has no value, DC 0 assumed
