
Note: No compatibility mode selected!


Circuit: * gate-driver-core-drive @ sf_125c_vlogic3p30v-vdrv5p00v -- generated by sim/harness, do not edit

Doing analysis at TEMP = 125.000000 and TNOM = 27.000000

Using SPARSE 1.3 as Direct Linear Solver

Initial Transient Solution
--------------------------

Node                                   Voltage
----                                   -------
x1.inb                                     3.3
in                                           0
gnd_logic                                    0
vdd_logic                                  3.3
x1.na                                  2.38224
x1.nb                              1.32956e-09
x1.nca                                       5
gnd_drv                             1.6346e-11
x1.ncb                             4.15081e-09
vdd_drv                                      5
x1.nbuf1                                     5
in_drv                             8.63417e-09
x2.n1                                        5
x2.n2                              1.89324e-08
x2.n3                                        5
x2.n4                              1.99515e-08
x2.n5                                        5
out                                2.11597e-08
outcap                             2.11597e-08
vimeas#branch                                0
vin#branch                                   0
vgnd_logic#branch                  1.70711e-08
vsup_drv#branch                    -1.6855e-08
vsup_logic#branch                 -2.11953e-10

 Reference value :  3.41694e-07
No. of Data Rows : 7037
trise10_90          =  5.47638e-09 targ=  2.85623e-08 trig=  2.30860e-08
tfall10_90          =  6.72451e-09 targ=  3.30557e-07 trig=  3.23833e-07
tpdlh               =  4.63114e-09 targ=  2.51311e-08 trig=  2.05000e-08
tpdhl               =  5.19820e-09 targ=  3.26698e-07 trig=  3.21500e-07
m_trise_s = 5.4763830000e-09
m_tfall_s = 6.7245070000e-09
m_tpdlh_s = 4.6311350000e-09
m_tpdhl_s = 5.1982010000e-09
m_ipeak_source_a = 1.0237264542e+00
m_ipeak_sink_a = 7.2133874414e-01
m_vout_max_v = 5.0033220992e+00
m_vout_min_v = -1.985768026e-03
m_vin_max_v = 3.3000000000e+00
m_vin_min_v = 0.0000000000e+00
m_indrv_max_v = 5.0675099240e+00
m_indrv_min_v = -3.088728270e-02
m_n1_max_v = 5.0469824093e+00
m_n1_min_v = -1.596159726e-02
m_n2_max_v = 5.0762797941e+00
m_n2_min_v = -2.967863369e-02
m_n3_max_v = 5.0382927323e+00
m_n3_min_v = -2.606040968e-02
m_n4_max_v = 5.0401539919e+00
m_n4_min_v = -2.305449467e-02
m_n5_max_v = 5.0438142890e+00
m_n5_min_v = -2.314282427e-02
Note: Simulation executed from .control section 

Note: vimeas: has no value, DC 0 assumed
