
Note: No compatibility mode selected!


Circuit: * gate-driver-core-drive @ ss_-40c_vlogic2p97v-vdrv4p50v -- generated by sim/harness, do not edit

Doing analysis at TEMP = -40.000000 and TNOM = 27.000000

Using SPARSE 1.3 as Direct Linear Solver

Initial Transient Solution
--------------------------

Node                                   Voltage
----                                   -------
x1.inb                                    2.97
in                                           0
gnd_logic                                    0
vdd_logic                                 2.97
x1.na                                   1.9313
x1.nb                              3.50729e-10
x1.nca                                     4.5
gnd_drv                            3.23796e-12
x1.ncb                             1.06976e-09
vdd_drv                                    4.5
x1.nbuf1                                   4.5
in_drv                             8.22718e-10
x2.n1                                      4.5
x2.n2                              1.62029e-09
x2.n3                                      4.5
x2.n4                              2.42885e-09
x2.n5                                      4.5
out                                2.57586e-09
outcap                             2.57586e-09
vimeas#branch                     -1.69407e-21
vin#branch                                   0
vgnd_logic#branch                  3.24776e-09
vsup_drv#branch                    -3.2378e-09
vsup_logic#branch                 -2.97277e-12

 Reference value :  2.58452e-07
 Reference value :  5.09401e-07
No. of Data Rows : 7040
trise10_90          =  5.52274e-09 targ=  2.85571e-08 trig=  2.30344e-08
tfall10_90          =  5.38153e-09 targ=  3.29192e-07 trig=  3.23810e-07
tpdlh               =  4.78695e-09 targ=  2.52869e-08 trig=  2.05000e-08
tpdhl               =  4.80436e-09 targ=  3.26304e-07 trig=  3.21500e-07
m_trise_s = 5.5227420000e-09
m_tfall_s = 5.3815260000e-09
m_tpdlh_s = 4.7869470000e-09
m_tpdhl_s = 4.8043580000e-09
m_ipeak_source_a = 8.3573108389e-01
m_ipeak_sink_a = 7.2954012643e-01
m_vout_max_v = 4.5038470642e+00
m_vout_min_v = -3.336503159e-03
m_vin_max_v = 2.9700000000e+00
m_vin_min_v = 0.0000000000e+00
m_indrv_max_v = 4.5904797232e+00
m_indrv_min_v = -4.498679778e-02
m_n1_max_v = 4.5705897581e+00
m_n1_min_v = -3.868716524e-02
m_n2_max_v = 4.5739585803e+00
m_n2_min_v = -3.412022660e-02
m_n3_max_v = 4.5477334258e+00
m_n3_min_v = -2.992566229e-02
m_n4_max_v = 4.5444137612e+00
m_n4_min_v = -2.473088350e-02
m_n5_max_v = 4.5505310024e+00
m_n5_min_v = -2.973204729e-02
Note: Simulation executed from .control section 

Note: vimeas: has no value, DC 0 assumed
