
Note: No compatibility mode selected!


Circuit: * gate-driver-core-drive @ ss_-40c_vlogic3p63v-vdrv5p50v -- generated by sim/harness, do not edit

Doing analysis at TEMP = -40.000000 and TNOM = 27.000000

Using SPARSE 1.3 as Direct Linear Solver

Initial Transient Solution
--------------------------

Node                                   Voltage
----                                   -------
x1.inb                                    3.63
in                                           0
gnd_logic                                    0
vdd_logic                                 3.63
x1.na                                  2.48326
x1.nb                              3.96188e-10
x1.nca                                     5.5
gnd_drv                            3.95995e-12
x1.ncb                             1.11648e-09
vdd_drv                                    5.5
x1.nbuf1                                   5.5
in_drv                             8.86637e-10
x2.n1                                      5.5
x2.n2                              1.74566e-09
x2.n3                                      5.5
x2.n4                              2.61585e-09
x2.n5                                      5.5
out                                2.77415e-09
outcap                             2.77415e-09
vimeas#branch                     -3.38813e-21
vin#branch                                   0
vgnd_logic#branch                  3.97204e-09
vsup_drv#branch                   -3.95947e-09
vsup_logic#branch                 -3.63417e-12

 Reference value :  2.36157e-07
 Reference value :  5.24235e-07
No. of Data Rows : 7047
trise10_90          =  4.73734e-09 targ=  2.74376e-08 trig=  2.27003e-08
tfall10_90          =  4.84934e-09 targ=  3.28343e-07 trig=  3.23494e-07
tpdlh               =  4.12192e-09 targ=  2.46219e-08 trig=  2.05000e-08
tpdhl               =  4.25222e-09 targ=  3.25752e-07 trig=  3.21500e-07
m_trise_s = 4.7373410000e-09
m_tfall_s = 4.8493390000e-09
m_tpdlh_s = 4.1219180000e-09
m_tpdhl_s = 4.2522250000e-09
m_ipeak_source_a = 1.2050775150e+00
m_ipeak_sink_a = 1.0045716448e+00
m_vout_max_v = 5.5042297688e+00
m_vout_min_v = -3.154212136e-03
m_vin_max_v = 3.6300000000e+00
m_vin_min_v = 0.0000000000e+00
m_indrv_max_v = 5.5584413004e+00
m_indrv_min_v = -3.806272379e-02
m_n1_max_v = 5.5778676916e+00
m_n1_min_v = -4.246531342e-02
m_n2_max_v = 5.5768251163e+00
m_n2_min_v = -4.170202201e-02
m_n3_max_v = 5.5311250669e+00
m_n3_min_v = -3.149784424e-02
m_n4_max_v = 5.5391550878e+00
m_n4_min_v = -2.954973877e-02
m_n5_max_v = 5.5481739679e+00
m_n5_min_v = -3.041876236e-02
Note: Simulation executed from .control section 

Note: vimeas: has no value, DC 0 assumed
