
Note: No compatibility mode selected!


Circuit: * gate-driver-core-drive @ ss_125c_vlogic3p30v-vdrv5p00v -- generated by sim/harness, do not edit

Doing analysis at TEMP = 125.000000 and TNOM = 27.000000

Using SPARSE 1.3 as Direct Linear Solver

Initial Transient Solution
--------------------------

Node                                   Voltage
----                                   -------
x1.inb                                     3.3
in                                           0
gnd_logic                                    0
vdd_logic                                  3.3
x1.na                                   2.3661
x1.nb                              6.29579e-10
x1.nca                                       5
gnd_drv                            4.86392e-12
x1.ncb                             2.00041e-09
vdd_drv                                      5
x1.nbuf1                                     5
in_drv                             1.92199e-09
x2.n1                                        5
x2.n2                              3.87423e-09
x2.n3                                        5
x2.n4                              5.42024e-09
x2.n5                                        5
out                                5.74845e-09
outcap                             5.74845e-09
vimeas#branch                      6.77626e-21
vin#branch                                   0
vgnd_logic#branch                  5.29709e-09
vsup_drv#branch                   -5.16646e-09
vsup_logic#branch                 -1.27479e-10

 Reference value :  1.83466e-07
 Reference value :  4.32335e-07
 Reference value :  6.87535e-07
No. of Data Rows : 7033
trise10_90          =  7.60143e-09 targ=  3.14259e-08 trig=  2.38245e-08
tfall10_90          =  7.09345e-09 targ=  3.31486e-07 trig=  3.24393e-07
tpdlh               =  6.21746e-09 targ=  2.67175e-08 trig=  2.05000e-08
tpdhl               =  5.92222e-09 targ=  3.27422e-07 trig=  3.21500e-07
m_trise_s = 7.6014340000e-09
m_tfall_s = 7.0934450000e-09
m_tpdlh_s = 6.2174610000e-09
m_tpdhl_s = 5.9222150000e-09
m_ipeak_source_a = 7.3005341087e-01
m_ipeak_sink_a = 6.7476007867e-01
m_vout_max_v = 5.0041129982e+00
m_vout_min_v = -2.900161671e-03
m_vin_max_v = 3.3000000000e+00
m_vin_min_v = 0.0000000000e+00
m_indrv_max_v = 5.1247130429e+00
m_indrv_min_v = -3.183868777e-02
m_n1_max_v = 5.0409127840e+00
m_n1_min_v = -5.664126374e-02
m_n2_max_v = 5.0727677369e+00
m_n2_min_v = -3.973718318e-02
m_n3_max_v = 5.0426970799e+00
m_n3_min_v = -2.497454134e-02
m_n4_max_v = 5.0474356907e+00
m_n4_min_v = -2.584895840e-02
m_n5_max_v = 5.0467181174e+00
m_n5_min_v = -2.853199155e-02
Note: Simulation executed from .control section 

Note: vimeas: has no value, DC 0 assumed
