
Note: No compatibility mode selected!


Circuit: * gate-driver-core-drive @ tt_-40c_vlogic3p30v-vdrv6p00v -- generated by sim/harness, do not edit

Doing analysis at TEMP = -40.000000 and TNOM = 27.000000

Using SPARSE 1.3 as Direct Linear Solver

Initial Transient Solution
--------------------------

Node                                   Voltage
----                                   -------
x1.inb                                     3.3
in                                           0
gnd_logic                                    0
vdd_logic                                  3.3
x1.na                                  2.34444
x1.nb                              4.22112e-10
x1.nca                                       6
gnd_drv                            4.38651e-12
x1.ncb                             1.15751e-09
vdd_drv                                      6
x1.nbuf1                                     6
in_drv                             8.39177e-10
x2.n1                                        6
x2.n2                               1.6497e-09
x2.n3                                        6
x2.n4                              2.46059e-09
x2.n5                                        6
out                                2.60945e-09
outcap                             2.60945e-09
vimeas#branch                      1.69407e-21
vin#branch                                   0
vgnd_logic#branch                  4.39876e-09
vsup_drv#branch                   -4.38302e-09
vsup_logic#branch                 -3.31057e-12

 Reference value :  2.05985e-07
 Reference value :  5.44685e-07
No. of Data Rows : 7053
trise10_90          =  3.76715e-09 targ=  2.59115e-08 trig=  2.21444e-08
tfall10_90          =  3.84563e-09 targ=  3.26889e-07 trig=  3.23043e-07
tpdlh               =  3.16579e-09 targ=  2.36658e-08 trig=  2.05000e-08
tpdhl               =  3.31018e-09 targ=  3.24810e-07 trig=  3.21500e-07
m_trise_s = 3.7671520000e-09
m_tfall_s = 3.8456270000e-09
m_tpdlh_s = 3.1657870000e-09
m_tpdhl_s = 3.3101810000e-09
m_ipeak_source_a = 1.6437122154e+00
m_ipeak_sink_a = 1.3883136187e+00
m_vout_max_v = 6.0035240530e+00
m_vout_min_v = -2.544583017e-03
m_vin_max_v = 3.3000000000e+00
m_vin_min_v = 0.0000000000e+00
m_indrv_max_v = 6.0137349441e+00
m_indrv_min_v = -5.313521151e-02
m_n1_max_v = 6.0532128154e+00
m_n1_min_v = -2.267725951e-02
m_n2_max_v = 6.0462714397e+00
m_n2_min_v = -3.997135441e-02
m_n3_max_v = 6.0292266757e+00
m_n3_min_v = -2.859378259e-02
m_n4_max_v = 6.0416054323e+00
m_n4_min_v = -2.119682713e-02
m_n5_max_v = 6.0402408886e+00
m_n5_min_v = -2.685847915e-02
Note: Simulation executed from .control section 

Note: vimeas: has no value, DC 0 assumed
