
Note: No compatibility mode selected!


Circuit: * gate-driver-core-drive @ tt_-40c_vlogic3p63v-vdrv5p50v -- generated by sim/harness, do not edit

Doing analysis at TEMP = -40.000000 and TNOM = 27.000000

Using SPARSE 1.3 as Direct Linear Solver

Initial Transient Solution
--------------------------

Node                                   Voltage
----                                   -------
x1.inb                                    3.63
in                                           0
gnd_logic                                    0
vdd_logic                                 3.63
x1.na                                  2.61445
x1.nb                               3.7637e-10
x1.nca                                     5.5
gnd_drv                            4.02067e-12
x1.ncb                             9.97694e-10
vdd_drv                                    5.5
x1.nbuf1                                   5.5
in_drv                             7.98352e-10
x2.n1                                      5.5
x2.n2                              1.56971e-09
x2.n3                                      5.5
x2.n4                              2.34148e-09
x2.n5                                      5.5
out                                2.48314e-09
outcap                             2.48314e-09
vimeas#branch                      1.69407e-21
vin#branch                                   0
vgnd_logic#branch                  4.03298e-09
vsup_drv#branch                   -4.01785e-09
vsup_logic#branch                 -3.64128e-12

 Reference value :  1.88416e-07
 Reference value :  4.57940e-07
No. of Data Rows : 7054
trise10_90          =  3.95842e-09 targ=  2.62172e-08 trig=  2.22587e-08
tfall10_90          =  3.96802e-09 targ=  3.27049e-07 trig=  3.23081e-07
tpdlh               =  3.35813e-09 targ=  2.38581e-08 trig=  2.05000e-08
tpdhl               =  3.40211e-09 targ=  3.24902e-07 trig=  3.21500e-07
m_trise_s = 3.9584220000e-09
m_tfall_s = 3.9680150000e-09
m_tpdlh_s = 3.3581310000e-09
m_tpdhl_s = 3.4021120000e-09
m_ipeak_source_a = 1.4412773370e+00
m_ipeak_sink_a = 1.2224167636e+00
m_vout_max_v = 5.5038303041e+00
m_vout_min_v = -2.474283823e-03
m_vin_max_v = 3.6300000000e+00
m_vin_min_v = 0.0000000000e+00
m_indrv_max_v = 5.5459042160e+00
m_indrv_min_v = -2.677898342e-02
m_n1_max_v = 5.5951945876e+00
m_n1_min_v = -3.056310229e-02
m_n2_max_v = 5.5644024074e+00
m_n2_min_v = -3.985947059e-02
m_n3_max_v = 5.5457139481e+00
m_n3_min_v = -2.932556059e-02
m_n4_max_v = 5.5347144439e+00
m_n4_min_v = -2.560732691e-02
m_n5_max_v = 5.5419352836e+00
m_n5_min_v = -2.084330563e-02
Note: Simulation executed from .control section 

Note: vimeas: has no value, DC 0 assumed
