
Note: No compatibility mode selected!


Circuit: * gate-driver-core-drive @ tt_27c_vlogic3p63v-vdrv5p50v -- generated by sim/harness, do not edit

Doing analysis at TEMP = 27.000000 and TNOM = 27.000000

Using SPARSE 1.3 as Direct Linear Solver

Initial Transient Solution
--------------------------

Node                                   Voltage
----                                   -------
x1.inb                                    3.63
in                                           0
gnd_logic                                    0
vdd_logic                                 3.63
x1.na                                  2.70975
x1.nb                              4.55705e-10
x1.nca                                     5.5
gnd_drv                            4.03831e-12
x1.ncb                             1.26306e-09
vdd_drv                                    5.5
x1.nbuf1                                   5.5
in_drv                             1.05314e-09
x2.n1                                      5.5
x2.n2                              2.07133e-09
x2.n3                                      5.5
x2.n4                              3.09032e-09
x2.n5                                      5.5
out                                3.27737e-09
outcap                             3.27737e-09
vimeas#branch                                0
vin#branch                                   0
vgnd_logic#branch                  4.06717e-09
vsup_drv#branch                   -4.05471e-09
vsup_logic#branch                 -9.28929e-12

 Reference value :  1.88816e-07
 Reference value :  5.26573e-07
No. of Data Rows : 7046
trise10_90          =  4.73961e-09 targ=  2.72762e-08 trig=  2.25366e-08
tfall10_90          =  4.61288e-09 targ=  3.27924e-07 trig=  3.23311e-07
tpdlh               =  3.88197e-09 targ=  2.43820e-08 trig=  2.05000e-08
tpdhl               =  3.85389e-09 targ=  3.25354e-07 trig=  3.21500e-07
m_trise_s = 4.7396140000e-09
m_tfall_s = 4.6128840000e-09
m_tpdlh_s = 3.8819680000e-09
m_tpdhl_s = 3.8538940000e-09
m_ipeak_source_a = 1.2519178538e+00
m_ipeak_sink_a = 1.1009195212e+00
m_vout_max_v = 5.5035576733e+00
m_vout_min_v = -2.463267557e-03
m_vin_max_v = 3.6300000000e+00
m_vin_min_v = 0.0000000000e+00
m_indrv_max_v = 5.5784561528e+00
m_indrv_min_v = -2.526517550e-02
m_n1_max_v = 5.5581992536e+00
m_n1_min_v = -3.552543046e-02
m_n2_max_v = 5.5699273841e+00
m_n2_min_v = -3.789492927e-02
m_n3_max_v = 5.5446318801e+00
m_n3_min_v = -2.874929621e-02
m_n4_max_v = 5.5405205284e+00
m_n4_min_v = -1.882011328e-02
m_n5_max_v = 5.5429547168e+00
m_n5_min_v = -2.415396783e-02
Note: Simulation executed from .control section 

Note: vimeas: has no value, DC 0 assumed
