
Note: No compatibility mode selected!


Circuit: * level-shifter-oxide-safety @ ff_-40c_vlogic3p30v-vdrv6p00v -- generated by sim/harness, do not edit

Doing analysis at TEMP = -40.000000 and TNOM = 27.000000

Using SPARSE 1.3 as Direct Linear Solver

Initial Transient Solution
--------------------------

Node                                   Voltage
----                                   -------
inb                                        3.3
in                                           0
gnd_logic                                    0
vdd_logic                                  3.3
na                                     2.31989
nb                                 3.60507e-07
nca                                    5.99998
gnd_drv                            2.03364e-11
ncb                                9.46294e-07
vdd_drv                                      6
nbuf1                                  5.99999
out                                5.54602e-07
nccomp1                            8.48371e-07
nccomp2                            7.50448e-07
nccomp3                            6.52525e-07
vin#branch                                   0
vgnd_logic#branch                  3.19576e-08
vsup_drv#branch                   -2.86573e-08
vsup_logic#branch                 -3.30026e-09

 Reference value :  6.29381e-08
 Reference value :  1.44538e-07
No. of Data Rows : 10313
mq1                 =  3.30529e+00 at=  1.41064e-07
mq2                 =  3.30000e+00 at=  2.00000e-07
mq3                 =  3.30000e+00 at=  1.80000e-07
mq4                 =  3.30034e+00 at=  1.00795e-07
mq5                 =  3.31994e+00 at=  1.80068e-07
mq6                 =  3.31999e+00 at=  1.80068e-07
na_peak             =  2.40573e+00 at=  2.00788e-08
nb_peak             =  2.38596e+00 at=  1.40787e-07
mvc1                =  1.40840e+00 at=  1.40949e-07
mvc2                =  1.40840e+00 at=  1.40949e-07
mvc3                =  1.40840e+00 at=  1.40949e-07
mvc4                =  1.40840e+00 at=  1.40949e-07
vccomp_stack        =  5.63362e+00 at=  1.40949e-07
t_plh               =  4.51277e-10 targ=  2.07013e-08 trig=  2.02500e-08
t_phl               =  2.71711e-10 targ=  6.10217e-08 trig=  6.07500e-08
vout_hi_abs         =  6.00000e+00
vout_lo_abs         =  5.54602e-07
vdrv_now            =  6.00000e+00
m_vgate_thinox_max = 3.3199850000e+00
m_vna_peak = 2.4057330000e+00
m_vnb_peak = 2.3859640000e+00
m_vccomp_dev_max = 1.4084050000e+00
m_vccomp_stack_max = 5.6336200000e+00
m_t_plh_ns = 4.5127720000e-01
m_t_phl_ns = 2.7171120000e-01
m_vout_hi_ratio = 9.9999966667e-01
m_vout_lo_ratio = 9.2433683333e-08
Note: Simulation executed from .control section 

