
Note: No compatibility mode selected!


Circuit: * level-shifter-oxide-safety @ ff_125c_vlogic3p30v-vdrv5p00v -- generated by sim/harness, do not edit

Doing analysis at TEMP = 125.000000 and TNOM = 27.000000

Using SPARSE 1.3 as Direct Linear Solver

Initial Transient Solution
--------------------------

Node                                   Voltage
----                                   -------
inb                                    3.29999
in                                           0
gnd_logic                                    0
vdd_logic                                  3.3
na                                     2.44787
nb                                 4.60915e-07
nca                                    4.99991
gnd_drv                             1.8365e-11
ncb                                 1.3119e-06
vdd_drv                                      5
nbuf1                                  4.99999
out                                9.09961e-07
nccomp1                            1.21141e-06
nccomp2                            1.11093e-06
nccomp3                            1.01045e-06
vin#branch                                   0
vgnd_logic#branch                  6.56781e-08
vsup_drv#branch                   -5.11104e-08
vsup_logic#branch                 -1.45676e-08

 Reference value :  6.31372e-08
 Reference value :  1.46597e-07
No. of Data Rows : 10215
mq1                 =  3.30368e+00 at=  6.11828e-08
mq2                 =  3.30000e+00 at=  2.00000e-07
mq3                 =  3.30000e+00 at=  1.80000e-07
mq4                 =  3.30009e+00 at=  1.01153e-07
mq5                 =  3.32439e+00 at=  2.00568e-08
mq6                 =  3.32459e+00 at=  2.00568e-08
na_peak             =  2.50604e+00 at=  2.00568e-08
nb_peak             =  2.48575e+00 at=  1.40754e-07
mvc1                =  1.16711e+00 at=  1.40989e-07
mvc2                =  1.16711e+00 at=  1.40989e-07
mvc3                =  1.16711e+00 at=  1.40989e-07
mvc4                =  1.16711e+00 at=  1.40989e-07
vccomp_stack        =  4.66843e+00 at=  1.40989e-07
t_plh               =  7.25754e-10 targ=  2.09758e-08 trig=  2.02500e-08
t_phl               =  3.48157e-10 targ=  6.10982e-08 trig=  6.07500e-08
vout_hi_abs         =  5.00000e+00
vout_lo_abs         =  9.09961e-07
vdrv_now            =  5.00000e+00
m_vgate_thinox_max = 3.3245880000e+00
m_vna_peak = 2.5060430000e+00
m_vnb_peak = 2.4857500000e+00
m_vccomp_dev_max = 1.1671060000e+00
m_vccomp_stack_max = 4.6684260000e+00
m_t_plh_ns = 7.2575410000e-01
m_t_phl_ns = 3.4815700000e-01
m_vout_hi_ratio = 9.9999920000e-01
m_vout_lo_ratio = 1.8199224000e-07
Note: Simulation executed from .control section 

