
Note: No compatibility mode selected!


Circuit: * level-shifter-oxide-safety @ ff_125c_vlogic2p97v-vdrv4p50v -- generated by sim/harness, do not edit

Doing analysis at TEMP = 125.000000 and TNOM = 27.000000

Using SPARSE 1.3 as Direct Linear Solver

Initial Transient Solution
--------------------------

Node                                   Voltage
----                                   -------
inb                                    2.96999
in                                           0
gnd_logic                                    0
vdd_logic                                 2.97
na                                     2.17409
nb                                 4.36093e-07
nca                                    4.49992
gnd_drv                            1.64872e-11
ncb                                1.26454e-06
vdd_drv                                    4.5
nbuf1                                  4.49999
out                                8.57648e-07
nccomp1                            1.16282e-06
nccomp2                             1.0611e-06
nccomp3                            9.59371e-07
vin#branch                                   0
vgnd_logic#branch                  5.57357e-08
vsup_drv#branch                   -4.39743e-08
vsup_logic#branch                 -1.17613e-08

 Reference value :  6.63681e-08
 Reference value :  1.49449e-07
No. of Data Rows : 10197
mq1                 =  2.97335e+00 at=  1.41213e-07
mq2                 =  2.97000e+00 at=  2.00000e-07
mq3                 =  2.97000e+00 at=  1.80000e-07
mq4                 =  2.97008e+00 at=  1.81218e-07
mq5                 =  2.99403e+00 at=  2.00608e-08
mq6                 =  2.99424e+00 at=  2.00608e-08
na_peak             =  2.23150e+00 at=  2.00608e-08
nb_peak             =  2.20982e+00 at=  1.40771e-07
mvc1                =  1.05602e+00 at=  1.41015e-07
mvc2                =  1.05602e+00 at=  1.41015e-07
mvc3                =  1.05602e+00 at=  1.41015e-07
mvc4                =  1.05602e+00 at=  1.41015e-07
vccomp_stack        =  4.22408e+00 at=  1.41015e-07
t_plh               =  7.54773e-10 targ=  2.10326e-08 trig=  2.02778e-08
t_phl               =  3.99422e-10 targ=  6.11216e-08 trig=  6.07222e-08
vout_hi_abs         =  4.50000e+00
vout_lo_abs         =  8.57648e-07
vdrv_now            =  4.50000e+00
m_vgate_thinox_max = 2.9942410000e+00
m_vna_peak = 2.2315030000e+00
m_vnb_peak = 2.2098160000e+00
m_vccomp_dev_max = 1.0560210000e+00
m_vccomp_stack_max = 4.2240820000e+00
m_t_plh_ns = 7.5477260000e-01
m_t_phl_ns = 3.9942160000e-01
m_vout_hi_ratio = 9.9999911111e-01
m_vout_lo_ratio = 1.9058833333e-07
Note: Simulation executed from .control section 

