
Note: No compatibility mode selected!


Circuit: * level-shifter-oxide-safety @ ff_27c_vlogic2p97v-vdrv4p50v -- generated by sim/harness, do not edit

Doing analysis at TEMP = 27.000000 and TNOM = 27.000000

Using SPARSE 1.3 as Direct Linear Solver

Initial Transient Solution
--------------------------

Node                                   Voltage
----                                   -------
inb                                       2.97
in                                           0
gnd_logic                                    0
vdd_logic                                 2.97
na                                     2.11068
nb                                 3.39079e-07
nca                                    4.49998
gnd_drv                            1.56154e-11
ncb                                9.51593e-07
vdd_drv                                    4.5
nbuf1                                  4.49999
out                                6.13921e-07
nccomp1                            8.67175e-07
nccomp2                            7.82757e-07
nccomp3                            6.98339e-07
vin#branch                                   0
vgnd_logic#branch                   2.5374e-08
vsup_drv#branch                   -2.23434e-08
vsup_logic#branch                 -3.03059e-09

 Reference value :  6.45868e-08
 Reference value :  1.47387e-07
No. of Data Rows : 10240
mq1                 =  2.97371e+00 at=  1.41142e-07
mq2                 =  2.97000e+00 at=  2.00000e-07
mq3                 =  2.97000e+00 at=  1.80000e-07
mq4                 =  2.97014e+00 at=  2.10413e-08
mq5                 =  2.99178e+00 at=  2.00622e-08
mq6                 =  2.99192e+00 at=  2.00622e-08
na_peak             =  2.18572e+00 at=  2.00822e-08
nb_peak             =  2.14452e+00 at=  1.40789e-07
mvc1                =  1.07307e+00 at=  1.40983e-07
mvc2                =  1.07307e+00 at=  1.40983e-07
mvc3                =  1.07307e+00 at=  1.40983e-07
mvc4                =  1.07307e+00 at=  1.40983e-07
vccomp_stack        =  4.29230e+00 at=  1.40983e-07
t_plh               =  6.20187e-10 targ=  2.08980e-08 trig=  2.02778e-08
t_phl               =  3.50540e-10 targ=  6.10728e-08 trig=  6.07222e-08
vout_hi_abs         =  4.50000e+00
vout_lo_abs         =  6.13921e-07
vdrv_now            =  4.50000e+00
m_vgate_thinox_max = 2.9919200000e+00
m_vna_peak = 2.1857210000e+00
m_vnb_peak = 2.1445180000e+00
m_vccomp_dev_max = 1.0730740000e+00
m_vccomp_stack_max = 4.2922980000e+00
m_t_plh_ns = 6.2018720000e-01
m_t_phl_ns = 3.5054030000e-01
m_vout_hi_ratio = 9.9999955556e-01
m_vout_lo_ratio = 1.3642693333e-07
Note: Simulation executed from .control section 

