
Note: No compatibility mode selected!


Circuit: * level-shifter-oxide-safety @ ff_27c_vlogic3p63v-vdrv5p50v -- generated by sim/harness, do not edit

Doing analysis at TEMP = 27.000000 and TNOM = 27.000000

Using SPARSE 1.3 as Direct Linear Solver

Initial Transient Solution
--------------------------

Node                                   Voltage
----                                   -------
inb                                       3.63
in                                           0
gnd_logic                                    0
vdd_logic                                 3.63
na                                     2.67407
nb                                  3.8704e-07
nca                                    5.49998
gnd_drv                            1.91807e-11
ncb                                1.02904e-06
vdd_drv                                    5.5
nbuf1                                  5.49999
out                                6.86684e-07
nccomp1                            9.43453e-07
nccomp2                            8.57863e-07
nccomp3                            7.72274e-07
vin#branch                                   0
vgnd_logic#branch                  3.12965e-08
vsup_drv#branch                   -2.75509e-08
vsup_logic#branch                 -3.74558e-09

 Reference value :  6.31210e-08
 Reference value :  1.42321e-07
No. of Data Rows : 10273
mq1                 =  3.63465e+00 at=  1.41096e-07
mq2                 =  3.63000e+00 at=  2.00000e-07
mq3                 =  3.63000e+00 at=  1.80000e-07
mq4                 =  3.63016e+00 at=  2.09497e-08
mq5                 =  3.65312e+00 at=  1.80057e-07
mq6                 =  3.65324e+00 at=  1.80057e-07
na_peak             =  2.74232e+00 at=  2.00547e-08
nb_peak             =  2.70833e+00 at=  1.40763e-07
mvc1                =  1.29709e+00 at=  6.09522e-08
mvc2                =  1.29709e+00 at=  6.09522e-08
mvc3                =  1.29709e+00 at=  6.09522e-08
mvc4                =  1.29709e+00 at=  6.09522e-08
vccomp_stack        =  5.18834e+00 at=  6.09522e-08
t_plh               =  5.98197e-10 targ=  2.08255e-08 trig=  2.02273e-08
t_phl               =  2.64369e-10 targ=  6.10371e-08 trig=  6.07727e-08
vout_hi_abs         =  5.50000e+00
vout_lo_abs         =  6.86684e-07
vdrv_now            =  5.50000e+00
m_vgate_thinox_max = 3.6532360000e+00
m_vna_peak = 2.7423230000e+00
m_vnb_peak = 2.7083280000e+00
m_vccomp_dev_max = 1.2970850000e+00
m_vccomp_stack_max = 5.1883410000e+00
m_t_plh_ns = 5.9819660000e-01
m_t_phl_ns = 2.6436910000e-01
m_vout_hi_ratio = 9.9999963636e-01
m_vout_lo_ratio = 1.2485160000e-07
Note: Simulation executed from .control section 

