
Note: No compatibility mode selected!


Circuit: * level-shifter-oxide-safety @ fs_27c_vlogic3p63v-vdrv5p50v -- generated by sim/harness, do not edit

Doing analysis at TEMP = 27.000000 and TNOM = 27.000000

Using SPARSE 1.3 as Direct Linear Solver

Initial Transient Solution
--------------------------

Node                                   Voltage
----                                   -------
inb                                       3.63
in                                           0
gnd_logic                                    0
vdd_logic                                 3.63
na                                     2.63966
nb                                 3.95407e-07
nca                                    5.49997
gnd_drv                            1.91438e-11
ncb                                1.06305e-06
vdd_drv                                    5.5
nbuf1                                  5.49999
out                                7.08162e-07
nccomp1                            9.74326e-07
nccomp2                            8.85605e-07
nccomp3                            7.96883e-07
vin#branch                                   0
vgnd_logic#branch                  3.10629e-08
vsup_drv#branch                   -2.73773e-08
vsup_logic#branch                 -3.68555e-09

 Reference value :  6.50119e-08
 Reference value :  1.47783e-07
No. of Data Rows : 10264
mq1                 =  3.63503e+00 at=  1.41178e-07
mq2                 =  3.63000e+00 at=  2.00000e-07
mq3                 =  3.63000e+00 at=  1.80000e-07
mq4                 =  3.63007e+00 at=  2.11565e-08
mq5                 =  3.65767e+00 at=  1.00070e-07
mq6                 =  3.65776e+00 at=  1.80055e-07
na_peak             =  2.71949e+00 at=  2.00737e-08
nb_peak             =  2.68491e+00 at=  1.40804e-07
mvc1                =  1.31857e+00 at=  1.41000e-07
mvc2                =  1.31857e+00 at=  1.41000e-07
mvc3                =  1.31857e+00 at=  1.41000e-07
mvc4                =  1.31857e+00 at=  1.41000e-07
vccomp_stack        =  5.27429e+00 at=  1.41000e-07
t_plh               =  7.44046e-10 targ=  2.09713e-08 trig=  2.02273e-08
t_phl               =  3.38496e-10 targ=  6.11112e-08 trig=  6.07727e-08
vout_hi_abs         =  5.50000e+00
vout_lo_abs         =  7.08162e-07
vdrv_now            =  5.50000e+00
m_vgate_thinox_max = 3.6577630000e+00
m_vna_peak = 2.7194910000e+00
m_vnb_peak = 2.6849090000e+00
m_vccomp_dev_max = 1.3185720000e+00
m_vccomp_stack_max = 5.2742900000e+00
m_t_plh_ns = 7.4404550000e-01
m_t_phl_ns = 3.3849600000e-01
m_vout_hi_ratio = 9.9999945455e-01
m_vout_lo_ratio = 1.2875676364e-07
Note: Simulation executed from .control section 

