
Note: No compatibility mode selected!


Circuit: * level-shifter-oxide-safety @ sf_125c_vlogic3p30v-vdrv5p00v -- generated by sim/harness, do not edit

Doing analysis at TEMP = 125.000000 and TNOM = 27.000000

Using SPARSE 1.3 as Direct Linear Solver

Initial Transient Solution
--------------------------

Node                                   Voltage
----                                   -------
inb                                        3.3
in                                           0
gnd_logic                                    0
vdd_logic                                  3.3
na                                     2.29872
nb                                 5.33423e-07
nca                                    4.99997
gnd_drv                            1.73482e-11
ncb                                1.66532e-06
vdd_drv                                      5
nbuf1                                  4.99999
out                                1.13301e-06
nccomp1                            1.53224e-06
nccomp2                            1.39916e-06
nccomp3                            1.26609e-06
vin#branch                                   0
vgnd_logic#branch                   2.8637e-08
vsup_drv#branch                   -2.51284e-08
vsup_logic#branch                 -3.50865e-09

 Reference value :  1.01057e-07
No. of Data Rows : 10194
mq1                 =  3.30348e+00 at=  1.41279e-07
mq2                 =  3.30000e+00 at=  2.00000e-07
mq3                 =  3.30000e+00 at=  1.80000e-07
mq4                 =  3.30031e+00 at=  1.01300e-07
mq5                 =  3.32875e+00 at=  1.00084e-07
mq6                 =  3.32891e+00 at=  1.00084e-07
na_peak             =  2.39852e+00 at=  2.00950e-08
nb_peak             =  2.33509e+00 at=  1.40782e-07
mvc1                =  1.16536e+00 at=  6.10460e-08
mvc2                =  1.16536e+00 at=  6.10460e-08
mvc3                =  1.16536e+00 at=  6.10460e-08
mvc4                =  1.16536e+00 at=  6.10460e-08
vccomp_stack        =  4.66144e+00 at=  6.10460e-08
t_plh               =  8.68855e-10 targ=  2.11189e-08 trig=  2.02500e-08
t_phl               =  4.27318e-10 targ=  6.11773e-08 trig=  6.07500e-08
vout_hi_abs         =  5.00000e+00
vout_lo_abs         =  1.13301e-06
vdrv_now            =  5.00000e+00
m_vgate_thinox_max = 3.3289090000e+00
m_vna_peak = 2.3985230000e+00
m_vnb_peak = 2.3350880000e+00
m_vccomp_dev_max = 1.1653590000e+00
m_vccomp_stack_max = 4.6614360000e+00
m_t_plh_ns = 8.6885490000e-01
m_t_phl_ns = 4.2731770000e-01
m_vout_hi_ratio = 9.9999940000e-01
m_vout_lo_ratio = 2.2660200000e-07
Note: Simulation executed from .control section 

