
Note: No compatibility mode selected!


Circuit: * level-shifter-oxide-safety @ sf_125c_vlogic2p97v-vdrv4p50v -- generated by sim/harness, do not edit

Doing analysis at TEMP = 125.000000 and TNOM = 27.000000

Using SPARSE 1.3 as Direct Linear Solver

Initial Transient Solution
--------------------------

Node                                   Voltage
----                                   -------
inb                                       2.97
in                                           0
gnd_logic                                    0
vdd_logic                                 2.97
na                                      2.0295
nb                                 5.10862e-07
nca                                    4.49997
gnd_drv                            1.55744e-11
ncb                                1.63169e-06
vdd_drv                                    4.5
nbuf1                                  4.49999
out                                1.08392e-06
nccomp1                            1.49475e-06
nccomp2                             1.3578e-06
nccomp3                            1.22086e-06
vin#branch                                   0
vgnd_logic#branch                  2.56534e-08
vsup_drv#branch                    -2.2514e-08
vsup_logic#branch                 -3.13943e-09

 Reference value :  9.84774e-08
No. of Data Rows : 10175
mq1                 =  2.97308e+00 at=  1.41318e-07
mq2                 =  2.97000e+00 at=  2.00000e-07
mq3                 =  2.97000e+00 at=  1.80000e-07
mq4                 =  2.97027e+00 at=  2.13687e-08
mq5                 =  2.99826e+00 at=  1.00088e-07
mq6                 =  2.99847e+00 at=  1.00088e-07
na_peak             =  2.12908e+00 at=  2.00987e-08
nb_peak             =  2.06220e+00 at=  1.40789e-07
mvc1                =  1.05506e+00 at=  1.41083e-07
mvc2                =  1.05506e+00 at=  1.41083e-07
mvc3                =  1.05506e+00 at=  1.41083e-07
mvc4                =  1.05506e+00 at=  1.41083e-07
vccomp_stack        =  4.22022e+00 at=  1.41083e-07
t_plh               =  9.15108e-10 targ=  2.11929e-08 trig=  2.02778e-08
t_phl               =  4.89353e-10 targ=  6.12116e-08 trig=  6.07222e-08
vout_hi_abs         =  4.50000e+00
vout_lo_abs         =  1.08392e-06
vdrv_now            =  4.50000e+00
m_vgate_thinox_max = 2.9984680000e+00
m_vna_peak = 2.1290850000e+00
m_vnb_peak = 2.0622050000e+00
m_vccomp_dev_max = 1.0550560000e+00
m_vccomp_stack_max = 4.2202250000e+00
m_t_plh_ns = 9.1510760000e-01
m_t_phl_ns = 4.8935320000e-01
m_vout_hi_ratio = 9.9999933333e-01
m_vout_lo_ratio = 2.4087066667e-07
Note: Simulation executed from .control section 

