
Note: No compatibility mode selected!


Circuit: * level-shifter-oxide-safety @ sf_125c_vlogic3p30v-vdrv6p00v -- generated by sim/harness, do not edit

Doing analysis at TEMP = 125.000000 and TNOM = 27.000000

Using SPARSE 1.3 as Direct Linear Solver

Initial Transient Solution
--------------------------

Node                                   Voltage
----                                   -------
inb                                        3.3
in                                           0
gnd_logic                                    0
vdd_logic                                  3.3
na                                     2.31222
nb                                 6.40141e-07
nca                                    5.99997
gnd_drv                            2.03886e-11
ncb                                1.99849e-06
vdd_drv                                      6
nbuf1                                  5.99999
out                                1.25145e-06
nccomp1                            1.81173e-06
nccomp2                            1.62497e-06
nccomp3                            1.43821e-06
vin#branch                                   0
vgnd_logic#branch                  3.26966e-08
vsup_drv#branch                   -2.91879e-08
vsup_logic#branch                 -3.50865e-09

 Reference value :  9.95585e-08
No. of Data Rows : 10210
mq1                 =  3.30324e+00 at=  1.41257e-07
mq2                 =  3.30000e+00 at=  2.00000e-07
mq3                 =  3.30000e+00 at=  1.80000e-07
mq4                 =  3.30044e+00 at=  1.01144e-07
mq5                 =  3.32876e+00 at=  1.80084e-07
mq6                 =  3.32892e+00 at=  1.80084e-07
na_peak             =  2.41198e+00 at=  2.00950e-08
nb_peak             =  2.34885e+00 at=  1.40782e-07
mvc1                =  1.35269e+00 at=  1.41063e-07
mvc2                =  1.35269e+00 at=  1.41063e-07
mvc3                =  1.35269e+00 at=  1.41063e-07
mvc4                =  1.35269e+00 at=  1.41063e-07
vccomp_stack        =  5.41074e+00 at=  1.41063e-07
t_plh               =  7.32652e-10 targ=  2.09827e-08 trig=  2.02500e-08
t_phl               =  4.29211e-10 targ=  6.11792e-08 trig=  6.07500e-08
vout_hi_abs         =  6.00000e+00
vout_lo_abs         =  1.25145e-06
vdrv_now            =  6.00000e+00
m_vgate_thinox_max = 3.3289220000e+00
m_vna_peak = 2.4119760000e+00
m_vnb_peak = 2.3488540000e+00
m_vccomp_dev_max = 1.3526860000e+00
m_vccomp_stack_max = 5.4107420000e+00
m_t_plh_ns = 7.3265240000e-01
m_t_phl_ns = 4.2921100000e-01
m_vout_hi_ratio = 9.9999950000e-01
m_vout_lo_ratio = 2.0857500000e-07
Note: Simulation executed from .control section 

