
Note: No compatibility mode selected!


Circuit: * level-shifter-oxide-safety @ sf_27c_vlogic3p30v-vdrv6p00v -- generated by sim/harness, do not edit

Doing analysis at TEMP = 27.000000 and TNOM = 27.000000

Using SPARSE 1.3 as Direct Linear Solver

Initial Transient Solution
--------------------------

Node                                   Voltage
----                                   -------
inb                                        3.3
in                                           0
gnd_logic                                    0
vdd_logic                                  3.3
na                                     2.19035
nb                                 4.94555e-07
nca                                    5.99998
gnd_drv                            2.02117e-11
ncb                                 1.4782e-06
vdd_drv                                      6
nbuf1                                  5.99999
out                                8.78265e-07
nccomp1                            1.32822e-06
nccomp2                            1.17823e-06
nccomp3                            1.02825e-06
vin#branch                                   0
vgnd_logic#branch                  3.17039e-08
vsup_drv#branch                   -2.84035e-08
vsup_logic#branch                 -3.30047e-09

 Reference value :  6.58590e-08
 Reference value :  1.50899e-07
No. of Data Rows : 10257
mq1                 =  3.30397e+00 at=  1.41185e-07
mq2                 =  3.30000e+00 at=  2.00000e-07
mq3                 =  3.30000e+00 at=  1.80000e-07
mq4                 =  3.30050e+00 at=  1.00993e-07
mq5                 =  3.32538e+00 at=  2.00942e-08
mq6                 =  3.32544e+00 at=  2.00942e-08
na_peak             =  2.30197e+00 at=  2.00942e-08
nb_peak             =  2.26941e+00 at=  6.07875e-08
mvc1                =  1.38093e+00 at=  1.41019e-07
mvc2                =  1.38093e+00 at=  1.41019e-07
mvc3                =  1.38093e+00 at=  1.41019e-07
mvc4                =  1.38093e+00 at=  1.41019e-07
vccomp_stack        =  5.52372e+00 at=  1.41019e-07
t_plh               =  6.20152e-10 targ=  2.08702e-08 trig=  2.02500e-08
t_phl               =  3.69210e-10 targ=  6.11192e-08 trig=  6.07500e-08
vout_hi_abs         =  6.00000e+00
vout_lo_abs         =  8.78265e-07
vdrv_now            =  6.00000e+00
m_vgate_thinox_max = 3.3254450000e+00
m_vna_peak = 2.3019740000e+00
m_vnb_peak = 2.2694080000e+00
m_vccomp_dev_max = 1.3809290000e+00
m_vccomp_stack_max = 5.5237170000e+00
m_t_plh_ns = 6.2015160000e-01
m_t_phl_ns = 3.6921030000e-01
m_vout_hi_ratio = 9.9999966667e-01
m_vout_lo_ratio = 1.4637746667e-07
Note: Simulation executed from .control section 

