
Note: No compatibility mode selected!


Circuit: * level-shifter-oxide-safety @ sf_27c_vlogic3p30v-vdrv5p00v -- generated by sim/harness, do not edit

Doing analysis at TEMP = 27.000000 and TNOM = 27.000000

Using SPARSE 1.3 as Direct Linear Solver

Initial Transient Solution
--------------------------

Node                                   Voltage
----                                   -------
inb                                        3.3
in                                           0
gnd_logic                                    0
vdd_logic                                  3.3
na                                     2.17841
nb                                 4.12129e-07
nca                                    4.99998
gnd_drv                            1.71809e-11
ncb                                1.23183e-06
vdd_drv                                      5
nbuf1                                  4.99999
out                                  8.006e-07
nccomp1                            1.12402e-06
nccomp2                            1.01622e-06
nccomp3                            9.08408e-07
vin#branch                                   0
vgnd_logic#branch                  2.76611e-08
vsup_drv#branch                   -2.43606e-08
vsup_logic#branch                 -3.30047e-09

 Reference value :  6.36909e-08
 Reference value :  1.47611e-07
No. of Data Rows : 10234
mq1                 =  3.30403e+00 at=  6.11938e-08
mq2                 =  3.30000e+00 at=  2.00000e-07
mq3                 =  3.30000e+00 at=  1.80000e-07
mq4                 =  3.30037e+00 at=  1.01106e-07
mq5                 =  3.32538e+00 at=  1.00091e-07
mq6                 =  3.32547e+00 at=  1.00091e-07
na_peak             =  2.28999e+00 at=  2.00942e-08
nb_peak             =  2.25724e+00 at=  1.40788e-07
mvc1                =  1.18633e+00 at=  6.10104e-08
mvc2                =  1.18633e+00 at=  6.10104e-08
mvc3                =  1.18633e+00 at=  6.10104e-08
mvc4                =  1.18633e+00 at=  6.10104e-08
vccomp_stack        =  4.74532e+00 at=  6.10104e-08
t_plh               =  7.25746e-10 targ=  2.09757e-08 trig=  2.02500e-08
t_phl               =  3.65957e-10 targ=  6.11160e-08 trig=  6.07500e-08
vout_hi_abs         =  5.00000e+00
vout_lo_abs         =  8.00600e-07
vdrv_now            =  5.00000e+00
m_vgate_thinox_max = 3.3254660000e+00
m_vna_peak = 2.2899930000e+00
m_vnb_peak = 2.2572370000e+00
m_vccomp_dev_max = 1.1863300000e+00
m_vccomp_stack_max = 4.7453200000e+00
m_t_plh_ns = 7.2574610000e-01
m_t_phl_ns = 3.6595690000e-01
m_vout_hi_ratio = 9.9999960000e-01
m_vout_lo_ratio = 1.6011998000e-07
Note: Simulation executed from .control section 

