
Note: No compatibility mode selected!


Circuit: * level-shifter-oxide-safety @ ss_125c_vlogic3p30v-vdrv6p00v -- generated by sim/harness, do not edit

Doing analysis at TEMP = 125.000000 and TNOM = 27.000000

Using SPARSE 1.3 as Direct Linear Solver

Initial Transient Solution
--------------------------

Node                                   Voltage
----                                   -------
inb                                        3.3
in                                           0
gnd_logic                                    0
vdd_logic                                  3.3
na                                     2.27854
nb                                 6.58376e-07
nca                                    5.99996
gnd_drv                            2.03104e-11
ncb                                2.09191e-06
vdd_drv                                      6
nbuf1                                  5.99999
out                                1.29793e-06
nccomp1                            1.89341e-06
nccomp2                            1.69492e-06
nccomp3                            1.49642e-06
vin#branch                                   0
vgnd_logic#branch                  3.22967e-08
vsup_drv#branch                   -2.88725e-08
vsup_logic#branch                 -3.42418e-09

 Reference value :  6.33491e-08
 Reference value :  1.46329e-07
No. of Data Rows : 10203
mq1                 =  3.30472e+00 at=  6.13789e-08
mq2                 =  3.30000e+00 at=  2.00000e-07
mq3                 =  3.30000e+00 at=  1.80000e-07
mq4                 =  3.30029e+00 at=  2.14166e-08
mq5                 =  3.33555e+00 at=  1.00092e-07
mq6                 =  3.33577e+00 at=  1.00092e-07
na_peak             =  2.38745e+00 at=  2.00946e-08
nb_peak             =  2.32213e+00 at=  1.40820e-07
mvc1                =  1.39900e+00 at=  1.41141e-07
mvc2                =  1.39900e+00 at=  1.41141e-07
mvc3                =  1.39900e+00 at=  1.41141e-07
mvc4                =  1.39900e+00 at=  1.41141e-07
vccomp_stack        =  5.59599e+00 at=  1.41141e-07
t_plh               =  9.42717e-10 targ=  2.11927e-08 trig=  2.02500e-08
t_phl               =  5.35659e-10 targ=  6.12857e-08 trig=  6.07500e-08
vout_hi_abs         =  6.00000e+00
vout_lo_abs         =  1.29793e-06
vdrv_now            =  6.00000e+00
m_vgate_thinox_max = 3.3357710000e+00
m_vna_peak = 2.3874490000e+00
m_vnb_peak = 2.3221300000e+00
m_vccomp_dev_max = 1.3989970000e+00
m_vccomp_stack_max = 5.5959890000e+00
m_t_plh_ns = 9.4271690000e-01
m_t_phl_ns = 5.3565860000e-01
m_vout_hi_ratio = 9.9999933333e-01
m_vout_lo_ratio = 2.1632100000e-07
Note: Simulation executed from .control section 

