
Note: No compatibility mode selected!


Circuit: * level-shifter-oxide-safety @ ss_27c_vlogic2p97v-vdrv4p50v -- generated by sim/harness, do not edit

Doing analysis at TEMP = 27.000000 and TNOM = 27.000000

Using SPARSE 1.3 as Direct Linear Solver

Initial Transient Solution
--------------------------

Node                                   Voltage
----                                   -------
inb                                       2.97
in                                           0
gnd_logic                                    0
vdd_logic                                 2.97
na                                     1.87365
nb                                 4.01306e-07
nca                                    4.49997
gnd_drv                            1.53753e-11
ncb                                1.26435e-06
vdd_drv                                    4.5
nbuf1                                  4.49999
out                                8.04967e-07
nccomp1                            1.14951e-06
nccomp2                            1.03466e-06
nccomp3                            9.19814e-07
vin#branch                                   0
vgnd_logic#branch                  2.47199e-08
vsup_drv#branch                   -2.17497e-08
vsup_logic#branch                 -2.97019e-09

 Reference value :  6.50601e-08
 Reference value :  1.50460e-07
No. of Data Rows : 10198
mq1                 =  2.97380e+00 at=  6.13617e-08
mq2                 =  2.97000e+00 at=  2.00000e-07
mq3                 =  2.97000e+00 at=  1.80000e-07
mq4                 =  2.97022e+00 at=  2.14802e-08
mq5                 =  3.00233e+00 at=  2.01170e-08
mq6                 =  3.00241e+00 at=  2.01170e-08
na_peak             =  1.99827e+00 at=  2.01170e-08
nb_peak             =  1.95409e+00 at=  1.40836e-07
mvc1                =  1.09691e+00 at=  6.11176e-08
mvc2                =  1.09691e+00 at=  6.11176e-08
mvc3                =  1.09691e+00 at=  6.11176e-08
mvc4                =  1.09691e+00 at=  6.11176e-08
vccomp_stack        =  4.38765e+00 at=  6.11176e-08
t_plh               =  1.00807e-09 targ=  2.12859e-08 trig=  2.02778e-08
t_phl               =  5.37129e-10 targ=  6.12594e-08 trig=  6.07222e-08
vout_hi_abs         =  4.50000e+00
vout_lo_abs         =  8.04967e-07
vdrv_now            =  4.50000e+00
m_vgate_thinox_max = 3.0024150000e+00
m_vna_peak = 1.9982690000e+00
m_vnb_peak = 1.9540890000e+00
m_vccomp_dev_max = 1.0969130000e+00
m_vccomp_stack_max = 4.3876510000e+00
m_t_plh_ns = 1.0080720000e+00
m_t_phl_ns = 5.3712850000e-01
m_vout_hi_ratio = 9.9999933333e-01
m_vout_lo_ratio = 1.7888153333e-07
Note: Simulation executed from .control section 

