
Note: No compatibility mode selected!


Circuit: * level-shifter-oxide-safety @ tt_125c_vlogic3p63v-vdrv5p50v -- generated by sim/harness, do not edit

Doing analysis at TEMP = 125.000000 and TNOM = 27.000000

Using SPARSE 1.3 as Direct Linear Solver

Initial Transient Solution
--------------------------

Node                                   Voltage
----                                   -------
inb                                       3.63
in                                           0
gnd_logic                                    0
vdd_logic                                 3.63
na                                     2.65393
nb                                 5.27258e-07
nca                                    5.49996
gnd_drv                            1.92458e-11
ncb                                1.53863e-06
vdd_drv                                    5.5
nbuf1                                  5.49999
out                                1.06734e-06
nccomp1                            1.42081e-06
nccomp2                            1.30298e-06
nccomp3                            1.18516e-06
vin#branch                                   0
vgnd_logic#branch                  3.55742e-08
vsup_drv#branch                   -3.04956e-08
vsup_logic#branch                 -5.07855e-09

 Reference value :  6.49909e-08
 Reference value :  1.47626e-07
No. of Data Rows : 10210
mq1                 =  3.63444e+00 at=  1.41239e-07
mq2                 =  3.63000e+00 at=  2.00000e-07
mq3                 =  3.63000e+00 at=  1.80000e-07
mq4                 =  3.63017e+00 at=  2.12731e-08
mq5                 =  3.65979e+00 at=  1.00069e-07
mq6                 =  3.65996e+00 at=  1.00069e-07
na_peak             =  2.73607e+00 at=  2.00725e-08
nb_peak             =  2.68482e+00 at=  6.07782e-08
mvc1                =  1.29344e+00 at=  6.10265e-08
mvc2                =  1.29344e+00 at=  6.10265e-08
mvc3                =  1.29344e+00 at=  6.10265e-08
mvc4                =  1.29344e+00 at=  6.10265e-08
vccomp_stack        =  5.17377e+00 at=  6.10265e-08
t_plh               =  8.53896e-10 targ=  2.10812e-08 trig=  2.02273e-08
t_phl               =  3.80215e-10 targ=  6.11529e-08 trig=  6.07727e-08
vout_hi_abs         =  5.50000e+00
vout_lo_abs         =  1.06734e-06
vdrv_now            =  5.50000e+00
m_vgate_thinox_max = 3.6599570000e+00
m_vna_peak = 2.7360710000e+00
m_vnb_peak = 2.6848150000e+00
m_vccomp_dev_max = 1.2934430000e+00
m_vccomp_stack_max = 5.1737700000e+00
m_t_plh_ns = 8.5389560000e-01
m_t_phl_ns = 3.8021480000e-01
m_vout_hi_ratio = 9.9999945455e-01
m_vout_lo_ratio = 1.9406163636e-07
Note: Simulation executed from .control section 

