
Note: No compatibility mode selected!


Circuit: * level-shifter-oxide-safety @ tt_27c_vlogic3p30v-vdrv5p00v -- generated by sim/harness, do not edit

Doing analysis at TEMP = 27.000000 and TNOM = 27.000000

Using SPARSE 1.3 as Direct Linear Solver

Initial Transient Solution
--------------------------

Node                                   Voltage
----                                   -------
inb                                        3.3
in                                           0
gnd_logic                                    0
vdd_logic                                  3.3
na                                     2.27032
nb                                 3.90728e-07
nca                                    4.99998
gnd_drv                            1.72726e-11
ncb                                 1.1132e-06
vdd_drv                                      5
nbuf1                                  4.99999
out                                7.23853e-07
nccomp1                            1.01586e-06
nccomp2                            9.18525e-07
nccomp3                            8.21189e-07
vin#branch                                   0
vgnd_logic#branch                  2.78551e-08
vsup_drv#branch                   -2.45509e-08
vsup_logic#branch                  -3.3042e-09

 Reference value :  6.40979e-08
 Reference value :  1.47678e-07
No. of Data Rows : 10247
mq1                 =  3.30442e+00 at=  6.11918e-08
mq2                 =  3.30000e+00 at=  2.00000e-07
mq3                 =  3.30000e+00 at=  1.80000e-07
mq4                 =  3.30021e+00 at=  1.01144e-07
mq5                 =  3.32672e+00 at=  1.80086e-07
mq6                 =  3.32678e+00 at=  1.80086e-07
na_peak             =  2.36840e+00 at=  2.00955e-08
nb_peak             =  2.32803e+00 at=  1.40797e-07
mvc1                =  1.19821e+00 at=  6.10084e-08
mvc2                =  1.19821e+00 at=  6.10084e-08
mvc3                =  1.19821e+00 at=  6.10084e-08
mvc4                =  1.19821e+00 at=  6.10084e-08
vccomp_stack        =  4.79285e+00 at=  6.10084e-08
t_plh               =  7.39509e-10 targ=  2.09895e-08 trig=  2.02500e-08
t_phl               =  3.70080e-10 targ=  6.11201e-08 trig=  6.07500e-08
vout_hi_abs         =  5.00000e+00
vout_lo_abs         =  7.23853e-07
vdrv_now            =  5.00000e+00
m_vgate_thinox_max = 3.3267780000e+00
m_vna_peak = 2.3684050000e+00
m_vnb_peak = 2.3280290000e+00
m_vccomp_dev_max = 1.1982130000e+00
m_vccomp_stack_max = 4.7928540000e+00
m_t_plh_ns = 7.3950900000e-01
m_t_phl_ns = 3.7007970000e-01
m_vout_hi_ratio = 9.9999960000e-01
m_vout_lo_ratio = 1.4477054000e-07
Note: Simulation executed from .control section 

