
Note: No compatibility mode selected!


Circuit: * level-shifter-oxide-safety @ tt_27c_vlogic2p97v-vdrv4p50v -- generated by sim/harness, do not edit

Doing analysis at TEMP = 27.000000 and TNOM = 27.000000

Using SPARSE 1.3 as Direct Linear Solver

Initial Transient Solution
--------------------------

Node                                   Voltage
----                                   -------
inb                                       2.97
in                                           0
gnd_logic                                    0
vdd_logic                                 2.97
na                                      1.9942
nb                                 3.68339e-07
nca                                    4.49998
gnd_drv                             1.5496e-11
ncb                                1.08281e-06
vdd_drv                                    4.5
nbuf1                                  4.49999
out                                6.91178e-07
nccomp1                              9.849e-07
nccomp2                            8.86993e-07
nccomp3                            7.89085e-07
vin#branch                                   0
vgnd_logic#branch                  2.49698e-08
vsup_drv#branch                   -2.19966e-08
vsup_logic#branch                 -2.97316e-09

 Reference value :  6.54520e-08
 Reference value :  1.50452e-07
No. of Data Rows : 10216
mq1                 =  2.97395e+00 at=  6.12316e-08
mq2                 =  2.97000e+00 at=  2.00000e-07
mq3                 =  2.97000e+00 at=  1.80000e-07
mq4                 =  2.97019e+00 at=  2.12021e-08
mq5                 =  2.99666e+00 at=  1.80095e-07
mq6                 =  2.99673e+00 at=  1.80095e-07
na_peak             =  2.09363e+00 at=  2.00993e-08
nb_peak             =  2.05159e+00 at=  1.40814e-07
mvc1                =  1.08293e+00 at=  1.41044e-07
mvc2                =  1.08293e+00 at=  1.41044e-07
mvc3                =  1.08293e+00 at=  1.41044e-07
mvc4                =  1.08293e+00 at=  1.41044e-07
vccomp_stack        =  4.33172e+00 at=  1.41044e-07
t_plh               =  7.71784e-10 targ=  2.10496e-08 trig=  2.02778e-08
t_phl               =  4.25692e-10 targ=  6.11479e-08 trig=  6.07222e-08
vout_hi_abs         =  4.50000e+00
vout_lo_abs         =  6.91178e-07
vdrv_now            =  4.50000e+00
m_vgate_thinox_max = 2.9967290000e+00
m_vna_peak = 2.0936340000e+00
m_vnb_peak = 2.0515910000e+00
m_vccomp_dev_max = 1.0829300000e+00
m_vccomp_stack_max = 4.3317190000e+00
m_t_plh_ns = 7.7178410000e-01
m_t_phl_ns = 4.2569160000e-01
m_vout_hi_ratio = 9.9999955556e-01
m_vout_lo_ratio = 1.5359506667e-07
Note: Simulation executed from .control section 

