
Note: Compatibility modes selected: hs a


Circuit: * gate-driver-core-drive @ ff_-40c_vlogic3p30v-vdrv5p00v -- generated by sim/harness, do not edit

Doing analysis at TEMP = -40.000000 and TNOM = 27.000000

Using SPARSE 1.3 as Direct Linear Solver

Initial Transient Solution
--------------------------

Node                                   Voltage
----                                   -------
x1.inb                                     3.3
in                                           0
gnd_logic                                    0
vdd_logic                                  3.3
x1.na                                  2.45013
x1.nb                              3.33304e-10
x1.nca                                       5
gnd_drv                            3.71573e-12
x1.ncb                              8.7489e-10
vdd_drv                                      5
x1.nbuf1                                     5
in_drv                             7.04165e-10
x2.n1                                        5
x2.n2                              1.38329e-09
x2.n3                                        5
x2.n4                              2.05305e-09
x2.n5                                        5
out                                2.17726e-09
outcap                             2.17726e-09
vimeas#branch                     -1.03017e-21
vin#branch                                   0
vgnd_logic#branch                  3.72771e-09
vsup_drv#branch                   -3.71782e-09
vsup_logic#branch                 -3.55943e-12

 Reference value :  1.00115e-07
 Reference value :  3.55905e-07
 Reference value :  6.21505e-07
No. of Data Rows : 7054
trise10_90          =  3.58579e-09 targ=  2.56197e-08 trig=  2.20339e-08
tfall10_90          =  3.50376e-09 targ=  3.26381e-07 trig=  3.22877e-07
tpdlh               =  2.97496e-09 targ=  2.34750e-08 trig=  2.05000e-08
tpdhl               =  2.95953e-09 targ=  3.24460e-07 trig=  3.21500e-07
m_trise_s = 3.5857880000e-09
m_tfall_s = 3.5037550000e-09
m_tpdlh_s = 2.9749640000e-09
m_tpdhl_s = 2.9595310000e-09
m_ipeak_source_a = 1.4534620477e+00
m_ipeak_sink_a = 1.2895169790e+00
m_vout_max_v = 5.0028222771e+00
m_vout_min_v = -2.141143038e-03
m_vin_max_v = 3.3000000000e+00
m_vin_min_v = 0.0000000000e+00
Note: Simulation executed from .control section 

Warning: m=xx on .subckt line will override multiplier m hierarchy!

Note: vimeas: has no value, DC 0 assumed
