
Note: Compatibility modes selected: hs a


Circuit: * gate-driver-core-drive @ ff_125c_vlogic2p97v-vdrv4p50v -- generated by sim/harness, do not edit

Doing analysis at TEMP = 125.000000 and TNOM = 27.000000

Using SPARSE 1.3 as Direct Linear Solver

Initial Transient Solution
--------------------------

Node                                   Voltage
----                                   -------
x1.inb                                    2.97
in                                           0
gnd_logic                                    0
vdd_logic                                 2.97
x1.na                                  2.18079
x1.nb                              1.94302e-09
x1.nca                                 4.49994
gnd_drv                            1.12168e-10
x1.ncb                             5.63421e-09
vdd_drv                                    4.5
x1.nbuf1                                   4.5
in_drv                             1.39423e-08
x2.n1                                      4.5
x2.n2                              3.06688e-08
x2.n3                                      4.5
x2.n4                                3.103e-08
x2.n5                                      4.5
out                                3.29038e-08
outcap                             3.29038e-08
vimeas#branch                      1.95434e-20
vin#branch                                   0
vgnd_logic#branch                  1.41882e-07
vsup_drv#branch                   -1.33084e-07
vsup_logic#branch                 -8.79428e-09

 Reference value :  1.06147e-07
 Reference value :  3.67960e-07
 Reference value :  6.33960e-07
No. of Data Rows : 7038
trise10_90          =  5.58494e-09 targ=  2.83763e-08 trig=  2.27914e-08
tfall10_90          =  5.34487e-09 targ=  3.28851e-07 trig=  3.23506e-07
tpdlh               =  4.37122e-09 targ=  2.48712e-08 trig=  2.05000e-08
tpdhl               =  4.24179e-09 targ=  3.25742e-07 trig=  3.21500e-07
m_trise_s = 5.5849430000e-09
m_tfall_s = 5.3448690000e-09
m_tpdlh_s = 4.3712190000e-09
m_tpdhl_s = 4.2417900000e-09
m_ipeak_source_a = 9.0947240241e-01
m_ipeak_sink_a = 8.2704096217e-01
m_vout_max_v = 4.5019146280e+00
m_vout_min_v = -1.704825854e-03
m_vin_max_v = 2.9700000000e+00
m_vin_min_v = 0.0000000000e+00
Note: Simulation executed from .control section 

Warning: m=xx on .subckt line will override multiplier m hierarchy!

Note: vimeas: has no value, DC 0 assumed
