
Note: Compatibility modes selected: hs a


Circuit: * gate-driver-core-drive @ ff_125c_vlogic3p30v-vdrv5p00v -- generated by sim/harness, do not edit

Doing analysis at TEMP = 125.000000 and TNOM = 27.000000

Using SPARSE 1.3 as Direct Linear Solver

Initial Transient Solution
--------------------------

Node                                   Voltage
----                                   -------
x1.inb                                 3.29999
in                                           0
gnd_logic                                    0
vdd_logic                                  3.3
x1.na                                  2.45417
x1.nb                              2.04916e-09
x1.nca                                 4.99993
gnd_drv                            1.26174e-10
x1.ncb                             5.83252e-09
vdd_drv                                      5
x1.nbuf1                                     5
in_drv                             1.47982e-08
x2.n1                                        5
x2.n2                              3.25429e-08
x2.n3                                        5
x2.n4                              3.29133e-08
x2.n5                                        5
out                                3.49004e-08
outcap                             3.49004e-08
vimeas#branch                      1.27999e-21
vin#branch                                   0
vgnd_logic#branch                  1.62864e-07
vsup_drv#branch                   -1.51594e-07
vsup_logic#branch                 -1.12709e-08

 Reference value :  1.09126e-07
 Reference value :  3.66403e-07
 Reference value :  6.16603e-07
No. of Data Rows : 7043
trise10_90          =  5.16565e-09 targ=  2.78117e-08 trig=  2.26461e-08
tfall10_90          =  5.12913e-09 targ=  3.28507e-07 trig=  3.23377e-07
tpdlh               =  4.06895e-09 targ=  2.45690e-08 trig=  2.05000e-08
tpdhl               =  4.02697e-09 targ=  3.25527e-07 trig=  3.21500e-07
m_trise_s = 5.1656480000e-09
m_tfall_s = 5.1291310000e-09
m_tpdlh_s = 4.0689530000e-09
m_tpdhl_s = 4.0269730000e-09
m_ipeak_source_a = 1.0905450429e+00
m_ipeak_sink_a = 9.5465463372e-01
m_vout_max_v = 5.0017535822e+00
m_vout_min_v = -1.673832624e-03
m_vin_max_v = 3.3000000000e+00
m_vin_min_v = 0.0000000000e+00
Note: Simulation executed from .control section 

Warning: m=xx on .subckt line will override multiplier m hierarchy!

Note: vimeas: has no value, DC 0 assumed
