
Note: Compatibility modes selected: hs a


Circuit: * gate-driver-core-drive @ ff_27c_vlogic2p97v-vdrv4p50v -- generated by sim/harness, do not edit

Doing analysis at TEMP = 27.000000 and TNOM = 27.000000

Using SPARSE 1.3 as Direct Linear Solver

Initial Transient Solution
--------------------------

Node                                   Voltage
----                                   -------
x1.inb                                    2.97
in                                           0
gnd_logic                                    0
vdd_logic                                 2.97
x1.na                                  2.20566
x1.nb                              3.77175e-10
x1.nca                                     4.5
gnd_drv                            3.68327e-12
x1.ncb                              1.0585e-09
vdd_drv                                    4.5
x1.nbuf1                                   4.5
in_drv                             8.75685e-10
x2.n1                                      4.5
x2.n2                              1.72277e-09
x2.n3                                      4.5
x2.n4                              2.54921e-09
x2.n5                                      4.5
out                                2.70348e-09
outcap                             2.70348e-09
vimeas#branch                      6.55213e-23
vin#branch                                   0
vgnd_logic#branch                  3.88154e-09
vsup_drv#branch                   -3.81458e-09
vsup_logic#branch                 -6.35623e-11

 Reference value :  1.02878e-07
 Reference value :  3.57213e-07
 Reference value :  6.28013e-07
No. of Data Rows : 7046
trise10_90          =  4.59036e-09 targ=  2.69906e-08 trig=  2.24002e-08
tfall10_90          =  4.28847e-09 targ=  3.27474e-07 trig=  3.23186e-07
tpdlh               =  3.67510e-09 targ=  2.41751e-08 trig=  2.05000e-08
tpdhl               =  3.55222e-09 targ=  3.25052e-07 trig=  3.21500e-07
m_trise_s = 4.5903550000e-09
m_tfall_s = 4.2884700000e-09
m_tpdlh_s = 3.6751010000e-09
m_tpdhl_s = 3.5522240000e-09
m_ipeak_source_a = 1.0696786243e+00
m_ipeak_sink_a = 9.8167996465e-01
m_vout_max_v = 4.5027039957e+00
m_vout_min_v = -2.038442906e-03
m_vin_max_v = 2.9700000000e+00
m_vin_min_v = 0.0000000000e+00
Note: Simulation executed from .control section 

Warning: m=xx on .subckt line will override multiplier m hierarchy!

Note: vimeas: has no value, DC 0 assumed
