
Note: Compatibility modes selected: hs a


Circuit: * gate-driver-core-drive @ ff_27c_vlogic3p63v-vdrv5p50v -- generated by sim/harness, do not edit

Doing analysis at TEMP = 27.000000 and TNOM = 27.000000

Using SPARSE 1.3 as Direct Linear Solver

Initial Transient Solution
--------------------------

Node                                   Voltage
----                                   -------
x1.inb                                    3.63
in                                           0
gnd_logic                                    0
vdd_logic                                 3.63
x1.na                                  2.76327
x1.nb                              4.30733e-10
x1.nca                                     5.5
gnd_drv                            4.53672e-12
x1.ncb                             1.14521e-09
vdd_drv                                    5.5
x1.nbuf1                                   5.5
in_drv                             9.81395e-10
x2.n1                                      5.5
x2.n2                              1.93027e-09
x2.n3                                      5.5
x2.n4                              2.85469e-09
x2.n5                                      5.5
out                                3.02743e-09
outcap                             3.02743e-09
vimeas#branch                     -1.05147e-21
vin#branch                                   0
vgnd_logic#branch                  4.87701e-09
vsup_drv#branch                   -4.74601e-09
vsup_logic#branch                 -1.19199e-10

 Reference value :  9.82670e-08
 Reference value :  3.58085e-07
 Reference value :  6.14885e-07
No. of Data Rows : 7054
trise10_90          =  4.04643e-09 targ=  2.62479e-08 trig=  2.22015e-08
tfall10_90          =  3.97473e-09 targ=  3.26975e-07 trig=  3.23001e-07
tpdlh               =  3.26472e-09 targ=  2.37647e-08 trig=  2.05000e-08
tpdhl               =  3.23749e-09 targ=  3.24737e-07 trig=  3.21500e-07
m_trise_s = 4.0464320000e-09
m_tfall_s = 3.9747290000e-09
m_tpdlh_s = 3.2647190000e-09
m_tpdhl_s = 3.2374870000e-09
m_ipeak_source_a = 1.4682214444e+00
m_ipeak_sink_a = 1.3028992012e+00
m_vout_max_v = 5.5029069680e+00
m_vout_min_v = -1.900153516e-03
m_vin_max_v = 3.6300000000e+00
m_vin_min_v = 0.0000000000e+00
Note: Simulation executed from .control section 

Warning: m=xx on .subckt line will override multiplier m hierarchy!

Note: vimeas: has no value, DC 0 assumed
