
Note: Compatibility modes selected: hs a


Circuit: * gate-driver-core-drive @ fs_125c_vlogic2p97v-vdrv4p50v -- generated by sim/harness, do not edit

Doing analysis at TEMP = 125.000000 and TNOM = 27.000000

Using SPARSE 1.3 as Direct Linear Solver

Initial Transient Solution
--------------------------

Node                                   Voltage
----                                   -------
x1.inb                                    2.97
in                                           0
gnd_logic                                    0
vdd_logic                                 2.97
x1.na                                  2.16822
x1.nb                              5.29628e-10
x1.nca                                 4.49995
gnd_drv                            4.73349e-11
x1.ncb                             1.55161e-09
vdd_drv                                    4.5
x1.nbuf1                                   4.5
in_drv                             1.60279e-09
x2.n1                                      4.5
x2.n2                              3.20054e-09
x2.n3                                      4.5
x2.n4                              4.34646e-09
x2.n5                                      4.5
out                                4.60701e-09
outcap                             4.60701e-09
vimeas#branch                     -1.54617e-21
vin#branch                                   0
vgnd_logic#branch                  6.43707e-08
vsup_drv#branch                   -5.93374e-08
vsup_logic#branch                 -5.03196e-09

 Reference value :  1.08881e-07
 Reference value :  3.70344e-07
 Reference value :  6.27744e-07
No. of Data Rows : 7034
trise10_90          =  7.71136e-09 targ=  3.11597e-08 trig=  2.34484e-08
tfall10_90          =  5.59923e-09 targ=  3.29575e-07 trig=  3.23976e-07
tpdlh               =  5.88283e-09 targ=  2.63828e-08 trig=  2.05000e-08
tpdhl               =  4.82486e-09 targ=  3.26325e-07 trig=  3.21500e-07
m_trise_s = 7.7113590000e-09
m_tfall_s = 5.5992340000e-09
m_tpdlh_s = 5.8828330000e-09
m_tpdhl_s = 4.8248630000e-09
m_ipeak_source_a = 6.4852525001e-01
m_ipeak_sink_a = 7.9211732791e-01
m_vout_max_v = 4.5026975119e+00
m_vout_min_v = -2.477087061e-03
m_vin_max_v = 2.9700000000e+00
m_vin_min_v = 0.0000000000e+00
Note: Simulation executed from .control section 

Warning: m=xx on .subckt line will override multiplier m hierarchy!

Note: vimeas: has no value, DC 0 assumed
