
Note: Compatibility modes selected: hs a


Circuit: * gate-driver-core-drive @ fs_27c_vlogic2p97v-vdrv4p50v -- generated by sim/harness, do not edit

Doing analysis at TEMP = 27.000000 and TNOM = 27.000000

Using SPARSE 1.3 as Direct Linear Solver

Initial Transient Solution
--------------------------

Node                                   Voltage
----                                   -------
x1.inb                                    2.97
in                                           0
gnd_logic                                    0
vdd_logic                                 2.97
x1.na                                  2.19152
x1.nb                              3.79501e-10
x1.nca                                     4.5
gnd_drv                            3.39005e-12
x1.ncb                             1.07745e-09
vdd_drv                                    4.5
x1.nbuf1                                   4.5
in_drv                             8.66716e-10
x2.n1                                      4.5
x2.n2                                1.699e-09
x2.n3                                      4.5
x2.n4                              2.54793e-09
x2.n5                                      4.5
out                                2.70214e-09
outcap                             2.70214e-09
vimeas#branch                      2.58445e-21
vin#branch                                   0
vgnd_logic#branch                  3.49231e-09
vsup_drv#branch                   -3.45327e-09
vsup_logic#branch                 -3.25924e-11

 Reference value :  8.86630e-08
 Reference value :  3.33945e-07
 Reference value :  6.07645e-07
No. of Data Rows : 7038
trise10_90          =  6.23691e-09 targ=  2.91530e-08 trig=  2.29161e-08
tfall10_90          =  4.50131e-09 targ=  3.28076e-07 trig=  3.23575e-07
tpdlh               =  4.87147e-09 targ=  2.53715e-08 trig=  2.05000e-08
tpdhl               =  4.04125e-09 targ=  3.25541e-07 trig=  3.21500e-07
m_trise_s = 6.2369140000e-09
m_tfall_s = 4.5013130000e-09
m_tpdlh_s = 4.8714670000e-09
m_tpdhl_s = 4.0412510000e-09
m_ipeak_source_a = 7.7493506975e-01
m_ipeak_sink_a = 9.3044101007e-01
m_vout_max_v = 4.5027300510e+00
m_vout_min_v = -2.872329698e-03
m_vin_max_v = 2.9700000000e+00
m_vin_min_v = 0.0000000000e+00
Note: Simulation executed from .control section 

Warning: m=xx on .subckt line will override multiplier m hierarchy!

Note: vimeas: has no value, DC 0 assumed
