
Note: Compatibility modes selected: hs a


Circuit: * gate-driver-core-drive @ sf_125c_vlogic3p63v-vdrv5p50v -- generated by sim/harness, do not edit

Doing analysis at TEMP = 125.000000 and TNOM = 27.000000

Using SPARSE 1.3 as Direct Linear Solver

Initial Transient Solution
--------------------------

Node                                   Voltage
----                                   -------
x1.inb                                    3.63
in                                           0
gnd_logic                                    0
vdd_logic                                 3.63
x1.na                                   2.6541
x1.nb                              1.39658e-09
x1.nca                                     5.5
gnd_drv                            1.81445e-11
x1.ncb                              4.2744e-09
vdd_drv                                    5.5
x1.nbuf1                                   5.5
in_drv                              9.1304e-09
x2.n1                                      5.5
x2.n2                              2.00228e-08
x2.n3                                      5.5
x2.n4                              2.10806e-08
x2.n5                                      5.5
out                                2.23571e-08
outcap                             2.23571e-08
vimeas#branch                      1.69197e-21
vin#branch                                   0
vgnd_logic#branch                  1.90117e-08
vsup_drv#branch                   -1.87491e-08
vsup_logic#branch                 -2.64692e-10

 Reference value :  1.04093e-07
 Reference value :  3.54794e-07
 Reference value :  6.17294e-07
No. of Data Rows : 7040
trise10_90          =  5.10908e-09 targ=  2.80436e-08 trig=  2.29345e-08
tfall10_90          =  6.43457e-09 targ=  3.30131e-07 trig=  3.23696e-07
tpdlh               =  4.34179e-09 targ=  2.48418e-08 trig=  2.05000e-08
tpdhl               =  4.94087e-09 targ=  3.26441e-07 trig=  3.21500e-07
m_trise_s = 5.1090780000e-09
m_tfall_s = 6.4345690000e-09
m_tpdlh_s = 4.3417850000e-09
m_tpdhl_s = 4.9408660000e-09
m_ipeak_source_a = 1.2110216629e+00
m_ipeak_sink_a = 8.1792459420e-01
m_vout_max_v = 5.5033558798e+00
m_vout_min_v = -1.992696826e-03
m_vin_max_v = 3.6300000000e+00
m_vin_min_v = 0.0000000000e+00
Note: Simulation executed from .control section 

Warning: m=xx on .subckt line will override multiplier m hierarchy!

Note: vimeas: has no value, DC 0 assumed
