
Note: Compatibility modes selected: hs a


Circuit: * gate-driver-core-drive @ sf_27c_vlogic3p30v-vdrv6p00v -- generated by sim/harness, do not edit

Doing analysis at TEMP = 27.000000 and TNOM = 27.000000

Using SPARSE 1.3 as Direct Linear Solver

Initial Transient Solution
--------------------------

Node                                   Voltage
----                                   -------
x1.inb                                     3.3
in                                           0
gnd_logic                                    0
vdd_logic                                  3.3
x1.na                                  2.37422
x1.nb                              5.47397e-10
x1.nca                                       6
gnd_drv                            4.44699e-12
x1.ncb                             1.63614e-09
vdd_drv                                      6
x1.nbuf1                                     6
in_drv                             1.23696e-09
x2.n1                                        6
x2.n2                               2.4424e-09
x2.n3                                        6
x2.n4                              3.62123e-09
x2.n5                                        6
out                                3.84043e-09
outcap                             3.84043e-09
vimeas#branch                     -1.51206e-21
vin#branch                                   0
vgnd_logic#branch                  4.46072e-09
vsup_drv#branch                    -4.4446e-09
vsup_logic#branch                 -3.77017e-12

 Reference value :  9.04897e-08
 Reference value :  3.45237e-07
 Reference value :  6.16437e-07
No. of Data Rows : 7051
trise10_90          =  4.05035e-09 targ=  2.64720e-08 trig=  2.24217e-08
tfall10_90          =  5.06022e-09 targ=  3.28370e-07 trig=  3.23310e-07
tpdlh               =  3.49039e-09 targ=  2.39904e-08 trig=  2.05000e-08
tpdhl               =  4.07492e-09 targ=  3.25575e-07 trig=  3.21500e-07
m_trise_s = 4.0503500000e-09
m_tfall_s = 5.0602230000e-09
m_tpdlh_s = 3.4903850000e-09
m_tpdhl_s = 4.0749230000e-09
m_ipeak_source_a = 1.5900564034e+00
m_ipeak_sink_a = 1.0824770911e+00
m_vout_max_v = 6.0038335867e+00
m_vout_min_v = -2.424007938e-03
m_vin_max_v = 3.3000000000e+00
m_vin_min_v = 0.0000000000e+00
Note: Simulation executed from .control section 

Warning: m=xx on .subckt line will override multiplier m hierarchy!

Note: vimeas: has no value, DC 0 assumed
