
Note: Compatibility modes selected: hs a


Circuit: * gate-driver-core-drive @ sf_27c_vlogic3p63v-vdrv5p50v -- generated by sim/harness, do not edit

Doing analysis at TEMP = 27.000000 and TNOM = 27.000000

Using SPARSE 1.3 as Direct Linear Solver

Initial Transient Solution
--------------------------

Node                                   Voltage
----                                   -------
x1.inb                                    3.63
in                                           0
gnd_logic                                    0
vdd_logic                                 3.63
x1.na                                  2.63884
x1.nb                              4.82445e-10
x1.nca                                     5.5
gnd_drv                            4.07538e-12
x1.ncb                             1.39961e-09
vdd_drv                                    5.5
x1.nbuf1                                   5.5
in_drv                             1.17833e-09
x2.n1                                      5.5
x2.n2                               2.3269e-09
x2.n3                                      5.5
x2.n4                               3.4505e-09
x2.n5                                      5.5
out                                3.65937e-09
outcap                             3.65937e-09
vimeas#branch                     -8.77489e-23
vin#branch                                   0
vgnd_logic#branch                  4.08951e-09
vsup_drv#branch                    -4.0727e-09
vsup_logic#branch                 -4.23317e-12

 Reference value :  1.06922e-07
 Reference value :  3.60342e-07
 Reference value :  6.28742e-07
No. of Data Rows : 7046
trise10_90          =  4.26097e-09 targ=  2.68153e-08 trig=  2.25543e-08
tfall10_90          =  5.23951e-09 targ=  3.28607e-07 trig=  3.23367e-07
tpdlh               =  3.70471e-09 targ=  2.42047e-08 trig=  2.05000e-08
tpdhl               =  4.20955e-09 targ=  3.25710e-07 trig=  3.21500e-07
m_trise_s = 4.2609710000e-09
m_tfall_s = 5.2395140000e-09
m_tpdlh_s = 3.7047090000e-09
m_tpdhl_s = 4.2095540000e-09
m_ipeak_source_a = 1.3895759855e+00
m_ipeak_sink_a = 9.6728185022e-01
m_vout_max_v = 5.5038302716e+00
m_vout_min_v = -2.229813188e-03
m_vin_max_v = 3.6300000000e+00
m_vin_min_v = 0.0000000000e+00
Note: Simulation executed from .control section 

Warning: m=xx on .subckt line will override multiplier m hierarchy!

Note: vimeas: has no value, DC 0 assumed
