
Note: Compatibility modes selected: hs a


Circuit: * gate-driver-core-drive @ ss_125c_vlogic3p30v-vdrv6p00v -- generated by sim/harness, do not edit

Doing analysis at TEMP = 125.000000 and TNOM = 27.000000

Using SPARSE 1.3 as Direct Linear Solver

Initial Transient Solution
--------------------------

Node                                   Voltage
----                                   -------
x1.inb                                     3.3
in                                           0
gnd_logic                                    0
vdd_logic                                  3.3
x1.na                                  2.37864
x1.nb                              7.50744e-10
x1.nca                                       6
gnd_drv                            5.85645e-12
x1.ncb                              2.3854e-09
vdd_drv                                      6
x1.nbuf1                                     6
in_drv                             2.07271e-09
x2.n1                                        6
x2.n2                              4.16696e-09
x2.n3                                        6
x2.n4                              5.87092e-09
x2.n5                                        6
out                                6.22638e-09
outcap                             6.22638e-09
vimeas#branch                      1.61159e-21
vin#branch                                   0
vgnd_logic#branch                  6.29292e-09
vsup_drv#branch                   -6.16606e-09
vsup_logic#branch                 -1.27479e-10

 Reference value :  1.08501e-07
 Reference value :  3.74506e-07
 Reference value :  6.42606e-07
No. of Data Rows : 7035
trise10_90          =  6.52547e-09 targ=  2.98817e-08 trig=  2.33562e-08
tfall10_90          =  6.53130e-09 targ=  3.30632e-07 trig=  3.24101e-07
tpdlh               =  5.32820e-09 targ=  2.58282e-08 trig=  2.05000e-08
tpdhl               =  5.39474e-09 targ=  3.26895e-07 trig=  3.21500e-07
m_trise_s = 6.5254730000e-09
m_tfall_s = 6.5312950000e-09
m_tpdlh_s = 5.3282030000e-09
m_tpdhl_s = 5.3947400000e-09
m_ipeak_source_a = 1.0195150539e+00
m_ipeak_sink_a = 8.8267300468e-01
m_vout_max_v = 6.0037430343e+00
m_vout_min_v = -2.791937632e-03
m_vin_max_v = 3.3000000000e+00
m_vin_min_v = 0.0000000000e+00
Note: Simulation executed from .control section 

Warning: m=xx on .subckt line will override multiplier m hierarchy!

Note: vimeas: has no value, DC 0 assumed
