
Note: Compatibility modes selected: hs a


Circuit: * gate-driver-core-drive @ ss_125c_vlogic2p97v-vdrv4p50v -- generated by sim/harness, do not edit

Doing analysis at TEMP = 125.000000 and TNOM = 27.000000

Using SPARSE 1.3 as Direct Linear Solver

Initial Transient Solution
--------------------------

Node                                   Voltage
----                                   -------
x1.inb                                    2.97
in                                           0
gnd_logic                                    0
vdd_logic                                 2.97
x1.na                                  2.09892
x1.nb                               6.0726e-10
x1.nca                                     4.5
gnd_drv                            4.41981e-12
x1.ncb                             1.97448e-09
vdd_drv                                    4.5
x1.nbuf1                                   4.5
in_drv                             1.86965e-09
x2.n1                                      4.5
x2.n2                              3.77554e-09
x2.n3                                      4.5
x2.n4                              5.25568e-09
x2.n5                                      4.5
out                                5.57394e-09
outcap                             5.57394e-09
vimeas#branch                     -4.28265e-21
vin#branch                                   0
vgnd_logic#branch                  4.78591e-09
vsup_drv#branch                    -4.6742e-09
vsup_logic#branch                 -1.04303e-10

 Reference value :  9.68895e-08
 Reference value :  3.47790e-07
 Reference value :  6.06490e-07
No. of Data Rows : 7030
trise10_90          =  8.36207e-09 targ=  3.24840e-08 trig=  2.41219e-08
tfall10_90          =  7.52710e-09 targ=  3.32167e-07 trig=  3.24640e-07
tpdlh               =  6.81734e-09 targ=  2.73173e-08 trig=  2.05000e-08
tpdhl               =  6.35097e-09 targ=  3.27851e-07 trig=  3.21500e-07
m_trise_s = 8.3620730000e-09
m_tfall_s = 7.5271010000e-09
m_tpdlh_s = 6.8173410000e-09
m_tpdhl_s = 6.3509690000e-09
m_ipeak_source_a = 5.9630138464e-01
m_ipeak_sink_a = 5.7955628672e-01
m_vout_max_v = 4.5041884751e+00
m_vout_min_v = -2.774519398e-03
m_vin_max_v = 2.9700000000e+00
m_vin_min_v = 0.0000000000e+00
Note: Simulation executed from .control section 

Warning: m=xx on .subckt line will override multiplier m hierarchy!

Note: vimeas: has no value, DC 0 assumed
