
Note: Compatibility modes selected: hs a


Circuit: * gate-driver-core-drive @ ss_125c_vlogic3p63v-vdrv5p50v -- generated by sim/harness, do not edit

Doing analysis at TEMP = 125.000000 and TNOM = 27.000000

Using SPARSE 1.3 as Direct Linear Solver

Initial Transient Solution
--------------------------

Node                                   Voltage
----                                   -------
x1.inb                                    3.63
in                                           0
gnd_logic                                    0
vdd_logic                                 3.63
x1.na                                   2.6366
x1.nb                              6.55157e-10
x1.nca                                     5.5
gnd_drv                            5.33668e-12
x1.ncb                             2.04032e-09
vdd_drv                                    5.5
x1.nbuf1                                   5.5
in_drv                              1.9901e-09
x2.n1                                      5.5
x2.n2                              4.00556e-09
x2.n3                                      5.5
x2.n4                              5.62651e-09
x2.n5                                      5.5
out                                5.96719e-09
outcap                             5.96719e-09
vimeas#branch                     -6.99911e-22
vin#branch                                   0
vgnd_logic#branch                  5.85217e-09
vsup_drv#branch                   -5.69494e-09
vsup_logic#branch                 -1.58074e-10

 Reference value :  9.86089e-08
 Reference value :  3.48408e-07
 Reference value :  6.09808e-07
No. of Data Rows : 7033
trise10_90          =  7.00347e-09 targ=  3.06009e-08 trig=  2.35974e-08
tfall10_90          =  6.77237e-09 targ=  3.30971e-07 trig=  3.24199e-07
tpdlh               =  5.75604e-09 targ=  2.62560e-08 trig=  2.05000e-08
tpdhl               =  5.59389e-09 targ=  3.27094e-07 trig=  3.21500e-07
m_trise_s = 7.0034720000e-09
m_tfall_s = 6.7723740000e-09
m_tpdlh_s = 5.7560380000e-09
m_tpdhl_s = 5.5938940000e-09
m_ipeak_source_a = 8.6510301523e-01
m_ipeak_sink_a = 7.7799520329e-01
m_vout_max_v = 5.5033562415e+00
m_vout_min_v = -2.990011299e-03
m_vin_max_v = 3.6300000000e+00
m_vin_min_v = 0.0000000000e+00
Note: Simulation executed from .control section 

Warning: m=xx on .subckt line will override multiplier m hierarchy!

Note: vimeas: has no value, DC 0 assumed
