
Note: Compatibility modes selected: hs a


Circuit: * gate-driver-core-drive @ ss_27c_vlogic3p30v-vdrv6p00v -- generated by sim/harness, do not edit

Doing analysis at TEMP = 27.000000 and TNOM = 27.000000

Using SPARSE 1.3 as Direct Linear Solver

Initial Transient Solution
--------------------------

Node                                   Voltage
----                                   -------
x1.inb                                     3.3
in                                           0
gnd_logic                                    0
vdd_logic                                  3.3
x1.na                                  2.34152
x1.nb                              5.51193e-10
x1.nca                                       6
gnd_drv                            4.32133e-12
x1.ncb                             1.67814e-09
vdd_drv                                      6
x1.nbuf1                                     6
in_drv                             1.23856e-09
x2.n1                                        6
x2.n2                              2.43866e-09
x2.n3                                        6
x2.n4                              3.65527e-09
x2.n5                                        6
out                                3.87654e-09
outcap                             3.87654e-09
vimeas#branch                      2.80734e-21
vin#branch                                   0
vgnd_logic#branch                  4.33422e-09
vsup_drv#branch                    -4.3257e-09
vsup_logic#branch                 -3.54108e-12

 Reference value :  9.48208e-08
 Reference value :  3.62109e-07
 Reference value :  6.21509e-07
No. of Data Rows : 7042
trise10_90          =  5.37807e-09 targ=  2.82526e-08 trig=  2.28746e-08
tfall10_90          =  5.34400e-09 targ=  3.29050e-07 trig=  3.23706e-07
tpdlh               =  4.47977e-09 targ=  2.49798e-08 trig=  2.05000e-08
tpdhl               =  4.60720e-09 targ=  3.26107e-07 trig=  3.21500e-07
m_trise_s = 5.3780650000e-09
m_tfall_s = 5.3440000000e-09
m_tpdlh_s = 4.4797690000e-09
m_tpdhl_s = 4.6071990000e-09
m_ipeak_source_a = 1.1967704211e+00
m_ipeak_sink_a = 1.0275187813e+00
m_vout_max_v = 6.0043016596e+00
m_vout_min_v = -2.781796632e-03
m_vin_max_v = 3.3000000000e+00
m_vin_min_v = 0.0000000000e+00
Note: Simulation executed from .control section 

Warning: m=xx on .subckt line will override multiplier m hierarchy!

Note: vimeas: has no value, DC 0 assumed
