
Note: Compatibility modes selected: hs a


Circuit: * gate-driver-core-drive @ tt_-40c_vlogic3p30v-vdrv5p00v -- generated by sim/harness, do not edit

Doing analysis at TEMP = -40.000000 and TNOM = 27.000000

Using SPARSE 1.3 as Direct Linear Solver

Initial Transient Solution
--------------------------

Node                                   Voltage
----                                   -------
x1.inb                                     3.3
in                                           0
gnd_logic                                    0
vdd_logic                                  3.3
x1.na                                  2.33094
x1.nb                              3.51687e-10
x1.nca                                       5
gnd_drv                            3.65417e-12
x1.ncb                              9.6439e-10
vdd_drv                                      5
x1.nbuf1                                     5
in_drv                             7.61739e-10
x2.n1                                        5
x2.n2                              1.49797e-09
x2.n3                                        5
x2.n4                              2.23478e-09
x2.n5                                        5
out                                   2.37e-09
outcap                                2.37e-09
vimeas#branch                      2.40885e-22
vin#branch                                   0
vgnd_logic#branch                   3.6653e-09
vsup_drv#branch                    -3.6515e-09
vsup_logic#branch                 -3.30919e-12

 Reference value :  9.24316e-08
 Reference value :  3.44422e-07
 Reference value :  5.96522e-07
No. of Data Rows : 7050
trise10_90          =  4.20264e-09 targ=  2.65481e-08 trig=  2.23454e-08
tfall10_90          =  4.12990e-09 targ=  3.27307e-07 trig=  3.23177e-07
tpdlh               =  3.54453e-09 targ=  2.40445e-08 trig=  2.05000e-08
tpdhl               =  3.56889e-09 targ=  3.25069e-07 trig=  3.21500e-07
m_trise_s = 4.2026440000e-09
m_tfall_s = 4.1299040000e-09
m_tpdlh_s = 3.5445330000e-09
m_tpdhl_s = 3.5688910000e-09
m_ipeak_source_a = 1.2185334465e+00
m_ipeak_sink_a = 1.0764841689e+00
m_vout_max_v = 5.0037994806e+00
m_vout_min_v = -2.555848705e-03
m_vin_max_v = 3.3000000000e+00
m_vin_min_v = 0.0000000000e+00
Note: Simulation executed from .control section 

Warning: m=xx on .subckt line will override multiplier m hierarchy!

Note: vimeas: has no value, DC 0 assumed
