
Note: Compatibility modes selected: hs a


Circuit: * gate-driver-core-drive @ tt_125c_vlogic3p63v-vdrv5p50v -- generated by sim/harness, do not edit

Doing analysis at TEMP = 125.000000 and TNOM = 27.000000

Using SPARSE 1.3 as Direct Linear Solver

Initial Transient Solution
--------------------------

Node                                   Voltage
----                                   -------
x1.inb                                    3.63
in                                           0
gnd_logic                                    0
vdd_logic                                 3.63
x1.na                                  2.68944
x1.nb                              7.23467e-10
x1.nca                                 5.49999
gnd_drv                            1.54562e-11
x1.ncb                              2.1112e-09
vdd_drv                                    5.5
x1.nbuf1                                   5.5
in_drv                             2.82073e-09
x2.n1                                      5.5
x2.n2                               5.9028e-09
x2.n3                                      5.5
x2.n4                              7.23217e-09
x2.n5                                      5.5
out                                7.66954e-09
outcap                             7.66954e-09
vimeas#branch                       3.7868e-21
vin#branch                                   0
vgnd_logic#branch                  2.00844e-08
vsup_drv#branch                   -1.86356e-08
vsup_logic#branch                 -1.45219e-09

 Reference value :  9.22874e-08
 Reference value :  3.37864e-07
 Reference value :  5.92464e-07
No. of Data Rows : 7040
trise10_90          =  5.72519e-09 targ=  2.86769e-08 trig=  2.29517e-08
tfall10_90          =  5.71989e-09 targ=  3.29367e-07 trig=  3.23647e-07
tpdlh               =  4.60345e-09 targ=  2.51034e-08 trig=  2.05000e-08
tpdhl               =  4.57213e-09 targ=  3.26072e-07 trig=  3.21500e-07
m_trise_s = 5.7251920000e-09
m_tfall_s = 5.7198910000e-09
m_tpdlh_s = 4.6034490000e-09
m_tpdhl_s = 4.5721330000e-09
m_ipeak_source_a = 1.0678773172e+00
m_ipeak_sink_a = 9.3253498336e-01
m_vout_max_v = 5.5028102421e+00
m_vout_min_v = -2.392804610e-03
m_vin_max_v = 3.6300000000e+00
m_vin_min_v = 0.0000000000e+00
Note: Simulation executed from .control section 

Warning: m=xx on .subckt line will override multiplier m hierarchy!

Note: vimeas: has no value, DC 0 assumed
