
Note: Compatibility modes selected: hs a


Circuit: * output-stage-drive @ ff_-40c_vdrv4p50v -- generated by sim/harness, do not edit

Doing analysis at TEMP = -40.000000 and TNOM = 27.000000

Using SPARSE 1.3 as Direct Linear Solver

Initial Transient Solution
--------------------------

Node                                   Voltage
----                                   -------
n1                                         4.5
in_drv                                       0
vdd_drv                                    4.5
gnd_drv                                      0
n2                                 1.31164e-09
n3                                         4.5
n4                                 1.94873e-09
n5                                         4.5
out                                2.06683e-09
outcap                             2.06683e-09
vimeas#branch                      8.77106e-22
vin#branch                                   0
vgnd_drv#branch                     3.3253e-09
vsup_drv#branch                   -3.32234e-09

 Reference value :  1.26368e-07
No. of Data Rows : 3225
trise10_90          =  3.81771e-09 targ=  2.55465e-08 trig=  2.17288e-08
tfall10_90          =  3.66181e-09 targ=  1.26475e-07 trig=  1.22814e-07
tpdlh               =  2.76350e-09 targ=  2.32635e-08 trig=  2.05000e-08
tpdhl               =  2.96302e-09 targ=  1.24463e-07 trig=  1.21500e-07
ishoot_rise_a       =  2.05132e-01 at=  2.13410e-08
ishoot_fall_a       =  9.60561e-03 at=  1.31568e-07
m_trise_s = 3.8177120000e-09
m_tfall_s = 3.6618140000e-09
m_tpdlh_s = 2.7635050000e-09
m_tpdhl_s = 2.9630200000e-09
m_ipeak_source_a = 1.2196584921e+00
m_ipeak_sink_a = 1.1207487239e+00
m_ishoot_rise_a = 2.0513210000e-01
m_ishoot_fall_a = 9.6056120000e-03
m_energy_per_edge_j = 1.0418503606e-08
m_vout_max_v = 4.5026916911e+00
m_vout_min_v = -2.483341687e-03
m_vin_max_v = 4.5000000000e+00
m_vin_min_v = 0.0000000000e+00
m_n1_max_v = 4.5190913542e+00
m_n1_min_v = -9.421799651e-03
m_n2_max_v = 4.5160358006e+00
m_n2_min_v = -9.965395733e-03
m_n3_max_v = 4.5284856175e+00
m_n3_min_v = -1.841735377e-02
m_n4_max_v = 4.5380738494e+00
m_n4_min_v = -1.851439054e-02
m_n5_max_v = 4.5397097535e+00
m_n5_min_v = -2.476067245e-02
Note: Simulation executed from .control section 

Warning: m=xx on .subckt line will override multiplier m hierarchy!

