
Note: Compatibility modes selected: hs a


Circuit: * output-stage-drive @ ff_125c_vdrv5p00v -- generated by sim/harness, do not edit

Doing analysis at TEMP = 125.000000 and TNOM = 27.000000

Using SPARSE 1.3 as Direct Linear Solver

Initial Transient Solution
--------------------------

Node                                   Voltage
----                                   -------
n1                                           5
in_drv                                       0
vdd_drv                                      5
gnd_drv                                      0
n2                                 3.24168e-08
n3                                           5
n4                                 3.27871e-08
n5                                           5
out                                3.47742e-08
outcap                             3.47742e-08
vimeas#branch                      1.08885e-20
vin#branch                                   0
vgnd_drv#branch                     1.2524e-07
vsup_drv#branch                   -1.25247e-07

 Reference value :  1.40075e-07
No. of Data Rows : 3222
trise10_90          =  5.16655e-09 targ=  2.72293e-08 trig=  2.20627e-08
tfall10_90          =  5.13055e-09 targ=  1.28303e-07 trig=  1.23173e-07
tpdlh               =  3.48516e-09 targ=  2.39852e-08 trig=  2.05000e-08
tpdhl               =  3.82259e-09 targ=  1.25323e-07 trig=  1.21500e-07
ishoot_rise_a       =  1.69058e-01 at=  2.15390e-08
ishoot_fall_a       =  7.05139e-03 at=  1.34775e-07
m_trise_s = 5.1665460000e-09
m_tfall_s = 5.1305510000e-09
m_tpdlh_s = 3.4851600000e-09
m_tpdhl_s = 3.8225910000e-09
m_ipeak_source_a = 1.0933192054e+00
m_ipeak_sink_a = 9.6162605403e-01
m_ishoot_rise_a = 1.6905800000e-01
m_ishoot_fall_a = 7.0513890000e-03
m_energy_per_edge_j = 1.2888488527e-08
m_vout_max_v = 5.0028481894e+00
m_vout_min_v = -1.967422197e-03
m_vin_max_v = 5.0000000000e+00
m_vin_min_v = 0.0000000000e+00
m_n1_max_v = 5.0261592109e+00
m_n1_min_v = -1.484698283e-02
m_n2_max_v = 5.0161018147e+00
m_n2_min_v = -9.301777690e-03
m_n3_max_v = 5.0288200330e+00
m_n3_min_v = -1.591883954e-02
m_n4_max_v = 5.0346092866e+00
m_n4_min_v = -2.180217359e-02
m_n5_max_v = 5.0336830030e+00
m_n5_min_v = -2.017690726e-02
Note: Simulation executed from .control section 

Warning: m=xx on .subckt line will override multiplier m hierarchy!

