
Note: Compatibility modes selected: hs a


Circuit: * output-stage-drive @ ff_125c_vdrv5p50v -- generated by sim/harness, do not edit

Doing analysis at TEMP = 125.000000 and TNOM = 27.000000

Using SPARSE 1.3 as Direct Linear Solver

Initial Transient Solution
--------------------------

Node                                   Voltage
----                                   -------
n1                                         5.5
in_drv                                       0
vdd_drv                                    5.5
gnd_drv                                      0
n2                                 3.50336e-08
n3                                         5.5
n4                                 3.53967e-08
n5                                         5.5
out                                 3.7542e-08
outcap                              3.7542e-08
vimeas#branch                      4.96952e-21
vin#branch                                   0
vgnd_drv#branch                    1.43361e-07
vsup_drv#branch                   -1.43364e-07

 Reference value :  1.42118e-07
No. of Data Rows : 3221
trise10_90          =  4.82989e-09 targ=  2.68135e-08 trig=  2.19836e-08
tfall10_90          =  4.97640e-09 targ=  1.28075e-07 trig=  1.23099e-07
tpdlh               =  3.28105e-09 targ=  2.37811e-08 trig=  2.05000e-08
tpdhl               =  3.68665e-09 targ=  1.25187e-07 trig=  1.21500e-07
ishoot_rise_a       =  1.91742e-01 at=  2.14802e-08
ishoot_fall_a       =  1.16949e-02 at=  1.33518e-07
m_trise_s = 4.8298920000e-09
m_tfall_s = 4.9764000000e-09
m_tpdlh_s = 3.2810550000e-09
m_tpdhl_s = 3.6866490000e-09
m_ipeak_source_a = 1.2867823005e+00
m_ipeak_sink_a = 1.0921334205e+00
m_ishoot_rise_a = 1.9174190000e-01
m_ishoot_fall_a = 1.1694930000e-02
m_energy_per_edge_j = 1.5600914327e-08
m_vout_max_v = 5.5027050834e+00
m_vout_min_v = -1.997464990e-03
m_vin_max_v = 5.5000000000e+00
m_vin_min_v = 0.0000000000e+00
m_n1_max_v = 5.5248492439e+00
m_n1_min_v = -1.495832277e-02
m_n2_max_v = 5.5150977473e+00
m_n2_min_v = -9.195441346e-03
m_n3_max_v = 5.5246317689e+00
m_n3_min_v = -1.481920898e-02
m_n4_max_v = 5.5327743532e+00
m_n4_min_v = -2.090067968e-02
m_n5_max_v = 5.5333675813e+00
m_n5_min_v = -2.021234308e-02
Note: Simulation executed from .control section 

Warning: m=xx on .subckt line will override multiplier m hierarchy!

