
Note: Compatibility modes selected: hs a


Circuit: * output-stage-drive @ ff_27c_vdrv6p00v -- generated by sim/harness, do not edit

Doing analysis at TEMP = 27.000000 and TNOM = 27.000000

Using SPARSE 1.3 as Direct Linear Solver

Initial Transient Solution
--------------------------

Node                                   Voltage
----                                   -------
n1                                           6
in_drv                                       0
vdd_drv                                      6
gnd_drv                                      0
n2                                 2.04567e-09
n3                                           6
n4                                 3.02677e-09
n5                                           6
out                                3.21021e-09
outcap                             3.21021e-09
vimeas#branch                      2.04231e-21
vin#branch                                   0
vgnd_drv#branch                    4.96744e-09
vsup_drv#branch                   -4.97425e-09

 Reference value :  1.43950e-07
No. of Data Rows : 3224
trise10_90          =  3.85140e-09 targ=  2.55704e-08 trig=  2.17190e-08
tfall10_90          =  3.87913e-09 targ=  1.26691e-07 trig=  1.22811e-07
tpdlh               =  2.70789e-09 targ=  2.32079e-08 trig=  2.05000e-08
tpdhl               =  3.00778e-09 targ=  1.24508e-07 trig=  1.21500e-07
ishoot_rise_a       =  2.67516e-01 at=  2.13125e-08
ishoot_fall_a       =  1.24464e-02 at=  1.31400e-07
m_trise_s = 3.8514040000e-09
m_tfall_s = 3.8791320000e-09
m_tpdlh_s = 2.7078860000e-09
m_tpdhl_s = 3.0077790000e-09
m_ipeak_source_a = 1.6799919081e+00
m_ipeak_sink_a = 1.4600468052e+00
m_ishoot_rise_a = 2.6751620000e-01
m_ishoot_fall_a = 1.2446380000e-02
m_energy_per_edge_j = 1.8558920331e-08
m_vout_max_v = 6.0025613987e+00
m_vout_min_v = -2.240241000e-03
m_vin_max_v = 6.0000000000e+00
m_vin_min_v = 0.0000000000e+00
m_n1_max_v = 6.0223577789e+00
m_n1_min_v = -1.270007781e-02
m_n2_max_v = 6.0135548119e+00
m_n2_min_v = -8.077881439e-03
m_n3_max_v = 6.0224785746e+00
m_n3_min_v = -1.293841489e-02
m_n4_max_v = 6.0331421079e+00
m_n4_min_v = -2.074101782e-02
m_n5_max_v = 6.0368455369e+00
m_n5_min_v = -2.153248582e-02
Note: Simulation executed from .control section 

Warning: m=xx on .subckt line will override multiplier m hierarchy!

