
Note: Compatibility modes selected: hs a


Circuit: * output-stage-drive @ fs_-40c_vdrv5p50v -- generated by sim/harness, do not edit

Doing analysis at TEMP = -40.000000 and TNOM = 27.000000

Using SPARSE 1.3 as Direct Linear Solver

Initial Transient Solution
--------------------------

Node                                   Voltage
----                                   -------
n1                                         5.5
in_drv                                       0
vdd_drv                                    5.5
gnd_drv                                      0
n2                                 1.44065e-09
n3                                         5.5
n4                                 2.16117e-09
n5                                         5.5
out                                2.29215e-09
outcap                             2.29215e-09
vimeas#branch                      -2.7502e-23
vin#branch                                   0
vgnd_drv#branch                    3.95884e-09
vsup_drv#branch                   -3.95983e-09

 Reference value :  1.39942e-07
No. of Data Rows : 3223
trise10_90          =  4.42987e-09 targ=  2.62607e-08 trig=  2.18308e-08
tfall10_90          =  3.54972e-09 targ=  1.26464e-07 trig=  1.22914e-07
tpdlh               =  3.12650e-09 targ=  2.36265e-08 trig=  2.05000e-08
tpdhl               =  3.02725e-09 targ=  1.24527e-07 trig=  1.21500e-07
ishoot_rise_a       =  2.60246e-01 at=  2.13714e-08
ishoot_fall_a       =  2.03183e-02 at=  1.21000e-07
m_trise_s = 4.4298660000e-09
m_tfall_s = 3.5497210000e-09
m_tpdlh_s = 3.1264980000e-09
m_tpdhl_s = 3.0272540000e-09
m_ipeak_source_a = 1.2820577906e+00
m_ipeak_sink_a = 1.3996782541e+00
m_ishoot_rise_a = 2.6024580000e-01
m_ishoot_fall_a = 2.0318330000e-02
m_energy_per_edge_j = 1.5581531991e-08
m_vout_max_v = 5.5033192089e+00
m_vout_min_v = -3.228607657e-03
m_vin_max_v = 5.5000000000e+00
m_vin_min_v = 0.0000000000e+00
m_n1_max_v = 5.5258508371e+00
m_n1_min_v = -1.103036220e-02
m_n2_max_v = 5.5197957458e+00
m_n2_min_v = -1.271921941e-02
m_n3_max_v = 5.5346756614e+00
m_n3_min_v = -2.042543436e-02
m_n4_max_v = 5.5411394063e+00
m_n4_min_v = -2.340636477e-02
m_n5_max_v = 5.5387773045e+00
m_n5_min_v = -2.834146413e-02
Note: Simulation executed from .control section 

Warning: m=xx on .subckt line will override multiplier m hierarchy!

