
Note: Compatibility modes selected: hs a


Circuit: * output-stage-drive @ fs_27c_vdrv5p50v -- generated by sim/harness, do not edit

Doing analysis at TEMP = 27.000000 and TNOM = 27.000000

Using SPARSE 1.3 as Direct Linear Solver

Initial Transient Solution
--------------------------

Node                                   Voltage
----                                   -------
n1                                         5.5
in_drv                                       0
vdd_drv                                    5.5
gnd_drv                                      0
n2                                 1.89036e-09
n3                                         5.5
n4                                 2.83612e-09
n5                                         5.5
out                                3.00801e-09
outcap                             3.00801e-09
vimeas#branch                     -2.03463e-21
vin#branch                                   0
vgnd_drv#branch                    4.13552e-09
vsup_drv#branch                   -4.13542e-09

 Reference value :  1.36649e-07
No. of Data Rows : 3222
trise10_90          =  5.33475e-09 targ=  2.73644e-08 trig=  2.20296e-08
tfall10_90          =  4.15529e-09 targ=  1.27264e-07 trig=  1.23108e-07
tpdlh               =  3.61766e-09 targ=  2.41177e-08 trig=  2.05000e-08
tpdhl               =  3.43118e-09 targ=  1.24931e-07 trig=  1.21500e-07
ishoot_rise_a       =  2.14771e-01 at=  2.14809e-08
ishoot_fall_a       =  1.17251e-02 at=  1.32149e-07
m_trise_s = 5.3347460000e-09
m_tfall_s = 4.1552850000e-09
m_tpdlh_s = 3.6176570000e-09
m_tpdhl_s = 3.4311830000e-09
m_ipeak_source_a = 1.1016419858e+00
m_ipeak_sink_a = 1.2421340358e+00
m_ishoot_rise_a = 2.1477080000e-01
m_ishoot_fall_a = 1.1725070000e-02
m_energy_per_edge_j = 1.5589589002e-08
m_vout_max_v = 5.5033911831e+00
m_vout_min_v = -2.981989162e-03
m_vin_max_v = 5.5000000000e+00
m_vin_min_v = 0.0000000000e+00
m_n1_max_v = 5.5297200352e+00
m_n1_min_v = -1.382105038e-02
m_n2_max_v = 5.5207299001e+00
m_n2_min_v = -1.389248337e-02
m_n3_max_v = 5.5309641570e+00
m_n3_min_v = -2.328339356e-02
m_n4_max_v = 5.5396875723e+00
m_n4_min_v = -2.760399259e-02
m_n5_max_v = 5.5393971288e+00
m_n5_min_v = -2.759676996e-02
Note: Simulation executed from .control section 

Warning: m=xx on .subckt line will override multiplier m hierarchy!

