
Note: Compatibility modes selected: hs a


Circuit: * output-stage-drive @ sf_-40c_vdrv5p00v -- generated by sim/harness, do not edit

Doing analysis at TEMP = -40.000000 and TNOM = 27.000000

Using SPARSE 1.3 as Direct Linear Solver

Initial Transient Solution
--------------------------

Node                                   Voltage
----                                   -------
n1                                           5
in_drv                                       0
vdd_drv                                      5
gnd_drv                                      0
n2                                 1.66942e-09
n3                                           5
n4                                 2.47991e-09
n5                                           5
out                                2.63021e-09
outcap                             2.63021e-09
vimeas#branch                      3.20964e-22
vin#branch                                   0
vgnd_drv#branch                    3.67475e-09
vsup_drv#branch                   -3.67536e-09

 Reference value :  1.34645e-07
No. of Data Rows : 3224
trise10_90          =  3.77655e-09 targ=  2.56984e-08 trig=  2.19218e-08
tfall10_90          =  4.76354e-09 targ=  1.27805e-07 trig=  1.23041e-07
tpdlh               =  2.94215e-09 targ=  2.34421e-08 trig=  2.05000e-08
tpdhl               =  3.74600e-09 targ=  1.25246e-07 trig=  1.21500e-07
ishoot_rise_a       =  1.80982e-01 at=  2.14859e-08
ishoot_fall_a       =  3.60711e-03 at=  1.34945e-07
m_trise_s = 3.7765480000e-09
m_tfall_s = 4.7635450000e-09
m_tpdlh_s = 2.9421460000e-09
m_tpdhl_s = 3.7459990000e-09
m_ipeak_source_a = 1.3580656564e+00
m_ipeak_sink_a = 9.2208347981e-01
m_ishoot_rise_a = 1.8098210000e-01
m_ishoot_fall_a = 3.6071110000e-03
m_energy_per_edge_j = 1.2868946423e-08
m_vout_max_v = 5.0046929868e+00
m_vout_min_v = -2.753228339e-03
m_vin_max_v = 5.0000000000e+00
m_vin_min_v = 0.0000000000e+00
m_n1_max_v = 5.0223080242e+00
m_n1_min_v = -1.243010078e-02
m_n2_max_v = 5.0233960554e+00
m_n2_min_v = -1.332793317e-02
m_n3_max_v = 5.0385986603e+00
m_n3_min_v = -2.238680273e-02
m_n4_max_v = 5.0522934477e+00
m_n4_min_v = -2.789301723e-02
m_n5_max_v = 5.0478303157e+00
m_n5_min_v = -2.371204751e-02
Note: Simulation executed from .control section 

Warning: m=xx on .subckt line will override multiplier m hierarchy!

