
Note: Compatibility modes selected: hs a


Circuit: * output-stage-drive @ sf_-40c_vdrv5p50v -- generated by sim/harness, do not edit

Doing analysis at TEMP = -40.000000 and TNOM = 27.000000

Using SPARSE 1.3 as Direct Linear Solver

Initial Transient Solution
--------------------------

Node                                   Voltage
----                                   -------
n1                                         5.5
in_drv                                       0
vdd_drv                                    5.5
gnd_drv                                      0
n2                                 1.74017e-09
n3                                         5.5
n4                                 2.58475e-09
n5                                         5.5
out                                 2.7414e-09
outcap                              2.7414e-09
vimeas#branch                      7.95678e-22
vin#branch                                   0
vgnd_drv#branch                     4.0433e-09
vsup_drv#branch                    -4.0422e-09

 Reference value :  1.32335e-07
No. of Data Rows : 3226
trise10_90          =  3.57630e-09 targ=  2.54325e-08 trig=  2.18562e-08
tfall10_90          =  4.55728e-09 targ=  1.27524e-07 trig=  1.22967e-07
tpdlh               =  2.79599e-09 targ=  2.32960e-08 trig=  2.05000e-08
tpdhl               =  3.58031e-09 targ=  1.25080e-07 trig=  1.21500e-07
ishoot_rise_a       =  2.12484e-01 at=  2.14454e-08
ishoot_fall_a       =  7.78275e-03 at=  1.32035e-07
m_trise_s = 3.5763010000e-09
m_tfall_s = 4.5572850000e-09
m_tpdlh_s = 2.7959950000e-09
m_tpdhl_s = 3.5803090000e-09
m_ipeak_source_a = 1.5713740944e+00
m_ipeak_sink_a = 1.0663245374e+00
m_ishoot_rise_a = 2.1248430000e-01
m_ishoot_fall_a = 7.7827490000e-03
m_energy_per_edge_j = 1.5578852254e-08
m_vout_max_v = 5.5044987411e+00
m_vout_min_v = -2.794305366e-03
m_vin_max_v = 5.5000000000e+00
m_vin_min_v = 0.0000000000e+00
m_n1_max_v = 5.5219915845e+00
m_n1_min_v = -1.278652328e-02
m_n2_max_v = 5.5236300224e+00
m_n2_min_v = -1.098405807e-02
m_n3_max_v = 5.5380348616e+00
m_n3_min_v = -1.923210949e-02
m_n4_max_v = 5.5465114112e+00
m_n4_min_v = -2.592410288e-02
m_n5_max_v = 5.5439707494e+00
m_n5_min_v = -2.648631654e-02
Note: Simulation executed from .control section 

Warning: m=xx on .subckt line will override multiplier m hierarchy!

