
Note: Compatibility modes selected: hs a


Circuit: * output-stage-drive @ sf_-40c_vdrv4p50v -- generated by sim/harness, do not edit

Doing analysis at TEMP = -40.000000 and TNOM = 27.000000

Using SPARSE 1.3 as Direct Linear Solver

Initial Transient Solution
--------------------------

Node                                   Voltage
----                                   -------
n1                                         4.5
in_drv                                       0
vdd_drv                                    4.5
gnd_drv                                      0
n2                                 1.60912e-09
n3                                         4.5
n4                                 2.39099e-09
n5                                         4.5
out                                2.53591e-09
outcap                             2.53591e-09
vimeas#branch                      5.08979e-22
vin#branch                                   0
vgnd_drv#branch                    3.30601e-09
vsup_drv#branch                   -3.30676e-09

 Reference value :  1.30961e-07
No. of Data Rows : 3222
trise10_90          =  4.03711e-09 targ=  2.60467e-08 trig=  2.20096e-08
tfall10_90          =  5.04115e-09 targ=  1.28180e-07 trig=  1.23139e-07
tpdlh               =  3.13562e-09 targ=  2.36356e-08 trig=  2.05000e-08
tpdhl               =  3.96578e-09 targ=  1.25466e-07 trig=  1.21500e-07
ishoot_rise_a       =  1.58610e-01 at=  2.15638e-08
ishoot_fall_a       =  1.21586e-02 at=  1.21000e-07
m_trise_s = 4.0371060000e-09
m_tfall_s = 5.0411530000e-09
m_tpdlh_s = 3.1356250000e-09
m_tpdhl_s = 3.9657840000e-09
m_ipeak_source_a = 1.1470282238e+00
m_ipeak_sink_a = 7.9166139570e-01
m_ishoot_rise_a = 1.5861010000e-01
m_ishoot_fall_a = 1.2158560000e-02
m_energy_per_edge_j = 1.0419023943e-08
m_vout_max_v = 4.5047601622e+00
m_vout_min_v = -2.593729116e-03
m_vin_max_v = 4.5000000000e+00
m_vin_min_v = 0.0000000000e+00
m_n1_max_v = 4.5217632547e+00
m_n1_min_v = -1.260132711e-02
m_n2_max_v = 4.5281574662e+00
m_n2_min_v = -1.301716892e-02
m_n3_max_v = 4.5412802457e+00
m_n3_min_v = -2.184210322e-02
m_n4_max_v = 4.5490684339e+00
m_n4_min_v = -2.671885359e-02
m_n5_max_v = 4.5445844937e+00
m_n5_min_v = -2.008841795e-02
Note: Simulation executed from .control section 

Warning: m=xx on .subckt line will override multiplier m hierarchy!

