
Note: Compatibility modes selected: hs a


Circuit: * output-stage-drive @ sf_125c_vdrv5p50v -- generated by sim/harness, do not edit

Doing analysis at TEMP = 125.000000 and TNOM = 27.000000

Using SPARSE 1.3 as Direct Linear Solver

Initial Transient Solution
--------------------------

Node                                   Voltage
----                                   -------
n1                                         5.5
in_drv                                       0
vdd_drv                                    5.5
gnd_drv                                      0
n2                                 2.00047e-08
n3                                         5.5
n4                                 2.10625e-08
n5                                         5.5
out                                 2.2339e-08
outcap                              2.2339e-08
vimeas#branch                     -1.11431e-21
vin#branch                                   0
vgnd_drv#branch                    1.80707e-08
vsup_drv#branch                   -1.80733e-08

 Reference value :  1.42375e-07
No. of Data Rows : 3220
trise10_90          =  5.10869e-09 targ=  2.73898e-08 trig=  2.22811e-08
tfall10_90          =  6.43516e-09 targ=  1.29874e-07 trig=  1.23439e-07
tpdlh               =  3.68793e-09 targ=  2.41879e-08 trig=  2.05000e-08
tpdhl               =  4.68367e-09 targ=  1.26184e-07 trig=  1.21500e-07
ishoot_rise_a       =  1.52005e-01 at=  2.17582e-08
ishoot_fall_a       =  9.67260e-03 at=  1.36775e-07
m_trise_s = 5.1086910000e-09
m_tfall_s = 6.4351600000e-09
m_tpdlh_s = 3.6879330000e-09
m_tpdhl_s = 4.6836750000e-09
m_ipeak_source_a = 1.2078010898e+00
m_ipeak_sink_a = 8.2775399943e-01
m_ishoot_rise_a = 1.5200490000e-01
m_ishoot_fall_a = 9.6725960000e-03
m_energy_per_edge_j = 1.5598312774e-08
m_vout_max_v = 5.5042193122e+00
m_vout_min_v = -2.198355107e-03
m_vin_max_v = 5.5000000000e+00
m_vin_min_v = 0.0000000000e+00
m_n1_max_v = 5.5314674144e+00
m_n1_min_v = -1.934646735e-02
m_n2_max_v = 5.5266602617e+00
m_n2_min_v = -1.237304629e-02
m_n3_max_v = 5.5408750269e+00
m_n3_min_v = -2.120694332e-02
m_n4_max_v = 5.5450078781e+00
m_n4_min_v = -2.246998580e-02
m_n5_max_v = 5.5445761239e+00
m_n5_min_v = -2.353473013e-02
Note: Simulation executed from .control section 

Warning: m=xx on .subckt line will override multiplier m hierarchy!

