
Note: Compatibility modes selected: hs a


Circuit: * output-stage-drive @ sf_27c_vdrv4p50v -- generated by sim/harness, do not edit

Doing analysis at TEMP = 27.000000 and TNOM = 27.000000

Using SPARSE 1.3 as Direct Linear Solver

Initial Transient Solution
--------------------------

Node                                   Voltage
----                                   -------
n1                                         4.5
in_drv                                       0
vdd_drv                                    4.5
gnd_drv                                      0
n2                                 2.13216e-09
n3                                         4.5
n4                                 3.16455e-09
n5                                         4.5
out                                3.35634e-09
outcap                             3.35634e-09
vimeas#branch                      1.05134e-21
vin#branch                                   0
vgnd_drv#branch                    3.31434e-09
vsup_drv#branch                     -3.315e-09

 Reference value :  1.27173e-07
No. of Data Rows : 3221
trise10_90          =  4.86252e-09 targ=  2.70797e-08 trig=  2.22171e-08
tfall10_90          =  5.80217e-09 targ=  1.29159e-07 trig=  1.23357e-07
tpdlh               =  3.60303e-09 targ=  2.41030e-08 trig=  2.05000e-08
tpdhl               =  4.44068e-09 targ=  1.25941e-07 trig=  1.21500e-07
ishoot_rise_a       =  1.34097e-01 at=  2.16937e-08
ishoot_fall_a       =  2.59191e-03 at=  1.34323e-07
m_trise_s = 4.8625240000e-09
m_tfall_s = 5.8021710000e-09
m_tpdlh_s = 3.6030250000e-09
m_tpdhl_s = 4.4406800000e-09
m_ipeak_source_a = 9.9301198559e-01
m_ipeak_sink_a = 7.0843563549e-01
m_ishoot_rise_a = 1.3409690000e-01
m_ishoot_fall_a = 2.5919070000e-03
m_energy_per_edge_j = 1.0424799742e-08
m_vout_max_v = 4.5045442422e+00
m_vout_min_v = -2.425589032e-03
m_vin_max_v = 4.5000000000e+00
m_vin_min_v = 0.0000000000e+00
m_n1_max_v = 4.5269223120e+00
m_n1_min_v = -1.537115221e-02
m_n2_max_v = 4.5298202466e+00
m_n2_min_v = -1.426322984e-02
m_n3_max_v = 4.5465996379e+00
m_n3_min_v = -2.099238462e-02
m_n4_max_v = 4.5463486263e+00
m_n4_min_v = -2.564635100e-02
m_n5_max_v = 4.5492244288e+00
m_n5_min_v = -2.645933976e-02
Note: Simulation executed from .control section 

Warning: m=xx on .subckt line will override multiplier m hierarchy!

