
Note: Compatibility modes selected: hs a


Circuit: * output-stage-drive @ sf_27c_vdrv5p00v -- generated by sim/harness, do not edit

Doing analysis at TEMP = 27.000000 and TNOM = 27.000000

Using SPARSE 1.3 as Direct Linear Solver

Initial Transient Solution
--------------------------

Node                                   Voltage
----                                   -------
n1                                           5
in_drv                                       0
vdd_drv                                      5
gnd_drv                                      0
n2                                 2.22015e-09
n3                                           5
n4                                  3.2948e-09
n5                                           5
out                                3.49454e-09
outcap                             3.49454e-09
vimeas#branch                      8.31095e-22
vin#branch                                   0
vgnd_drv#branch                    3.68414e-09
vsup_drv#branch                   -3.68895e-09

 Reference value :  1.28318e-07
No. of Data Rows : 3221
trise10_90          =  4.52454e-09 targ=  2.66339e-08 trig=  2.21094e-08
tfall10_90          =  5.47879e-09 targ=  1.28722e-07 trig=  1.23243e-07
tpdlh               =  3.36216e-09 targ=  2.38622e-08 trig=  2.05000e-08
tpdhl               =  4.18835e-09 targ=  1.25688e-07 trig=  1.21500e-07
ishoot_rise_a       =  1.59806e-01 at=  2.16130e-08
ishoot_fall_a       =  3.48304e-03 at=  1.50918e-07
m_trise_s = 4.5245380000e-09
m_tfall_s = 5.4787900000e-09
m_tpdlh_s = 3.3621610000e-09
m_tpdhl_s = 4.1883550000e-09
m_ipeak_source_a = 1.1847723292e+00
m_ipeak_sink_a = 8.4029838289e-01
m_ishoot_rise_a = 1.5980600000e-01
m_ishoot_fall_a = 3.4830410000e-03
m_energy_per_edge_j = 1.2876003372e-08
m_vout_max_v = 5.0047137699e+00
m_vout_min_v = -2.525171327e-03
m_vin_max_v = 5.0000000000e+00
m_vin_min_v = 0.0000000000e+00
m_n1_max_v = 5.0274494844e+00
m_n1_min_v = -1.524776234e-02
m_n2_max_v = 5.0275904000e+00
m_n2_min_v = -1.367959886e-02
m_n3_max_v = 5.0432601953e+00
m_n3_min_v = -2.235104029e-02
m_n4_max_v = 5.0447648812e+00
m_n4_min_v = -2.664651865e-02
m_n5_max_v = 5.0478546935e+00
m_n5_min_v = -2.661525806e-02
Note: Simulation executed from .control section 

Warning: m=xx on .subckt line will override multiplier m hierarchy!

