
Note: Compatibility modes selected: hs a


Circuit: * output-stage-drive @ sf_27c_vdrv6p00v -- generated by sim/harness, do not edit

Doing analysis at TEMP = 27.000000 and TNOM = 27.000000

Using SPARSE 1.3 as Direct Linear Solver

Initial Transient Solution
--------------------------

Node                                   Voltage
----                                   -------
n1                                           6
in_drv                                       0
vdd_drv                                      6
gnd_drv                                      0
n2                                 2.43796e-09
n3                                           6
n4                                 3.61678e-09
n5                                           6
out                                3.83598e-09
outcap                             3.83598e-09
vimeas#branch                      1.27278e-21
vin#branch                                   0
vgnd_drv#branch                    4.42416e-09
vsup_drv#branch                   -4.41896e-09

 Reference value :  1.31191e-07
No. of Data Rows : 3223
trise10_90          =  4.04870e-09 targ=  2.60119e-08 trig=  2.19632e-08
tfall10_90          =  5.05989e-09 targ=  1.28143e-07 trig=  1.23083e-07
tpdlh               =  3.03138e-09 targ=  2.35314e-08 trig=  2.05000e-08
tpdhl               =  3.84762e-09 targ=  1.25348e-07 trig=  1.21500e-07
ishoot_rise_a       =  2.07567e-01 at=  2.15528e-08
ishoot_fall_a       =  3.85692e-03 at=  1.32641e-07
m_trise_s = 4.0486960000e-09
m_tfall_s = 5.0598890000e-09
m_tpdlh_s = 3.0313750000e-09
m_tpdhl_s = 3.8476240000e-09
m_ipeak_source_a = 1.5922963235e+00
m_ipeak_sink_a = 1.0882190692e+00
m_ishoot_rise_a = 2.0756710000e-01
m_ishoot_fall_a = 3.8569210000e-03
m_energy_per_edge_j = 1.8557506780e-08
m_vout_max_v = 6.0042903436e+00
m_vout_min_v = -2.554721272e-03
m_vin_max_v = 6.0000000000e+00
m_vin_min_v = 0.0000000000e+00
m_n1_max_v = 6.0277602402e+00
m_n1_min_v = -1.648397924e-02
m_n2_max_v = 6.0222629358e+00
m_n2_min_v = -1.085163850e-02
m_n3_max_v = 6.0382149848e+00
m_n3_min_v = -2.013043115e-02
m_n4_max_v = 6.0504908262e+00
m_n4_min_v = -2.715081766e-02
m_n5_max_v = 6.0469051849e+00
m_n5_min_v = -2.440978098e-02
Note: Simulation executed from .control section 

Warning: m=xx on .subckt line will override multiplier m hierarchy!

