
Note: Compatibility modes selected: hs a


Circuit: * output-stage-drive @ ss_-40c_vdrv4p50v -- generated by sim/harness, do not edit

Doing analysis at TEMP = -40.000000 and TNOM = 27.000000

Using SPARSE 1.3 as Direct Linear Solver

Initial Transient Solution
--------------------------

Node                                   Voltage
----                                   -------
n1                                         4.5
in_drv                                       0
vdd_drv                                    4.5
gnd_drv                                      0
n2                                  1.6168e-09
n3                                         4.5
n4                                 2.42561e-09
n5                                         4.5
out                                2.57262e-09
outcap                             2.57262e-09
vimeas#branch                     -1.15402e-21
vin#branch                                   0
vgnd_drv#branch                    3.22096e-09
vsup_drv#branch                   -3.21962e-09

 Reference value :  1.38775e-07
No. of Data Rows : 3220
trise10_90          =  5.52479e-09 targ=  2.79048e-08 trig=  2.23800e-08
tfall10_90          =  5.38240e-09 targ=  1.28874e-07 trig=  1.23492e-07
tpdlh               =  4.13251e-09 targ=  2.46325e-08 trig=  2.05000e-08
tpdhl               =  4.48691e-09 targ=  1.25987e-07 trig=  1.21500e-07
ishoot_rise_a       =  1.37727e-01 at=  2.18022e-08
ishoot_fall_a       =  5.29759e-03 at=  1.46725e-07
m_trise_s = 5.5247860000e-09
m_tfall_s = 5.3823980000e-09
m_tpdlh_s = 4.1325090000e-09
m_tpdhl_s = 4.4869110000e-09
m_ipeak_source_a = 8.3424099984e-01
m_ipeak_sink_a = 7.4193160721e-01
m_ishoot_rise_a = 1.3772740000e-01
m_ishoot_fall_a = 5.2975910000e-03
m_energy_per_edge_j = 1.0422938450e-08
m_vout_max_v = 4.5052594014e+00
m_vout_min_v = -3.329859494e-03
m_vin_max_v = 4.5000000000e+00
m_vin_min_v = 0.0000000000e+00
m_n1_max_v = 4.5306584377e+00
m_n1_min_v = -1.435985284e-02
m_n2_max_v = 4.5376458215e+00
m_n2_min_v = -2.048842034e-02
m_n3_max_v = 4.5528864230e+00
m_n3_min_v = -2.876383338e-02
m_n4_max_v = 4.5501052298e+00
m_n4_min_v = -2.825241241e-02
m_n5_max_v = 4.5524745481e+00
m_n5_min_v = -3.036341007e-02
Note: Simulation executed from .control section 

Warning: m=xx on .subckt line will override multiplier m hierarchy!

