
Note: Compatibility modes selected: hs a


Circuit: * output-stage-drive @ ss_125c_vdrv5p50v -- generated by sim/harness, do not edit

Doing analysis at TEMP = 125.000000 and TNOM = 27.000000

Using SPARSE 1.3 as Direct Linear Solver

Initial Transient Solution
--------------------------

Node                                   Voltage
----                                   -------
n1                                         5.5
in_drv                                       0
vdd_drv                                    5.5
gnd_drv                                      0
n2                                 4.00023e-09
n3                                         5.5
n4                                 5.62117e-09
n5                                         5.5
out                                5.96185e-09
outcap                             5.96185e-09
vimeas#branch                      2.06259e-21
vin#branch                                   0
vgnd_drv#branch                    5.30264e-09
vsup_drv#branch                   -5.31246e-09

 Reference value :  1.31375e-07
No. of Data Rows : 3227
trise10_90          =  7.00658e-09 targ=  2.97227e-08 trig=  2.27161e-08
tfall10_90          =  6.77369e-09 targ=  1.30606e-07 trig=  1.23832e-07
tpdlh               =  4.87472e-09 targ=  2.53747e-08 trig=  2.05000e-08
tpdhl               =  5.22827e-09 targ=  1.26728e-07 trig=  1.21500e-07
ishoot_rise_a       =  1.38784e-01 at=  2.19737e-08
ishoot_fall_a       =  7.15941e-03 at=  1.21000e-07
m_trise_s = 7.0065770000e-09
m_tfall_s = 6.7736930000e-09
m_tpdlh_s = 4.8747150000e-09
m_tpdhl_s = 5.2282680000e-09
m_ipeak_source_a = 8.6693062802e-01
m_ipeak_sink_a = 7.8150609225e-01
m_ishoot_rise_a = 1.3878440000e-01
m_ishoot_fall_a = 7.1594060000e-03
m_energy_per_edge_j = 1.5603884397e-08
m_vout_max_v = 5.5048775961e+00
m_vout_min_v = -3.180469712e-03
m_vin_max_v = 5.5000000000e+00
m_vin_min_v = 0.0000000000e+00
m_n1_max_v = 5.5425272399e+00
m_n1_min_v = -2.297568605e-02
m_n2_max_v = 5.5362448304e+00
m_n2_min_v = -2.032908362e-02
m_n3_max_v = 5.5540040024e+00
m_n3_min_v = -2.969865436e-02
m_n4_max_v = 5.5544230057e+00
m_n4_min_v = -3.011343598e-02
m_n5_max_v = 5.5548649328e+00
m_n5_min_v = -2.985042604e-02
Note: Simulation executed from .control section 

Warning: m=xx on .subckt line will override multiplier m hierarchy!

