
Note: Compatibility modes selected: hs a


Circuit: * output-stage-drive @ ss_125c_vdrv5p00v -- generated by sim/harness, do not edit

Doing analysis at TEMP = 125.000000 and TNOM = 27.000000

Using SPARSE 1.3 as Direct Linear Solver

Initial Transient Solution
--------------------------

Node                                   Voltage
----                                   -------
n1                                           5
in_drv                                       0
vdd_drv                                      5
gnd_drv                                      0
n2                                 3.86937e-09
n3                                           5
n4                                 5.41538e-09
n5                                           5
out                                5.74358e-09
outcap                             5.74358e-09
vimeas#branch                       2.6695e-21
vin#branch                                   0
vgnd_drv#branch                    4.83277e-09
vsup_drv#branch                   -4.83843e-09

 Reference value :  1.36825e-07
No. of Data Rows : 3222
trise10_90          =  7.60220e-09 targ=  3.04785e-08 trig=  2.28763e-08
tfall10_90          =  7.09431e-09 targ=  1.31075e-07 trig=  1.23980e-07
tpdlh               =  5.26895e-09 targ=  2.57690e-08 trig=  2.05000e-08
tpdhl               =  5.51051e-09 targ=  1.27011e-07 trig=  1.21500e-07
ishoot_rise_a       =  1.17001e-01 at=  2.21250e-08
ishoot_fall_a       =  6.42667e-03 at=  1.38725e-07
m_trise_s = 7.6022010000e-09
m_tfall_s = 7.0943110000e-09
m_tpdlh_s = 5.2689500000e-09
m_tpdhl_s = 5.5105130000e-09
m_ipeak_source_a = 7.2159562440e-01
m_ipeak_sink_a = 6.7753381144e-01
m_ishoot_rise_a = 1.1700120000e-01
m_ishoot_fall_a = 6.4266700000e-03
m_energy_per_edge_j = 1.2890712432e-08
m_vout_max_v = 5.0049070445e+00
m_vout_min_v = -3.121777881e-03
m_vin_max_v = 5.0000000000e+00
m_vin_min_v = 0.0000000000e+00
m_n1_max_v = 5.0424827482e+00
m_n1_min_v = -2.239900847e-02
m_n2_max_v = 5.0400970678e+00
m_n2_min_v = -2.150579680e-02
m_n3_max_v = 5.0559712146e+00
m_n3_min_v = -2.942163427e-02
m_n4_max_v = 5.0538667603e+00
m_n4_min_v = -3.041391637e-02
m_n5_max_v = 5.0530068805e+00
m_n5_min_v = -3.066546878e-02
Note: Simulation executed from .control section 

Warning: m=xx on .subckt line will override multiplier m hierarchy!

