
Note: Compatibility modes selected: hs a


Circuit: * output-stage-drive @ tt_125c_vdrv5p50v -- generated by sim/harness, do not edit

Doing analysis at TEMP = 125.000000 and TNOM = 27.000000

Using SPARSE 1.3 as Direct Linear Solver

Initial Transient Solution
--------------------------

Node                                   Voltage
----                                   -------
n1                                         5.5
in_drv                                       0
vdd_drv                                    5.5
gnd_drv                                      0
n2                                 5.88734e-09
n3                                         5.5
n4                                 7.21671e-09
n5                                         5.5
out                                7.65409e-09
outcap                             7.65409e-09
vimeas#branch                      7.22333e-22
vin#branch                                   0
vgnd_drv#branch                    1.53457e-08
vsup_drv#branch                   -1.53579e-08

 Reference value :  1.27475e-07
No. of Data Rows : 3221
trise10_90          =  5.72590e-09 targ=  2.79987e-08 trig=  2.22728e-08
tfall10_90          =  5.72064e-09 targ=  1.29110e-07 trig=  1.23390e-07
tpdlh               =  3.92422e-09 targ=  2.44242e-08 trig=  2.05000e-08
tpdhl               =  4.31493e-09 targ=  1.25815e-07 trig=  1.21500e-07
ishoot_rise_a       =  1.66512e-01 at=  2.16952e-08
ishoot_fall_a       =  5.13070e-03 at=  1.21000e-07
m_trise_s = 5.7259040000e-09
m_tfall_s = 5.7206380000e-09
m_tpdlh_s = 3.9242230000e-09
m_tpdhl_s = 4.3149290000e-09
m_ipeak_source_a = 1.0713876570e+00
m_ipeak_sink_a = 9.3273300398e-01
m_ishoot_rise_a = 1.6651150000e-01
m_ishoot_fall_a = 5.1307010000e-03
m_energy_per_edge_j = 1.5597067831e-08
m_vout_max_v = 5.5038835465e+00
m_vout_min_v = -2.409510690e-03
m_vin_max_v = 5.5000000000e+00
m_vin_min_v = 0.0000000000e+00
m_n1_max_v = 5.5329746974e+00
m_n1_min_v = -1.833799039e-02
m_n2_max_v = 5.5234374772e+00
m_n2_min_v = -1.295564946e-02
m_n3_max_v = 5.5380451115e+00
m_n3_min_v = -2.170127153e-02
m_n4_max_v = 5.5416511763e+00
m_n4_min_v = -2.396015745e-02
m_n5_max_v = 5.5427472524e+00
m_n5_min_v = -2.556792125e-02
Note: Simulation executed from .control section 

Warning: m=xx on .subckt line will override multiplier m hierarchy!

