
Note: No compatibility mode selected!


Circuit: * gate-driver-core-drive-with-uvlo @ ff_-40c_vlogic3p30v-vdrv6p00v -- generated by sim/harness, do not edit

Doing analysis at TEMP = -40.000000 and TNOM = 27.000000

Using SPARSE 1.3 as Direct Linear Solver

Initial Transient Solution
--------------------------

Node                                   Voltage
----                                   -------
x1.inb                                     3.3
in                                           0
gnd_logic                                    0
vdd_logic                                  3.3
x1.na                                  2.46584
x1.nb                              4.00057e-10
x1.nca                                       6
gnd_drv                            2.36709e-08
x1.ncb                             1.05011e-09
vdd_drv                                      6
x1.nbuf1                                     6
in_drv                             2.44525e-08
x1.nccomp1                         6.90069e-09
x1.nccomp2                         1.27513e-08
x1.nccomp3                         1.86019e-08
x2.n1                                        6
x2.n2                                2.521e-08
x2.n3                                        6
x2.n4                              2.59569e-08
x2.n5                                        6
out                                2.60954e-08
x3.nref                               0.697188
x3.ndiv                                 1.1604
x3.uvlo_ok                             5.99994
x3.ntail                              0.380296
x3.ncompp                              5.08485
x3.ncompn                                    6
x3.lockout                         2.57944e-08
outcap                             2.60954e-08
vimeas#branch                     -5.42101e-20
vin#branch                                   0
vgnd_logic#branch                  2.36709e-05
vsup_drv#branch                   -2.36709e-05
vsup_logic#branch                 -3.56282e-12

 Reference value :  8.87985e-08
 Reference value :  2.31999e-07
 Reference value :  3.42841e-07
 Reference value :  5.27141e-07
No. of Data Rows : 7225
trise10_90          =  3.28133e-09 targ=  2.52054e-08 trig=  2.19240e-08
tfall10_90          =  3.31725e-09 targ=  3.26125e-07 trig=  3.22808e-07
tpdlh               =  2.74306e-09 targ=  2.32431e-08 trig=  2.05000e-08
tpdhl               =  2.80999e-09 targ=  3.24310e-07 trig=  3.21500e-07
lockout_at_in_high  =  4.00165e-07
vout_at_in_high     =  6.00000e+00
vdrv_at_in_high     =  6.00000e+00
m_trise_s = 3.2813250000e-09
m_tfall_s = 3.3172500000e-09
m_tpdlh_s = 2.7430570000e-09
m_tpdhl_s = 2.8099870000e-09
m_ipeak_source_a = 1.8713197065e+00
m_ipeak_sink_a = 1.6395574054e+00
m_vout_max_v = 6.0041445755e+00
m_vout_min_v = -2.484498867e-03
m_vin_max_v = 3.3000000000e+00
m_vin_min_v = 0.0000000000e+00
m_indrv_max_v = 6.0000942663e+00
m_indrv_min_v = -2.908591160e-04
m_n1_max_v = 6.0942208078e+00
m_n1_min_v = -3.843401564e-02
m_n2_max_v = 6.0696529295e+00
m_n2_min_v = -4.022262816e-02
m_n3_max_v = 6.0466435502e+00
m_n3_min_v = -2.656078581e-02
m_n4_max_v = 6.0429015371e+00
m_n4_min_v = -2.579600944e-02
m_n5_max_v = 6.0429573592e+00
m_n5_min_v = -2.535115648e-02
m_uvlo_lockout_at_in_high = 4.0016530000e-07
m_uvlo_vout_at_in_high_v = 6.0000000000e+00
m_uvlo_vdrv_at_in_high_v = 6.0000000000e+00
Note: Simulation executed from .control section 

Note: vimeas: has no value, DC 0 assumed
