
Note: No compatibility mode selected!


Circuit: * gate-driver-core-drive-with-uvlo @ ff_-40c_vlogic3p63v-vdrv5p50v -- generated by sim/harness, do not edit

Doing analysis at TEMP = -40.000000 and TNOM = 27.000000

Using SPARSE 1.3 as Direct Linear Solver

Initial Transient Solution
--------------------------

Node                                   Voltage
----                                   -------
x1.inb                                    3.63
in                                           0
gnd_logic                                    0
vdd_logic                                 3.63
x1.na                                   2.7369
x1.nb                              3.58648e-10
x1.nca                                     5.5
gnd_drv                             2.0801e-08
x1.ncb                             9.12466e-10
vdd_drv                                    5.5
x1.nbuf1                                   5.5
in_drv                               2.154e-08
x1.nccomp1                         6.06936e-09
x1.nccomp2                         1.12262e-08
x1.nccomp3                         1.63831e-08
x2.n1                                      5.5
x2.n2                              2.22565e-08
x2.n3                                      5.5
x2.n4                              2.29629e-08
x2.n5                                      5.5
out                                 2.3094e-08
x3.nref                               0.692329
x3.ndiv                                 1.0637
x3.uvlo_ok                             5.49994
x3.ntail                              0.309445
x3.ncompp                              4.59617
x3.ncompn                                  5.5
x3.lockout                         2.28097e-08
outcap                              2.3094e-08
vimeas#branch                                0
vin#branch                                   0
vgnd_logic#branch                   2.0801e-05
vsup_drv#branch                    -2.0801e-05
vsup_logic#branch                 -4.03207e-12

 Reference value :  1.00585e-07
 Reference value :  2.64185e-07
 Reference value :  4.06526e-07
 Reference value :  6.03726e-07
No. of Data Rows : 7225
trise10_90          =  3.42519e-09 targ=  2.54370e-08 trig=  2.20119e-08
tfall10_90          =  3.40424e-09 targ=  3.26232e-07 trig=  3.22828e-07
tpdlh               =  2.88799e-09 targ=  2.33880e-08 trig=  2.05000e-08
tpdhl               =  2.86826e-09 targ=  3.24368e-07 trig=  3.21500e-07
lockout_at_in_high  =  -4.85650e-06
vout_at_in_high     =  5.50000e+00
vdrv_at_in_high     =  5.50000e+00
m_trise_s = 3.4251890000e-09
m_tfall_s = 3.4042400000e-09
m_tpdlh_s = 2.8879860000e-09
m_tpdhl_s = 2.8682560000e-09
m_ipeak_source_a = 1.6527387589e+00
m_ipeak_sink_a = 1.4522632221e+00
m_vout_max_v = 5.5042237078e+00
m_vout_min_v = -2.495086010e-03
m_vin_max_v = 3.6300000000e+00
m_vin_min_v = 0.0000000000e+00
m_indrv_max_v = 5.5000876452e+00
m_indrv_min_v = -3.238586845e-04
m_n1_max_v = 5.5970859226e+00
m_n1_min_v = -4.200777256e-02
m_n2_max_v = 5.5683396696e+00
m_n2_min_v = -3.924609950e-02
m_n3_max_v = 5.5480671942e+00
m_n3_min_v = -2.665902264e-02
m_n4_max_v = 5.5439635222e+00
m_n4_min_v = -2.602483097e-02
m_n5_max_v = 5.5444383066e+00
m_n5_min_v = -2.563622719e-02
m_uvlo_lockout_at_in_high = -4.856502000e-06
m_uvlo_vout_at_in_high_v = 5.4999950000e+00
m_uvlo_vdrv_at_in_high_v = 5.5000000000e+00
Note: Simulation executed from .control section 

Note: vimeas: has no value, DC 0 assumed
