
Note: No compatibility mode selected!


Circuit: * gate-driver-core-drive-with-uvlo @ ff_125c_vlogic3p30v-vdrv5p00v -- generated by sim/harness, do not edit

Doing analysis at TEMP = 125.000000 and TNOM = 27.000000

Using SPARSE 1.3 as Direct Linear Solver

Initial Transient Solution
--------------------------

Node                                   Voltage
----                                   -------
x1.inb                                 3.29999
in                                           0
gnd_logic                                    0
vdd_logic                                  3.3
x1.na                                  2.45417
x1.nb                              2.04916e-09
x1.nca                                 4.99993
gnd_drv                            2.07083e-08
x1.ncb                             5.83252e-09
vdd_drv                                      5
x1.nbuf1                                     5
in_drv                             3.53804e-08
x1.nccomp1                         1.32195e-08
x1.nccomp2                         2.06064e-08
x1.nccomp3                         2.79934e-08
x2.n1                                        5
x2.n2                              5.31251e-08
x2.n3                                        5
x2.n4                              5.34954e-08
x2.n5                                        5
out                                5.54822e-08
x3.nref                                0.53039
x3.ndiv                               0.967002
x3.uvlo_ok                              4.9999
x3.ntail                              0.351888
x3.ncompp                              4.27606
x3.ncompn                              4.99996
x3.lockout                         5.11605e-08
outcap                             5.54822e-08
vimeas#branch                                0
vin#branch                                   0
vgnd_logic#branch                   2.0745e-05
vsup_drv#branch                   -2.07337e-05
vsup_logic#branch                 -1.12709e-08

 Reference value :  1.22142e-07
 Reference value :  3.06542e-07
 Reference value :  4.73654e-07
 Reference value :  6.61654e-07
No. of Data Rows : 7186
trise10_90          =  5.24325e-09 targ=  2.79427e-08 trig=  2.26994e-08
tfall10_90          =  5.15965e-09 targ=  3.28554e-07 trig=  3.23394e-07
tpdlh               =  4.13493e-09 targ=  2.46349e-08 trig=  2.05000e-08
tpdhl               =  4.05502e-09 targ=  3.25555e-07 trig=  3.21500e-07
lockout_at_in_high  =  -7.95651e-08
vout_at_in_high     =  5.00000e+00
vdrv_at_in_high     =  5.00000e+00
m_trise_s = 5.2432520000e-09
m_tfall_s = 5.1596460000e-09
m_tpdlh_s = 4.1349280000e-09
m_tpdhl_s = 4.0550200000e-09
m_ipeak_source_a = 1.0845559157e+00
m_ipeak_sink_a = 9.4883163494e-01
m_vout_max_v = 5.0034484787e+00
m_vout_min_v = -2.045151742e-03
m_vin_max_v = 3.3000000000e+00
m_vin_min_v = 0.0000000000e+00
m_indrv_max_v = 5.0002510449e+00
m_indrv_min_v = -4.123065613e-04
m_n1_max_v = 5.0781470015e+00
m_n1_min_v = -3.616376214e-02
m_n2_max_v = 5.0640925919e+00
m_n2_min_v = -3.535318192e-02
m_n3_max_v = 5.0434344371e+00
m_n3_min_v = -2.433168900e-02
m_n4_max_v = 5.0394188633e+00
m_n4_min_v = -2.308195714e-02
m_n5_max_v = 5.0392062527e+00
m_n5_min_v = -2.255991754e-02
m_uvlo_lockout_at_in_high = -7.956506000e-08
m_uvlo_vout_at_in_high_v = 4.9999970000e+00
m_uvlo_vdrv_at_in_high_v = 5.0000000000e+00
Note: Simulation executed from .control section 

Note: vimeas: has no value, DC 0 assumed
