
Note: No compatibility mode selected!


Circuit: * gate-driver-core-drive-with-uvlo @ ff_125c_vlogic3p63v-vdrv5p50v -- generated by sim/harness, do not edit

Doing analysis at TEMP = 125.000000 and TNOM = 27.000000

Using SPARSE 1.3 as Direct Linear Solver

Initial Transient Solution
--------------------------

Node                                   Voltage
----                                   -------
x1.inb                                 3.62999
in                                           0
gnd_logic                                    0
vdd_logic                                 3.63
x1.na                                  2.73094
x1.nb                              2.18978e-09
x1.nca                                 5.49992
gnd_drv                            2.34499e-08
x1.ncb                             6.13442e-09
vdd_drv                                    5.5
x1.nbuf1                                   5.5
in_drv                             3.93038e-08
x1.nccomp1                         1.44268e-08
x1.nccomp2                         2.27191e-08
x1.nccomp3                         3.10115e-08
x2.n1                                      5.5
x2.n2                              5.84834e-08
x2.n3                                      5.5
x2.n4                              5.88466e-08
x2.n5                                      5.5
out                                6.09915e-08
x3.nref                               0.537727
x3.ndiv                                 1.0637
x3.uvlo_ok                              5.4999
x3.ntail                              0.420788
x3.ncompp                              4.76206
x3.ncompn                              5.49999
x3.lockout                         5.63015e-08
outcap                             6.09915e-08
vimeas#branch                                0
vin#branch                                   0
vgnd_logic#branch                  2.34955e-05
vsup_drv#branch                   -2.34808e-05
vsup_logic#branch                 -1.47242e-08

 Reference value :  1.18838e-07
 Reference value :  3.02938e-07
 Reference value :  4.58218e-07
 Reference value :  6.47918e-07
No. of Data Rows : 7192
trise10_90          =  4.92769e-09 targ=  2.75096e-08 trig=  2.25819e-08
tfall10_90          =  5.00477e-09 targ=  3.28299e-07 trig=  3.23294e-07
tpdlh               =  3.89215e-09 targ=  2.43922e-08 trig=  2.05000e-08
tpdhl               =  3.89216e-09 targ=  3.25392e-07 trig=  3.21500e-07
lockout_at_in_high  =  2.49604e-07
vout_at_in_high     =  5.50000e+00
vdrv_at_in_high     =  5.50000e+00
m_trise_s = 4.9276870000e-09
m_tfall_s = 5.0047670000e-09
m_tpdlh_s = 3.8921550000e-09
m_tpdhl_s = 3.8921630000e-09
m_ipeak_source_a = 1.2744811652e+00
m_ipeak_sink_a = 1.0816120145e+00
m_vout_max_v = 5.5034830317e+00
m_vout_min_v = -2.043549042e-03
m_vin_max_v = 3.6300000000e+00
m_vin_min_v = 0.0000000000e+00
m_indrv_max_v = 5.5002776992e+00
m_indrv_min_v = -4.095978926e-04
m_n1_max_v = 5.5715338675e+00
m_n1_min_v = -3.447614052e-02
m_n2_max_v = 5.5663652242e+00
m_n2_min_v = -3.662960281e-02
m_n3_max_v = 5.5422732934e+00
m_n3_min_v = -2.480697100e-02
m_n4_max_v = 5.5376860666e+00
m_n4_min_v = -2.313088558e-02
m_n5_max_v = 5.5382435339e+00
m_n5_min_v = -2.243420459e-02
m_uvlo_lockout_at_in_high = 2.4960430000e-07
m_uvlo_vout_at_in_high_v = 5.4999970000e+00
m_uvlo_vdrv_at_in_high_v = 5.5000000000e+00
Note: Simulation executed from .control section 

Note: vimeas: has no value, DC 0 assumed
