
Note: No compatibility mode selected!


Circuit: * gate-driver-core-drive-with-uvlo @ ff_125c_vlogic2p97v-vdrv4p50v -- generated by sim/harness, do not edit

Doing analysis at TEMP = 125.000000 and TNOM = 27.000000

Using SPARSE 1.3 as Direct Linear Solver

Initial Transient Solution
--------------------------

Node                                   Voltage
----                                   -------
x1.inb                                    2.97
in                                           0
gnd_logic                                    0
vdd_logic                                 2.97
x1.na                                  2.18079
x1.nb                              1.94302e-09
x1.nca                                 4.49994
gnd_drv                            1.81084e-08
x1.ncb                             5.63421e-09
vdd_drv                                    4.5
x1.nbuf1                                   4.5
in_drv                             3.19385e-08
x1.nccomp1                         1.22103e-08
x1.nccomp2                         1.87863e-08
x1.nccomp3                         2.53624e-08
x2.n1                                      4.5
x2.n2                              4.86649e-08
x2.n3                                      4.5
x2.n4                              4.90262e-08
x2.n5                                      4.5
out                                5.08997e-08
x3.nref                                0.52236
x3.ndiv                               0.870302
x3.uvlo_ok                              4.4999
x3.ntail                              0.284314
x3.ncompp                              3.79036
x3.ncompn                               4.4998
x3.lockout                         4.69155e-08
outcap                             5.08997e-08
vimeas#branch                       1.0842e-19
vin#branch                                   0
vgnd_logic#branch                  1.81381e-05
vsup_drv#branch                   -1.81293e-05
vsup_logic#branch                 -8.79428e-09

 Reference value :  1.00509e-07
 Reference value :  2.84709e-07
 Reference value :  4.57822e-07
 Reference value :  6.47322e-07
No. of Data Rows : 7175
trise10_90          =  5.64878e-09 targ=  2.84989e-08 trig=  2.28501e-08
tfall10_90          =  5.37753e-09 targ=  3.28899e-07 trig=  3.23521e-07
tpdlh               =  4.44360e-09 targ=  2.49436e-08 trig=  2.05000e-08
tpdhl               =  4.26897e-09 targ=  3.25769e-07 trig=  3.21500e-07
lockout_at_in_high  =  -2.06186e-07
vout_at_in_high     =  4.50000e+00
vdrv_at_in_high     =  4.50000e+00
m_trise_s = 5.6487800000e-09
m_tfall_s = 5.3775260000e-09
m_tpdlh_s = 4.4436000000e-09
m_tpdhl_s = 4.2689670000e-09
m_ipeak_source_a = 9.0113098704e-01
m_ipeak_sink_a = 8.2524547745e-01
m_vout_max_v = 4.5034118222e+00
m_vout_min_v = -2.034606399e-03
m_vin_max_v = 2.9700000000e+00
m_vin_min_v = 0.0000000000e+00
m_indrv_max_v = 4.5001961827e+00
m_indrv_min_v = -4.160890292e-04
m_n1_max_v = 4.5768683552e+00
m_n1_min_v = -3.679431801e-02
m_n2_max_v = 4.5614442599e+00
m_n2_min_v = -3.387684482e-02
m_n3_max_v = 4.5417263173e+00
m_n3_min_v = -2.388078630e-02
m_n4_max_v = 4.5396971635e+00
m_n4_min_v = -2.292834210e-02
m_n5_max_v = 4.5401277548e+00
m_n5_min_v = -2.223634378e-02
m_uvlo_lockout_at_in_high = -2.061855000e-07
m_uvlo_vout_at_in_high_v = 4.4999970000e+00
m_uvlo_vdrv_at_in_high_v = 4.5000000000e+00
Note: Simulation executed from .control section 

Note: vimeas: has no value, DC 0 assumed
