
Note: No compatibility mode selected!


Circuit: * gate-driver-core-drive-with-uvlo @ ff_27c_vlogic3p30v-vdrv6p00v -- generated by sim/harness, do not edit

Doing analysis at TEMP = 27.000000 and TNOM = 27.000000

Using SPARSE 1.3 as Direct Linear Solver

Initial Transient Solution
--------------------------

Node                                   Voltage
----                                   -------
x1.inb                                     3.3
in                                           0
gnd_logic                                    0
vdd_logic                                  3.3
x1.na                                   2.4995
x1.nb                              4.83988e-10
x1.nca                                       6
gnd_drv                            2.48337e-08
x1.ncb                             1.31967e-09
vdd_drv                                      6
x1.nbuf1                                     6
in_drv                             2.58714e-08
x1.nccomp1                          7.4576e-09
x1.nccomp2                         1.35955e-08
x1.nccomp3                         1.97335e-08
x2.n1                                        6
x2.n2                              2.68794e-08
x2.n3                                        6
x2.n4                              2.78605e-08
x2.n5                                        6
out                                2.80439e-08
x3.nref                               0.633999
x3.ndiv                                 1.1604
x3.uvlo_ok                             5.99992
x3.ntail                              0.426714
x3.ncompp                              5.15172
x3.ncompn                                    6
x3.lockout                         2.76439e-08
outcap                             2.80439e-08
vimeas#branch                     -5.42101e-20
vin#branch                                   0
vgnd_logic#branch                   2.4834e-05
vsup_drv#branch                   -2.48339e-05
vsup_logic#branch                 -8.61804e-11

 Reference value :  1.12010e-07
 Reference value :  2.92910e-07
 Reference value :  4.34422e-07
 Reference value :  6.16322e-07
No. of Data Rows : 7210
trise10_90          =  3.89404e-09 targ=  2.60340e-08 trig=  2.21399e-08
tfall10_90          =  3.90039e-09 targ=  3.26890e-07 trig=  3.22990e-07
tpdlh               =  3.13803e-09 targ=  2.36380e-08 trig=  2.05000e-08
tpdhl               =  3.19450e-09 targ=  3.24695e-07 trig=  3.21500e-07
lockout_at_in_high  =  3.98682e-07
vout_at_in_high     =  6.00000e+00
vdrv_at_in_high     =  6.00000e+00
m_trise_s = 3.8940380000e-09
m_tfall_s = 3.9003880000e-09
m_tpdlh_s = 3.1380290000e-09
m_tpdhl_s = 3.1945030000e-09
m_ipeak_source_a = 1.6613606193e+00
m_ipeak_sink_a = 1.4433777766e+00
m_vout_max_v = 6.0038938175e+00
m_vout_min_v = -2.315825433e-03
m_vin_max_v = 3.3000000000e+00
m_vin_min_v = 0.0000000000e+00
m_indrv_max_v = 6.0000750908e+00
m_indrv_min_v = -3.426225798e-04
m_n1_max_v = 6.0889370472e+00
m_n1_min_v = -3.671850197e-02
m_n2_max_v = 6.0693263316e+00
m_n2_min_v = -3.941285263e-02
m_n3_max_v = 6.0457859749e+00
m_n3_min_v = -2.624573331e-02
m_n4_max_v = 6.0408551087e+00
m_n4_min_v = -2.500164764e-02
m_n5_max_v = 6.0409519037e+00
m_n5_min_v = -2.444142727e-02
m_uvlo_lockout_at_in_high = 3.9868230000e-07
m_uvlo_vout_at_in_high_v = 6.0000000000e+00
m_uvlo_vdrv_at_in_high_v = 6.0000000000e+00
Note: Simulation executed from .control section 

Note: vimeas: has no value, DC 0 assumed
