
Note: No compatibility mode selected!


Circuit: * gate-driver-core-drive-with-uvlo @ ff_27c_vlogic3p30v-vdrv5p00v -- generated by sim/harness, do not edit

Doing analysis at TEMP = 27.000000 and TNOM = 27.000000

Using SPARSE 1.3 as Direct Linear Solver

Initial Transient Solution
--------------------------

Node                                   Voltage
----                                   -------
x1.inb                                     3.3
in                                           0
gnd_logic                                    0
vdd_logic                                  3.3
x1.na                                  2.48269
x1.nb                              4.03112e-10
x1.nca                                       5
gnd_drv                             1.9239e-08
x1.ncb                             1.09915e-09
vdd_drv                                      5
x1.nbuf1                                     5
in_drv                             2.01606e-08
x1.nccomp1                          5.8645e-09
x1.nccomp2                         1.06299e-08
x1.nccomp3                         1.53952e-08
x2.n1                                        5
x2.n2                              2.10558e-08
x2.n3                                        5
x2.n4                              2.19285e-08
x2.n5                                        5
out                                2.20915e-08
x3.nref                               0.622263
x3.ndiv                               0.967002
x3.uvlo_ok                             4.99992
x3.ntail                              0.286703
x3.ncompp                              4.17674
x3.ncompn                              4.99998
x3.lockout                         2.17372e-08
outcap                             2.20915e-08
vimeas#branch                      5.42101e-20
vin#branch                                   0
vgnd_logic#branch                  1.92392e-05
vsup_drv#branch                   -1.92392e-05
vsup_logic#branch                 -8.61804e-11

 Reference value :  1.06491e-07
 Reference value :  2.61791e-07
 Reference value :  4.04776e-07
 Reference value :  5.88476e-07
No. of Data Rows : 7201
trise10_90          =  4.31369e-09 targ=  2.66468e-08 trig=  2.23331e-08
tfall10_90          =  4.12950e-09 targ=  3.27227e-07 trig=  3.23097e-07
tpdlh               =  3.49820e-09 targ=  2.39982e-08 trig=  2.05000e-08
tpdhl               =  3.39775e-09 targ=  3.24898e-07 trig=  3.21500e-07
lockout_at_in_high  =  6.80658e-07
vout_at_in_high     =  5.00000e+00
vdrv_at_in_high     =  5.00000e+00
m_trise_s = 4.3136930000e-09
m_tfall_s = 4.1295050000e-09
m_tpdlh_s = 3.4982050000e-09
m_tpdhl_s = 3.3977480000e-09
m_ipeak_source_a = 1.2469356181e+00
m_ipeak_sink_a = 1.1323172055e+00
m_vout_max_v = 5.0039493332e+00
m_vout_min_v = -2.335707817e-03
m_vin_max_v = 3.3000000000e+00
m_vin_min_v = 0.0000000000e+00
m_indrv_max_v = 5.0000743145e+00
m_indrv_min_v = -3.749858636e-04
m_n1_max_v = 5.0869152067e+00
m_n1_min_v = -4.090776476e-02
m_n2_max_v = 5.0661401580e+00
m_n2_min_v = -3.720566216e-02
m_n3_max_v = 5.0476897742e+00
m_n3_min_v = -2.611823586e-02
m_n4_max_v = 5.0444198242e+00
m_n4_min_v = -2.523077632e-02
m_n5_max_v = 5.0441408853e+00
m_n5_min_v = -2.496663637e-02
m_uvlo_lockout_at_in_high = 6.8065770000e-07
m_uvlo_vout_at_in_high_v = 5.0000010000e+00
m_uvlo_vdrv_at_in_high_v = 5.0000000000e+00
Note: Simulation executed from .control section 

Note: vimeas: has no value, DC 0 assumed
