
Note: No compatibility mode selected!


Circuit: * gate-driver-core-drive-with-uvlo @ fs_-40c_vlogic3p63v-vdrv5p50v -- generated by sim/harness, do not edit

Doing analysis at TEMP = -40.000000 and TNOM = 27.000000

Using SPARSE 1.3 as Direct Linear Solver

Initial Transient Solution
--------------------------

Node                                   Voltage
----                                   -------
x1.inb                                    3.63
in                                           0
gnd_logic                                    0
vdd_logic                                 3.63
x1.na                                  2.70319
x1.nb                              3.58721e-10
x1.nca                                     5.5
gnd_drv                            2.03925e-08
x1.ncb                             9.23155e-10
vdd_drv                                    5.5
x1.nbuf1                                   5.5
in_drv                             2.11259e-08
x1.nccomp1                         5.97383e-09
x1.nccomp2                         1.10245e-08
x1.nccomp3                         1.60752e-08
x2.n1                                      5.5
x2.n2                              2.18331e-08
x2.n3                                      5.5
x2.n4                              2.25537e-08
x2.n5                                      5.5
out                                2.26847e-08
x3.nref                               0.726814
x3.ndiv                                 1.0637
x3.uvlo_ok                             5.49992
x3.ntail                              0.280726
x3.ncompp                              4.35742
x3.ncompn                                  5.5
x3.lockout                         2.24039e-08
outcap                             2.26847e-08
vimeas#branch                                0
vin#branch                                   0
vgnd_logic#branch                  2.03925e-05
vsup_drv#branch                   -2.03925e-05
vsup_logic#branch                 -3.79404e-12

 Reference value :  1.08622e-07
 Reference value :  2.75022e-07
 Reference value :  4.08027e-07
 Reference value :  5.96427e-07
No. of Data Rows : 7226
trise10_90          =  4.45606e-09 targ=  2.68051e-08 trig=  2.23490e-08
tfall10_90          =  3.56871e-09 targ=  3.26668e-07 trig=  3.23099e-07
tpdlh               =  3.65507e-09 targ=  2.41551e-08 trig=  2.05000e-08
tpdhl               =  3.21970e-09 targ=  3.24720e-07 trig=  3.21500e-07
lockout_at_in_high  =  -3.90767e-06
vout_at_in_high     =  5.50000e+00
vdrv_at_in_high     =  5.50000e+00
m_trise_s = 4.4560650000e-09
m_tfall_s = 3.5687130000e-09
m_tpdlh_s = 3.6550660000e-09
m_tpdhl_s = 3.2196960000e-09
m_ipeak_source_a = 1.2631304632e+00
m_ipeak_sink_a = 1.3870790481e+00
m_vout_max_v = 5.5044135596e+00
m_vout_min_v = -3.307789574e-03
m_vin_max_v = 3.6300000000e+00
m_vin_min_v = 0.0000000000e+00
m_indrv_max_v = 5.5000861642e+00
m_indrv_min_v = -3.429069881e-03
m_n1_max_v = 5.5976400507e+00
m_n1_min_v = -4.986339250e-02
m_n2_max_v = 5.5676604790e+00
m_n2_min_v = -4.362259903e-02
m_n3_max_v = 5.5536886646e+00
m_n3_min_v = -2.979327097e-02
m_n4_max_v = 5.5501177671e+00
m_n4_min_v = -2.926727179e-02
m_n5_max_v = 5.5502607573e+00
m_n5_min_v = -2.938712495e-02
m_uvlo_lockout_at_in_high = -3.907669000e-06
m_uvlo_vout_at_in_high_v = 5.4999960000e+00
m_uvlo_vdrv_at_in_high_v = 5.5000000000e+00
Note: Simulation executed from .control section 

Note: vimeas: has no value, DC 0 assumed
