
Note: No compatibility mode selected!


Circuit: * gate-driver-core-drive-with-uvlo @ fs_-40c_vlogic3p30v-vdrv6p00v -- generated by sim/harness, do not edit

Doing analysis at TEMP = -40.000000 and TNOM = 27.000000

Using SPARSE 1.3 as Direct Linear Solver

Initial Transient Solution
--------------------------

Node                                   Voltage
----                                   -------
x1.inb                                     3.3
in                                           0
gnd_logic                                    0
vdd_logic                                  3.3
x1.na                                  2.43227
x1.nb                              4.00888e-10
x1.nca                                       6
gnd_drv                            2.31414e-08
x1.ncb                             1.06479e-09
vdd_drv                                      6
x1.nbuf1                                     6
in_drv                             2.39157e-08
x1.nccomp1                         6.77753e-09
x1.nccomp2                         1.24903e-08
x1.nccomp3                          1.8203e-08
x2.n1                                        6
x2.n2                              2.46624e-08
x2.n3                                        6
x2.n4                              2.54229e-08
x2.n5                                        6
out                                2.55612e-08
x3.nref                               0.731768
x3.ndiv                                 1.1604
x3.uvlo_ok                             5.99992
x3.ntail                              0.350955
x3.ncompp                              4.84458
x3.ncompn                                    6
x3.lockout                         2.52644e-08
outcap                             2.55612e-08
vimeas#branch                                0
vin#branch                                   0
vgnd_logic#branch                  2.31414e-05
vsup_drv#branch                   -2.31414e-05
vsup_logic#branch                  -3.4065e-12

 Reference value :  1.08207e-07
 Reference value :  2.72007e-07
 Reference value :  4.05192e-07
 Reference value :  5.87592e-07
No. of Data Rows : 7229
trise10_90          =  4.21997e-09 targ=  2.64424e-08 trig=  2.22224e-08
tfall10_90          =  3.47219e-09 targ=  3.26535e-07 trig=  3.23062e-07
tpdlh               =  3.43089e-09 targ=  2.39309e-08 trig=  2.05000e-08
tpdhl               =  3.14091e-09 targ=  3.24641e-07 trig=  3.21500e-07
lockout_at_in_high  =  -4.26069e-07
vout_at_in_high     =  6.00000e+00
vdrv_at_in_high     =  6.00000e+00
m_trise_s = 4.2199680000e-09
m_tfall_s = 3.4721940000e-09
m_tpdlh_s = 3.4308890000e-09
m_tpdhl_s = 3.1409100000e-09
m_ipeak_source_a = 1.4458126921e+00
m_ipeak_sink_a = 1.5592081155e+00
m_vout_max_v = 6.0045017200e+00
m_vout_min_v = -3.331235198e-03
m_vin_max_v = 3.3000000000e+00
m_vin_min_v = 0.0000000000e+00
m_indrv_max_v = 6.0000895156e+00
m_indrv_min_v = -2.702320133e-03
m_n1_max_v = 6.0987913352e+00
m_n1_min_v = -4.814305058e-02
m_n2_max_v = 6.0693307669e+00
m_n2_min_v = -4.481399434e-02
m_n3_max_v = 6.0528090547e+00
m_n3_min_v = -2.987143250e-02
m_n4_max_v = 6.0495947511e+00
m_n4_min_v = -2.934849647e-02
m_n5_max_v = 6.0494819934e+00
m_n5_min_v = -2.908834126e-02
m_uvlo_lockout_at_in_high = -4.260691000e-07
m_uvlo_vout_at_in_high_v = 5.9999990000e+00
m_uvlo_vdrv_at_in_high_v = 6.0000000000e+00
Note: Simulation executed from .control section 

Note: vimeas: has no value, DC 0 assumed
