
Note: No compatibility mode selected!


Circuit: * gate-driver-core-drive-with-uvlo @ fs_125c_vlogic3p30v-vdrv5p00v -- generated by sim/harness, do not edit

Doing analysis at TEMP = 125.000000 and TNOM = 27.000000

Using SPARSE 1.3 as Direct Linear Solver

Initial Transient Solution
--------------------------

Node                                   Voltage
----                                   -------
x1.inb                                     3.3
in                                           0
gnd_logic                                    0
vdd_logic                                  3.3
x1.na                                  2.44067
x1.nb                              5.55618e-10
x1.nca                                 4.99995
gnd_drv                            2.02342e-08
x1.ncb                             1.59752e-09
vdd_drv                                      5
x1.nbuf1                                     5
in_drv                             2.18557e-08
x1.nccomp1                         6.66207e-09
x1.nccomp2                         1.17266e-08
x1.nccomp3                         1.67912e-08
x2.n1                                        5
x2.n2                              2.35157e-08
x2.n3                                        5
x2.n4                              2.47306e-08
x2.n5                                        5
out                                 2.5003e-08
x3.nref                               0.564625
x3.ndiv                               0.967001
x3.uvlo_ok                             4.99987
x3.ntail                              0.322544
x3.ncompp                              4.02609
x3.ncompn                              4.99991
x3.lockout                         2.44153e-08
outcap                              2.5003e-08
vimeas#branch                                0
vin#branch                                   0
vgnd_logic#branch                  2.02552e-05
vsup_drv#branch                   -2.02487e-05
vsup_logic#branch                 -6.41121e-09

 Reference value :  1.06588e-07
 Reference value :  2.80088e-07
 Reference value :  4.29383e-07
 Reference value :  6.17083e-07
No. of Data Rows : 7190
trise10_90          =  7.09671e-09 targ=  3.03954e-08 trig=  2.32987e-08
tfall10_90          =  5.39193e-09 targ=  3.29210e-07 trig=  3.23818e-07
tpdlh               =  5.48273e-09 targ=  2.59827e-08 trig=  2.05000e-08
tpdhl               =  4.58189e-09 targ=  3.26082e-07 trig=  3.21500e-07
lockout_at_in_high  =  -3.40181e-07
vout_at_in_high     =  5.00000e+00
vdrv_at_in_high     =  5.00000e+00
m_trise_s = 7.0967090000e-09
m_tfall_s = 5.3919260000e-09
m_tpdlh_s = 5.4827330000e-09
m_tpdhl_s = 4.5818930000e-09
m_ipeak_source_a = 7.7717595449e-01
m_ipeak_sink_a = 9.0675486244e-01
m_vout_max_v = 5.0036555102e+00
m_vout_min_v = -2.908513568e-03
m_vin_max_v = 3.3000000000e+00
m_vin_min_v = 0.0000000000e+00
m_indrv_max_v = 5.0004831933e+00
m_indrv_min_v = -3.950053877e-03
m_n1_max_v = 5.0791883260e+00
m_n1_min_v = -4.564446030e-02
m_n2_max_v = 5.0629667035e+00
m_n2_min_v = -4.122361102e-02
m_n3_max_v = 5.0488423460e+00
m_n3_min_v = -2.856045192e-02
m_n4_max_v = 5.0451747534e+00
m_n4_min_v = -2.770731956e-02
m_n5_max_v = 5.0452001760e+00
m_n5_min_v = -2.780318772e-02
m_uvlo_lockout_at_in_high = -3.401811000e-07
m_uvlo_vout_at_in_high_v = 4.9999980000e+00
m_uvlo_vdrv_at_in_high_v = 5.0000000000e+00
Note: Simulation executed from .control section 

Note: vimeas: has no value, DC 0 assumed
