
Note: No compatibility mode selected!


Circuit: * gate-driver-core-drive-with-uvlo @ fs_125c_vlogic2p97v-vdrv4p50v -- generated by sim/harness, do not edit

Doing analysis at TEMP = 125.000000 and TNOM = 27.000000

Using SPARSE 1.3 as Direct Linear Solver

Initial Transient Solution
--------------------------

Node                                   Voltage
----                                   -------
x1.inb                                    2.97
in                                           0
gnd_logic                                    0
vdd_logic                                 2.97
x1.na                                  2.16822
x1.nb                              5.29628e-10
x1.nca                                 4.49995
gnd_drv                            1.76983e-08
x1.ncb                             1.55162e-09
vdd_drv                                    4.5
x1.nbuf1                                   4.5
in_drv                             1.92538e-08
x1.nccomp1                         5.97715e-09
x1.nccomp2                         1.04027e-08
x1.nccomp3                         1.48282e-08
x2.n1                                      4.5
x2.n2                              2.08515e-08
x2.n3                                      4.5
x2.n4                              2.19974e-08
x2.n5                                      4.5
out                                 2.2258e-08
x3.nref                               0.556441
x3.ndiv                               0.870301
x3.uvlo_ok                             4.49987
x3.ntail                              0.255712
x3.ncompp                              3.54272
x3.ncompn                              4.49949
x3.lockout                         2.16998e-08
outcap                              2.2258e-08
vimeas#branch                      5.42101e-20
vin#branch                                   0
vgnd_logic#branch                  1.77153e-05
vsup_drv#branch                   -1.77103e-05
vsup_logic#branch                 -5.03197e-09

 Reference value :  1.13094e-07
 Reference value :  2.69094e-07
 Reference value :  4.26835e-07
 Reference value :  6.09835e-07
No. of Data Rows : 7177
trise10_90          =  7.77042e-09 targ=  3.13096e-08 trig=  2.35392e-08
tfall10_90          =  5.63242e-09 targ=  3.29629e-07 trig=  3.23997e-07
tpdlh               =  5.99220e-09 targ=  2.64922e-08 trig=  2.05000e-08
tpdhl               =  4.85805e-09 targ=  3.26358e-07 trig=  3.21500e-07
lockout_at_in_high  =  5.20500e-07
vout_at_in_high     =  4.50000e+00
vdrv_at_in_high     =  4.50000e+00
m_trise_s = 7.7704190000e-09
m_tfall_s = 5.6324210000e-09
m_tpdlh_s = 5.9921950000e-09
m_tpdhl_s = 4.8580500000e-09
m_ipeak_source_a = 6.3620975643e-01
m_ipeak_sink_a = 7.8634552929e-01
m_vout_max_v = 4.5035717765e+00
m_vout_min_v = -2.841271033e-03
m_vin_max_v = 2.9700000000e+00
m_vin_min_v = 0.0000000000e+00
m_indrv_max_v = 4.5009365004e+00
m_indrv_min_v = -4.113906492e-03
m_n1_max_v = 4.5787147766e+00
m_n1_min_v = -4.562829446e-02
m_n2_max_v = 4.5599436160e+00
m_n2_min_v = -4.026584554e-02
m_n3_max_v = 4.5474475092e+00
m_n3_min_v = -2.773954366e-02
m_n4_max_v = 4.5445676708e+00
m_n4_min_v = -2.654509515e-02
m_n5_max_v = 4.5449659186e+00
m_n5_min_v = -2.689517903e-02
m_uvlo_lockout_at_in_high = 5.2049960000e-07
m_uvlo_vout_at_in_high_v = 4.4999990000e+00
m_uvlo_vdrv_at_in_high_v = 4.5000000000e+00
Note: Simulation executed from .control section 

Note: vimeas: has no value, DC 0 assumed
