
Note: No compatibility mode selected!


Circuit: * gate-driver-core-drive-with-uvlo @ fs_125c_vlogic3p63v-vdrv5p50v -- generated by sim/harness, do not edit

Doing analysis at TEMP = 125.000000 and TNOM = 27.000000

Using SPARSE 1.3 as Direct Linear Solver

Initial Transient Solution
--------------------------

Node                                   Voltage
----                                   -------
x1.inb                                    3.63
in                                           0
gnd_logic                                    0
vdd_logic                                 3.63
x1.na                                   2.7165
x1.nb                              5.83933e-10
x1.nca                                 5.49994
gnd_drv                            2.28764e-08
x1.ncb                             1.65215e-09
vdd_drv                                    5.5
x1.nbuf1                                   5.5
in_drv                             2.45779e-08
x1.nccomp1                         7.38359e-09
x1.nccomp2                          1.3115e-08
x1.nccomp3                         1.88464e-08
x2.n1                                      5.5
x2.n2                              2.63152e-08
x2.n3                                      5.5
x2.n4                               2.7606e-08
x2.n5                                      5.5
out                                2.78926e-08
x3.nref                               0.572101
x3.ndiv                                 1.0637
x3.uvlo_ok                             5.49987
x3.ntail                              0.390808
x3.ncompp                              4.51017
x3.ncompn                              5.49998
x3.lockout                         2.72728e-08
outcap                             2.78926e-08
vimeas#branch                                0
vin#branch                                   0
vgnd_logic#branch                  2.29023e-05
vsup_drv#branch                    -2.2894e-05
vsup_logic#branch                 -8.31674e-09

 Reference value :  9.32016e-08
 Reference value :  2.79302e-07
 Reference value :  4.41456e-07
 Reference value :  6.27756e-07
No. of Data Rows : 7196
trise10_90          =  6.57588e-09 targ=  2.96897e-08 trig=  2.31138e-08
tfall10_90          =  5.21854e-09 targ=  3.28896e-07 trig=  3.23678e-07
tpdlh               =  5.08890e-09 targ=  2.55889e-08 trig=  2.05000e-08
tpdhl               =  4.37180e-09 targ=  3.25872e-07 trig=  3.21500e-07
lockout_at_in_high  =  1.36562e-06
vout_at_in_high     =  5.50000e+00
vdrv_at_in_high     =  5.50000e+00
m_trise_s = 6.5758830000e-09
m_tfall_s = 5.2185450000e-09
m_tpdlh_s = 5.0889040000e-09
m_tpdhl_s = 4.3718000000e-09
m_ipeak_source_a = 9.2950209376e-01
m_ipeak_sink_a = 1.0270999069e+00
m_vout_max_v = 5.5037280279e+00
m_vout_min_v = -2.943816872e-03
m_vin_max_v = 3.6300000000e+00
m_vin_min_v = 0.0000000000e+00
m_indrv_max_v = 5.5004018276e+00
m_indrv_min_v = -3.230126802e-03
m_n1_max_v = 5.5776464330e+00
m_n1_min_v = -4.615064078e-02
m_n2_max_v = 5.5655104518e+00
m_n2_min_v = -4.342839271e-02
m_n3_max_v = 5.5485293987e+00
m_n3_min_v = -2.911567183e-02
m_n4_max_v = 5.5442459530e+00
m_n4_min_v = -2.828821264e-02
m_n5_max_v = 5.5446722234e+00
m_n5_min_v = -2.818520805e-02
m_uvlo_lockout_at_in_high = 1.3656220000e-06
m_uvlo_vout_at_in_high_v = 5.4999990000e+00
m_uvlo_vdrv_at_in_high_v = 5.5000000000e+00
Note: Simulation executed from .control section 

Note: vimeas: has no value, DC 0 assumed
