
Note: No compatibility mode selected!


Circuit: * gate-driver-core-drive-with-uvlo @ fs_27c_vlogic3p63v-vdrv5p50v -- generated by sim/harness, do not edit

Doing analysis at TEMP = 27.000000 and TNOM = 27.000000

Using SPARSE 1.3 as Direct Linear Solver

Initial Transient Solution
--------------------------

Node                                   Voltage
----                                   -------
x1.inb                                    3.63
in                                           0
gnd_logic                                    0
vdd_logic                                 3.63
x1.na                                  2.74726
x1.nb                              4.31352e-10
x1.nca                                     5.5
gnd_drv                            2.14843e-08
x1.ncb                             1.15969e-09
vdd_drv                                    5.5
x1.nbuf1                                   5.5
in_drv                             2.24469e-08
x1.nccomp1                         6.48149e-09
x1.nccomp2                         1.18033e-08
x1.nccomp3                         1.71251e-08
x2.n1                                      5.5
x2.n2                              2.33747e-08
x2.n3                                      5.5
x2.n4                              2.43204e-08
x2.n5                                      5.5
out                                2.44923e-08
x3.nref                               0.662803
x3.ndiv                                 1.0637
x3.uvlo_ok                              5.4999
x3.ntail                              0.326808
x3.ncompp                              4.42029
x3.ncompn                              5.49999
x3.lockout                         2.41225e-08
outcap                             2.44923e-08
vimeas#branch                                0
vin#branch                                   0
vgnd_logic#branch                  2.14845e-05
vsup_drv#branch                   -2.14844e-05
vsup_logic#branch                 -5.91836e-11

 Reference value :  9.68095e-08
 Reference value :  2.80710e-07
 Reference value :  4.44913e-07
 Reference value :  6.41313e-07
No. of Data Rows : 7210
trise10_90          =  5.36821e-09 targ=  2.80320e-08 trig=  2.26638e-08
tfall10_90          =  4.17750e-09 targ=  3.27511e-07 trig=  3.23334e-07
tpdlh               =  4.26438e-09 targ=  2.47644e-08 trig=  2.05000e-08
tpdhl               =  3.66511e-09 targ=  3.25165e-07 trig=  3.21500e-07
lockout_at_in_high  =  8.84362e-07
vout_at_in_high     =  5.50000e+00
vdrv_at_in_high     =  5.50000e+00
m_trise_s = 5.3682090000e-09
m_tfall_s = 4.1775040000e-09
m_tpdlh_s = 4.2643840000e-09
m_tpdhl_s = 3.6651120000e-09
m_ipeak_source_a = 1.0846329628e+00
m_ipeak_sink_a = 1.2203802501e+00
m_vout_max_v = 5.5041920152e+00
m_vout_min_v = -3.195525615e-03
m_vin_max_v = 3.6300000000e+00
m_vin_min_v = 0.0000000000e+00
m_indrv_max_v = 5.5001400197e+00
m_indrv_min_v = -4.167080064e-03
m_n1_max_v = 5.5931542685e+00
m_n1_min_v = -4.844722709e-02
m_n2_max_v = 5.5679781986e+00
m_n2_min_v = -4.382723013e-02
m_n3_max_v = 5.5530122963e+00
m_n3_min_v = -2.978215126e-02
m_n4_max_v = 5.5492567403e+00
m_n4_min_v = -2.924859270e-02
m_n5_max_v = 5.5489230571e+00
m_n5_min_v = -2.924661007e-02
m_uvlo_lockout_at_in_high = 8.8436220000e-07
m_uvlo_vout_at_in_high_v = 5.5000010000e+00
m_uvlo_vdrv_at_in_high_v = 5.5000000000e+00
Note: Simulation executed from .control section 

Note: vimeas: has no value, DC 0 assumed
