
Note: No compatibility mode selected!


Circuit: * gate-driver-core-drive-with-uvlo @ fs_27c_vlogic3p30v-vdrv5p00v -- generated by sim/harness, do not edit

Doing analysis at TEMP = 27.000000 and TNOM = 27.000000

Using SPARSE 1.3 as Direct Linear Solver

Initial Transient Solution
--------------------------

Node                                   Voltage
----                                   -------
x1.inb                                     3.3
in                                           0
gnd_logic                                    0
vdd_logic                                  3.3
x1.na                                  2.46759
x1.nb                              4.04566e-10
x1.nca                                       5
gnd_drv                            1.88748e-08
x1.ncb                             1.11572e-09
vdd_drv                                      5
x1.nbuf1                                     5
in_drv                              1.9785e-08
x1.nccomp1                         5.78305e-09
x1.nccomp2                         1.04504e-08
x1.nccomp3                         1.51177e-08
x2.n1                                        5
x2.n2                              2.06625e-08
x2.n3                                        5
x2.n4                              2.15571e-08
x2.n5                                        5
out                                2.17196e-08
x3.nref                               0.656582
x3.ndiv                               0.967002
x3.uvlo_ok                              4.9999
x3.ntail                              0.258051
x3.ncompp                               3.9345
x3.ncompn                              4.99993
x3.lockout                         2.13704e-08
outcap                             2.17196e-08
vimeas#branch                                0
vin#branch                                   0
vgnd_logic#branch                   1.8875e-05
vsup_drv#branch                   -1.88749e-05
vsup_logic#branch                 -4.35017e-11

 Reference value :  1.08234e-07
 Reference value :  2.63134e-07
 Reference value :  4.06858e-07
 Reference value :  5.91258e-07
No. of Data Rows : 7202
trise10_90          =  5.76130e-09 targ=  2.85655e-08 trig=  2.28042e-08
tfall10_90          =  4.32457e-09 targ=  3.27770e-07 trig=  3.23446e-07
tpdlh               =  4.56414e-09 targ=  2.50641e-08 trig=  2.05000e-08
tpdhl               =  3.83867e-09 targ=  3.25339e-07 trig=  3.21500e-07
lockout_at_in_high  =  -1.42791e-07
vout_at_in_high     =  5.00000e+00
vdrv_at_in_high     =  5.00000e+00
m_trise_s = 5.7612960000e-09
m_tfall_s = 4.3245730000e-09
m_tpdlh_s = 4.5641450000e-09
m_tpdhl_s = 3.8386740000e-09
m_ipeak_source_a = 9.1773999426e-01
m_ipeak_sink_a = 1.0743067699e+00
m_vout_max_v = 5.0040379884e+00
m_vout_min_v = -3.186735675e-03
m_vin_max_v = 3.3000000000e+00
m_vin_min_v = 0.0000000000e+00
m_indrv_max_v = 5.0000877323e+00
m_indrv_min_v = -4.115706803e-03
m_n1_max_v = 5.0917687797e+00
m_n1_min_v = -4.849650662e-02
m_n2_max_v = 5.0657456753e+00
m_n2_min_v = -4.285567294e-02
m_n3_max_v = 5.0520918031e+00
m_n3_min_v = -2.937759522e-02
m_n4_max_v = 5.0496194776e+00
m_n4_min_v = -2.911904530e-02
m_n5_max_v = 5.0489674275e+00
m_n5_min_v = -2.906061328e-02
m_uvlo_lockout_at_in_high = -1.427910000e-07
m_uvlo_vout_at_in_high_v = 5.0000000000e+00
m_uvlo_vdrv_at_in_high_v = 5.0000000000e+00
Note: Simulation executed from .control section 

Note: vimeas: has no value, DC 0 assumed
