
Note: No compatibility mode selected!


Circuit: * gate-driver-core-drive-with-uvlo @ sf_-40c_vlogic3p30v-vdrv6p00v -- generated by sim/harness, do not edit

Doing analysis at TEMP = -40.000000 and TNOM = 27.000000

Using SPARSE 1.3 as Direct Linear Solver

Initial Transient Solution
--------------------------

Node                                   Voltage
----                                   -------
x1.inb                                     3.3
in                                           0
gnd_logic                                    0
vdd_logic                                  3.3
x1.na                                   2.2503
x1.nb                              4.45256e-10
x1.nca                                       6
gnd_drv                            2.15782e-08
x1.ncb                             1.27819e-09
vdd_drv                                      6
x1.nbuf1                                     6
in_drv                             2.24985e-08
x1.nccomp1                         6.58327e-09
x1.nccomp2                         1.18884e-08
x1.nccomp3                         1.71934e-08
x2.n1                                        6
x2.n2                              2.33985e-08
x2.n3                                        6
x2.n4                              2.42818e-08
x2.n5                                        6
out                                2.44457e-08
x3.nref                               0.928432
x3.ndiv                                 1.1604
x3.uvlo_ok                             5.99993
x3.ntail                              0.201862
x3.ncompp                              5.04881
x3.ncompn                              5.99985
x3.lockout                         2.41117e-08
outcap                             2.44457e-08
vimeas#branch                                0
vin#branch                                   0
vgnd_logic#branch                  2.15782e-05
vsup_drv#branch                   -2.15782e-05
vsup_logic#branch                 -3.30347e-12

 Reference value :  1.05906e-07
 Reference value :  2.36406e-07
 Reference value :  3.80750e-07
 Reference value :  5.60850e-07
No. of Data Rows : 7229
trise10_90          =  3.43930e-09 targ=  2.56638e-08 trig=  2.22245e-08
tfall10_90          =  4.42273e-09 targ=  3.27547e-07 trig=  3.23124e-07
tpdlh               =  3.10908e-09 targ=  2.36091e-08 trig=  2.05000e-08
tpdhl               =  3.67647e-09 targ=  3.25176e-07 trig=  3.21500e-07
lockout_at_in_high  =  -3.12675e-06
vout_at_in_high     =  6.00000e+00
vdrv_at_in_high     =  6.00000e+00
m_trise_s = 3.4393030000e-09
m_tfall_s = 4.4227320000e-09
m_tpdlh_s = 3.1090790000e-09
m_tpdhl_s = 3.6764710000e-09
m_ipeak_source_a = 1.7841610023e+00
m_ipeak_sink_a = 1.2052874638e+00
m_vout_max_v = 6.0055780374e+00
m_vout_min_v = -2.777688249e-03
m_vin_max_v = 3.3000000000e+00
m_vin_min_v = 0.0000000000e+00
m_indrv_max_v = 6.0006279108e+00
m_indrv_min_v = -3.833732665e-04
m_n1_max_v = 6.1158658266e+00
m_n1_min_v = -4.579740256e-02
m_n2_max_v = 6.0835511055e+00
m_n2_min_v = -3.992052417e-02
m_n3_max_v = 6.0537126706e+00
m_n3_min_v = -2.995877446e-02
m_n4_max_v = 6.0517688664e+00
m_n4_min_v = -2.891560774e-02
m_n5_max_v = 6.0522076545e+00
m_n5_min_v = -2.837568165e-02
m_uvlo_lockout_at_in_high = -3.126749000e-06
m_uvlo_vout_at_in_high_v = 5.9999970000e+00
m_uvlo_vdrv_at_in_high_v = 6.0000000000e+00
Note: Simulation executed from .control section 

Note: vimeas: has no value, DC 0 assumed
