
Note: No compatibility mode selected!


Circuit: * gate-driver-core-drive-with-uvlo @ sf_-40c_vlogic3p63v-vdrv5p50v -- generated by sim/harness, do not edit

Doing analysis at TEMP = -40.000000 and TNOM = 27.000000

Using SPARSE 1.3 as Direct Linear Solver

Initial Transient Solution
--------------------------

Node                                   Voltage
----                                   -------
x1.inb                                    3.63
in                                           0
gnd_logic                                    0
vdd_logic                                 3.63
x1.na                                  2.51882
x1.nb                              3.95493e-10
x1.nca                                     5.5
gnd_drv                            1.88457e-08
x1.ncb                             1.09468e-09
vdd_drv                                    5.5
x1.nbuf1                                   5.5
in_drv                             1.97254e-08
x1.nccomp1                         5.75237e-09
x1.nccomp2                         1.04101e-08
x1.nccomp3                         1.50678e-08
x2.n1                                      5.5
x2.n2                              2.05858e-08
x2.n3                                      5.5
x2.n4                              2.14304e-08
x2.n5                                      5.5
out                                2.15871e-08
x3.nref                               0.922927
x3.ndiv                                 1.0637
x3.uvlo_ok                             5.49994
x3.ntail                              0.136289
x3.ncompp                              4.56286
x3.ncompn                              5.49759
x3.lockout                         2.12685e-08
outcap                             2.15871e-08
vimeas#branch                                0
vin#branch                                   0
vgnd_logic#branch                  1.88457e-05
vsup_drv#branch                   -1.88457e-05
vsup_logic#branch                 -3.63772e-12

 Reference value :  9.12659e-08
 Reference value :  2.59866e-07
 Reference value :  4.14626e-07
 Reference value :  6.00926e-07
No. of Data Rows : 7228
trise10_90          =  3.59839e-09 targ=  2.59316e-08 trig=  2.23332e-08
tfall10_90          =  4.58106e-09 targ=  3.27738e-07 trig=  3.23156e-07
tpdlh               =  3.28142e-09 targ=  2.37814e-08 trig=  2.05000e-08
tpdhl               =  3.77985e-09 targ=  3.25280e-07 trig=  3.21500e-07
lockout_at_in_high  =  -3.22584e-07
vout_at_in_high     =  5.50000e+00
vdrv_at_in_high     =  5.50000e+00
m_trise_s = 3.5983920000e-09
m_tfall_s = 4.5810640000e-09
m_tpdlh_s = 3.2814240000e-09
m_tpdhl_s = 3.7798480000e-09
m_ipeak_source_a = 1.5604282724e+00
m_ipeak_sink_a = 1.0586062737e+00
m_vout_max_v = 5.5056124483e+00
m_vout_min_v = -2.805193018e-03
m_vin_max_v = 3.6300000000e+00
m_vin_min_v = 0.0000000000e+00
m_indrv_max_v = 5.5113273936e+00
m_indrv_min_v = -3.039806065e-03
m_n1_max_v = 5.6136588174e+00
m_n1_min_v = -4.779169540e-02
m_n2_max_v = 5.5817773168e+00
m_n2_min_v = -3.879964696e-02
m_n3_max_v = 5.5551673776e+00
m_n3_min_v = -3.004586963e-02
m_n4_max_v = 5.5528536001e+00
m_n4_min_v = -2.903888424e-02
m_n5_max_v = 5.5531845501e+00
m_n5_min_v = -2.844228695e-02
m_uvlo_lockout_at_in_high = -3.225840000e-07
m_uvlo_vout_at_in_high_v = 5.5000000000e+00
m_uvlo_vdrv_at_in_high_v = 5.5000000000e+00
Note: Simulation executed from .control section 

Note: vimeas: has no value, DC 0 assumed
