
Note: No compatibility mode selected!


Circuit: * gate-driver-core-drive-with-uvlo @ sf_125c_vlogic3p63v-vdrv5p50v -- generated by sim/harness, do not edit

Doing analysis at TEMP = 125.000000 and TNOM = 27.000000

Using SPARSE 1.3 as Direct Linear Solver

Initial Transient Solution
--------------------------

Node                                   Voltage
----                                   -------
x1.inb                                    3.63
in                                           0
gnd_logic                                    0
vdd_logic                                 3.63
x1.na                                  2.65411
x1.nb                              1.39658e-09
x1.nca                                     5.5
gnd_drv                            2.11516e-08
x1.ncb                              4.2744e-09
vdd_drv                                    5.5
x1.nbuf1                                   5.5
in_drv                             3.02639e-08
x1.nccomp1                         1.07718e-08
x1.nccomp2                         1.72691e-08
x1.nccomp3                         2.37665e-08
x2.n1                                      5.5
x2.n2                              4.11563e-08
x2.n3                                      5.5
x2.n4                              4.22141e-08
x2.n5                                      5.5
out                                4.34906e-08
x3.nref                               0.768468
x3.ndiv                                 1.0637
x3.uvlo_ok                             5.49989
x3.ntail                              0.242941
x3.ncompp                              4.72943
x3.ncompn                              5.49903
x3.lockout                         4.11512e-08
outcap                             4.34906e-08
vimeas#branch                                0
vin#branch                                   0
vgnd_logic#branch                  2.11525e-05
vsup_drv#branch                   -2.11522e-05
vsup_logic#branch                 -2.64689e-10

 Reference value :  1.24557e-07
 Reference value :  3.14857e-07
 Reference value :  4.82936e-07
 Reference value :  6.58236e-07
No. of Data Rows : 7188
trise10_90          =  5.15047e-09 targ=  2.81522e-08 trig=  2.30017e-08
tfall10_90          =  6.47276e-09 targ=  3.30193e-07 trig=  3.23720e-07
tpdlh               =  4.42082e-09 targ=  2.49208e-08 trig=  2.05000e-08
tpdhl               =  4.97918e-09 targ=  3.26479e-07 trig=  3.21500e-07
lockout_at_in_high  =  1.14291e-07
vout_at_in_high     =  5.50000e+00
vdrv_at_in_high     =  5.50000e+00
m_trise_s = 5.1504710000e-09
m_tfall_s = 6.4727640000e-09
m_tpdlh_s = 4.4208250000e-09
m_tpdhl_s = 4.9791770000e-09
m_ipeak_source_a = 1.1977118826e+00
m_ipeak_sink_a = 8.1439627620e-01
m_vout_max_v = 5.5049197098e+00
m_vout_min_v = -2.311674092e-03
m_vin_max_v = 3.6300000000e+00
m_vin_min_v = 0.0000000000e+00
m_indrv_max_v = 5.5018231865e+00
m_indrv_min_v = -6.528511721e-04
m_n1_max_v = 5.6046416185e+00
m_n1_min_v = -4.290391168e-02
m_n2_max_v = 5.5824118378e+00
m_n2_min_v = -3.846072537e-02
m_n3_max_v = 5.5540731573e+00
m_n3_min_v = -2.877820204e-02
m_n4_max_v = 5.5512989499e+00
m_n4_min_v = -2.709339787e-02
m_n5_max_v = 5.5510593241e+00
m_n5_min_v = -2.666182643e-02
m_uvlo_lockout_at_in_high = 1.1429100000e-07
m_uvlo_vout_at_in_high_v = 5.5000000000e+00
m_uvlo_vdrv_at_in_high_v = 5.5000000000e+00
Note: Simulation executed from .control section 

Note: vimeas: has no value, DC 0 assumed
