
Note: No compatibility mode selected!


Circuit: * gate-driver-core-drive-with-uvlo @ sf_125c_vlogic2p97v-vdrv4p50v -- generated by sim/harness, do not edit

Doing analysis at TEMP = 125.000000 and TNOM = 27.000000

Using SPARSE 1.3 as Direct Linear Solver

Initial Transient Solution
--------------------------

Node                                   Voltage
----                                   -------
x1.inb                                    2.97
in                                           0
gnd_logic                                    0
vdd_logic                                 2.97
x1.na                                  2.11373
x1.nb                              1.28119e-09
x1.nca                                     4.5
gnd_drv                            1.61026e-08
x1.ncb                              4.0921e-09
vdd_drv                                    4.5
x1.nbuf1                                   4.5
in_drv                             2.44043e-08
x1.nccomp1                         9.17015e-09
x1.nccomp2                         1.42482e-08
x1.nccomp3                         1.93262e-08
x2.n1                                      4.5
x2.n2                              3.43275e-08
x2.n3                                      4.5
x2.n4                              3.53041e-08
x2.n5                                      4.5
out                                3.64678e-08
x3.nref                               0.751087
x3.ndiv                               0.870301
x3.uvlo_ok                              4.4999
x3.ntail                              0.123678
x3.ncompp                              3.77275
x3.ncompn                              4.48257
x3.lockout                         3.96204e-08
outcap                             3.64678e-08
vimeas#branch                     -5.42101e-20
vin#branch                                   0
vgnd_logic#branch                  1.61032e-05
vsup_drv#branch                    -1.6103e-05
vsup_logic#branch                 -1.72405e-10

 Reference value :  1.17485e-07
 Reference value :  2.95585e-07
 Reference value :  4.45083e-07
 Reference value :  6.32783e-07
No. of Data Rows : 7174
trise10_90          =  5.97760e-09 targ=  2.93354e-08 trig=  2.33578e-08
tfall10_90          =  7.16152e-09 targ=  3.31206e-07 trig=  3.24045e-07
tpdlh               =  5.09113e-09 targ=  2.55911e-08 trig=  2.05000e-08
tpdhl               =  5.59037e-09 targ=  3.27090e-07 trig=  3.21500e-07
lockout_at_in_high  =  1.51683e-07
vout_at_in_high     =  4.50000e+00
vdrv_at_in_high     =  4.50000e+00
m_trise_s = 5.9775990000e-09
m_tfall_s = 7.1615190000e-09
m_tpdlh_s = 5.0911270000e-09
m_tpdhl_s = 5.5903740000e-09
m_ipeak_source_a = 8.4155211449e-01
m_ipeak_sink_a = 6.1032380252e-01
m_vout_max_v = 4.5046875420e+00
m_vout_min_v = -2.246098925e-03
m_vin_max_v = 2.9700000000e+00
m_vin_min_v = 0.0000000000e+00
m_indrv_max_v = 4.5048733476e+00
m_indrv_min_v = -2.489841918e-03
m_n1_max_v = 4.6001777645e+00
m_n1_min_v = -4.321223378e-02
m_n2_max_v = 4.5755538813e+00
m_n2_min_v = -3.546327996e-02
m_n3_max_v = 4.5530535683e+00
m_n3_min_v = -2.722672892e-02
m_n4_max_v = 4.5504665035e+00
m_n4_min_v = -2.646354838e-02
m_n5_max_v = 4.5514356567e+00
m_n5_min_v = -2.592676918e-02
m_uvlo_lockout_at_in_high = 1.5168300000e-07
m_uvlo_vout_at_in_high_v = 4.5000000000e+00
m_uvlo_vdrv_at_in_high_v = 4.5000000000e+00
Note: Simulation executed from .control section 

Note: vimeas: has no value, DC 0 assumed
