
Note: No compatibility mode selected!


Circuit: * gate-driver-core-drive-with-uvlo @ sf_27c_vlogic2p97v-vdrv4p50v -- generated by sim/harness, do not edit

Doing analysis at TEMP = 27.000000 and TNOM = 27.000000

Using SPARSE 1.3 as Direct Linear Solver

Initial Transient Solution
--------------------------

Node                                   Voltage
----                                   -------
x1.inb                                    2.97
in                                           0
gnd_logic                                    0
vdd_logic                                 2.97
x1.na                                   2.0884
x1.nb                              4.32008e-10
x1.nca                                     4.5
gnd_drv                            1.47208e-08
x1.ncb                             1.33575e-09
vdd_drv                                    4.5
x1.nbuf1                                   4.5
in_drv                             1.57986e-08
x1.nccomp1                         4.95147e-09
x1.nccomp2                         8.56719e-09
x1.nccomp3                         1.21829e-08
x2.n1                                      4.5
x2.n2                               1.6853e-08
x2.n3                                      4.5
x2.n4                              1.78854e-08
x2.n5                                      4.5
out                                1.80772e-08
x3.nref                               0.844496
x3.ndiv                               0.870302
x3.uvlo_ok                             4.49992
x3.ntail                             0.0736732
x3.ncompp                              3.69142
x3.ncompn                              4.42501
x3.lockout                          1.7751e-08
outcap                             1.80772e-08
vimeas#branch                     -2.71051e-20
vin#branch                                   0
vgnd_logic#branch                  1.47208e-05
vsup_drv#branch                   -1.47208e-05
vsup_logic#branch                 -3.31672e-12

 Reference value :  9.84479e-08
 Reference value :  2.79448e-07
 Reference value :  4.20797e-07
 Reference value :  6.10697e-07
No. of Data Rows : 7195
trise10_90          =  4.89221e-09 targ=  2.77693e-08 trig=  2.28771e-08
tfall10_90          =  5.83477e-09 targ=  3.29479e-07 trig=  3.23644e-07
tpdlh               =  4.27468e-09 targ=  2.47747e-08 trig=  2.05000e-08
tpdhl               =  4.74104e-09 targ=  3.26241e-07 trig=  3.21500e-07
lockout_at_in_high  =  -1.35544e-07
vout_at_in_high     =  4.50000e+00
vdrv_at_in_high     =  4.50000e+00
m_trise_s = 4.8922070000e-09
m_tfall_s = 5.8347650000e-09
m_tpdlh_s = 4.2746760000e-09
m_tpdhl_s = 4.7410350000e-09
m_ipeak_source_a = 9.8893519393e-01
m_ipeak_sink_a = 7.0876901655e-01
m_vout_max_v = 4.5050295925e+00
m_vout_min_v = -2.575799311e-03
m_vin_max_v = 2.9700000000e+00
m_vin_min_v = 0.0000000000e+00
m_indrv_max_v = 4.5189808040e+00
m_indrv_min_v = -8.846511831e-03
m_n1_max_v = 4.6059891371e+00
m_n1_min_v = -4.768524368e-02
m_n2_max_v = 4.5762777050e+00
m_n2_min_v = -3.673813091e-02
m_n3_max_v = 4.5555677758e+00
m_n3_min_v = -2.895462134e-02
m_n4_max_v = 4.5534863110e+00
m_n4_min_v = -2.842330321e-02
m_n5_max_v = 4.5535729427e+00
m_n5_min_v = -2.689719203e-02
m_uvlo_lockout_at_in_high = -1.355443000e-07
m_uvlo_vout_at_in_high_v = 4.5000000000e+00
m_uvlo_vdrv_at_in_high_v = 4.5000000000e+00
Note: Simulation executed from .control section 

Note: vimeas: has no value, DC 0 assumed
