
Note: No compatibility mode selected!


Circuit: * gate-driver-core-drive-with-uvlo @ sf_27c_vlogic3p30v-vdrv6p00v -- generated by sim/harness, do not edit

Doing analysis at TEMP = 27.000000 and TNOM = 27.000000

Using SPARSE 1.3 as Direct Linear Solver

Initial Transient Solution
--------------------------

Node                                   Voltage
----                                   -------
x1.inb                                     3.3
in                                           0
gnd_logic                                    0
vdd_logic                                  3.3
x1.na                                  2.37428
x1.nb                              5.47397e-10
x1.nca                                       6
gnd_drv                            2.26296e-08
x1.ncb                             1.63614e-09
vdd_drv                                      6
x1.nbuf1                                     6
in_drv                             2.38621e-08
x1.nccomp1                         7.19263e-09
x1.nccomp2                         1.27491e-08
x1.nccomp3                         1.83056e-08
x2.n1                                        6
x2.n2                              2.50676e-08
x2.n3                                        6
x2.n4                              2.62464e-08
x2.n5                                        6
out                                2.64656e-08
x3.nref                               0.865368
x3.ndiv                                 1.1604
x3.uvlo_ok                             5.99991
x3.ntail                              0.246468
x3.ncompp                               5.1166
x3.ncompn                              5.99984
x3.lockout                         2.60167e-08
outcap                             2.64656e-08
vimeas#branch                      -1.0842e-19
vin#branch                                   0
vgnd_logic#branch                  2.26296e-05
vsup_drv#branch                   -2.26296e-05
vsup_logic#branch                 -3.76459e-12

 Reference value :  8.71974e-08
 Reference value :  2.57697e-07
 Reference value :  4.18426e-07
 Reference value :  6.06726e-07
No. of Data Rows : 7211
trise10_90          =  4.07489e-09 targ=  2.65492e-08 trig=  2.24743e-08
tfall10_90          =  5.08700e-09 targ=  3.28427e-07 trig=  3.23340e-07
tpdlh               =  3.55212e-09 targ=  2.40521e-08 trig=  2.05000e-08
tpdhl               =  4.11604e-09 targ=  3.25616e-07 trig=  3.21500e-07
lockout_at_in_high  =  8.53849e-07
vout_at_in_high     =  6.00000e+00
vdrv_at_in_high     =  6.00000e+00
m_trise_s = 4.0748920000e-09
m_tfall_s = 5.0870000000e-09
m_tpdlh_s = 3.5521240000e-09
m_tpdhl_s = 4.1160370000e-09
m_ipeak_source_a = 1.5751373270e+00
m_ipeak_sink_a = 1.0868147718e+00
m_vout_max_v = 6.0052815626e+00
m_vout_min_v = -2.604624185e-03
m_vin_max_v = 3.3000000000e+00
m_vin_min_v = 0.0000000000e+00
m_indrv_max_v = 6.0002584744e+00
m_indrv_min_v = -4.640642856e-04
m_n1_max_v = 6.1064280719e+00
m_n1_min_v = -4.468527961e-02
m_n2_max_v = 6.0839685980e+00
m_n2_min_v = -4.033428242e-02
m_n3_max_v = 6.0555699258e+00
m_n3_min_v = -2.965557259e-02
m_n4_max_v = 6.0522734674e+00
m_n4_min_v = -2.842727270e-02
m_n5_max_v = 6.0523310038e+00
m_n5_min_v = -2.834935539e-02
m_uvlo_lockout_at_in_high = 8.5384900000e-07
m_uvlo_vout_at_in_high_v = 6.0000010000e+00
m_uvlo_vdrv_at_in_high_v = 6.0000000000e+00
Note: Simulation executed from .control section 

Note: vimeas: has no value, DC 0 assumed
