
Note: No compatibility mode selected!


Circuit: * gate-driver-core-drive-with-uvlo @ ss_-40c_vlogic3p63v-vdrv5p50v -- generated by sim/harness, do not edit

Doing analysis at TEMP = -40.000000 and TNOM = 27.000000

Using SPARSE 1.3 as Direct Linear Solver

Initial Transient Solution
--------------------------

Node                                   Voltage
----                                   -------
x1.inb                                    3.63
in                                           0
gnd_logic                                    0
vdd_logic                                 3.63
x1.na                                  2.48326
x1.nb                              3.96188e-10
x1.nca                                     5.5
gnd_drv                            1.86501e-08
x1.ncb                             1.11648e-09
vdd_drv                                    5.5
x1.nbuf1                                   5.5
in_drv                             1.95328e-08
x1.nccomp1                         5.72056e-09
x1.nccomp2                         1.03246e-08
x1.nccomp3                         1.49287e-08
x2.n1                                      5.5
x2.n2                              2.03918e-08
x2.n3                                      5.5
x2.n4                               2.1262e-08
x2.n5                                      5.5
out                                2.14203e-08
x3.nref                               0.956619
x3.ndiv                                 1.0637
x3.uvlo_ok                             5.49992
x3.ntail                              0.110864
x3.ncompp                              4.32842
x3.ncompn                              5.49228
x3.lockout                         2.11036e-08
outcap                             2.14203e-08
vimeas#branch                      5.42101e-20
vin#branch                                   0
vgnd_logic#branch                  1.86501e-05
vsup_drv#branch                   -1.86501e-05
vsup_logic#branch                 -3.63417e-12

 Reference value :  9.67942e-08
 Reference value :  2.58394e-07
 Reference value :  3.91197e-07
 Reference value :  5.77597e-07
No. of Data Rows : 7228
trise10_90          =  4.76499e-09 targ=  2.75457e-08 trig=  2.27807e-08
tfall10_90          =  4.87541e-09 targ=  3.28391e-07 trig=  3.23515e-07
tpdlh               =  4.21319e-09 targ=  2.47132e-08 trig=  2.05000e-08
tpdhl               =  4.28489e-09 targ=  3.25785e-07 trig=  3.21500e-07
lockout_at_in_high  =  6.49017e-07
vout_at_in_high     =  5.50000e+00
vdrv_at_in_high     =  5.50000e+00
m_trise_s = 4.7649870000e-09
m_tfall_s = 4.8754120000e-09
m_tpdlh_s = 4.2131940000e-09
m_tpdhl_s = 4.2848940000e-09
m_ipeak_source_a = 1.1692871183e+00
m_ipeak_sink_a = 9.8677300843e-01
m_vout_max_v = 5.5059714090e+00
m_vout_min_v = -3.634701265e-03
m_vin_max_v = 3.6300000000e+00
m_vin_min_v = 0.0000000000e+00
m_indrv_max_v = 5.5202117374e+00
m_indrv_min_v = -9.242484916e-03
m_n1_max_v = 5.6225351072e+00
m_n1_min_v = -5.510651301e-02
m_n2_max_v = 5.5811952574e+00
m_n2_min_v = -4.165227387e-02
m_n3_max_v = 5.5618308909e+00
m_n3_min_v = -3.161830554e-02
m_n4_max_v = 5.5604992693e+00
m_n4_min_v = -3.159146669e-02
m_n5_max_v = 5.5609574773e+00
m_n5_min_v = -3.194628997e-02
m_uvlo_lockout_at_in_high = 6.4901690000e-07
m_uvlo_vout_at_in_high_v = 5.5000010000e+00
m_uvlo_vdrv_at_in_high_v = 5.5000000000e+00
Note: Simulation executed from .control section 

Note: vimeas: has no value, DC 0 assumed
