
Note: No compatibility mode selected!


Circuit: * gate-driver-core-drive-with-uvlo @ ss_-40c_vlogic3p30v-vdrv5p00v -- generated by sim/harness, do not edit

Doing analysis at TEMP = -40.000000 and TNOM = 27.000000

Using SPARSE 1.3 as Direct Linear Solver

Initial Transient Solution
--------------------------

Node                                   Voltage
----                                   -------
x1.inb                                     3.3
in                                           0
gnd_logic                                    0
vdd_logic                                  3.3
x1.na                                  2.20524
x1.nb                              3.72409e-10
x1.nca                                       5
gnd_drv                            1.59637e-08
x1.ncb                             1.08898e-09
vdd_drv                                      5
x1.nbuf1                                     5
in_drv                              1.6812e-08
x1.nccomp1                         5.01975e-09
x1.nccomp2                         8.95051e-09
x1.nccomp3                         1.28813e-08
x2.n1                                        5
x2.n2                              1.76377e-08
x2.n3                                        5
x2.n4                              1.84743e-08
x2.n5                                        5
out                                1.86264e-08
x3.nref                               0.950514
x3.ndiv                               0.967002
x3.uvlo_ok                             4.99992
x3.ntail                             0.0644543
x3.ncompp                              3.87473
x3.ncompn                              4.81345
x3.lockout                         1.83624e-08
outcap                             1.86264e-08
vimeas#branch                     -2.71051e-20
vin#branch                                   0
vgnd_logic#branch                  1.59637e-05
vsup_drv#branch                   -1.59637e-05
vsup_logic#branch                 -3.29281e-12

 Reference value :  9.28219e-08
 Reference value :  2.76922e-07
 Reference value :  4.14651e-07
 Reference value :  5.99651e-07
No. of Data Rows : 7216
trise10_90          =  5.10491e-09 targ=  2.80323e-08 trig=  2.29274e-08
tfall10_90          =  5.10364e-09 targ=  3.28752e-07 trig=  3.23649e-07
tpdlh               =  4.50228e-09 targ=  2.50023e-08 trig=  2.05000e-08
tpdhl               =  4.51995e-09 targ=  3.26020e-07 trig=  3.21500e-07
lockout_at_in_high  =  -6.10290e-07
vout_at_in_high     =  5.00000e+00
vdrv_at_in_high     =  5.00000e+00
m_trise_s = 5.1049120000e-09
m_tfall_s = 5.1036430000e-09
m_tpdlh_s = 4.5022800000e-09
m_tpdhl_s = 4.5199460000e-09
m_ipeak_source_a = 9.9081424198e-01
m_ipeak_sink_a = 8.5717246226e-01
m_vout_max_v = 5.0058311791e+00
m_vout_min_v = -3.630729818e-03
m_vin_max_v = 3.3000000000e+00
m_vin_min_v = 0.0000000000e+00
m_indrv_max_v = 5.0337701168e+00
m_indrv_min_v = -1.327244179e-02
m_n1_max_v = 5.1196225929e+00
m_n1_min_v = -5.607808331e-02
m_n2_max_v = 5.0789087637e+00
m_n2_min_v = -4.118605118e-02
m_n3_max_v = 5.0614871850e+00
m_n3_min_v = -3.168788407e-02
m_n4_max_v = 5.0602839524e+00
m_n4_min_v = -3.153292114e-02
m_n5_max_v = 5.0604818814e+00
m_n5_min_v = -3.178226452e-02
m_uvlo_lockout_at_in_high = -6.102896000e-07
m_uvlo_vout_at_in_high_v = 4.9999990000e+00
m_uvlo_vdrv_at_in_high_v = 5.0000000000e+00
Note: Simulation executed from .control section 

Note: vimeas: has no value, DC 0 assumed
