
Note: No compatibility mode selected!


Circuit: * gate-driver-core-drive-with-uvlo @ ss_125c_vlogic2p97v-vdrv4p50v -- generated by sim/harness, do not edit

Doing analysis at TEMP = 125.000000 and TNOM = 27.000000

Using SPARSE 1.3 as Direct Linear Solver

Initial Transient Solution
--------------------------

Node                                   Voltage
----                                   -------
x1.inb                                    2.97
in                                           0
gnd_logic                                    0
vdd_logic                                 2.97
x1.na                                  2.09892
x1.nb                               6.0726e-10
x1.nca                                     4.5
gnd_drv                            1.58059e-08
x1.ncb                             1.97448e-09
vdd_drv                                    4.5
x1.nbuf1                                   4.5
in_drv                             1.76711e-08
x1.nccomp1                         5.89863e-09
x1.nccomp2                         9.82278e-09
x1.nccomp3                         1.37469e-08
x2.n1                                      4.5
x2.n2                               1.9577e-08
x2.n3                                      4.5
x2.n4                              2.10571e-08
x2.n5                                      4.5
out                                2.13754e-08
x3.nref                               0.784454
x3.ndiv                               0.870301
x3.uvlo_ok                             4.49986
x3.ntail                              0.102761
x3.ncompp                              3.53768
x3.ncompn                              4.46605
x3.lockout                         2.09386e-08
outcap                             2.13754e-08
vimeas#branch                     -5.42101e-20
vin#branch                                   0
vgnd_logic#branch                  1.58062e-05
vsup_drv#branch                   -1.58061e-05
vsup_logic#branch                 -1.04314e-10

 Reference value :  9.31871e-08
 Reference value :  2.37887e-07
 Reference value :  4.00146e-07
 Reference value :  5.95846e-07
No. of Data Rows : 7173
trise10_90          =  8.41449e-09 targ=  3.26707e-08 trig=  2.42562e-08
tfall10_90          =  7.57275e-09 targ=  3.32247e-07 trig=  3.24674e-07
tpdlh               =  6.97172e-09 targ=  2.74717e-08 trig=  2.05000e-08
tpdhl               =  6.40205e-09 targ=  3.27902e-07 trig=  3.21500e-07
lockout_at_in_high  =  -3.36565e-07
vout_at_in_high     =  4.50000e+00
vdrv_at_in_high     =  4.50000e+00
m_trise_s = 8.4144910000e-09
m_tfall_s = 7.5727480000e-09
m_tpdlh_s = 6.9717220000e-09
m_tpdhl_s = 6.4020490000e-09
m_ipeak_source_a = 5.8258063066e-01
m_ipeak_sink_a = 5.7417691382e-01
m_vout_max_v = 4.5049471808e+00
m_vout_min_v = -3.151097612e-03
m_vin_max_v = 2.9700000000e+00
m_vin_min_v = 0.0000000000e+00
m_indrv_max_v = 4.5074335386e+00
m_indrv_min_v = -9.548342560e-03
m_n1_max_v = 4.6009236999e+00
m_n1_min_v = -5.234099161e-02
m_n2_max_v = 4.5743117822e+00
m_n2_min_v = -4.163871375e-02
m_n3_max_v = 4.5588427897e+00
m_n3_min_v = -3.119896044e-02
m_n4_max_v = 4.5560724810e+00
m_n4_min_v = -3.087559605e-02
m_n5_max_v = 4.5573260995e+00
m_n5_min_v = -3.030834854e-02
m_uvlo_lockout_at_in_high = -3.365653000e-07
m_uvlo_vout_at_in_high_v = 4.5000000000e+00
m_uvlo_vdrv_at_in_high_v = 4.5000000000e+00
Note: Simulation executed from .control section 

Note: vimeas: has no value, DC 0 assumed
