
Note: No compatibility mode selected!


Circuit: * gate-driver-core-drive-with-uvlo @ ss_125c_vlogic3p63v-vdrv5p50v -- generated by sim/harness, do not edit

Doing analysis at TEMP = 125.000000 and TNOM = 27.000000

Using SPARSE 1.3 as Direct Linear Solver

Initial Transient Solution
--------------------------

Node                                   Voltage
----                                   -------
x1.inb                                    3.63
in                                           0
gnd_logic                                    0
vdd_logic                                 3.63
x1.na                                  2.63661
x1.nb                              6.55158e-10
x1.nca                                     5.5
gnd_drv                            2.08649e-08
x1.ncb                             2.04032e-09
vdd_drv                                    5.5
x1.nbuf1                                   5.5
in_drv                             2.28497e-08
x1.nccomp1                         7.24266e-09
x1.nccomp2                          1.2445e-08
x1.nccomp3                         1.76473e-08
x2.n1                                      5.5
x2.n2                              2.48652e-08
x2.n3                                      5.5
x2.n4                              2.64861e-08
x2.n5                                      5.5
out                                2.68268e-08
x3.nref                                0.80219
x3.ndiv                                 1.0637
x3.uvlo_ok                             5.49986
x3.ntail                              0.214177
x3.ncompp                               4.4773
x3.ncompn                              5.49773
x3.lockout                         2.61447e-08
outcap                             2.68268e-08
vimeas#branch                                0
vin#branch                                   0
vgnd_logic#branch                  2.08654e-05
vsup_drv#branch                   -2.08653e-05
vsup_logic#branch                 -1.58079e-10

 Reference value :  8.61370e-08
 Reference value :  2.59937e-07
 Reference value :  4.25041e-07
 Reference value :  6.00841e-07
No. of Data Rows : 7191
trise10_90          =  7.05187e-09 targ=  3.07471e-08 trig=  2.36952e-08
tfall10_90          =  6.81221e-09 targ=  3.31033e-07 trig=  3.24221e-07
tpdlh               =  5.87046e-09 targ=  2.63705e-08 trig=  2.05000e-08
tpdhl               =  5.63140e-09 targ=  3.27131e-07 trig=  3.21500e-07
lockout_at_in_high  =  2.31733e-07
vout_at_in_high     =  5.50000e+00
vdrv_at_in_high     =  5.50000e+00
m_trise_s = 7.0518750000e-09
m_tfall_s = 6.8122140000e-09
m_tpdlh_s = 5.8704560000e-09
m_tpdhl_s = 5.6314010000e-09
m_ipeak_source_a = 8.5507080364e-01
m_ipeak_sink_a = 7.7055789708e-01
m_vout_max_v = 5.5051048601e+00
m_vout_min_v = -3.225607058e-03
m_vin_max_v = 3.6300000000e+00
m_vin_min_v = 0.0000000000e+00
m_indrv_max_v = 5.5014875300e+00
m_indrv_min_v = -1.993527536e-03
m_n1_max_v = 5.6080868638e+00
m_n1_min_v = -5.372201333e-02
m_n2_max_v = 5.5803627170e+00
m_n2_min_v = -4.446705732e-02
m_n3_max_v = 5.5606666194e+00
m_n3_min_v = -3.321968513e-02
m_n4_max_v = 5.5567690863e+00
m_n4_min_v = -3.221351978e-02
m_n5_max_v = 5.5581006022e+00
m_n5_min_v = -3.216749412e-02
m_uvlo_lockout_at_in_high = 2.3173350000e-07
m_uvlo_vout_at_in_high_v = 5.5000000000e+00
m_uvlo_vdrv_at_in_high_v = 5.5000000000e+00
Note: Simulation executed from .control section 

Note: vimeas: has no value, DC 0 assumed
