
Note: No compatibility mode selected!


Circuit: * gate-driver-core-drive-with-uvlo @ ss_125c_vlogic3p30v-vdrv6p00v -- generated by sim/harness, do not edit

Doing analysis at TEMP = 125.000000 and TNOM = 27.000000

Using SPARSE 1.3 as Direct Linear Solver

Initial Transient Solution
--------------------------

Node                                   Voltage
----                                   -------
x1.inb                                     3.3
in                                           0
gnd_logic                                    0
vdd_logic                                  3.3
x1.na                                  2.37866
x1.nb                              7.50744e-10
x1.nca                                       6
gnd_drv                            2.35145e-08
x1.ncb                              2.3854e-09
vdd_drv                                      6
x1.nbuf1                                     6
in_drv                             2.55813e-08
x1.nccomp1                         8.18437e-09
x1.nccomp2                         1.39834e-08
x1.nccomp3                         1.97823e-08
x2.n1                                        6
x2.n2                              2.76756e-08
x2.n3                                        6
x2.n4                              2.93795e-08
x2.n5                                        6
out                                 2.9735e-08
x3.nref                               0.809983
x3.ndiv                                 1.1604
x3.uvlo_ok                             5.99986
x3.ntail                              0.278685
x3.ncompp                              4.95883
x3.ncompn                              5.99952
x3.lockout                         2.90139e-08
outcap                              2.9735e-08
vimeas#branch                                0
vin#branch                                   0
vgnd_logic#branch                  2.35149e-05
vsup_drv#branch                   -2.35148e-05
vsup_logic#branch                 -1.27479e-10

 Reference value :  9.59051e-08
 Reference value :  2.81305e-07
 Reference value :  4.44832e-07
 Reference value :  6.29432e-07
No. of Data Rows : 7194
trise10_90          =  6.57320e-09 targ=  3.00210e-08 trig=  2.34478e-08
tfall10_90          =  6.56987e-09 targ=  3.30700e-07 trig=  3.24131e-07
tpdlh               =  5.43495e-09 targ=  2.59350e-08 trig=  2.05000e-08
tpdhl               =  5.43894e-09 targ=  3.26939e-07 trig=  3.21500e-07
lockout_at_in_high  =  5.78442e-07
vout_at_in_high     =  6.00000e+00
vdrv_at_in_high     =  6.00000e+00
m_trise_s = 6.5731970000e-09
m_tfall_s = 6.5698710000e-09
m_tpdlh_s = 5.4349530000e-09
m_tpdhl_s = 5.4389370000e-09
m_ipeak_source_a = 1.0036149053e+00
m_ipeak_sink_a = 8.7758759187e-01
m_vout_max_v = 6.0051884330e+00
m_vout_min_v = -3.269166506e-03
m_vin_max_v = 3.3000000000e+00
m_vin_min_v = 0.0000000000e+00
m_indrv_max_v = 6.0026539239e+00
m_indrv_min_v = -8.661956564e-04
m_n1_max_v = 6.1068103589e+00
m_n1_min_v = -5.274983536e-02
m_n2_max_v = 6.0833535050e+00
m_n2_min_v = -4.643741137e-02
m_n3_max_v = 6.0604583592e+00
m_n3_min_v = -3.385010333e-02
m_n4_max_v = 6.0567071784e+00
m_n4_min_v = -3.274750339e-02
m_n5_max_v = 6.0570448368e+00
m_n5_min_v = -3.260070792e-02
m_uvlo_lockout_at_in_high = 5.7844240000e-07
m_uvlo_vout_at_in_high_v = 6.0000000000e+00
m_uvlo_vdrv_at_in_high_v = 6.0000000000e+00
Note: Simulation executed from .control section 

Note: vimeas: has no value, DC 0 assumed
