
Note: No compatibility mode selected!


Circuit: * gate-driver-core-drive-with-uvlo @ ss_125c_vlogic3p30v-vdrv5p00v -- generated by sim/harness, do not edit

Doing analysis at TEMP = 125.000000 and TNOM = 27.000000

Using SPARSE 1.3 as Direct Linear Solver

Initial Transient Solution
--------------------------

Node                                   Voltage
----                                   -------
x1.inb                                     3.3
in                                           0
gnd_logic                                    0
vdd_logic                                  3.3
x1.na                                   2.3661
x1.nb                              6.29579e-10
x1.nca                                       5
gnd_drv                            1.83518e-08
x1.ncb                             2.00041e-09
vdd_drv                                      5
x1.nbuf1                                     5
in_drv                             2.02689e-08
x1.nccomp1                         6.56753e-09
x1.nccomp2                         1.11347e-08
x1.nccomp3                         1.57018e-08
x2.n1                                        5
x2.n2                              2.22211e-08
x2.n3                                        5
x2.n4                              2.37671e-08
x2.n5                                        5
out                                2.40954e-08
x3.nref                               0.793733
x3.ndiv                               0.967001
x3.uvlo_ok                             4.99986
x3.ntail                              0.153742
x3.ncompp                              4.00049
x3.ncompn                              4.99062
x3.lockout                         2.34739e-08
outcap                             2.40954e-08
vimeas#branch                                0
vin#branch                                   0
vgnd_logic#branch                  1.83522e-05
vsup_drv#branch                   -1.83521e-05
vsup_logic#branch                 -1.27479e-10

 Reference value :  1.19044e-07
 Reference value :  3.13444e-07
 Reference value :  4.69737e-07
 Reference value :  6.52337e-07
No. of Data Rows : 7182
trise10_90          =  7.64976e-09 targ=  3.15875e-08 trig=  2.39378e-08
tfall10_90          =  7.13556e-09 targ=  3.31553e-07 trig=  3.24418e-07
tpdlh               =  6.34866e-09 targ=  2.68487e-08 trig=  2.05000e-08
tpdhl               =  5.96346e-09 targ=  3.27463e-07 trig=  3.21500e-07
lockout_at_in_high  =  -5.92076e-08
vout_at_in_high     =  5.00000e+00
vdrv_at_in_high     =  5.00000e+00
m_trise_s = 7.6497610000e-09
m_tfall_s = 7.1355560000e-09
m_tpdlh_s = 6.3486580000e-09
m_tpdhl_s = 5.9634640000e-09
m_ipeak_source_a = 7.1598604456e-01
m_ipeak_sink_a = 6.7280114805e-01
m_vout_max_v = 5.0051134501e+00
m_vout_min_v = -3.184237124e-03
m_vin_max_v = 3.3000000000e+00
m_vin_min_v = 0.0000000000e+00
m_indrv_max_v = 5.0028742922e+00
m_indrv_min_v = -6.257733702e-03
m_n1_max_v = 5.1051450447e+00
m_n1_min_v = -5.320690645e-02
m_n2_max_v = 5.0779674269e+00
m_n2_min_v = -4.346212217e-02
m_n3_max_v = 5.0598742258e+00
m_n3_min_v = -3.238381732e-02
m_n4_max_v = 5.0575046808e+00
m_n4_min_v = -3.189629801e-02
m_n5_max_v = 5.0575669131e+00
m_n5_min_v = -3.118754197e-02
m_uvlo_lockout_at_in_high = -5.920761000e-08
m_uvlo_vout_at_in_high_v = 5.0000000000e+00
m_uvlo_vdrv_at_in_high_v = 5.0000000000e+00
Note: Simulation executed from .control section 

Note: vimeas: has no value, DC 0 assumed
