
Note: No compatibility mode selected!


Circuit: * gate-driver-core-drive-with-uvlo @ ss_27c_vlogic3p30v-vdrv6p00v -- generated by sim/harness, do not edit

Doing analysis at TEMP = 27.000000 and TNOM = 27.000000

Using SPARSE 1.3 as Direct Linear Solver

Initial Transient Solution
--------------------------

Node                                   Voltage
----                                   -------
x1.inb                                     3.3
in                                           0
gnd_logic                                    0
vdd_logic                                  3.3
x1.na                                  2.34153
x1.nb                              5.51194e-10
x1.nca                                       6
gnd_drv                            2.23033e-08
x1.ncb                             1.67814e-09
vdd_drv                                      6
x1.nbuf1                                     6
in_drv                             2.35375e-08
x1.nccomp1                         7.14299e-09
x1.nccomp2                         1.26078e-08
x1.nccomp3                         1.80727e-08
x2.n1                                        6
x2.n2                              2.47376e-08
x2.n3                                        6
x2.n4                              2.59542e-08
x2.n5                                        6
out                                2.61755e-08
x3.nref                                0.89919
x3.ndiv                                 1.1604
x3.uvlo_ok                             5.99989
x3.ntail                              0.217304
x3.ncompp                              4.87004
x3.ncompn                              5.99949
x3.lockout                         2.57283e-08
outcap                             2.61755e-08
vimeas#branch                                0
vin#branch                                   0
vgnd_logic#branch                  2.23033e-05
vsup_drv#branch                   -2.23033e-05
vsup_logic#branch                 -3.53011e-12

 Reference value :  9.14433e-08
 Reference value :  2.77443e-07
 Reference value :  4.32305e-07
 Reference value :  6.19005e-07
No. of Data Rows : 7219
trise10_90          =  5.40919e-09 targ=  2.83687e-08 trig=  2.29596e-08
tfall10_90          =  5.37334e-09 targ=  3.29102e-07 trig=  3.23729e-07
tpdlh               =  4.57694e-09 targ=  2.50769e-08 trig=  2.05000e-08
tpdhl               =  4.64204e-09 targ=  3.26142e-07 trig=  3.21500e-07
lockout_at_in_high  =  1.46785e-07
vout_at_in_high     =  6.00000e+00
vdrv_at_in_high     =  6.00000e+00
m_trise_s = 5.4091910000e-09
m_tfall_s = 5.3733380000e-09
m_tpdlh_s = 4.5769370000e-09
m_tpdhl_s = 4.6420390000e-09
m_ipeak_source_a = 1.1710041983e+00
m_ipeak_sink_a = 1.0183045766e+00
m_vout_max_v = 6.0056942554e+00
m_vout_min_v = -3.518230813e-03
m_vin_max_v = 3.3000000000e+00
m_vin_min_v = 0.0000000000e+00
m_indrv_max_v = 6.0017195506e+00
m_indrv_min_v = -4.951705360e-03
m_n1_max_v = 6.1174844154e+00
m_n1_min_v = -5.465479949e-02
m_n2_max_v = 6.0846394633e+00
m_n2_min_v = -4.590198739e-02
m_n3_max_v = 6.0627395347e+00
m_n3_min_v = -3.359734026e-02
m_n4_max_v = 6.0598162686e+00
m_n4_min_v = -3.282953322e-02
m_n5_max_v = 6.0599992545e+00
m_n5_min_v = -3.232545413e-02
m_uvlo_lockout_at_in_high = 1.4678460000e-07
m_uvlo_vout_at_in_high_v = 6.0000000000e+00
m_uvlo_vdrv_at_in_high_v = 6.0000000000e+00
Note: Simulation executed from .control section 

Note: vimeas: has no value, DC 0 assumed
