
Note: No compatibility mode selected!


Circuit: * gate-driver-core-drive-with-uvlo @ ss_27c_vlogic3p63v-vdrv5p50v -- generated by sim/harness, do not edit

Doing analysis at TEMP = 27.000000 and TNOM = 27.000000

Using SPARSE 1.3 as Direct Linear Solver

Initial Transient Solution
--------------------------

Node                                   Voltage
----                                   -------
x1.inb                                    3.63
in                                           0
gnd_logic                                    0
vdd_logic                                 3.63
x1.na                                  2.60581
x1.nb                              4.84754e-10
x1.nca                                     5.5
gnd_drv                            1.96552e-08
x1.ncb                               1.432e-09
vdd_drv                                    5.5
x1.nbuf1                                   5.5
in_drv                             2.08334e-08
x1.nccomp1                         6.28234e-09
x1.nccomp2                         1.11327e-08
x1.nccomp3                          1.5983e-08
x2.n1                                      5.5
x2.n2                              2.19791e-08
x2.n3                                      5.5
x2.n4                              2.31407e-08
x2.n5                                      5.5
out                                2.33519e-08
x3.nref                               0.892686
x3.ndiv                                 1.0637
x3.uvlo_ok                             5.49989
x3.ntail                              0.153151
x3.ncompp                              4.38836
x3.ncompn                              5.49609
x3.lockout                         2.29262e-08
outcap                             2.33519e-08
vimeas#branch                     -5.42101e-20
vin#branch                                   0
vgnd_logic#branch                  1.96552e-05
vsup_drv#branch                   -1.96552e-05
vsup_logic#branch                 -3.93535e-12

 Reference value :  8.75937e-08
 Reference value :  2.32094e-07
 Reference value :  3.87164e-07
 Reference value :  5.62564e-07
No. of Data Rows : 7216
trise10_90          =  5.75789e-09 targ=  2.89120e-08 trig=  2.31542e-08
tfall10_90          =  5.57359e-09 targ=  3.29371e-07 trig=  3.23798e-07
tpdlh               =  4.91238e-09 targ=  2.54124e-08 trig=  2.05000e-08
tpdhl               =  4.79779e-09 targ=  3.26298e-07 trig=  3.21500e-07
lockout_at_in_high  =  9.41621e-07
vout_at_in_high     =  5.50000e+00
vdrv_at_in_high     =  5.50000e+00
m_trise_s = 5.7578850000e-09
m_tfall_s = 5.5735930000e-09
m_tpdlh_s = 4.9123760000e-09
m_tpdhl_s = 4.7977940000e-09
m_ipeak_source_a = 1.0077172338e+00
m_ipeak_sink_a = 8.9244801890e-01
m_vout_max_v = 5.5055865102e+00
m_vout_min_v = -3.521880170e-03
m_vin_max_v = 3.6300000000e+00
m_vin_min_v = 0.0000000000e+00
m_indrv_max_v = 5.5020374243e+00
m_indrv_min_v = -6.287100662e-03
m_n1_max_v = 5.6188043944e+00
m_n1_min_v = -5.560499704e-02
m_n2_max_v = 5.5818081107e+00
m_n2_min_v = -4.453206891e-02
m_n3_max_v = 5.5627282478e+00
m_n3_min_v = -3.312377092e-02
m_n4_max_v = 5.5605000781e+00
m_n4_min_v = -3.269788064e-02
m_n5_max_v = 5.5609859255e+00
m_n5_min_v = -3.255184151e-02
m_uvlo_lockout_at_in_high = 9.4162110000e-07
m_uvlo_vout_at_in_high_v = 5.5000010000e+00
m_uvlo_vdrv_at_in_high_v = 5.5000000000e+00
Note: Simulation executed from .control section 

Note: vimeas: has no value, DC 0 assumed
