
Note: No compatibility mode selected!


Circuit: * gate-driver-core-drive-with-uvlo @ ss_27c_vlogic3p30v-vdrv5p00v -- generated by sim/harness, do not edit

Doing analysis at TEMP = 27.000000 and TNOM = 27.000000

Using SPARSE 1.3 as Direct Linear Solver

Initial Transient Solution
--------------------------

Node                                   Voltage
----                                   -------
x1.inb                                     3.3
in                                           0
gnd_logic                                    0
vdd_logic                                  3.3
x1.na                                  2.33005
x1.nb                              4.59241e-10
x1.nca                                       5
gnd_drv                            1.70846e-08
x1.ncb                             1.39819e-09
vdd_drv                                      5
x1.nbuf1                                     5
in_drv                              1.8213e-08
x1.nccomp1                          5.6019e-09
x1.nccomp2                         9.80561e-09
x1.nccomp3                         1.40093e-08
x2.n1                                        5
x2.n2                              1.93105e-08
x2.n3                                        5
x2.n4                              2.04235e-08
x2.n5                                        5
out                                2.06259e-08
x3.nref                               0.885627
x3.ndiv                               0.967002
x3.uvlo_ok                             4.99989
x3.ntail                             0.0975437
x3.ncompp                              3.91951
x3.ncompn                              4.97668
x3.lockout                         2.02238e-08
outcap                             2.06259e-08
vimeas#branch                                0
vin#branch                                   0
vgnd_logic#branch                  1.70846e-05
vsup_drv#branch                   -1.70846e-05
vsup_logic#branch                 -3.53722e-12

 Reference value :  9.83712e-08
 Reference value :  2.78871e-07
 Reference value :  4.13033e-07
 Reference value :  5.90633e-07
No. of Data Rows : 7204
trise10_90          =  6.20080e-09 targ=  2.95406e-08 trig=  2.33398e-08
tfall10_90          =  5.83919e-09 targ=  3.29795e-07 trig=  3.23956e-07
tpdlh               =  5.27825e-09 targ=  2.57783e-08 trig=  2.05000e-08
tpdhl               =  5.07062e-09 targ=  3.26571e-07 trig=  3.21500e-07
lockout_at_in_high  =  -1.35424e-06
vout_at_in_high     =  5.00000e+00
vdrv_at_in_high     =  5.00000e+00
m_trise_s = 6.2008000000e-09
m_tfall_s = 5.8391950000e-09
m_tpdlh_s = 5.2782530000e-09
m_tpdhl_s = 5.0706170000e-09
m_ipeak_source_a = 8.5298823032e-01
m_ipeak_sink_a = 7.7509151226e-01
m_vout_max_v = 5.0056068732e+00
m_vout_min_v = -3.479479121e-03
m_vin_max_v = 3.3000000000e+00
m_vin_min_v = 0.0000000000e+00
m_indrv_max_v = 5.0160082003e+00
m_indrv_min_v = -1.066878975e-02
m_n1_max_v = 5.1124347326e+00
m_n1_min_v = -5.601533066e-02
m_n2_max_v = 5.0786891225e+00
m_n2_min_v = -4.251271878e-02
m_n3_max_v = 5.0622855452e+00
m_n3_min_v = -3.233620202e-02
m_n4_max_v = 5.0598744637e+00
m_n4_min_v = -3.223655246e-02
m_n5_max_v = 5.0607686245e+00
m_n5_min_v = -3.193357508e-02
m_uvlo_lockout_at_in_high = -1.354245000e-06
m_uvlo_vout_at_in_high_v = 4.9999980000e+00
m_uvlo_vdrv_at_in_high_v = 5.0000000000e+00
Note: Simulation executed from .control section 

Note: vimeas: has no value, DC 0 assumed
