
Note: No compatibility mode selected!


Circuit: * gate-driver-core-drive-with-uvlo @ tt_-40c_vlogic3p63v-vdrv5p50v -- generated by sim/harness, do not edit

Doing analysis at TEMP = -40.000000 and TNOM = 27.000000

Using SPARSE 1.3 as Direct Linear Solver

Initial Transient Solution
--------------------------

Node                                   Voltage
----                                   -------
x1.inb                                    3.63
in                                           0
gnd_logic                                    0
vdd_logic                                 3.63
x1.na                                  2.61445
x1.nb                               3.7637e-10
x1.nca                                     5.5
gnd_drv                            1.94318e-08
x1.ncb                             9.97694e-10
vdd_drv                                    5.5
x1.nbuf1                                   5.5
in_drv                             2.02262e-08
x1.nccomp1                         5.80481e-09
x1.nccomp2                         1.06119e-08
x1.nccomp3                          1.5419e-08
x2.n1                                      5.5
x2.n2                              2.09975e-08
x2.n3                                      5.5
x2.n4                              2.17693e-08
x2.n5                                      5.5
out                                2.19109e-08
x3.nref                               0.826342
x3.ndiv                                 1.0637
x3.uvlo_ok                             5.49993
x3.ntail                              0.208021
x3.ncompp                              4.46216
x3.ncompn                              5.49991
x3.lockout                         2.16149e-08
outcap                             2.19109e-08
vimeas#branch                      5.42101e-20
vin#branch                                   0
vgnd_logic#branch                  1.94318e-05
vsup_drv#branch                   -1.94318e-05
vsup_logic#branch                 -3.64128e-12

 Reference value :  1.04941e-07
 Reference value :  2.45841e-07
 Reference value :  3.89669e-07
 Reference value :  5.66069e-07
No. of Data Rows : 7225
trise10_90          =  3.98094e-09 targ=  2.62925e-08 trig=  2.23116e-08
tfall10_90          =  3.98924e-09 targ=  3.27088e-07 trig=  3.23098e-07
tpdlh               =  3.41964e-09 targ=  2.39196e-08 trig=  2.05000e-08
tpdhl               =  3.42832e-09 targ=  3.24928e-07 trig=  3.21500e-07
lockout_at_in_high  =  4.33071e-07
vout_at_in_high     =  5.50000e+00
vdrv_at_in_high     =  5.50000e+00
m_trise_s = 3.9809420000e-09
m_tfall_s = 3.9892390000e-09
m_tpdlh_s = 3.4196430000e-09
m_tpdhl_s = 3.4283150000e-09
m_ipeak_source_a = 1.4102997306e+00
m_ipeak_sink_a = 1.2212820045e+00
m_vout_max_v = 5.5050418487e+00
m_vout_min_v = -3.060798516e-03
m_vin_max_v = 3.6300000000e+00
m_vin_min_v = 0.0000000000e+00
m_indrv_max_v = 5.5000855312e+00
m_indrv_min_v = -2.972130312e-03
m_n1_max_v = 5.6073456434e+00
m_n1_min_v = -4.925026266e-02
m_n2_max_v = 5.5746341889e+00
m_n2_min_v = -4.130971492e-02
m_n3_max_v = 5.5547949679e+00
m_n3_min_v = -2.985556889e-02
m_n4_max_v = 5.5527288450e+00
m_n4_min_v = -2.948825945e-02
m_n5_max_v = 5.5527874319e+00
m_n5_min_v = -2.883041591e-02
m_uvlo_lockout_at_in_high = 4.3307090000e-07
m_uvlo_vout_at_in_high_v = 5.5000000000e+00
m_uvlo_vdrv_at_in_high_v = 5.5000000000e+00
Note: Simulation executed from .control section 

Note: vimeas: has no value, DC 0 assumed
