
Note: No compatibility mode selected!


Circuit: * gate-driver-core-drive-with-uvlo @ tt_-40c_vlogic3p30v-vdrv5p00v -- generated by sim/harness, do not edit

Doing analysis at TEMP = -40.000000 and TNOM = 27.000000

Using SPARSE 1.3 as Direct Linear Solver

Initial Transient Solution
--------------------------

Node                                   Voltage
----                                   -------
x1.inb                                     3.3
in                                           0
gnd_logic                                    0
vdd_logic                                  3.3
x1.na                                  2.33097
x1.nb                              3.51687e-10
x1.nca                                       5
gnd_drv                            1.68838e-08
x1.ncb                              9.6439e-10
vdd_drv                                      5
x1.nbuf1                                     5
in_drv                             1.76419e-08
x1.nccomp1                         5.13377e-09
x1.nccomp2                         9.30315e-09
x1.nccomp3                         1.34725e-08
x2.n1                                        5
x2.n2                              1.83781e-08
x2.n3                                        5
x2.n4                              1.91149e-08
x2.n5                                        5
out                                1.92502e-08
x3.nref                                0.82069
x3.ndiv                               0.967002
x3.uvlo_ok                             4.99993
x3.ntail                               0.14151
x3.ncompp                              3.97602
x3.ncompn                              4.99835
x3.lockout                         1.89681e-08
outcap                             1.92502e-08
vimeas#branch                                0
vin#branch                                   0
vgnd_logic#branch                  1.68838e-05
vsup_drv#branch                   -1.68838e-05
vsup_logic#branch                 -3.31413e-12

 Reference value :  9.63380e-08
 Reference value :  2.28338e-07
 Reference value :  3.75083e-07
 Reference value :  5.54283e-07
No. of Data Rows : 7220
trise10_90          =  4.22549e-09 targ=  2.66352e-08 trig=  2.24097e-08
tfall10_90          =  4.15235e-09 targ=  3.27344e-07 trig=  3.23191e-07
tpdlh               =  3.61822e-09 targ=  2.41182e-08 trig=  2.05000e-08
tpdhl               =  3.59217e-09 targ=  3.25092e-07 trig=  3.21500e-07
lockout_at_in_high  =  -5.89135e-07
vout_at_in_high     =  5.00000e+00
vdrv_at_in_high     =  5.00000e+00
m_trise_s = 4.2254920000e-09
m_tfall_s = 4.1523520000e-09
m_tpdlh_s = 3.6182180000e-09
m_tpdhl_s = 3.5921690000e-09
m_ipeak_source_a = 1.2063296120e+00
m_ipeak_sink_a = 1.0778958704e+00
m_vout_max_v = 5.0049228574e+00
m_vout_min_v = -3.016396699e-03
m_vin_max_v = 3.3000000000e+00
m_vin_min_v = 0.0000000000e+00
m_indrv_max_v = 5.0083193396e+00
m_indrv_min_v = -7.644865213e-03
m_n1_max_v = 5.1056626994e+00
m_n1_min_v = -5.031655386e-02
m_n2_max_v = 5.0728961398e+00
m_n2_min_v = -3.984337439e-02
m_n3_max_v = 5.0553007441e+00
m_n3_min_v = -2.981693898e-02
m_n4_max_v = 5.0532743919e+00
m_n4_min_v = -2.921475884e-02
m_n5_max_v = 5.0528721678e+00
m_n5_min_v = -2.925163715e-02
m_uvlo_lockout_at_in_high = -5.891346000e-07
m_uvlo_vout_at_in_high_v = 4.9999990000e+00
m_uvlo_vdrv_at_in_high_v = 5.0000000000e+00
Note: Simulation executed from .control section 

Note: vimeas: has no value, DC 0 assumed
