
Note: No compatibility mode selected!


Circuit: * gate-driver-core-drive-with-uvlo @ tt_125c_vlogic3p30v-vdrv5p00v -- generated by sim/harness, do not edit

Doing analysis at TEMP = 125.000000 and TNOM = 27.000000

Using SPARSE 1.3 as Direct Linear Solver

Initial Transient Solution
--------------------------

Node                                   Voltage
----                                   -------
x1.inb                                     3.3
in                                           0
gnd_logic                                    0
vdd_logic                                  3.3
x1.na                                  2.41486
x1.nb                              6.90689e-10
x1.nca                                 4.99999
gnd_drv                            1.92508e-08
x1.ncb                             2.05193e-09
vdd_drv                                      5
x1.nbuf1                                     5
in_drv                             2.19269e-08
x1.nccomp1                         7.02068e-09
x1.nccomp2                         1.19894e-08
x1.nccomp3                         1.69582e-08
x2.n1                                        5
x2.n2                              2.48701e-08
x2.n3                                        5
x2.n4                              2.61291e-08
x2.n5                                        5
out                                 2.6546e-08
x3.nref                                0.66393
x3.ndiv                               0.967002
x3.uvlo_ok                             4.99988
x3.ntail                              0.250964
x3.ncompp                              4.13857
x3.ncompn                               4.9993
x3.lockout                         2.56981e-08
outcap                              2.6546e-08
vimeas#branch                      5.42101e-20
vin#branch                                   0
vgnd_logic#branch                  1.92546e-05
vsup_drv#branch                   -1.92535e-05
vsup_logic#branch                 -1.14093e-09

 Reference value :  1.09257e-07
 Reference value :  2.60257e-07
 Reference value :  3.96628e-07
 Reference value :  5.72328e-07
No. of Data Rows : 7186
trise10_90          =  6.21458e-09 targ=  2.93994e-08 trig=  2.31848e-08
tfall10_90          =  5.97887e-09 targ=  3.29781e-07 trig=  3.23803e-07
tpdlh               =  5.01926e-09 targ=  2.55193e-08 trig=  2.05000e-08
tpdhl               =  4.83255e-09 targ=  3.26333e-07 trig=  3.21500e-07
lockout_at_in_high  =  2.46967e-08
vout_at_in_high     =  5.00000e+00
vdrv_at_in_high     =  5.00000e+00
m_trise_s = 6.2145790000e-09
m_tfall_s = 5.9788710000e-09
m_tpdlh_s = 5.0192550000e-09
m_tpdhl_s = 4.8325470000e-09
m_ipeak_source_a = 8.9428899634e-01
m_ipeak_sink_a = 8.1309752262e-01
m_vout_max_v = 5.0042473126e+00
m_vout_min_v = -2.584524091e-03
m_vin_max_v = 3.3000000000e+00
m_vin_min_v = 0.0000000000e+00
m_indrv_max_v = 5.0011964805e+00
m_indrv_min_v = -6.013159442e-04
m_n1_max_v = 5.0929775292e+00
m_n1_min_v = -4.499125770e-02
m_n2_max_v = 5.0710160219e+00
m_n2_min_v = -3.965894657e-02
m_n3_max_v = 5.0515208733e+00
m_n3_min_v = -2.860980532e-02
m_n4_max_v = 5.0486083702e+00
m_n4_min_v = -2.755242979e-02
m_n5_max_v = 5.0489066498e+00
m_n5_min_v = -2.710283846e-02
m_uvlo_lockout_at_in_high = 2.4696680000e-08
m_uvlo_vout_at_in_high_v = 5.0000000000e+00
m_uvlo_vdrv_at_in_high_v = 5.0000000000e+00
Note: Simulation executed from .control section 

Note: vimeas: has no value, DC 0 assumed
