
Note: No compatibility mode selected!


Circuit: * gate-driver-core-drive-with-uvlo @ tt_125c_vlogic3p63v-vdrv5p50v -- generated by sim/harness, do not edit

Doing analysis at TEMP = 125.000000 and TNOM = 27.000000

Using SPARSE 1.3 as Direct Linear Solver

Initial Transient Solution
--------------------------

Node                                   Voltage
----                                   -------
x1.inb                                    3.63
in                                           0
gnd_logic                                    0
vdd_logic                                 3.63
x1.na                                  2.68944
x1.nb                              7.23467e-10
x1.nca                                 5.49999
gnd_drv                            2.18337e-08
x1.ncb                              2.1112e-09
vdd_drv                                    5.5
x1.nbuf1                                   5.5
in_drv                              2.4639e-08
x1.nccomp1                         7.74315e-09
x1.nccomp2                         1.33751e-08
x1.nccomp3                         1.90071e-08
x2.n1                                      5.5
x2.n2                              2.77211e-08
x2.n3                                      5.5
x2.n4                              2.90505e-08
x2.n5                                      5.5
out                                2.94878e-08
x3.nref                               0.671788
x3.ndiv                                 1.0637
x3.uvlo_ok                             5.49988
x3.ntail                              0.317484
x3.ncompp                              4.62298
x3.ncompn                              5.49987
x3.lockout                         2.85708e-08
outcap                             2.94878e-08
vimeas#branch                                0
vin#branch                                   0
vgnd_logic#branch                  2.18384e-05
vsup_drv#branch                   -2.18369e-05
vsup_logic#branch                 -1.45219e-09

 Reference value :  1.16541e-07
 Reference value :  2.91441e-07
 Reference value :  4.48735e-07
 Reference value :  6.26835e-07
No. of Data Rows : 7193
trise10_90          =  5.78095e-09 targ=  2.88002e-08 trig=  2.30192e-08
tfall10_90          =  5.75351e-09 targ=  3.29419e-07 trig=  3.23665e-07
tpdlh               =  4.68443e-09 targ=  2.51844e-08 trig=  2.05000e-08
tpdhl               =  4.60266e-09 targ=  3.26103e-07 trig=  3.21500e-07
lockout_at_in_high  =  5.66752e-08
vout_at_in_high     =  5.50000e+00
vdrv_at_in_high     =  5.50000e+00
m_trise_s = 5.7809530000e-09
m_tfall_s = 5.7535130000e-09
m_tpdlh_s = 4.6844260000e-09
m_tpdhl_s = 4.6026630000e-09
m_ipeak_source_a = 1.0608849124e+00
m_ipeak_sink_a = 9.2830842464e-01
m_vout_max_v = 5.5042979272e+00
m_vout_min_v = -2.611231521e-03
m_vin_max_v = 3.6300000000e+00
m_vin_min_v = 0.0000000000e+00
m_indrv_max_v = 5.5012205063e+00
m_indrv_min_v = -6.122404368e-04
m_n1_max_v = 5.5945868982e+00
m_n1_min_v = -4.458392862e-02
m_n2_max_v = 5.5738745363e+00
m_n2_min_v = -4.083343930e-02
m_n3_max_v = 5.5520584952e+00
m_n3_min_v = -2.924034250e-02
m_n4_max_v = 5.5485641265e+00
m_n4_min_v = -2.794830921e-02
m_n5_max_v = 5.5477813227e+00
m_n5_min_v = -2.760336399e-02
m_uvlo_lockout_at_in_high = 5.6675230000e-08
m_uvlo_vout_at_in_high_v = 5.5000000000e+00
m_uvlo_vdrv_at_in_high_v = 5.5000000000e+00
Note: Simulation executed from .control section 

Note: vimeas: has no value, DC 0 assumed
