
Note: No compatibility mode selected!


Circuit: * gate-driver-core-drive-with-uvlo @ tt_125c_vlogic2p97v-vdrv4p50v -- generated by sim/harness, do not edit

Doing analysis at TEMP = 125.000000 and TNOM = 27.000000

Using SPARSE 1.3 as Direct Linear Solver

Initial Transient Solution
--------------------------

Node                                   Voltage
----                                   -------
x1.inb                                    2.97
in                                           0
gnd_logic                                    0
vdd_logic                                 2.97
x1.na                                  2.14369
x1.nb                              6.62715e-10
x1.nca                                 4.49999
gnd_drv                            1.67806e-08
x1.ncb                                2.01e-09
vdd_drv                                    4.5
x1.nbuf1                                   4.5
in_drv                              1.9364e-08
x1.nccomp1                         6.34852e-09
x1.nccomp2                          1.0687e-08
x1.nccomp3                         1.50255e-08
x2.n1                                      4.5
x2.n2                              2.22112e-08
x2.n3                                      4.5
x2.n4                              2.34058e-08
x2.n5                                      4.5
out                                2.38073e-08
x3.nref                               0.655317
x3.ndiv                               0.870301
x3.uvlo_ok                             4.49989
x3.ntail                              0.186971
x3.ncompp                              3.65647
x3.ncompn                               4.4966
x3.lockout                         2.31108e-08
outcap                             2.38073e-08
vimeas#branch                     -5.42101e-20
vin#branch                                   0
vgnd_logic#branch                  1.67837e-05
vsup_drv#branch                   -1.67828e-05
vsup_logic#branch                 -9.11573e-10

 Reference value :  1.00681e-07
 Reference value :  2.88081e-07
 Reference value :  4.45780e-07
 Reference value :  6.30580e-07
No. of Data Rows : 7179
trise10_90          =  6.76796e-09 targ=  3.01673e-08 trig=  2.33993e-08
tfall10_90          =  6.28661e-09 targ=  3.30266e-07 trig=  3.23979e-07
tpdlh               =  5.44951e-09 targ=  2.59495e-08 trig=  2.05000e-08
tpdhl               =  5.13503e-09 targ=  3.26635e-07 trig=  3.21500e-07
lockout_at_in_high  =  -8.21523e-07
vout_at_in_high     =  4.50000e+00
vdrv_at_in_high     =  4.50000e+00
m_trise_s = 6.7679650000e-09
m_tfall_s = 6.2866090000e-09
m_tpdlh_s = 5.4495070000e-09
m_tpdhl_s = 5.1350300000e-09
m_ipeak_source_a = 7.3927505072e-01
m_ipeak_sink_a = 6.9539655274e-01
m_vout_max_v = 4.5041547702e+00
m_vout_min_v = -2.554546991e-03
m_vin_max_v = 2.9700000000e+00
m_vin_min_v = 0.0000000000e+00
m_indrv_max_v = 4.5012818362e+00
m_indrv_min_v = -2.662932125e-03
m_n1_max_v = 4.5900450510e+00
m_n1_min_v = -4.480350034e-02
m_n2_max_v = 4.5680987076e+00
m_n2_min_v = -3.731636530e-02
m_n3_max_v = 4.5512278259e+00
m_n3_min_v = -2.767488693e-02
m_n4_max_v = 4.5476024027e+00
m_n4_min_v = -2.700027979e-02
m_n5_max_v = 4.5487120792e+00
m_n5_min_v = -2.645899985e-02
m_uvlo_lockout_at_in_high = -8.215225000e-07
m_uvlo_vout_at_in_high_v = 4.4999990000e+00
m_uvlo_vdrv_at_in_high_v = 4.5000000000e+00
Note: Simulation executed from .control section 

Note: vimeas: has no value, DC 0 assumed
