
Note: No compatibility mode selected!


Circuit: * gate-driver-core-drive-with-uvlo @ tt_27c_vlogic3p30v-vdrv6p00v -- generated by sim/harness, do not edit

Doing analysis at TEMP = 27.000000 and TNOM = 27.000000

Using SPARSE 1.3 as Direct Linear Solver

Initial Transient Solution
--------------------------

Node                                   Voltage
----                                   -------
x1.inb                                     3.3
in                                           0
gnd_logic                                    0
vdd_logic                                  3.3
x1.na                                  2.44545
x1.nb                              5.14949e-10
x1.nca                                       6
gnd_drv                            2.32509e-08
x1.ncb                              1.4671e-09
vdd_drv                                      6
x1.nbuf1                                     6
in_drv                             2.43573e-08
x1.nccomp1                         7.18965e-09
x1.nccomp2                         1.29122e-08
x1.nccomp3                         1.86347e-08
x2.n1                                        6
x2.n2                              2.54309e-08
x2.n3                                        6
x2.n4                              2.65052e-08
x2.n5                                        6
out                                2.67025e-08
x3.nref                               0.768429
x3.ndiv                                 1.1604
x3.uvlo_ok                             5.99991
x3.ntail                              0.322243
x3.ncompp                              5.01455
x3.ncompn                              5.99999
x3.lockout                         2.62879e-08
outcap                             2.67025e-08
vimeas#branch                                0
vin#branch                                   0
vgnd_logic#branch                  2.32509e-05
vsup_drv#branch                   -2.32509e-05
vsup_logic#branch                 -7.49849e-12

 Reference value :  9.66479e-08
 Reference value :  2.65548e-07
 Reference value :  3.99074e-07
 Reference value :  5.80374e-07
No. of Data Rows : 7213
trise10_90          =  4.51254e-09 targ=  2.69742e-08 trig=  2.24617e-08
tfall10_90          =  4.49803e-09 targ=  3.27781e-07 trig=  3.23283e-07
tpdlh               =  3.71672e-09 targ=  2.42167e-08 trig=  2.05000e-08
tpdhl               =  3.77642e-09 targ=  3.25276e-07 trig=  3.21500e-07
lockout_at_in_high  =  -1.77397e-07
vout_at_in_high     =  6.00000e+00
vdrv_at_in_high     =  6.00000e+00
m_trise_s = 4.5125380000e-09
m_tfall_s = 4.4980260000e-09
m_tpdlh_s = 3.7167200000e-09
m_tpdhl_s = 3.7764170000e-09
m_ipeak_source_a = 1.4217785601e+00
m_ipeak_sink_a = 1.2340514356e+00
m_vout_max_v = 6.0047351575e+00
m_vout_min_v = -2.875804925e-03
m_vin_max_v = 3.3000000000e+00
m_vin_min_v = 0.0000000000e+00
m_indrv_max_v = 6.0000813498e+00
m_indrv_min_v = -4.723225458e-04
m_n1_max_v = 6.0999094897e+00
m_n1_min_v = -4.612175569e-02
m_n2_max_v = 6.0771854206e+00
m_n2_min_v = -4.268755168e-02
m_n3_max_v = 6.0547973288e+00
m_n3_min_v = -2.994737965e-02
m_n4_max_v = 6.0512751693e+00
m_n4_min_v = -2.919400311e-02
m_n5_max_v = 6.0506124848e+00
m_n5_min_v = -2.874085591e-02
m_uvlo_lockout_at_in_high = -1.773965000e-07
m_uvlo_vout_at_in_high_v = 6.0000000000e+00
m_uvlo_vdrv_at_in_high_v = 6.0000000000e+00
Note: Simulation executed from .control section 

Note: vimeas: has no value, DC 0 assumed
