
Note: No compatibility mode selected!


Circuit: * gate-driver-core-drive-with-uvlo @ tt_27c_vlogic3p63v-vdrv5p50v -- generated by sim/harness, do not edit

Doing analysis at TEMP = 27.000000 and TNOM = 27.000000

Using SPARSE 1.3 as Direct Linear Solver

Initial Transient Solution
--------------------------

Node                                   Voltage
----                                   -------
x1.inb                                    3.63
in                                           0
gnd_logic                                    0
vdd_logic                                 3.63
x1.na                                  2.70974
x1.nb                              4.55705e-10
x1.nca                                     5.5
gnd_drv                            2.05116e-08
x1.ncb                             1.26306e-09
vdd_drv                                    5.5
x1.nbuf1                                   5.5
in_drv                             2.15607e-08
x1.nccomp1                         6.33746e-09
x1.nccomp2                         1.14119e-08
x1.nccomp3                         1.64863e-08
x2.n1                                      5.5
x2.n2                              2.25789e-08
x2.n3                                      5.5
x2.n4                              2.35979e-08
x2.n5                                      5.5
out                                2.37849e-08
x3.nref                               0.762397
x3.ndiv                                 1.0637
x3.uvlo_ok                             5.49991
x3.ntail                              0.253752
x3.ncompp                              4.52832
x3.ncompn                              5.49989
x3.lockout                         2.33923e-08
outcap                             2.37849e-08
vimeas#branch                      5.42101e-20
vin#branch                                   0
vgnd_logic#branch                  2.05116e-05
vsup_drv#branch                   -2.05116e-05
vsup_logic#branch                 -9.28929e-12

 Reference value :  1.07748e-07
 Reference value :  2.58748e-07
 Reference value :  4.12164e-07
 Reference value :  5.98964e-07
No. of Data Rows : 7214
trise10_90          =  4.76716e-09 targ=  2.73687e-08 trig=  2.26016e-08
tfall10_90          =  4.63743e-09 targ=  3.27964e-07 trig=  3.23327e-07
tpdlh               =  3.95738e-09 targ=  2.44574e-08 trig=  2.05000e-08
tpdhl               =  3.87951e-09 targ=  3.25380e-07 trig=  3.21500e-07
lockout_at_in_high  =  3.05636e-08
vout_at_in_high     =  5.50000e+00
vdrv_at_in_high     =  5.50000e+00
m_trise_s = 4.7671580000e-09
m_tfall_s = 4.6374320000e-09
m_tpdlh_s = 3.9573770000e-09
m_tpdhl_s = 3.8795060000e-09
m_ipeak_source_a = 1.2283538430e+00
m_ipeak_sink_a = 1.0942650199e+00
m_vout_max_v = 5.5047548404e+00
m_vout_min_v = -2.882795564e-03
m_vin_max_v = 3.6300000000e+00
m_vin_min_v = 0.0000000000e+00
m_indrv_max_v = 5.5003750350e+00
m_indrv_min_v = -4.808421215e-04
m_n1_max_v = 5.6001952808e+00
m_n1_min_v = -4.726444524e-02
m_n2_max_v = 5.5756135376e+00
m_n2_min_v = -4.203840998e-02
m_n3_max_v = 5.5556722034e+00
m_n3_min_v = -2.989471333e-02
m_n4_max_v = 5.5521426359e+00
m_n4_min_v = -2.903427603e-02
m_n5_max_v = 5.5523800581e+00
m_n5_min_v = -2.904895354e-02
m_uvlo_lockout_at_in_high = 3.0563570000e-08
m_uvlo_vout_at_in_high_v = 5.5000000000e+00
m_uvlo_vdrv_at_in_high_v = 5.5000000000e+00
Note: Simulation executed from .control section 

Note: vimeas: has no value, DC 0 assumed
