
Note: No compatibility mode selected!


Circuit: * gate-driver-core-drive-with-uvlo @ tt_27c_vlogic3p30v-vdrv5p00v -- generated by sim/harness, do not edit

Doing analysis at TEMP = 27.000000 and TNOM = 27.000000

Using SPARSE 1.3 as Direct Linear Solver

Initial Transient Solution
--------------------------

Node                                   Voltage
----                                   -------
x1.inb                                     3.3
in                                           0
gnd_logic                                    0
vdd_logic                                  3.3
x1.na                                  2.43057
x1.nb                              4.29032e-10
x1.nca                                       5
gnd_drv                            1.79511e-08
x1.ncb                             1.22233e-09
vdd_drv                                      5
x1.nbuf1                                     5
in_drv                             1.89486e-08
x1.nccomp1                         5.65389e-09
x1.nccomp2                         1.00854e-08
x1.nccomp3                          1.4517e-08
x2.n1                                        5
x2.n2                              1.99168e-08
x2.n3                                        5
x2.n4                              2.08859e-08
x2.n5                                        5
out                                2.10638e-08
x3.nref                               0.755852
x3.ndiv                               0.967002
x3.uvlo_ok                             4.99991
x3.ntail                              0.186987
x3.ncompp                              4.04265
x3.ncompn                              4.99901
x3.lockout                         2.06912e-08
outcap                             2.10638e-08
vimeas#branch                                0
vin#branch                                   0
vgnd_logic#branch                  1.79511e-05
vsup_drv#branch                   -1.79511e-05
vsup_logic#branch                  -7.5056e-12

 Reference value :  1.08347e-07
 Reference value :  3.06647e-07
 Reference value :  4.67272e-07
 Reference value :  6.46772e-07
No. of Data Rows : 7205
trise10_90          =  5.08806e-09 targ=  2.78148e-08 trig=  2.27267e-08
tfall10_90          =  4.82497e-09 targ=  3.28262e-07 trig=  3.23437e-07
tpdlh               =  4.21025e-09 targ=  2.47102e-08 trig=  2.05000e-08
tpdhl               =  4.06947e-09 targ=  3.25569e-07 trig=  3.21500e-07
lockout_at_in_high  =  -1.26235e-07
vout_at_in_high     =  5.00000e+00
vdrv_at_in_high     =  5.00000e+00
m_trise_s = 5.0880640000e-09
m_tfall_s = 4.8249720000e-09
m_tpdlh_s = 4.2102470000e-09
m_tpdhl_s = 4.0694730000e-09
m_ipeak_source_a = 1.0487029791e+00
m_ipeak_sink_a = 9.5417287034e-01
m_vout_max_v = 5.0045708110e+00
m_vout_min_v = -2.880789894e-03
m_vin_max_v = 3.3000000000e+00
m_vin_min_v = 0.0000000000e+00
m_indrv_max_v = 5.0002711884e+00
m_indrv_min_v = -4.288123396e-03
m_n1_max_v = 5.1004561063e+00
m_n1_min_v = -4.884629661e-02
m_n2_max_v = 5.0731861107e+00
m_n2_min_v = -4.070807700e-02
m_n3_max_v = 5.0549406077e+00
m_n3_min_v = -2.956861491e-02
m_n4_max_v = 5.0529212456e+00
m_n4_min_v = -2.914284139e-02
m_n5_max_v = 5.0527163221e+00
m_n5_min_v = -2.887147410e-02
m_uvlo_lockout_at_in_high = -1.262348000e-07
m_uvlo_vout_at_in_high_v = 5.0000000000e+00
m_uvlo_vdrv_at_in_high_v = 5.0000000000e+00
Note: Simulation executed from .control section 

Note: vimeas: has no value, DC 0 assumed
