* ====================================================================
* record-id : 20260821-095727-1ea8cb5
* testbench : sim/gate-driver-core-drive/testbench/gate_driver_core_tb.spice
* dut       : design/netlist/gate_driver_core.spice (schematic)
* corner    : ff_125c_vlogic3p30v-vdrv6p00v
* mismatch  : none -- plain harness deck (runner.compose_deck(mc=None)),
*             byte-identical to what sim/run_corners.py generates.
*             This is negative-control leg 1: the zero-sigma control
*             logged alongside it must match this run exactly.
* pdk       : gf180mcuD (/Users/rwalters/.volare/gf180mcuD)
* ngspice   : ngspice-47 : Circuit level simulation program
* run (UTC) : 2026-08-21T09:57:27Z
* ====================================================================

Note: Compatibility modes selected: hs a


Circuit: * gate-driver-core-drive @ ff_125c_vlogic3p30v-vdrv6p00v -- generated by sim/harness, do not edit

Doing analysis at TEMP = 125.000000 and TNOM = 27.000000

Using SPARSE 1.3 as Direct Linear Solver

Initial Transient Solution
--------------------------

Node                                   Voltage
----                                   -------
x1.inb                                 3.29999
in                                           0
gnd_logic                                    0
vdd_logic                                  3.3
x1.na                                  2.47237
x1.nb                              2.55842e-09
x1.nca                                 5.99994
gnd_drv                             1.6973e-10
x1.ncb                             7.28202e-09
vdd_drv                                      6
x1.nbuf1                                     6
in_drv                             1.77116e-08
x1.nccomp1                         9.88941e-09
x1.nccomp2                         1.24968e-08
x1.nccomp3                         1.51042e-08
x2.n1                                        6
x2.n2                              3.89476e-08
x2.n3                                        6
x2.n4                              3.92742e-08
x2.n5                                        6
out                                4.16442e-08
outcap                             4.16442e-08
vimeas#branch                      2.52352e-21
vin#branch                                   0
vgnd_logic#branch                  2.06756e-07
vsup_drv#branch                   -1.95482e-07
vsup_logic#branch                 -1.12709e-08

 Reference value :  5.73624e-08
 Reference value :  3.10962e-07
 Reference value :  5.58044e-07
No. of Data Rows : 7194
trise10_90          =  4.55739e-09 targ=  2.70023e-08 trig=  2.24449e-08
tfall10_90          =  4.86786e-09 targ=  3.28123e-07 trig=  3.23255e-07
tpdlh               =  3.64148e-09 targ=  2.41415e-08 trig=  2.05000e-08
tpdhl               =  3.79826e-09 targ=  3.25298e-07 trig=  3.21500e-07
m_trise_s = 4.5573950000e-09
m_tfall_s = 4.8678610000e-09
m_tpdlh_s = 3.6414770000e-09
m_tpdhl_s = 3.7982610000e-09
m_ipeak_source_a = 1.4802559161e+00
m_ipeak_sink_a = 1.2147375088e+00
m_vout_max_v = 6.0034158493e+00
m_vout_min_v = -2.028163290e-03
m_vin_max_v = 3.3000000000e+00
m_vin_min_v = 0.0000000000e+00
m_indrv_max_v = 6.0001970079e+00
m_indrv_min_v = -3.925128650e-04
m_n1_max_v = 6.0702611185e+00
m_n1_min_v = -3.325576083e-02
m_n2_max_v = 6.0667859917e+00
m_n2_min_v = -3.753619959e-02
m_n3_max_v = 6.0402613295e+00
m_n3_min_v = -2.485059986e-02
m_n4_max_v = 6.0363873813e+00
m_n4_min_v = -2.309899424e-02
m_n5_max_v = 6.0361285457e+00
m_n5_min_v = -2.224065348e-02
Note: Simulation executed from .control section 

Warning: m=xx on .subckt line will override multiplier m hierarchy!

Note: vimeas: has no value, DC 0 assumed
