* ====================================================================
* record-id : 20260821-095727-1ea8cb5
* testbench : sim/gate-driver-core-drive/testbench/gate_driver_core_tb.spice
* dut       : design/netlist/gate_driver_core.spice (schematic)
* corner    : ff_27c_vlogic3p30v-vdrv6p00v
* mismatch  : none -- plain harness deck (runner.compose_deck(mc=None)),
*             byte-identical to what sim/run_corners.py generates.
*             This is negative-control leg 1: the zero-sigma control
*             logged alongside it must match this run exactly.
* pdk       : gf180mcuD (/Users/rwalters/.volare/gf180mcuD)
* ngspice   : ngspice-47 : Circuit level simulation program
* run (UTC) : 2026-08-21T09:57:27Z
* ====================================================================

Note: Compatibility modes selected: hs a


Circuit: * gate-driver-core-drive @ ff_27c_vlogic3p30v-vdrv6p00v -- generated by sim/harness, do not edit

Doing analysis at TEMP = 27.000000 and TNOM = 27.000000

Using SPARSE 1.3 as Direct Linear Solver

Initial Transient Solution
--------------------------

Node                                   Voltage
----                                   -------
x1.inb                                     3.3
in                                           0
gnd_logic                                    0
vdd_logic                                  3.3
x1.na                                   2.4995
x1.nb                              4.83988e-10
x1.nca                                       6
gnd_drv                            4.99521e-12
x1.ncb                             1.31967e-09
vdd_drv                                      6
x1.nbuf1                                     6
in_drv                             1.04271e-09
x1.nccomp1                         1.25043e-09
x1.nccomp2                         1.18119e-09
x1.nccomp3                         1.11195e-09
x2.n1                                        6
x2.n2                              2.05066e-09
x2.n3                                        6
x2.n4                              3.03176e-09
x2.n5                                        6
out                                3.21521e-09
outcap                             3.21521e-09
vimeas#branch                      5.58055e-22
vin#branch                                   0
vgnd_logic#branch                  5.25735e-09
vsup_drv#branch                   -5.16759e-09
vsup_logic#branch                  -8.6184e-11

 Reference value :  1.52210e-07
 Reference value :  3.83221e-07
 Reference value :  6.47021e-07
No. of Data Rows : 7212
trise10_90          =  3.85630e-09 targ=  2.59940e-08 trig=  2.21377e-08
tfall10_90          =  3.88095e-09 targ=  3.26869e-07 trig=  3.22988e-07
tpdlh               =  3.12774e-09 targ=  2.36277e-08 trig=  2.05000e-08
tpdhl               =  3.18515e-09 targ=  3.24685e-07 trig=  3.21500e-07
m_trise_s = 3.8562990000e-09
m_tfall_s = 3.8809490000e-09
m_tpdlh_s = 3.1277360000e-09
m_tpdhl_s = 3.1851510000e-09
m_ipeak_source_a = 1.6715892518e+00
m_ipeak_sink_a = 1.4476004323e+00
m_vout_max_v = 6.0039086152e+00
m_vout_min_v = -2.332341177e-03
m_vin_max_v = 3.3000000000e+00
m_vin_min_v = 0.0000000000e+00
m_indrv_max_v = 6.0000752320e+00
m_indrv_min_v = -3.445664328e-04
m_n1_max_v = 6.0897707193e+00
m_n1_min_v = -3.648511248e-02
m_n2_max_v = 6.0694709100e+00
m_n2_min_v = -3.988897946e-02
m_n3_max_v = 6.0455714779e+00
m_n3_min_v = -2.627015454e-02
m_n4_max_v = 6.0410887815e+00
m_n4_min_v = -2.505256362e-02
m_n5_max_v = 6.0409212714e+00
m_n5_min_v = -2.436061324e-02
Note: Simulation executed from .control section 

Warning: m=xx on .subckt line will override multiplier m hierarchy!

Note: vimeas: has no value, DC 0 assumed
