* ====================================================================
* record-id : 20260821-095727-1ea8cb5
* testbench : sim/gate-driver-core-drive/testbench/gate_driver_core_tb.spice
* dut       : design/netlist/gate_driver_core.spice (schematic)
* corner    : ff_mc0018_125c_vlogic3p30v-vdrv6p00v
* mismatch  : sw_stat_mismatch=1 (sample 18), sw_stat_global=0
* seed      : 20310222
* pdk       : gf180mcuD (/Users/rwalters/.volare/gf180mcuD)
* ngspice   : ngspice-47 : Circuit level simulation program
* run (UTC) : 2026-08-21T09:57:27Z
* ====================================================================

Note: Compatibility modes selected: hs a


Circuit: * gate-driver-core-drive @ ff_mc0018_125c_vlogic3p30v-vdrv6p00v -- generated by sim/harness, do not edit

Doing analysis at TEMP = 125.000000 and TNOM = 27.000000

Using SPARSE 1.3 as Direct Linear Solver

Initial Transient Solution
--------------------------

Node                                   Voltage
----                                   -------
x1.inb                                 3.29999
in                                           0
gnd_logic                                    0
vdd_logic                                  3.3
x1.na                                  2.47294
x1.nb                              2.33811e-09
x1.nca                                 5.99994
gnd_drv                            1.49162e-10
x1.ncb                             6.65451e-09
vdd_drv                                      6
x1.nbuf1                                     6
in_drv                             1.76437e-08
x1.nccomp1                          9.4018e-09
x1.nccomp2                         1.21491e-08
x1.nccomp3                         1.48964e-08
x2.n1                                        6
x2.n2                              3.98777e-08
x2.n3                                        6
x2.n4                              4.11009e-08
x2.n5                                        6
out                                4.71646e-08
outcap                             4.71646e-08
vimeas#branch                       2.0035e-20
vin#branch                                   0
vgnd_logic#branch                  1.87085e-07
vsup_drv#branch                   -1.74597e-07
vsup_logic#branch                 -1.24919e-08

 Reference value :  7.14684e-08
 Reference value :  3.22160e-07
 Reference value :  5.75322e-07
No. of Data Rows : 7196
trise10_90          =  4.54129e-09 targ=  2.69856e-08 trig=  2.24444e-08
tfall10_90          =  4.86574e-09 targ=  3.28121e-07 trig=  3.23255e-07
tpdlh               =  3.63472e-09 targ=  2.41347e-08 trig=  2.05000e-08
tpdhl               =  3.79775e-09 targ=  3.25298e-07 trig=  3.21500e-07
m_trise_s = 4.5412890000e-09
m_tfall_s = 4.8657400000e-09
m_tpdlh_s = 3.6347170000e-09
m_tpdhl_s = 3.7977480000e-09
m_ipeak_source_a = 1.4860664875e+00
m_ipeak_sink_a = 1.2135539404e+00
m_vout_max_v = 6.0034107959e+00
m_vout_min_v = -2.009494202e-03
m_vin_max_v = 3.3000000000e+00
m_vin_min_v = 0.0000000000e+00
m_indrv_max_v = 6.0004052504e+00
m_indrv_min_v = -3.923494078e-04
m_n1_max_v = 6.0743337334e+00
m_n1_min_v = -3.346927270e-02
m_n2_max_v = 6.0668545705e+00
m_n2_min_v = -3.755735478e-02
m_n3_max_v = 6.0405626822e+00
m_n3_min_v = -2.493967898e-02
m_n4_max_v = 6.0365286143e+00
m_n4_min_v = -2.304289754e-02
m_n5_max_v = 6.0369573721e+00
m_n5_min_v = -2.234076250e-02
Note: Simulation executed from .control section 

Warning: m=xx on .subckt line will override multiplier m hierarchy!

Note: vimeas: has no value, DC 0 assumed
