* ====================================================================
* record-id : 20260821-095727-1ea8cb5
* testbench : sim/gate-driver-core-drive/testbench/gate_driver_core_tb.spice
* dut       : design/netlist/gate_driver_core.spice (schematic)
* corner    : ff_mc0042_-40c_vlogic3p30v-vdrv6p00v
* mismatch  : sw_stat_mismatch=1 (sample 42), sw_stat_global=0
* seed      : 20290246
* pdk       : gf180mcuD (/Users/rwalters/.volare/gf180mcuD)
* ngspice   : ngspice-47 : Circuit level simulation program
* run (UTC) : 2026-08-21T09:57:27Z
* ====================================================================

Note: Compatibility modes selected: hs a


Circuit: * gate-driver-core-drive @ ff_mc0042_-40c_vlogic3p30v-vdrv6p00v -- generated by sim/harness, do not edit

Doing analysis at TEMP = -40.000000 and TNOM = 27.000000

Using SPARSE 1.3 as Direct Linear Solver

Initial Transient Solution
--------------------------

Node                                   Voltage
----                                   -------
x1.inb                                     3.3
in                                           0
gnd_logic                                    0
vdd_logic                                  3.3
x1.na                                  2.46311
x1.nb                              4.00503e-10
x1.nca                                       6
gnd_drv                             4.4607e-12
x1.ncb                             1.05093e-09
vdd_drv                                      6
x1.nbuf1                                     6
in_drv                             7.85254e-10
x1.nccomp1                         9.84508e-10
x1.nccomp2                          9.1809e-10
x1.nccomp3                         8.51672e-10
x2.n1                                        6
x2.n2                              1.54422e-09
x2.n3                                        6
x2.n4                              2.28646e-09
x2.n5                                        6
out                                2.43607e-09
outcap                             2.43607e-09
vimeas#branch                     -4.01238e-22
vin#branch                                   0
vgnd_logic#branch                  4.47378e-09
vsup_drv#branch                   -4.46182e-09
vsup_logic#branch                 -3.45369e-12

 Reference value :  5.53459e-08
 Reference value :  3.06846e-07
 Reference value :  5.44280e-07
No. of Data Rows : 7226
trise10_90          =  3.26790e-09 targ=  2.51938e-08 trig=  2.19259e-08
tfall10_90          =  3.31209e-09 targ=  3.26117e-07 trig=  3.22805e-07
tpdlh               =  2.73956e-09 targ=  2.32396e-08 trig=  2.05000e-08
tpdhl               =  2.80483e-09 targ=  3.24305e-07 trig=  3.21500e-07
m_trise_s = 3.2679010000e-09
m_tfall_s = 3.3120930000e-09
m_tpdlh_s = 2.7395610000e-09
m_tpdhl_s = 2.8048330000e-09
m_ipeak_source_a = 1.8902868967e+00
m_ipeak_sink_a = 1.6393018471e+00
m_vout_max_v = 6.0042602682e+00
m_vout_min_v = -2.489536189e-03
m_vin_max_v = 3.3000000000e+00
m_vin_min_v = 0.0000000000e+00
m_indrv_max_v = 6.0000996730e+00
m_indrv_min_v = -2.924006351e-04
m_n1_max_v = 6.0924660654e+00
m_n1_min_v = -3.760672992e-02
m_n2_max_v = 6.0691057995e+00
m_n2_min_v = -3.999417781e-02
m_n3_max_v = 6.0468246048e+00
m_n3_min_v = -2.672142751e-02
m_n4_max_v = 6.0421434841e+00
m_n4_min_v = -2.558540261e-02
m_n5_max_v = 6.0426453453e+00
m_n5_min_v = -2.530067883e-02
Note: Simulation executed from .control section 

Warning: m=xx on .subckt line will override multiplier m hierarchy!

Note: vimeas: has no value, DC 0 assumed
