* ====================================================================
* record-id : 20260821-095727-1ea8cb5
* testbench : sim/gate-driver-core-drive/testbench/gate_driver_core_tb.spice
* dut       : design/netlist/gate_driver_core.spice (schematic)
* corner    : ff_mc0000_-40c_vlogic3p30v-vdrv6p00v
* mismatch  : sw_stat_mismatch=0 (sample 0), sw_stat_global=0
* seed      : 20290204
* pdk       : gf180mcuD (/Users/rwalters/.volare/gf180mcuD)
* ngspice   : ngspice-47 : Circuit level simulation program
* run (UTC) : 2026-08-21T09:57:27Z
* ====================================================================

Note: Compatibility modes selected: hs a


Circuit: * gate-driver-core-drive @ ff_mc0000_-40c_vlogic3p30v-vdrv6p00v -- generated by sim/harness, do not edit

Doing analysis at TEMP = -40.000000 and TNOM = 27.000000

Using SPARSE 1.3 as Direct Linear Solver

Initial Transient Solution
--------------------------

Node                                   Voltage
----                                   -------
x1.inb                                     3.3
in                                           0
gnd_logic                                    0
vdd_logic                                  3.3
x1.na                                  2.46583
x1.nb                              4.00057e-10
x1.nca                                       6
gnd_drv                            4.46061e-12
x1.ncb                             1.05011e-09
vdd_drv                                      6
x1.nbuf1                                     6
in_drv                             7.86012e-10
x1.nccomp1                         9.84084e-10
x1.nccomp2                          9.1806e-10
x1.nccomp3                         8.52036e-10
x2.n1                                        6
x2.n2                              1.54355e-09
x2.n3                                        6
x2.n4                              2.29042e-09
x2.n5                                        6
out                                2.42896e-09
outcap                             2.42896e-09
vimeas#branch                      5.20413e-22
vin#branch                                   0
vgnd_logic#branch                  4.47373e-09
vsup_drv#branch                   -4.46537e-09
vsup_logic#branch                    -3.57e-12

 Reference value :  6.27978e-08
 Reference value :  2.64498e-07
 Reference value :  5.00433e-07
No. of Data Rows : 7225
trise10_90          =  3.26470e-09 targ=  2.51868e-08 trig=  2.19221e-08
tfall10_90          =  3.30181e-09 targ=  3.26108e-07 trig=  3.22806e-07
tpdlh               =  2.73461e-09 targ=  2.32346e-08 trig=  2.05000e-08
tpdhl               =  2.80208e-09 targ=  3.24302e-07 trig=  3.21500e-07
m_trise_s = 3.2647030000e-09
m_tfall_s = 3.3018150000e-09
m_tpdlh_s = 2.7346080000e-09
m_tpdhl_s = 2.8020800000e-09
m_ipeak_source_a = 1.8819614023e+00
m_ipeak_sink_a = 1.6452548506e+00
m_vout_max_v = 6.0041622007e+00
m_vout_min_v = -2.501401924e-03
m_vin_max_v = 3.3000000000e+00
m_vin_min_v = 0.0000000000e+00
m_indrv_max_v = 6.0000940688e+00
m_indrv_min_v = -2.908966915e-04
m_n1_max_v = 6.0942299128e+00
m_n1_min_v = -3.845050890e-02
m_n2_max_v = 6.0696681555e+00
m_n2_min_v = -4.022267770e-02
m_n3_max_v = 6.0466018008e+00
m_n3_min_v = -2.651253229e-02
m_n4_max_v = 6.0428987670e+00
m_n4_min_v = -2.579707627e-02
m_n5_max_v = 6.0429570725e+00
m_n5_min_v = -2.535036992e-02
Note: Simulation executed from .control section 

Warning: m=xx on .subckt line will override multiplier m hierarchy!

Note: vimeas: has no value, DC 0 assumed
