* ====================================================================
* record-id : 20260821-095727-1ea8cb5
* testbench : sim/gate-driver-core-drive/testbench/gate_driver_core_tb.spice
* dut       : design/netlist/gate_driver_core.spice (schematic)
* corner    : fs_27c_vlogic3p30v-vdrv6p00v
* mismatch  : none -- plain harness deck (runner.compose_deck(mc=None)),
*             byte-identical to what sim/run_corners.py generates.
*             This is negative-control leg 1: the zero-sigma control
*             logged alongside it must match this run exactly.
* pdk       : gf180mcuD (/Users/rwalters/.volare/gf180mcuD)
* ngspice   : ngspice-47 : Circuit level simulation program
* run (UTC) : 2026-08-21T09:57:27Z
* ====================================================================

Note: Compatibility modes selected: hs a


Circuit: * gate-driver-core-drive @ fs_27c_vlogic3p30v-vdrv6p00v -- generated by sim/harness, do not edit

Doing analysis at TEMP = 27.000000 and TNOM = 27.000000

Using SPARSE 1.3 as Direct Linear Solver

Initial Transient Solution
--------------------------

Node                                   Voltage
----                                   -------
x1.inb                                     3.3
in                                           0
gnd_logic                                    0
vdd_logic                                  3.3
x1.na                                  2.48356
x1.nb                              4.85574e-10
x1.nca                                       6
gnd_drv                            4.55493e-12
x1.ncb                             1.33913e-09
vdd_drv                                      6
x1.nbuf1                                     6
in_drv                             1.02468e-09
x1.nccomp1                         1.26052e-09
x1.nccomp2                         1.18191e-09
x1.nccomp3                         1.10329e-09
x2.n1                                        6
x2.n2                              2.00772e-09
x2.n3                                        6
x2.n4                              3.00979e-09
x2.n5                                        6
out                                3.19193e-09
outcap                             3.19193e-09
vimeas#branch                     -7.33672e-22
vin#branch                                   0
vgnd_logic#branch                  4.68868e-09
vsup_drv#branch                    -4.6454e-09
vsup_logic#branch                 -4.35056e-11

 Reference value :  5.28922e-08
 Reference value :  2.74692e-07
 Reference value :  5.17532e-07
No. of Data Rows : 7213
trise10_90          =  5.02956e-09 targ=  2.75358e-08 trig=  2.25062e-08
tfall10_90          =  4.04933e-09 targ=  3.27334e-07 trig=  3.23285e-07
tpdlh               =  3.97124e-09 targ=  2.44712e-08 trig=  2.05000e-08
tpdhl               =  3.56248e-09 targ=  3.25062e-07 trig=  3.21500e-07
m_trise_s = 5.0295570000e-09
m_tfall_s = 4.0493300000e-09
m_tpdlh_s = 3.9712420000e-09
m_tpdhl_s = 3.5624790000e-09
m_ipeak_source_a = 1.2666332199e+00
m_ipeak_sink_a = 1.3818665388e+00
m_vout_max_v = 6.0042027562e+00
m_vout_min_v = -3.217331058e-03
m_vin_max_v = 3.3000000000e+00
m_vin_min_v = 0.0000000000e+00
m_indrv_max_v = 6.0000704184e+00
m_indrv_min_v = -4.518766207e-04
m_n1_max_v = 6.0923543880e+00
m_n1_min_v = -4.717174054e-02
m_n2_max_v = 6.0693400351e+00
m_n2_min_v = -4.519222939e-02
m_n3_max_v = 6.0517914965e+00
m_n3_min_v = -3.005138548e-02
m_n4_max_v = 6.0480387267e+00
m_n4_min_v = -2.924764691e-02
m_n5_max_v = 6.0476234745e+00
m_n5_min_v = -2.900685857e-02
Note: Simulation executed from .control section 

Warning: m=xx on .subckt line will override multiplier m hierarchy!

Note: vimeas: has no value, DC 0 assumed
