* ====================================================================
* record-id : 20260821-095727-1ea8cb5
* testbench : sim/gate-driver-core-drive/testbench/gate_driver_core_tb.spice
* dut       : design/netlist/gate_driver_core.spice (schematic)
* corner    : fs_mc0178_27c_vlogic3p30v-vdrv6p00v
* mismatch  : sw_stat_mismatch=1 (sample 178), sw_stat_global=0
* seed      : 20360382
* pdk       : gf180mcuD (/Users/rwalters/.volare/gf180mcuD)
* ngspice   : ngspice-47 : Circuit level simulation program
* run (UTC) : 2026-08-21T09:57:27Z
* ====================================================================

Note: Compatibility modes selected: hs a


Circuit: * gate-driver-core-drive @ fs_mc0178_27c_vlogic3p30v-vdrv6p00v -- generated by sim/harness, do not edit

Doing analysis at TEMP = 27.000000 and TNOM = 27.000000

Using SPARSE 1.3 as Direct Linear Solver

Initial Transient Solution
--------------------------

Node                                   Voltage
----                                   -------
x1.inb                                     3.3
in                                           0
gnd_logic                                    0
vdd_logic                                  3.3
x1.na                                  2.48386
x1.nb                              4.85202e-10
x1.nca                                       6
gnd_drv                            4.55957e-12
x1.ncb                             1.34104e-09
vdd_drv                                      6
x1.nbuf1                                     6
in_drv                             1.02631e-09
x1.nccomp1                         1.26236e-09
x1.nccomp2                         1.18368e-09
x1.nccomp3                         1.10499e-09
x2.n1                                        6
x2.n2                              2.00639e-09
x2.n3                                        6
x2.n4                              3.00688e-09
x2.n5                                        6
out                                3.19292e-09
outcap                             3.19292e-09
vimeas#branch                      1.65912e-22
vin#branch                                   0
vgnd_logic#branch                  4.69955e-09
vsup_drv#branch                   -4.63068e-09
vsup_logic#branch                 -5.94364e-11

 Reference value :  5.99683e-08
 Reference value :  2.68168e-07
 Reference value :  4.96932e-07
No. of Data Rows : 7212
trise10_90          =  5.02060e-09 targ=  2.75244e-08 trig=  2.25038e-08
tfall10_90          =  4.05074e-09 targ=  3.27336e-07 trig=  3.23286e-07
tpdlh               =  3.96496e-09 targ=  2.44650e-08 trig=  2.05000e-08
tpdhl               =  3.56386e-09 targ=  3.25064e-07 trig=  3.21500e-07
m_trise_s = 5.0206000000e-09
m_tfall_s = 4.0507400000e-09
m_tpdlh_s = 3.9649620000e-09
m_tpdhl_s = 3.5638550000e-09
m_ipeak_source_a = 1.2684806833e+00
m_ipeak_sink_a = 1.3813540131e+00
m_vout_max_v = 6.0042058931e+00
m_vout_min_v = -3.203541633e-03
m_vin_max_v = 3.3000000000e+00
m_vin_min_v = 0.0000000000e+00
m_indrv_max_v = 6.0000973188e+00
m_indrv_min_v = -4.521068285e-04
m_n1_max_v = 6.0921053371e+00
m_n1_min_v = -4.750515893e-02
m_n2_max_v = 6.0691551002e+00
m_n2_min_v = -4.483416931e-02
m_n3_max_v = 6.0516984564e+00
m_n3_min_v = -3.004087937e-02
m_n4_max_v = 6.0469261248e+00
m_n4_min_v = -2.928982886e-02
m_n5_max_v = 6.0479225300e+00
m_n5_min_v = -2.905609726e-02
Note: Simulation executed from .control section 

Warning: m=xx on .subckt line will override multiplier m hierarchy!

Note: vimeas: has no value, DC 0 assumed
