* ====================================================================
* record-id : 20260821-095727-1ea8cb5
* testbench : sim/gate-driver-core-drive/testbench/gate_driver_core_tb.spice
* dut       : design/netlist/gate_driver_core.spice (schematic)
* corner    : fs_mc0138_125c_vlogic3p30v-vdrv6p00v
* mismatch  : sw_stat_mismatch=1 (sample 138), sw_stat_global=0
* seed      : 20370342
* pdk       : gf180mcuD (/Users/rwalters/.volare/gf180mcuD)
* ngspice   : ngspice-47 : Circuit level simulation program
* run (UTC) : 2026-08-21T09:57:27Z
* ====================================================================

Note: Compatibility modes selected: hs a


Circuit: * gate-driver-core-drive @ fs_mc0138_125c_vlogic3p30v-vdrv6p00v -- generated by sim/harness, do not edit

Doing analysis at TEMP = 125.000000 and TNOM = 27.000000

Using SPARSE 1.3 as Direct Linear Solver

Initial Transient Solution
--------------------------

Node                                   Voltage
----                                   -------
x1.inb                                     3.3
in                                           0
gnd_logic                                    0
vdd_logic                                  3.3
x1.na                                   2.4535
x1.nb                              6.59651e-10
x1.nca                                 5.99995
gnd_drv                            7.52734e-11
x1.ncb                             1.89589e-09
vdd_drv                                      6
x1.nbuf1                                     6
in_drv                             1.89181e-09
x1.nccomp1                         1.89487e-09
x1.nccomp2                         1.89385e-09
x1.nccomp3                         1.89283e-09
x2.n1                                        6
x2.n2                              3.72266e-09
x2.n3                                        6
x2.n4                              5.07917e-09
x2.n5                                        6
out                                5.38391e-09
outcap                             5.38391e-09
vimeas#branch                      3.76261e-21
vin#branch                                   0
vgnd_logic#branch                  9.79039e-08
vsup_drv#branch                   -9.16249e-08
vsup_logic#branch                 -6.27742e-09

 Reference value :  7.46693e-08
 Reference value :  3.26733e-07
 Reference value :  5.97433e-07
No. of Data Rows : 7198
trise10_90          =  6.08310e-09 targ=  2.89995e-08 trig=  2.29164e-08
tfall10_90          =  5.06843e-09 targ=  3.28683e-07 trig=  3.23615e-07
tpdlh               =  4.71379e-09 targ=  2.52138e-08 trig=  2.05000e-08
tpdhl               =  4.24814e-09 targ=  3.25748e-07 trig=  3.21500e-07
m_trise_s = 6.0831020000e-09
m_tfall_s = 5.0684310000e-09
m_tpdlh_s = 4.7137900000e-09
m_tpdhl_s = 4.2481390000e-09
m_ipeak_source_a = 1.0908060735e+00
m_ipeak_sink_a = 1.1545156762e+00
m_vout_max_v = 6.0036981741e+00
m_vout_min_v = -2.973452973e-03
m_vin_max_v = 3.3000000000e+00
m_vin_min_v = 0.0000000000e+00
m_indrv_max_v = 6.0014803566e+00
m_indrv_min_v = -5.247503228e-04
m_n1_max_v = 6.0821488467e+00
m_n1_min_v = -4.462586158e-02
m_n2_max_v = 6.0667524778e+00
m_n2_min_v = -4.439800246e-02
m_n3_max_v = 6.0472189490e+00
m_n3_min_v = -2.961556970e-02
m_n4_max_v = 6.0429225281e+00
m_n4_min_v = -2.859416234e-02
m_n5_max_v = 6.0429876745e+00
m_n5_min_v = -2.809969468e-02
Note: Simulation executed from .control section 

Warning: m=xx on .subckt line will override multiplier m hierarchy!

Note: vimeas: has no value, DC 0 assumed
