* ====================================================================
* record-id : 20260821-095727-1ea8cb5
* testbench : sim/gate-driver-core-drive/testbench/gate_driver_core_tb.spice
* dut       : design/netlist/gate_driver_core.spice (schematic)
* corner    : sf_-40c_vlogic3p30v-vdrv6p00v
* mismatch  : none -- plain harness deck (runner.compose_deck(mc=None)),
*             byte-identical to what sim/run_corners.py generates.
*             This is negative-control leg 1: the zero-sigma control
*             logged alongside it must match this run exactly.
* pdk       : gf180mcuD (/Users/rwalters/.volare/gf180mcuD)
* ngspice   : ngspice-47 : Circuit level simulation program
* run (UTC) : 2026-08-21T09:57:27Z
* ====================================================================

Note: Compatibility modes selected: hs a


Circuit: * gate-driver-core-drive @ sf_-40c_vlogic3p30v-vdrv6p00v -- generated by sim/harness, do not edit

Doing analysis at TEMP = -40.000000 and TNOM = 27.000000

Using SPARSE 1.3 as Direct Linear Solver

Initial Transient Solution
--------------------------

Node                                   Voltage
----                                   -------
x1.inb                                     3.3
in                                           0
gnd_logic                                    0
vdd_logic                                  3.3
x1.na                                  2.25031
x1.nb                              4.45256e-10
x1.nca                                       6
gnd_drv                             4.4344e-12
x1.ncb                             1.27819e-09
vdd_drv                                      6
x1.nbuf1                                     6
in_drv                             9.24783e-10
x1.nccomp1                         1.18984e-09
x1.nccomp2                         1.10149e-09
x1.nccomp3                         1.01313e-09
x2.n1                                        6
x2.n2                              1.82476e-09
x2.n3                                        6
x2.n4                              2.70807e-09
x2.n5                                        6
out                                2.87193e-09
outcap                             2.87193e-09
vimeas#branch                     -7.94231e-22
vin#branch                                   0
vgnd_logic#branch                  4.44659e-09
vsup_drv#branch                   -4.43561e-09
vsup_logic#branch                 -3.29862e-12

 Reference value :  5.22062e-08
 Reference value :  3.07706e-07
 Reference value :  5.46550e-07
No. of Data Rows : 7229
trise10_90          =  3.42301e-09 targ=  2.56455e-08 trig=  2.22225e-08
tfall10_90          =  4.40191e-09 targ=  3.27524e-07 trig=  3.23122e-07
tpdlh               =  3.10002e-09 targ=  2.36000e-08 trig=  2.05000e-08
tpdhl               =  3.66534e-09 targ=  3.25165e-07 trig=  3.21500e-07
m_trise_s = 3.4230090000e-09
m_tfall_s = 4.4019150000e-09
m_tpdlh_s = 3.1000240000e-09
m_tpdhl_s = 3.6653400000e-09
m_ipeak_source_a = 1.7946063965e+00
m_ipeak_sink_a = 1.2102185296e+00
m_vout_max_v = 6.0055986952e+00
m_vout_min_v = -2.796549666e-03
m_vin_max_v = 3.3000000000e+00
m_vin_min_v = 0.0000000000e+00
m_indrv_max_v = 6.0006276895e+00
m_indrv_min_v = -3.833934058e-04
m_n1_max_v = 6.1158700041e+00
m_n1_min_v = -4.579770792e-02
m_n2_max_v = 6.0835510215e+00
m_n2_min_v = -3.992034815e-02
m_n3_max_v = 6.0537113349e+00
m_n3_min_v = -2.995876825e-02
m_n4_max_v = 6.0517687250e+00
m_n4_min_v = -2.891724357e-02
m_n5_max_v = 6.0522078543e+00
m_n5_min_v = -2.837595588e-02
Note: Simulation executed from .control section 

Warning: m=xx on .subckt line will override multiplier m hierarchy!

Note: vimeas: has no value, DC 0 assumed
