* ====================================================================
* record-id : 20260821-095727-1ea8cb5
* testbench : sim/gate-driver-core-drive/testbench/gate_driver_core_tb.spice
* dut       : design/netlist/gate_driver_core.spice (schematic)
* corner    : sf_mc0177_-40c_vlogic3p30v-vdrv6p00v
* mismatch  : sw_stat_mismatch=1 (sample 177), sw_stat_global=0
* seed      : 20380381
* pdk       : gf180mcuD (/Users/rwalters/.volare/gf180mcuD)
* ngspice   : ngspice-47 : Circuit level simulation program
* run (UTC) : 2026-08-21T09:57:27Z
* ====================================================================

Note: Compatibility modes selected: hs a


Circuit: * gate-driver-core-drive @ sf_mc0177_-40c_vlogic3p30v-vdrv6p00v -- generated by sim/harness, do not edit

Doing analysis at TEMP = -40.000000 and TNOM = 27.000000

Using SPARSE 1.3 as Direct Linear Solver

Initial Transient Solution
--------------------------

Node                                   Voltage
----                                   -------
x1.inb                                     3.3
in                                           0
gnd_logic                                    0
vdd_logic                                  3.3
x1.na                                  2.24803
x1.nb                              4.45819e-10
x1.nca                                       6
gnd_drv                             4.4344e-12
x1.ncb                             1.28076e-09
vdd_drv                                      6
x1.nbuf1                                     6
in_drv                               9.233e-10
x1.nccomp1                          1.1914e-09
x1.nccomp2                         1.10203e-09
x1.nccomp3                         1.01267e-09
x2.n1                                        6
x2.n2                              1.82247e-09
x2.n3                                        6
x2.n4                              2.70607e-09
x2.n5                                        6
out                                2.87254e-09
outcap                             2.87254e-09
vimeas#branch                     -1.04782e-21
vin#branch                                   0
vgnd_logic#branch                  4.44659e-09
vsup_drv#branch                   -4.43601e-09
vsup_logic#branch                 -3.29509e-12

 Reference value :  4.70957e-08
 Reference value :  3.16696e-07
 Reference value :  5.41258e-07
No. of Data Rows : 7229
trise10_90          =  3.42081e-09 targ=  2.56398e-08 trig=  2.22189e-08
tfall10_90          =  4.40299e-09 targ=  3.27527e-07 trig=  3.23124e-07
tpdlh               =  3.09571e-09 targ=  2.35957e-08 trig=  2.05000e-08
tpdhl               =  3.66794e-09 targ=  3.25168e-07 trig=  3.21500e-07
m_trise_s = 3.4208100000e-09
m_tfall_s = 4.4029920000e-09
m_tpdlh_s = 3.0957100000e-09
m_tpdhl_s = 3.6679380000e-09
m_ipeak_source_a = 1.7953605665e+00
m_ipeak_sink_a = 1.2071364528e+00
m_vout_max_v = 6.0056196225e+00
m_vout_min_v = -2.780180344e-03
m_vin_max_v = 3.3000000000e+00
m_vin_min_v = 0.0000000000e+00
m_indrv_max_v = 6.0011328229e+00
m_indrv_min_v = -3.834068769e-04
m_n1_max_v = 6.1166778203e+00
m_n1_min_v = -4.583484032e-02
m_n2_max_v = 6.0833807295e+00
m_n2_min_v = -4.006350530e-02
m_n3_max_v = 6.0544418431e+00
m_n3_min_v = -3.008557006e-02
m_n4_max_v = 6.0518764824e+00
m_n4_min_v = -2.864877044e-02
m_n5_max_v = 6.0518885107e+00
m_n5_min_v = -2.855558100e-02
Note: Simulation executed from .control section 

Warning: m=xx on .subckt line will override multiplier m hierarchy!

Note: vimeas: has no value, DC 0 assumed
