* ====================================================================
* record-id : 20260821-095727-1ea8cb5
* testbench : sim/gate-driver-core-drive/testbench/gate_driver_core_tb.spice
* dut       : design/netlist/gate_driver_core.spice (schematic)
* corner    : sf_mc0009_27c_vlogic3p30v-vdrv6p00v
* mismatch  : sw_stat_mismatch=1 (sample 9), sw_stat_global=0
* seed      : 20390213
* pdk       : gf180mcuD (/Users/rwalters/.volare/gf180mcuD)
* ngspice   : ngspice-47 : Circuit level simulation program
* run (UTC) : 2026-08-21T09:57:27Z
* ====================================================================

Note: Compatibility modes selected: hs a


Circuit: * gate-driver-core-drive @ sf_mc0009_27c_vlogic3p30v-vdrv6p00v -- generated by sim/harness, do not edit

Doing analysis at TEMP = 27.000000 and TNOM = 27.000000

Using SPARSE 1.3 as Direct Linear Solver

Initial Transient Solution
--------------------------

Node                                   Voltage
----                                   -------
x1.inb                                     3.3
in                                           0
gnd_logic                                    0
vdd_logic                                  3.3
x1.na                                  2.37877
x1.nb                               5.4929e-10
x1.nca                                       6
gnd_drv                            4.44898e-12
x1.ncb                             1.63856e-09
vdd_drv                                      6
x1.nbuf1                                     6
in_drv                             1.23696e-09
x1.nccomp1                         1.53816e-09
x1.nccomp2                         1.43776e-09
x1.nccomp3                         1.33736e-09
x2.n1                                        6
x2.n2                              2.45366e-09
x2.n3                                        6
x2.n4                              3.62362e-09
x2.n5                                        6
out                                3.85126e-09
outcap                             3.85126e-09
vimeas#branch                      -1.8793e-21
vin#branch                                   0
vgnd_logic#branch                  4.46265e-09
vsup_drv#branch                   -4.45483e-09
vsup_logic#branch                 -3.67148e-12

 Reference value :  5.44085e-08
 Reference value :  2.95409e-07
 Reference value :  5.22090e-07
No. of Data Rows : 7209
trise10_90          =  4.05131e-09 targ=  2.65206e-08 trig=  2.24693e-08
tfall10_90          =  5.07445e-09 targ=  3.28415e-07 trig=  3.23340e-07
tpdlh               =  3.53732e-09 targ=  2.40373e-08 trig=  2.05000e-08
tpdhl               =  4.11137e-09 targ=  3.25611e-07 trig=  3.21500e-07
m_trise_s = 4.0513100000e-09
m_tfall_s = 5.0744480000e-09
m_tpdlh_s = 3.5373230000e-09
m_tpdhl_s = 4.1113650000e-09
m_ipeak_source_a = 1.5907245007e+00
m_ipeak_sink_a = 1.0835955412e+00
m_vout_max_v = 6.0053624826e+00
m_vout_min_v = -2.606536729e-03
m_vin_max_v = 3.3000000000e+00
m_vin_min_v = 0.0000000000e+00
m_indrv_max_v = 6.0016074694e+00
m_indrv_min_v = -4.649154004e-04
m_n1_max_v = 6.1085263266e+00
m_n1_min_v = -4.412798198e-02
m_n2_max_v = 6.0847769244e+00
m_n2_min_v = -4.083265468e-02
m_n3_max_v = 6.0547650748e+00
m_n3_min_v = -2.989727728e-02
m_n4_max_v = 6.0526434277e+00
m_n4_min_v = -2.865045268e-02
m_n5_max_v = 6.0523430720e+00
m_n5_min_v = -2.836078765e-02
Note: Simulation executed from .control section 

Warning: m=xx on .subckt line will override multiplier m hierarchy!

Note: vimeas: has no value, DC 0 assumed
