* ====================================================================
* record-id : 20260821-095727-1ea8cb5
* testbench : sim/gate-driver-core-drive/testbench/gate_driver_core_tb.spice
* dut       : design/netlist/gate_driver_core.spice (schematic)
* corner    : sf_mc0000_27c_vlogic3p30v-vdrv6p00v
* mismatch  : sw_stat_mismatch=0 (sample 0), sw_stat_global=0
* seed      : 20390204
* pdk       : gf180mcuD (/Users/rwalters/.volare/gf180mcuD)
* ngspice   : ngspice-47 : Circuit level simulation program
* run (UTC) : 2026-08-21T09:57:27Z
* ====================================================================

Note: Compatibility modes selected: hs a


Circuit: * gate-driver-core-drive @ sf_mc0000_27c_vlogic3p30v-vdrv6p00v -- generated by sim/harness, do not edit

Doing analysis at TEMP = 27.000000 and TNOM = 27.000000

Using SPARSE 1.3 as Direct Linear Solver

Initial Transient Solution
--------------------------

Node                                   Voltage
----                                   -------
x1.inb                                     3.3
in                                           0
gnd_logic                                    0
vdd_logic                                  3.3
x1.na                                  2.37428
x1.nb                              5.47397e-10
x1.nca                                       6
gnd_drv                            4.44699e-12
x1.ncb                             1.63614e-09
vdd_drv                                      6
x1.nbuf1                                     6
in_drv                             1.23696e-09
x1.nccomp1                         1.53635e-09
x1.nccomp2                         1.43655e-09
x1.nccomp3                         1.33676e-09
x2.n1                                        6
x2.n2                               2.4424e-09
x2.n3                                        6
x2.n4                              3.62123e-09
x2.n5                                        6
out                                3.84043e-09
outcap                             3.84043e-09
vimeas#branch                      1.42987e-21
vin#branch                                   0
vgnd_logic#branch                  4.46072e-09
vsup_drv#branch                   -4.44101e-09
vsup_logic#branch                 -3.76665e-12

 Reference value :  5.41967e-08
 Reference value :  3.01597e-07
 Reference value :  5.40726e-07
No. of Data Rows : 7211
trise10_90          =  4.05340e-09 targ=  2.65252e-08 trig=  2.24718e-08
tfall10_90          =  5.06146e-09 targ=  3.28399e-07 trig=  3.23338e-07
tpdlh               =  3.54123e-09 targ=  2.40412e-08 trig=  2.05000e-08
tpdhl               =  4.10309e-09 targ=  3.25603e-07 trig=  3.21500e-07
m_trise_s = 4.0533970000e-09
m_tfall_s = 5.0614560000e-09
m_tpdlh_s = 3.5412300000e-09
m_tpdhl_s = 4.1030900000e-09
m_ipeak_source_a = 1.5849725595e+00
m_ipeak_sink_a = 1.0915487194e+00
m_vout_max_v = 6.0053016843e+00
m_vout_min_v = -2.623305496e-03
m_vin_max_v = 3.3000000000e+00
m_vin_min_v = 0.0000000000e+00
m_indrv_max_v = 6.0002617166e+00
m_indrv_min_v = -4.640877504e-04
m_n1_max_v = 6.1064221095e+00
m_n1_min_v = -4.468547575e-02
m_n2_max_v = 6.0839653708e+00
m_n2_min_v = -4.033125476e-02
m_n3_max_v = 6.0555706565e+00
m_n3_min_v = -2.965553897e-02
m_n4_max_v = 6.0522739524e+00
m_n4_min_v = -2.842291687e-02
m_n5_max_v = 6.0522981828e+00
m_n5_min_v = -2.834945078e-02
Note: Simulation executed from .control section 

Warning: m=xx on .subckt line will override multiplier m hierarchy!

Note: vimeas: has no value, DC 0 assumed
