* ====================================================================
* record-id : 20260821-095727-1ea8cb5
* testbench : sim/gate-driver-core-drive/testbench/gate_driver_core_tb.spice
* dut       : design/netlist/gate_driver_core.spice (schematic)
* corner    : ss_mc0000_125c_vlogic3p30v-vdrv6p00v
* mismatch  : sw_stat_mismatch=0 (sample 0), sw_stat_global=0
* seed      : 20340204
* pdk       : gf180mcuD (/Users/rwalters/.volare/gf180mcuD)
* ngspice   : ngspice-47 : Circuit level simulation program
* run (UTC) : 2026-08-21T09:57:27Z
* ====================================================================

Note: Compatibility modes selected: hs a


Circuit: * gate-driver-core-drive @ ss_mc0000_125c_vlogic3p30v-vdrv6p00v -- generated by sim/harness, do not edit

Doing analysis at TEMP = 125.000000 and TNOM = 27.000000

Using SPARSE 1.3 as Direct Linear Solver

Initial Transient Solution
--------------------------

Node                                   Voltage
----                                   -------
x1.inb                                     3.3
in                                           0
gnd_logic                                    0
vdd_logic                                  3.3
x1.na                                  2.37866
x1.nb                              7.50744e-10
x1.nca                                       6
gnd_drv                            5.85645e-12
x1.ncb                              2.3854e-09
vdd_drv                                      6
x1.nbuf1                                     6
in_drv                             2.07271e-09
x1.nccomp1                         2.30722e-09
x1.nccomp2                         2.22905e-09
x1.nccomp3                         2.15088e-09
x2.n1                                        6
x2.n2                              4.16696e-09
x2.n3                                        6
x2.n4                              5.87092e-09
x2.n5                                        6
out                                6.22638e-09
outcap                             6.22638e-09
vimeas#branch                      -3.4101e-21
vin#branch                                   0
vgnd_logic#branch                  6.29293e-09
vsup_drv#branch                   -6.16606e-09
vsup_logic#branch                 -1.27483e-10

 Reference value :  5.12050e-08
 Reference value :  3.10405e-07
 Reference value :  5.64931e-07
No. of Data Rows : 7198
trise10_90          =  6.53048e-09 targ=  2.99739e-08 trig=  2.34435e-08
tfall10_90          =  6.53368e-09 targ=  3.30661e-07 trig=  3.24127e-07
tpdlh               =  5.41624e-09 targ=  2.59162e-08 trig=  2.05000e-08
tpdhl               =  5.42198e-09 targ=  3.26922e-07 trig=  3.21500e-07
m_trise_s = 6.5304820000e-09
m_tfall_s = 6.5336840000e-09
m_tpdlh_s = 5.4162390000e-09
m_tpdhl_s = 5.4219780000e-09
m_ipeak_source_a = 1.0103663602e+00
m_ipeak_sink_a = 8.8162246828e-01
m_vout_max_v = 6.0052108789e+00
m_vout_min_v = -3.294779798e-03
m_vin_max_v = 3.3000000000e+00
m_vin_min_v = 0.0000000000e+00
m_indrv_max_v = 6.0026538123e+00
m_indrv_min_v = -8.636640851e-04
m_n1_max_v = 6.1066381119e+00
m_n1_min_v = -5.275453650e-02
m_n2_max_v = 6.0833576084e+00
m_n2_min_v = -4.643737134e-02
m_n3_max_v = 6.0604580041e+00
m_n3_min_v = -3.384947898e-02
m_n4_max_v = 6.0567151733e+00
m_n4_min_v = -3.274945720e-02
m_n5_max_v = 6.0570613051e+00
m_n5_min_v = -3.260082835e-02
Note: Simulation executed from .control section 

Warning: m=xx on .subckt line will override multiplier m hierarchy!

Note: vimeas: has no value, DC 0 assumed
