* ====================================================================
* record-id : 20260821-095727-1ea8cb5
* testbench : sim/gate-driver-core-drive/testbench/gate_driver_core_tb.spice
* dut       : design/netlist/gate_driver_core.spice (schematic)
* corner    : ss_mc0043_27c_vlogic3p30v-vdrv6p00v
* mismatch  : sw_stat_mismatch=1 (sample 43), sw_stat_global=0
* seed      : 20330247
* pdk       : gf180mcuD (/Users/rwalters/.volare/gf180mcuD)
* ngspice   : ngspice-47 : Circuit level simulation program
* run (UTC) : 2026-08-21T09:57:27Z
* ====================================================================

Note: Compatibility modes selected: hs a


Circuit: * gate-driver-core-drive @ ss_mc0043_27c_vlogic3p30v-vdrv6p00v -- generated by sim/harness, do not edit

Doing analysis at TEMP = 27.000000 and TNOM = 27.000000

Using SPARSE 1.3 as Direct Linear Solver

Initial Transient Solution
--------------------------

Node                                   Voltage
----                                   -------
x1.inb                                     3.3
in                                           0
gnd_logic                                    0
vdd_logic                                  3.3
x1.na                                  2.34084
x1.nb                              5.50948e-10
x1.nca                                       6
gnd_drv                            4.32142e-12
x1.ncb                             1.67873e-09
vdd_drv                                      6
x1.nbuf1                                     6
in_drv                             1.23975e-09
x1.nccomp1                         1.56899e-09
x1.nccomp2                         1.45924e-09
x1.nccomp3                         1.34949e-09
x2.n1                                        6
x2.n2                              2.43823e-09
x2.n3                                        6
x2.n4                              3.66807e-09
x2.n5                                        6
out                                3.87831e-09
outcap                             3.87831e-09
vimeas#branch                     -1.48145e-21
vin#branch                                   0
vgnd_logic#branch                  4.33433e-09
vsup_drv#branch                   -4.32353e-09
vsup_logic#branch                 -3.58337e-12

 Reference value :  5.53927e-08
 Reference value :  2.96893e-07
 Reference value :  5.33790e-07
No. of Data Rows : 7217
trise10_90          =  5.38019e-09 targ=  2.83345e-08 trig=  2.29543e-08
tfall10_90          =  5.34862e-09 targ=  3.29078e-07 trig=  3.23729e-07
tpdlh               =  4.55945e-09 targ=  2.50594e-08 trig=  2.05000e-08
tpdhl               =  4.63235e-09 targ=  3.26132e-07 trig=  3.21500e-07
m_trise_s = 5.3801860000e-09
m_tfall_s = 5.3486190000e-09
m_tpdlh_s = 4.5594480000e-09
m_tpdhl_s = 4.6323470000e-09
m_ipeak_source_a = 1.1803830678e+00
m_ipeak_sink_a = 1.0211803245e+00
m_vout_max_v = 6.0057230630e+00
m_vout_min_v = -3.547671556e-03
m_vin_max_v = 3.3000000000e+00
m_vin_min_v = 0.0000000000e+00
m_indrv_max_v = 6.0021675616e+00
m_indrv_min_v = -4.877236915e-03
m_n1_max_v = 6.1205712371e+00
m_n1_min_v = -5.447612136e-02
m_n2_max_v = 6.0846778362e+00
m_n2_min_v = -4.582238005e-02
m_n3_max_v = 6.0615650654e+00
m_n3_min_v = -3.348921468e-02
m_n4_max_v = 6.0597135974e+00
m_n4_min_v = -3.299045115e-02
m_n5_max_v = 6.0596545709e+00
m_n5_min_v = -3.244287888e-02
Note: Simulation executed from .control section 

Warning: m=xx on .subckt line will override multiplier m hierarchy!

Note: vimeas: has no value, DC 0 assumed
