* ====================================================================
* record-id : 20260821-095727-1ea8cb5
* testbench : sim/gate-driver-core-drive/testbench/gate_driver_core_tb.spice
* dut       : design/netlist/gate_driver_core.spice (schematic)
* corner    : ss_mc0141_125c_vlogic3p30v-vdrv6p00v
* mismatch  : sw_stat_mismatch=1 (sample 141), sw_stat_global=0
* seed      : 20340345
* pdk       : gf180mcuD (/Users/rwalters/.volare/gf180mcuD)
* ngspice   : ngspice-47 : Circuit level simulation program
* run (UTC) : 2026-08-21T09:57:27Z
* ====================================================================

Note: Compatibility modes selected: hs a


Circuit: * gate-driver-core-drive @ ss_mc0141_125c_vlogic3p30v-vdrv6p00v -- generated by sim/harness, do not edit

Doing analysis at TEMP = 125.000000 and TNOM = 27.000000

Using SPARSE 1.3 as Direct Linear Solver

Initial Transient Solution
--------------------------

Node                                   Voltage
----                                   -------
x1.inb                                     3.3
in                                           0
gnd_logic                                    0
vdd_logic                                  3.3
x1.na                                  2.38066
x1.nb                              7.49466e-10
x1.nca                                       6
gnd_drv                             5.9399e-12
x1.ncb                             2.38555e-09
vdd_drv                                      6
x1.nbuf1                                     6
in_drv                             2.08622e-09
x1.nccomp1                         2.31072e-09
x1.nccomp2                         2.23588e-09
x1.nccomp3                         2.16105e-09
x2.n1                                        6
x2.n2                              4.16853e-09
x2.n3                                        6
x2.n4                               5.8643e-09
x2.n5                                        6
out                                6.23578e-09
outcap                             6.23578e-09
vimeas#branch                     -1.18274e-21
vin#branch                                   0
vgnd_logic#branch                  6.37248e-09
vsup_drv#branch                   -6.24935e-09
vsup_logic#branch                 -1.23409e-10

 Reference value :  3.90129e-08
 Reference value :  2.79713e-07
 Reference value :  5.17328e-07
No. of Data Rows : 7200
trise10_90          =  6.52985e-09 targ=  2.99712e-08 trig=  2.34413e-08
tfall10_90          =  6.51668e-09 targ=  3.30639e-07 trig=  3.24122e-07
tpdlh               =  5.41300e-09 targ=  2.59130e-08 trig=  2.05000e-08
tpdhl               =  5.40913e-09 targ=  3.26909e-07 trig=  3.21500e-07
m_trise_s = 6.5298470000e-09
m_tfall_s = 6.5166800000e-09
m_tpdlh_s = 5.4129980000e-09
m_tpdhl_s = 5.4091350000e-09
m_ipeak_source_a = 1.0106638175e+00
m_ipeak_sink_a = 8.8225854468e-01
m_vout_max_v = 6.0051990399e+00
m_vout_min_v = -3.282100647e-03
m_vin_max_v = 3.3000000000e+00
m_vin_min_v = 0.0000000000e+00
m_indrv_max_v = 6.0026643870e+00
m_indrv_min_v = -8.377732104e-04
m_n1_max_v = 6.1047259316e+00
m_n1_min_v = -5.249561377e-02
m_n2_max_v = 6.0832764398e+00
m_n2_min_v = -4.619485650e-02
m_n3_max_v = 6.0605857193e+00
m_n3_min_v = -3.384465619e-02
m_n4_max_v = 6.0564413735e+00
m_n4_min_v = -3.276148962e-02
m_n5_max_v = 6.0568883791e+00
m_n5_min_v = -3.249275177e-02
Note: Simulation executed from .control section 

Warning: m=xx on .subckt line will override multiplier m hierarchy!

Note: vimeas: has no value, DC 0 assumed
