* ====================================================================
* record-id : 20260821-095727-1ea8cb5
* testbench : sim/gate-driver-core-drive/testbench/gate_driver_core_tb.spice
* dut       : design/netlist/gate_driver_core.spice (schematic)
* corner    : tt_mc0019_27c_vlogic3p30v-vdrv6p00v
* mismatch  : sw_stat_mismatch=1 (sample 19), sw_stat_global=0
* seed      : 20270223
* pdk       : gf180mcuD (/Users/rwalters/.volare/gf180mcuD)
* ngspice   : ngspice-47 : Circuit level simulation program
* run (UTC) : 2026-08-21T09:57:27Z
* ====================================================================

Note: Compatibility modes selected: hs a


Circuit: * gate-driver-core-drive @ tt_mc0019_27c_vlogic3p30v-vdrv6p00v -- generated by sim/harness, do not edit

Doing analysis at TEMP = 27.000000 and TNOM = 27.000000

Using SPARSE 1.3 as Direct Linear Solver

Initial Transient Solution
--------------------------

Node                                   Voltage
----                                   -------
x1.inb                                     3.3
in                                           0
gnd_logic                                    0
vdd_logic                                  3.3
x1.na                                  2.44316
x1.nb                              5.14263e-10
x1.nca                                       6
gnd_drv                            4.40391e-12
x1.ncb                             1.46367e-09
vdd_drv                                      6
x1.nbuf1                                     6
in_drv                             1.11142e-09
x1.nccomp1                         1.37561e-09
x1.nccomp2                         1.28755e-09
x1.nccomp3                         1.19949e-09
x2.n1                                        6
x2.n2                              2.18521e-09
x2.n3                                        6
x2.n4                              3.25579e-09
x2.n5                                        6
out                                3.44728e-09
outcap                             3.44728e-09
vimeas#branch                     -5.26909e-22
vin#branch                                   0
vgnd_logic#branch                  4.43087e-09
vsup_drv#branch                   -4.40864e-09
vsup_logic#branch                 -8.85252e-12

 Reference value :  5.88311e-08
 Reference value :  2.98031e-07
 Reference value :  5.26273e-07
No. of Data Rows : 7213
trise10_90          =  4.48679e-09 targ=  2.69467e-08 trig=  2.24599e-08
tfall10_90          =  4.46343e-09 targ=  3.27744e-07 trig=  3.23280e-07
tpdlh               =  3.70535e-09 targ=  2.42054e-08 trig=  2.05000e-08
tpdhl               =  3.75857e-09 targ=  3.25259e-07 trig=  3.21500e-07
m_trise_s = 4.4867890000e-09
m_tfall_s = 4.4634340000e-09
m_tpdlh_s = 3.7053550000e-09
m_tpdhl_s = 3.7585660000e-09
m_ipeak_source_a = 1.4319124952e+00
m_ipeak_sink_a = 1.2439609937e+00
m_vout_max_v = 6.0046117037e+00
m_vout_min_v = -2.900559727e-03
m_vin_max_v = 3.3000000000e+00
m_vin_min_v = 0.0000000000e+00
m_indrv_max_v = 6.0000848500e+00
m_indrv_min_v = -4.718209283e-04
m_n1_max_v = 6.1019397129e+00
m_n1_min_v = -4.655975342e-02
m_n2_max_v = 6.0766866616e+00
m_n2_min_v = -4.252923177e-02
m_n3_max_v = 6.0545706427e+00
m_n3_min_v = -2.979585454e-02
m_n4_max_v = 6.0510288640e+00
m_n4_min_v = -2.903119486e-02
m_n5_max_v = 6.0513642937e+00
m_n5_min_v = -2.910724121e-02
Note: Simulation executed from .control section 

Warning: m=xx on .subckt line will override multiplier m hierarchy!

Note: vimeas: has no value, DC 0 assumed
