* ====================================================================
* record-id : 20260821-095727-1ea8cb5
* testbench : sim/gate-driver-core-drive/testbench/gate_driver_core_tb.spice
* dut       : design/netlist/gate_driver_core.spice (schematic)
* corner    : tt_mc0000_125c_vlogic3p30v-vdrv6p00v
* mismatch  : sw_stat_mismatch=0 (sample 0), sw_stat_global=0
* seed      : 20280204
* pdk       : gf180mcuD (/Users/rwalters/.volare/gf180mcuD)
* ngspice   : ngspice-47 : Circuit level simulation program
* run (UTC) : 2026-08-21T09:57:27Z
* ====================================================================

Note: Compatibility modes selected: hs a


Circuit: * gate-driver-core-drive @ tt_mc0000_125c_vlogic3p30v-vdrv6p00v -- generated by sim/harness, do not edit

Doing analysis at TEMP = 125.000000 and TNOM = 27.000000

Using SPARSE 1.3 as Direct Linear Solver

Initial Transient Solution
--------------------------

Node                                   Voltage
----                                   -------
x1.inb                                     3.3
in                                           0
gnd_logic                                    0
vdd_logic                                  3.3
x1.na                                  2.43094
x1.nb                              8.27371e-10
x1.nca                                 5.99999
gnd_drv                            1.77239e-11
x1.ncb                             2.45799e-09
vdd_drv                                      6
x1.nbuf1                                     6
in_drv                             2.99825e-09
x1.nccomp1                         2.59305e-09
x1.nccomp2                         2.72812e-09
x1.nccomp3                         2.86319e-09
x2.n1                                        6
x2.n2                              6.27432e-09
x2.n3                                        6
x2.n4                              7.67835e-09
x2.n5                                        6
out                                8.14263e-09
outcap                             8.14263e-09
vimeas#branch                     -9.35274e-22
vin#branch                                   0
vgnd_logic#branch                  2.15543e-08
vsup_drv#branch                   -2.04226e-08
vsup_logic#branch                 -1.14093e-09

 Reference value :  5.91424e-08
 Reference value :  3.10942e-07
 Reference value :  5.56971e-07
No. of Data Rows : 7197
trise10_90          =  5.37127e-09 targ=  2.82090e-08 trig=  2.28377e-08
tfall10_90          =  5.55695e-09 targ=  3.29162e-07 trig=  3.23605e-07
tpdlh               =  4.35432e-09 targ=  2.48543e-08 trig=  2.05000e-08
tpdhl               =  4.46210e-09 targ=  3.25962e-07 trig=  3.21500e-07
m_trise_s = 5.3712750000e-09
m_tfall_s = 5.5569480000e-09
m_tpdlh_s = 4.3543200000e-09
m_tpdhl_s = 4.4621050000e-09
m_ipeak_source_a = 1.2434743643e+00
m_ipeak_sink_a = 1.0494674298e+00
m_vout_max_v = 6.0042720204e+00
m_vout_min_v = -2.626418761e-03
m_vin_max_v = 3.3000000000e+00
m_vin_min_v = 0.0000000000e+00
m_indrv_max_v = 6.0012364181e+00
m_indrv_min_v = -5.476000222e-04
m_n1_max_v = 6.0939059070e+00
m_n1_min_v = -4.342050348e-02
m_n2_max_v = 6.0756748072e+00
m_n2_min_v = -4.210046101e-02
m_n3_max_v = 6.0501394800e+00
m_n3_min_v = -2.962503493e-02
m_n4_max_v = 6.0467060843e+00
m_n4_min_v = -2.816490941e-02
m_n5_max_v = 6.0468471208e+00
m_n5_min_v = -2.750010366e-02
Note: Simulation executed from .control section 

Warning: m=xx on .subckt line will override multiplier m hierarchy!

Note: vimeas: has no value, DC 0 assumed
