* ====================================================================
* record-id : 20260821-095727-1ea8cb5
* testbench : sim/gate-driver-core-drive/testbench/gate_driver_core_tb.spice
* dut       : design/netlist/gate_driver_core.spice (schematic)
* corner    : tt_mc0179_125c_vlogic3p30v-vdrv6p00v
* mismatch  : sw_stat_mismatch=1 (sample 179), sw_stat_global=0
* seed      : 20280383
* pdk       : gf180mcuD (/Users/rwalters/.volare/gf180mcuD)
* ngspice   : ngspice-47 : Circuit level simulation program
* run (UTC) : 2026-08-21T09:57:27Z
* ====================================================================

Note: Compatibility modes selected: hs a


Circuit: * gate-driver-core-drive @ tt_mc0179_125c_vlogic3p30v-vdrv6p00v -- generated by sim/harness, do not edit

Doing analysis at TEMP = 125.000000 and TNOM = 27.000000

Using SPARSE 1.3 as Direct Linear Solver

Initial Transient Solution
--------------------------

Node                                   Voltage
----                                   -------
x1.inb                                     3.3
in                                           0
gnd_logic                                    0
vdd_logic                                  3.3
x1.na                                  2.43101
x1.nb                              8.45118e-10
x1.nca                                 5.99999
gnd_drv                            1.98866e-11
x1.ncb                             2.51118e-09
vdd_drv                                      6
x1.nbuf1                                     6
in_drv                             2.95309e-09
x1.nccomp1                         2.62166e-09
x1.nccomp2                         2.73214e-09
x1.nccomp3                         2.84261e-09
x2.n1                                        6
x2.n2                              6.08566e-09
x2.n3                                        6
x2.n4                               7.5423e-09
x2.n5                                        6
out                                8.27852e-09
outcap                             8.27852e-09
vimeas#branch                      4.16958e-21
vin#branch                                   0
vgnd_logic#branch                  2.37805e-08
vsup_drv#branch                   -2.25224e-08
vsup_logic#branch                 -1.25597e-09

 Reference value :  6.08388e-08
 Reference value :  3.05939e-07
 Reference value :  5.43272e-07
No. of Data Rows : 7195
trise10_90          =  5.36117e-09 targ=  2.81933e-08 trig=  2.28321e-08
tfall10_90          =  5.56279e-09 targ=  3.29169e-07 trig=  3.23606e-07
tpdlh               =  4.34486e-09 targ=  2.48449e-08 trig=  2.05000e-08
tpdhl               =  4.46567e-09 targ=  3.25966e-07 trig=  3.21500e-07
m_trise_s = 5.3611710000e-09
m_tfall_s = 5.5627880000e-09
m_tpdlh_s = 4.3448650000e-09
m_tpdhl_s = 4.4656710000e-09
m_ipeak_source_a = 1.2452884001e+00
m_ipeak_sink_a = 1.0481155397e+00
m_vout_max_v = 6.0041535234e+00
m_vout_min_v = -2.608825996e-03
m_vin_max_v = 3.3000000000e+00
m_vin_min_v = 0.0000000000e+00
m_indrv_max_v = 6.0022207350e+00
m_indrv_min_v = -5.795650332e-04
m_n1_max_v = 6.0933186724e+00
m_n1_min_v = -4.340293940e-02
m_n2_max_v = 6.0762624094e+00
m_n2_min_v = -4.239526688e-02
m_n3_max_v = 6.0499592668e+00
m_n3_min_v = -2.961337311e-02
m_n4_max_v = 6.0465336667e+00
m_n4_min_v = -2.813304406e-02
m_n5_max_v = 6.0462571388e+00
m_n5_min_v = -2.759232956e-02
Note: Simulation executed from .control section 

Warning: m=xx on .subckt line will override multiplier m hierarchy!

Note: vimeas: has no value, DC 0 assumed
