* ====================================================================
* record-id : 20260821-095727-1ea8cb5
* testbench : sim/gate-driver-core-drive/testbench/gate_driver_core_tb.spice
* dut       : design/netlist/gate_driver_core.spice (schematic)
* corner    : tt_mc0128_-40c_vlogic3p30v-vdrv6p00v
* mismatch  : sw_stat_mismatch=1 (sample 128), sw_stat_global=0
* seed      : 20260332
* pdk       : gf180mcuD (/Users/rwalters/.volare/gf180mcuD)
* ngspice   : ngspice-47 : Circuit level simulation program
* run (UTC) : 2026-08-21T09:57:27Z
* ====================================================================

Note: Compatibility modes selected: hs a


Circuit: * gate-driver-core-drive @ tt_mc0128_-40c_vlogic3p30v-vdrv6p00v -- generated by sim/harness, do not edit

Doing analysis at TEMP = -40.000000 and TNOM = 27.000000

Using SPARSE 1.3 as Direct Linear Solver

Initial Transient Solution
--------------------------

Node                                   Voltage
----                                   -------
x1.inb                                     3.3
in                                           0
gnd_logic                                    0
vdd_logic                                  3.3
x1.na                                  2.34119
x1.nb                              4.22386e-10
x1.nca                                       6
gnd_drv                            4.38651e-12
x1.ncb                             1.15932e-09
vdd_drv                                      6
x1.nbuf1                                     6
in_drv                             8.38728e-10
x1.nccomp1                         1.07917e-09
x1.nccomp2                         9.99022e-10
x1.nccomp3                         9.18875e-10
x2.n1                                        6
x2.n2                              1.65143e-09
x2.n3                                        6
x2.n4                              2.45857e-09
x2.n5                                        6
out                                2.61312e-09
outcap                             2.61312e-09
vimeas#branch                      4.48633e-22
vin#branch                                   0
vgnd_logic#branch                  4.39876e-09
vsup_drv#branch                   -4.38675e-09
vsup_logic#branch                 -3.30214e-12

 Reference value :  6.29495e-08
 Reference value :  3.21806e-07
 Reference value :  5.63476e-07
No. of Data Rows : 7230
trise10_90          =  3.78665e-09 targ=  2.59810e-08 trig=  2.21943e-08
tfall10_90          =  3.85363e-09 targ=  3.26917e-07 trig=  3.23063e-07
tpdlh               =  3.22321e-09 targ=  2.37232e-08 trig=  2.05000e-08
tpdhl               =  3.33341e-09 targ=  3.24833e-07 trig=  3.21500e-07
m_trise_s = 3.7866500000e-09
m_tfall_s = 3.8536340000e-09
m_tpdlh_s = 3.2232050000e-09
m_tpdhl_s = 3.3334130000e-09
m_ipeak_source_a = 1.6162629001e+00
m_ipeak_sink_a = 1.3905586962e+00
m_vout_max_v = 6.0050714757e+00
m_vout_min_v = -3.081432851e-03
m_vin_max_v = 3.3000000000e+00
m_vin_min_v = 0.0000000000e+00
m_indrv_max_v = 6.0001521313e+00
m_indrv_min_v = -1.553361429e-03
m_n1_max_v = 6.1083351177e+00
m_n1_min_v = -4.709372501e-02
m_n2_max_v = 6.0771030651e+00
m_n2_min_v = -4.219701607e-02
m_n3_max_v = 6.0541670095e+00
m_n3_min_v = -2.986139845e-02
m_n4_max_v = 6.0516253273e+00
m_n4_min_v = -2.923310955e-02
m_n5_max_v = 6.0513960784e+00
m_n5_min_v = -2.880127301e-02
Note: Simulation executed from .control section 

Warning: m=xx on .subckt line will override multiplier m hierarchy!

Note: vimeas: has no value, DC 0 assumed
