
Note: No compatibility mode selected!


Circuit: * gate-driver-core-drive-with-uvlo @ ff_-40c_vlogic2p97v-vdrv3p30v -- generated by sim/harness, do not edit

Doing analysis at TEMP = -40.000000 and TNOM = 27.000000

Using SPARSE 1.3 as Direct Linear Solver

Initial Transient Solution
--------------------------

Node                                   Voltage
----                                   -------
x1.inb                                    2.97
in                                           0
gnd_logic                                    0
vdd_logic                                 2.97
x1.na                                  2.14651
x1.nb                              2.26662e-10
x1.nca                                     3.3
gnd_drv                            9.00405e-09
x1.ncb                             6.16634e-10
vdd_drv                                    3.3
x1.nbuf1                                   3.3
in_drv                             9.60676e-09
x1.nccomp1                         2.86417e-09
x1.nccomp2                          5.1117e-09
x1.nccomp3                         7.35923e-09
x2.n1                                      3.3
x2.n2                              1.01909e-08
x2.n3                                      3.3
x2.n4                              1.07691e-08
x2.n5                                      3.3
out                                9.40782e-09
x3.nref                               0.664469
x3.ndiv                                0.60495
x3.uvlo_ok                         7.37761e-06
x3.ntail                             0.0273634
x3.ncompp                              2.50672
x3.ncompn                             0.485127
x3.lockout                             3.29997
outcap                             9.40782e-09
vimeas#branch                                0
vin#branch                                   0
vgnd_logic#branch                  9.00405e-06
vsup_drv#branch                   -9.00405e-06
vsup_logic#branch                 -3.15395e-12

 Reference value :  1.08733e-07
 Reference value :  2.91133e-07
 Reference value :  4.42462e-07
 Reference value :  6.22962e-07
No. of Data Rows : 7194
trise10_90          =  7.33356e-10 targ=  2.29200e-08 trig=  2.21866e-08
tfall10_90          =  5.09218e-10 targ=  3.23181e-07 trig=  3.22672e-07
tpdlh               =  1.88150e-09 targ=  2.23815e-08 trig=  2.05000e-08
tpdhl               =  1.33534e-09 targ=  3.22835e-07 trig=  3.21500e-07
lockout_at_in_high  =  3.29998e+00
vout_at_in_high     =  1.92589e-01
vdrv_at_in_high     =  3.30000e+00
m_trise_s = 7.3335600000e-10
m_tfall_s = 5.0921770000e-10
m_tpdlh_s = 1.8814960000e-09
m_tpdhl_s = 1.3353430000e-09
m_ipeak_source_a = 4.4866616610e-01
m_ipeak_sink_a = 5.3157333128e-01
m_vout_max_v = 1.9333298484e-01
m_vout_min_v = -1.996091253e-03
m_vin_max_v = 2.9700000000e+00
m_vin_min_v = 0.0000000000e+00
m_indrv_max_v = 3.3363889498e+00
m_indrv_min_v = -1.100554084e-02
m_n1_max_v = 3.3738781737e+00
m_n1_min_v = -4.389572114e-02
m_n2_max_v = 3.3545568123e+00
m_n2_min_v = -3.283276669e-02
m_n3_max_v = 3.3454814209e+00
m_n3_min_v = -2.481165630e-02
m_n4_max_v = 3.3434543612e+00
m_n4_min_v = -2.567525073e-02
m_n5_max_v = 3.3444574547e+00
m_n5_min_v = -2.568068406e-02
m_uvlo_lockout_at_in_high = 3.2999760000e+00
m_uvlo_vout_at_in_high_v = 1.9258890000e-01
m_uvlo_vdrv_at_in_high_v = 3.3000000000e+00
Note: Simulation executed from .control section 

Note: vimeas: has no value, DC 0 assumed
