
Note: No compatibility mode selected!


Circuit: * gate-driver-core-drive-with-uvlo @ ff_-40c_vlogic3p63v-vdrv5p00v -- generated by sim/harness, do not edit

Doing analysis at TEMP = -40.000000 and TNOM = 27.000000

Using SPARSE 1.3 as Direct Linear Solver

Initial Transient Solution
--------------------------

Node                                   Voltage
----                                   -------
x1.inb                                    3.63
in                                           0
gnd_logic                                    0
vdd_logic                                 3.63
x1.na                                    2.728
x1.nb                              3.26001e-10
x1.nca                                       5
gnd_drv                            1.81427e-08
x1.ncb                             8.29405e-10
vdd_drv                                      5
x1.nbuf1                                     5
in_drv                             1.88431e-08
x1.nccomp1                         5.33284e-09
x1.nccomp2                         9.83627e-09
x1.nccomp3                         1.43397e-08
x2.n1                                        5
x2.n2                              1.95223e-08
x2.n3                                        5
x2.n4                               2.0192e-08
x2.n5                                        5
out                                2.03162e-08
x3.nref                               0.687061
x3.ndiv                               0.967002
x3.uvlo_ok                             4.99994
x3.ntail                              0.239853
x3.ncompp                              4.10731
x3.ncompn                              4.99999
x3.lockout                         2.00471e-08
outcap                             2.03162e-08
vimeas#branch                                0
vin#branch                                   0
vgnd_logic#branch                  1.81427e-05
vsup_drv#branch                   -1.81427e-05
vsup_logic#branch                 -4.03563e-12

 Reference value :  8.81286e-08
 Reference value :  2.75029e-07
 Reference value :  4.26206e-07
 Reference value :  6.09106e-07
No. of Data Rows : 7228
trise10_90          =  3.60636e-09 targ=  2.57063e-08 trig=  2.20999e-08
tfall10_90          =  3.52157e-09 targ=  3.26400e-07 trig=  3.22878e-07
tpdlh               =  3.04882e-09 targ=  2.35488e-08 trig=  2.05000e-08
tpdhl               =  2.96841e-09 targ=  3.24468e-07 trig=  3.21500e-07
lockout_at_in_high  =  -6.38082e-07
vout_at_in_high     =  5.00000e+00
vdrv_at_in_high     =  5.00000e+00
m_trise_s = 3.6063640000e-09
m_tfall_s = 3.5215670000e-09
m_tpdlh_s = 3.0488200000e-09
m_tpdhl_s = 2.9684060000e-09
m_ipeak_source_a = 1.4234189350e+00
m_ipeak_sink_a = 1.2756614572e+00
m_vout_max_v = 5.0041571174e+00
m_vout_min_v = -2.510170232e-03
m_vin_max_v = 3.6300000000e+00
m_vin_min_v = 0.0000000000e+00
m_indrv_max_v = 5.0000883377e+00
m_indrv_min_v = -2.534516974e-03
m_n1_max_v = 5.0920056014e+00
m_n1_min_v = -4.310513816e-02
m_n2_max_v = 5.0664191781e+00
m_n2_min_v = -3.785253810e-02
m_n3_max_v = 5.0480906344e+00
m_n3_min_v = -2.683908379e-02
m_n4_max_v = 5.0455642352e+00
m_n4_min_v = -2.632037815e-02
m_n5_max_v = 5.0455426359e+00
m_n5_min_v = -2.594383907e-02
m_uvlo_lockout_at_in_high = -6.380822000e-07
m_uvlo_vout_at_in_high_v = 4.9999990000e+00
m_uvlo_vdrv_at_in_high_v = 5.0000000000e+00
Note: Simulation executed from .control section 

Note: vimeas: has no value, DC 0 assumed
