
Note: No compatibility mode selected!


Circuit: * gate-driver-core-drive-with-uvlo @ ff_-40c_vlogic3p30v-vdrv4p15v -- generated by sim/harness, do not edit

Doing analysis at TEMP = -40.000000 and TNOM = 27.000000

Using SPARSE 1.3 as Direct Linear Solver

Initial Transient Solution
--------------------------

Node                                   Voltage
----                                   -------
x1.inb                                     3.3
in                                           0
gnd_logic                                    0
vdd_logic                                  3.3
x1.na                                  2.43532
x1.nb                               2.7654e-10
x1.nca                                    4.15
gnd_drv                            1.39001e-08
x1.ncb                              7.2589e-10
vdd_drv                                   4.15
x1.nbuf1                                  4.15
in_drv                             1.45446e-08
x1.nccomp1                         4.18056e-09
x1.nccomp2                         7.63522e-09
x1.nccomp3                         1.10899e-08
x2.n1                                     4.15
x2.n2                              1.51694e-08
x2.n3                                     4.15
x2.n4                              1.57862e-08
x2.n5                                     4.15
out                                1.59005e-08
x3.nref                               0.676884
x3.ndiv                               0.802612
x3.uvlo_ok                             4.14994
x3.ntail                              0.126037
x3.ncompp                              3.27937
x3.ncompn                              4.14778
x3.lockout                         1.56537e-08
outcap                             1.59005e-08
vimeas#branch                                0
vin#branch                                   0
vgnd_logic#branch                  1.39001e-05
vsup_drv#branch                   -1.39001e-05
vsup_logic#branch                 -3.56637e-12

 Reference value :  1.04752e-07
 Reference value :  2.98752e-07
 Reference value :  4.47351e-07
 Reference value :  6.30051e-07
No. of Data Rows : 7209
trise10_90          =  4.05323e-09 targ=  2.63471e-08 trig=  2.22939e-08
tfall10_90          =  3.82840e-09 targ=  3.26850e-07 trig=  3.23021e-07
tpdlh               =  3.42382e-09 targ=  2.39238e-08 trig=  2.05000e-08
tpdhl               =  3.24085e-09 targ=  3.24741e-07 trig=  3.21500e-07
lockout_at_in_high  =  -4.29470e-08
vout_at_in_high     =  4.15000e+00
vdrv_at_in_high     =  4.15000e+00
m_trise_s = 4.0532340000e-09
m_tfall_s = 3.8283980000e-09
m_tpdlh_s = 3.4238160000e-09
m_tpdhl_s = 3.2408510000e-09
m_ipeak_source_a = 1.0491337497e+00
m_ipeak_sink_a = 9.7971449656e-01
m_vout_max_v = 4.1540139935e+00
m_vout_min_v = -2.516863757e-03
m_vin_max_v = 3.3000000000e+00
m_vin_min_v = 0.0000000000e+00
m_indrv_max_v = 4.1700028643e+00
m_indrv_min_v = -6.442980915e-03
m_n1_max_v = 4.2393053760e+00
m_n1_min_v = -4.456535000e-02
m_n2_max_v = 4.2115565477e+00
m_n2_min_v = -3.506824988e-02
m_n3_max_v = 4.1970560086e+00
m_n3_min_v = -2.668314544e-02
m_n4_max_v = 4.1955771423e+00
m_n4_min_v = -2.614643306e-02
m_n5_max_v = 4.1953234082e+00
m_n5_min_v = -2.585959402e-02
m_uvlo_lockout_at_in_high = -4.294702000e-08
m_uvlo_vout_at_in_high_v = 4.1500000000e+00
m_uvlo_vdrv_at_in_high_v = 4.1500000000e+00
Note: Simulation executed from .control section 

Note: vimeas: has no value, DC 0 assumed
