
Note: No compatibility mode selected!


Circuit: * gate-driver-core-drive-with-uvlo @ ff_125c_vlogic2p97v-vdrv3p30v -- generated by sim/harness, do not edit

Doing analysis at TEMP = 125.000000 and TNOM = 27.000000

Using SPARSE 1.3 as Direct Linear Solver

Initial Transient Solution
--------------------------

Node                                   Voltage
----                                   -------
x1.inb                                    2.97
in                                           0
gnd_logic                                    0
vdd_logic                                 2.97
x1.na                                  2.15592
x1.nb                              1.49836e-09
x1.nca                                 3.29993
gnd_drv                            1.22124e-08
x1.ncb                             4.34482e-09
vdd_drv                                    3.3
x1.nbuf1                                   3.3
in_drv                             2.51029e-08
x1.nccomp1                         9.53433e-09
x1.nccomp2                         1.47238e-08
x1.nccomp3                         1.99133e-08
x2.n1                                      3.3
x2.n2                              4.07056e-08
x2.n3                                      3.3
x2.n4                              4.10108e-08
x2.n5                                      3.3
out                                4.27558e-08
x3.nref                               0.499041
x3.ndiv                               0.638221
x3.uvlo_ok                             3.29991
x3.ntail                              0.133284
x3.ncompp                              2.63643
x3.ncompn                              3.29045
x3.lockout                         4.39293e-08
outcap                             4.27558e-08
vimeas#branch                                0
vin#branch                                   0
vgnd_logic#branch                  1.22417e-05
vsup_drv#branch                    -1.2233e-05
vsup_logic#branch                 -8.79428e-09

 Reference value :  9.65499e-08
 Reference value :  2.53850e-07
 Reference value :  3.97454e-07
 Reference value :  5.79154e-07
No. of Data Rows : 7158
trise10_90          =  7.26973e-09 targ=  3.08401e-08 trig=  2.35704e-08
tfall10_90          =  6.35706e-09 targ=  3.30305e-07 trig=  3.23948e-07
tpdlh               =  5.79154e-09 targ=  2.62915e-08 trig=  2.05000e-08
tpdhl               =  5.08592e-09 targ=  3.26586e-07 trig=  3.21500e-07
lockout_at_in_high  =  4.34912e-08
vout_at_in_high     =  3.30000e+00
vdrv_at_in_high     =  3.30000e+00
m_trise_s = 7.2697280000e-09
m_tfall_s = 6.3570640000e-09
m_tpdlh_s = 5.7915430000e-09
m_tpdhl_s = 5.0859240000e-09
m_ipeak_source_a = 5.0991309228e-01
m_ipeak_sink_a = 5.1698662630e-01
m_vout_max_v = 3.3030654636e+00
m_vout_min_v = -1.936784323e-03
m_vin_max_v = 2.9700000000e+00
m_vin_min_v = 0.0000000000e+00
m_indrv_max_v = 3.3005528843e+00
m_indrv_min_v = -5.911543505e-03
m_n1_max_v = 3.3621544574e+00
m_n1_min_v = -3.572128045e-02
m_n2_max_v = 3.3526492203e+00
m_n2_min_v = -2.997822988e-02
m_n3_max_v = 3.3404003188e+00
m_n3_min_v = -2.200506046e-02
m_n4_max_v = 3.3375555484e+00
m_n4_min_v = -2.130798506e-02
m_n5_max_v = 3.3388858196e+00
m_n5_min_v = -2.142922018e-02
m_uvlo_lockout_at_in_high = 4.3491250000e-08
m_uvlo_vout_at_in_high_v = 3.2999980000e+00
m_uvlo_vdrv_at_in_high_v = 3.3000000000e+00
Note: Simulation executed from .control section 

Note: vimeas: has no value, DC 0 assumed
