
Note: No compatibility mode selected!


Circuit: * gate-driver-core-drive-with-uvlo @ ff_125c_vlogic3p63v-vdrv5p00v -- generated by sim/harness, do not edit

Doing analysis at TEMP = 125.000000 and TNOM = 27.000000

Using SPARSE 1.3 as Direct Linear Solver

Initial Transient Solution
--------------------------

Node                                   Voltage
----                                   -------
x1.inb                                 3.62999
in                                           0
gnd_logic                                    0
vdd_logic                                 3.63
x1.na                                  2.72071
x1.nb                              1.96948e-09
x1.nca                                 4.99992
gnd_drv                            2.07083e-08
x1.ncb                             5.51727e-09
vdd_drv                                      5
x1.nbuf1                                     5
in_drv                             3.53804e-08
x1.nccomp1                          1.2983e-08
x1.nccomp2                         2.04488e-08
x1.nccomp3                         2.79146e-08
x2.n1                                        5
x2.n2                              5.31251e-08
x2.n3                                        5
x2.n4                              5.34954e-08
x2.n5                                        5
out                                5.54822e-08
x3.nref                                0.53039
x3.ndiv                               0.967002
x3.uvlo_ok                              4.9999
x3.ntail                              0.351888
x3.ncompp                              4.27606
x3.ncompn                              4.99996
x3.lockout                         5.11605e-08
outcap                             5.54822e-08
vimeas#branch                                0
vin#branch                                   0
vgnd_logic#branch                  2.07538e-05
vsup_drv#branch                    -2.0739e-05
vsup_logic#branch                 -1.47242e-08

 Reference value :  9.37659e-08
 Reference value :  2.72666e-07
 Reference value :  4.31112e-07
 Reference value :  6.10912e-07
No. of Data Rows : 7188
trise10_90          =  5.24319e-09 targ=  2.79660e-08 trig=  2.27229e-08
tfall10_90          =  5.16010e-09 targ=  3.28532e-07 trig=  3.23372e-07
tpdlh               =  4.15835e-09 targ=  2.46584e-08 trig=  2.05000e-08
tpdhl               =  4.03263e-09 targ=  3.25533e-07 trig=  3.21500e-07
lockout_at_in_high  =  2.90821e-07
vout_at_in_high     =  5.00000e+00
vdrv_at_in_high     =  5.00000e+00
m_trise_s = 5.2431850000e-09
m_tfall_s = 5.1601020000e-09
m_tpdlh_s = 4.1583520000e-09
m_tpdhl_s = 4.0326250000e-09
m_ipeak_source_a = 1.0844045873e+00
m_ipeak_sink_a = 9.5163460561e-01
m_vout_max_v = 5.0034304554e+00
m_vout_min_v = -2.045021831e-03
m_vin_max_v = 3.6300000000e+00
m_vin_min_v = 0.0000000000e+00
m_indrv_max_v = 5.0004219502e+00
m_indrv_min_v = -1.036760315e-03
m_n1_max_v = 5.0759173727e+00
m_n1_min_v = -3.641438217e-02
m_n2_max_v = 5.0641857003e+00
m_n2_min_v = -3.466206675e-02
m_n3_max_v = 5.0436452569e+00
m_n3_min_v = -2.438403260e-02
m_n4_max_v = 5.0396510952e+00
m_n4_min_v = -2.310907638e-02
m_n5_max_v = 5.0392836916e+00
m_n5_min_v = -2.254354134e-02
m_uvlo_lockout_at_in_high = 2.9082150000e-07
m_uvlo_vout_at_in_high_v = 4.9999980000e+00
m_uvlo_vdrv_at_in_high_v = 5.0000000000e+00
Note: Simulation executed from .control section 

Note: vimeas: has no value, DC 0 assumed
