
Note: No compatibility mode selected!


Circuit: * gate-driver-core-drive-with-uvlo @ ff_125c_vlogic3p30v-vdrv4p15v -- generated by sim/harness, do not edit

Doing analysis at TEMP = 125.000000 and TNOM = 27.000000

Using SPARSE 1.3 as Direct Linear Solver

Initial Transient Solution
--------------------------

Node                                   Voltage
----                                   -------
x1.inb                                 3.29999
in                                           0
gnd_logic                                    0
vdd_logic                                  3.3
x1.na                                  2.43684
x1.nb                              1.71861e-09
x1.nca                                 4.14992
gnd_drv                            1.63459e-08
x1.ncb                             4.89168e-09
vdd_drv                                   4.15
x1.nbuf1                                  4.15
in_drv                              2.9746e-08
x1.nccomp1                         1.11053e-08
x1.nccomp2                         1.73188e-08
x1.nccomp3                         2.35324e-08
x2.n1                                     4.15
x2.n2                              4.59545e-08
x2.n3                                     4.15
x2.n4                              4.63036e-08
x2.n5                                     4.15
out                                4.81188e-08
x3.nref                               0.516235
x3.ndiv                               0.802611
x3.uvlo_ok                             4.14991
x3.ntail                              0.238032
x3.ncompp                              3.45109
x3.ncompn                              4.14933
x3.lockout                         4.44924e-08
outcap                             4.81188e-08
vimeas#branch                                0
vin#branch                                   0
vgnd_logic#branch                  1.63823e-05
vsup_drv#branch                    -1.6371e-05
vsup_logic#branch                 -1.12709e-08

 Reference value :  1.02660e-07
 Reference value :  2.65560e-07
 Reference value :  4.32816e-07
 Reference value :  6.19916e-07
No. of Data Rows : 7174
trise10_90          =  6.00451e-09 targ=  2.90398e-08 trig=  2.30352e-08
tfall10_90          =  5.58058e-09 targ=  3.29167e-07 trig=  3.23586e-07
tpdlh               =  4.76619e-09 targ=  2.52662e-08 trig=  2.05000e-08
tpdhl               =  4.41490e-09 targ=  3.25915e-07 trig=  3.21500e-07
lockout_at_in_high  =  1.50500e-07
vout_at_in_high     =  4.15000e+00
vdrv_at_in_high     =  4.15000e+00
m_trise_s = 6.0045140000e-09
m_tfall_s = 5.5805760000e-09
m_tpdlh_s = 4.7661930000e-09
m_tpdhl_s = 4.4148970000e-09
m_ipeak_source_a = 7.7975559395e-01
m_ipeak_sink_a = 7.3679949037e-01
m_vout_max_v = 4.1532563086e+00
m_vout_min_v = -2.004605592e-03
m_vin_max_v = 3.3000000000e+00
m_vin_min_v = 0.0000000000e+00
m_indrv_max_v = 4.1505379561e+00
m_indrv_min_v = -2.907082458e-03
m_n1_max_v = 4.2150914646e+00
m_n1_min_v = -3.647279880e-02
m_n2_max_v = 4.2091704595e+00
m_n2_min_v = -3.281775046e-02
m_n3_max_v = 4.1916202838e+00
m_n3_min_v = -2.342972690e-02
m_n4_max_v = 4.1902200915e+00
m_n4_min_v = -2.265143635e-02
m_n5_max_v = 4.1898428925e+00
m_n5_min_v = -2.228796948e-02
m_uvlo_lockout_at_in_high = 1.5050040000e-07
m_uvlo_vout_at_in_high_v = 4.1499980000e+00
m_uvlo_vdrv_at_in_high_v = 4.1500000000e+00
Note: Simulation executed from .control section 

Note: vimeas: has no value, DC 0 assumed
