
Note: No compatibility mode selected!


Circuit: * gate-driver-core-drive-with-uvlo @ ff_27c_vlogic2p97v-vdrv3p30v -- generated by sim/harness, do not edit

Doing analysis at TEMP = 27.000000 and TNOM = 27.000000

Using SPARSE 1.3 as Direct Linear Solver

Initial Transient Solution
--------------------------

Node                                   Voltage
----                                   -------
x1.inb                                    2.97
in                                           0
gnd_logic                                    0
vdd_logic                                 2.97
x1.na                                  2.18299
x1.nb                              2.76332e-10
x1.nca                                     3.3
gnd_drv                            1.08704e-08
x1.ncb                             7.75499e-10
vdd_drv                                    3.3
x1.nbuf1                                   3.3
in_drv                             1.16498e-08
x1.nccomp1                         3.49408e-09
x1.nccomp2                         6.21267e-09
x1.nccomp3                         8.93126e-09
x2.n1                                      3.3
x2.n2                              1.24067e-08
x2.n3                                      3.3
x2.n4                              1.31474e-08
x2.n5                                      3.3
out                                1.32854e-08
x3.nref                               0.596123
x3.ndiv                               0.638221
x3.uvlo_ok                             3.29993
x3.ntail                             0.0768976
x3.ncompp                              2.54736
x3.ncompn                                3.262
x3.lockout                         1.30251e-08
outcap                             1.32854e-08
vimeas#branch                                0
vin#branch                                   0
vgnd_logic#branch                  1.08706e-05
vsup_drv#branch                   -1.08706e-05
vsup_logic#branch                 -6.35636e-11

 Reference value :  1.07749e-07
 Reference value :  2.68749e-07
 Reference value :  4.14835e-07
 Reference value :  5.99935e-07
No. of Data Rows : 7177
trise10_90          =  5.88192e-09 targ=  2.89136e-08 trig=  2.30317e-08
tfall10_90          =  5.13379e-09 targ=  3.28682e-07 trig=  3.23548e-07
tpdlh               =  4.82192e-09 targ=  2.53219e-08 trig=  2.05000e-08
tpdhl               =  4.26051e-09 targ=  3.25761e-07 trig=  3.21500e-07
lockout_at_in_high  =  4.09450e-08
vout_at_in_high     =  3.30000e+00
vdrv_at_in_high     =  3.30000e+00
m_trise_s = 5.8819190000e-09
m_tfall_s = 5.1337920000e-09
m_tpdlh_s = 4.8219230000e-09
m_tpdhl_s = 4.2605150000e-09
m_ipeak_source_a = 6.0305930398e-01
m_ipeak_sink_a = 6.1478260422e-01
m_vout_max_v = 3.3034449072e+00
m_vout_min_v = -2.282914389e-03
m_vin_max_v = 2.9700000000e+00
m_vin_min_v = 0.0000000000e+00
m_indrv_max_v = 3.3240130622e+00
m_indrv_min_v = -9.853108539e-03
m_n1_max_v = 3.3732286811e+00
m_n1_min_v = -4.134326238e-02
m_n2_max_v = 3.3554833349e+00
m_n2_min_v = -3.114296563e-02
m_n3_max_v = 3.3428780955e+00
m_n3_min_v = -2.412135286e-02
m_n4_max_v = 3.3424531735e+00
m_n4_min_v = -2.403214310e-02
m_n5_max_v = 3.3431559479e+00
m_n5_min_v = -2.396114708e-02
m_uvlo_lockout_at_in_high = 4.0945040000e-08
m_uvlo_vout_at_in_high_v = 3.3000000000e+00
m_uvlo_vdrv_at_in_high_v = 3.3000000000e+00
Note: Simulation executed from .control section 

Note: vimeas: has no value, DC 0 assumed
