
Note: No compatibility mode selected!


Circuit: * gate-driver-core-drive-with-uvlo @ fs_-40c_vlogic2p97v-vdrv3p30v -- generated by sim/harness, do not edit

Doing analysis at TEMP = -40.000000 and TNOM = 27.000000

Using SPARSE 1.3 as Direct Linear Solver

Initial Transient Solution
--------------------------

Node                                   Voltage
----                                   -------
x1.inb                                    2.97
in                                           0
gnd_logic                                    0
vdd_logic                                 2.97
x1.na                                  2.11616
x1.nb                              2.27712e-10
x1.nca                                     3.3
gnd_drv                            7.78498e-09
x1.ncb                              6.2708e-10
vdd_drv                                    3.3
x1.nbuf1                                   3.3
in_drv                             8.38939e-09
x1.nccomp1                         2.56766e-09
x1.nccomp2                         4.50824e-09
x1.nccomp3                         6.44881e-09
x2.n1                                      3.3
x2.n2                              8.97215e-09
x2.n3                                      3.3
x2.n4                              9.56801e-09
x2.n5                                      3.3
out                                8.19286e-09
x3.nref                                0.69838
x3.ndiv                                0.60495
x3.uvlo_ok                         7.66901e-06
x3.ntail                             0.0124697
x3.ncompp                              2.30038
x3.ncompn                            0.0275527
x3.lockout                                 3.3
outcap                             8.19286e-09
vimeas#branch                      1.35525e-20
vin#branch                                   0
vgnd_logic#branch                  7.78499e-06
vsup_drv#branch                   -7.78498e-06
vsup_logic#branch                 -3.04737e-12

 Reference value :  1.00486e-07
 Reference value :  2.92886e-07
 Reference value :  4.60934e-07
 Reference value :  6.53834e-07
No. of Data Rows : 7198
trise10_90          =  7.17593e-10 targ=  2.34255e-08 trig=  2.27079e-08
tfall10_90          =  5.67185e-10 targ=  3.23622e-07 trig=  3.23055e-07
tpdlh               =  2.40520e-09 targ=  2.29052e-08 trig=  2.05000e-08
tpdhl               =  1.74241e-09 targ=  3.23242e-07 trig=  3.21500e-07
lockout_at_in_high  =  3.30000e+00
vout_at_in_high     =  1.31897e-01
vdrv_at_in_high     =  3.30000e+00
m_trise_s = 7.1759330000e-10
m_tfall_s = 5.6718490000e-10
m_tpdlh_s = 2.4052000000e-09
m_tpdhl_s = 1.7424140000e-09
m_ipeak_source_a = 3.0147807106e-01
m_ipeak_sink_a = 3.2327222862e-01
m_vout_max_v = 1.3272944924e-01
m_vout_min_v = -2.437274284e-03
m_vin_max_v = 2.9700000000e+00
m_vin_min_v = 0.0000000000e+00
m_indrv_max_v = 3.3370583626e+00
m_indrv_min_v = -1.367262940e-02
m_n1_max_v = 3.3785502974e+00
m_n1_min_v = -4.863743723e-02
m_n2_max_v = 3.3546607912e+00
m_n2_min_v = -3.794676010e-02
m_n3_max_v = 3.3478491385e+00
m_n3_min_v = -2.760362377e-02
m_n4_max_v = 3.3463855874e+00
m_n4_min_v = -2.826352281e-02
m_n5_max_v = 3.3480158958e+00
m_n5_min_v = -2.838639641e-02
m_uvlo_lockout_at_in_high = 3.3000040000e+00
m_uvlo_vout_at_in_high_v = 1.3189680000e-01
m_uvlo_vdrv_at_in_high_v = 3.3000000000e+00
Note: Simulation executed from .control section 

Note: vimeas: has no value, DC 0 assumed
