
Note: No compatibility mode selected!


Circuit: * gate-driver-core-drive-with-uvlo @ fs_-40c_vlogic3p63v-vdrv5p00v -- generated by sim/harness, do not edit

Doing analysis at TEMP = -40.000000 and TNOM = 27.000000

Using SPARSE 1.3 as Direct Linear Solver

Initial Transient Solution
--------------------------

Node                                   Voltage
----                                   -------
x1.inb                                    3.63
in                                           0
gnd_logic                                    0
vdd_logic                                 3.63
x1.na                                  2.69479
x1.nb                              3.26073e-10
x1.nca                                       5
gnd_drv                            1.78049e-08
x1.ncb                             8.39137e-10
vdd_drv                                      5
x1.nbuf1                                     5
in_drv                             1.85012e-08
x1.nccomp1                         5.25464e-09
x1.nccomp2                         9.67014e-09
x1.nccomp3                         1.40856e-08
x2.n1                                        5
x2.n2                              1.91728e-08
x2.n3                                        5
x2.n4                              1.98571e-08
x2.n5                                        5
out                                1.99815e-08
x3.nref                               0.721443
x3.ndiv                               0.967002
x3.uvlo_ok                             4.99992
x3.ntail                              0.211797
x3.ncompp                              3.87033
x3.ncompn                              4.99994
x3.lockout                         1.97152e-08
outcap                             1.99815e-08
vimeas#branch                                0
vin#branch                                   0
vgnd_logic#branch                  1.78049e-05
vsup_drv#branch                   -1.78049e-05
vsup_logic#branch                 -3.79404e-12

 Reference value :  1.03675e-07
 Reference value :  2.62775e-07
 Reference value :  4.21028e-07
 Reference value :  5.87928e-07
No. of Data Rows : 7220
trise10_90          =  4.75921e-09 targ=  2.72430e-08 trig=  2.24837e-08
tfall10_90          =  3.69786e-09 targ=  3.26871e-07 trig=  3.23173e-07
tpdlh               =  3.91562e-09 targ=  2.44156e-08 trig=  2.05000e-08
tpdhl               =  3.34878e-09 targ=  3.24849e-07 trig=  3.21500e-07
lockout_at_in_high  =  4.43928e-07
vout_at_in_high     =  5.00000e+00
vdrv_at_in_high     =  5.00000e+00
m_trise_s = 4.7592140000e-09
m_tfall_s = 3.6978640000e-09
m_tpdlh_s = 3.9156220000e-09
m_tpdhl_s = 3.3487820000e-09
m_ipeak_source_a = 1.0664935151e+00
m_ipeak_sink_a = 1.2117933144e+00
m_vout_max_v = 5.0044247974e+00
m_vout_min_v = -3.312346843e-03
m_vin_max_v = 3.6300000000e+00
m_vin_min_v = 0.0000000000e+00
m_indrv_max_v = 5.0000794822e+00
m_indrv_min_v = -6.867482388e-03
m_n1_max_v = 5.0960101228e+00
m_n1_min_v = -5.045555654e-02
m_n2_max_v = 5.0659116615e+00
m_n2_min_v = -4.182979048e-02
m_n3_max_v = 5.0538858594e+00
m_n3_min_v = -2.949303186e-02
m_n4_max_v = 5.0502042186e+00
m_n4_min_v = -2.929895046e-02
m_n5_max_v = 5.0506362194e+00
m_n5_min_v = -2.870740497e-02
m_uvlo_lockout_at_in_high = 4.4392820000e-07
m_uvlo_vout_at_in_high_v = 5.0000000000e+00
m_uvlo_vdrv_at_in_high_v = 5.0000000000e+00
Note: Simulation executed from .control section 

Note: vimeas: has no value, DC 0 assumed
