
Note: No compatibility mode selected!


Circuit: * gate-driver-core-drive-with-uvlo @ fs_125c_vlogic3p63v-vdrv5p00v -- generated by sim/harness, do not edit

Doing analysis at TEMP = 125.000000 and TNOM = 27.000000

Using SPARSE 1.3 as Direct Linear Solver

Initial Transient Solution
--------------------------

Node                                   Voltage
----                                   -------
x1.inb                                    3.63
in                                           0
gnd_logic                                    0
vdd_logic                                 3.63
x1.na                                  2.70679
x1.nb                              5.32839e-10
x1.nca                                 4.99994
gnd_drv                            2.02342e-08
x1.ncb                             1.50759e-09
vdd_drv                                      5
x1.nbuf1                                     5
in_drv                             2.18557e-08
x1.nccomp1                         6.59462e-09
x1.nccomp2                         1.16817e-08
x1.nccomp3                         1.67687e-08
x2.n1                                        5
x2.n2                              2.35157e-08
x2.n3                                        5
x2.n4                              2.47306e-08
x2.n5                                        5
out                                 2.5003e-08
x3.nref                               0.564625
x3.ndiv                               0.967001
x3.uvlo_ok                             4.99987
x3.ntail                              0.322544
x3.ncompp                              4.02609
x3.ncompn                              4.99991
x3.lockout                         2.44153e-08
outcap                              2.5003e-08
vimeas#branch                                0
vin#branch                                   0
vgnd_logic#branch                    2.026e-05
vsup_drv#branch                   -2.02517e-05
vsup_logic#branch                 -8.31674e-09

 Reference value :  1.05415e-07
 Reference value :  2.74215e-07
 Reference value :  4.34062e-07
 Reference value :  6.14662e-07
No. of Data Rows : 7190
trise10_90          =  7.09656e-09 targ=  3.04241e-08 trig=  2.33276e-08
tfall10_90          =  5.39180e-09 targ=  3.29184e-07 trig=  3.23792e-07
tpdlh               =  5.51154e-09 targ=  2.60115e-08 trig=  2.05000e-08
tpdhl               =  4.55662e-09 targ=  3.26057e-07 trig=  3.21500e-07
lockout_at_in_high  =  -2.37874e-07
vout_at_in_high     =  5.00000e+00
vdrv_at_in_high     =  5.00000e+00
m_trise_s = 7.0965630000e-09
m_tfall_s = 5.3917980000e-09
m_tpdlh_s = 5.5115430000e-09
m_tpdhl_s = 4.5566200000e-09
m_ipeak_source_a = 7.7685244737e-01
m_ipeak_sink_a = 9.0280995022e-01
m_vout_max_v = 5.0036138058e+00
m_vout_min_v = -2.898302625e-03
m_vin_max_v = 3.6300000000e+00
m_vin_min_v = 0.0000000000e+00
m_indrv_max_v = 5.0003896687e+00
m_indrv_min_v = -4.948399102e-03
m_n1_max_v = 5.0786569411e+00
m_n1_min_v = -4.581986962e-02
m_n2_max_v = 5.0630918642e+00
m_n2_min_v = -4.178749639e-02
m_n3_max_v = 5.0485913194e+00
m_n3_min_v = -2.860819341e-02
m_n4_max_v = 5.0448874405e+00
m_n4_min_v = -2.793359884e-02
m_n5_max_v = 5.0450204276e+00
m_n5_min_v = -2.770023436e-02
m_uvlo_lockout_at_in_high = -2.378737000e-07
m_uvlo_vout_at_in_high_v = 4.9999980000e+00
m_uvlo_vdrv_at_in_high_v = 5.0000000000e+00
Note: Simulation executed from .control section 

Note: vimeas: has no value, DC 0 assumed
