
Note: No compatibility mode selected!


Circuit: * gate-driver-core-drive-with-uvlo @ fs_125c_vlogic2p97v-vdrv3p30v -- generated by sim/harness, do not edit

Doing analysis at TEMP = 125.000000 and TNOM = 27.000000

Using SPARSE 1.3 as Direct Linear Solver

Initial Transient Solution
--------------------------

Node                                   Voltage
----                                   -------
x1.inb                                    2.97
in                                           0
gnd_logic                                    0
vdd_logic                                 2.97
x1.na                                  2.14458
x1.nb                              3.95962e-10
x1.nca                                 3.29994
gnd_drv                            1.18741e-08
x1.ncb                             1.16002e-09
vdd_drv                                    3.3
x1.nbuf1                                   3.3
in_drv                             1.33382e-08
x1.nccomp1                         4.20457e-09
x1.nccomp2                         7.24912e-09
x1.nccomp3                         1.02937e-08
x2.n1                                      3.3
x2.n2                              1.48597e-08
x2.n3                                      3.3
x2.n4                              1.58724e-08
x2.n5                                      3.3
out                                1.61147e-08
x3.nref                               0.532647
x3.ndiv                               0.638221
x3.uvlo_ok                             3.29987
x3.ntail                              0.110793
x3.ncompp                              2.40325
x3.ncompn                              3.27995
x3.lockout                         1.57815e-08
outcap                             1.61147e-08
vimeas#branch                                0
vin#branch                                   0
vgnd_logic#branch                  1.18909e-05
vsup_drv#branch                   -1.18859e-05
vsup_logic#branch                 -5.03196e-09

 Reference value :  1.06957e-07
 Reference value :  2.75457e-07
 Reference value :  4.34570e-07
 Reference value :  6.17170e-07
No. of Data Rows : 7156
trise10_90          =  1.05698e-08 targ=  3.52670e-08 trig=  2.46972e-08
tfall10_90          =  6.71307e-09 targ=  3.31353e-07 trig=  3.24640e-07
tpdlh               =  8.28668e-09 targ=  2.87867e-08 trig=  2.05000e-08
tpdhl               =  5.93557e-09 targ=  3.27436e-07 trig=  3.21500e-07
lockout_at_in_high  =  2.29287e-07
vout_at_in_high     =  3.30000e+00
vdrv_at_in_high     =  3.30000e+00
m_trise_s = 1.0569820000e-08
m_tfall_s = 6.7130730000e-09
m_tpdlh_s = 8.2866840000e-09
m_tpdhl_s = 5.9355690000e-09
m_ipeak_source_a = 3.3829053665e-01
m_ipeak_sink_a = 4.8755307002e-01
m_vout_max_v = 3.3031570342e+00
m_vout_min_v = -2.717035990e-03
m_vin_max_v = 2.9700000000e+00
m_vin_min_v = 0.0000000000e+00
m_indrv_max_v = 3.3007407146e+00
m_indrv_min_v = -1.049011379e-02
m_n1_max_v = 3.3627510858e+00
m_n1_min_v = -4.298659109e-02
m_n2_max_v = 3.3508421816e+00
m_n2_min_v = -3.520397485e-02
m_n3_max_v = 3.3437352997e+00
m_n3_min_v = -2.542079220e-02
m_n4_max_v = 3.3413106193e+00
m_n4_min_v = -2.536782349e-02
m_n5_max_v = 3.3422588016e+00
m_n5_min_v = -2.522092129e-02
m_uvlo_lockout_at_in_high = 2.2928720000e-07
m_uvlo_vout_at_in_high_v = 3.2999980000e+00
m_uvlo_vdrv_at_in_high_v = 3.3000000000e+00
Note: Simulation executed from .control section 

Note: vimeas: has no value, DC 0 assumed
