
Note: No compatibility mode selected!


Circuit: * gate-driver-core-drive-with-uvlo @ fs_125c_vlogic3p30v-vdrv4p15v -- generated by sim/harness, do not edit

Doing analysis at TEMP = 125.000000 and TNOM = 27.000000

Using SPARSE 1.3 as Direct Linear Solver

Initial Transient Solution
--------------------------

Node                                   Voltage
----                                   -------
x1.inb                                     3.3
in                                           0
gnd_logic                                    0
vdd_logic                                  3.3
x1.na                                  2.42421
x1.nb                              4.65583e-10
x1.nca                                 4.14994
gnd_drv                            1.59685e-08
x1.ncb                             1.33865e-09
vdd_drv                                   4.15
x1.nbuf1                                  4.15
in_drv                             1.74865e-08
x1.nccomp1                          5.3756e-09
x1.nccomp2                         9.41256e-09
x1.nccomp3                         1.34495e-08
x2.n1                                     4.15
x2.n2                              1.90502e-08
x2.n3                                     4.15
x2.n4                              2.01522e-08
x2.n5                                     4.15
out                                2.04057e-08
x3.nref                               0.550196
x3.ndiv                               0.802611
x3.uvlo_ok                             4.14987
x3.ntail                               0.21018
x3.ncompp                              3.20563
x3.ncompn                              4.14839
x3.lockout                         1.98713e-08
outcap                             2.04057e-08
vimeas#branch                                0
vin#branch                                   0
vgnd_logic#branch                  1.59892e-05
vsup_drv#branch                   -1.59828e-05
vsup_logic#branch                 -6.41121e-09

 Reference value :  1.04037e-07
 Reference value :  2.53237e-07
 Reference value :  3.97917e-07
 Reference value :  5.83917e-07
No. of Data Rows : 7168
trise10_90          =  8.36926e-09 targ=  3.21885e-08 trig=  2.38193e-08
tfall10_90          =  5.85716e-09 targ=  3.29959e-07 trig=  3.24102e-07
tpdlh               =  6.51238e-09 targ=  2.70124e-08 trig=  2.05000e-08
tpdhl               =  5.05330e-09 targ=  3.26553e-07 trig=  3.21500e-07
lockout_at_in_high  =  1.87980e-07
vout_at_in_high     =  4.15000e+00
vdrv_at_in_high     =  4.15000e+00
m_trise_s = 8.3692570000e-09
m_tfall_s = 5.8571600000e-09
m_tpdlh_s = 6.5123840000e-09
m_tpdhl_s = 5.0533030000e-09
m_ipeak_source_a = 5.4280853898e-01
m_ipeak_sink_a = 6.9435975756e-01
m_vout_max_v = 4.1534900379e+00
m_vout_min_v = -2.817416586e-03
m_vin_max_v = 3.3000000000e+00
m_vin_min_v = 0.0000000000e+00
m_indrv_max_v = 4.1509763259e+00
m_indrv_min_v = -7.203460822e-03
m_n1_max_v = 4.2198855242e+00
m_n1_min_v = -4.414988215e-02
m_n2_max_v = 4.2069004072e+00
m_n2_min_v = -3.886443136e-02
m_n3_max_v = 4.1963860431e+00
m_n3_min_v = -2.694910189e-02
m_n4_max_v = 4.1942830410e+00
m_n4_min_v = -2.672950207e-02
m_n5_max_v = 4.1942063762e+00
m_n5_min_v = -2.676548557e-02
m_uvlo_lockout_at_in_high = 1.8798020000e-07
m_uvlo_vout_at_in_high_v = 4.1499980000e+00
m_uvlo_vdrv_at_in_high_v = 4.1500000000e+00
Note: Simulation executed from .control section 

Note: vimeas: has no value, DC 0 assumed
