
Note: No compatibility mode selected!


Circuit: * gate-driver-core-drive-with-uvlo @ fs_27c_vlogic3p30v-vdrv4p15v -- generated by sim/harness, do not edit

Doing analysis at TEMP = 27.000000 and TNOM = 27.000000

Using SPARSE 1.3 as Direct Linear Solver

Initial Transient Solution
--------------------------

Node                                   Voltage
----                                   -------
x1.inb                                     3.3
in                                           0
gnd_logic                                    0
vdd_logic                                  3.3
x1.na                                  2.45242
x1.nb                              3.35684e-10
x1.nca                                    4.15
gnd_drv                            1.46576e-08
x1.ncb                              9.2576e-10
vdd_drv                                   4.15
x1.nbuf1                                  4.15
in_drv                             1.54917e-08
x1.nccomp1                         4.56723e-09
x1.nccomp2                         8.20871e-09
x1.nccomp3                         1.18502e-08
x2.n1                                     4.15
x2.n2                              1.62957e-08
x2.n3                                     4.15
x2.n4                              1.71162e-08
x2.n5                                     4.15
out                                1.72652e-08
x3.nref                               0.644563
x3.ndiv                               0.802611
x3.uvlo_ok                              4.1499
x3.ntail                              0.145862
x3.ncompp                              3.11288
x3.ncompn                              4.14682
x3.lockout                         1.69465e-08
outcap                             1.72652e-08
vimeas#branch                      2.71051e-20
vin#branch                                   0
vgnd_logic#branch                  1.46577e-05
vsup_drv#branch                   -1.46577e-05
vsup_logic#branch                 -4.35017e-11

 Reference value :  1.06463e-07
 Reference value :  2.92763e-07
 Reference value :  4.49414e-07
 Reference value :  6.34714e-07
No. of Data Rows : 7189
trise10_90          =  6.73788e-09 targ=  2.99573e-08 trig=  2.32194e-08
tfall10_90          =  4.71362e-09 targ=  3.28387e-07 trig=  3.23674e-07
tpdlh               =  5.38071e-09 targ=  2.58807e-08 trig=  2.05000e-08
tpdhl               =  4.22714e-09 targ=  3.25727e-07 trig=  3.21500e-07
lockout_at_in_high  =  7.92613e-07
vout_at_in_high     =  4.15000e+00
vdrv_at_in_high     =  4.15000e+00
m_trise_s = 6.7378810000e-09
m_tfall_s = 4.7136210000e-09
m_tpdlh_s = 5.3807060000e-09
m_tpdhl_s = 4.2271360000e-09
m_ipeak_source_a = 6.5113611311e-01
m_ipeak_sink_a = 8.2559178631e-01
m_vout_max_v = 4.1539205083e+00
m_vout_min_v = -3.126596668e-03
m_vin_max_v = 3.3000000000e+00
m_vin_min_v = 0.0000000000e+00
m_indrv_max_v = 4.1501689125e+00
m_indrv_min_v = -9.872407574e-03
m_n1_max_v = 4.2335146961e+00
m_n1_min_v = -4.882663748e-02
m_n2_max_v = 4.2093682358e+00
m_n2_min_v = -3.990689756e-02
m_n3_max_v = 4.1997673377e+00
m_n3_min_v = -2.838432777e-02
m_n4_max_v = 4.1987844187e+00
m_n4_min_v = -2.819215934e-02
m_n5_max_v = 4.1986471627e+00
m_n5_min_v = -2.737519577e-02
m_uvlo_lockout_at_in_high = 7.9261280000e-07
m_uvlo_vout_at_in_high_v = 4.1500010000e+00
m_uvlo_vdrv_at_in_high_v = 4.1500000000e+00
Note: Simulation executed from .control section 

Note: vimeas: has no value, DC 0 assumed
