
Note: No compatibility mode selected!


Circuit: * gate-driver-core-drive-with-uvlo @ fs_27c_vlogic2p97v-vdrv3p30v -- generated by sim/harness, do not edit

Doing analysis at TEMP = 27.000000 and TNOM = 27.000000

Using SPARSE 1.3 as Direct Linear Solver

Initial Transient Solution
--------------------------

Node                                   Voltage
----                                   -------
x1.inb                                    2.97
in                                           0
gnd_logic                                    0
vdd_logic                                 2.97
x1.na                                  2.16986
x1.nb                              2.78073e-10
x1.nca                                     3.3
gnd_drv                            1.05181e-08
x1.ncb                             7.89483e-10
vdd_drv                                    3.3
x1.nbuf1                                   3.3
in_drv                             1.12951e-08
x1.nccomp1                          3.4159e-09
x1.nccomp2                         6.04231e-09
x1.nccomp3                         8.66873e-09
x2.n1                                      3.3
x2.n2                               1.2044e-08
x2.n3                                      3.3
x2.n4                                1.281e-08
x2.n5                                      3.3
out                                1.29489e-08
x3.nref                               0.629906
x3.ndiv                               0.638221
x3.uvlo_ok                             3.29991
x3.ntail                             0.0605937
x3.ncompp                              2.33233
x3.ncompn                              2.70566
x3.lockout                         3.30813e-07
outcap                             1.29489e-08
vimeas#branch                      2.71051e-20
vin#branch                                   0
vgnd_logic#branch                  1.05182e-05
vsup_drv#branch                   -1.05182e-05
vsup_logic#branch                 -3.26017e-11

 Reference value :  1.10577e-07
 Reference value :  2.40077e-07
 Reference value :  3.78567e-07
 Reference value :  5.52667e-07
No. of Data Rows : 7171
trise10_90          =  8.50375e-09 targ=  3.24492e-08 trig=  2.39455e-08
tfall10_90          =  5.42945e-09 targ=  3.29552e-07 trig=  3.24123e-07
tpdlh               =  6.85125e-09 targ=  2.73513e-08 trig=  2.05000e-08
tpdhl               =  4.97185e-09 targ=  3.26472e-07 trig=  3.21500e-07
lockout_at_in_high  =  3.83064e-07
vout_at_in_high     =  3.30000e+00
vdrv_at_in_high     =  3.30000e+00
m_trise_s = 8.5037510000e-09
m_tfall_s = 5.4294470000e-09
m_tpdlh_s = 6.8512520000e-09
m_tpdhl_s = 4.9718500000e-09
m_ipeak_source_a = 4.0207156729e-01
m_ipeak_sink_a = 5.7702241558e-01
m_vout_max_v = 3.3036137340e+00
m_vout_min_v = -3.038745662e-03
m_vin_max_v = 2.9700000000e+00
m_vin_min_v = 0.0000000000e+00
m_indrv_max_v = 3.3271882890e+00
m_indrv_min_v = -1.352169799e-02
m_n1_max_v = 3.3671900721e+00
m_n1_min_v = -4.726128156e-02
m_n2_max_v = 3.3531601479e+00
m_n2_min_v = -3.664529477e-02
m_n3_max_v = 3.3458180444e+00
m_n3_min_v = -2.669568637e-02
m_n4_max_v = 3.3446671663e+00
m_n4_min_v = -2.724352408e-02
m_n5_max_v = 3.3459851105e+00
m_n5_min_v = -2.729807202e-02
m_uvlo_lockout_at_in_high = 3.8306380000e-07
m_uvlo_vout_at_in_high_v = 3.3000000000e+00
m_uvlo_vdrv_at_in_high_v = 3.3000000000e+00
Note: Simulation executed from .control section 

Note: vimeas: has no value, DC 0 assumed
