
Note: No compatibility mode selected!


Circuit: * gate-driver-core-drive-with-uvlo @ sf_-40c_vlogic3p30v-vdrv4p15v -- generated by sim/harness, do not edit

Doing analysis at TEMP = -40.000000 and TNOM = 27.000000

Using SPARSE 1.3 as Direct Linear Solver

Initial Transient Solution
--------------------------

Node                                   Voltage
----                                   -------
x1.inb                                     3.3
in                                           0
gnd_logic                                    0
vdd_logic                                  3.3
x1.na                                  2.22852
x1.nb                               3.0779e-10
x1.nca                                    4.15
gnd_drv                            8.96027e-09
x1.ncb                             8.83567e-10
vdd_drv                                   4.15
x1.nbuf1                                  4.15
in_drv                             9.75629e-09
x1.nccomp1                         3.10175e-09
x1.nccomp2                         5.31993e-09
x1.nccomp3                         7.53811e-09
x2.n1                                     4.15
x2.n2                              1.05348e-08
x2.n3                                     4.15
x2.n4                                 1.13e-08
x2.n5                                     4.15
out                                9.49551e-09
x3.nref                               0.905358
x3.ndiv                                0.76077
x3.uvlo_ok                         9.81951e-06
x3.ntail                            0.00701823
x3.ncompp                              3.35502
x3.ncompn                            0.0151253
x3.lockout                                4.15
outcap                             9.49551e-09
vimeas#branch                      1.35525e-20
vin#branch                                   0
vgnd_logic#branch                  8.96028e-06
vsup_drv#branch                   -8.96027e-06
vsup_logic#branch                 -3.29992e-12

 Reference value :  1.00542e-07
 Reference value :  2.88442e-07
 Reference value :  4.50971e-07
 Reference value :  6.45871e-07
No. of Data Rows : 7209
trise10_90          =  8.92706e-10 targ=  2.31880e-08 trig=  2.22952e-08
tfall10_90          =  5.42320e-10 targ=  3.23265e-07 trig=  3.22723e-07
tpdlh               =  2.02369e-09 targ=  2.25237e-08 trig=  2.05000e-08
tpdhl               =  1.39782e-09 targ=  3.22898e-07 trig=  3.21500e-07
lockout_at_in_high  =  4.15000e+00
vout_at_in_high     =  3.07596e-01
vdrv_at_in_high     =  4.15000e+00
m_trise_s = 8.9270640000e-10
m_tfall_s = 5.4231970000e-10
m_tpdlh_s = 2.0236860000e-09
m_tpdhl_s = 1.3978190000e-09
m_ipeak_source_a = 6.1149969538e-01
m_ipeak_sink_a = 7.9407662296e-01
m_vout_max_v = 3.0845471582e-01
m_vout_min_v = -2.259098191e-03
m_vin_max_v = 3.3000000000e+00
m_vin_min_v = 0.0000000000e+00
m_indrv_max_v = 4.2002050687e+00
m_indrv_min_v = -1.176893652e-02
m_n1_max_v = 4.2535706931e+00
m_n1_min_v = -4.928328879e-02
m_n2_max_v = 4.2230679207e+00
m_n2_min_v = -3.498334226e-02
m_n3_max_v = 4.2035770770e+00
m_n3_min_v = -2.797442429e-02
m_n4_max_v = 4.2023638948e+00
m_n4_min_v = -2.827433963e-02
m_n5_max_v = 4.2030491271e+00
m_n5_min_v = -2.829415538e-02
m_uvlo_lockout_at_in_high = 4.1499990000e+00
m_uvlo_vout_at_in_high_v = 3.0759650000e-01
m_uvlo_vdrv_at_in_high_v = 4.1500000000e+00
Note: Simulation executed from .control section 

Note: vimeas: has no value, DC 0 assumed
