
Note: No compatibility mode selected!


Circuit: * gate-driver-core-drive-with-uvlo @ sf_-40c_vlogic2p97v-vdrv3p30v -- generated by sim/harness, do not edit

Doing analysis at TEMP = -40.000000 and TNOM = 27.000000

Using SPARSE 1.3 as Direct Linear Solver

Initial Transient Solution
--------------------------

Node                                   Voltage
----                                   -------
x1.inb                                    2.97
in                                           0
gnd_logic                                    0
vdd_logic                                 2.97
x1.na                                  1.94852
x1.nb                              2.55283e-10
x1.nca                                     3.3
gnd_drv                            6.08563e-09
x1.ncb                             7.63987e-10
vdd_drv                                    3.3
x1.nbuf1                                   3.3
in_drv                             6.85597e-09
x1.nccomp1                         2.28698e-09
x1.nccomp2                         3.80998e-09
x1.nccomp3                         5.33298e-09
x2.n1                                      3.3
x2.n2                              7.60901e-09
x2.n3                                      3.3
x2.n4                              8.35122e-09
x2.n5                                      3.3
out                                 6.6039e-09
x3.nref                               0.891074
x3.ndiv                                0.60495
x3.uvlo_ok                         9.52206e-06
x3.ntail                           7.45055e-05
x3.ncompp                               2.6575
x3.ncompn                          0.000145394
x3.lockout                                 3.3
outcap                              6.6039e-09
vimeas#branch                                0
vin#branch                                   0
vgnd_logic#branch                  6.08564e-06
vsup_drv#branch                   -6.08563e-06
vsup_logic#branch                 -2.97277e-12

 Reference value :  1.10522e-07
 Reference value :  3.02922e-07
 Reference value :  4.63164e-07
 Reference value :  6.54764e-07
No. of Data Rows : 7188
trise10_90          =  1.09959e-09 targ=  2.37973e-08 trig=  2.26978e-08
tfall10_90          =  6.60605e-10 targ=  3.23624e-07 trig=  3.22963e-07
tpdlh               =  2.46777e-09 targ=  2.29678e-08 trig=  2.05000e-08
tpdhl               =  1.67429e-09 targ=  3.23174e-07 trig=  3.21500e-07
lockout_at_in_high  =  3.30000e+00
vout_at_in_high     =  2.43928e-01
vdrv_at_in_high     =  3.30000e+00
m_trise_s = 1.0995890000e-09
m_tfall_s = 6.6060530000e-10
m_tpdlh_s = 2.4677690000e-09
m_tpdhl_s = 1.6742950000e-09
m_ipeak_source_a = 4.0770579272e-01
m_ipeak_sink_a = 5.2579835288e-01
m_vout_max_v = 2.4492598709e-01
m_vout_min_v = -2.167615191e-03
m_vin_max_v = 2.9700000000e+00
m_vin_min_v = 0.0000000000e+00
m_indrv_max_v = 3.3667650581e+00
m_indrv_min_v = -1.643226583e-02
m_n1_max_v = 3.3977126386e+00
m_n1_min_v = -4.895985328e-02
m_n2_max_v = 3.3657989839e+00
m_n2_min_v = -3.379904341e-02
m_n3_max_v = 3.3520177021e+00
m_n3_min_v = -2.677766473e-02
m_n4_max_v = 3.3492500744e+00
m_n4_min_v = -2.796218099e-02
m_n5_max_v = 3.3520138438e+00
m_n5_min_v = -2.857291836e-02
m_uvlo_lockout_at_in_high = 3.3000040000e+00
m_uvlo_vout_at_in_high_v = 2.4392830000e-01
m_uvlo_vdrv_at_in_high_v = 3.3000000000e+00
Note: Simulation executed from .control section 

Note: vimeas: has no value, DC 0 assumed
