
Note: No compatibility mode selected!


Circuit: * gate-driver-core-drive-with-uvlo @ sf_-40c_vlogic3p63v-vdrv5p00v -- generated by sim/harness, do not edit

Doing analysis at TEMP = -40.000000 and TNOM = 27.000000

Using SPARSE 1.3 as Direct Linear Solver

Initial Transient Solution
--------------------------

Node                                   Voltage
----                                   -------
x1.inb                                    3.63
in                                           0
gnd_logic                                    0
vdd_logic                                 3.63
x1.na                                   2.5125
x1.nb                              3.59493e-10
x1.nca                                       5
gnd_drv                            1.62541e-08
x1.ncb                             9.95039e-10
vdd_drv                                      5
x1.nbuf1                                     5
in_drv                             1.70981e-08
x1.nccomp1                          5.0208e-09
x1.nccomp2                         9.04655e-09
x1.nccomp3                         1.30723e-08
x2.n1                                        5
x2.n2                              1.79235e-08
x2.n3                                        5
x2.n4                               1.8734e-08
x2.n5                                        5
out                                1.88843e-08
x3.nref                               0.916951
x3.ndiv                               0.967002
x3.uvlo_ok                             4.99994
x3.ntail                             0.0809352
x3.ncompp                              4.09081
x3.ncompn                              4.97323
x3.lockout                         1.85837e-08
outcap                             1.88843e-08
vimeas#branch                                0
vin#branch                                   0
vgnd_logic#branch                  1.62541e-05
vsup_drv#branch                   -1.62541e-05
vsup_logic#branch                 -3.63417e-12

 Reference value :  9.84163e-08
 Reference value :  2.41216e-07
 Reference value :  3.93317e-07
 Reference value :  5.90317e-07
No. of Data Rows : 7218
trise10_90          =  3.79959e-09 targ=  2.62472e-08 trig=  2.24477e-08
tfall10_90          =  4.78825e-09 targ=  3.28019e-07 trig=  3.23231e-07
tpdlh               =  3.47701e-09 targ=  2.39770e-08 trig=  2.05000e-08
tpdhl               =  3.94602e-09 targ=  3.25446e-07 trig=  3.21500e-07
lockout_at_in_high  =  -9.36306e-08
vout_at_in_high     =  5.00000e+00
vdrv_at_in_high     =  5.00000e+00
m_trise_s = 3.7995890000e-09
m_tfall_s = 4.7882520000e-09
m_tpdlh_s = 3.4770080000e-09
m_tpdhl_s = 3.9460220000e-09
m_ipeak_source_a = 1.3446261172e+00
m_ipeak_sink_a = 9.1459858516e-01
m_vout_max_v = 5.0055474287e+00
m_vout_min_v = -2.739129517e-03
m_vin_max_v = 3.6300000000e+00
m_vin_min_v = 0.0000000000e+00
m_indrv_max_v = 5.0277218248e+00
m_indrv_min_v = -5.669184626e-03
m_n1_max_v = 5.1147241082e+00
m_n1_min_v = -4.949792615e-02
m_n2_max_v = 5.0790699915e+00
m_n2_min_v = -3.711326980e-02
m_n3_max_v = 5.0554337268e+00
m_n3_min_v = -2.884162699e-02
m_n4_max_v = 5.0525314048e+00
m_n4_min_v = -2.898754655e-02
m_n5_max_v = 5.0535201290e+00
m_n5_min_v = -2.786427782e-02
m_uvlo_lockout_at_in_high = -9.363063000e-08
m_uvlo_vout_at_in_high_v = 5.0000000000e+00
m_uvlo_vdrv_at_in_high_v = 5.0000000000e+00
Note: Simulation executed from .control section 

Note: vimeas: has no value, DC 0 assumed
