
Note: No compatibility mode selected!


Circuit: * gate-driver-core-drive-with-uvlo @ sf_125c_vlogic2p97v-vdrv3p30v -- generated by sim/harness, do not edit

Doing analysis at TEMP = 125.000000 and TNOM = 27.000000

Using SPARSE 1.3 as Direct Linear Solver

Initial Transient Solution
--------------------------

Node                                   Voltage
----                                   -------
x1.inb                                    2.97
in                                           0
gnd_logic                                    0
vdd_logic                                 2.97
x1.na                                  2.09495
x1.nb                              9.87138e-10
x1.nca                                     3.3
gnd_drv                            8.38256e-09
x1.ncb                             3.15291e-09
vdd_drv                                    3.3
x1.nbuf1                                   3.3
in_drv                             1.65846e-08
x1.nccomp1                         6.51084e-09
x1.nccomp2                         9.86877e-09
x1.nccomp3                         1.32267e-08
x2.n1                                      3.3
x2.n2                              2.64123e-08
x2.n3                                      3.3
x2.n4                              2.72924e-08
x2.n5                                      3.3
out                                1.27083e-08
x3.nref                                0.72446
x3.ndiv                                0.60495
x3.uvlo_ok                         1.71449e-05
x3.ntail                              0.022897
x3.ncompp                              2.70824
x3.ncompn                            0.0543205
x3.lockout                                 3.3
outcap                             1.27083e-08
vimeas#branch                                0
vin#branch                                   0
vgnd_logic#branch                  8.38316e-06
vsup_drv#branch                   -8.38299e-06
vsup_logic#branch                 -1.72401e-10

 Reference value :  1.25387e-07
 Reference value :  3.18087e-07
 Reference value :  4.80440e-07
 Reference value :  6.74240e-07
No. of Data Rows : 7154
trise10_90          =  1.93610e-09 targ=  2.55899e-08 trig=  2.36538e-08
tfall10_90          =  1.15558e-09 targ=  3.24716e-07 trig=  3.23560e-07
tpdlh               =  3.62141e-09 targ=  2.41214e-08 trig=  2.05000e-08
tpdhl               =  2.41837e-09 targ=  3.23918e-07 trig=  3.21500e-07
lockout_at_in_high  =  3.30001e+00
vout_at_in_high     =  3.12443e-01
vdrv_at_in_high     =  3.30000e+00
m_trise_s = 1.9361030000e-09
m_tfall_s = 1.1555830000e-09
m_tpdlh_s = 3.6214060000e-09
m_tpdhl_s = 2.4183750000e-09
m_ipeak_source_a = 3.0390878458e-01
m_ipeak_sink_a = 3.9198133345e-01
m_vout_max_v = 3.1334185716e-01
m_vout_min_v = -1.824711284e-03
m_vin_max_v = 2.9700000000e+00
m_vin_min_v = 0.0000000000e+00
m_indrv_max_v = 3.3360539286e+00
m_indrv_min_v = -7.620845923e-03
m_n1_max_v = 3.3809040599e+00
m_n1_min_v = -4.023729352e-02
m_n2_max_v = 3.3647573463e+00
m_n2_min_v = -3.107794609e-02
m_n3_max_v = 3.3486109552e+00
m_n3_min_v = -2.505039477e-02
m_n4_max_v = 3.3462855724e+00
m_n4_min_v = -2.496436956e-02
m_n5_max_v = 3.3485462550e+00
m_n5_min_v = -2.524713119e-02
m_uvlo_lockout_at_in_high = 3.3000140000e+00
m_uvlo_vout_at_in_high_v = 3.1244270000e-01
m_uvlo_vdrv_at_in_high_v = 3.3000000000e+00
Note: Simulation executed from .control section 

Note: vimeas: has no value, DC 0 assumed
