
Note: No compatibility mode selected!


Circuit: * gate-driver-core-drive-with-uvlo @ sf_125c_vlogic3p63v-vdrv5p00v -- generated by sim/harness, do not edit

Doing analysis at TEMP = 125.000000 and TNOM = 27.000000

Using SPARSE 1.3 as Direct Linear Solver

Initial Transient Solution
--------------------------

Node                                   Voltage
----                                   -------
x1.inb                                    3.63
in                                           0
gnd_logic                                    0
vdd_logic                                 3.63
x1.na                                  2.64646
x1.nb                              1.26501e-09
x1.nca                                       5
gnd_drv                            1.85886e-08
x1.ncb                             3.87173e-09
vdd_drv                                      5
x1.nbuf1                                     5
in_drv                             2.72064e-08
x1.nccomp1                          9.7054e-09
x1.nccomp2                         1.55391e-08
x1.nccomp3                         2.13728e-08
x2.n1                                        5
x2.n2                              3.75047e-08
x2.n3                                        5
x2.n4                              3.85238e-08
x2.n5                                        5
out                                 3.9732e-08
x3.nref                                0.76018
x3.ndiv                               0.967002
x3.uvlo_ok                              4.9999
x3.ntail                              0.179998
x3.ncompp                              4.24702
x3.ncompn                              4.99558
x3.lockout                         3.85234e-08
outcap                              3.9732e-08
vimeas#branch                                0
vin#branch                                   0
vgnd_logic#branch                  1.85895e-05
vsup_drv#branch                   -1.85892e-05
vsup_logic#branch                 -2.64689e-10

 Reference value :  1.02640e-07
 Reference value :  2.70540e-07
 Reference value :  4.47086e-07
 Reference value :  6.40686e-07
No. of Data Rows : 7186
trise10_90          =  5.51653e-09 targ=  2.87009e-08 trig=  2.31844e-08
tfall10_90          =  6.76482e-09 targ=  3.30598e-07 trig=  3.23833e-07
tpdlh               =  4.74223e-09 targ=  2.52422e-08 trig=  2.05000e-08
tpdhl               =  5.21420e-09 targ=  3.26714e-07 trig=  3.21500e-07
lockout_at_in_high  =  1.98440e-07
vout_at_in_high     =  5.00000e+00
vdrv_at_in_high     =  5.00000e+00
m_trise_s = 5.5165290000e-09
m_tfall_s = 6.7648250000e-09
m_tpdlh_s = 4.7422330000e-09
m_tpdhl_s = 5.2142000000e-09
m_ipeak_source_a = 1.0148749022e+00
m_ipeak_sink_a = 7.1556103108e-01
m_vout_max_v = 5.0048227973e+00
m_vout_min_v = -2.304354246e-03
m_vin_max_v = 3.6300000000e+00
m_vin_min_v = 0.0000000000e+00
m_indrv_max_v = 5.0014497545e+00
m_indrv_min_v = -7.136764811e-04
m_n1_max_v = 5.1013988702e+00
m_n1_min_v = -4.316862530e-02
m_n2_max_v = 5.0797363970e+00
m_n2_min_v = -3.691600280e-02
m_n3_max_v = 5.0528788641e+00
m_n3_min_v = -2.844982446e-02
m_n4_max_v = 5.0516025656e+00
m_n4_min_v = -2.702858310e-02
m_n5_max_v = 5.0516606131e+00
m_n5_min_v = -2.663464507e-02
m_uvlo_lockout_at_in_high = 1.9844010000e-07
m_uvlo_vout_at_in_high_v = 5.0000000000e+00
m_uvlo_vdrv_at_in_high_v = 5.0000000000e+00
Note: Simulation executed from .control section 

Note: vimeas: has no value, DC 0 assumed
