
Note: No compatibility mode selected!


Circuit: * gate-driver-core-drive-with-uvlo @ sf_125c_vlogic3p30v-vdrv4p15v -- generated by sim/harness, do not edit

Doing analysis at TEMP = 125.000000 and TNOM = 27.000000

Using SPARSE 1.3 as Direct Linear Solver

Initial Transient Solution
--------------------------

Node                                   Voltage
----                                   -------
x1.inb                                     3.3
in                                           0
gnd_logic                                    0
vdd_logic                                  3.3
x1.na                                  2.36921
x1.nb                              1.12064e-09
x1.nca                                    4.15
gnd_drv                            1.43121e-08
x1.ncb                             3.49859e-09
vdd_drv                                   4.15
x1.nbuf1                                  4.15
in_drv                             2.24834e-08
x1.nccomp1                         8.24479e-09
x1.nccomp2                          1.2991e-08
x1.nccomp3                         1.77372e-08
x2.n1                                     4.15
x2.n2                              3.22551e-08
x2.n3                                     4.15
x2.n4                              3.32021e-08
x2.n5                                     4.15
out                                3.43469e-08
x3.nref                                0.74413
x3.ndiv                               0.802611
x3.uvlo_ok                              4.1499
x3.ntail                             0.0919521
x3.ncompp                              3.45102
x3.ncompn                               4.1056
x3.lockout                         5.07052e-08
outcap                             3.43469e-08
vimeas#branch                                0
vin#branch                                   0
vgnd_logic#branch                  1.43128e-05
vsup_drv#branch                   -1.43126e-05
vsup_logic#branch                  -2.1195e-10

 Reference value :  1.17286e-07
 Reference value :  3.15686e-07
 Reference value :  4.84459e-07
 Reference value :  6.89459e-07
No. of Data Rows : 7173
trise10_90          =  6.37808e-09 targ=  2.99751e-08 trig=  2.35970e-08
tfall10_90          =  7.52668e-09 targ=  3.31671e-07 trig=  3.24144e-07
tpdlh               =  5.48377e-09 targ=  2.59838e-08 trig=  2.05000e-08
tpdhl               =  5.84136e-09 targ=  3.27341e-07 trig=  3.21500e-07
lockout_at_in_high  =  7.29810e-07
vout_at_in_high     =  4.15000e+00
vdrv_at_in_high     =  4.15000e+00
m_trise_s = 6.3780830000e-09
m_tfall_s = 7.5266770000e-09
m_tpdlh_s = 5.4837670000e-09
m_tpdhl_s = 5.8413570000e-09
m_ipeak_source_a = 7.2804666637e-01
m_ipeak_sink_a = 5.3322501783e-01
m_vout_max_v = 4.1544974472e+00
m_vout_min_v = -2.234958927e-03
m_vin_max_v = 3.3000000000e+00
m_vin_min_v = 0.0000000000e+00
m_indrv_max_v = 4.1709006877e+00
m_indrv_min_v = -1.481203867e-03
m_n1_max_v = 4.2458571437e+00
m_n1_min_v = -4.327587804e-02
m_n2_max_v = 4.2227276109e+00
m_n2_min_v = -3.456613564e-02
m_n3_max_v = 4.2013025611e+00
m_n3_min_v = -2.687755222e-02
m_n4_max_v = 4.1994472101e+00
m_n4_min_v = -2.613981384e-02
m_n5_max_v = 4.2009702786e+00
m_n5_min_v = -2.580387392e-02
m_uvlo_lockout_at_in_high = 7.2980960000e-07
m_uvlo_vout_at_in_high_v = 4.1500010000e+00
m_uvlo_vdrv_at_in_high_v = 4.1500000000e+00
Note: Simulation executed from .control section 

Note: vimeas: has no value, DC 0 assumed
