
Note: No compatibility mode selected!


Circuit: * gate-driver-core-drive-with-uvlo @ sf_27c_vlogic3p30v-vdrv4p15v -- generated by sim/harness, do not edit

Doing analysis at TEMP = 27.000000 and TNOM = 27.000000

Using SPARSE 1.3 as Direct Linear Solver

Initial Transient Solution
--------------------------

Node                                   Voltage
----                                   -------
x1.inb                                     3.3
in                                           0
gnd_logic                                    0
vdd_logic                                  3.3
x1.na                                  2.34975
x1.nb                              3.78361e-10
x1.nca                                    4.15
gnd_drv                             1.1468e-08
x1.ncb                              1.1309e-09
vdd_drv                                   4.15
x1.nbuf1                                  4.15
in_drv                             1.25195e-08
x1.nccomp1                         3.97805e-09
x1.nccomp2                         6.82519e-09
x1.nccomp3                         9.67234e-09
x2.n1                                     4.15
x2.n2                               1.3548e-08
x2.n3                                     4.15
x2.n4                              1.45556e-08
x2.n5                                     4.15
out                                1.21743e-08
x3.nref                               0.838685
x3.ndiv                                0.76077
x3.uvlo_ok                          1.2928e-05
x3.ntail                             0.0314601
x3.ncompp                              3.39528
x3.ncompn                             0.445528
x3.lockout                                4.15
outcap                             1.21743e-08
vimeas#branch                                0
vin#branch                                   0
vgnd_logic#branch                  1.14681e-05
vsup_drv#branch                    -1.1468e-05
vsup_logic#branch                 -3.76459e-12

 Reference value :  1.06735e-07
 Reference value :  3.04335e-07
 Reference value :  4.81989e-07
 Reference value :  6.81589e-07
No. of Data Rows : 7194
trise10_90          =  1.15457e-09 targ=  2.37548e-08 trig=  2.26002e-08
tfall10_90          =  7.00246e-10 targ=  3.23621e-07 trig=  3.22921e-07
tpdlh               =  2.39118e-09 targ=  2.28912e-08 trig=  2.05000e-08
tpdhl               =  1.64339e-09 targ=  3.23143e-07 trig=  3.21500e-07
lockout_at_in_high  =  4.15000e+00
vout_at_in_high     =  3.46427e-01
vdrv_at_in_high     =  4.15000e+00
m_trise_s = 1.1545680000e-09
m_tfall_s = 7.0024610000e-10
m_tpdlh_s = 2.3911810000e-09
m_tpdhl_s = 1.6433850000e-09
m_ipeak_source_a = 5.3715806534e-01
m_ipeak_sink_a = 6.9772428656e-01
m_vout_max_v = 3.4733070535e-01
m_vout_min_v = -2.139978832e-03
m_vin_max_v = 3.3000000000e+00
m_vin_min_v = 0.0000000000e+00
m_indrv_max_v = 4.1893599596e+00
m_indrv_min_v = -7.898726659e-03
m_n1_max_v = 4.2535353782e+00
m_n1_min_v = -4.648451946e-02
m_n2_max_v = 4.2238012531e+00
m_n2_min_v = -3.564596457e-02
m_n3_max_v = 4.2046733199e+00
m_n3_min_v = -2.724486546e-02
m_n4_max_v = 4.2035895169e+00
m_n4_min_v = -2.794933775e-02
m_n5_max_v = 4.2037822968e+00
m_n5_min_v = -2.781003305e-02
m_uvlo_lockout_at_in_high = 4.1500000000e+00
m_uvlo_vout_at_in_high_v = 3.4642700000e-01
m_uvlo_vdrv_at_in_high_v = 4.1500000000e+00
Note: Simulation executed from .control section 

Note: vimeas: has no value, DC 0 assumed
Note: Starting dynamic gmin stepping
Note: Dynamic gmin stepping completed
