
Note: No compatibility mode selected!


Circuit: * gate-driver-core-drive-with-uvlo @ sf_27c_vlogic3p63v-vdrv5p00v -- generated by sim/harness, do not edit

Doing analysis at TEMP = 27.000000 and TNOM = 27.000000

Using SPARSE 1.3 as Direct Linear Solver

Initial Transient Solution
--------------------------

Node                                   Voltage
----                                   -------
x1.inb                                    3.63
in                                           0
gnd_logic                                    0
vdd_logic                                 3.63
x1.na                                  2.63184
x1.nb                              4.38518e-10
x1.nca                                       5
gnd_drv                            1.73181e-08
x1.ncb                             1.27218e-09
vdd_drv                                      5
x1.nbuf1                                     5
in_drv                             1.84406e-08
x1.nccomp1                         5.56428e-09
x1.nccomp2                         9.85637e-09
x1.nccomp3                         1.41485e-08
x2.n1                                        5
x2.n2                              1.95385e-08
x2.n3                                        5
x2.n4                              2.06131e-08
x2.n5                                        5
out                                2.08128e-08
x3.nref                               0.852085
x3.ndiv                               0.967002
x3.uvlo_ok                             4.99992
x3.ntail                              0.119752
x3.ncompp                              4.15118
x3.ncompn                              4.99007
x3.lockout                         2.04092e-08
outcap                             2.08128e-08
vimeas#branch                                0
vin#branch                                   0
vgnd_logic#branch                  1.73181e-05
vsup_drv#branch                   -1.73181e-05
vsup_logic#branch                 -4.23377e-12

 Reference value :  9.46917e-08
 Reference value :  2.45492e-07
 Reference value :  4.13064e-07
 Reference value :  6.20264e-07
No. of Data Rows : 7207
trise10_90          =  4.55143e-09 targ=  2.72988e-08 trig=  2.27474e-08
tfall10_90          =  5.50900e-09 targ=  3.28980e-07 trig=  3.23471e-07
tpdlh               =  4.01084e-09 targ=  2.45108e-08 trig=  2.05000e-08
tpdhl               =  4.42868e-09 targ=  3.25929e-07 trig=  3.21500e-07
lockout_at_in_high  =  -1.25716e-06
vout_at_in_high     =  5.00000e+00
vdrv_at_in_high     =  5.00000e+00
m_trise_s = 4.5514290000e-09
m_tfall_s = 5.5090000000e-09
m_tpdlh_s = 4.0108450000e-09
m_tpdhl_s = 4.4286760000e-09
m_ipeak_source_a = 1.1757611496e+00
m_ipeak_sink_a = 8.3563741622e-01
m_vout_max_v = 5.0051775934e+00
m_vout_min_v = -2.607404939e-03
m_vin_max_v = 3.6300000000e+00
m_vin_min_v = 0.0000000000e+00
m_indrv_max_v = 5.0135803741e+00
m_indrv_min_v = -2.173282574e-03
m_n1_max_v = 5.1079800159e+00
m_n1_min_v = -4.760061949e-02
m_n2_max_v = 5.0797363787e+00
m_n2_min_v = -3.825672586e-02
m_n3_max_v = 5.0554275857e+00
m_n3_min_v = -2.950472894e-02
m_n4_max_v = 5.0541292782e+00
m_n4_min_v = -2.875440244e-02
m_n5_max_v = 5.0540812387e+00
m_n5_min_v = -2.822367725e-02
m_uvlo_lockout_at_in_high = -1.257156000e-06
m_uvlo_vout_at_in_high_v = 4.9999990000e+00
m_uvlo_vdrv_at_in_high_v = 5.0000000000e+00
Note: Simulation executed from .control section 

Note: vimeas: has no value, DC 0 assumed
