
Note: No compatibility mode selected!


Circuit: * gate-driver-core-drive-with-uvlo @ sf_27c_vlogic2p97v-vdrv3p30v -- generated by sim/harness, do not edit

Doing analysis at TEMP = 27.000000 and TNOM = 27.000000

Using SPARSE 1.3 as Direct Linear Solver

Initial Transient Solution
--------------------------

Node                                   Voltage
----                                   -------
x1.inb                                    2.97
in                                           0
gnd_logic                                    0
vdd_logic                                 2.97
x1.na                                  2.07126
x1.nb                              3.16517e-10
x1.nca                                     3.3
gnd_drv                            6.40805e-09
x1.ncb                             9.78653e-10
vdd_drv                                    3.3
x1.nbuf1                                   3.3
in_drv                             7.41703e-09
x1.nccomp1                         2.58825e-09
x1.nccomp2                         4.19784e-09
x1.nccomp3                         5.80744e-09
x2.n1                                      3.3
x2.n2                              8.40351e-09
x2.n3                                      3.3
x2.n4                              9.37256e-09
x2.n5                                      3.3
out                                7.08621e-09
x3.nref                               0.822211
x3.ndiv                                0.60495
x3.uvlo_ok                         1.24288e-05
x3.ntail                            0.00211233
x3.ncompp                              2.66676
x3.ncompn                           0.00408516
x3.lockout                                 3.3
outcap                             7.08621e-09
vimeas#branch                     -1.35525e-20
vin#branch                                   0
vgnd_logic#branch                  6.40806e-06
vsup_drv#branch                   -6.40806e-06
vsup_logic#branch                 -3.32383e-12

 Reference value :  1.29498e-07
 Reference value :  3.16798e-07
 Reference value :  4.75105e-07
 Reference value :  6.69405e-07
No. of Data Rows : 7169
trise10_90          =  1.41075e-09 targ=  2.44975e-08 trig=  2.30868e-08
tfall10_90          =  8.52774e-10 targ=  3.24062e-07 trig=  3.23209e-07
tpdlh               =  2.93128e-09 targ=  2.34313e-08 trig=  2.05000e-08
tpdhl               =  1.97711e-09 targ=  3.23477e-07 trig=  3.21500e-07
lockout_at_in_high  =  3.30000e+00
vout_at_in_high     =  2.70080e-01
vdrv_at_in_high     =  3.30000e+00
m_trise_s = 1.4107510000e-09
m_tfall_s = 8.5277450000e-10
m_tpdlh_s = 2.9312840000e-09
m_tpdhl_s = 1.9771110000e-09
m_ipeak_source_a = 3.5468438288e-01
m_ipeak_sink_a = 4.5402172329e-01
m_vout_max_v = 2.7106096446e-01
m_vout_min_v = -2.073060309e-03
m_vin_max_v = 2.9700000000e+00
m_vin_min_v = 0.0000000000e+00
m_indrv_max_v = 3.3550942407e+00
m_indrv_min_v = -1.415366203e-02
m_n1_max_v = 3.3907862017e+00
m_n1_min_v = -4.552117685e-02
m_n2_max_v = 3.3662289188e+00
m_n2_min_v = -3.277508681e-02
m_n3_max_v = 3.3499936824e+00
m_n3_min_v = -2.700559812e-02
m_n4_max_v = 3.3477244474e+00
m_n4_min_v = -2.691252975e-02
m_n5_max_v = 3.3516372109e+00
m_n5_min_v = -2.729030053e-02
m_uvlo_lockout_at_in_high = 3.3000010000e+00
m_uvlo_vout_at_in_high_v = 2.7007970000e-01
m_uvlo_vdrv_at_in_high_v = 3.3000000000e+00
Note: Simulation executed from .control section 

Note: vimeas: has no value, DC 0 assumed
