
Note: No compatibility mode selected!


Circuit: * gate-driver-core-drive-with-uvlo @ ss_-40c_vlogic2p97v-vdrv3p30v -- generated by sim/harness, do not edit

Doing analysis at TEMP = -40.000000 and TNOM = 27.000000

Using SPARSE 1.3 as Direct Linear Solver

Initial Transient Solution
--------------------------

Node                                   Voltage
----                                   -------
x1.inb                                    2.97
in                                           0
gnd_logic                                    0
vdd_logic                                 2.97
x1.na                                  1.91757
x1.nb                              2.56997e-10
x1.nca                                     3.3
gnd_drv                            6.03726e-09
x1.ncb                             7.83868e-10
vdd_drv                                    3.3
x1.nbuf1                                   3.3
in_drv                              6.8188e-09
x1.nccomp1                          2.2926e-09
x1.nccomp2                         3.80133e-09
x1.nccomp3                         5.31006e-09
x2.n1                                      3.3
x2.n2                              7.57902e-09
x2.n3                                      3.3
x2.n4                              8.35216e-09
x2.n5                                      3.3
out                                6.56681e-09
x3.nref                               0.924056
x3.ndiv                                0.60495
x3.uvlo_ok                         1.00057e-05
x3.ntail                           1.88498e-05
x3.ncompp                              2.48325
x3.ncompn                          3.44553e-05
x3.lockout                                 3.3
outcap                             6.56681e-09
vimeas#branch                                0
vin#branch                                   0
vgnd_logic#branch                  6.03727e-06
vsup_drv#branch                   -6.03726e-06
vsup_logic#branch                 -2.97632e-12

 Reference value :  1.13321e-07
 Reference value :  3.03421e-07
 Reference value :  4.69738e-07
 Reference value :  6.62238e-07
No. of Data Rows : 7188
trise10_90          =  1.02722e-09 targ=  2.44543e-08 trig=  2.34271e-08
tfall10_90          =  7.31363e-10 targ=  3.24210e-07 trig=  3.23479e-07
tpdlh               =  3.19857e-09 targ=  2.36986e-08 trig=  2.05000e-08
tpdhl               =  2.21758e-09 targ=  3.23718e-07 trig=  3.21500e-07
lockout_at_in_high  =  3.30000e+00
vout_at_in_high     =  1.62086e-01
vdrv_at_in_high     =  3.30000e+00
m_trise_s = 1.0272240000e-09
m_tfall_s = 7.3136320000e-10
m_tpdlh_s = 3.1985690000e-09
m_tpdhl_s = 2.2175790000e-09
m_ipeak_source_a = 2.6752313832e-01
m_ipeak_sink_a = 3.1106328013e-01
m_vout_max_v = 1.6323355886e-01
m_vout_min_v = -2.642261253e-03
m_vin_max_v = 2.9700000000e+00
m_vin_min_v = 0.0000000000e+00
m_indrv_max_v = 3.3669781306e+00
m_indrv_min_v = -1.946997887e-02
m_n1_max_v = 3.4006325894e+00
m_n1_min_v = -5.568288729e-02
m_n2_max_v = 3.3654674260e+00
m_n2_min_v = -3.794043487e-02
m_n3_max_v = 3.3544071138e+00
m_n3_min_v = -2.977676374e-02
m_n4_max_v = 3.3550501828e+00
m_n4_min_v = -3.138538272e-02
m_n5_max_v = 3.3571418214e+00
m_n5_min_v = -3.207841622e-02
m_uvlo_lockout_at_in_high = 3.3000030000e+00
m_uvlo_vout_at_in_high_v = 1.6208570000e-01
m_uvlo_vdrv_at_in_high_v = 3.3000000000e+00
Note: Simulation executed from .control section 

Note: vimeas: has no value, DC 0 assumed
