
Note: No compatibility mode selected!


Circuit: * gate-driver-core-drive-with-uvlo @ ss_-40c_vlogic3p63v-vdrv5p00v -- generated by sim/harness, do not edit

Doing analysis at TEMP = -40.000000 and TNOM = 27.000000

Using SPARSE 1.3 as Direct Linear Solver

Initial Transient Solution
--------------------------

Node                                   Voltage
----                                   -------
x1.inb                                    3.63
in                                           0
gnd_logic                                    0
vdd_logic                                 3.63
x1.na                                   2.4775
x1.nb                              3.60132e-10
x1.nca                                       5
gnd_drv                            1.50579e-06
x1.ncb                             1.01487e-09
vdd_drv                                      5
x1.nbuf1                                     5
in_drv                             1.50664e-06
x1.nccomp1                         3.77421e-07
x1.nccomp2                         7.53828e-07
x1.nccomp3                         1.13023e-06
x2.n1                                        5
x2.n2                              1.50747e-06
x2.n3                                        5
x2.n4                               1.5083e-06
x2.n5                                        5
out                                1.50674e-06
x3.nref                               0.950515
x3.ndiv                               0.926901
x3.uvlo_ok                             1.02249
x3.ntail                             0.0461738
x3.ncompp                              3.89173
x3.ncompn                              2.37049
x3.lockout                             2.41497
outcap                             1.50674e-06
vimeas#branch                                0
vin#branch                                   0
vgnd_logic#branch                   0.00150579
vsup_drv#branch                    -0.00150579
vsup_logic#branch                 -3.63062e-12

 Reference value :  9.19580e-08
 Reference value :  2.90258e-07
 Reference value :  4.45533e-07
 Reference value :  6.35633e-07
No. of Data Rows : 7222
trise10_90          =  2.63752e-09 targ=  2.51683e-08 trig=  2.25307e-08
tfall10_90          =  2.75172e-07 targ=  3.23218e-07 trig=  4.80461e-08
tpdlh               =  2.58870e-09 targ=  2.30887e-08 trig=  2.05000e-08
tpdhl               =  -2.14597e-07 targ=  1.06903e-07 trig=  3.21500e-07
lockout_at_in_high  =  4.65941e+00
vout_at_in_high     =  2.91058e-01
vdrv_at_in_high     =  5.00000e+00
m_trise_s = 2.6375240000e-09
m_tfall_s = 2.7517240000e-07
m_tpdlh_s = 2.5887030000e-09
m_tpdhl_s = -2.145974000e-07
m_ipeak_source_a = 7.4074593361e-01
m_ipeak_sink_a = 7.4125189071e-01
m_vout_max_v = 7.5999849058e-01
m_vout_min_v = -3.143053287e-03
m_vin_max_v = 3.6300000000e+00
m_vin_min_v = 0.0000000000e+00
m_indrv_max_v = 5.0390636498e+00
m_indrv_min_v = -1.188196097e-02
m_n1_max_v = 5.1148431938e+00
m_n1_min_v = -5.544215062e-02
m_n2_max_v = 5.0788289244e+00
m_n2_min_v = -4.106345486e-02
m_n3_max_v = 5.0617250951e+00
m_n3_min_v = -3.043883898e-02
m_n4_max_v = 5.0599662695e+00
m_n4_min_v = -3.161337795e-02
m_n5_max_v = 5.0604538220e+00
m_n5_min_v = -3.168706196e-02
m_uvlo_lockout_at_in_high = 4.6594090000e+00
m_uvlo_vout_at_in_high_v = 2.9105840000e-01
m_uvlo_vdrv_at_in_high_v = 5.0000000000e+00
Note: Simulation executed from .control section 

Note: vimeas: has no value, DC 0 assumed
