
Note: No compatibility mode selected!


Circuit: * gate-driver-core-drive-with-uvlo @ ss_-40c_vlogic3p30v-vdrv4p15v -- generated by sim/harness, do not edit

Doing analysis at TEMP = -40.000000 and TNOM = 27.000000

Using SPARSE 1.3 as Direct Linear Solver

Initial Transient Solution
--------------------------

Node                                   Voltage
----                                   -------
x1.inb                                     3.3
in                                           0
gnd_logic                                    0
vdd_logic                                  3.3
x1.na                                  2.19558
x1.nb                              3.09005e-10
x1.nca                                    4.15
gnd_drv                            8.21474e-09
x1.ncb                             9.03581e-10
vdd_drv                                   4.15
x1.nbuf1                                  4.15
in_drv                             9.01791e-09
x1.nccomp1                         2.93216e-09
x1.nccomp2                         4.96075e-09
x1.nccomp3                         6.98933e-09
x2.n1                                     4.15
x2.n2                              9.79957e-09
x2.n3                                     4.15
x2.n4                              1.05924e-08
x2.n5                                     4.15
out                                8.75865e-09
x3.nref                               0.938667
x3.ndiv                                0.76077
x3.uvlo_ok                         1.02632e-05
x3.ntail                            0.00219244
x3.ncompp                               3.1657
x3.ncompn                           0.00412348
x3.lockout                                4.15
outcap                             8.75865e-09
vimeas#branch                                0
vin#branch                                   0
vgnd_logic#branch                  8.21475e-06
vsup_drv#branch                   -8.21474e-06
vsup_logic#branch                 -3.29281e-12

 Reference value :  1.06278e-07
 Reference value :  2.86378e-07
 Reference value :  4.32663e-07
 Reference value :  6.19163e-07
No. of Data Rows : 7208
trise10_90          =  8.45216e-10 targ=  2.36284e-08 trig=  2.27832e-08
tfall10_90          =  5.89113e-10 targ=  3.23687e-07 trig=  3.23098e-07
tpdlh               =  2.51235e-09 targ=  2.30123e-08 trig=  2.05000e-08
tpdhl               =  1.79394e-09 targ=  3.23294e-07 trig=  3.21500e-07
lockout_at_in_high  =  4.15000e+00
vout_at_in_high     =  2.17680e-01
vdrv_at_in_high     =  4.15000e+00
m_trise_s = 8.4521610000e-10
m_tfall_s = 5.8911290000e-10
m_tpdlh_s = 2.5123460000e-09
m_tpdhl_s = 1.7939390000e-09
m_ipeak_source_a = 4.2535944048e-01
m_ipeak_sink_a = 5.0739038927e-01
m_vout_max_v = 2.1868317009e-01
m_vout_min_v = -2.759145577e-03
m_vin_max_v = 3.3000000000e+00
m_vin_min_v = 0.0000000000e+00
m_indrv_max_v = 4.2105247712e+00
m_indrv_min_v = -1.530078127e-02
m_n1_max_v = 4.2615747538e+00
m_n1_min_v = -5.605976986e-02
m_n2_max_v = 4.2226448104e+00
m_n2_min_v = -3.936213454e-02
m_n3_max_v = 4.2084676196e+00
m_n3_min_v = -3.003925295e-02
m_n4_max_v = 4.2089896058e+00
m_n4_min_v = -3.107674297e-02
m_n5_max_v = 4.2093868993e+00
m_n5_min_v = -3.143619683e-02
m_uvlo_lockout_at_in_high = 4.1499970000e+00
m_uvlo_vout_at_in_high_v = 2.1768000000e-01
m_uvlo_vdrv_at_in_high_v = 4.1500000000e+00
Note: Simulation executed from .control section 

Note: vimeas: has no value, DC 0 assumed
