
Note: No compatibility mode selected!


Circuit: * gate-driver-core-drive-with-uvlo @ ss_125c_vlogic3p30v-vdrv4p15v -- generated by sim/harness, do not edit

Doing analysis at TEMP = 125.000000 and TNOM = 27.000000

Using SPARSE 1.3 as Direct Linear Solver

Initial Transient Solution
--------------------------

Node                                   Voltage
----                                   -------
x1.inb                                     3.3
in                                           0
gnd_logic                                    0
vdd_logic                                  3.3
x1.na                                  2.35416
x1.nb                              5.27033e-10
x1.nca                                    4.15
gnd_drv                            1.39134e-08
x1.ncb                             1.67458e-09
vdd_drv                                   4.15
x1.nbuf1                                  4.15
in_drv                             1.57532e-08
x1.nccomp1                         5.19423e-09
x1.nccomp2                         8.71389e-09
x1.nccomp3                         1.22335e-08
x2.n1                                     4.15
x2.n2                              1.76384e-08
x2.n3                                     4.15
x2.n4                              1.90786e-08
x2.n5                                     4.15
out                                1.93916e-08
x3.nref                               0.777353
x3.ndiv                               0.802611
x3.uvlo_ok                             4.14986
x3.ntail                             0.0765644
x3.ncompp                              3.22734
x3.ncompn                              4.04605
x3.lockout                         2.01574e-08
outcap                             1.93916e-08
vimeas#branch                                0
vin#branch                                   0
vgnd_logic#branch                  1.39138e-05
vsup_drv#branch                   -1.39137e-05
vsup_logic#branch                 -1.27475e-10

 Reference value :  9.84225e-08
 Reference value :  2.36023e-07
 Reference value :  3.97052e-07
 Reference value :  5.79252e-07
No. of Data Rows : 7167
trise10_90          =  9.09254e-09 targ=  3.37199e-08 trig=  2.46274e-08
tfall10_90          =  7.97580e-09 targ=  3.32805e-07 trig=  3.24829e-07
tpdlh               =  7.61589e-09 targ=  2.81159e-08 trig=  2.05000e-08
tpdhl               =  6.72530e-09 targ=  3.28225e-07 trig=  3.21500e-07
lockout_at_in_high  =  -1.89349e-07
vout_at_in_high     =  4.15000e+00
vdrv_at_in_high     =  4.15000e+00
m_trise_s = 9.0925390000e-09
m_tfall_s = 7.9758000000e-09
m_tpdlh_s = 7.6158850000e-09
m_tpdhl_s = 6.7253050000e-09
m_ipeak_source_a = 4.9495511660e-01
m_ipeak_sink_a = 5.0055119384e-01
m_vout_max_v = 4.1547828521e+00
m_vout_min_v = -3.104557951e-03
m_vin_max_v = 3.3000000000e+00
m_vin_min_v = 0.0000000000e+00
m_indrv_max_v = 4.1723950938e+00
m_indrv_min_v = -8.391355975e-03
m_n1_max_v = 4.2480303555e+00
m_n1_min_v = -5.144627204e-02
m_n2_max_v = 4.2209796526e+00
m_n2_min_v = -4.034013641e-02
m_n3_max_v = 4.2073132097e+00
m_n3_min_v = -3.060239041e-02
m_n4_max_v = 4.2047333854e+00
m_n4_min_v = -3.055799289e-02
m_n5_max_v = 4.2061931733e+00
m_n5_min_v = -3.006435500e-02
m_uvlo_lockout_at_in_high = -1.893486000e-07
m_uvlo_vout_at_in_high_v = 4.1500000000e+00
m_uvlo_vdrv_at_in_high_v = 4.1500000000e+00
Note: Simulation executed from .control section 

Note: vimeas: has no value, DC 0 assumed
