
Note: No compatibility mode selected!


Circuit: * gate-driver-core-drive-with-uvlo @ ss_27c_vlogic3p63v-vdrv5p00v -- generated by sim/harness, do not edit

Doing analysis at TEMP = 27.000000 and TNOM = 27.000000

Using SPARSE 1.3 as Direct Linear Solver

Initial Transient Solution
--------------------------

Node                                   Voltage
----                                   -------
x1.inb                                    3.63
in                                           0
gnd_logic                                    0
vdd_logic                                 3.63
x1.na                                  2.59936
x1.nb                              4.40638e-10
x1.nca                                       5
gnd_drv                            1.70846e-08
x1.ncb                             1.30167e-09
vdd_drv                                      5
x1.nbuf1                                     5
in_drv                              1.8213e-08
x1.nccomp1                         5.52951e-09
x1.nccomp2                         9.75736e-09
x1.nccomp3                         1.39852e-08
x2.n1                                        5
x2.n2                              1.93105e-08
x2.n3                                        5
x2.n4                              2.04235e-08
x2.n5                                        5
out                                2.06259e-08
x3.nref                               0.885627
x3.ndiv                               0.967002
x3.uvlo_ok                             4.99989
x3.ntail                             0.0975437
x3.ncompp                              3.91951
x3.ncompn                              4.97668
x3.lockout                         2.02238e-08
outcap                             2.06259e-08
vimeas#branch                     -5.42101e-20
vin#branch                                   0
vgnd_logic#branch                  1.70846e-05
vsup_drv#branch                   -1.70846e-05
vsup_logic#branch                 -3.93535e-12

 Reference value :  1.03308e-07
 Reference value :  2.82708e-07
 Reference value :  4.24903e-07
 Reference value :  6.11003e-07
No. of Data Rows : 7209
trise10_90          =  6.20085e-09 targ=  2.95728e-08 trig=  2.33719e-08
tfall10_90          =  5.83918e-09 targ=  3.29766e-07 trig=  3.23927e-07
tpdlh               =  5.31042e-09 targ=  2.58104e-08 trig=  2.05000e-08
tpdhl               =  5.04190e-09 targ=  3.26542e-07 trig=  3.21500e-07
lockout_at_in_high  =  -2.81483e-06
vout_at_in_high     =  5.00000e+00
vdrv_at_in_high     =  5.00000e+00
m_trise_s = 6.2008460000e-09
m_tfall_s = 5.8391790000e-09
m_tpdlh_s = 5.3104220000e-09
m_tpdhl_s = 5.0418960000e-09
m_ipeak_source_a = 8.5330389654e-01
m_ipeak_sink_a = 7.7679034769e-01
m_vout_max_v = 5.0056108807e+00
m_vout_min_v = -3.476759935e-03
m_vin_max_v = 3.6300000000e+00
m_vin_min_v = 0.0000000000e+00
m_indrv_max_v = 5.0162497204e+00
m_indrv_min_v = -8.346309188e-03
m_n1_max_v = 5.1147198808e+00
m_n1_min_v = -5.596724062e-02
m_n2_max_v = 5.0789724116e+00
m_n2_min_v = -4.307890856e-02
m_n3_max_v = 5.0621017486e+00
m_n3_min_v = -3.261080012e-02
m_n4_max_v = 5.0606880881e+00
m_n4_min_v = -3.221911010e-02
m_n5_max_v = 5.0608143578e+00
m_n5_min_v = -3.172009749e-02
m_uvlo_lockout_at_in_high = -2.814828000e-06
m_uvlo_vout_at_in_high_v = 4.9999970000e+00
m_uvlo_vdrv_at_in_high_v = 5.0000000000e+00
Note: Simulation executed from .control section 

Note: vimeas: has no value, DC 0 assumed
