
Note: No compatibility mode selected!


Circuit: * gate-driver-core-drive-with-uvlo @ ss_27c_vlogic3p30v-vdrv4p15v -- generated by sim/harness, do not edit

Doing analysis at TEMP = 27.000000 and TNOM = 27.000000

Using SPARSE 1.3 as Direct Linear Solver

Initial Transient Solution
--------------------------

Node                                   Voltage
----                                   -------
x1.inb                                     3.3
in                                           0
gnd_logic                                    0
vdd_logic                                  3.3
x1.na                                   2.3191
x1.nb                              3.81055e-10
x1.nca                                    4.15
gnd_drv                            1.00784e-08
x1.ncb                             1.16015e-09
vdd_drv                                   4.15
x1.nbuf1                                  4.15
in_drv                             1.11397e-08
x1.nccomp1                         3.65503e-09
x1.nccomp2                         6.14992e-09
x1.nccomp3                         8.64481e-09
x2.n1                                     4.15
x2.n2                              1.21719e-08
x2.n3                                     4.15
x2.n4                              1.32197e-08
x2.n5                                     4.15
out                                 1.0797e-08
x3.nref                               0.871942
x3.ndiv                                0.76077
x3.uvlo_ok                         1.35583e-05
x3.ntail                             0.0167287
x3.ncompp                              3.18312
x3.ncompn                            0.0361787
x3.lockout                                4.15
outcap                              1.0797e-08
vimeas#branch                                0
vin#branch                                   0
vgnd_logic#branch                  1.00784e-05
vsup_drv#branch                   -1.00784e-05
vsup_logic#branch                 -3.53722e-12

 Reference value :  9.94609e-08
 Reference value :  2.80761e-07
 Reference value :  4.40970e-07
 Reference value :  6.21670e-07
No. of Data Rows : 7188
trise10_90          =  1.09211e-09 targ=  2.42895e-08 trig=  2.31974e-08
tfall10_90          =  7.64083e-10 targ=  3.24129e-07 trig=  3.23365e-07
tpdlh               =  2.99036e-09 targ=  2.34904e-08 trig=  2.05000e-08
tpdhl               =  2.11366e-09 targ=  3.23614e-07 trig=  3.21500e-07
lockout_at_in_high  =  4.15000e+00
vout_at_in_high     =  2.41173e-01
vdrv_at_in_high     =  4.15000e+00
m_trise_s = 1.0921060000e-09
m_tfall_s = 7.6408320000e-10
m_tpdlh_s = 2.9903640000e-09
m_tpdhl_s = 2.1136620000e-09
m_ipeak_source_a = 3.6734360195e-01
m_ipeak_sink_a = 4.3698562037e-01
m_vout_max_v = 2.4222120448e-01
m_vout_min_v = -2.689294296e-03
m_vin_max_v = 3.3000000000e+00
m_vin_min_v = 0.0000000000e+00
m_indrv_max_v = 4.1959487992e+00
m_indrv_min_v = -1.312268407e-02
m_n1_max_v = 4.2523273453e+00
m_n1_min_v = -5.427867221e-02
m_n2_max_v = 4.2223377680e+00
m_n2_min_v = -4.032914144e-02
m_n3_max_v = 4.2097134945e+00
m_n3_min_v = -3.076559738e-02
m_n4_max_v = 4.2084724992e+00
m_n4_min_v = -3.140384388e-02
m_n5_max_v = 4.2091641651e+00
m_n5_min_v = -3.177779199e-02
m_uvlo_lockout_at_in_high = 4.1500030000e+00
m_uvlo_vout_at_in_high_v = 2.4117300000e-01
m_uvlo_vdrv_at_in_high_v = 4.1500000000e+00
Note: Simulation executed from .control section 

Note: vimeas: has no value, DC 0 assumed
