
Note: No compatibility mode selected!


Circuit: * gate-driver-core-drive-with-uvlo @ ss_27c_vlogic2p97v-vdrv3p30v -- generated by sim/harness, do not edit

Doing analysis at TEMP = 27.000000 and TNOM = 27.000000

Using SPARSE 1.3 as Direct Linear Solver

Initial Transient Solution
--------------------------

Node                                   Voltage
----                                   -------
x1.inb                                    2.97
in                                           0
gnd_logic                                    0
vdd_logic                                 2.97
x1.na                                  2.04251
x1.nb                              3.19659e-10
x1.nca                                     3.3
gnd_drv                            6.20997e-09
x1.ncb                             1.00712e-09
vdd_drv                                    3.3
x1.nbuf1                                   3.3
in_drv                             7.23396e-09
x1.nccomp1                         2.56383e-09
x1.nccomp2                         4.12054e-09
x1.nccomp3                         5.67725e-09
x2.n1                                      3.3
x2.n2                              8.22935e-09
x2.n3                                      3.3
x2.n4                              9.24241e-09
x2.n5                                      3.3
out                                6.90366e-09
x3.nref                               0.855102
x3.ndiv                                0.60495
x3.uvlo_ok                         1.31052e-05
x3.ntail                            0.00076194
x3.ncompp                               2.4824
x3.ncompn                           0.00137593
x3.lockout                                 3.3
outcap                             6.90366e-09
vimeas#branch                      1.35525e-20
vin#branch                                   0
vgnd_logic#branch                  6.20998e-06
vsup_drv#branch                   -6.20997e-06
vsup_logic#branch                 -3.15685e-12

 Reference value :  9.80043e-08
 Reference value :  2.80604e-07
 Reference value :  4.46459e-07
 Reference value :  6.30259e-07
No. of Data Rows : 7169
trise10_90          =  1.31955e-09 targ=  2.52960e-08 trig=  2.39765e-08
tfall10_90          =  9.38165e-10 targ=  3.24757e-07 trig=  3.23819e-07
tpdlh               =  3.82388e-09 targ=  2.43239e-08 trig=  2.05000e-08
tpdhl               =  2.62290e-09 targ=  3.24123e-07 trig=  3.21500e-07
lockout_at_in_high  =  3.30001e+00
vout_at_in_high     =  1.77475e-01
vdrv_at_in_high     =  3.30000e+00
m_trise_s = 1.3195460000e-09
m_tfall_s = 9.3816490000e-10
m_tpdlh_s = 3.8238830000e-09
m_tpdhl_s = 2.6228990000e-09
m_ipeak_source_a = 2.2896768333e-01
m_ipeak_sink_a = 2.6551912669e-01
m_vout_max_v = 1.7860882044e-01
m_vout_min_v = -2.555900053e-03
m_vin_max_v = 2.9700000000e+00
m_vin_min_v = 0.0000000000e+00
m_indrv_max_v = 3.3625925886e+00
m_indrv_min_v = -1.872361539e-02
m_n1_max_v = 3.3920262662e+00
m_n1_min_v = -5.280626090e-02
m_n2_max_v = 3.3649793946e+00
m_n2_min_v = -3.758486089e-02
m_n3_max_v = 3.3559375765e+00
m_n3_min_v = -3.028268601e-02
m_n4_max_v = 3.3535869641e+00
m_n4_min_v = -3.098007609e-02
m_n5_max_v = 3.3565322489e+00
m_n5_min_v = -3.127910130e-02
m_uvlo_lockout_at_in_high = 3.3000120000e+00
m_uvlo_vout_at_in_high_v = 1.7747520000e-01
m_uvlo_vdrv_at_in_high_v = 3.3000000000e+00
Note: Simulation executed from .control section 

Note: vimeas: has no value, DC 0 assumed
