
Note: No compatibility mode selected!


Circuit: * gate-driver-core-drive-with-uvlo @ tt_-40c_vlogic3p63v-vdrv5p00v -- generated by sim/harness, do not edit

Doing analysis at TEMP = -40.000000 and TNOM = 27.000000

Using SPARSE 1.3 as Direct Linear Solver

Initial Transient Solution
--------------------------

Node                                   Voltage
----                                   -------
x1.inb                                    3.63
in                                           0
gnd_logic                                    0
vdd_logic                                 3.63
x1.na                                  2.60681
x1.nb                              3.42113e-10
x1.nca                                       5
gnd_drv                            1.68838e-08
x1.ncb                             9.06886e-10
vdd_drv                                      5
x1.nbuf1                                     5
in_drv                             1.76419e-08
x1.nccomp1                         5.09064e-09
x1.nccomp2                          9.2744e-09
x1.nccomp3                         1.34582e-08
x2.n1                                        5
x2.n2                              1.83781e-08
x2.n3                                        5
x2.n4                              1.91149e-08
x2.n5                                        5
out                                1.92502e-08
x3.nref                                0.82069
x3.ndiv                               0.967002
x3.uvlo_ok                             4.99993
x3.ntail                               0.14151
x3.ncompp                              3.97602
x3.ncompn                              4.99835
x3.lockout                         1.89681e-08
outcap                             1.92502e-08
vimeas#branch                      2.71051e-20
vin#branch                                   0
vgnd_logic#branch                  1.68838e-05
vsup_drv#branch                   -1.68838e-05
vsup_logic#branch                 -3.64128e-12

 Reference value :  1.08259e-07
 Reference value :  2.86359e-07
 Reference value :  4.35223e-07
 Reference value :  6.15723e-07
No. of Data Rows : 7220
trise10_90          =  4.22551e-09 targ=  2.66591e-08 trig=  2.24336e-08
tfall10_90          =  4.15144e-09 targ=  3.27322e-07 trig=  3.23171e-07
tpdlh               =  3.64210e-09 targ=  2.41421e-08 trig=  2.05000e-08
tpdhl               =  3.57131e-09 targ=  3.25071e-07 trig=  3.21500e-07
lockout_at_in_high  =  -1.44732e-07
vout_at_in_high     =  5.00000e+00
vdrv_at_in_high     =  5.00000e+00
m_trise_s = 4.2255100000e-09
m_tfall_s = 4.1514390000e-09
m_tpdlh_s = 3.6421040000e-09
m_tpdhl_s = 3.5713140000e-09
m_ipeak_source_a = 1.2063235145e+00
m_ipeak_sink_a = 1.0733031190e+00
m_vout_max_v = 5.0049836587e+00
m_vout_min_v = -3.009437832e-03
m_vin_max_v = 3.6300000000e+00
m_vin_min_v = 0.0000000000e+00
m_indrv_max_v = 5.0112182433e+00
m_indrv_min_v = -5.037193237e-03
m_n1_max_v = 5.1050532021e+00
m_n1_min_v = -5.035752187e-02
m_n2_max_v = 5.0728930831e+00
m_n2_min_v = -3.936432651e-02
m_n3_max_v = 5.0555946109e+00
m_n3_min_v = -2.904599175e-02
m_n4_max_v = 5.0531256488e+00
m_n4_min_v = -2.922734274e-02
m_n5_max_v = 5.0529996163e+00
m_n5_min_v = -2.931298159e-02
m_uvlo_lockout_at_in_high = -1.447317000e-07
m_uvlo_vout_at_in_high_v = 5.0000000000e+00
m_uvlo_vdrv_at_in_high_v = 5.0000000000e+00
Note: Simulation executed from .control section 

Note: vimeas: has no value, DC 0 assumed
