
Note: No compatibility mode selected!


Circuit: * gate-driver-core-drive-with-uvlo @ tt_-40c_vlogic3p30v-vdrv4p15v -- generated by sim/harness, do not edit

Doing analysis at TEMP = -40.000000 and TNOM = 27.000000

Using SPARSE 1.3 as Direct Linear Solver

Initial Transient Solution
--------------------------

Node                                   Voltage
----                                   -------
x1.inb                                     3.3
in                                           0
gnd_logic                                    0
vdd_logic                                  3.3
x1.na                                  2.31824
x1.nb                              2.91802e-10
x1.nca                                    4.15
gnd_drv                             8.0557e-08
x1.ncb                             8.00175e-10
vdd_drv                                   4.15
x1.nbuf1                                  4.15
in_drv                             8.12644e-08
x1.nccomp1                         2.09162e-08
x1.nccomp2                         4.10323e-08
x1.nccomp3                         6.11484e-08
x2.n1                                     4.15
x2.n2                              8.19515e-08
x2.n3                                     4.15
x2.n4                              8.26398e-08
x2.n5                                     4.15
out                                 8.2766e-08
x3.nref                               0.809742
x3.ndiv                               0.802612
x3.uvlo_ok                             4.14993
x3.ntail                             0.0536372
x3.ncompp                              3.18695
x3.ncompn                              2.82227
x3.lockout                           0.0361876
outcap                              8.2766e-08
vimeas#branch                                0
vin#branch                                   0
vgnd_logic#branch                   8.0557e-05
vsup_drv#branch                    -8.0557e-05
vsup_logic#branch                 -3.31413e-12

 Reference value :  9.94663e-08
 Reference value :  2.91266e-07
 Reference value :  4.42834e-07
 Reference value :  6.21234e-07
No. of Data Rows : 7203
trise10_90          =  4.83884e-09 targ=  2.75515e-08 trig=  2.27127e-08
tfall10_90          =  4.57367e-09 targ=  3.27947e-07 trig=  3.23373e-07
tpdlh               =  4.17547e-09 targ=  2.46755e-08 trig=  2.05000e-08
tpdhl               =  3.95609e-09 targ=  3.25456e-07 trig=  3.21500e-07
lockout_at_in_high  =  3.62417e-02
vout_at_in_high     =  4.15000e+00
vdrv_at_in_high     =  4.15000e+00
m_trise_s = 4.8388420000e-09
m_tfall_s = 4.5736740000e-09
m_tpdlh_s = 4.1754700000e-09
m_tpdhl_s = 3.9560900000e-09
m_ipeak_source_a = 8.7342641068e-01
m_ipeak_sink_a = 8.1462071661e-01
m_vout_max_v = 4.1546276706e+00
m_vout_min_v = -2.978059977e-03
m_vin_max_v = 3.3000000000e+00
m_vin_min_v = 0.0000000000e+00
m_indrv_max_v = 4.1893064725e+00
m_indrv_min_v = -1.041694299e-02
m_n1_max_v = 4.2499624481e+00
m_n1_min_v = -4.953123866e-02
m_n2_max_v = 4.2166872782e+00
m_n2_min_v = -3.715729766e-02
m_n3_max_v = 4.2027657441e+00
m_n3_min_v = -2.911245143e-02
m_n4_max_v = 4.2019957229e+00
m_n4_min_v = -2.883709249e-02
m_n5_max_v = 4.2028273872e+00
m_n5_min_v = -2.857757905e-02
m_uvlo_lockout_at_in_high = 3.6241690000e-02
m_uvlo_vout_at_in_high_v = 4.1499990000e+00
m_uvlo_vdrv_at_in_high_v = 4.1500000000e+00
Note: Simulation executed from .control section 

Note: vimeas: has no value, DC 0 assumed
