
Note: No compatibility mode selected!


Circuit: * gate-driver-core-drive-with-uvlo @ tt_-40c_vlogic2p97v-vdrv3p30v -- generated by sim/harness, do not edit

Doing analysis at TEMP = -40.000000 and TNOM = 27.000000

Using SPARSE 1.3 as Direct Linear Solver

Initial Transient Solution
--------------------------

Node                                   Voltage
----                                   -------
x1.inb                                    2.97
in                                           0
gnd_logic                                    0
vdd_logic                                 2.97
x1.na                                  2.03372
x1.nb                              2.40845e-10
x1.nca                                     3.3
gnd_drv                            6.34323e-09
x1.ncb                             6.86507e-10
vdd_drv                                    3.3
x1.nbuf1                                   3.3
in_drv                             7.01785e-09
x1.nccomp1                         2.26934e-09
x1.nccomp2                         3.85218e-09
x1.nccomp3                         5.43502e-09
x2.n1                                      3.3
x2.n2                              7.67273e-09
x2.n3                                      3.3
x2.n4                               8.3305e-09
x2.n5                                      3.3
out                                6.79783e-09
x3.nref                               0.796304
x3.ndiv                                0.60495
x3.uvlo_ok                         8.45154e-06
x3.ntail                            0.00114904
x3.ncompp                              2.47986
x3.ncompn                           0.00219072
x3.lockout                                 3.3
outcap                             6.79783e-09
vimeas#branch                                0
vin#branch                                   0
vgnd_logic#branch                  6.34324e-06
vsup_drv#branch                   -6.34323e-06
vsup_logic#branch                 -2.97632e-12

 Reference value :  1.00256e-07
 Reference value :  2.82456e-07
 Reference value :  4.40186e-07
 Reference value :  6.24486e-07
No. of Data Rows : 7197
trise10_90          =  8.53034e-10 targ=  2.35129e-08 trig=  2.26599e-08
tfall10_90          =  5.97948e-10 targ=  3.23580e-07 trig=  3.22982e-07
tpdlh               =  2.38499e-09 targ=  2.28850e-08 trig=  2.05000e-08
tpdhl               =  1.67480e-09 targ=  3.23175e-07 trig=  3.21500e-07
lockout_at_in_high  =  3.30000e+00
vout_at_in_high     =  1.77214e-01
vdrv_at_in_high     =  3.30000e+00
m_trise_s = 8.5303400000e-10
m_tfall_s = 5.9794780000e-10
m_tpdlh_s = 2.3849910000e-09
m_tpdhl_s = 1.6747990000e-09
m_ipeak_source_a = 3.5250533557e-01
m_ipeak_sink_a = 4.1475839280e-01
m_vout_max_v = 1.7814197310e-01
m_vout_min_v = -2.304663761e-03
m_vin_max_v = 2.9700000000e+00
m_vin_min_v = 0.0000000000e+00
m_indrv_max_v = 3.3543251515e+00
m_indrv_min_v = -1.423310298e-02
m_n1_max_v = 3.3899049008e+00
m_n1_min_v = -4.879464833e-02
m_n2_max_v = 3.3603664052e+00
m_n2_min_v = -3.539260249e-02
m_n3_max_v = 3.3478187549e+00
m_n3_min_v = -2.811981266e-02
m_n4_max_v = 3.3477939949e+00
m_n4_min_v = -2.837572146e-02
m_n5_max_v = 3.3505178551e+00
m_n5_min_v = -2.897285654e-02
m_uvlo_lockout_at_in_high = 3.3000000000e+00
m_uvlo_vout_at_in_high_v = 1.7721440000e-01
m_uvlo_vdrv_at_in_high_v = 3.3000000000e+00
Note: Simulation executed from .control section 

Note: vimeas: has no value, DC 0 assumed
