
Note: No compatibility mode selected!


Circuit: * gate-driver-core-drive-with-uvlo @ tt_125c_vlogic3p30v-vdrv4p15v -- generated by sim/harness, do not edit

Doing analysis at TEMP = 125.000000 and TNOM = 27.000000

Using SPARSE 1.3 as Direct Linear Solver

Initial Transient Solution
--------------------------

Node                                   Voltage
----                                   -------
x1.inb                                     3.3
in                                           0
gnd_logic                                    0
vdd_logic                                  3.3
x1.na                                  2.39956
x1.nb                              5.81196e-10
x1.nca                                 4.14999
gnd_drv                            1.50892e-08
x1.ncb                             1.72664e-09
vdd_drv                                   4.15
x1.nbuf1                                  4.15
in_drv                             1.76281e-08
x1.nccomp1                         5.70201e-09
x1.nccomp2                         9.67737e-09
x1.nccomp3                         1.36527e-08
x2.n1                                     4.15
x2.n2                              2.04317e-08
x2.n3                                     4.15
x2.n4                              2.15853e-08
x2.n5                                     4.15
out                                 2.1979e-08
x3.nref                               0.648734
x3.ndiv                               0.802611
x3.uvlo_ok                             4.14989
x3.ntail                              0.145322
x3.ncompp                              3.32318
x3.ncompn                              4.14052
x3.lockout                          2.1588e-08
outcap                              2.1979e-08
vimeas#branch                                0
vin#branch                                   0
vgnd_logic#branch                  1.50929e-05
vsup_drv#branch                   -1.50918e-05
vsup_logic#branch                 -1.14093e-09

 Reference value :  1.02053e-07
 Reference value :  2.82653e-07
 Reference value :  4.20520e-07
 Reference value :  6.01920e-07
No. of Data Rows : 7175
trise10_90          =  7.25424e-09 targ=  3.09101e-08 trig=  2.36559e-08
tfall10_90          =  6.57136e-09 targ=  3.30650e-07 trig=  3.24079e-07
tpdlh               =  5.89654e-09 targ=  2.63965e-08 trig=  2.05000e-08
tpdhl               =  5.35086e-09 targ=  3.26851e-07 trig=  3.21500e-07
lockout_at_in_high  =  9.15690e-08
vout_at_in_high     =  4.15000e+00
vdrv_at_in_high     =  4.15000e+00
m_trise_s = 7.2542370000e-09
m_tfall_s = 6.5713610000e-09
m_tpdlh_s = 5.8965400000e-09
m_tpdhl_s = 5.3508610000e-09
m_ipeak_source_a = 6.3434197308e-01
m_ipeak_sink_a = 6.1633421910e-01
m_vout_max_v = 4.1539472211e+00
m_vout_min_v = -2.522640520e-03
m_vin_max_v = 3.3000000000e+00
m_vin_min_v = 0.0000000000e+00
m_indrv_max_v = 4.1515683282e+00
m_indrv_min_v = -4.745712848e-03
m_n1_max_v = 4.2324274675e+00
m_n1_min_v = -4.454617559e-02
m_n2_max_v = 4.2147751974e+00
m_n2_min_v = -3.686407630e-02
m_n3_max_v = 4.2000116559e+00
m_n3_min_v = -2.708442746e-02
m_n4_max_v = 4.1982372678e+00
m_n4_min_v = -2.667330534e-02
m_n5_max_v = 4.1981401629e+00
m_n5_min_v = -2.590143076e-02
m_uvlo_lockout_at_in_high = 9.1569040000e-08
m_uvlo_vout_at_in_high_v = 4.1500000000e+00
m_uvlo_vdrv_at_in_high_v = 4.1500000000e+00
Note: Simulation executed from .control section 

Note: vimeas: has no value, DC 0 assumed
