
Note: No compatibility mode selected!


Circuit: * gate-driver-core-drive-with-uvlo @ tt_125c_vlogic2p97v-vdrv3p30v -- generated by sim/harness, do not edit

Doing analysis at TEMP = 125.000000 and TNOM = 27.000000

Using SPARSE 1.3 as Direct Linear Solver

Initial Transient Solution
--------------------------

Node                                   Voltage
----                                   -------
x1.inb                                    2.97
in                                           0
gnd_logic                                    0
vdd_logic                                 2.97
x1.na                                  2.12171
x1.nb                              5.01611e-10
x1.nca                                 3.29999
gnd_drv                            1.09067e-08
x1.ncb                             1.52138e-09
vdd_drv                                    3.3
x1.nbuf1                                   3.3
in_drv                               1.342e-08
x1.nccomp1                         4.49605e-09
x1.nccomp2                         7.47071e-09
x1.nccomp3                         1.04454e-08
x2.n1                                      3.3
x2.n2                               1.6214e-08
x2.n3                                      3.3
x2.n4                              1.72857e-08
x2.n5                                      3.3
out                                1.76723e-08
x3.nref                               0.630172
x3.ndiv                               0.638221
x3.uvlo_ok                             3.29989
x3.ntail                             0.0690207
x3.ncompp                              2.54852
x3.ncompn                              2.84252
x3.lockout                         1.54377e-05
outcap                             1.76723e-08
vimeas#branch                                0
vin#branch                                   0
vgnd_logic#branch                  1.09098e-05
vsup_drv#branch                   -1.09089e-05
vsup_logic#branch                 -9.11569e-10

 Reference value :  1.03284e-07
 Reference value :  2.63584e-07
 Reference value :  4.11971e-07
 Reference value :  5.94271e-07
No. of Data Rows : 7154
trise10_90          =  9.00859e-09 targ=  3.34476e-08 trig=  2.44391e-08
tfall10_90          =  7.65746e-09 targ=  3.32259e-07 trig=  3.24602e-07
tpdlh               =  7.37712e-09 targ=  2.78771e-08 trig=  2.05000e-08
tpdhl               =  6.31911e-09 targ=  3.27819e-07 trig=  3.21500e-07
lockout_at_in_high  =  1.61742e-05
vout_at_in_high     =  3.30000e+00
vdrv_at_in_high     =  3.30000e+00
m_trise_s = 9.0085860000e-09
m_tfall_s = 7.6574590000e-09
m_tpdlh_s = 7.3771180000e-09
m_tpdhl_s = 6.3191120000e-09
m_ipeak_source_a = 4.0138283394e-01
m_ipeak_sink_a = 4.2312438292e-01
m_vout_max_v = 3.3036759336e+00
m_vout_min_v = -2.414639174e-03
m_vin_max_v = 2.9700000000e+00
m_vin_min_v = 0.0000000000e+00
m_indrv_max_v = 3.3233600597e+00
m_indrv_min_v = -9.024393235e-03
m_n1_max_v = 3.3720692679e+00
m_n1_min_v = -4.277123912e-02
m_n2_max_v = 3.3584022891e+00
m_n2_min_v = -3.318568430e-02
m_n3_max_v = 3.3463956640e+00
m_n3_min_v = -2.547132571e-02
m_n4_max_v = 3.3444240312e+00
m_n4_min_v = -2.537851252e-02
m_n5_max_v = 3.3464326932e+00
m_n5_min_v = -2.510961751e-02
m_uvlo_lockout_at_in_high = 1.6174210000e-05
m_uvlo_vout_at_in_high_v = 3.3000000000e+00
m_uvlo_vdrv_at_in_high_v = 3.3000000000e+00
Note: Simulation executed from .control section 

Note: vimeas: has no value, DC 0 assumed
