
Note: No compatibility mode selected!


Circuit: * gate-driver-core-drive-with-uvlo @ tt_125c_vlogic3p63v-vdrv5p00v -- generated by sim/harness, do not edit

Doing analysis at TEMP = 125.000000 and TNOM = 27.000000

Using SPARSE 1.3 as Direct Linear Solver

Initial Transient Solution
--------------------------

Node                                   Voltage
----                                   -------
x1.inb                                    3.63
in                                           0
gnd_logic                                    0
vdd_logic                                 3.63
x1.na                                  2.68043
x1.nb                              6.59816e-10
x1.nca                                 4.99999
gnd_drv                            1.92508e-08
x1.ncb                             1.92546e-09
vdd_drv                                      5
x1.nbuf1                                     5
in_drv                             2.19269e-08
x1.nccomp1                         6.92583e-09
x1.nccomp2                         1.19262e-08
x1.nccomp3                         1.69266e-08
x2.n1                                        5
x2.n2                              2.48701e-08
x2.n3                                        5
x2.n4                              2.61291e-08
x2.n5                                        5
out                                 2.6546e-08
x3.nref                                0.66393
x3.ndiv                               0.967002
x3.uvlo_ok                             4.99988
x3.ntail                              0.250964
x3.ncompp                              4.13857
x3.ncompn                               4.9993
x3.lockout                         2.56981e-08
outcap                              2.6546e-08
vimeas#branch                                0
vin#branch                                   0
vgnd_logic#branch                  1.92554e-05
vsup_drv#branch                    -1.9254e-05
vsup_logic#branch                 -1.45218e-09

 Reference value :  1.30586e-07
 Reference value :  2.99286e-07
 Reference value :  4.51501e-07
 Reference value :  6.46301e-07
No. of Data Rows : 7188
trise10_90          =  6.21470e-09 targ=  2.94284e-08 trig=  2.32137e-08
tfall10_90          =  5.97890e-09 targ=  3.29755e-07 trig=  3.23776e-07
tpdlh               =  5.04813e-09 targ=  2.55481e-08 trig=  2.05000e-08
tpdhl               =  4.80637e-09 targ=  3.26306e-07 trig=  3.21500e-07
lockout_at_in_high  =  1.86687e-07
vout_at_in_high     =  5.00000e+00
vdrv_at_in_high     =  5.00000e+00
m_trise_s = 6.2146980000e-09
m_tfall_s = 5.9788990000e-09
m_tpdlh_s = 5.0481350000e-09
m_tpdhl_s = 4.8063660000e-09
m_ipeak_source_a = 8.9448911493e-01
m_ipeak_sink_a = 8.1229298395e-01
m_vout_max_v = 5.0042790393e+00
m_vout_min_v = -2.585885140e-03
m_vin_max_v = 3.6300000000e+00
m_vin_min_v = 0.0000000000e+00
m_indrv_max_v = 5.0007753743e+00
m_indrv_min_v = -1.820139369e-03
m_n1_max_v = 5.0908753336e+00
m_n1_min_v = -4.502536158e-02
m_n2_max_v = 5.0715414942e+00
m_n2_min_v = -3.961594331e-02
m_n3_max_v = 5.0523705302e+00
m_n3_min_v = -2.842016292e-02
m_n4_max_v = 5.0486934230e+00
m_n4_min_v = -2.744996165e-02
m_n5_max_v = 5.0489562148e+00
m_n5_min_v = -2.741401373e-02
m_uvlo_lockout_at_in_high = 1.8668690000e-07
m_uvlo_vout_at_in_high_v = 5.0000000000e+00
m_uvlo_vdrv_at_in_high_v = 5.0000000000e+00
Note: Simulation executed from .control section 

Note: vimeas: has no value, DC 0 assumed
