
Note: No compatibility mode selected!


Circuit: * gate-driver-core-drive-with-uvlo @ tt_27c_vlogic2p97v-vdrv3p30v -- generated by sim/harness, do not edit

Doing analysis at TEMP = 27.000000 and TNOM = 27.000000

Using SPARSE 1.3 as Direct Linear Solver

Initial Transient Solution
--------------------------

Node                                   Voltage
----                                   -------
x1.inb                                    2.97
in                                           0
gnd_logic                                    0
vdd_logic                                 2.97
x1.na                                   2.1349
x1.nb                              2.96287e-10
x1.nca                                     3.3
gnd_drv                             7.6513e-09
x1.ncb                             8.70994e-10
vdd_drv                                    3.3
x1.nbuf1                                   3.3
in_drv                             8.52495e-09
x1.nccomp1                         2.78448e-09
x1.nccomp2                         4.69797e-09
x1.nccomp3                         6.61146e-09
x2.n1                                      3.3
x2.n2                              9.37262e-09
x2.n3                                      3.3
x2.n4                              1.02242e-08
x2.n5                                      3.3
out                                8.23986e-09
x3.nref                               0.727663
x3.ndiv                                0.60495
x3.uvlo_ok                         1.09381e-05
x3.ntail                             0.0125785
x3.ncompp                              2.49533
x3.ncompn                            0.0267859
x3.lockout                                 3.3
outcap                             8.23986e-09
vimeas#branch                                0
vin#branch                                   0
vgnd_logic#branch                  7.65132e-06
vsup_drv#branch                   -7.65131e-06
vsup_logic#branch                 -6.13047e-12

 Reference value :  1.03336e-07
 Reference value :  2.87636e-07
 Reference value :  4.53624e-07
 Reference value :  6.36624e-07
No. of Data Rows : 7176
trise10_90          =  1.09013e-09 targ=  2.41523e-08 trig=  2.30621e-08
tfall10_90          =  7.63526e-10 targ=  3.23997e-07 trig=  3.23234e-07
tpdlh               =  2.84889e-09 targ=  2.33489e-08 trig=  2.05000e-08
tpdhl               =  1.97758e-09 targ=  3.23478e-07 trig=  3.21500e-07
lockout_at_in_high  =  3.30000e+00
vout_at_in_high     =  1.94350e-01
vdrv_at_in_high     =  3.30000e+00
m_trise_s = 1.0901300000e-09
m_tfall_s = 7.6352560000e-10
m_tpdlh_s = 2.8488860000e-09
m_tpdhl_s = 1.9775770000e-09
m_ipeak_source_a = 3.0682963207e-01
m_ipeak_sink_a = 3.5898099303e-01
m_vout_max_v = 1.9525470604e-01
m_vout_min_v = -2.208770344e-03
m_vin_max_v = 2.9700000000e+00
m_vin_min_v = 0.0000000000e+00
m_indrv_max_v = 3.3452002480e+00
m_indrv_min_v = -1.181886388e-02
m_n1_max_v = 3.3829905589e+00
m_n1_min_v = -4.761384495e-02
m_n2_max_v = 3.3593138493e+00
m_n2_min_v = -3.490855758e-02
m_n3_max_v = 3.3501930423e+00
m_n3_min_v = -2.653494180e-02
m_n4_max_v = 3.3468572493e+00
m_n4_min_v = -2.759911061e-02
m_n5_max_v = 3.3498624233e+00
m_n5_min_v = -2.770750430e-02
m_uvlo_lockout_at_in_high = 3.3000000000e+00
m_uvlo_vout_at_in_high_v = 1.9434980000e-01
m_uvlo_vdrv_at_in_high_v = 3.3000000000e+00
Note: Simulation executed from .control section 

Note: vimeas: has no value, DC 0 assumed
