
Note: No compatibility mode selected!


Circuit: * gate-driver-core-drive @ ff_-40c_vlogic3p30v-vdrv5p00v -- generated by sim/harness, do not edit

Doing analysis at TEMP = -40.000000 and TNOM = 27.000000

Using SPARSE 1.3 as Direct Linear Solver

Initial Transient Solution
--------------------------

Node                                   Voltage
----                                   -------
x1.inb                                     3.3
in                                           0
gnd_logic                                    0
vdd_logic                                  3.3
x1.na                                  2.45014
x1.nb                              3.33304e-10
x1.nca                                       5
gnd_drv                            3.71573e-12
x1.ncb                              8.7489e-10
vdd_drv                                      5
x1.nbuf1                                     5
in_drv                             7.04165e-10
x1.nccomp1                         8.32209e-10
x1.nccomp2                         7.89528e-10
x1.nccomp3                         7.46846e-10
x2.n1                                        5
x2.n2                              1.38329e-09
x2.n3                                        5
x2.n4                              2.05305e-09
x2.n5                                        5
out                                2.17726e-09
outcap                             2.17726e-09
vimeas#branch                      1.69407e-21
vin#branch                                   0
vgnd_logic#branch                  3.72771e-09
vsup_drv#branch                   -3.71691e-09
vsup_logic#branch                 -3.56637e-12

 Reference value :  1.70103e-07
 Reference value :  4.01026e-07
 Reference value :  6.58426e-07
No. of Data Rows : 7223
trise10_90          =  3.58938e-09 targ=  2.56667e-08 trig=  2.20773e-08
tfall10_90          =  3.50511e-09 targ=  3.26400e-07 trig=  3.22895e-07
tpdlh               =  3.01879e-09 targ=  2.35188e-08 trig=  2.05000e-08
tpdhl               =  2.97766e-09 targ=  3.24478e-07 trig=  3.21500e-07
m_trise_s = 3.5893790000e-09
m_tfall_s = 3.5051110000e-09
m_tpdlh_s = 3.0187920000e-09
m_tpdhl_s = 2.9776580000e-09
m_ipeak_source_a = 1.4316030177e+00
m_ipeak_sink_a = 1.2790400452e+00
m_vout_max_v = 5.0042098288e+00
m_vout_min_v = -2.529116362e-03
m_vin_max_v = 3.3000000000e+00
m_vin_min_v = 0.0000000000e+00
m_indrv_max_v = 5.0000860220e+00
m_indrv_min_v = -1.749883903e-03
m_n1_max_v = 5.0954542571e+00
m_n1_min_v = -4.293706298e-02
m_n2_max_v = 5.0664966217e+00
m_n2_min_v = -3.799907389e-02
m_n3_max_v = 5.0479629850e+00
m_n3_min_v = -2.661944995e-02
m_n4_max_v = 5.0452087132e+00
m_n4_min_v = -2.628123882e-02
m_n5_max_v = 5.0455435302e+00
m_n5_min_v = -2.607022916e-02
Note: Simulation executed from .control section 

Note: vimeas: has no value, DC 0 assumed
