
Note: No compatibility mode selected!


Circuit: * gate-driver-core-drive @ ff_-40c_vlogic2p97v-vdrv4p50v -- generated by sim/harness, do not edit

Doing analysis at TEMP = -40.000000 and TNOM = 27.000000

Using SPARSE 1.3 as Direct Linear Solver

Initial Transient Solution
--------------------------

Node                                   Voltage
----                                   -------
x1.inb                                    2.97
in                                           0
gnd_logic                                    0
vdd_logic                                 2.97
x1.na                                  2.16742
x1.nb                              3.09385e-10
x1.nca                                     4.5
gnd_drv                            3.34281e-12
x1.ncb                              8.4168e-10
vdd_drv                                    4.5
x1.nbuf1                                   4.5
in_drv                             6.69282e-10
x1.nccomp1                          7.9858e-10
x1.nccomp2                         7.55481e-10
x1.nccomp3                         7.12381e-10
x2.n1                                      4.5
x2.n2                              1.31499e-09
x2.n3                                      4.5
x2.n4                              1.95208e-09
x2.n5                                      4.5
out                                2.07018e-09
outcap                             2.07018e-09
vimeas#branch                                0
vin#branch                                   0
vgnd_logic#branch                  3.35342e-09
vsup_drv#branch                   -3.34043e-09
vsup_logic#branch                 -3.15395e-12

 Reference value :  1.49455e-07
 Reference value :  3.44743e-07
 Reference value :  6.00443e-07
No. of Data Rows : 7209
trise10_90          =  3.82404e-09 targ=  2.59912e-08 trig=  2.21671e-08
tfall10_90          =  3.66296e-09 targ=  3.26643e-07 trig=  3.22980e-07
tpdlh               =  3.20325e-09 targ=  2.37032e-08 trig=  2.05000e-08
tpdhl               =  3.13044e-09 targ=  3.24630e-07 trig=  3.21500e-07
m_trise_s = 3.8240410000e-09
m_tfall_s = 3.6629550000e-09
m_tpdlh_s = 3.2032470000e-09
m_tpdhl_s = 3.1304420000e-09
m_ipeak_source_a = 1.2090699250e+00
m_ipeak_sink_a = 1.1179909396e+00
m_vout_max_v = 4.5041704360e+00
m_vout_min_v = -2.542336358e-03
m_vin_max_v = 2.9700000000e+00
m_vin_min_v = 0.0000000000e+00
m_indrv_max_v = 4.5060635116e+00
m_indrv_min_v = -6.207808648e-03
m_n1_max_v = 4.5925378872e+00
m_n1_min_v = -4.369761834e-02
m_n2_max_v = 4.5636699059e+00
m_n2_min_v = -3.638876599e-02
m_n3_max_v = 4.5479716791e+00
m_n3_min_v = -2.685608579e-02
m_n4_max_v = 4.5450299706e+00
m_n4_min_v = -2.621217998e-02
m_n5_max_v = 4.5455995926e+00
m_n5_min_v = -2.528819016e-02
Note: Simulation executed from .control section 

Note: vimeas: has no value, DC 0 assumed
