
Note: No compatibility mode selected!


Circuit: * gate-driver-core-drive @ ff_125c_vlogic3p30v-vdrv5p00v -- generated by sim/harness, do not edit

Doing analysis at TEMP = 125.000000 and TNOM = 27.000000

Using SPARSE 1.3 as Direct Linear Solver

Initial Transient Solution
--------------------------

Node                                   Voltage
----                                   -------
x1.inb                                 3.29999
in                                           0
gnd_logic                                    0
vdd_logic                                  3.3
x1.na                                  2.45417
x1.nb                              2.04916e-09
x1.nca                                 4.99993
gnd_drv                            1.26174e-10
x1.ncb                             5.83252e-09
vdd_drv                                      5
x1.nbuf1                                     5
in_drv                             1.47982e-08
x1.nccomp1                         8.07395e-09
x1.nccomp2                         1.03154e-08
x1.nccomp3                         1.25568e-08
x2.n1                                        5
x2.n2                              3.25429e-08
x2.n3                                        5
x2.n4                              3.29133e-08
x2.n5                                        5
out                                3.49004e-08
outcap                             3.49004e-08
vimeas#branch                                0
vin#branch                                   0
vgnd_logic#branch                  1.62864e-07
vsup_drv#branch                   -1.51594e-07
vsup_logic#branch                 -1.12709e-08

 Reference value :  1.74042e-07
 Reference value :  4.13634e-07
 Reference value :  6.72334e-07
No. of Data Rows : 7186
trise10_90          =  5.17118e-09 targ=  2.78674e-08 trig=  2.26962e-08
tfall10_90          =  5.13141e-09 targ=  3.28523e-07 trig=  3.23392e-07
tpdlh               =  4.11984e-09 targ=  2.46198e-08 trig=  2.05000e-08
tpdhl               =  4.04194e-09 targ=  3.25542e-07 trig=  3.21500e-07
m_trise_s = 5.1711760000e-09
m_tfall_s = 5.1314120000e-09
m_tpdlh_s = 4.1198410000e-09
m_tpdhl_s = 4.0419400000e-09
m_ipeak_source_a = 1.0918716775e+00
m_ipeak_sink_a = 9.5616039157e-01
m_vout_max_v = 5.0034598689e+00
m_vout_min_v = -2.061381046e-03
m_vin_max_v = 3.3000000000e+00
m_vin_min_v = 0.0000000000e+00
m_indrv_max_v = 5.0002479495e+00
m_indrv_min_v = -4.123272801e-04
m_n1_max_v = 5.0781469219e+00
m_n1_min_v = -3.616265398e-02
m_n2_max_v = 5.0640977226e+00
m_n2_min_v = -3.535328699e-02
m_n3_max_v = 5.0434340221e+00
m_n3_min_v = -2.433877361e-02
m_n4_max_v = 5.0394120472e+00
m_n4_min_v = -2.308188221e-02
m_n5_max_v = 5.0392105963e+00
m_n5_min_v = -2.255489215e-02
Note: Simulation executed from .control section 

Note: vimeas: has no value, DC 0 assumed
