
Note: No compatibility mode selected!


Circuit: * gate-driver-core-drive @ ff_125c_vlogic2p97v-vdrv4p50v -- generated by sim/harness, do not edit

Doing analysis at TEMP = 125.000000 and TNOM = 27.000000

Using SPARSE 1.3 as Direct Linear Solver

Initial Transient Solution
--------------------------

Node                                   Voltage
----                                   -------
x1.inb                                    2.97
in                                           0
gnd_logic                                    0
vdd_logic                                 2.97
x1.na                                  2.18079
x1.nb                              1.94302e-09
x1.nca                                 4.49994
gnd_drv                            1.12168e-10
x1.ncb                             5.63421e-09
vdd_drv                                    4.5
x1.nbuf1                                   4.5
in_drv                             1.39423e-08
x1.nccomp1                         7.71122e-09
x1.nccomp2                         9.78824e-09
x1.nccomp3                         1.18653e-08
x2.n1                                      4.5
x2.n2                              3.06688e-08
x2.n3                                      4.5
x2.n4                                3.103e-08
x2.n5                                      4.5
out                                3.29038e-08
outcap                             3.29038e-08
vimeas#branch                                0
vin#branch                                   0
vgnd_logic#branch                  1.41882e-07
vsup_drv#branch                   -1.33085e-07
vsup_logic#branch                 -8.79428e-09

 Reference value :  1.62510e-07
 Reference value :  4.03423e-07
 Reference value :  6.63123e-07
No. of Data Rows : 7175
trise10_90          =  5.59064e-09 targ=  2.84372e-08 trig=  2.28466e-08
tfall10_90          =  5.34750e-09 targ=  3.28866e-07 trig=  3.23518e-07
tpdlh               =  4.42726e-09 targ=  2.49273e-08 trig=  2.05000e-08
tpdhl               =  4.25515e-09 targ=  3.25755e-07 trig=  3.21500e-07
m_trise_s = 5.5906440000e-09
m_tfall_s = 5.3474990000e-09
m_tpdlh_s = 4.4272640000e-09
m_tpdhl_s = 4.2551500000e-09
m_ipeak_source_a = 9.0723336519e-01
m_ipeak_sink_a = 8.2935238838e-01
m_vout_max_v = 4.5034293807e+00
m_vout_min_v = -2.050387459e-03
m_vin_max_v = 2.9700000000e+00
m_vin_min_v = 0.0000000000e+00
m_indrv_max_v = 4.5002201700e+00
m_indrv_min_v = -4.161058298e-04
m_n1_max_v = 4.5768683256e+00
m_n1_min_v = -3.679579716e-02
m_n2_max_v = 4.5614446987e+00
m_n2_min_v = -3.387686293e-02
m_n3_max_v = 4.5417263077e+00
m_n3_min_v = -2.388143877e-02
m_n4_max_v = 4.5396944986e+00
m_n4_min_v = -2.292836002e-02
m_n5_max_v = 4.5401242944e+00
m_n5_min_v = -2.223570025e-02
Note: Simulation executed from .control section 

Note: vimeas: has no value, DC 0 assumed
