
Note: No compatibility mode selected!


Circuit: * gate-driver-core-drive @ ff_27c_vlogic3p30v-vdrv6p00v -- generated by sim/harness, do not edit

Doing analysis at TEMP = 27.000000 and TNOM = 27.000000

Using SPARSE 1.3 as Direct Linear Solver

Initial Transient Solution
--------------------------

Node                                   Voltage
----                                   -------
x1.inb                                     3.3
in                                           0
gnd_logic                                    0
vdd_logic                                  3.3
x1.na                                   2.4995
x1.nb                              4.83988e-10
x1.nca                                       6
gnd_drv                            4.99521e-12
x1.ncb                             1.31967e-09
vdd_drv                                      6
x1.nbuf1                                     6
in_drv                             1.04271e-09
x1.nccomp1                         1.25043e-09
x1.nccomp2                         1.18119e-09
x1.nccomp3                         1.11195e-09
x2.n1                                        6
x2.n2                              2.05066e-09
x2.n3                                        6
x2.n4                              3.03177e-09
x2.n5                                        6
out                                3.21521e-09
outcap                             3.21521e-09
vimeas#branch                                0
vin#branch                                   0
vgnd_logic#branch                  5.25735e-09
vsup_drv#branch                   -5.16839e-09
vsup_logic#branch                 -8.61804e-11

 Reference value :  1.43714e-07
 Reference value :  3.63121e-07
 Reference value :  6.22821e-07
No. of Data Rows : 7217
trise10_90          =  3.85641e-09 targ=  2.59941e-08 trig=  2.21377e-08
tfall10_90          =  3.88096e-09 targ=  3.26869e-07 trig=  3.22988e-07
tpdlh               =  3.12776e-09 targ=  2.36278e-08 trig=  2.05000e-08
tpdhl               =  3.18509e-09 targ=  3.24685e-07 trig=  3.21500e-07
m_trise_s = 3.8564060000e-09
m_tfall_s = 3.8809590000e-09
m_tpdlh_s = 3.1277560000e-09
m_tpdhl_s = 3.1850930000e-09
m_ipeak_source_a = 1.6707584046e+00
m_ipeak_sink_a = 1.4471144054e+00
m_vout_max_v = 6.0039173910e+00
m_vout_min_v = -2.336912691e-03
m_vin_max_v = 3.3000000000e+00
m_vin_min_v = 0.0000000000e+00
m_indrv_max_v = 6.0000751926e+00
m_indrv_min_v = -3.647439381e-04
m_n1_max_v = 6.0897379526e+00
m_n1_min_v = -3.649055467e-02
m_n2_max_v = 6.0695747048e+00
m_n2_min_v = -3.986707045e-02
m_n3_max_v = 6.0452641745e+00
m_n3_min_v = -2.626046537e-02
m_n4_max_v = 6.0408406069e+00
m_n4_min_v = -2.502513327e-02
m_n5_max_v = 6.0413784005e+00
m_n5_min_v = -2.445041684e-02
Note: Simulation executed from .control section 

Note: vimeas: has no value, DC 0 assumed
