
Note: No compatibility mode selected!


Circuit: * gate-driver-core-drive @ ff_27c_vlogic3p63v-vdrv5p50v -- generated by sim/harness, do not edit

Doing analysis at TEMP = 27.000000 and TNOM = 27.000000

Using SPARSE 1.3 as Direct Linear Solver

Initial Transient Solution
--------------------------

Node                                   Voltage
----                                   -------
x1.inb                                    3.63
in                                           0
gnd_logic                                    0
vdd_logic                                 3.63
x1.na                                  2.76328
x1.nb                              4.30733e-10
x1.nca                                     5.5
gnd_drv                            4.53672e-12
x1.ncb                             1.14521e-09
vdd_drv                                    5.5
x1.nbuf1                                   5.5
in_drv                             9.81395e-10
x1.nccomp1                         1.10426e-09
x1.nccomp2                          1.0633e-09
x1.nccomp3                         1.02235e-09
x2.n1                                      5.5
x2.n2                              1.93027e-09
x2.n3                                      5.5
x2.n4                              2.85469e-09
x2.n5                                      5.5
out                                3.02743e-09
outcap                             3.02743e-09
vimeas#branch                                0
vin#branch                                   0
vgnd_logic#branch                  4.87701e-09
vsup_drv#branch                   -4.74501e-09
vsup_logic#branch                 -1.19203e-10

 Reference value :  1.41994e-07
 Reference value :  3.62278e-07
 Reference value :  6.13678e-07
No. of Data Rows : 7210
trise10_90          =  4.04807e-09 targ=  2.62916e-08 trig=  2.22435e-08
tfall10_90          =  3.97605e-09 targ=  3.26991e-07 trig=  3.23015e-07
tpdlh               =  3.30724e-09 targ=  2.38072e-08 trig=  2.05000e-08
tpdhl               =  3.25234e-09 targ=  3.24752e-07 trig=  3.21500e-07
m_trise_s = 4.0480710000e-09
m_tfall_s = 3.9760470000e-09
m_tpdlh_s = 3.3072360000e-09
m_tpdhl_s = 3.2523360000e-09
m_ipeak_source_a = 1.4659398445e+00
m_ipeak_sink_a = 1.2941146880e+00
m_vout_max_v = 5.5038347596e+00
m_vout_min_v = -2.356250974e-03
m_vin_max_v = 3.6300000000e+00
m_vin_min_v = 0.0000000000e+00
m_indrv_max_v = 5.5000808690e+00
m_indrv_min_v = -3.725044505e-04
m_n1_max_v = 5.5835549246e+00
m_n1_min_v = -3.979901911e-02
m_n2_max_v = 5.5686402692e+00
m_n2_min_v = -3.843132694e-02
m_n3_max_v = 5.5471184556e+00
m_n3_min_v = -2.639741865e-02
m_n4_max_v = 5.5427931742e+00
m_n4_min_v = -2.533295552e-02
m_n5_max_v = 5.5431590159e+00
m_n5_min_v = -2.455304187e-02
Note: Simulation executed from .control section 

Note: vimeas: has no value, DC 0 assumed
