
Note: No compatibility mode selected!


Circuit: * gate-driver-core-drive @ ff_27c_vlogic3p30v-vdrv5p00v -- generated by sim/harness, do not edit

Doing analysis at TEMP = 27.000000 and TNOM = 27.000000

Using SPARSE 1.3 as Direct Linear Solver

Initial Transient Solution
--------------------------

Node                                   Voltage
----                                   -------
x1.inb                                     3.3
in                                           0
gnd_logic                                    0
vdd_logic                                  3.3
x1.na                                  2.48269
x1.nb                              4.03112e-10
x1.nca                                       5
gnd_drv                            4.10252e-12
x1.ncb                             1.09915e-09
vdd_drv                                      5
x1.nbuf1                                     5
in_drv                              9.2567e-10
x1.nccomp1                         1.05578e-09
x1.nccomp2                         1.01241e-09
x1.nccomp3                          9.6904e-10
x2.n1                                        5
x2.n2                              1.82088e-09
x2.n3                                        5
x2.n4                              2.69364e-09
x2.n5                                        5
out                                2.85665e-09
outcap                             2.85665e-09
vimeas#branch                     -3.38813e-21
vin#branch                                   0
vgnd_logic#branch                  4.36099e-09
vsup_drv#branch                   -4.27173e-09
vsup_logic#branch                 -8.61804e-11

 Reference value :  1.45888e-07
 Reference value :  3.53776e-07
 Reference value :  6.12976e-07
No. of Data Rows : 7201
trise10_90          =  4.28830e-09 targ=  2.66188e-08 trig=  2.23305e-08
tfall10_90          =  4.10800e-09 targ=  3.27203e-07 trig=  3.23095e-07
tpdlh               =  3.48660e-09 targ=  2.39866e-08 trig=  2.05000e-08
tpdhl               =  3.38746e-09 targ=  3.24887e-07 trig=  3.21500e-07
m_trise_s = 4.2882950000e-09
m_tfall_s = 4.1080040000e-09
m_tpdlh_s = 3.4866000000e-09
m_tpdhl_s = 3.3874630000e-09
m_ipeak_source_a = 1.2552139090e+00
m_ipeak_sink_a = 1.1380057137e+00
m_vout_max_v = 5.0039640082e+00
m_vout_min_v = -2.348687824e-03
m_vin_max_v = 3.3000000000e+00
m_vin_min_v = 0.0000000000e+00
m_indrv_max_v = 5.0000727885e+00
m_indrv_min_v = -3.749908354e-04
m_n1_max_v = 5.0869153245e+00
m_n1_min_v = -4.089670007e-02
m_n2_max_v = 5.0661375380e+00
m_n2_min_v = -3.720570090e-02
m_n3_max_v = 5.0476897708e+00
m_n3_min_v = -2.611772875e-02
m_n4_max_v = 5.0444201228e+00
m_n4_min_v = -2.523079528e-02
m_n5_max_v = 5.0440615537e+00
m_n5_min_v = -2.496816677e-02
Note: Simulation executed from .control section 

Note: vimeas: has no value, DC 0 assumed
