
Note: No compatibility mode selected!


Circuit: * gate-driver-core-drive @ fs_-40c_vlogic3p63v-vdrv5p50v -- generated by sim/harness, do not edit

Doing analysis at TEMP = -40.000000 and TNOM = 27.000000

Using SPARSE 1.3 as Direct Linear Solver

Initial Transient Solution
--------------------------

Node                                   Voltage
----                                   -------
x1.inb                                    3.63
in                                           0
gnd_logic                                    0
vdd_logic                                 3.63
x1.na                                  2.70319
x1.nb                              3.58721e-10
x1.nca                                     5.5
gnd_drv                            3.98003e-12
x1.ncb                             9.23155e-10
vdd_drv                                    5.5
x1.nbuf1                                   5.5
in_drv                              7.3735e-10
x1.nccomp1                         8.76704e-10
x1.nccomp2                         8.30252e-10
x1.nccomp3                         7.83801e-10
x2.n1                                      5.5
x2.n2                              1.44463e-09
x2.n3                                      5.5
x2.n4                              2.16515e-09
x2.n5                                      5.5
out                                2.29613e-09
outcap                             2.29613e-09
vimeas#branch                      1.69407e-21
vin#branch                                   0
vgnd_logic#branch                  3.99276e-09
vsup_drv#branch                   -3.98084e-09
vsup_logic#branch                 -3.79404e-12

 Reference value :  1.52925e-07
 Reference value :  3.44128e-07
 Reference value :  5.98628e-07
No. of Data Rows : 7226
trise10_90          =  4.43527e-09 targ=  2.67817e-08 trig=  2.23464e-08
tfall10_90          =  3.55122e-09 targ=  3.26649e-07 trig=  3.23098e-07
tpdlh               =  3.64326e-09 targ=  2.41433e-08 trig=  2.05000e-08
tpdhl               =  3.21103e-09 targ=  3.24711e-07 trig=  3.21500e-07
m_trise_s = 4.4352720000e-09
m_tfall_s = 3.5512200000e-09
m_tpdlh_s = 3.6432570000e-09
m_tpdhl_s = 3.2110320000e-09
m_ipeak_source_a = 1.2705718654e+00
m_ipeak_sink_a = 1.3925330397e+00
m_vout_max_v = 5.5044666214e+00
m_vout_min_v = -3.328539088e-03
m_vin_max_v = 3.6300000000e+00
m_vin_min_v = 0.0000000000e+00
m_indrv_max_v = 5.5000861927e+00
m_indrv_min_v = -3.428493628e-03
m_n1_max_v = 5.5976508914e+00
m_n1_min_v = -4.971675395e-02
m_n2_max_v = 5.5679402103e+00
m_n2_min_v = -4.362338924e-02
m_n3_max_v = 5.5536796088e+00
m_n3_min_v = -2.979457027e-02
m_n4_max_v = 5.5501283426e+00
m_n4_min_v = -2.927672859e-02
m_n5_max_v = 5.5502582400e+00
m_n5_min_v = -2.940683064e-02
Note: Simulation executed from .control section 

Note: vimeas: has no value, DC 0 assumed
