
Note: No compatibility mode selected!


Circuit: * gate-driver-core-drive @ fs_125c_vlogic3p63v-vdrv5p50v -- generated by sim/harness, do not edit

Doing analysis at TEMP = 125.000000 and TNOM = 27.000000

Using SPARSE 1.3 as Direct Linear Solver

Initial Transient Solution
--------------------------

Node                                   Voltage
----                                   -------
x1.inb                                    3.63
in                                           0
gnd_logic                                    0
vdd_logic                                 3.63
x1.na                                   2.7165
x1.nb                              5.83933e-10
x1.nca                                 5.49994
gnd_drv                            6.11117e-11
x1.ncb                             1.65215e-09
vdd_drv                                    5.5
x1.nbuf1                                   5.5
in_drv                              1.7626e-09
x1.nccomp1                         1.67977e-09
x1.nccomp2                         1.70738e-09
x1.nccomp3                         1.73499e-09
x2.n1                                      5.5
x2.n2                              3.49993e-09
x2.n3                                      5.5
x2.n4                              4.79067e-09
x2.n5                                      5.5
out                                5.07731e-09
outcap                             5.07731e-09
vimeas#branch                     -3.38813e-21
vin#branch                                   0
vgnd_logic#branch                  8.70248e-08
vsup_drv#branch                   -7.87091e-08
vsup_logic#branch                 -8.31674e-09

 Reference value :  1.51402e-07
 Reference value :  3.94155e-07
 Reference value :  6.62255e-07
No. of Data Rows : 7196
trise10_90          =  6.50368e-09 targ=  2.96133e-08 trig=  2.31097e-08
tfall10_90          =  5.18958e-09 targ=  3.28865e-07 trig=  3.23675e-07
tpdlh               =  5.06980e-09 targ=  2.55698e-08 trig=  2.05000e-08
tpdhl               =  4.35868e-09 targ=  3.25859e-07 trig=  3.21500e-07
m_trise_s = 6.5036760000e-09
m_tfall_s = 5.1895810000e-09
m_tpdlh_s = 5.0697980000e-09
m_tpdhl_s = 4.3586750000e-09
m_ipeak_source_a = 9.3597780413e-01
m_ipeak_sink_a = 1.0318785755e+00
m_vout_max_v = 5.5037450565e+00
m_vout_min_v = -2.966438420e-03
m_vin_max_v = 3.6300000000e+00
m_vin_min_v = 0.0000000000e+00
m_indrv_max_v = 5.5004012499e+00
m_indrv_min_v = -3.230172542e-03
m_n1_max_v = 5.5776507189e+00
m_n1_min_v = -4.614966348e-02
m_n2_max_v = 5.5655111172e+00
m_n2_min_v = -4.342866147e-02
m_n3_max_v = 5.5485293447e+00
m_n3_min_v = -2.911587905e-02
m_n4_max_v = 5.5442451415e+00
m_n4_min_v = -2.828825346e-02
m_n5_max_v = 5.5446703603e+00
m_n5_min_v = -2.818530298e-02
Note: Simulation executed from .control section 

Note: vimeas: has no value, DC 0 assumed
