
Note: No compatibility mode selected!


Circuit: * gate-driver-core-drive @ sf_-40c_vlogic3p30v-vdrv5p00v -- generated by sim/harness, do not edit

Doing analysis at TEMP = -40.000000 and TNOM = 27.000000

Using SPARSE 1.3 as Direct Linear Solver

Initial Transient Solution
--------------------------

Node                                   Voltage
----                                   -------
x1.inb                                     3.3
in                                           0
gnd_logic                                    0
vdd_logic                                  3.3
x1.na                                  2.23912
x1.nb                              3.70965e-10
x1.nca                                       5
gnd_drv                            3.69398e-12
x1.ncb                             1.06492e-09
vdd_drv                                      5
x1.nbuf1                                     5
in_drv                             8.47663e-10
x1.nccomp1                         1.01061e-09
x1.nccomp2                         9.56291e-10
x1.nccomp3                         9.01977e-10
x2.n1                                        5
x2.n2                              1.67312e-09
x2.n3                                        5
x2.n4                              2.48361e-09
x2.n5                                        5
out                                2.63391e-09
outcap                             2.63391e-09
vimeas#branch                     -1.69407e-21
vin#branch                                   0
vgnd_logic#branch                  3.70505e-09
vsup_drv#branch                   -3.69137e-09
vsup_logic#branch                 -3.30347e-12

 Reference value :  1.29394e-07
 Reference value :  3.65535e-07
 Reference value :  5.85535e-07
No. of Data Rows : 7220
trise10_90          =  3.78054e-09 targ=  2.62032e-08 trig=  2.24227e-08
tfall10_90          =  4.76484e-09 targ=  3.28016e-07 trig=  3.23251e-07
tpdlh               =  3.44409e-09 targ=  2.39441e-08 trig=  2.05000e-08
tpdhl               =  3.95646e-09 targ=  3.25456e-07 trig=  3.21500e-07
m_trise_s = 3.7805420000e-09
m_tfall_s = 4.7648440000e-09
m_tpdlh_s = 3.4440890000e-09
m_tpdhl_s = 3.9564560000e-09
m_ipeak_source_a = 1.3529592936e+00
m_ipeak_sink_a = 9.1706456354e-01
m_vout_max_v = 5.0055222157e+00
m_vout_min_v = -2.755831537e-03
m_vin_max_v = 3.3000000000e+00
m_vin_min_v = 0.0000000000e+00
m_indrv_max_v = 5.0246215385e+00
m_indrv_min_v = -7.370887028e-03
m_n1_max_v = 5.1123354206e+00
m_n1_min_v = -4.940365152e-02
m_n2_max_v = 5.0785401999e+00
m_n2_min_v = -3.775181070e-02
m_n3_max_v = 5.0554242459e+00
m_n3_min_v = -2.941918329e-02
m_n4_max_v = 5.0527578942e+00
m_n4_min_v = -2.898631667e-02
m_n5_max_v = 5.0535134066e+00
m_n5_min_v = -2.772743314e-02
Note: Simulation executed from .control section 

Note: vimeas: has no value, DC 0 assumed
