
Note: No compatibility mode selected!


Circuit: * gate-driver-core-drive @ sf_-40c_vlogic2p97v-vdrv4p50v -- generated by sim/harness, do not edit

Doing analysis at TEMP = -40.000000 and TNOM = 27.000000

Using SPARSE 1.3 as Direct Linear Solver

Initial Transient Solution
--------------------------

Node                                   Voltage
----                                   -------
x1.inb                                    2.97
in                                           0
gnd_logic                                    0
vdd_logic                                 2.97
x1.na                                  1.96353
x1.nb                               3.4844e-10
x1.nca                                     4.5
gnd_drv                            3.32327e-12
x1.ncb                             1.04278e-09
vdd_drv                                    4.5
x1.nbuf1                                   4.5
in_drv                             8.16893e-10
x1.nccomp1                         9.86307e-10
x1.nccomp2                         9.29835e-10
x1.nccomp3                         8.73364e-10
x2.n1                                      4.5
x2.n2                              1.61262e-09
x2.n3                                      4.5
x2.n4                              2.39432e-09
x2.n5                                      4.5
out                                2.53923e-09
outcap                             2.53923e-09
vimeas#branch                                0
vin#branch                                   0
vgnd_logic#branch                  3.33318e-09
vsup_drv#branch                   -3.32078e-09
vsup_logic#branch                 -2.96921e-12

 Reference value :  1.52123e-07
 Reference value :  3.34661e-07
 Reference value :  5.84561e-07
No. of Data Rows : 7207
trise10_90          =  4.04149e-09 targ=  2.65869e-08 trig=  2.25454e-08
tfall10_90          =  5.04297e-09 targ=  3.28419e-07 trig=  3.23376e-07
tpdlh               =  3.67252e-09 targ=  2.41725e-08 trig=  2.05000e-08
tpdhl               =  4.20359e-09 targ=  3.25704e-07 trig=  3.21500e-07
m_trise_s = 4.0414860000e-09
m_tfall_s = 5.0429710000e-09
m_tpdlh_s = 3.6725220000e-09
m_tpdhl_s = 4.2035880000e-09
m_ipeak_source_a = 1.1453281590e+00
m_ipeak_sink_a = 7.8320620653e-01
m_vout_max_v = 4.5053495810e+00
m_vout_min_v = -2.794771994e-03
m_vin_max_v = 2.9700000000e+00
m_vin_min_v = 0.0000000000e+00
m_indrv_max_v = 4.5348567571e+00
m_indrv_min_v = -1.135471215e-02
m_n1_max_v = 4.6128921707e+00
m_n1_min_v = -4.937968766e-02
m_n2_max_v = 4.5759471074e+00
m_n2_min_v = -3.654794036e-02
m_n3_max_v = 4.5549470704e+00
m_n3_min_v = -2.865198084e-02
m_n4_max_v = 4.5530773997e+00
m_n4_min_v = -2.873879258e-02
m_n5_max_v = 4.5533929332e+00
m_n5_min_v = -2.855638146e-02
Note: Simulation executed from .control section 

Note: vimeas: has no value, DC 0 assumed
