
Note: No compatibility mode selected!


Circuit: * gate-driver-core-drive @ sf_125c_vlogic2p97v-vdrv4p50v -- generated by sim/harness, do not edit

Doing analysis at TEMP = 125.000000 and TNOM = 27.000000

Using SPARSE 1.3 as Direct Linear Solver

Initial Transient Solution
--------------------------

Node                                   Voltage
----                                   -------
x1.inb                                    2.97
in                                           0
gnd_logic                                    0
vdd_logic                                 2.97
x1.na                                  2.11373
x1.nb                              1.28119e-09
x1.nca                                     4.5
gnd_drv                            1.47988e-11
x1.ncb                              4.0921e-09
vdd_drv                                    4.5
x1.nbuf1                                   4.5
in_drv                             8.31651e-09
x1.nccomp1                          5.1482e-09
x1.nccomp2                          6.2043e-09
x1.nccomp3                         7.26041e-09
x2.n1                                      4.5
x2.n2                              1.82397e-08
x2.n3                                      4.5
x2.n4                              1.92163e-08
x2.n5                                      4.5
out                                2.03801e-08
outcap                             2.03801e-08
vimeas#branch                      1.35525e-20
vin#branch                                   0
vgnd_logic#branch                  1.54089e-08
vsup_drv#branch                   -1.52317e-08
vsup_logic#branch                 -1.72405e-10

 Reference value :  2.19838e-07
 Reference value :  5.92477e-07
No. of Data Rows : 7178
trise10_90          =  5.94241e-09 targ=  2.92965e-08 trig=  2.33541e-08
tfall10_90          =  7.12040e-09 targ=  3.31162e-07 trig=  3.24041e-07
tpdlh               =  5.07426e-09 targ=  2.55743e-08 trig=  2.05000e-08
tpdhl               =  5.57113e-09 targ=  3.27071e-07 trig=  3.21500e-07
m_trise_s = 5.9424110000e-09
m_tfall_s = 7.1203950000e-09
m_tpdlh_s = 5.0742640000e-09
m_tpdhl_s = 5.5711340000e-09
m_ipeak_source_a = 8.4908757085e-01
m_ipeak_sink_a = 6.1279658211e-01
m_vout_max_v = 4.5047297360e+00
m_vout_min_v = -2.267082782e-03
m_vin_max_v = 2.9700000000e+00
m_vin_min_v = 0.0000000000e+00
m_indrv_max_v = 4.5045903612e+00
m_indrv_min_v = -2.197129352e-03
m_n1_max_v = 4.6001643064e+00
m_n1_min_v = -4.322502107e-02
m_n2_max_v = 4.5755421625e+00
m_n2_min_v = -3.548688988e-02
m_n3_max_v = 4.5530877145e+00
m_n3_min_v = -2.719561643e-02
m_n4_max_v = 4.5506323985e+00
m_n4_min_v = -2.644241538e-02
m_n5_max_v = 4.5514564125e+00
m_n5_min_v = -2.591082574e-02
Note: Simulation executed from .control section 

Note: vimeas: has no value, DC 0 assumed
