
Note: No compatibility mode selected!


Circuit: * gate-driver-core-drive @ sf_27c_vlogic3p30v-vdrv6p00v -- generated by sim/harness, do not edit

Doing analysis at TEMP = 27.000000 and TNOM = 27.000000

Using SPARSE 1.3 as Direct Linear Solver

Initial Transient Solution
--------------------------

Node                                   Voltage
----                                   -------
x1.inb                                     3.3
in                                           0
gnd_logic                                    0
vdd_logic                                  3.3
x1.na                                  2.37426
x1.nb                              5.47397e-10
x1.nca                                       6
gnd_drv                            4.44699e-12
x1.ncb                             1.63614e-09
vdd_drv                                      6
x1.nbuf1                                     6
in_drv                             1.23696e-09
x1.nccomp1                         1.53635e-09
x1.nccomp2                         1.43655e-09
x1.nccomp3                         1.33676e-09
x2.n1                                        6
x2.n2                               2.4424e-09
x2.n3                                        6
x2.n4                              3.62123e-09
x2.n5                                        6
out                                3.84043e-09
outcap                             3.84043e-09
vimeas#branch                     -3.38813e-21
vin#branch                                   0
vgnd_logic#branch                  4.46072e-09
vsup_drv#branch                   -4.44532e-09
vsup_logic#branch                 -3.76459e-12

 Reference value :  1.41209e-07
 Reference value :  3.24122e-07
 Reference value :  5.75022e-07
No. of Data Rows : 7209
trise10_90          =  4.05326e-09 targ=  2.65251e-08 trig=  2.24718e-08
tfall10_90          =  5.06144e-09 targ=  3.28399e-07 trig=  3.23338e-07
tpdlh               =  3.54120e-09 targ=  2.40412e-08 trig=  2.05000e-08
tpdhl               =  4.10311e-09 targ=  3.25603e-07 trig=  3.21500e-07
m_trise_s = 4.0532550000e-09
m_tfall_s = 5.0614360000e-09
m_tpdlh_s = 3.5412030000e-09
m_tpdhl_s = 4.1031080000e-09
m_ipeak_source_a = 1.5832938923e+00
m_ipeak_sink_a = 1.0891397069e+00
m_vout_max_v = 6.0053571604e+00
m_vout_min_v = -2.626496269e-03
m_vin_max_v = 3.3000000000e+00
m_vin_min_v = 0.0000000000e+00
m_indrv_max_v = 6.0015854508e+00
m_indrv_min_v = -4.640822677e-04
m_n1_max_v = 6.1064098960e+00
m_n1_min_v = -4.475832217e-02
m_n2_max_v = 6.0846723810e+00
m_n2_min_v = -4.032517313e-02
m_n3_max_v = 6.0555713547e+00
m_n3_min_v = -2.969995135e-02
m_n4_max_v = 6.0518976638e+00
m_n4_min_v = -2.848248651e-02
m_n5_max_v = 6.0524008779e+00
m_n5_min_v = -2.828905430e-02
Note: Simulation executed from .control section 

Note: vimeas: has no value, DC 0 assumed
