
Note: No compatibility mode selected!


Circuit: * gate-driver-core-drive @ sf_27c_vlogic2p97v-vdrv4p50v -- generated by sim/harness, do not edit

Doing analysis at TEMP = 27.000000 and TNOM = 27.000000

Using SPARSE 1.3 as Direct Linear Solver

Initial Transient Solution
--------------------------

Node                                   Voltage
----                                   -------
x1.inb                                    2.97
in                                           0
gnd_logic                                    0
vdd_logic                                 2.97
x1.na                                  2.08839
x1.nb                              4.32008e-10
x1.nca                                     4.5
gnd_drv                            3.33175e-12
x1.ncb                             1.33575e-09
vdd_drv                                    4.5
x1.nbuf1                                   4.5
in_drv                             1.08116e-09
x1.nccomp1                          1.2721e-09
x1.nccomp2                         1.20845e-09
x1.nccomp3                          1.1448e-09
x2.n1                                      4.5
x2.n2                              2.13549e-09
x2.n3                                      4.5
x2.n4                              3.16789e-09
x2.n5                                      4.5
out                                3.35968e-09
outcap                             3.35968e-09
vimeas#branch                                0
vin#branch                                   0
vgnd_logic#branch                  3.34291e-09
vsup_drv#branch                     -3.331e-09
vsup_logic#branch                 -3.31672e-12

 Reference value :  1.41879e-07
 Reference value :  3.70420e-07
 Reference value :  6.26320e-07
No. of Data Rows : 7197
trise10_90          =  4.86732e-09 targ=  2.77413e-08 trig=  2.28740e-08
tfall10_90          =  5.80375e-09 targ=  3.29445e-07 trig=  3.23641e-07
tpdlh               =  4.26109e-09 targ=  2.47611e-08 trig=  2.05000e-08
tpdhl               =  4.72549e-09 targ=  3.26225e-07 trig=  3.21500e-07
m_trise_s = 4.8673250000e-09
m_tfall_s = 5.8037490000e-09
m_tpdlh_s = 4.2610930000e-09
m_tpdhl_s = 4.7254920000e-09
m_ipeak_source_a = 9.9354446402e-01
m_ipeak_sink_a = 7.1723851718e-01
m_vout_max_v = 4.5051578042e+00
m_vout_min_v = -2.593330348e-03
m_vin_max_v = 2.9700000000e+00
m_vin_min_v = 0.0000000000e+00
m_indrv_max_v = 4.5226417345e+00
m_indrv_min_v = -8.606889560e-03
m_n1_max_v = 4.6084550981e+00
m_n1_min_v = -4.696731609e-02
m_n2_max_v = 4.5769499325e+00
m_n2_min_v = -3.644290421e-02
m_n3_max_v = 4.5552131396e+00
m_n3_min_v = -2.891290057e-02
m_n4_max_v = 4.5535788240e+00
m_n4_min_v = -2.843854659e-02
m_n5_max_v = 4.5541591537e+00
m_n5_min_v = -2.702570582e-02
Note: Simulation executed from .control section 

Note: vimeas: has no value, DC 0 assumed
