
Note: No compatibility mode selected!


Circuit: * gate-driver-core-drive @ ss_-40c_vlogic2p97v-vdrv4p50v -- generated by sim/harness, do not edit

Doing analysis at TEMP = -40.000000 and TNOM = 27.000000

Using SPARSE 1.3 as Direct Linear Solver

Initial Transient Solution
--------------------------

Node                                   Voltage
----                                   -------
x1.inb                                    2.97
in                                           0
gnd_logic                                    0
vdd_logic                                 2.97
x1.na                                  1.93132
x1.nb                              3.50729e-10
x1.nca                                     4.5
gnd_drv                            3.23796e-12
x1.ncb                             1.06976e-09
vdd_drv                                    4.5
x1.nbuf1                                   4.5
in_drv                             8.22718e-10
x1.nccomp1                           1.008e-09
x1.nccomp2                         9.46239e-10
x1.nccomp3                         8.84479e-10
x2.n1                                      4.5
x2.n2                              1.62029e-09
x2.n3                                      4.5
x2.n4                              2.42885e-09
x2.n5                                      4.5
out                                2.57586e-09
outcap                             2.57586e-09
vimeas#branch                      1.69407e-21
vin#branch                                   0
vgnd_logic#branch                  3.24776e-09
vsup_drv#branch                   -3.23781e-09
vsup_logic#branch                 -2.97632e-12

 Reference value :  1.51628e-07
 Reference value :  3.66133e-07
 Reference value :  6.17233e-07
No. of Data Rows : 7204
trise10_90          =  5.52945e-09 targ=  2.86525e-08 trig=  2.31230e-08
tfall10_90          =  5.38448e-09 targ=  3.29205e-07 trig=  3.23821e-07
tpdlh               =  4.87676e-09 targ=  2.53768e-08 trig=  2.05000e-08
tpdhl               =  4.81612e-09 targ=  3.26316e-07 trig=  3.21500e-07
m_trise_s = 5.5294530000e-09
m_tfall_s = 5.3844800000e-09
m_tpdlh_s = 4.8767620000e-09
m_tpdhl_s = 4.8161230000e-09
m_ipeak_source_a = 8.3108969020e-01
m_ipeak_sink_a = 7.3783143498e-01
m_vout_max_v = 4.5057670074e+00
m_vout_min_v = -3.651132461e-03
m_vin_max_v = 2.9700000000e+00
m_vin_min_v = 0.0000000000e+00
m_indrv_max_v = 4.5468031228e+00
m_indrv_min_v = -1.641867791e-02
m_n1_max_v = 4.6151345352e+00
m_n1_min_v = -5.702402261e-02
m_n2_max_v = 4.5748899420e+00
m_n2_min_v = -4.017340081e-02
m_n3_max_v = 4.5608355205e+00
m_n3_min_v = -3.128664371e-02
m_n4_max_v = 4.5588119541e+00
m_n4_min_v = -3.136267089e-02
m_n5_max_v = 4.5602954472e+00
m_n5_min_v = -3.140838598e-02
Note: Simulation executed from .control section 

Note: vimeas: has no value, DC 0 assumed
