
Note: No compatibility mode selected!


Circuit: * gate-driver-core-drive @ ss_-40c_vlogic3p30v-vdrv6p00v -- generated by sim/harness, do not edit

Doing analysis at TEMP = -40.000000 and TNOM = 27.000000

Using SPARSE 1.3 as Direct Linear Solver

Initial Transient Solution
--------------------------

Node                                   Voltage
----                                   -------
x1.inb                                     3.3
in                                           0
gnd_logic                                    0
vdd_logic                                  3.3
x1.na                                  2.21542
x1.nb                              4.46975e-10
x1.nca                                       6
gnd_drv                            4.32023e-12
x1.ncb                             1.30703e-09
vdd_drv                                      6
x1.nbuf1                                     6
in_drv                             9.26231e-10
x1.nccomp1                         1.21183e-09
x1.nccomp2                         1.11663e-09
x1.nccomp3                         1.02143e-09
x2.n1                                        6
x2.n2                              1.82332e-09
x2.n3                                        6
x2.n4                              2.73198e-09
x2.n5                                        6
out                                2.89729e-09
outcap                             2.89729e-09
vimeas#branch                                0
vin#branch                                   0
vgnd_logic#branch                  4.33227e-09
vsup_drv#branch                    -4.3183e-09
vsup_logic#branch                 -3.29281e-12

 Reference value :  1.45900e-07
 Reference value :  3.64323e-07
 Reference value :  6.08923e-07
No. of Data Rows : 7226
trise10_90          =  4.47754e-09 targ=  2.70971e-08 trig=  2.26196e-08
tfall10_90          =  4.67857e-09 targ=  3.28137e-07 trig=  3.23459e-07
tpdlh               =  3.93265e-09 targ=  2.44327e-08 trig=  2.05000e-08
tpdhl               =  4.14000e-09 targ=  3.25640e-07 trig=  3.21500e-07
m_trise_s = 4.4775370000e-09
m_tfall_s = 4.6785670000e-09
m_tpdlh_s = 3.9326510000e-09
m_tpdhl_s = 4.1399980000e-09
m_ipeak_source_a = 1.3625319487e+00
m_ipeak_sink_a = 1.1293078033e+00
m_vout_max_v = 6.0060326550e+00
m_vout_min_v = -3.660015381e-03
m_vin_max_v = 3.3000000000e+00
m_vin_min_v = 0.0000000000e+00
m_indrv_max_v = 6.0002875347e+00
m_indrv_min_v = -6.849688841e-03
m_n1_max_v = 6.1237773578e+00
m_n1_min_v = -5.411148217e-02
m_n2_max_v = 6.0833469049e+00
m_n2_min_v = -4.352953679e-02
m_n3_max_v = 6.0616787206e+00
m_n3_min_v = -3.251812817e-02
m_n4_max_v = 6.0583655338e+00
m_n4_min_v = -3.201201126e-02
m_n5_max_v = 6.0597572621e+00
m_n5_min_v = -3.153371193e-02
Note: Simulation executed from .control section 

Note: vimeas: has no value, DC 0 assumed
