
Note: No compatibility mode selected!


Circuit: * gate-driver-core-drive @ ss_125c_vlogic3p30v-vdrv6p00v -- generated by sim/harness, do not edit

Doing analysis at TEMP = 125.000000 and TNOM = 27.000000

Using SPARSE 1.3 as Direct Linear Solver

Initial Transient Solution
--------------------------

Node                                   Voltage
----                                   -------
x1.inb                                     3.3
in                                           0
gnd_logic                                    0
vdd_logic                                  3.3
x1.na                                  2.37866
x1.nb                              7.50744e-10
x1.nca                                       6
gnd_drv                            5.85645e-12
x1.ncb                              2.3854e-09
vdd_drv                                      6
x1.nbuf1                                     6
in_drv                             2.07271e-09
x1.nccomp1                         2.30722e-09
x1.nccomp2                         2.22905e-09
x1.nccomp3                         2.15088e-09
x2.n1                                        6
x2.n2                              4.16696e-09
x2.n3                                        6
x2.n4                              5.87092e-09
x2.n5                                        6
out                                6.22638e-09
outcap                             6.22638e-09
vimeas#branch                                0
vin#branch                                   0
vgnd_logic#branch                  6.29293e-09
vsup_drv#branch                   -6.16692e-09
vsup_logic#branch                 -1.27479e-10

 Reference value :  1.53072e-07
 Reference value :  3.52632e-07
 Reference value :  5.96632e-07
No. of Data Rows : 7197
trise10_90          =  6.53002e-09 targ=  2.99735e-08 trig=  2.34435e-08
tfall10_90          =  6.53364e-09 targ=  3.30661e-07 trig=  3.24127e-07
tpdlh               =  5.41631e-09 targ=  2.59163e-08 trig=  2.05000e-08
tpdhl               =  5.42201e-09 targ=  3.26922e-07 trig=  3.21500e-07
m_trise_s = 6.5300230000e-09
m_tfall_s = 6.5336350000e-09
m_tpdlh_s = 5.4163110000e-09
m_tpdhl_s = 5.4220140000e-09
m_ipeak_source_a = 1.0132074408e+00
m_ipeak_sink_a = 8.8175890827e-01
m_vout_max_v = 6.0052047938e+00
m_vout_min_v = -3.279551531e-03
m_vin_max_v = 3.3000000000e+00
m_vin_min_v = 0.0000000000e+00
m_indrv_max_v = 6.0026552692e+00
m_indrv_min_v = -8.663680950e-04
m_n1_max_v = 6.1067342769e+00
m_n1_min_v = -5.289114329e-02
m_n2_max_v = 6.0835526933e+00
m_n2_min_v = -4.643549713e-02
m_n3_max_v = 6.0604584573e+00
m_n3_min_v = -3.369661361e-02
m_n4_max_v = 6.0568759601e+00
m_n4_min_v = -3.279226355e-02
m_n5_max_v = 6.0570007417e+00
m_n5_min_v = -3.256685928e-02
Note: Simulation executed from .control section 

Note: vimeas: has no value, DC 0 assumed
