
Note: No compatibility mode selected!


Circuit: * gate-driver-core-drive @ ss_125c_vlogic3p63v-vdrv5p50v -- generated by sim/harness, do not edit

Doing analysis at TEMP = 125.000000 and TNOM = 27.000000

Using SPARSE 1.3 as Direct Linear Solver

Initial Transient Solution
--------------------------

Node                                   Voltage
----                                   -------
x1.inb                                    3.63
in                                           0
gnd_logic                                    0
vdd_logic                                 3.63
x1.na                                  2.63661
x1.nb                              6.55157e-10
x1.nca                                     5.5
gnd_drv                            5.33668e-12
x1.ncb                             2.04032e-09
vdd_drv                                    5.5
x1.nbuf1                                   5.5
in_drv                              1.9901e-09
x1.nccomp1                         2.02776e-09
x1.nccomp2                         2.01521e-09
x1.nccomp3                         2.00266e-09
x2.n1                                      5.5
x2.n2                              4.00556e-09
x2.n3                                      5.5
x2.n4                              5.62651e-09
x2.n5                                      5.5
out                                5.96719e-09
outcap                             5.96719e-09
vimeas#branch                     -6.77626e-21
vin#branch                                   0
vgnd_logic#branch                  5.85217e-09
vsup_drv#branch                   -5.69166e-09
vsup_logic#branch                 -1.58079e-10

 Reference value :  1.32937e-07
 Reference value :  3.72841e-07
 Reference value :  6.17041e-07
No. of Data Rows : 7194
trise10_90          =  7.01040e-09 targ=  3.07011e-08 trig=  2.36907e-08
tfall10_90          =  6.77463e-09 targ=  3.30992e-07 trig=  3.24217e-07
tpdlh               =  5.85030e-09 targ=  2.63503e-08 trig=  2.05000e-08
tpdhl               =  5.61359e-09 targ=  3.27114e-07 trig=  3.21500e-07
m_trise_s = 7.0104020000e-09
m_tfall_s = 6.7746340000e-09
m_tpdlh_s = 5.8502950000e-09
m_tpdhl_s = 5.6135920000e-09
m_ipeak_source_a = 8.6103763847e-01
m_ipeak_sink_a = 7.7423592625e-01
m_vout_max_v = 5.5051272598e+00
m_vout_min_v = -3.250914846e-03
m_vin_max_v = 3.6300000000e+00
m_vin_min_v = 0.0000000000e+00
m_indrv_max_v = 5.5014871247e+00
m_indrv_min_v = -2.126164024e-03
m_n1_max_v = 5.6103532170e+00
m_n1_min_v = -5.372193793e-02
m_n2_max_v = 5.5803637967e+00
m_n2_min_v = -4.479092175e-02
m_n3_max_v = 5.5607683429e+00
m_n3_min_v = -3.321969759e-02
m_n4_max_v = 5.5567699770e+00
m_n4_min_v = -3.217112759e-02
m_n5_max_v = 5.5580942694e+00
m_n5_min_v = -3.216758382e-02
Note: Simulation executed from .control section 

Note: vimeas: has no value, DC 0 assumed
