
Note: No compatibility mode selected!


Circuit: * gate-driver-core-drive @ ss_27c_vlogic2p97v-vdrv4p50v -- generated by sim/harness, do not edit

Doing analysis at TEMP = 27.000000 and TNOM = 27.000000

Using SPARSE 1.3 as Direct Linear Solver

Initial Transient Solution
--------------------------

Node                                   Voltage
----                                   -------
x1.inb                                    2.97
in                                           0
gnd_logic                                    0
vdd_logic                                 2.97
x1.na                                   2.0582
x1.nb                              4.36244e-10
x1.nca                                     4.5
gnd_drv                            3.23873e-12
x1.ncb                             1.37443e-09
vdd_drv                                    4.5
x1.nbuf1                                   4.5
in_drv                             1.08928e-09
x1.nccomp1                         1.30314e-09
x1.nccomp2                         1.23186e-09
x1.nccomp3                         1.16057e-09
x2.n1                                      4.5
x2.n2                              2.14555e-09
x2.n3                                      4.5
x2.n4                               3.2172e-09
x2.n5                                      4.5
out                                3.41199e-09
outcap                             3.41199e-09
vimeas#branch                                0
vin#branch                                   0
vgnd_logic#branch                  3.24923e-09
vsup_drv#branch                   -3.24213e-09
vsup_logic#branch                  -3.1533e-12

 Reference value :  1.78905e-08
 Reference value :  1.81473e-07
 Reference value :  3.92551e-07
 Reference value :  6.51451e-07
No. of Data Rows : 7266
trise10_90          =  6.74354e-09 targ=  3.03272e-08 trig=  2.35836e-08
tfall10_90          =  6.16427e-09 targ=  3.30326e-07 trig=  3.24161e-07
tpdlh               =  5.74553e-09 targ=  2.62455e-08 trig=  2.05000e-08
tpdhl               =  5.41643e-09 targ=  3.26916e-07 trig=  3.21500e-07
m_trise_s = 6.7435400000e-09
m_tfall_s = 6.1642670000e-09
m_tpdlh_s = 5.7455320000e-09
m_tpdhl_s = 5.4164270000e-09
m_ipeak_source_a = 6.9989846716e-01
m_ipeak_sink_a = 6.6957665125e-01
m_vout_max_v = 4.5053261924e+00
m_vout_min_v = -3.468793090e-03
m_vin_max_v = 2.9700000000e+00
m_vin_min_v = 0.0000000000e+00
m_indrv_max_v = 4.5314816034e+00
m_indrv_min_v = -1.487119043e-02
m_n1_max_v = 4.6067002770e+00
m_n1_min_v = -5.552885287e-02
m_n2_max_v = 4.5757540147e+00
m_n2_min_v = -4.166625719e-02
m_n3_max_v = 4.5613237593e+00
m_n3_min_v = -3.143046961e-02
m_n4_max_v = 4.5584940958e+00
m_n4_min_v = -3.163398525e-02
m_n5_max_v = 4.5593601276e+00
m_n5_min_v = -3.157740378e-02
Note: Simulation executed from .control section 

Note: vimeas: has no value, DC 0 assumed
