
Note: No compatibility mode selected!


Circuit: * gate-driver-core-drive @ ss_27c_vlogic3p63v-vdrv5p50v -- generated by sim/harness, do not edit

Doing analysis at TEMP = 27.000000 and TNOM = 27.000000

Using SPARSE 1.3 as Direct Linear Solver

Initial Transient Solution
--------------------------

Node                                   Voltage
----                                   -------
x1.inb                                    3.63
in                                           0
gnd_logic                                    0
vdd_logic                                 3.63
x1.na                                  2.60581
x1.nb                              4.84754e-10
x1.nca                                     5.5
gnd_drv                             3.9609e-12
x1.ncb                               1.432e-09
vdd_drv                                    5.5
x1.nbuf1                                   5.5
in_drv                              1.1821e-09
x1.nccomp1                         1.36952e-09
x1.nccomp2                         1.30705e-09
x1.nccomp3                         1.24458e-09
x2.n1                                      5.5
x2.n2                              2.32782e-09
x2.n3                                      5.5
x2.n4                              3.48941e-09
x2.n5                                      5.5
out                                3.70065e-09
outcap                             3.70065e-09
vimeas#branch                                0
vin#branch                                   0
vgnd_logic#branch                  3.97402e-09
vsup_drv#branch                   -3.95839e-09
vsup_logic#branch                 -3.93535e-12

 Reference value :  1.30994e-07
 Reference value :  3.31062e-07
 Reference value :  5.86562e-07
No. of Data Rows : 7219
trise10_90          =  5.72844e-09 targ=  2.88784e-08 trig=  2.31500e-08
tfall10_90          =  5.54486e-09 targ=  3.29340e-07 trig=  3.23795e-07
tpdlh               =  4.89580e-09 targ=  2.53958e-08 trig=  2.05000e-08
tpdhl               =  4.78325e-09 targ=  3.26283e-07 trig=  3.21500e-07
m_trise_s = 5.7284390000e-09
m_tfall_s = 5.5448560000e-09
m_tpdlh_s = 4.8958000000e-09
m_tpdhl_s = 4.7832510000e-09
m_ipeak_source_a = 1.0145511622e+00
m_ipeak_sink_a = 8.9575263040e-01
m_vout_max_v = 5.5055948619e+00
m_vout_min_v = -3.549122975e-03
m_vin_max_v = 3.6300000000e+00
m_vin_min_v = 0.0000000000e+00
m_indrv_max_v = 5.5020347518e+00
m_indrv_min_v = -6.289540804e-03
m_n1_max_v = 5.6188113573e+00
m_n1_min_v = -5.562891027e-02
m_n2_max_v = 5.5818080345e+00
m_n2_min_v = -4.453155381e-02
m_n3_max_v = 5.5627277719e+00
m_n3_min_v = -3.320196190e-02
m_n4_max_v = 5.5608370454e+00
m_n4_min_v = -3.269697091e-02
m_n5_max_v = 5.5609958469e+00
m_n5_min_v = -3.230789894e-02
Note: Simulation executed from .control section 

Note: vimeas: has no value, DC 0 assumed
