
Note: No compatibility mode selected!


Circuit: * gate-driver-core-drive @ tt_-40c_vlogic2p97v-vdrv4p50v -- generated by sim/harness, do not edit

Doing analysis at TEMP = -40.000000 and TNOM = 27.000000

Using SPARSE 1.3 as Direct Linear Solver

Initial Transient Solution
--------------------------

Node                                   Voltage
----                                   -------
x1.inb                                    2.97
in                                           0
gnd_logic                                    0
vdd_logic                                 2.97
x1.na                                   2.0517
x1.nb                              3.28714e-10
x1.nca                                     4.5
gnd_drv                            3.28751e-12
x1.ncb                             9.36969e-10
vdd_drv                                    4.5
x1.nbuf1                                   4.5
in_drv                             7.29762e-10
x1.nccomp1                         8.85167e-10
x1.nccomp2                         8.33365e-10
x1.nccomp3                         7.81564e-10
x2.n1                                      4.5
x2.n2                              1.43532e-09
x2.n3                                      4.5
x2.n4                              2.14175e-09
x2.n5                                      4.5
out                                2.27135e-09
outcap                             2.27135e-09
vimeas#branch                     -1.69407e-21
vin#branch                                   0
vgnd_logic#branch                  3.29748e-09
vsup_drv#branch                   -3.28495e-09
vsup_logic#branch                 -2.97632e-12

 Reference value :  1.52244e-07
 Reference value :  3.75391e-07
 Reference value :  6.30391e-07
No. of Data Rows : 7209
trise10_90          =  4.52545e-09 targ=  2.70645e-08 trig=  2.25390e-08
tfall10_90          =  4.35013e-09 targ=  3.27659e-07 trig=  3.23309e-07
tpdlh               =  3.87081e-09 targ=  2.43708e-08 trig=  2.05000e-08
tpdhl               =  3.79578e-09 targ=  3.25296e-07 trig=  3.21500e-07
m_trise_s = 4.5254490000e-09
m_tfall_s = 4.3501330000e-09
m_tpdlh_s = 3.8708120000e-09
m_tpdhl_s = 3.7957810000e-09
m_ipeak_source_a = 1.0145999267e+00
m_ipeak_sink_a = 9.1699959834e-01
m_vout_max_v = 4.5048363557e+00
m_vout_min_v = -2.991423935e-03
m_vin_max_v = 2.9700000000e+00
m_vin_min_v = 0.0000000000e+00
m_indrv_max_v = 4.5256994729e+00
m_indrv_min_v = -1.141470592e-02
m_n1_max_v = 4.6031274862e+00
m_n1_min_v = -5.010234585e-02
m_n2_max_v = 4.5698475015e+00
m_n2_min_v = -3.844597289e-02
m_n3_max_v = 4.5547311210e+00
m_n3_min_v = -2.938268081e-02
m_n4_max_v = 4.5531291901e+00
m_n4_min_v = -2.904288482e-02
m_n5_max_v = 4.5533126304e+00
m_n5_min_v = -2.859181297e-02
Note: Simulation executed from .control section 

Note: vimeas: has no value, DC 0 assumed
