
Note: No compatibility mode selected!


Circuit: * gate-driver-core-drive @ tt_125c_vlogic2p97v-vdrv4p50v -- generated by sim/harness, do not edit

Doing analysis at TEMP = 125.000000 and TNOM = 27.000000

Using SPARSE 1.3 as Direct Linear Solver

Initial Transient Solution
--------------------------

Node                                   Voltage
----                                   -------
x1.inb                                    2.97
in                                           0
gnd_logic                                    0
vdd_logic                                 2.97
x1.na                                  2.14369
x1.nb                              6.62714e-10
x1.nca                                 4.49999
gnd_drv                            1.23469e-11
x1.ncb                                2.01e-09
vdd_drv                                    4.5
x1.nbuf1                                   4.5
in_drv                              2.5958e-09
x1.nccomp1                         2.15645e-09
x1.nccomp2                          2.3029e-09
x1.nccomp3                         2.44935e-09
x2.n1                                      4.5
x2.n2                              5.44291e-09
x2.n3                                      4.5
x2.n4                              6.63752e-09
x2.n5                                      4.5
out                                7.03905e-09
outcap                             7.03905e-09
vimeas#branch                                0
vin#branch                                   0
vgnd_logic#branch                  1.54914e-08
vsup_drv#branch                   -1.45826e-08
vsup_logic#branch                 -9.11573e-10

 Reference value :  1.58083e-07
 Reference value :  3.97480e-07
 Reference value :  6.32780e-07
No. of Data Rows : 7179
trise10_90          =  6.72560e-09 targ=  3.01206e-08 trig=  2.33950e-08
tfall10_90          =  6.25119e-09 targ=  3.30227e-07 trig=  3.23976e-07
tpdlh               =  5.43001e-09 targ=  2.59300e-08 trig=  2.05000e-08
tpdhl               =  5.11847e-09 targ=  3.26618e-07 trig=  3.21500e-07
m_trise_s = 6.7255950000e-09
m_tfall_s = 6.2511870000e-09
m_tpdlh_s = 5.4300120000e-09
m_tpdhl_s = 5.1184750000e-09
m_ipeak_source_a = 7.4442426404e-01
m_ipeak_sink_a = 6.9883205180e-01
m_vout_max_v = 4.5041753625e+00
m_vout_min_v = -2.574631067e-03
m_vin_max_v = 2.9700000000e+00
m_vin_min_v = 0.0000000000e+00
m_indrv_max_v = 4.5012616902e+00
m_indrv_min_v = -2.661380760e-03
m_n1_max_v = 4.5900444463e+00
m_n1_min_v = -4.480646611e-02
m_n2_max_v = 4.5681124434e+00
m_n2_min_v = -3.731229082e-02
m_n3_max_v = 4.5512233134e+00
m_n3_min_v = -2.767956497e-02
m_n4_max_v = 4.5476191975e+00
m_n4_min_v = -2.700710351e-02
m_n5_max_v = 4.5487153170e+00
m_n5_min_v = -2.644936911e-02
Note: Simulation executed from .control section 

Note: vimeas: has no value, DC 0 assumed
