
Note: No compatibility mode selected!


Circuit: * gate-driver-core-drive @ tt_125c_vlogic3p30v-vdrv5p00v -- generated by sim/harness, do not edit

Doing analysis at TEMP = 125.000000 and TNOM = 27.000000

Using SPARSE 1.3 as Direct Linear Solver

Initial Transient Solution
--------------------------

Node                                   Voltage
----                                   -------
x1.inb                                     3.3
in                                           0
gnd_logic                                    0
vdd_logic                                  3.3
x1.na                                  2.41486
x1.nb                              6.90689e-10
x1.nca                                 4.99999
gnd_drv                            1.37362e-11
x1.ncb                             2.05193e-09
vdd_drv                                      5
x1.nbuf1                                     5
in_drv                             2.68985e-09
x1.nccomp1                         2.21141e-09
x1.nccomp2                         2.37089e-09
x1.nccomp3                         2.53037e-09
x2.n1                                        5
x2.n2                              5.63296e-09
x2.n3                                        5
x2.n4                              6.89203e-09
x2.n5                                        5
out                                 7.3089e-09
outcap                              7.3089e-09
vimeas#branch                                0
vin#branch                                   0
vgnd_logic#branch                  1.75376e-08
vsup_drv#branch                   -1.63972e-08
vsup_logic#branch                 -1.14092e-09

 Reference value :  1.73256e-07
 Reference value :  3.99628e-07
 Reference value :  6.41528e-07
No. of Data Rows : 7187
trise10_90          =  6.16994e-09 targ=  2.93508e-08 trig=  2.31809e-08
tfall10_90          =  5.94514e-09 targ=  3.29745e-07 trig=  3.23800e-07
tpdlh               =  5.00160e-09 targ=  2.55016e-08 trig=  2.05000e-08
tpdhl               =  4.81712e-09 targ=  3.26317e-07 trig=  3.21500e-07
m_trise_s = 6.1699390000e-09
m_tfall_s = 5.9451390000e-09
m_tpdlh_s = 5.0016030000e-09
m_tpdhl_s = 4.8171150000e-09
m_ipeak_source_a = 9.0039158418e-01
m_ipeak_sink_a = 8.1696044191e-01
m_vout_max_v = 5.0042654487e+00
m_vout_min_v = -2.606427668e-03
m_vin_max_v = 3.3000000000e+00
m_vin_min_v = 0.0000000000e+00
m_indrv_max_v = 5.0007914949e+00
m_indrv_min_v = -6.013003612e-04
m_n1_max_v = 5.0929762091e+00
m_n1_min_v = -4.497513698e-02
m_n2_max_v = 5.0709728357e+00
m_n2_min_v = -3.965900912e-02
m_n3_max_v = 5.0515287793e+00
m_n3_min_v = -2.861056499e-02
m_n4_max_v = 5.0485686798e+00
m_n4_min_v = -2.756264310e-02
m_n5_max_v = 5.0489276942e+00
m_n5_min_v = -2.712315761e-02
Note: Simulation executed from .control section 

Note: vimeas: has no value, DC 0 assumed
