
Note: No compatibility mode selected!


Circuit: * gate-driver-core-drive @ tt_27c_vlogic3p30v-vdrv5p00v -- generated by sim/harness, do not edit

Doing analysis at TEMP = 27.000000 and TNOM = 27.000000

Using SPARSE 1.3 as Direct Linear Solver

Initial Transient Solution
--------------------------

Node                                   Voltage
----                                   -------
x1.inb                                     3.3
in                                           0
gnd_logic                                    0
vdd_logic                                  3.3
x1.na                                  2.43056
x1.nb                              4.29032e-10
x1.nca                                       5
gnd_drv                            3.66947e-12
x1.ncb                             1.22233e-09
vdd_drv                                      5
x1.nbuf1                                     5
in_drv                             1.00112e-09
x1.nccomp1                         1.16702e-09
x1.nccomp2                         1.11172e-09
x1.nccomp3                         1.05642e-09
x2.n1                                        5
x2.n2                               1.9693e-09
x2.n3                                        5
x2.n4                              2.93847e-09
x2.n5                                        5
out                                3.11633e-09
outcap                             3.11633e-09
vimeas#branch                      3.38813e-21
vin#branch                                   0
vgnd_logic#branch                  3.69348e-09
vsup_drv#branch                   -3.67021e-09
vsup_logic#branch                  -7.5056e-12

 Reference value :  1.57527e-07
 Reference value :  3.88071e-07
 Reference value :  6.47871e-07
No. of Data Rows : 7205
trise10_90          =  5.06195e-09 targ=  2.77855e-08 trig=  2.27236e-08
tfall10_90          =  4.80025e-09 targ=  3.28235e-07 trig=  3.23435e-07
tpdlh               =  4.19627e-09 targ=  2.46963e-08 trig=  2.05000e-08
tpdhl               =  4.05711e-09 targ=  3.25557e-07 trig=  3.21500e-07
m_trise_s = 5.0619550000e-09
m_tfall_s = 4.8002510000e-09
m_tpdlh_s = 4.1962680000e-09
m_tpdhl_s = 4.0571090000e-09
m_ipeak_source_a = 1.0546509756e+00
m_ipeak_sink_a = 9.5854135248e-01
m_vout_max_v = 5.0045880439e+00
m_vout_min_v = -2.898593449e-03
m_vin_max_v = 3.3000000000e+00
m_vin_min_v = 0.0000000000e+00
m_indrv_max_v = 5.0002528673e+00
m_indrv_min_v = -4.287539901e-03
m_n1_max_v = 5.1004555126e+00
m_n1_min_v = -4.884025622e-02
m_n2_max_v = 5.0731874704e+00
m_n2_min_v = -4.070807777e-02
m_n3_max_v = 5.0549405832e+00
m_n3_min_v = -2.956593921e-02
m_n4_max_v = 5.0529484534e+00
m_n4_min_v = -2.914277323e-02
m_n5_max_v = 5.0527143746e+00
m_n5_min_v = -2.846303465e-02
Note: Simulation executed from .control section 

Note: vimeas: has no value, DC 0 assumed
