
Note: No compatibility mode selected!


Circuit: * gate-driver-core-drive @ tt_27c_vlogic3p63v-vdrv5p50v -- generated by sim/harness, do not edit

Doing analysis at TEMP = 27.000000 and TNOM = 27.000000

Using SPARSE 1.3 as Direct Linear Solver

Initial Transient Solution
--------------------------

Node                                   Voltage
----                                   -------
x1.inb                                    3.63
in                                           0
gnd_logic                                    0
vdd_logic                                 3.63
x1.na                                  2.70975
x1.nb                              4.55705e-10
x1.nca                                     5.5
gnd_drv                            4.03831e-12
x1.ncb                             1.26306e-09
vdd_drv                                    5.5
x1.nbuf1                                   5.5
in_drv                             1.05314e-09
x1.nccomp1                         1.21058e-09
x1.nccomp2                          1.1581e-09
x1.nccomp3                         1.10562e-09
x2.n1                                      5.5
x2.n2                              2.07133e-09
x2.n3                                      5.5
x2.n4                              3.09032e-09
x2.n5                                      5.5
out                                3.27737e-09
outcap                             3.27737e-09
vimeas#branch                                0
vin#branch                                   0
vgnd_logic#branch                  4.06717e-09
vsup_drv#branch                   -4.05476e-09
vsup_logic#branch                 -9.28929e-12

 Reference value :  1.58641e-07
 Reference value :  3.55761e-07
 Reference value :  6.15361e-07
No. of Data Rows : 7214
trise10_90          =  4.74197e-09 targ=  2.73406e-08 trig=  2.25987e-08
tfall10_90          =  4.61415e-09 targ=  3.27939e-07 trig=  3.23324e-07
tpdlh               =  3.94444e-09 targ=  2.44444e-08 trig=  2.05000e-08
tpdhl               =  3.86775e-09 targ=  3.25368e-07 trig=  3.21500e-07
m_trise_s = 4.7419740000e-09
m_tfall_s = 4.6141530000e-09
m_tpdlh_s = 3.9444450000e-09
m_tpdhl_s = 3.8677520000e-09
m_ipeak_source_a = 1.2360660197e+00
m_ipeak_sink_a = 1.0977843532e+00
m_vout_max_v = 5.5047728079e+00
m_vout_min_v = -2.903028731e-03
m_vin_max_v = 3.6300000000e+00
m_vin_min_v = 0.0000000000e+00
m_indrv_max_v = 5.5003721245e+00
m_indrv_min_v = -4.808911816e-04
m_n1_max_v = 5.6001952811e+00
m_n1_min_v = -4.774577849e-02
m_n2_max_v = 5.5755182259e+00
m_n2_min_v = -4.203843294e-02
m_n3_max_v = 5.5556722078e+00
m_n3_min_v = -2.992196848e-02
m_n4_max_v = 5.5520148902e+00
m_n4_min_v = -2.903429763e-02
m_n5_max_v = 5.5523719506e+00
m_n5_min_v = -2.906961420e-02
Note: Simulation executed from .control section 

Note: vimeas: has no value, DC 0 assumed
