
Note: No compatibility mode selected!


Circuit: * gate-driver-core-drive @ tt_27c_vlogic2p97v-vdrv4p50v -- generated by sim/harness, do not edit

Doing analysis at TEMP = 27.000000 and TNOM = 27.000000

Using SPARSE 1.3 as Direct Linear Solver

Initial Transient Solution
--------------------------

Node                                   Voltage
----                                   -------
x1.inb                                    2.97
in                                           0
gnd_logic                                    0
vdd_logic                                 2.97
x1.na                                  2.15512
x1.nb                               4.0438e-10
x1.nca                                     4.5
gnd_drv                            3.30106e-12
x1.ncb                             1.18876e-09
vdd_drv                                    4.5
x1.nbuf1                                   4.5
in_drv                             9.55231e-10
x1.nccomp1                         1.13037e-09
x1.nccomp2                         1.07199e-09
x1.nccomp3                         1.01361e-09
x2.n1                                      4.5
x2.n2                              1.87928e-09
x2.n3                                      4.5
x2.n4                              2.80467e-09
x2.n5                                      4.5
out                                2.97445e-09
outcap                             2.97445e-09
vimeas#branch                      3.38813e-21
vin#branch                                   0
vgnd_logic#branch                  3.32113e-09
vsup_drv#branch                   -3.30491e-09
vsup_logic#branch                 -6.13402e-12

 Reference value :  1.36573e-07
 Reference value :  3.49203e-07
 Reference value :  6.03903e-07
No. of Data Rows : 7194
trise10_90          =  5.47459e-09 targ=  2.83643e-08 trig=  2.28897e-08
tfall10_90          =  5.05340e-09 targ=  3.28631e-07 trig=  3.23577e-07
tpdlh               =  4.52808e-09 targ=  2.50281e-08 trig=  2.05000e-08
tpdhl               =  4.30632e-09 targ=  3.25806e-07 trig=  3.21500e-07
m_trise_s = 5.4745890000e-09
m_tfall_s = 5.0533980000e-09
m_tpdlh_s = 4.5280750000e-09
m_tpdhl_s = 4.3063170000e-09
m_ipeak_source_a = 8.7485961688e-01
m_ipeak_sink_a = 8.2768074833e-01
m_vout_max_v = 4.5045028434e+00
m_vout_min_v = -2.858696010e-03
m_vin_max_v = 2.9700000000e+00
m_vin_min_v = 0.0000000000e+00
m_indrv_max_v = 4.5071004850e+00
m_indrv_min_v = -8.486471291e-03
m_n1_max_v = 4.5971891612e+00
m_n1_min_v = -4.835592487e-02
m_n2_max_v = 4.5690139482e+00
m_n2_min_v = -3.906387805e-02
m_n3_max_v = 4.5541832454e+00
m_n3_min_v = -2.899390176e-02
m_n4_max_v = 4.5521338652e+00
m_n4_min_v = -2.870165730e-02
m_n5_max_v = 4.5521374325e+00
m_n5_min_v = -2.813497688e-02
Note: Simulation executed from .control section 

Note: vimeas: has no value, DC 0 assumed
