
Note: No compatibility mode selected!


Circuit: * level-shifter-oxide-safety @ ff_-40c_vlogic3p63v-vdrv5p50v -- generated by sim/harness, do not edit

Doing analysis at TEMP = -40.000000 and TNOM = 27.000000

Using SPARSE 1.3 as Direct Linear Solver

Initial Transient Solution
--------------------------

Node                                   Voltage
----                                   -------
inb                                       3.63
in                                           0
gnd_logic                                    0
vdd_logic                                 3.63
na                                     2.59105
nb                                 3.23223e-07
nca                                    5.49998
gnd_drv                            1.90941e-11
ncb                                8.22339e-07
vdd_drv                                    5.5
nbuf1                                      5.5
out                                5.24603e-07
vin#branch                                   0
vgnd_logic#branch                  3.08167e-08
vsup_drv#branch                   -2.71863e-08
vsup_logic#branch                 -3.63041e-09

 Reference value :  6.54096e-08
 Reference value :  1.52070e-07
No. of Data Rows : 10062
mq1                 =  3.63482e+00 at=  1.41061e-07
mq2                 =  3.63000e+00 at=  2.00000e-07
mq3                 =  3.63000e+00 at=  1.80000e-07
mq4                 =  3.63032e+00 at=  1.80837e-07
mq5                 =  3.65018e+00 at=  2.00700e-08
mq6                 =  3.65018e+00 at=  1.00070e-07
na_peak             =  2.67595e+00 at=  2.00700e-08
nb_peak             =  2.64678e+00 at=  6.07700e-08
t_plh               =  5.19729e-10 targ=  2.07470e-08 trig=  2.02273e-08
t_phl               =  2.32510e-10 targ=  6.10052e-08 trig=  6.07727e-08
vout_hi_abs         =  5.50000e+00
vout_lo_abs         =  5.24603e-07
vdrv_now            =  5.50000e+00
m_vgate_thinox_max = 3.6501850000e+00
m_vna_peak = 2.6759490000e+00
m_vnb_peak = 2.6467830000e+00
m_t_plh_ns = 5.1972850000e-01
m_t_phl_ns = 2.3250970000e-01
m_vout_hi_ratio = 9.9999963636e-01
m_vout_lo_ratio = 9.5382454545e-08
Note: Simulation executed from .control section 

