
Note: No compatibility mode selected!


Circuit: * level-shifter-oxide-safety @ ff_-40c_vlogic3p30v-vdrv5p00v -- generated by sim/harness, do not edit

Doing analysis at TEMP = -40.000000 and TNOM = 27.000000

Using SPARSE 1.3 as Direct Linear Solver

Initial Transient Solution
--------------------------

Node                                   Voltage
----                                   -------
inb                                        3.3
in                                           0
gnd_logic                                    0
vdd_logic                                  3.3
na                                     2.30487
nb                                 3.00422e-07
nca                                    4.99998
gnd_drv                            1.73071e-11
ncb                                7.88578e-07
vdd_drv                                      5
nbuf1                                        5
out                                4.97383e-07
vin#branch                                   0
vgnd_logic#branch                  2.79132e-08
vsup_drv#branch                   -2.46129e-08
vsup_logic#branch                 -3.30026e-09

 Reference value :  6.83767e-08
 Reference value :  1.53517e-07
No. of Data Rows : 10059
mq1                 =  3.30425e+00 at=  6.10706e-08
mq2                 =  3.30000e+00 at=  2.00000e-07
mq3                 =  3.30000e+00 at=  1.80000e-07
mq4                 =  3.30028e+00 at=  2.08613e-08
mq5                 =  3.31999e+00 at=  2.00700e-08
mq6                 =  3.32002e+00 at=  2.00700e-08
na_peak             =  2.38471e+00 at=  2.00900e-08
nb_peak             =  2.34516e+00 at=  1.40770e-07
t_plh               =  5.19671e-10 targ=  2.07697e-08 trig=  2.02500e-08
t_phl               =  2.68758e-10 targ=  6.10188e-08 trig=  6.07500e-08
vout_hi_abs         =  5.00000e+00
vout_lo_abs         =  4.97383e-07
vdrv_now            =  5.00000e+00
m_vgate_thinox_max = 3.3200250000e+00
m_vna_peak = 2.3847110000e+00
m_vnb_peak = 2.3451630000e+00
m_t_plh_ns = 5.1967080000e-01
m_t_phl_ns = 2.6875810000e-01
m_vout_hi_ratio = 9.9999960000e-01
m_vout_lo_ratio = 9.9476660000e-08
Note: Simulation executed from .control section 

