
Note: No compatibility mode selected!


Circuit: * level-shifter-oxide-safety @ ff_125c_vlogic2p97v-vdrv4p50v -- generated by sim/harness, do not edit

Doing analysis at TEMP = 125.000000 and TNOM = 27.000000

Using SPARSE 1.3 as Direct Linear Solver

Initial Transient Solution
--------------------------

Node                                   Voltage
----                                   -------
inb                                    2.96999
in                                           0
gnd_logic                                    0
vdd_logic                                 2.97
na                                     2.17409
nb                                 4.36093e-07
nca                                    4.49992
gnd_drv                            1.64872e-11
ncb                                1.26454e-06
vdd_drv                                    4.5
nbuf1                                  4.49999
out                                8.57648e-07
vin#branch                                   0
vgnd_logic#branch                  5.57357e-08
vsup_drv#branch                   -4.39743e-08
vsup_logic#branch                 -1.17613e-08

 Reference value :  6.74249e-08
 Reference value :  1.53165e-07
No. of Data Rows : 10038
mq1                 =  2.97318e+00 at=  1.41225e-07
mq2                 =  2.97000e+00 at=  2.00000e-07
mq3                 =  2.97000e+00 at=  1.80000e-07
mq4                 =  2.97007e+00 at=  2.12292e-08
mq5                 =  2.99364e+00 at=  2.00700e-08
mq6                 =  2.99371e+00 at=  1.80070e-07
na_peak             =  2.23150e+00 at=  2.00700e-08
nb_peak             =  2.20865e+00 at=  1.40770e-07
t_plh               =  7.51961e-10 targ=  2.10297e-08 trig=  2.02778e-08
t_phl               =  3.98627e-10 targ=  6.11208e-08 trig=  6.07222e-08
vout_hi_abs         =  4.50000e+00
vout_lo_abs         =  8.57648e-07
vdrv_now            =  4.50000e+00
m_vgate_thinox_max = 2.9937130000e+00
m_vna_peak = 2.2314970000e+00
m_vnb_peak = 2.2086510000e+00
m_t_plh_ns = 7.5196080000e-01
m_t_phl_ns = 3.9862670000e-01
m_vout_hi_ratio = 9.9999911111e-01
m_vout_lo_ratio = 1.9058833333e-07
Note: Simulation executed from .control section 

