
Note: No compatibility mode selected!


Circuit: * level-shifter-oxide-safety @ ff_125c_vlogic3p63v-vdrv5p50v -- generated by sim/harness, do not edit

Doing analysis at TEMP = 125.000000 and TNOM = 27.000000

Using SPARSE 1.3 as Direct Linear Solver

Initial Transient Solution
--------------------------

Node                                   Voltage
----                                   -------
inb                                    3.62999
in                                           0
gnd_logic                                    0
vdd_logic                                 3.63
na                                     2.72507
nb                                 4.87214e-07
nca                                     5.4999
gnd_drv                            2.02819e-11
ncb                                1.36488e-06
vdd_drv                                    5.5
nbuf1                                  5.49999
out                                9.67939e-07
vin#branch                                   0
vgnd_logic#branch                  7.76792e-08
vsup_drv#branch                   -5.93286e-08
vsup_logic#branch                 -1.83505e-08

 Reference value :  7.10952e-08
 Reference value :  1.69815e-07
No. of Data Rows : 10040
mq1                 =  3.63399e+00 at=  6.11567e-08
mq2                 =  3.63000e+00 at=  2.00000e-07
mq3                 =  3.63000e+00 at=  1.80000e-07
mq4                 =  3.63010e+00 at=  2.11070e-08
mq5                 =  3.65476e+00 at=  2.00500e-08
mq6                 =  3.65502e+00 at=  2.00500e-08
na_peak             =  2.78265e+00 at=  2.00500e-08
nb_peak             =  2.76386e+00 at=  1.40730e-07
t_plh               =  7.02122e-10 targ=  2.09294e-08 trig=  2.02273e-08
t_phl               =  3.05369e-10 targ=  6.10781e-08 trig=  6.07727e-08
vout_hi_abs         =  5.50000e+00
vout_lo_abs         =  9.67939e-07
vdrv_now            =  5.50000e+00
m_vgate_thinox_max = 3.6550200000e+00
m_vna_peak = 2.7826530000e+00
m_vnb_peak = 2.7638590000e+00
m_t_plh_ns = 7.0212250000e-01
m_t_phl_ns = 3.0536900000e-01
m_vout_hi_ratio = 9.9999927273e-01
m_vout_lo_ratio = 1.7598887273e-07
Note: Simulation executed from .control section 

