
Note: No compatibility mode selected!


Circuit: * level-shifter-oxide-safety @ ff_27c_vlogic3p30v-vdrv5p00v -- generated by sim/harness, do not edit

Doing analysis at TEMP = 27.000000 and TNOM = 27.000000

Using SPARSE 1.3 as Direct Linear Solver

Initial Transient Solution
--------------------------

Node                                   Voltage
----                                   -------
inb                                        3.3
in                                           0
gnd_logic                                    0
vdd_logic                                  3.3
na                                     2.39033
nb                                 3.62308e-07
nca                                    4.99998
gnd_drv                            1.73958e-11
ncb                                9.87893e-07
vdd_drv                                      5
nbuf1                                  4.99999
out                                 6.4832e-07
vin#branch                                   0
vgnd_logic#branch                  2.83205e-08
vsup_drv#branch                   -2.49377e-08
vsup_logic#branch                 -3.38288e-09

 Reference value :  6.60848e-08
 Reference value :  1.53565e-07
No. of Data Rows : 10050
mq1                 =  3.30399e+00 at=  6.11284e-08
mq2                 =  3.30000e+00 at=  2.00000e-07
mq3                 =  3.30000e+00 at=  1.80000e-07
mq4                 =  3.30016e+00 at=  2.09766e-08
mq5                 =  3.32235e+00 at=  1.00070e-07
mq6                 =  3.32239e+00 at=  1.00070e-07
na_peak             =  2.46476e+00 at=  2.00700e-08
nb_peak             =  2.41813e+00 at=  6.07700e-08
t_plh               =  6.04426e-10 targ=  2.08544e-08 trig=  2.02500e-08
t_phl               =  3.02465e-10 targ=  6.10525e-08 trig=  6.07500e-08
vout_hi_abs         =  5.00000e+00
vout_lo_abs         =  6.48320e-07
vdrv_now            =  5.00000e+00
m_vgate_thinox_max = 3.3223880000e+00
m_vna_peak = 2.4647580000e+00
m_vnb_peak = 2.4181350000e+00
m_t_plh_ns = 6.0442590000e-01
m_t_phl_ns = 3.0246490000e-01
m_vout_hi_ratio = 9.9999960000e-01
m_vout_lo_ratio = 1.2966392000e-07
Note: Simulation executed from .control section 

