
Note: No compatibility mode selected!


Circuit: * level-shifter-oxide-safety @ fs_27c_vlogic3p30v-vdrv6p00v -- generated by sim/harness, do not edit

Doing analysis at TEMP = 27.000000 and TNOM = 27.000000

Using SPARSE 1.3 as Direct Linear Solver

Initial Transient Solution
--------------------------

Node                                   Voltage
----                                   -------
inb                                        3.3
in                                           0
gnd_logic                                    0
vdd_logic                                  3.3
na                                     2.37281
nb                                 4.45074e-07
nca                                    5.99997
gnd_drv                            2.03889e-11
ncb                                1.22744e-06
vdd_drv                                      6
nbuf1                                  5.99999
out                                7.50298e-07
vin#branch                                   0
vgnd_logic#branch                   3.2176e-08
vsup_drv#branch                   -2.88358e-08
vsup_logic#branch                 -3.34021e-09

 Reference value :  6.55639e-08
 Reference value :  1.52664e-07
No. of Data Rows : 10048
mq1                 =  3.30520e+00 at=  6.11906e-08
mq2                 =  3.30000e+00 at=  2.00000e-07
mq3                 =  3.30000e+00 at=  1.80000e-07
mq4                 =  3.30014e+00 at=  2.10590e-08
mq5                 =  3.32792e+00 at=  2.00700e-08
mq6                 =  3.32806e+00 at=  2.00700e-08
na_peak             =  2.45244e+00 at=  2.00700e-08
nb_peak             =  2.40878e+00 at=  1.40810e-07
t_plh               =  6.37031e-10 targ=  2.08870e-08 trig=  2.02500e-08
t_phl               =  3.75056e-10 targ=  6.11251e-08 trig=  6.07500e-08
vout_hi_abs         =  6.00000e+00
vout_lo_abs         =  7.50298e-07
vdrv_now            =  6.00000e+00
m_vgate_thinox_max = 3.3280580000e+00
m_vna_peak = 2.4524390000e+00
m_vnb_peak = 2.4087810000e+00
m_t_plh_ns = 6.3703090000e-01
m_t_phl_ns = 3.7505630000e-01
m_vout_hi_ratio = 9.9999950000e-01
m_vout_lo_ratio = 1.2504963333e-07
Note: Simulation executed from .control section 

