
Note: No compatibility mode selected!


Circuit: * level-shifter-oxide-safety @ fs_27c_vlogic3p63v-vdrv5p50v -- generated by sim/harness, do not edit

Doing analysis at TEMP = 27.000000 and TNOM = 27.000000

Using SPARSE 1.3 as Direct Linear Solver

Initial Transient Solution
--------------------------

Node                                   Voltage
----                                   -------
inb                                       3.63
in                                           0
gnd_logic                                    0
vdd_logic                                 3.63
na                                     2.63966
nb                                 3.95407e-07
nca                                    5.49997
gnd_drv                            1.91438e-11
ncb                                1.06305e-06
vdd_drv                                    5.5
nbuf1                                  5.49999
out                                7.08162e-07
vin#branch                                   0
vgnd_logic#branch                  3.10629e-08
vsup_drv#branch                   -2.73773e-08
vsup_logic#branch                 -3.68555e-09

 Reference value :  6.73369e-08
 Reference value :  1.53437e-07
No. of Data Rows : 10049
mq1                 =  3.63471e+00 at=  6.11816e-08
mq2                 =  3.63000e+00 at=  2.00000e-07
mq3                 =  3.63000e+00 at=  1.80000e-07
mq4                 =  3.63007e+00 at=  2.11492e-08
mq5                 =  3.65763e+00 at=  2.00700e-08
mq6                 =  3.65768e+00 at=  2.00700e-08
na_peak             =  2.72142e+00 at=  2.00700e-08
nb_peak             =  2.67248e+00 at=  1.40790e-07
t_plh               =  7.39865e-10 targ=  2.09671e-08 trig=  2.02273e-08
t_phl               =  3.36925e-10 targ=  6.11097e-08 trig=  6.07727e-08
vout_hi_abs         =  5.50000e+00
vout_lo_abs         =  7.08162e-07
vdrv_now            =  5.50000e+00
m_vgate_thinox_max = 3.6576800000e+00
m_vna_peak = 2.7214240000e+00
m_vnb_peak = 2.6724830000e+00
m_t_plh_ns = 7.3986520000e-01
m_t_phl_ns = 3.3692470000e-01
m_vout_hi_ratio = 9.9999945455e-01
m_vout_lo_ratio = 1.2875676364e-07
Note: Simulation executed from .control section 

