
Note: No compatibility mode selected!


Circuit: * level-shifter-oxide-safety @ sf_-40c_vlogic2p97v-vdrv4p50v -- generated by sim/harness, do not edit

Doing analysis at TEMP = -40.000000 and TNOM = 27.000000

Using SPARSE 1.3 as Direct Linear Solver

Initial Transient Solution
--------------------------

Node                                   Voltage
----                                   -------
inb                                       2.97
in                                           0
gnd_logic                                    0
vdd_logic                                 2.97
na                                     1.81612
nb                                 3.15253e-07
nca                                    4.49999
gnd_drv                            1.53181e-11
ncb                                9.43457e-07
vdd_drv                                    4.5
nbuf1                                      4.5
out                                5.82413e-07
vin#branch                                   0
vgnd_logic#branch                  2.46047e-08
vsup_drv#branch                   -2.16346e-08
vsup_logic#branch                    -2.97e-09

 Reference value :  6.85258e-08
 Reference value :  1.56846e-07
No. of Data Rows : 10043
mq1                 =  2.97332e+00 at=  6.11706e-08
mq2                 =  2.97000e+00 at=  2.00000e-07
mq3                 =  2.97000e+00 at=  1.80000e-07
mq4                 =  2.97043e+00 at=  1.81027e-07
mq5                 =  2.99178e+00 at=  2.01100e-08
mq6                 =  2.99183e+00 at=  2.01100e-08
na_peak             =  1.94642e+00 at=  2.01300e-08
nb_peak             =  1.89932e+00 at=  6.07900e-08
t_plh               =  6.36092e-10 targ=  2.09139e-08 trig=  2.02778e-08
t_phl               =  3.73695e-10 targ=  6.10959e-08 trig=  6.07222e-08
vout_hi_abs         =  4.50000e+00
vout_lo_abs         =  5.82413e-07
vdrv_now            =  4.50000e+00
m_vgate_thinox_max = 2.9918300000e+00
m_vna_peak = 1.9464240000e+00
m_vnb_peak = 1.8993150000e+00
m_t_plh_ns = 6.3609200000e-01
m_t_phl_ns = 3.7369530000e-01
m_vout_hi_ratio = 9.9999955556e-01
m_vout_lo_ratio = 1.2942513333e-07
Note: Simulation executed from .control section 

