
Note: No compatibility mode selected!


Circuit: * level-shifter-oxide-safety @ sf_125c_vlogic3p63v-vdrv5p50v -- generated by sim/harness, do not edit

Doing analysis at TEMP = 125.000000 and TNOM = 27.000000

Using SPARSE 1.3 as Direct Linear Solver

Initial Transient Solution
--------------------------

Node                                   Voltage
----                                   -------
inb                                       3.63
in                                           0
gnd_logic                                    0
vdd_logic                                 3.63
na                                     2.57177
nb                                 5.58283e-07
nca                                    5.49997
gnd_drv                            1.91272e-11
ncb                                 1.7087e-06
vdd_drv                                    5.5
nbuf1                                  5.49999
out                                1.18905e-06
vin#branch                                   0
vgnd_logic#branch                  3.16562e-08
vsup_drv#branch                   -2.77652e-08
vsup_logic#branch                 -3.89106e-09

 Reference value :  6.83685e-08
 Reference value :  1.55429e-07
No. of Data Rows : 10038
mq1                 =  3.63364e+00 at=  1.41249e-07
mq2                 =  3.63000e+00 at=  2.00000e-07
mq3                 =  3.63000e+00 at=  1.80000e-07
mq4                 =  3.63033e+00 at=  2.12300e-08
mq5                 =  3.65914e+00 at=  1.00070e-07
mq6                 =  3.65940e+00 at=  1.00070e-07
na_peak             =  2.66851e+00 at=  2.00900e-08
nb_peak             =  2.59764e+00 at=  1.40770e-07
t_plh               =  8.31548e-10 targ=  2.10588e-08 trig=  2.02273e-08
t_phl               =  3.76513e-10 targ=  6.11492e-08 trig=  6.07727e-08
vout_hi_abs         =  5.50000e+00
vout_lo_abs         =  1.18905e-06
vdrv_now            =  5.50000e+00
m_vgate_thinox_max = 3.6593970000e+00
m_vna_peak = 2.6685140000e+00
m_vnb_peak = 2.5976390000e+00
m_t_plh_ns = 8.3154800000e-01
m_t_phl_ns = 3.7651300000e-01
m_vout_hi_ratio = 9.9999945455e-01
m_vout_lo_ratio = 2.1619072727e-07
Note: Simulation executed from .control section 

