
Note: No compatibility mode selected!


Circuit: * level-shifter-oxide-safety @ sf_125c_vlogic3p30v-vdrv5p00v -- generated by sim/harness, do not edit

Doing analysis at TEMP = 125.000000 and TNOM = 27.000000

Using SPARSE 1.3 as Direct Linear Solver

Initial Transient Solution
--------------------------

Node                                   Voltage
----                                   -------
inb                                        3.3
in                                           0
gnd_logic                                    0
vdd_logic                                  3.3
na                                     2.29867
nb                                 5.33423e-07
nca                                    4.99997
gnd_drv                            1.73481e-11
ncb                                1.66532e-06
vdd_drv                                      5
nbuf1                                  4.99999
out                                1.13301e-06
vin#branch                                   0
vgnd_logic#branch                  2.86369e-08
vsup_drv#branch                   -2.51282e-08
vsup_logic#branch                 -3.50866e-09

 Reference value :  8.37241e-08
No. of Data Rows : 10038
mq1                 =  3.30330e+00 at=  1.41284e-07
mq2                 =  3.30000e+00 at=  2.00000e-07
mq3                 =  3.30000e+00 at=  1.80000e-07
mq4                 =  3.30029e+00 at=  1.81286e-07
mq5                 =  3.32845e+00 at=  1.80090e-07
mq6                 =  3.32853e+00 at=  1.80090e-07
na_peak             =  2.39910e+00 at=  2.00900e-08
nb_peak             =  2.32573e+00 at=  1.40770e-07
t_plh               =  8.65053e-10 targ=  2.11151e-08 trig=  2.02500e-08
t_phl               =  4.26278e-10 targ=  6.11763e-08 trig=  6.07500e-08
vout_hi_abs         =  5.00000e+00
vout_lo_abs         =  1.13301e-06
vdrv_now            =  5.00000e+00
m_vgate_thinox_max = 3.3285320000e+00
m_vna_peak = 2.3990950000e+00
m_vnb_peak = 2.3257300000e+00
m_t_plh_ns = 8.6505340000e-01
m_t_phl_ns = 4.2627770000e-01
m_vout_hi_ratio = 9.9999940000e-01
m_vout_lo_ratio = 2.2660200000e-07
Note: Simulation executed from .control section 

