
Note: No compatibility mode selected!


Circuit: * level-shifter-oxide-safety @ sf_125c_vlogic2p97v-vdrv4p50v -- generated by sim/harness, do not edit

Doing analysis at TEMP = 125.000000 and TNOM = 27.000000

Using SPARSE 1.3 as Direct Linear Solver

Initial Transient Solution
--------------------------

Node                                   Voltage
----                                   -------
inb                                       2.97
in                                           0
gnd_logic                                    0
vdd_logic                                 2.97
na                                      2.0295
nb                                 5.10862e-07
nca                                    4.49997
gnd_drv                            1.55744e-11
ncb                                1.63169e-06
vdd_drv                                    4.5
nbuf1                                  4.49999
out                                1.08392e-06
vin#branch                                   0
vgnd_logic#branch                  2.56534e-08
vsup_drv#branch                    -2.2514e-08
vsup_logic#branch                 -3.13942e-09

 Reference value :  7.83900e-08
No. of Data Rows : 10038
mq1                 =  2.97291e+00 at=  1.41330e-07
mq2                 =  2.97000e+00 at=  2.00000e-07
mq3                 =  2.97000e+00 at=  1.80000e-07
mq4                 =  2.97026e+00 at=  1.81370e-07
mq5                 =  2.99834e+00 at=  2.00900e-08
mq6                 =  2.99853e+00 at=  1.00090e-07
na_peak             =  2.12647e+00 at=  2.01100e-08
nb_peak             =  2.05346e+00 at=  1.40790e-07
t_plh               =  9.10787e-10 targ=  2.11886e-08 trig=  2.02778e-08
t_phl               =  4.88055e-10 targ=  6.12103e-08 trig=  6.07222e-08
vout_hi_abs         =  4.50000e+00
vout_lo_abs         =  1.08392e-06
vdrv_now            =  4.50000e+00
m_vgate_thinox_max = 2.9985310000e+00
m_vna_peak = 2.1264680000e+00
m_vnb_peak = 2.0534600000e+00
m_t_plh_ns = 9.1078700000e-01
m_t_phl_ns = 4.8805520000e-01
m_vout_hi_ratio = 9.9999933333e-01
m_vout_lo_ratio = 2.4087066667e-07
Note: Simulation executed from .control section 

