
Note: No compatibility mode selected!


Circuit: * level-shifter-oxide-safety @ ss_-40c_vlogic2p97v-vdrv4p50v -- generated by sim/harness, do not edit

Doing analysis at TEMP = -40.000000 and TNOM = 27.000000

Using SPARSE 1.3 as Direct Linear Solver

Initial Transient Solution
--------------------------

Node                                   Voltage
----                                   -------
inb                                       2.97
in                                           0
gnd_logic                                    0
vdd_logic                                 2.97
na                                     1.78388
nb                                 3.22641e-07
nca                                    4.49998
gnd_drv                            1.52856e-11
ncb                                 9.8409e-07
vdd_drv                                    4.5
nbuf1                                  4.49999
out                                6.07408e-07
vin#branch                                   0
vgnd_logic#branch                  2.45399e-08
vsup_drv#branch                   -2.15699e-08
vsup_logic#branch                    -2.97e-09

 Reference value :  6.72407e-08
 Reference value :  1.53261e-07
No. of Data Rows : 10038
mq1                 =  2.97353e+00 at=  1.41301e-07
mq2                 =  2.97000e+00 at=  2.00000e-07
mq3                 =  2.97000e+00 at=  1.80000e-07
mq4                 =  2.97029e+00 at=  1.81249e-07
mq5                 =  2.99844e+00 at=  2.01300e-08
mq6                 =  2.99847e+00 at=  2.01300e-08
na_peak             =  1.92330e+00 at=  2.01300e-08
nb_peak             =  1.88412e+00 at=  1.40830e-07
t_plh               =  8.38453e-10 targ=  2.11162e-08 trig=  2.02778e-08
t_phl               =  4.73489e-10 targ=  6.11957e-08 trig=  6.07222e-08
vout_hi_abs         =  4.50000e+00
vout_lo_abs         =  6.07408e-07
vdrv_now            =  4.50000e+00
m_vgate_thinox_max = 2.9984680000e+00
m_vna_peak = 1.9233010000e+00
m_vnb_peak = 1.8841240000e+00
m_t_plh_ns = 8.3845270000e-01
m_t_phl_ns = 4.7348880000e-01
m_vout_hi_ratio = 9.9999955556e-01
m_vout_lo_ratio = 1.3497948889e-07
Note: Simulation executed from .control section 

