
Note: No compatibility mode selected!


Circuit: * level-shifter-oxide-safety @ ss_27c_vlogic3p30v-vdrv5p00v -- generated by sim/harness, do not edit

Doing analysis at TEMP = 27.000000 and TNOM = 27.000000

Using SPARSE 1.3 as Direct Linear Solver

Initial Transient Solution
--------------------------

Node                                   Voltage
----                                   -------
inb                                        3.3
in                                           0
gnd_logic                                    0
vdd_logic                                  3.3
na                                     2.14451
nb                                 4.22396e-07
nca                                    4.99997
gnd_drv                            1.71468e-11
ncb                                1.28601e-06
vdd_drv                                      5
nbuf1                                  4.99999
out                                8.35998e-07
vin#branch                                   0
vgnd_logic#branch                  2.75924e-08
vsup_drv#branch                   -2.42921e-08
vsup_logic#branch                 -3.30023e-09

 Reference value :  6.81454e-08
 Reference value :  1.56625e-07
No. of Data Rows : 10038
mq1                 =  3.30397e+00 at=  1.41325e-07
mq2                 =  3.30000e+00 at=  2.00000e-07
mq3                 =  3.30000e+00 at=  1.80000e-07
mq4                 =  3.30023e+00 at=  1.01369e-07
mq5                 =  3.33142e+00 at=  2.00900e-08
mq6                 =  3.33159e+00 at=  1.80090e-07
na_peak             =  2.27097e+00 at=  2.01100e-08
nb_peak             =  2.20848e+00 at=  1.40810e-07
t_plh               =  9.39615e-10 targ=  2.11896e-08 trig=  2.02500e-08
t_phl               =  4.66248e-10 targ=  6.12162e-08 trig=  6.07500e-08
vout_hi_abs         =  5.00000e+00
vout_lo_abs         =  8.35998e-07
vdrv_now            =  5.00000e+00
m_vgate_thinox_max = 3.3315910000e+00
m_vna_peak = 2.2709750000e+00
m_vnb_peak = 2.2084780000e+00
m_t_plh_ns = 9.3961490000e-01
m_t_phl_ns = 4.6624780000e-01
m_vout_hi_ratio = 9.9999940000e-01
m_vout_lo_ratio = 1.6719960000e-07
Note: Simulation executed from .control section 

