
Note: No compatibility mode selected!


Circuit: * level-shifter-oxide-safety @ ss_27c_vlogic3p30v-vdrv6p00v -- generated by sim/harness, do not edit

Doing analysis at TEMP = 27.000000 and TNOM = 27.000000

Using SPARSE 1.3 as Direct Linear Solver

Initial Transient Solution
--------------------------

Node                                   Voltage
----                                   -------
inb                                        3.3
in                                           0
gnd_logic                                    0
vdd_logic                                  3.3
na                                     2.15541
nb                                 5.06876e-07
nca                                    5.99997
gnd_drv                             2.0178e-11
ncb                                1.54322e-06
vdd_drv                                      6
nbuf1                                  5.99999
out                                9.13803e-07
vin#branch                                   0
vgnd_logic#branch                  3.16346e-08
vsup_drv#branch                   -2.83343e-08
vsup_logic#branch                 -3.30024e-09

 Reference value :  6.65380e-08
 Reference value :  1.56298e-07
No. of Data Rows : 10040
mq1                 =  3.30471e+00 at=  1.41299e-07
mq2                 =  3.30000e+00 at=  2.00000e-07
mq3                 =  3.30000e+00 at=  1.80000e-07
mq4                 =  3.30034e+00 at=  2.12046e-08
mq5                 =  3.33142e+00 at=  2.00900e-08
mq6                 =  3.33159e+00 at=  1.00090e-07
na_peak             =  2.28186e+00 at=  2.01100e-08
nb_peak             =  2.21972e+00 at=  1.40810e-07
t_plh               =  7.78251e-10 targ=  2.10283e-08 trig=  2.02500e-08
t_phl               =  4.59314e-10 targ=  6.12093e-08 trig=  6.07500e-08
vout_hi_abs         =  6.00000e+00
vout_lo_abs         =  9.13803e-07
vdrv_now            =  6.00000e+00
m_vgate_thinox_max = 3.3315910000e+00
m_vna_peak = 2.2818550000e+00
m_vnb_peak = 2.2197250000e+00
m_t_plh_ns = 7.7825110000e-01
m_t_phl_ns = 4.5931430000e-01
m_vout_hi_ratio = 9.9999950000e-01
m_vout_lo_ratio = 1.5230050000e-07
Note: Simulation executed from .control section 

