
Note: No compatibility mode selected!


Circuit: * level-shifter-oxide-safety @ tt_125c_vlogic3p30v-vdrv5p00v -- generated by sim/harness, do not edit

Doing analysis at TEMP = 125.000000 and TNOM = 27.000000

Using SPARSE 1.3 as Direct Linear Solver

Initial Transient Solution
--------------------------

Node                                   Voltage
----                                   -------
inb                                        3.3
in                                           0
gnd_logic                                    0
vdd_logic                                  3.3
na                                     2.37797
nb                                 5.01757e-07
nca                                    4.99996
gnd_drv                            1.74584e-11
ncb                                1.49064e-06
vdd_drv                                      5
nbuf1                                  4.99999
out                                1.01139e-06
vin#branch                                   0
vgnd_logic#branch                  3.18646e-08
vsup_drv#branch                    -2.7427e-08
vsup_logic#branch                 -4.43762e-09

 Reference value :  6.68648e-08
 Reference value :  1.53465e-07
No. of Data Rows : 10038
mq1                 =  3.30380e+00 at=  1.41285e-07
mq2                 =  3.30000e+00 at=  2.00000e-07
mq3                 =  3.30000e+00 at=  1.80000e-07
mq4                 =  3.30013e+00 at=  2.13483e-08
mq5                 =  3.32959e+00 at=  1.80070e-07
mq6                 =  3.32984e+00 at=  1.80070e-07
na_peak             =  2.45819e+00 at=  2.00700e-08
nb_peak             =  2.40080e+00 at=  1.40790e-07
t_plh               =  8.88871e-10 targ=  2.11389e-08 trig=  2.02500e-08
t_phl               =  4.28644e-10 targ=  6.11786e-08 trig=  6.07500e-08
vout_hi_abs         =  5.00000e+00
vout_lo_abs         =  1.01139e-06
vdrv_now            =  5.00000e+00
m_vgate_thinox_max = 3.3298440000e+00
m_vna_peak = 2.4581950000e+00
m_vnb_peak = 2.4008000000e+00
m_t_plh_ns = 8.8887060000e-01
m_t_phl_ns = 4.2864410000e-01
m_vout_hi_ratio = 9.9999940000e-01
m_vout_lo_ratio = 2.0227740000e-07
Note: Simulation executed from .control section 

