
Note: No compatibility mode selected!


Circuit: * level-shifter-oxide-safety @ tt_27c_vlogic3p30v-vdrv6p00v -- generated by sim/harness, do not edit

Doing analysis at TEMP = 27.000000 and TNOM = 27.000000

Using SPARSE 1.3 as Direct Linear Solver

Initial Transient Solution
--------------------------

Node                                   Voltage
----                                   -------
inb                                        3.3
in                                           0
gnd_logic                                    0
vdd_logic                                  3.3
na                                     2.28459
nb                                 4.68874e-07
nca                                    5.99998
gnd_drv                             2.0302e-11
ncb                                1.33584e-06
vdd_drv                                      6
nbuf1                                  5.99999
out                                8.02366e-07
vin#branch                                   0
vgnd_logic#branch                   3.1899e-08
vsup_drv#branch                   -2.85948e-08
vsup_logic#branch                  -3.3042e-09

 Reference value :  6.56536e-08
 Reference value :  1.51714e-07
No. of Data Rows : 10050
mq1                 =  3.30474e+00 at=  6.11806e-08
mq2                 =  3.30000e+00 at=  2.00000e-07
mq3                 =  3.30000e+00 at=  1.80000e-07
mq4                 =  3.30033e+00 at=  2.10161e-08
mq5                 =  3.32636e+00 at=  2.00900e-08
mq6                 =  3.32642e+00 at=  2.00700e-08
na_peak             =  2.38422e+00 at=  2.00900e-08
nb_peak             =  2.32892e+00 at=  1.40790e-07
t_plh               =  6.18172e-10 targ=  2.08682e-08 trig=  2.02500e-08
t_phl               =  3.66089e-10 targ=  6.11161e-08 trig=  6.07500e-08
vout_hi_abs         =  6.00000e+00
vout_lo_abs         =  8.02366e-07
vdrv_now            =  6.00000e+00
m_vgate_thinox_max = 3.3264170000e+00
m_vna_peak = 2.3842190000e+00
m_vnb_peak = 2.3289200000e+00
m_t_plh_ns = 6.1817170000e-01
m_t_phl_ns = 3.6608890000e-01
m_vout_hi_ratio = 9.9999966667e-01
m_vout_lo_ratio = 1.3372766667e-07
Note: Simulation executed from .control section 

