
Note: No compatibility mode selected!


Circuit: * gate-driver-core-drive @ ff_-40c_vlogic2p97v-vdrv4p50v -- generated by sim/harness, do not edit

Doing analysis at TEMP = -40.000000 and TNOM = 27.000000

Using SPARSE 1.3 as Direct Linear Solver

Initial Transient Solution
--------------------------

Node                                   Voltage
----                                   -------
x1.inb                                    2.97
in                                           0
gnd_logic                                    0
vdd_logic                                 2.97
x1.na                                   2.1674
x1.nb                              3.09385e-10
x1.nca                                     4.5
gnd_drv                            3.34281e-12
x1.ncb                              8.4168e-10
vdd_drv                                    4.5
x1.nbuf1                                   4.5
in_drv                             6.69282e-10
x2.n1                                      4.5
x2.n2                              1.31499e-09
x2.n3                                      4.5
x2.n4                              1.95208e-09
x2.n5                                      4.5
out                                2.07018e-09
outcap                             2.07018e-09
vimeas#branch                     -1.69407e-21
vin#branch                                   0
vgnd_logic#branch                  3.35342e-09
vsup_drv#branch                   -3.34406e-09
vsup_logic#branch                 -3.14685e-12

 Reference value :  1.84891e-07
 Reference value :  4.21967e-07
 Reference value :  6.75367e-07
No. of Data Rows : 7049
trise10_90          =  3.82057e-09 targ=  2.59992e-08 trig=  2.21786e-08
tfall10_90          =  3.66162e-09 targ=  3.26646e-07 trig=  3.22984e-07
tpdlh               =  3.21402e-09 targ=  2.37140e-08 trig=  2.05000e-08
tpdhl               =  3.13371e-09 targ=  3.24634e-07 trig=  3.21500e-07
m_trise_s = 3.8205670000e-09
m_tfall_s = 3.6616230000e-09
m_tpdlh_s = 3.2140190000e-09
m_tpdhl_s = 3.1337070000e-09
m_ipeak_source_a = 1.2088487384e+00
m_ipeak_sink_a = 1.1170629684e+00
m_vout_max_v = 4.5030610022e+00
m_vout_min_v = -1.702841814e-03
m_vin_max_v = 2.9700000000e+00
m_vin_min_v = 0.0000000000e+00
m_indrv_max_v = 4.5001663122e+00
m_indrv_min_v = -2.260891431e-03
m_n1_max_v = 4.5638164986e+00
m_n1_min_v = -1.084018310e-02
m_n2_max_v = 4.5545098517e+00
m_n2_min_v = -3.057285636e-02
m_n3_max_v = 4.5384952100e+00
m_n3_min_v = -2.560815241e-02
m_n4_max_v = 4.5352629044e+00
m_n4_min_v = -2.390293961e-02
m_n5_max_v = 4.5330121892e+00
m_n5_min_v = -2.428212589e-02
Note: Simulation executed from .control section 

Note: vimeas: has no value, DC 0 assumed
