
Note: No compatibility mode selected!


Circuit: * gate-driver-core-drive @ ff_-40c_vlogic3p30v-vdrv6p00v -- generated by sim/harness, do not edit

Doing analysis at TEMP = -40.000000 and TNOM = 27.000000

Using SPARSE 1.3 as Direct Linear Solver

Initial Transient Solution
--------------------------

Node                                   Voltage
----                                   -------
x1.inb                                     3.3
in                                           0
gnd_logic                                    0
vdd_logic                                  3.3
x1.na                                  2.46574
x1.nb                              4.00057e-10
x1.nca                                       6
gnd_drv                            4.46061e-12
x1.ncb                             1.05011e-09
vdd_drv                                      6
x1.nbuf1                                     6
in_drv                             7.86012e-10
x2.n1                                        6
x2.n2                              1.54355e-09
x2.n3                                        6
x2.n4                              2.29042e-09
x2.n5                                        6
out                                2.42896e-09
outcap                             2.42896e-09
vimeas#branch                     -1.69407e-21
vin#branch                                   0
vgnd_logic#branch                  4.47373e-09
vsup_drv#branch                   -4.46435e-09
vsup_logic#branch                 -3.55926e-12

 Reference value :  1.92989e-07
 Reference value :  4.43410e-07
No. of Data Rows : 7059
trise10_90          =  3.26286e-09 targ=  2.52009e-08 trig=  2.19380e-08
tfall10_90          =  3.30007e-09 targ=  3.26112e-07 trig=  3.22811e-07
tpdlh               =  2.75011e-09 targ=  2.32501e-08 trig=  2.05000e-08
tpdhl               =  2.80667e-09 targ=  3.24307e-07 trig=  3.21500e-07
m_trise_s = 3.2628640000e-09
m_tfall_s = 3.3000700000e-09
m_tpdlh_s = 2.7501100000e-09
m_tpdhl_s = 2.8066720000e-09
m_ipeak_source_a = 1.8958008011e+00
m_ipeak_sink_a = 1.6336468460e+00
m_vout_max_v = 6.0029174875e+00
m_vout_min_v = -2.208226087e-03
m_vin_max_v = 3.3000000000e+00
m_vin_min_v = 0.0000000000e+00
m_indrv_max_v = 6.0000866607e+00
m_indrv_min_v = -2.107291767e-04
m_n1_max_v = 6.0292480290e+00
m_n1_min_v = -1.790609659e-02
m_n2_max_v = 6.0477789912e+00
m_n2_min_v = -3.449932945e-02
m_n3_max_v = 6.0369547346e+00
m_n3_min_v = -2.505386581e-02
m_n4_max_v = 6.0302932437e+00
m_n4_min_v = -2.010802705e-02
m_n5_max_v = 6.0373311947e+00
m_n5_min_v = -2.089606206e-02
Note: Simulation executed from .control section 

Note: vimeas: has no value, DC 0 assumed
