
Note: No compatibility mode selected!


Circuit: * gate-driver-core-drive @ ff_125c_vlogic3p30v-vdrv6p00v -- generated by sim/harness, do not edit

Doing analysis at TEMP = 125.000000 and TNOM = 27.000000

Using SPARSE 1.3 as Direct Linear Solver

Initial Transient Solution
--------------------------

Node                                   Voltage
----                                   -------
x1.inb                                 3.29999
in                                           0
gnd_logic                                    0
vdd_logic                                  3.3
x1.na                                  2.47237
x1.nb                              2.55842e-09
x1.nca                                 5.99994
gnd_drv                             1.6973e-10
x1.ncb                             7.28202e-09
vdd_drv                                      6
x1.nbuf1                                     6
in_drv                             1.77116e-08
x2.n1                                        6
x2.n2                              3.89476e-08
x2.n3                                        6
x2.n4                              3.92742e-08
x2.n5                                        6
out                                4.16442e-08
outcap                             4.16442e-08
vimeas#branch                                0
vin#branch                                   0
vgnd_logic#branch                  2.06756e-07
vsup_drv#branch                   -1.95479e-07
vsup_logic#branch                 -1.12709e-08

 Reference value :  1.86338e-07
 Reference value :  4.38678e-07
 Reference value :  6.96978e-07
No. of Data Rows : 7043
trise10_90          =  4.55227e-09 targ=  2.70075e-08 trig=  2.24552e-08
tfall10_90          =  4.86594e-09 targ=  3.28127e-07 trig=  3.23261e-07
tpdlh               =  3.65099e-09 targ=  2.41510e-08 trig=  2.05000e-08
tpdhl               =  3.80323e-09 targ=  3.25303e-07 trig=  3.21500e-07
m_trise_s = 4.5522670000e-09
m_tfall_s = 4.8659440000e-09
m_tpdlh_s = 3.6509870000e-09
m_tpdhl_s = 3.8032300000e-09
m_ipeak_source_a = 1.4855910053e+00
m_ipeak_sink_a = 1.2080761619e+00
m_vout_max_v = 6.0012273169e+00
m_vout_min_v = -1.516613963e-03
m_vin_max_v = 3.3000000000e+00
m_vin_min_v = 0.0000000000e+00
m_indrv_max_v = 6.0000623548e+00
m_indrv_min_v = -1.484384289e-04
m_n1_max_v = 6.0327439066e+00
m_n1_min_v = -1.433596555e-02
m_n2_max_v = 6.0421175906e+00
m_n2_min_v = -2.901770893e-02
m_n3_max_v = 6.0308680579e+00
m_n3_min_v = -2.309216638e-02
m_n4_max_v = 6.0163157316e+00
m_n4_min_v = -1.993327776e-02
m_n5_max_v = 6.0274266833e+00
m_n5_min_v = -1.864112787e-02
Note: Simulation executed from .control section 

Note: vimeas: has no value, DC 0 assumed
