
Note: No compatibility mode selected!


Circuit: * gate-driver-core-drive @ ff_125c_vlogic3p63v-vdrv5p50v -- generated by sim/harness, do not edit

Doing analysis at TEMP = 125.000000 and TNOM = 27.000000

Using SPARSE 1.3 as Direct Linear Solver

Initial Transient Solution
--------------------------

Node                                   Voltage
----                                   -------
x1.inb                                 3.62999
in                                           0
gnd_logic                                    0
vdd_logic                                 3.63
x1.na                                  2.73089
x1.nb                              2.18978e-09
x1.nca                                 5.49992
gnd_drv                            1.44436e-10
x1.ncb                             6.13442e-09
vdd_drv                                    5.5
x1.nbuf1                                   5.5
in_drv                             1.59984e-08
x2.n1                                      5.5
x2.n2                               3.5178e-08
x2.n3                                      5.5
x2.n4                              3.55411e-08
x2.n5                                      5.5
out                                3.76864e-08
outcap                             3.76864e-08
vimeas#branch                     -2.71051e-20
vin#branch                                   0
vgnd_logic#branch                  1.90119e-07
vsup_drv#branch                    -1.7539e-07
vsup_logic#branch                 -1.47242e-08

 Reference value :  1.84673e-07
 Reference value :  4.35517e-07
 Reference value :  6.94617e-07
No. of Data Rows : 7046
trise10_90          =  4.83178e-09 targ=  2.74168e-08 trig=  2.25850e-08
tfall10_90          =  4.97613e-09 targ=  3.28274e-07 trig=  3.23298e-07
tpdlh               =  3.88318e-09 targ=  2.43832e-08 trig=  2.05000e-08
tpdhl               =  3.88514e-09 targ=  3.25385e-07 trig=  3.21500e-07
m_trise_s = 4.8317760000e-09
m_tfall_s = 4.9761310000e-09
m_tpdlh_s = 3.8831800000e-09
m_tpdhl_s = 3.8851350000e-09
m_ipeak_source_a = 1.2836844503e+00
m_ipeak_sink_a = 1.0809648299e+00
m_vout_max_v = 5.5023950716e+00
m_vout_min_v = -1.604956236e-03
m_vin_max_v = 3.6300000000e+00
m_vin_min_v = 0.0000000000e+00
m_indrv_max_v = 5.5000927515e+00
m_indrv_min_v = -2.332299142e-04
m_n1_max_v = 5.5228057467e+00
m_n1_min_v = -2.415597143e-02
m_n2_max_v = 5.5573603619e+00
m_n2_min_v = -2.603101486e-02
m_n3_max_v = 5.5300386664e+00
m_n3_min_v = -2.278175031e-02
m_n4_max_v = 5.5255998083e+00
m_n4_min_v = -2.000977113e-02
m_n5_max_v = 5.5335694533e+00
m_n5_min_v = -1.405545378e-02
Note: Simulation executed from .control section 

Note: vimeas: has no value, DC 0 assumed
