
Note: No compatibility mode selected!


Circuit: * gate-driver-core-drive @ ff_27c_vlogic3p30v-vdrv5p00v -- generated by sim/harness, do not edit

Doing analysis at TEMP = 27.000000 and TNOM = 27.000000

Using SPARSE 1.3 as Direct Linear Solver

Initial Transient Solution
--------------------------

Node                                   Voltage
----                                   -------
x1.inb                                     3.3
in                                           0
gnd_logic                                    0
vdd_logic                                  3.3
x1.na                                  2.48267
x1.nb                              4.03112e-10
x1.nca                                       5
gnd_drv                            4.10252e-12
x1.ncb                             1.09915e-09
vdd_drv                                      5
x1.nbuf1                                     5
in_drv                              9.2567e-10
x2.n1                                        5
x2.n2                              1.82088e-09
x2.n3                                        5
x2.n4                              2.69364e-09
x2.n5                                        5
out                                2.85665e-09
outcap                             2.85665e-09
vimeas#branch                                0
vin#branch                                   0
vgnd_logic#branch                  4.36099e-09
vsup_drv#branch                   -4.27173e-09
vsup_logic#branch                  -8.6184e-11

 Reference value :  1.85689e-07
 Reference value :  4.38230e-07
No. of Data Rows : 7048
trise10_90          =  4.28576e-09 targ=  2.66261e-08 trig=  2.23404e-08
tfall10_90          =  4.10660e-09 targ=  3.27207e-07 trig=  3.23100e-07
tpdlh               =  3.49607e-09 targ=  2.39961e-08 trig=  2.05000e-08
tpdhl               =  3.39168e-09 targ=  3.24892e-07 trig=  3.21500e-07
m_trise_s = 4.2857580000e-09
m_tfall_s = 4.1066000000e-09
m_tpdlh_s = 3.4960720000e-09
m_tpdhl_s = 3.3916820000e-09
m_ipeak_source_a = 1.2624656720e+00
m_ipeak_sink_a = 1.1369957132e+00
m_vout_max_v = 5.0029450064e+00
m_vout_min_v = -1.943789389e-03
m_vin_max_v = 3.3000000000e+00
m_vin_min_v = 0.0000000000e+00
m_indrv_max_v = 5.0000983066e+00
m_indrv_min_v = -8.778058081e-04
m_n1_max_v = 5.0197595989e+00
m_n1_min_v = -2.286753338e-02
m_n2_max_v = 5.0522739157e+00
m_n2_min_v = -3.038094015e-02
m_n3_max_v = 5.0374776655e+00
m_n3_min_v = -2.546320701e-02
m_n4_max_v = 5.0284569426e+00
m_n4_min_v = -1.696574734e-02
m_n5_max_v = 5.0352080072e+00
m_n5_min_v = -1.902065664e-02
Note: Simulation executed from .control section 

Note: vimeas: has no value, DC 0 assumed
