
Note: No compatibility mode selected!


Circuit: * gate-driver-core-drive @ ff_27c_vlogic3p30v-vdrv6p00v -- generated by sim/harness, do not edit

Doing analysis at TEMP = 27.000000 and TNOM = 27.000000

Using SPARSE 1.3 as Direct Linear Solver

Initial Transient Solution
--------------------------

Node                                   Voltage
----                                   -------
x1.inb                                     3.3
in                                           0
gnd_logic                                    0
vdd_logic                                  3.3
x1.na                                  2.49948
x1.nb                              4.83988e-10
x1.nca                                       6
gnd_drv                            4.99521e-12
x1.ncb                             1.31967e-09
vdd_drv                                      6
x1.nbuf1                                     6
in_drv                             1.04271e-09
x2.n1                                        6
x2.n2                              2.05066e-09
x2.n3                                        6
x2.n4                              3.03177e-09
x2.n5                                        6
out                                3.21521e-09
outcap                             3.21521e-09
vimeas#branch                                0
vin#branch                                   0
vgnd_logic#branch                  5.25735e-09
vsup_drv#branch                   -5.16828e-09
vsup_logic#branch                  -8.6184e-11

 Reference value :  1.89430e-07
 Reference value :  4.49760e-07
No. of Data Rows : 7051
trise10_90          =  3.85381e-09 targ=  2.59901e-08 trig=  2.21363e-08
tfall10_90          =  3.87928e-09 targ=  3.26871e-07 trig=  3.22991e-07
tpdlh               =  3.12579e-09 targ=  2.36258e-08 trig=  2.05000e-08
tpdhl               =  3.18783e-09 targ=  3.24688e-07 trig=  3.21500e-07
m_trise_s = 3.8538060000e-09
m_tfall_s = 3.8792760000e-09
m_tpdlh_s = 3.1257900000e-09
m_tpdhl_s = 3.1878270000e-09
m_ipeak_source_a = 1.6763376498e+00
m_ipeak_sink_a = 1.4635764143e+00
m_vout_max_v = 6.0023295117e+00
m_vout_min_v = -2.101829339e-03
m_vin_max_v = 3.3000000000e+00
m_vin_min_v = 0.0000000000e+00
m_indrv_max_v = 6.0002159780e+00
m_indrv_min_v = -7.071498756e-05
m_n1_max_v = 6.0570386527e+00
m_n1_min_v = -1.487423514e-02
m_n2_max_v = 6.0452707911e+00
m_n2_min_v = -3.655437972e-02
m_n3_max_v = 6.0363461767e+00
m_n3_min_v = -2.518070460e-02
m_n4_max_v = 6.0284108559e+00
m_n4_min_v = -1.665292438e-02
m_n5_max_v = 6.0309379545e+00
m_n5_min_v = -2.157374387e-02
Note: Simulation executed from .control section 

Note: vimeas: has no value, DC 0 assumed
