
Note: No compatibility mode selected!


Circuit: * gate-driver-core-drive @ fs_-40c_vlogic2p97v-vdrv4p50v -- generated by sim/harness, do not edit

Doing analysis at TEMP = -40.000000 and TNOM = 27.000000

Using SPARSE 1.3 as Direct Linear Solver

Initial Transient Solution
--------------------------

Node                                   Voltage
----                                   -------
x1.inb                                    2.97
in                                           0
gnd_logic                                    0
vdd_logic                                 2.97
x1.na                                  2.13592
x1.nb                              3.10771e-10
x1.nca                                     4.5
gnd_drv                            3.25436e-12
x1.ncb                             8.55813e-10
vdd_drv                                    4.5
x1.nbuf1                                   4.5
in_drv                             6.66601e-10
x2.n1                                      4.5
x2.n2                              1.30646e-09
x2.n3                                      4.5
x2.n4                              1.95872e-09
x2.n5                                      4.5
out                                2.07723e-09
outcap                             2.07723e-09
vimeas#branch                                0
vin#branch                                   0
vgnd_logic#branch                  3.26457e-09
vsup_drv#branch                   -3.25171e-09
vsup_logic#branch                 -3.04382e-12

 Reference value :  1.82174e-07
 Reference value :  4.29947e-07
 Reference value :  6.89347e-07
No. of Data Rows : 7047
trise10_90          =  5.13070e-09 targ=  2.77331e-08 trig=  2.26024e-08
tfall10_90          =  3.85249e-09 targ=  3.27178e-07 trig=  3.23325e-07
tpdlh               =  4.19052e-09 targ=  2.46905e-08 trig=  2.05000e-08
tpdhl               =  3.56709e-09 targ=  3.25067e-07 trig=  3.21500e-07
m_trise_s = 5.1307000000e-09
m_tfall_s = 3.8524920000e-09
m_tpdlh_s = 4.1905200000e-09
m_tpdhl_s = 3.5670890000e-09
m_ipeak_source_a = 9.0592358747e-01
m_ipeak_sink_a = 1.0601087125e+00
m_vout_max_v = 4.5032253227e+00
m_vout_min_v = -3.013192000e-03
m_vin_max_v = 2.9700000000e+00
m_vin_min_v = 0.0000000000e+00
m_indrv_max_v = 4.5000878533e+00
m_indrv_min_v = -1.000047280e-02
m_n1_max_v = 4.5335477085e+00
m_n1_min_v = -3.788970029e-02
m_n2_max_v = 4.5610250593e+00
m_n2_min_v = -3.078420960e-02
m_n3_max_v = 4.5451589301e+00
m_n3_min_v = -2.362889130e-02
m_n4_max_v = 4.5381905735e+00
m_n4_min_v = -2.357483784e-02
m_n5_max_v = 4.5418180313e+00
m_n5_min_v = -2.745385825e-02
Note: Simulation executed from .control section 

Note: vimeas: has no value, DC 0 assumed
