
Note: No compatibility mode selected!


Circuit: * gate-driver-core-drive @ fs_-40c_vlogic3p63v-vdrv5p50v -- generated by sim/harness, do not edit

Doing analysis at TEMP = -40.000000 and TNOM = 27.000000

Using SPARSE 1.3 as Direct Linear Solver

Initial Transient Solution
--------------------------

Node                                   Voltage
----                                   -------
x1.inb                                    3.63
in                                           0
gnd_logic                                    0
vdd_logic                                 3.63
x1.na                                  2.70318
x1.nb                              3.58721e-10
x1.nca                                     5.5
gnd_drv                            3.98003e-12
x1.ncb                             9.23155e-10
vdd_drv                                    5.5
x1.nbuf1                                   5.5
in_drv                              7.3735e-10
x2.n1                                      5.5
x2.n2                              1.44463e-09
x2.n3                                      5.5
x2.n4                              2.16515e-09
x2.n5                                      5.5
out                                2.29613e-09
outcap                             2.29613e-09
vimeas#branch                                0
vin#branch                                   0
vgnd_logic#branch                  3.99276e-09
vsup_drv#branch                   -3.98083e-09
vsup_logic#branch                  -3.8047e-12

 Reference value :  1.86861e-07
 Reference value :  4.37978e-07
 Reference value :  6.93878e-07
No. of Data Rows : 7053
trise10_90          =  4.43261e-09 targ=  2.67804e-08 trig=  2.23478e-08
tfall10_90          =  3.55033e-09 targ=  3.26653e-07 trig=  3.23103e-07
tpdlh               =  3.64418e-09 targ=  2.41442e-08 trig=  2.05000e-08
tpdhl               =  3.21613e-09 targ=  3.24716e-07 trig=  3.21500e-07
m_trise_s = 4.4326050000e-09
m_tfall_s = 3.5503290000e-09
m_tpdlh_s = 3.6441800000e-09
m_tpdhl_s = 3.2161290000e-09
m_ipeak_source_a = 1.2827995018e+00
m_ipeak_sink_a = 1.3985798408e+00
m_vout_max_v = 5.5033942302e+00
m_vout_min_v = -3.013604229e-03
m_vin_max_v = 3.6300000000e+00
m_vin_min_v = 0.0000000000e+00
m_indrv_max_v = 5.5002087464e+00
m_indrv_min_v = -4.294092147e-03
m_n1_max_v = 5.5372278273e+00
m_n1_min_v = -5.007111009e-03
m_n2_max_v = 5.5555201285e+00
m_n2_min_v = -3.914318171e-02
m_n3_max_v = 5.5358957989e+00
m_n3_min_v = -2.769315748e-02
m_n4_max_v = 5.5400158238e+00
m_n4_min_v = -2.702101349e-02
m_n5_max_v = 5.5445958613e+00
m_n5_min_v = -2.548794595e-02
Note: Simulation executed from .control section 

Note: vimeas: has no value, DC 0 assumed
