
Note: No compatibility mode selected!


Circuit: * gate-driver-core-drive @ fs_125c_vlogic3p30v-vdrv5p00v -- generated by sim/harness, do not edit

Doing analysis at TEMP = 125.000000 and TNOM = 27.000000

Using SPARSE 1.3 as Direct Linear Solver

Initial Transient Solution
--------------------------

Node                                   Voltage
----                                   -------
x1.inb                                     3.3
in                                           0
gnd_logic                                    0
vdd_logic                                  3.3
x1.na                                  2.44066
x1.nb                              5.55618e-10
x1.nca                                 4.99995
gnd_drv                            5.32685e-11
x1.ncb                             1.59752e-09
vdd_drv                                      5
x1.nbuf1                                     5
in_drv                             1.67475e-09
x2.n1                                        5
x2.n2                               3.3347e-09
x2.n3                                        5
x2.n4                               4.5496e-09
x2.n5                                        5
out                                 4.8221e-09
outcap                              4.8221e-09
vimeas#branch                                0
vin#branch                                   0
vgnd_logic#branch                  7.41972e-08
vsup_drv#branch                   -6.77775e-08
vsup_logic#branch                 -6.41121e-09

 Reference value :  1.92105e-07
 Reference value :  4.48150e-07
No. of Data Rows : 7036
trise10_90          =  7.03070e-09 targ=  3.03349e-08 trig=  2.33042e-08
tfall10_90          =  5.36006e-09 targ=  3.29187e-07 trig=  3.23827e-07
tpdlh               =  5.47106e-09 targ=  2.59711e-08 trig=  2.05000e-08
tpdhl               =  4.57921e-09 targ=  3.26079e-07 trig=  3.21500e-07
m_trise_s = 7.0306990000e-09
m_tfall_s = 5.3600600000e-09
m_tpdlh_s = 5.4710550000e-09
m_tpdhl_s = 4.5792070000e-09
m_ipeak_source_a = 7.8747354441e-01
m_ipeak_sink_a = 9.1662752645e-01
m_vout_max_v = 5.0021056926e+00
m_vout_min_v = -2.547274888e-03
m_vin_max_v = 3.3000000000e+00
m_vin_min_v = 0.0000000000e+00
m_indrv_max_v = 5.0000601142e+00
m_indrv_min_v = -5.246082363e-03
m_n1_max_v = 5.0151635306e+00
m_n1_min_v = -3.322148614e-02
m_n2_max_v = 5.0593145712e+00
m_n2_min_v = -3.226539958e-02
m_n3_max_v = 5.0366513031e+00
m_n3_min_v = -2.663045041e-02
m_n4_max_v = 5.0254630559e+00
m_n4_min_v = -2.567560007e-02
m_n5_max_v = 5.0319366881e+00
m_n5_min_v = -2.237604003e-02
Note: Simulation executed from .control section 

Note: vimeas: has no value, DC 0 assumed
