
Note: No compatibility mode selected!


Circuit: * gate-driver-core-drive @ fs_125c_vlogic3p30v-vdrv6p00v -- generated by sim/harness, do not edit

Doing analysis at TEMP = 125.000000 and TNOM = 27.000000

Using SPARSE 1.3 as Direct Linear Solver

Initial Transient Solution
--------------------------

Node                                   Voltage
----                                   -------
x1.inb                                     3.3
in                                           0
gnd_logic                                    0
vdd_logic                                  3.3
x1.na                                  2.45795
x1.nb                              6.62696e-10
x1.nca                                 5.99996
gnd_drv                            7.20824e-11
x1.ncb                             1.90539e-09
vdd_drv                                      6
x1.nbuf1                                     6
in_drv                             1.86825e-09
x2.n1                                        6
x2.n2                              3.69908e-09
x2.n3                                        6
x2.n4                              5.07203e-09
x2.n5                                        6
out                                5.37506e-09
outcap                             5.37506e-09
vimeas#branch                                0
vin#branch                                   0
vgnd_logic#branch                   9.3188e-08
vsup_drv#branch                   -8.67747e-08
vsup_logic#branch                 -6.41121e-09

 Reference value :  1.99462e-07
 Reference value :  4.55850e-07
No. of Data Rows : 7042
trise10_90          =  6.06624e-09 targ=  2.89850e-08 trig=  2.29188e-08
tfall10_90          =  5.06399e-09 targ=  3.28688e-07 trig=  3.23624e-07
tpdlh               =  4.71133e-09 targ=  2.52113e-08 trig=  2.05000e-08
tpdhl               =  4.25513e-09 targ=  3.25755e-07 trig=  3.21500e-07
m_trise_s = 6.0662420000e-09
m_tfall_s = 5.0639940000e-09
m_tpdlh_s = 4.7113330000e-09
m_tpdhl_s = 4.2551320000e-09
m_ipeak_source_a = 1.1014298620e+00
m_ipeak_sink_a = 1.1623372921e+00
m_vout_max_v = 6.0018268200e+00
m_vout_min_v = -2.506144637e-03
m_vin_max_v = 3.3000000000e+00
m_vin_min_v = 0.0000000000e+00
m_indrv_max_v = 6.0000720357e+00
m_indrv_min_v = -1.758908072e-04
m_n1_max_v = 6.0135307935e+00
m_n1_min_v = -3.480560281e-02
m_n2_max_v = 6.0637265762e+00
m_n2_min_v = -3.097543853e-02
m_n3_max_v = 6.0372650258e+00
m_n3_min_v = -2.304108434e-02
m_n4_max_v = 6.0152298491e+00
m_n4_min_v = -2.320615186e-02
m_n5_max_v = 6.0390495526e+00
m_n5_min_v = -2.371422356e-02
Note: Simulation executed from .control section 

Note: vimeas: has no value, DC 0 assumed
