
Note: No compatibility mode selected!


Circuit: * gate-driver-core-drive @ fs_125c_vlogic3p63v-vdrv5p50v -- generated by sim/harness, do not edit

Doing analysis at TEMP = 125.000000 and TNOM = 27.000000

Using SPARSE 1.3 as Direct Linear Solver

Initial Transient Solution
--------------------------

Node                                   Voltage
----                                   -------
x1.inb                                    3.63
in                                           0
gnd_logic                                    0
vdd_logic                                 3.63
x1.na                                   2.7165
x1.nb                              5.83933e-10
x1.nca                                 5.49994
gnd_drv                            6.11117e-11
x1.ncb                             1.65215e-09
vdd_drv                                    5.5
x1.nbuf1                                   5.5
in_drv                              1.7626e-09
x2.n1                                      5.5
x2.n2                              3.49993e-09
x2.n3                                      5.5
x2.n4                              4.79067e-09
x2.n5                                      5.5
out                                5.07731e-09
outcap                             5.07731e-09
vimeas#branch                      3.38813e-21
vin#branch                                   0
vgnd_logic#branch                  8.70247e-08
vsup_drv#branch                     -7.871e-08
vsup_logic#branch                 -8.31674e-09

 Reference value :  1.85225e-07
 Reference value :  4.46213e-07
No. of Data Rows : 7039
trise10_90          =  6.49838e-09 targ=  2.96151e-08 trig=  2.31168e-08
tfall10_90          =  5.18783e-09 targ=  3.28874e-07 trig=  3.23686e-07
tpdlh               =  5.07599e-09 targ=  2.55760e-08 trig=  2.05000e-08
tpdhl               =  4.36860e-09 targ=  3.25869e-07 trig=  3.21500e-07
m_trise_s = 6.4983840000e-09
m_tfall_s = 5.1878330000e-09
m_tpdlh_s = 5.0759930000e-09
m_tpdhl_s = 4.3685980000e-09
m_ipeak_source_a = 9.4303089381e-01
m_ipeak_sink_a = 1.0425613632e+00
m_vout_max_v = 5.5023045477e+00
m_vout_min_v = -2.390874243e-03
m_vin_max_v = 3.6300000000e+00
m_vin_min_v = 0.0000000000e+00
m_indrv_max_v = 5.5000839479e+00
m_indrv_min_v = -4.067269300e-03
m_n1_max_v = 5.5055612705e+00
m_n1_min_v = -2.956254271e-02
m_n2_max_v = 5.5629524570e+00
m_n2_min_v = -2.708623513e-02
m_n3_max_v = 5.5401730090e+00
m_n3_min_v = -2.439283392e-02
m_n4_max_v = 5.5247207038e+00
m_n4_min_v = -2.512177404e-02
m_n5_max_v = 5.5364269419e+00
m_n5_min_v = -2.570795959e-02
Note: Simulation executed from .control section 

Note: vimeas: has no value, DC 0 assumed
