
Note: No compatibility mode selected!


Circuit: * gate-driver-core-drive @ fs_27c_vlogic3p63v-vdrv5p50v -- generated by sim/harness, do not edit

Doing analysis at TEMP = 27.000000 and TNOM = 27.000000

Using SPARSE 1.3 as Direct Linear Solver

Initial Transient Solution
--------------------------

Node                                   Voltage
----                                   -------
x1.inb                                    3.63
in                                           0
gnd_logic                                    0
vdd_logic                                 3.63
x1.na                                  2.74719
x1.nb                              4.31352e-10
x1.nca                                     5.5
gnd_drv                            4.15832e-12
x1.ncb                             1.15969e-09
vdd_drv                                    5.5
x1.nbuf1                                   5.5
in_drv                             9.66745e-10
x2.n1                                      5.5
x2.n2                              1.89452e-09
x2.n3                                      5.5
x2.n4                              2.84028e-09
x2.n5                                      5.5
out                                3.01216e-09
outcap                             3.01216e-09
vimeas#branch                      3.38813e-21
vin#branch                                   0
vgnd_logic#branch                  4.32898e-09
vsup_drv#branch                   -4.26296e-09
vsup_logic#branch                   -5.918e-11

 Reference value :  1.90771e-07
 Reference value :  4.40136e-07
 Reference value :  6.96836e-07
No. of Data Rows : 7047
trise10_90          =  5.33603e-09 targ=  2.79986e-08 trig=  2.26626e-08
tfall10_90          =  4.15560e-09 targ=  3.27499e-07 trig=  3.23344e-07
tpdlh               =  4.25113e-09 targ=  2.47511e-08 trig=  2.05000e-08
tpdhl               =  3.66629e-09 targ=  3.25166e-07 trig=  3.21500e-07
m_trise_s = 5.3360320000e-09
m_tfall_s = 4.1556020000e-09
m_tpdlh_s = 4.2511330000e-09
m_tpdhl_s = 3.6662930000e-09
m_ipeak_source_a = 1.1111852924e+00
m_ipeak_sink_a = 1.2374915002e+00
m_vout_max_v = 5.5029111876e+00
m_vout_min_v = -2.809282034e-03
m_vin_max_v = 3.6300000000e+00
m_vin_min_v = 0.0000000000e+00
m_indrv_max_v = 5.5000786816e+00
m_indrv_min_v = -5.838918325e-03
m_n1_max_v = 5.5104339124e+00
m_n1_min_v = -3.783692500e-02
m_n2_max_v = 5.5629999708e+00
m_n2_min_v = -3.686664181e-02
m_n3_max_v = 5.5373197873e+00
m_n3_min_v = -2.395806727e-02
m_n4_max_v = 5.5343598931e+00
m_n4_min_v = -2.669285034e-02
m_n5_max_v = 5.5373907145e+00
m_n5_min_v = -2.742163155e-02
Note: Simulation executed from .control section 

Note: vimeas: has no value, DC 0 assumed
