
Note: No compatibility mode selected!


Circuit: * gate-driver-core-drive @ fs_27c_vlogic3p30v-vdrv5p00v -- generated by sim/harness, do not edit

Doing analysis at TEMP = 27.000000 and TNOM = 27.000000

Using SPARSE 1.3 as Direct Linear Solver

Initial Transient Solution
--------------------------

Node                                   Voltage
----                                   -------
x1.inb                                     3.3
in                                           0
gnd_logic                                    0
vdd_logic                                  3.3
x1.na                                  2.46757
x1.nb                              4.04566e-10
x1.nca                                       5
gnd_drv                            3.77119e-12
x1.ncb                             1.11572e-09
vdd_drv                                      5
x1.nbuf1                                     5
in_drv                             9.13981e-10
x2.n1                                        5
x2.n2                               1.7914e-09
x2.n3                                        5
x2.n4                              2.68599e-09
x2.n5                                        5
out                                2.84855e-09
outcap                             2.84855e-09
vimeas#branch                                0
vin#branch                                   0
vgnd_logic#branch                  3.90268e-09
vsup_drv#branch                   -3.84893e-09
vsup_logic#branch                 -4.35017e-11

 Reference value :  1.94094e-07
 Reference value :  4.56884e-07
No. of Data Rows : 7046
trise10_90          =  5.72745e-09 targ=  2.85347e-08 trig=  2.28073e-08
tfall10_90          =  4.30091e-09 targ=  3.27756e-07 trig=  3.23455e-07
tpdlh               =  4.55416e-09 targ=  2.50542e-08 trig=  2.05000e-08
tpdhl               =  3.83867e-09 targ=  3.25339e-07 trig=  3.21500e-07
m_trise_s = 5.7274480000e-09
m_tfall_s = 4.3009120000e-09
m_tpdlh_s = 4.5541570000e-09
m_tpdhl_s = 3.8386710000e-09
m_ipeak_source_a = 9.3314325537e-01
m_ipeak_sink_a = 1.0936026972e+00
m_vout_max_v = 5.0028584611e+00
m_vout_min_v = -2.742818794e-03
m_vin_max_v = 3.3000000000e+00
m_vin_min_v = 0.0000000000e+00
m_indrv_max_v = 5.0000918192e+00
m_indrv_min_v = -4.779087595e-03
m_n1_max_v = 5.0225429325e+00
m_n1_min_v = -3.138272616e-02
m_n2_max_v = 5.0611669903e+00
m_n2_min_v = -3.280602236e-02
m_n3_max_v = 5.0443000012e+00
m_n3_min_v = -2.250215298e-02
m_n4_max_v = 5.0326187040e+00
m_n4_min_v = -2.137642291e-02
m_n5_max_v = 5.0375869570e+00
m_n5_min_v = -2.674986903e-02
Note: Simulation executed from .control section 

Note: vimeas: has no value, DC 0 assumed
