
Note: No compatibility mode selected!


Circuit: * gate-driver-core-drive @ sf_-40c_vlogic2p97v-vdrv4p50v -- generated by sim/harness, do not edit

Doing analysis at TEMP = -40.000000 and TNOM = 27.000000

Using SPARSE 1.3 as Direct Linear Solver

Initial Transient Solution
--------------------------

Node                                   Voltage
----                                   -------
x1.inb                                    2.97
in                                           0
gnd_logic                                    0
vdd_logic                                 2.97
x1.na                                  1.96354
x1.nb                               3.4844e-10
x1.nca                                     4.5
gnd_drv                            3.32327e-12
x1.ncb                             1.04278e-09
vdd_drv                                    4.5
x1.nbuf1                                   4.5
in_drv                             8.16893e-10
x2.n1                                      4.5
x2.n2                              1.61262e-09
x2.n3                                      4.5
x2.n4                              2.39432e-09
x2.n5                                      4.5
out                                2.53923e-09
outcap                             2.53923e-09
vimeas#branch                                0
vin#branch                                   0
vgnd_logic#branch                  3.33318e-09
vsup_drv#branch                   -3.32075e-09
vsup_logic#branch                 -2.97277e-12

 Reference value :  1.82357e-07
 Reference value :  4.36252e-07
 Reference value :  6.96252e-07
No. of Data Rows : 7046
trise10_90          =  4.03676e-09 targ=  2.65822e-08 trig=  2.25454e-08
tfall10_90          =  5.04053e-09 targ=  3.28418e-07 trig=  3.23377e-07
tpdlh               =  3.67173e-09 targ=  2.41717e-08 trig=  2.05000e-08
tpdhl               =  4.20357e-09 targ=  3.25704e-07 trig=  3.21500e-07
m_trise_s = 4.0367590000e-09
m_tfall_s = 5.0405270000e-09
m_tpdlh_s = 3.6717260000e-09
m_tpdhl_s = 4.2035700000e-09
m_ipeak_source_a = 1.1601039563e+00
m_ipeak_sink_a = 7.8536796835e-01
m_vout_max_v = 4.5034814266e+00
m_vout_min_v = -2.462536496e-03
m_vin_max_v = 2.9700000000e+00
m_vin_min_v = 0.0000000000e+00
m_indrv_max_v = 4.5001337831e+00
m_indrv_min_v = -1.209470116e-02
m_n1_max_v = 4.5548857525e+00
m_n1_min_v = -2.575537319e-02
m_n2_max_v = 4.5654584923e+00
m_n2_min_v = -3.177473210e-02
m_n3_max_v = 4.5442631087e+00
m_n3_min_v = -2.715012526e-02
m_n4_max_v = 4.5390827448e+00
m_n4_min_v = -1.957929091e-02
m_n5_max_v = 4.5443351020e+00
m_n5_min_v = -2.096522153e-02
Note: Simulation executed from .control section 

Note: vimeas: has no value, DC 0 assumed
