
Note: No compatibility mode selected!


Circuit: * gate-driver-core-drive @ sf_125c_vlogic3p30v-vdrv5p00v -- generated by sim/harness, do not edit

Doing analysis at TEMP = 125.000000 and TNOM = 27.000000

Using SPARSE 1.3 as Direct Linear Solver

Initial Transient Solution
--------------------------

Node                                   Voltage
----                                   -------
x1.inb                                     3.3
in                                           0
gnd_logic                                    0
vdd_logic                                  3.3
x1.na                                  2.38224
x1.nb                              1.32956e-09
x1.nca                                       5
gnd_drv                             1.6346e-11
x1.ncb                             4.15081e-09
vdd_drv                                      5
x1.nbuf1                                     5
in_drv                             8.63417e-09
x2.n1                                        5
x2.n2                              1.89324e-08
x2.n3                                        5
x2.n4                              1.99515e-08
x2.n5                                        5
out                                2.11597e-08
outcap                             2.11597e-08
vimeas#branch                                0
vin#branch                                   0
vgnd_logic#branch                  1.70711e-08
vsup_drv#branch                    -1.6855e-08
vsup_logic#branch                 -2.11953e-10

 Reference value :  1.87081e-07
 Reference value :  4.44931e-07
No. of Data Rows : 7036
trise10_90          =  5.47685e-09 targ=  2.86398e-08 trig=  2.31629e-08
tfall10_90          =  6.72468e-09 targ=  3.30592e-07 trig=  3.23867e-07
tpdlh               =  4.70811e-09 targ=  2.52081e-08 trig=  2.05000e-08
tpdhl               =  5.23252e-09 targ=  3.26733e-07 trig=  3.21500e-07
m_trise_s = 5.4768550000e-09
m_tfall_s = 6.7246800000e-09
m_tpdlh_s = 4.7081110000e-09
m_tpdhl_s = 5.2325250000e-09
m_ipeak_source_a = 1.0251786158e+00
m_ipeak_sink_a = 7.2031990191e-01
m_vout_max_v = 5.0033802586e+00
m_vout_min_v = -2.019536583e-03
m_vin_max_v = 3.3000000000e+00
m_vin_min_v = 0.0000000000e+00
m_indrv_max_v = 5.0000871155e+00
m_indrv_min_v = -3.306176682e-04
m_n1_max_v = 5.0146927392e+00
m_n1_min_v = -3.005329522e-02
m_n2_max_v = 5.0740867594e+00
m_n2_min_v = -2.769406214e-02
m_n3_max_v = 5.0442106891e+00
m_n3_min_v = -2.231115040e-02
m_n4_max_v = 5.0372265521e+00
m_n4_min_v = -2.048422108e-02
m_n5_max_v = 5.0394093747e+00
m_n5_min_v = -2.183524160e-02
Note: Simulation executed from .control section 

Note: vimeas: has no value, DC 0 assumed
