
Note: No compatibility mode selected!


Circuit: * gate-driver-core-drive @ sf_125c_vlogic2p97v-vdrv4p50v -- generated by sim/harness, do not edit

Doing analysis at TEMP = 125.000000 and TNOM = 27.000000

Using SPARSE 1.3 as Direct Linear Solver

Initial Transient Solution
--------------------------

Node                                   Voltage
----                                   -------
x1.inb                                    2.97
in                                           0
gnd_logic                                    0
vdd_logic                                 2.97
x1.na                                  2.11372
x1.nb                              1.28119e-09
x1.nca                                     4.5
gnd_drv                            1.47988e-11
x1.ncb                              4.0921e-09
vdd_drv                                    4.5
x1.nbuf1                                   4.5
in_drv                             8.31651e-09
x2.n1                                      4.5
x2.n2                              1.82397e-08
x2.n3                                      4.5
x2.n4                              1.92163e-08
x2.n5                                      4.5
out                                2.03801e-08
outcap                             2.03801e-08
vimeas#branch                                0
vin#branch                                   0
vgnd_logic#branch                  1.54089e-08
vsup_drv#branch                   -1.52317e-08
vsup_logic#branch                 -1.72405e-10

 Reference value :  1.84303e-07
 Reference value :  4.36332e-07
 Reference value :  6.99032e-07
No. of Data Rows : 7031
trise10_90          =  5.93745e-09 targ=  2.93096e-08 trig=  2.33721e-08
tfall10_90          =  7.11839e-09 targ=  3.31167e-07 trig=  3.24049e-07
tpdlh               =  5.09147e-09 targ=  2.55915e-08 trig=  2.05000e-08
tpdhl               =  5.57786e-09 targ=  3.27078e-07 trig=  3.21500e-07
m_trise_s = 5.9374490000e-09
m_tfall_s = 7.1183950000e-09
m_tpdlh_s = 5.0914710000e-09
m_tpdhl_s = 5.5778610000e-09
m_ipeak_source_a = 8.5526715919e-01
m_ipeak_sink_a = 6.1263760484e-01
m_vout_max_v = 4.5035905863e+00
m_vout_min_v = -1.999307379e-03
m_vin_max_v = 2.9700000000e+00
m_vin_min_v = 0.0000000000e+00
m_indrv_max_v = 4.5000703298e+00
m_indrv_min_v = -1.423724497e-03
m_n1_max_v = 4.5494138235e+00
m_n1_min_v = -2.540945003e-02
m_n2_max_v = 4.5708131708e+00
m_n2_min_v = -2.929481750e-02
m_n3_max_v = 4.5355105474e+00
m_n3_min_v = -2.095253197e-02
m_n4_max_v = 4.5389123142e+00
m_n4_min_v = -2.334221579e-02
m_n5_max_v = 4.5411037273e+00
m_n5_min_v = -2.074813284e-02
Note: Simulation executed from .control section 

Note: vimeas: has no value, DC 0 assumed
