
Note: No compatibility mode selected!


Circuit: * gate-driver-core-drive @ sf_125c_vlogic3p30v-vdrv6p00v -- generated by sim/harness, do not edit

Doing analysis at TEMP = 125.000000 and TNOM = 27.000000

Using SPARSE 1.3 as Direct Linear Solver

Initial Transient Solution
--------------------------

Node                                   Voltage
----                                   -------
x1.inb                                     3.3
in                                           0
gnd_logic                                    0
vdd_logic                                  3.3
x1.na                                  2.39594
x1.nb                              1.62895e-09
x1.nca                                       6
gnd_drv                            2.03838e-11
x1.ncb                             5.08551e-09
vdd_drv                                      6
x1.nbuf1                                     6
in_drv                             9.87659e-09
x2.n1                                        6
x2.n2                              2.16712e-08
x2.n3                                        6
x2.n4                               2.2757e-08
x2.n5                                        6
out                                 2.4135e-08
outcap                              2.4135e-08
vimeas#branch                                0
vin#branch                                   0
vgnd_logic#branch                  2.11158e-08
vsup_drv#branch                   -2.09043e-08
vsup_logic#branch                 -2.11953e-10

 Reference value :  1.88951e-07
 Reference value :  4.44642e-07
No. of Data Rows : 7038
trise10_90          =  4.80704e-09 targ=  2.76545e-08 trig=  2.28474e-08
tfall10_90          =  6.21781e-09 targ=  3.29887e-07 trig=  3.23669e-07
tpdlh               =  4.14245e-09 targ=  2.46424e-08 trig=  2.05000e-08
tpdhl               =  4.82249e-09 targ=  3.26322e-07 trig=  3.21500e-07
m_trise_s = 4.8070450000e-09
m_tfall_s = 6.2178120000e-09
m_tpdlh_s = 4.1424500000e-09
m_tpdhl_s = 4.8224940000e-09
m_ipeak_source_a = 1.4034497028e+00
m_ipeak_sink_a = 9.3806363175e-01
m_vout_max_v = 6.0034635497e+00
m_vout_min_v = -2.005090035e-03
m_vin_max_v = 3.3000000000e+00
m_vin_min_v = 0.0000000000e+00
m_indrv_max_v = 6.0000751471e+00
m_indrv_min_v = -3.014373076e-04
m_n1_max_v = 6.0389255159e+00
m_n1_min_v = -2.227607275e-02
m_n2_max_v = 6.0749588933e+00
m_n2_min_v = -2.698715048e-02
m_n3_max_v = 6.0335795130e+00
m_n3_min_v = -2.667085544e-02
m_n4_max_v = 6.0330726637e+00
m_n4_min_v = -1.905724229e-02
m_n5_max_v = 6.0381055975e+00
m_n5_min_v = -1.291968758e-02
Note: Simulation executed from .control section 

Note: vimeas: has no value, DC 0 assumed
