
Note: No compatibility mode selected!


Circuit: * gate-driver-core-drive @ sf_27c_vlogic2p97v-vdrv4p50v -- generated by sim/harness, do not edit

Doing analysis at TEMP = 27.000000 and TNOM = 27.000000

Using SPARSE 1.3 as Direct Linear Solver

Initial Transient Solution
--------------------------

Node                                   Voltage
----                                   -------
x1.inb                                    2.97
in                                           0
gnd_logic                                    0
vdd_logic                                 2.97
x1.na                                  2.08833
x1.nb                              4.32008e-10
x1.nca                                     4.5
gnd_drv                            3.33175e-12
x1.ncb                             1.33575e-09
vdd_drv                                    4.5
x1.nbuf1                                   4.5
in_drv                             1.08116e-09
x2.n1                                      4.5
x2.n2                              2.13549e-09
x2.n3                                      4.5
x2.n4                              3.16788e-09
x2.n5                                      4.5
out                                3.35968e-09
outcap                             3.35968e-09
vimeas#branch                                0
vin#branch                                   0
vgnd_logic#branch                  3.34291e-09
vsup_drv#branch                   -3.33106e-09
vsup_logic#branch                 -3.32027e-12

 Reference value :  1.88213e-07
 Reference value :  4.40087e-07
 Reference value :  6.99787e-07
No. of Data Rows : 7040
trise10_90          =  4.86377e-09 targ=  2.77448e-08 trig=  2.28810e-08
tfall10_90          =  5.80186e-09 targ=  3.29445e-07 trig=  3.23643e-07
tpdlh               =  4.26751e-09 targ=  2.47675e-08 trig=  2.05000e-08
tpdhl               =  4.72635e-09 targ=  3.26226e-07 trig=  3.21500e-07
m_trise_s = 4.8637700000e-09
m_tfall_s = 5.8018600000e-09
m_tpdlh_s = 4.2675130000e-09
m_tpdhl_s = 4.7263530000e-09
m_ipeak_source_a = 1.0072448239e+00
m_ipeak_sink_a = 7.1774832514e-01
m_vout_max_v = 4.5040773243e+00
m_vout_min_v = -2.219793540e-03
m_vin_max_v = 2.9700000000e+00
m_vin_min_v = 0.0000000000e+00
m_indrv_max_v = 4.5001255418e+00
m_indrv_min_v = -9.497825599e-03
m_n1_max_v = 4.5557202291e+00
m_n1_min_v = -8.627095492e-03
m_n2_max_v = 4.5740741495e+00
m_n2_min_v = -3.325096533e-02
m_n3_max_v = 4.5469732735e+00
m_n3_min_v = -2.257932010e-02
m_n4_max_v = 4.5322210771e+00
m_n4_min_v = -1.905805975e-02
m_n5_max_v = 4.5444188246e+00
m_n5_min_v = -2.207393873e-02
Note: Simulation executed from .control section 

Note: vimeas: has no value, DC 0 assumed
