
Note: No compatibility mode selected!


Circuit: * gate-driver-core-drive @ sf_27c_vlogic3p30v-vdrv6p00v -- generated by sim/harness, do not edit

Doing analysis at TEMP = 27.000000 and TNOM = 27.000000

Using SPARSE 1.3 as Direct Linear Solver

Initial Transient Solution
--------------------------

Node                                   Voltage
----                                   -------
x1.inb                                     3.3
in                                           0
gnd_logic                                    0
vdd_logic                                  3.3
x1.na                                  2.37422
x1.nb                              5.47397e-10
x1.nca                                       6
gnd_drv                            4.44699e-12
x1.ncb                             1.63614e-09
vdd_drv                                      6
x1.nbuf1                                     6
in_drv                             1.23696e-09
x2.n1                                        6
x2.n2                               2.4424e-09
x2.n3                                        6
x2.n4                              3.62123e-09
x2.n5                                        6
out                                3.84043e-09
outcap                             3.84043e-09
vimeas#branch                                0
vin#branch                                   0
vgnd_logic#branch                  4.46072e-09
vsup_drv#branch                   -4.44544e-09
vsup_logic#branch                 -3.76814e-12

 Reference value :  1.83591e-07
 Reference value :  4.28800e-07
 Reference value :  6.84700e-07
No. of Data Rows : 7044
trise10_90          =  4.04977e-09 targ=  2.65358e-08 trig=  2.24861e-08
tfall10_90          =  5.05890e-09 targ=  3.28406e-07 trig=  3.23347e-07
tpdlh               =  3.55481e-09 targ=  2.40548e-08 trig=  2.05000e-08
tpdhl               =  4.11107e-09 targ=  3.25611e-07 trig=  3.21500e-07
m_trise_s = 4.0497660000e-09
m_tfall_s = 5.0589040000e-09
m_tpdlh_s = 3.5548090000e-09
m_tpdhl_s = 4.1110740000e-09
m_ipeak_source_a = 1.5911754203e+00
m_ipeak_sink_a = 1.0893176984e+00
m_vout_max_v = 6.0033646863e+00
m_vout_min_v = -2.159616560e-03
m_vin_max_v = 3.3000000000e+00
m_vin_min_v = 0.0000000000e+00
m_indrv_max_v = 6.0001085369e+00
m_indrv_min_v = -1.562195214e-04
m_n1_max_v = 6.0520135012e+00
m_n1_min_v = -2.593259703e-02
m_n2_max_v = 6.0617495005e+00
m_n2_min_v = -3.416393415e-02
m_n3_max_v = 6.0451252102e+00
m_n3_min_v = -2.703422516e-02
m_n4_max_v = 6.0425533189e+00
m_n4_min_v = -2.177508294e-02
m_n5_max_v = 6.0430501994e+00
m_n5_min_v = -1.520436364e-02
Note: Simulation executed from .control section 

Note: vimeas: has no value, DC 0 assumed
