
Note: No compatibility mode selected!


Circuit: * gate-driver-core-drive @ sf_27c_vlogic3p63v-vdrv5p50v -- generated by sim/harness, do not edit

Doing analysis at TEMP = 27.000000 and TNOM = 27.000000

Using SPARSE 1.3 as Direct Linear Solver

Initial Transient Solution
--------------------------

Node                                   Voltage
----                                   -------
x1.inb                                    3.63
in                                           0
gnd_logic                                    0
vdd_logic                                 3.63
x1.na                                  2.63884
x1.nb                              4.82445e-10
x1.nca                                     5.5
gnd_drv                            4.07538e-12
x1.ncb                             1.39961e-09
vdd_drv                                    5.5
x1.nbuf1                                   5.5
in_drv                             1.17833e-09
x2.n1                                      5.5
x2.n2                               2.3269e-09
x2.n3                                      5.5
x2.n4                               3.4505e-09
x2.n5                                      5.5
out                                3.65937e-09
outcap                             3.65937e-09
vimeas#branch                                0
vin#branch                                   0
vgnd_logic#branch                  4.08951e-09
vsup_drv#branch                   -4.08039e-09
vsup_logic#branch                 -4.24088e-12

 Reference value :  1.91113e-07
 Reference value :  4.47270e-07
No. of Data Rows : 7045
trise10_90          =  4.26078e-09 targ=  2.68789e-08 trig=  2.26181e-08
tfall10_90          =  5.23925e-09 targ=  3.28629e-07 trig=  3.23389e-07
tpdlh               =  3.76847e-09 targ=  2.42685e-08 trig=  2.05000e-08
tpdhl               =  4.23163e-09 targ=  3.25732e-07 trig=  3.21500e-07
m_trise_s = 4.2607810000e-09
m_tfall_s = 5.2392550000e-09
m_tpdlh_s = 3.7684700000e-09
m_tpdhl_s = 4.2316320000e-09
m_ipeak_source_a = 1.3880604880e+00
m_ipeak_sink_a = 9.6948261895e-01
m_vout_max_v = 5.5034641576e+00
m_vout_min_v = -2.206851085e-03
m_vin_max_v = 3.6300000000e+00
m_vin_min_v = 0.0000000000e+00
m_indrv_max_v = 5.5000923465e+00
m_indrv_min_v = -6.892766359e-04
m_n1_max_v = 5.5311319865e+00
m_n1_min_v = -2.100074991e-02
m_n2_max_v = 5.5744842147e+00
m_n2_min_v = -3.227110491e-02
m_n3_max_v = 5.5447232744e+00
m_n3_min_v = -2.745187674e-02
m_n4_max_v = 5.5357645678e+00
m_n4_min_v = -2.027851694e-02
m_n5_max_v = 5.5440643385e+00
m_n5_min_v = -2.085677611e-02
Note: Simulation executed from .control section 

Note: vimeas: has no value, DC 0 assumed
