
Note: No compatibility mode selected!


Circuit: * gate-driver-core-drive @ ss_-40c_vlogic3p30v-vdrv5p00v -- generated by sim/harness, do not edit

Doing analysis at TEMP = -40.000000 and TNOM = 27.000000

Using SPARSE 1.3 as Direct Linear Solver

Initial Transient Solution
--------------------------

Node                                   Voltage
----                                   -------
x1.inb                                     3.3
in                                           0
gnd_logic                                    0
vdd_logic                                  3.3
x1.na                                  2.20523
x1.nb                              3.72409e-10
x1.nca                                       5
gnd_drv                            3.59903e-12
x1.ncb                             1.08898e-09
vdd_drv                                      5
x1.nbuf1                                     5
in_drv                             8.51904e-10
x2.n1                                        5
x2.n2                              1.67753e-09
x2.n3                                        5
x2.n4                              2.51412e-09
x2.n5                                        5
out                                2.66627e-09
outcap                             2.66627e-09
vimeas#branch                      1.69407e-21
vin#branch                                   0
vgnd_logic#branch                  3.60997e-09
vsup_drv#branch                    -3.5969e-09
vsup_logic#branch                 -3.30702e-12

 Reference value :  1.83779e-07
 Reference value :  4.36187e-07
No. of Data Rows : 7046
trise10_90          =  5.07742e-09 targ=  2.80037e-08 trig=  2.29263e-08
tfall10_90          =  5.07762e-09 targ=  3.28741e-07 trig=  3.23663e-07
tpdlh               =  4.48972e-09 targ=  2.49897e-08 trig=  2.05000e-08
tpdhl               =  4.52290e-09 targ=  3.26023e-07 trig=  3.21500e-07
m_trise_s = 5.0774170000e-09
m_tfall_s = 5.0776190000e-09
m_tpdlh_s = 4.4897230000e-09
m_tpdhl_s = 4.5229020000e-09
m_ipeak_source_a = 1.0150774936e+00
m_ipeak_sink_a = 8.6982187488e-01
m_vout_max_v = 5.0049002863e+00
m_vout_min_v = -3.344826935e-03
m_vin_max_v = 3.3000000000e+00
m_vin_min_v = 0.0000000000e+00
m_indrv_max_v = 5.0001636016e+00
m_indrv_min_v = -1.533321544e-02
m_n1_max_v = 5.0621839827e+00
m_n1_min_v = -4.325028170e-02
m_n2_max_v = 5.0770518650e+00
m_n2_min_v = -3.644667804e-02
m_n3_max_v = 5.0512797392e+00
m_n3_min_v = -2.531887856e-02
m_n4_max_v = 5.0438243592e+00
m_n4_min_v = -2.878583517e-02
m_n5_max_v = 5.0480860849e+00
m_n5_min_v = -3.014562229e-02
Note: Simulation executed from .control section 

Note: vimeas: has no value, DC 0 assumed
