
Note: No compatibility mode selected!


Circuit: * gate-driver-core-drive @ ss_-40c_vlogic2p97v-vdrv4p50v -- generated by sim/harness, do not edit

Doing analysis at TEMP = -40.000000 and TNOM = 27.000000

Using SPARSE 1.3 as Direct Linear Solver

Initial Transient Solution
--------------------------

Node                                   Voltage
----                                   -------
x1.inb                                    2.97
in                                           0
gnd_logic                                    0
vdd_logic                                 2.97
x1.na                                  1.93131
x1.nb                              3.50729e-10
x1.nca                                     4.5
gnd_drv                            3.23796e-12
x1.ncb                             1.06976e-09
vdd_drv                                    4.5
x1.nbuf1                                   4.5
in_drv                             8.22718e-10
x2.n1                                      4.5
x2.n2                              1.62029e-09
x2.n3                                      4.5
x2.n4                              2.42885e-09
x2.n5                                      4.5
out                                2.57586e-09
outcap                             2.57586e-09
vimeas#branch                                0
vin#branch                                   0
vgnd_logic#branch                  3.24776e-09
vsup_drv#branch                   -3.23417e-09
vsup_logic#branch                 -2.97277e-12

 Reference value :  1.83372e-07
 Reference value :  4.21227e-07
 Reference value :  6.77527e-07
No. of Data Rows : 7038
trise10_90          =  5.52506e-09 targ=  2.86523e-08 trig=  2.31273e-08
tfall10_90          =  5.38158e-09 targ=  3.29224e-07 trig=  3.23843e-07
tpdlh               =  4.88005e-09 targ=  2.53800e-08 trig=  2.05000e-08
tpdhl               =  4.83734e-09 targ=  3.26337e-07 trig=  3.21500e-07
m_trise_s = 5.5250580000e-09
m_tfall_s = 5.3815840000e-09
m_tpdlh_s = 4.8800500000e-09
m_tpdhl_s = 4.8373390000e-09
m_ipeak_source_a = 8.2607881039e-01
m_ipeak_sink_a = 7.3460211875e-01
m_vout_max_v = 4.5044965635e+00
m_vout_min_v = -3.159810991e-03
m_vin_max_v = 2.9700000000e+00
m_vin_min_v = 0.0000000000e+00
m_indrv_max_v = 4.5089911013e+00
m_indrv_min_v = -4.470309532e-03
m_n1_max_v = 4.5618799232e+00
m_n1_min_v = -4.865568440e-02
m_n2_max_v = 4.5722087318e+00
m_n2_min_v = -3.495654704e-02
m_n3_max_v = 4.5506312567e+00
m_n3_min_v = -3.103536541e-02
m_n4_max_v = 4.5486449980e+00
m_n4_min_v = -2.624945250e-02
m_n5_max_v = 4.5496145863e+00
m_n5_min_v = -2.285734006e-02
Note: Simulation executed from .control section 

Note: vimeas: has no value, DC 0 assumed
