
Note: No compatibility mode selected!


Circuit: * gate-driver-core-drive @ ss_-40c_vlogic3p30v-vdrv6p00v -- generated by sim/harness, do not edit

Doing analysis at TEMP = -40.000000 and TNOM = 27.000000

Using SPARSE 1.3 as Direct Linear Solver

Initial Transient Solution
--------------------------

Node                                   Voltage
----                                   -------
x1.inb                                     3.3
in                                           0
gnd_logic                                    0
vdd_logic                                  3.3
x1.na                                  2.21532
x1.nb                              4.46975e-10
x1.nca                                       6
gnd_drv                            4.32023e-12
x1.ncb                             1.30703e-09
vdd_drv                                      6
x1.nbuf1                                     6
in_drv                              9.2623e-10
x2.n1                                        6
x2.n2                              1.82332e-09
x2.n3                                        6
x2.n4                              2.73198e-09
x2.n5                                        6
out                                2.89729e-09
outcap                             2.89729e-09
vimeas#branch                                0
vin#branch                                   0
vgnd_logic#branch                  4.33227e-09
vsup_drv#branch                   -4.32194e-09
vsup_logic#branch                 -3.30347e-12

 Reference value :  1.80610e-07
 Reference value :  4.28932e-07
 Reference value :  6.82832e-07
No. of Data Rows : 7048
trise10_90          =  4.47447e-09 targ=  2.70993e-08 trig=  2.26249e-08
tfall10_90          =  4.67722e-09 targ=  3.28152e-07 trig=  3.23475e-07
tpdlh               =  3.93735e-09 targ=  2.44373e-08 trig=  2.05000e-08
tpdhl               =  4.15542e-09 targ=  3.25655e-07 trig=  3.21500e-07
m_trise_s = 4.4744740000e-09
m_tfall_s = 4.6772200000e-09
m_tpdlh_s = 3.9373470000e-09
m_tpdhl_s = 4.1554210000e-09
m_ipeak_source_a = 1.3655000558e+00
m_ipeak_sink_a = 1.1403665196e+00
m_vout_max_v = 6.0043993404e+00
m_vout_min_v = -3.364933812e-03
m_vin_max_v = 3.3000000000e+00
m_vin_min_v = 0.0000000000e+00
m_indrv_max_v = 6.0001540817e+00
m_indrv_min_v = -7.616065963e-03
m_n1_max_v = 6.0481096463e+00
m_n1_min_v = -3.128619210e-02
m_n2_max_v = 6.0810824850e+00
m_n2_min_v = -3.997372209e-02
m_n3_max_v = 6.0499871400e+00
m_n3_min_v = -2.543328269e-02
m_n4_max_v = 6.0493218582e+00
m_n4_min_v = -2.331331108e-02
m_n5_max_v = 6.0516784988e+00
m_n5_min_v = -3.016301010e-02
Note: Simulation executed from .control section 

Note: vimeas: has no value, DC 0 assumed
