
Note: No compatibility mode selected!


Circuit: * gate-driver-core-drive @ ss_125c_vlogic3p63v-vdrv5p50v -- generated by sim/harness, do not edit

Doing analysis at TEMP = 125.000000 and TNOM = 27.000000

Using SPARSE 1.3 as Direct Linear Solver

Initial Transient Solution
--------------------------

Node                                   Voltage
----                                   -------
x1.inb                                    3.63
in                                           0
gnd_logic                                    0
vdd_logic                                 3.63
x1.na                                   2.6366
x1.nb                              6.55157e-10
x1.nca                                     5.5
gnd_drv                            5.33668e-12
x1.ncb                             2.04032e-09
vdd_drv                                    5.5
x1.nbuf1                                   5.5
in_drv                              1.9901e-09
x2.n1                                      5.5
x2.n2                              4.00556e-09
x2.n3                                      5.5
x2.n4                              5.62651e-09
x2.n5                                      5.5
out                                5.96719e-09
outcap                             5.96719e-09
vimeas#branch                                0
vin#branch                                   0
vgnd_logic#branch                  5.85217e-09
vsup_drv#branch                   -5.69172e-09
vsup_logic#branch                 -1.58083e-10

 Reference value :  1.73005e-07
 Reference value :  4.31144e-07
 Reference value :  6.92044e-07
No. of Data Rows : 7041
trise10_90          =  7.00331e-09 targ=  3.07021e-08 trig=  2.36987e-08
tfall10_90          =  6.77189e-09 targ=  3.31007e-07 trig=  3.24235e-07
tpdlh               =  5.85732e-09 targ=  2.63573e-08 trig=  2.05000e-08
tpdhl               =  5.63012e-09 targ=  3.27130e-07 trig=  3.21500e-07
m_trise_s = 7.0033140000e-09
m_tfall_s = 6.7718910000e-09
m_tpdlh_s = 5.8573240000e-09
m_tpdhl_s = 5.6301250000e-09
m_ipeak_source_a = 8.7084697455e-01
m_ipeak_sink_a = 7.7813524100e-01
m_vout_max_v = 5.5033556491e+00
m_vout_min_v = -2.821817470e-03
m_vin_max_v = 3.6300000000e+00
m_vin_min_v = 0.0000000000e+00
m_indrv_max_v = 5.5000655322e+00
m_indrv_min_v = -5.496667724e-04
m_n1_max_v = 5.5539208923e+00
m_n1_min_v = -4.960904414e-02
m_n2_max_v = 5.5755537404e+00
m_n2_min_v = -3.959682474e-02
m_n3_max_v = 5.5502554774e+00
m_n3_min_v = -3.130385735e-02
m_n4_max_v = 5.5401343091e+00
m_n4_min_v = -2.923383975e-02
m_n5_max_v = 5.5455646780e+00
m_n5_min_v = -2.848919864e-02
Note: Simulation executed from .control section 

Note: vimeas: has no value, DC 0 assumed
