
Note: No compatibility mode selected!


Circuit: * gate-driver-core-drive @ ss_125c_vlogic3p30v-vdrv6p00v -- generated by sim/harness, do not edit

Doing analysis at TEMP = 125.000000 and TNOM = 27.000000

Using SPARSE 1.3 as Direct Linear Solver

Initial Transient Solution
--------------------------

Node                                   Voltage
----                                   -------
x1.inb                                     3.3
in                                           0
gnd_logic                                    0
vdd_logic                                  3.3
x1.na                                  2.37864
x1.nb                              7.50744e-10
x1.nca                                       6
gnd_drv                            5.85645e-12
x1.ncb                              2.3854e-09
vdd_drv                                      6
x1.nbuf1                                     6
in_drv                             2.07271e-09
x2.n1                                        6
x2.n2                              4.16696e-09
x2.n3                                        6
x2.n4                              5.87092e-09
x2.n5                                        6
out                                6.22638e-09
outcap                             6.22638e-09
vimeas#branch                      6.77626e-21
vin#branch                                   0
vgnd_logic#branch                  6.29292e-09
vsup_drv#branch                   -6.16686e-09
vsup_logic#branch                 -1.27472e-10

 Reference value :  1.85566e-07
 Reference value :  4.31415e-07
 Reference value :  6.91815e-07
No. of Data Rows : 7036
trise10_90          =  6.52593e-09 targ=  2.99781e-08 trig=  2.34522e-08
tfall10_90          =  6.53178e-09 targ=  3.30675e-07 trig=  3.24143e-07
tpdlh               =  5.42430e-09 targ=  2.59243e-08 trig=  2.05000e-08
tpdhl               =  5.43671e-09 targ=  3.26937e-07 trig=  3.21500e-07
m_trise_s = 6.5259270000e-09
m_tfall_s = 6.5317810000e-09
m_tpdlh_s = 5.4242970000e-09
m_tpdhl_s = 5.4367080000e-09
m_ipeak_source_a = 1.0159445555e+00
m_ipeak_sink_a = 8.8702396871e-01
m_vout_max_v = 6.0039017166e+00
m_vout_min_v = -2.891880670e-03
m_vin_max_v = 3.3000000000e+00
m_vin_min_v = 0.0000000000e+00
m_indrv_max_v = 6.0000949890e+00
m_indrv_min_v = -3.031313492e-04
m_n1_max_v = 6.0423992916e+00
m_n1_min_v = -4.310553875e-02
m_n2_max_v = 6.0761480013e+00
m_n2_min_v = -3.980270841e-02
m_n3_max_v = 6.0472248427e+00
m_n3_min_v = -2.765524208e-02
m_n4_max_v = 6.0446569052e+00
m_n4_min_v = -2.657376922e-02
m_n5_max_v = 6.0459803628e+00
m_n5_min_v = -2.717249957e-02
Note: Simulation executed from .control section 

Note: vimeas: has no value, DC 0 assumed
