
Note: No compatibility mode selected!


Circuit: * gate-driver-core-drive @ ss_27c_vlogic2p97v-vdrv4p50v -- generated by sim/harness, do not edit

Doing analysis at TEMP = 27.000000 and TNOM = 27.000000

Using SPARSE 1.3 as Direct Linear Solver

Initial Transient Solution
--------------------------

Node                                   Voltage
----                                   -------
x1.inb                                    2.97
in                                           0
gnd_logic                                    0
vdd_logic                                 2.97
x1.na                                  2.05816
x1.nb                              4.36244e-10
x1.nca                                     4.5
gnd_drv                            3.23873e-12
x1.ncb                             1.37443e-09
vdd_drv                                    4.5
x1.nbuf1                                   4.5
in_drv                             1.08928e-09
x2.n1                                      4.5
x2.n2                              2.14555e-09
x2.n3                                      4.5
x2.n4                               3.2172e-09
x2.n5                                      4.5
out                                3.41199e-09
outcap                             3.41199e-09
vimeas#branch                                0
vin#branch                                   0
vgnd_logic#branch                  3.24923e-09
vsup_drv#branch                   -3.24201e-09
vsup_logic#branch                 -3.15685e-12

 Reference value :  1.54574e-07
 Reference value :  4.05048e-07
 Reference value :  6.62648e-07
No. of Data Rows : 7048
trise10_90          =  6.73679e-09 targ=  3.03346e-08 trig=  2.35978e-08
tfall10_90          =  6.16100e-09 targ=  3.30338e-07 trig=  3.24177e-07
tpdlh               =  5.75841e-09 targ=  2.62584e-08 trig=  2.05000e-08
tpdhl               =  5.43073e-09 targ=  3.26931e-07 trig=  3.21500e-07
m_trise_s = 6.7367910000e-09
m_tfall_s = 6.1610040000e-09
m_tpdlh_s = 5.7584130000e-09
m_tpdhl_s = 5.4307330000e-09
m_ipeak_source_a = 7.0934688579e-01
m_ipeak_sink_a = 6.6391203883e-01
m_vout_max_v = 4.5037684297e+00
m_vout_min_v = -2.978685216e-03
m_vin_max_v = 2.9700000000e+00
m_vin_min_v = 0.0000000000e+00
m_indrv_max_v = 4.5264908943e+00
m_indrv_min_v = -1.079131771e-02
m_n1_max_v = 4.5137986942e+00
m_n1_min_v = -4.494307115e-02
m_n2_max_v = 4.5708834954e+00
m_n2_min_v = -3.719698366e-02
m_n3_max_v = 4.5465872114e+00
m_n3_min_v = -3.067944361e-02
m_n4_max_v = 4.5446505495e+00
m_n4_min_v = -3.009273411e-02
m_n5_max_v = 4.5468840617e+00
m_n5_min_v = -2.197289241e-02
Note: Simulation executed from .control section 

Note: vimeas: has no value, DC 0 assumed
