
Note: No compatibility mode selected!


Circuit: * gate-driver-core-drive @ ss_27c_vlogic3p63v-vdrv5p50v -- generated by sim/harness, do not edit

Doing analysis at TEMP = 27.000000 and TNOM = 27.000000

Using SPARSE 1.3 as Direct Linear Solver

Initial Transient Solution
--------------------------

Node                                   Voltage
----                                   -------
x1.inb                                    3.63
in                                           0
gnd_logic                                    0
vdd_logic                                 3.63
x1.na                                  2.60573
x1.nb                              4.84754e-10
x1.nca                                     5.5
gnd_drv                             3.9609e-12
x1.ncb                               1.432e-09
vdd_drv                                    5.5
x1.nbuf1                                   5.5
in_drv                              1.1821e-09
x2.n1                                      5.5
x2.n2                              2.32782e-09
x2.n3                                      5.5
x2.n4                              3.48941e-09
x2.n5                                      5.5
out                                3.70065e-09
outcap                             3.70065e-09
vimeas#branch                                0
vin#branch                                   0
vgnd_logic#branch                  3.97402e-09
vsup_drv#branch                   -3.95754e-09
vsup_logic#branch                 -3.93535e-12

 Reference value :  1.86911e-07
 Reference value :  4.45804e-07
No. of Data Rows : 7040
trise10_90          =  5.72500e-09 targ=  2.88798e-08 trig=  2.31548e-08
tfall10_90          =  5.54292e-09 targ=  3.29354e-07 trig=  3.23811e-07
tpdlh               =  4.90001e-09 targ=  2.54000e-08 trig=  2.05000e-08
tpdhl               =  4.79853e-09 targ=  3.26299e-07 trig=  3.21500e-07
m_trise_s = 5.7250040000e-09
m_tfall_s = 5.5429220000e-09
m_tpdlh_s = 4.9000070000e-09
m_tpdhl_s = 4.7985300000e-09
m_ipeak_source_a = 1.0328605620e+00
m_ipeak_sink_a = 9.0325057039e-01
m_vout_max_v = 5.5044531305e+00
m_vout_min_v = -2.934001912e-03
m_vin_max_v = 3.6300000000e+00
m_vin_min_v = 0.0000000000e+00
m_indrv_max_v = 5.5000990843e+00
m_indrv_min_v = -2.985582744e-03
m_n1_max_v = 5.5081724145e+00
m_n1_min_v = -4.574233009e-02
m_n2_max_v = 5.5803408830e+00
m_n2_min_v = -3.702802710e-02
m_n3_max_v = 5.5412473219e+00
m_n3_min_v = -2.500365651e-02
m_n4_max_v = 5.5467635365e+00
m_n4_min_v = -3.013233975e-02
m_n5_max_v = 5.5489994050e+00
m_n5_min_v = -2.633391766e-02
Note: Simulation executed from .control section 

Note: vimeas: has no value, DC 0 assumed
