
Note: No compatibility mode selected!


Circuit: * gate-driver-core-drive @ ss_27c_vlogic3p30v-vdrv6p00v -- generated by sim/harness, do not edit

Doing analysis at TEMP = 27.000000 and TNOM = 27.000000

Using SPARSE 1.3 as Direct Linear Solver

Initial Transient Solution
--------------------------

Node                                   Voltage
----                                   -------
x1.inb                                     3.3
in                                           0
gnd_logic                                    0
vdd_logic                                  3.3
x1.na                                  2.34153
x1.nb                              5.51194e-10
x1.nca                                       6
gnd_drv                            4.32133e-12
x1.ncb                             1.67814e-09
vdd_drv                                      6
x1.nbuf1                                     6
in_drv                             1.23856e-09
x2.n1                                        6
x2.n2                              2.43866e-09
x2.n3                                        6
x2.n4                              3.65527e-09
x2.n5                                        6
out                                3.87655e-09
outcap                             3.87655e-09
vimeas#branch                      3.38813e-21
vin#branch                                   0
vgnd_logic#branch                  4.33422e-09
vsup_drv#branch                   -4.32193e-09
vsup_logic#branch                 -3.53011e-12

 Reference value :  1.92521e-07
 Reference value :  4.43256e-07
No. of Data Rows : 7042
trise10_90          =  5.37704e-09 targ=  2.83385e-08 trig=  2.29614e-08
tfall10_90          =  5.34417e-09 targ=  3.29086e-07 trig=  3.23742e-07
tpdlh               =  4.56662e-09 targ=  2.50666e-08 trig=  2.05000e-08
tpdhl               =  4.64287e-09 targ=  3.26143e-07 trig=  3.21500e-07
m_trise_s = 5.3770350000e-09
m_tfall_s = 5.3441660000e-09
m_tpdlh_s = 4.5666170000e-09
m_tpdhl_s = 4.6428720000e-09
m_ipeak_source_a = 1.1938195863e+00
m_ipeak_sink_a = 1.0171174354e+00
m_vout_max_v = 6.0039126814e+00
m_vout_min_v = -3.061127765e-03
m_vin_max_v = 3.3000000000e+00
m_vin_min_v = 0.0000000000e+00
m_indrv_max_v = 6.0001049278e+00
m_indrv_min_v = -2.055415269e-03
m_n1_max_v = 6.0585288928e+00
m_n1_min_v = -3.328798652e-02
m_n2_max_v = 6.0773763156e+00
m_n2_min_v = -3.731909219e-02
m_n3_max_v = 6.0482027796e+00
m_n3_min_v = -3.210845727e-02
m_n4_max_v = 6.0479687891e+00
m_n4_min_v = -1.952875408e-02
m_n5_max_v = 6.0442499785e+00
m_n5_min_v = -2.823838780e-02
Note: Simulation executed from .control section 

Note: vimeas: has no value, DC 0 assumed
