
Note: No compatibility mode selected!


Circuit: * gate-driver-core-drive @ tt_-40c_vlogic3p63v-vdrv5p50v -- generated by sim/harness, do not edit

Doing analysis at TEMP = -40.000000 and TNOM = 27.000000

Using SPARSE 1.3 as Direct Linear Solver

Initial Transient Solution
--------------------------

Node                                   Voltage
----                                   -------
x1.inb                                    3.63
in                                           0
gnd_logic                                    0
vdd_logic                                 3.63
x1.na                                  2.61444
x1.nb                               3.7637e-10
x1.nca                                     5.5
gnd_drv                            4.02067e-12
x1.ncb                             9.97694e-10
vdd_drv                                    5.5
x1.nbuf1                                   5.5
in_drv                             7.98352e-10
x2.n1                                      5.5
x2.n2                              1.56971e-09
x2.n3                                      5.5
x2.n4                              2.34148e-09
x2.n5                                      5.5
out                                2.48314e-09
outcap                             2.48314e-09
vimeas#branch                                0
vin#branch                                   0
vgnd_logic#branch                  4.03298e-09
vsup_drv#branch                   -4.01786e-09
vsup_logic#branch                 -3.64128e-12

 Reference value :  1.82229e-07
 Reference value :  4.25645e-07
 Reference value :  6.82345e-07
No. of Data Rows : 7054
trise10_90          =  3.95967e-09 targ=  2.62748e-08 trig=  2.23151e-08
tfall10_90          =  3.96898e-09 targ=  3.27069e-07 trig=  3.23100e-07
tpdlh               =  3.41461e-09 targ=  2.39146e-08 trig=  2.05000e-08
tpdhl               =  3.42158e-09 targ=  3.24922e-07 trig=  3.21500e-07
m_trise_s = 3.9596690000e-09
m_tfall_s = 3.9689800000e-09
m_tpdlh_s = 3.4146090000e-09
m_tpdhl_s = 3.4215850000e-09
m_ipeak_source_a = 1.4308356738e+00
m_ipeak_sink_a = 1.2292164203e+00
m_vout_max_v = 5.5039184599e+00
m_vout_min_v = -2.833788354e-03
m_vin_max_v = 3.6300000000e+00
m_vin_min_v = 0.0000000000e+00
m_indrv_max_v = 5.5000811919e+00
m_indrv_min_v = -1.521809309e-04
m_n1_max_v = 5.5282395091e+00
m_n1_min_v = -3.195043794e-02
m_n2_max_v = 5.5606870703e+00
m_n2_min_v = -3.657645776e-02
m_n3_max_v = 5.5360580003e+00
m_n3_min_v = -2.950014920e-02
m_n4_max_v = 5.5380890881e+00
m_n4_min_v = -2.774046000e-02
m_n5_max_v = 5.5456336281e+00
m_n5_min_v = -2.416243032e-02
Note: Simulation executed from .control section 

Note: vimeas: has no value, DC 0 assumed
