
Note: No compatibility mode selected!


Circuit: * gate-driver-core-drive @ tt_125c_vlogic2p97v-vdrv4p50v -- generated by sim/harness, do not edit

Doing analysis at TEMP = 125.000000 and TNOM = 27.000000

Using SPARSE 1.3 as Direct Linear Solver

Initial Transient Solution
--------------------------

Node                                   Voltage
----                                   -------
x1.inb                                    2.97
in                                           0
gnd_logic                                    0
vdd_logic                                 2.97
x1.na                                  2.14365
x1.nb                              6.62715e-10
x1.nca                                 4.49999
gnd_drv                            1.23469e-11
x1.ncb                                2.01e-09
vdd_drv                                    4.5
x1.nbuf1                                   4.5
in_drv                              2.5958e-09
x2.n1                                      4.5
x2.n2                              5.44291e-09
x2.n3                                      4.5
x2.n4                              6.63752e-09
x2.n5                                      4.5
out                                7.03905e-09
outcap                             7.03905e-09
vimeas#branch                                0
vin#branch                                   0
vgnd_logic#branch                  1.54913e-08
vsup_drv#branch                   -1.45826e-08
vsup_logic#branch                 -9.11569e-10

 Reference value :  1.91575e-07
 Reference value :  4.37727e-07
 Reference value :  6.89027e-07
No. of Data Rows : 7035
trise10_90          =  6.72104e-09 targ=  3.01259e-08 trig=  2.34048e-08
tfall10_90          =  6.24910e-09 targ=  3.30243e-07 trig=  3.23994e-07
tpdlh               =  5.43911e-09 targ=  2.59391e-08 trig=  2.05000e-08
tpdhl               =  5.13578e-09 targ=  3.26636e-07 trig=  3.21500e-07
m_trise_s = 6.7210390000e-09
m_tfall_s = 6.2491030000e-09
m_tpdlh_s = 5.4391060000e-09
m_tpdhl_s = 5.1357840000e-09
m_ipeak_source_a = 7.4246185801e-01
m_ipeak_sink_a = 7.0190975870e-01
m_vout_max_v = 4.5031587434e+00
m_vout_min_v = -2.308880590e-03
m_vin_max_v = 2.9700000000e+00
m_vin_min_v = 0.0000000000e+00
m_indrv_max_v = 4.5000625073e+00
m_indrv_min_v = -1.469790356e-03
m_n1_max_v = 4.5390039357e+00
m_n1_min_v = -3.840620008e-02
m_n2_max_v = 4.5603915650e+00
m_n2_min_v = -3.234412562e-02
m_n3_max_v = 4.5379326608e+00
m_n3_min_v = -2.263329329e-02
m_n4_max_v = 4.5271428662e+00
m_n4_min_v = -2.184467685e-02
m_n5_max_v = 4.5418303438e+00
m_n5_min_v = -2.203478082e-02
Note: Simulation executed from .control section 

Note: vimeas: has no value, DC 0 assumed
