
Note: No compatibility mode selected!


Circuit: * gate-driver-core-drive @ tt_125c_vlogic3p30v-vdrv6p00v -- generated by sim/harness, do not edit

Doing analysis at TEMP = 125.000000 and TNOM = 27.000000

Using SPARSE 1.3 as Direct Linear Solver

Initial Transient Solution
--------------------------

Node                                   Voltage
----                                   -------
x1.inb                                     3.3
in                                           0
gnd_logic                                    0
vdd_logic                                  3.3
x1.na                                  2.43088
x1.nb                              8.27371e-10
x1.nca                                 5.99999
gnd_drv                            1.77239e-11
x1.ncb                             2.45799e-09
vdd_drv                                      6
x1.nbuf1                                     6
in_drv                             2.99825e-09
x2.n1                                        6
x2.n2                              6.27432e-09
x2.n3                                        6
x2.n4                              7.67835e-09
x2.n5                                        6
out                                8.14263e-09
outcap                             8.14263e-09
vimeas#branch                                0
vin#branch                                   0
vgnd_logic#branch                  2.15542e-08
vsup_drv#branch                   -2.04251e-08
vsup_logic#branch                 -1.14092e-09

 Reference value :  1.89938e-07
 Reference value :  4.45484e-07
No. of Data Rows : 7041
trise10_90          =  5.36513e-09 targ=  2.82159e-08 trig=  2.28508e-08
tfall10_90          =  5.55450e-09 targ=  3.29174e-07 trig=  3.23619e-07
tpdlh               =  4.36647e-09 targ=  2.48665e-08 trig=  2.05000e-08
tpdhl               =  4.47510e-09 targ=  3.25975e-07 trig=  3.21500e-07
m_trise_s = 5.3651260000e-09
m_tfall_s = 5.5544990000e-09
m_tpdlh_s = 4.3664700000e-09
m_tpdhl_s = 4.4750990000e-09
m_ipeak_source_a = 1.2461926100e+00
m_ipeak_sink_a = 1.0457644112e+00
m_vout_max_v = 6.0020388480e+00
m_vout_min_v = -2.114659382e-03
m_vin_max_v = 3.3000000000e+00
m_vin_min_v = 0.0000000000e+00
m_indrv_max_v = 6.0000966744e+00
m_indrv_min_v = -4.099101301e-04
m_n1_max_v = 6.0322463175e+00
m_n1_min_v = -2.751055116e-02
m_n2_max_v = 6.0687389715e+00
m_n2_min_v = -2.994148618e-02
m_n3_max_v = 6.0335316909e+00
m_n3_min_v = -2.721118741e-02
m_n4_max_v = 6.0369848579e+00
m_n4_min_v = -2.014549487e-02
m_n5_max_v = 6.0387765387e+00
m_n5_min_v = -2.433061632e-02
Note: Simulation executed from .control section 

Note: vimeas: has no value, DC 0 assumed
