
Note: No compatibility mode selected!


Circuit: * gate-driver-core-drive @ tt_125c_vlogic3p30v-vdrv5p00v -- generated by sim/harness, do not edit

Doing analysis at TEMP = 125.000000 and TNOM = 27.000000

Using SPARSE 1.3 as Direct Linear Solver

Initial Transient Solution
--------------------------

Node                                   Voltage
----                                   -------
x1.inb                                     3.3
in                                           0
gnd_logic                                    0
vdd_logic                                  3.3
x1.na                                  2.41482
x1.nb                              6.90689e-10
x1.nca                                 4.99999
gnd_drv                            1.37362e-11
x1.ncb                             2.05193e-09
vdd_drv                                      5
x1.nbuf1                                     5
in_drv                             2.68985e-09
x2.n1                                        5
x2.n2                              5.63296e-09
x2.n3                                        5
x2.n4                              6.89203e-09
x2.n5                                        5
out                                 7.3089e-09
outcap                              7.3089e-09
vimeas#branch                     -6.77626e-21
vin#branch                                   0
vgnd_logic#branch                  1.75375e-08
vsup_drv#branch                   -1.63972e-08
vsup_logic#branch                 -1.14092e-09

 Reference value :  1.87679e-07
 Reference value :  4.44864e-07
No. of Data Rows : 7037
trise10_90          =  6.16561e-09 targ=  2.93581e-08 trig=  2.31925e-08
tfall10_90          =  5.94272e-09 targ=  3.29757e-07 trig=  3.23814e-07
tpdlh               =  5.01242e-09 targ=  2.55124e-08 trig=  2.05000e-08
tpdhl               =  4.83098e-09 targ=  3.26331e-07 trig=  3.21500e-07
m_trise_s = 6.1656140000e-09
m_tfall_s = 5.9427180000e-09
m_tpdlh_s = 5.0124240000e-09
m_tpdhl_s = 4.8309790000e-09
m_ipeak_source_a = 9.0771342021e-01
m_ipeak_sink_a = 8.2231589406e-01
m_vout_max_v = 5.0030646511e+00
m_vout_min_v = -2.149022077e-03
m_vin_max_v = 3.3000000000e+00
m_vin_min_v = 0.0000000000e+00
m_indrv_max_v = 5.0000619475e+00
m_indrv_min_v = -4.425009262e-04
m_n1_max_v = 5.0301851817e+00
m_n1_min_v = -3.197558480e-02
m_n2_max_v = 5.0690315817e+00
m_n2_min_v = -3.210431590e-02
m_n3_max_v = 5.0345748352e+00
m_n3_min_v = -2.649508408e-02
m_n4_max_v = 5.0378817989e+00
m_n4_min_v = -2.035958538e-02
m_n5_max_v = 5.0390073166e+00
m_n5_min_v = -2.493231423e-02
Note: Simulation executed from .control section 

Note: vimeas: has no value, DC 0 assumed
