
Note: No compatibility mode selected!


Circuit: * gate-driver-core-drive @ tt_125c_vlogic3p63v-vdrv5p50v -- generated by sim/harness, do not edit

Doing analysis at TEMP = 125.000000 and TNOM = 27.000000

Using SPARSE 1.3 as Direct Linear Solver

Initial Transient Solution
--------------------------

Node                                   Voltage
----                                   -------
x1.inb                                    3.63
in                                           0
gnd_logic                                    0
vdd_logic                                 3.63
x1.na                                  2.68944
x1.nb                              7.23467e-10
x1.nca                                 5.49999
gnd_drv                            1.54562e-11
x1.ncb                              2.1112e-09
vdd_drv                                    5.5
x1.nbuf1                                   5.5
in_drv                             2.82073e-09
x2.n1                                      5.5
x2.n2                               5.9028e-09
x2.n3                                      5.5
x2.n4                              7.23217e-09
x2.n5                                      5.5
out                                7.66954e-09
outcap                             7.66954e-09
vimeas#branch                     -6.77626e-21
vin#branch                                   0
vgnd_logic#branch                  2.00844e-08
vsup_drv#branch                   -1.86352e-08
vsup_logic#branch                 -1.45219e-09

 Reference value :  1.84885e-07
 Reference value :  4.37863e-07
No. of Data Rows : 7039
trise10_90          =  5.72421e-09 targ=  2.87524e-08 trig=  2.30282e-08
tfall10_90          =  5.71951e-09 targ=  3.29394e-07 trig=  3.23674e-07
tpdlh               =  4.67962e-09 targ=  2.51796e-08 trig=  2.05000e-08
tpdhl               =  4.59863e-09 targ=  3.26099e-07 trig=  3.21500e-07
m_trise_s = 5.7242100000e-09
m_tfall_s = 5.7195110000e-09
m_tpdlh_s = 4.6796180000e-09
m_tpdhl_s = 4.5986250000e-09
m_ipeak_source_a = 1.0715490024e+00
m_ipeak_sink_a = 9.2778947852e-01
m_vout_max_v = 5.5024263574e+00
m_vout_min_v = -2.142408113e-03
m_vin_max_v = 3.6300000000e+00
m_vin_min_v = 0.0000000000e+00
m_indrv_max_v = 5.5000935714e+00
m_indrv_min_v = -2.107228035e-04
m_n1_max_v = 5.5247359988e+00
m_n1_min_v = -2.231142031e-02
m_n2_max_v = 5.5714397712e+00
m_n2_min_v = -2.777196159e-02
m_n3_max_v = 5.5384839137e+00
m_n3_min_v = -2.711441671e-02
m_n4_max_v = 5.5379793402e+00
m_n4_min_v = -2.337438182e-02
m_n5_max_v = 5.5365949180e+00
m_n5_min_v = -2.380814217e-02
Note: Simulation executed from .control section 

Note: vimeas: has no value, DC 0 assumed
