
Note: No compatibility mode selected!


Circuit: * gate-driver-core-drive @ tt_27c_vlogic2p97v-vdrv4p50v -- generated by sim/harness, do not edit

Doing analysis at TEMP = 27.000000 and TNOM = 27.000000

Using SPARSE 1.3 as Direct Linear Solver

Initial Transient Solution
--------------------------

Node                                   Voltage
----                                   -------
x1.inb                                    2.97
in                                           0
gnd_logic                                    0
vdd_logic                                 2.97
x1.na                                  2.15511
x1.nb                               4.0438e-10
x1.nca                                     4.5
gnd_drv                            3.30106e-12
x1.ncb                             1.18876e-09
vdd_drv                                    4.5
x1.nbuf1                                   4.5
in_drv                             9.55231e-10
x2.n1                                      4.5
x2.n2                              1.87928e-09
x2.n3                                      4.5
x2.n4                              2.80467e-09
x2.n5                                      4.5
out                                2.97445e-09
outcap                             2.97445e-09
vimeas#branch                                0
vin#branch                                   0
vgnd_logic#branch                  3.32113e-09
vsup_drv#branch                   -3.30485e-09
vsup_logic#branch                 -6.13047e-12

 Reference value :  1.94931e-07
 Reference value :  4.45133e-07
 Reference value :  6.99533e-07
No. of Data Rows : 7040
trise10_90          =  5.46883e-09 targ=  2.83596e-08 trig=  2.28908e-08
tfall10_90          =  5.05088e-09 targ=  3.28648e-07 trig=  3.23597e-07
tpdlh               =  4.52799e-09 targ=  2.50280e-08 trig=  2.05000e-08
tpdhl               =  4.32474e-09 targ=  3.25825e-07 trig=  3.21500e-07
m_trise_s = 5.4688290000e-09
m_tfall_s = 5.0508810000e-09
m_tpdlh_s = 4.5279900000e-09
m_tpdhl_s = 4.3247390000e-09
m_ipeak_source_a = 8.8626520728e-01
m_ipeak_sink_a = 8.3561283786e-01
m_vout_max_v = 4.5027391392e+00
m_vout_min_v = -2.508453048e-03
m_vin_max_v = 2.9700000000e+00
m_vin_min_v = 0.0000000000e+00
m_indrv_max_v = 4.5000609318e+00
m_indrv_min_v = -8.307003220e-03
m_n1_max_v = 4.5405106423e+00
m_n1_min_v = -3.629255465e-02
m_n2_max_v = 4.5680696893e+00
m_n2_min_v = -3.494717939e-02
m_n3_max_v = 4.5373753191e+00
m_n3_min_v = -2.745659006e-02
m_n4_max_v = 4.5405641547e+00
m_n4_min_v = -2.198273749e-02
m_n5_max_v = 4.5391151593e+00
m_n5_min_v = -2.090019317e-02
Note: Simulation executed from .control section 

Note: vimeas: has no value, DC 0 assumed
