
Note: No compatibility mode selected!


Circuit: * level-shifter-oxide-safety-postlayout @ ff_-40c_vlogic3p63v-vdrv5p50v -- generated by sim/harness, do not edit

Doing analysis at TEMP = -40.000000 and TNOM = 27.000000

Using SPARSE 1.3 as Direct Linear Solver

Initial Transient Solution
--------------------------

Node                                   Voltage
----                                   -------
x1_inb                                    3.63
in                                           0
gnd_logic                                    0
x1_na                                  2.58226
x1_nb                               3.2253e-07
gnd_drv                            2.36474e-08
x2_n3                                      5.5
x2_n4                              1.70411e-06
x2_n5                                      5.5
out                                1.80596e-06
x3_lockout                         1.58501e-06
in_drv                             5.47308e-07
x1_nbuf1                               5.49999
x1_ncb                             8.20952e-07
x1_nca                                 5.49997
vdd_logic                                 3.63
x2_n1                                  5.49999
x2_n2                              1.00301e-06
x3_ncompn                              5.49991
x3_nref                               0.692208
x3_ntail                              0.281889
x3_ncompp                               4.5976
x3_ndiv                                1.02543
x3_uvlo_ok                             5.49985
vdd_drv                                    5.5
anon293                            1.27068e-07
anon294                           -9.97358e-08
anon295                            4.78046e-08
anon22                                 5.09797
anon23                                 4.69628
anon26                                 4.29491
anon27                                 3.89382
anon30                                 3.49299
anon31                                 3.09239
anon21                                 1.09197
anon24                                  1.4918
anon25                                 1.89173
anon28                                 2.29179
anon29                                   2.692
anon32                                 5.21873
anon33                                 4.93774
anon34                                 4.65702
anon35                                 4.37656
anon36                                 4.09634
anon37                                 3.81635
anon38                                 3.53657
anon39                                 3.25698
anon40                                 1.30401
anon42                                 1.58267
anon44                                 1.86141
anon45                                 2.14026
anon46                                 2.41922
anon47                                 2.69832
anon48                                 2.97757
anon49                                 5.45571
anon41                                0.683579
anon50                                 5.41194
anon43                                0.341778
anon51                                 5.36853
anon52                                 5.32548
anon53                                 5.28278
anon54                                 5.24044
anon55                                 5.19844
anon56                                 5.15679
anon57                                 4.83574
anon59                                 4.87472
anon60                                 4.91402
anon63                                 4.95364
anon65                                  4.9936
anon66                                 5.03389
anon69                                 5.07452
anon71                                 5.11548
anon58                                 4.79709
anon61                                 4.75875
anon62                                 4.72074
anon64                                 4.68304
anon67                                 4.64565
anon68                                 4.60857
anon70                                  4.5718
anon72                                 4.53533
anon73                                 4.25428
anon74                                 4.28839
anon76                                 4.32279
anon78                                 4.35748
anon81                                 4.39246
anon82                                 4.42773
anon84                                  4.4633
anon86                                 4.49917
anon75                                 4.22045
anon77                                  4.1869
anon79                                 4.15363
anon80                                 4.12063
anon83                                 4.08791
anon85                                 4.05547
anon87                                 4.02329
anon88                                 3.99138
anon89                                 3.74553
anon90                                 3.77536
anon91                                 3.71594
anon93                                 3.80545
anon94                                  3.6866
anon96                                 3.83579
anon97                                  3.6575
anon100                                3.86639
anon99                                 3.62865
anon102                                3.60005
anon103                                3.89725
anon105                                3.92836
anon106                                3.57168
anon108                                3.95974
anon109                                3.54355
anon111                                3.51565
anon112                                3.30079
anon113                                3.27494
anon92                                 3.32686
anon115                                3.24931
anon95                                 3.35315
anon117                                3.22389
anon98                                 3.37966
anon101                                 3.4064
anon119                                3.19869
anon121                                 3.1737
anon104                                3.43337
anon107                                3.46057
anon123                                3.14893
anon110                                3.48799
anon125                                3.12436
anon127                                3.10001
anon128                                2.91246
anon114                                2.93521
anon129                                2.88991
anon116                                2.95815
anon131                                2.86755
anon133                                2.84538
anon118                                2.98129
anon120                                3.00463
anon135                                 2.8234
anon137                                2.80161
anon122                                3.02817
anon139                                   2.78
anon124                                3.05191
anon141                                2.75858
anon126                                3.07586
anon143                                2.73734
anon144                                2.57391
anon130                                2.59373
anon145                                2.55427
anon147                                 2.5348
anon132                                2.61371
anon134                                2.63388
anon149                                2.51549
anon151                                2.49636
anon136                                2.65421
anon138                                2.67473
anon153                                2.47739
anon155                                2.45858
anon140                                2.69542
anon157                                2.43994
anon142                                2.71629
anon159                                2.42147
anon160                                2.27935
anon146                                2.29657
anon161                                2.26229
anon163                                2.24537
anon148                                2.31395
anon165                                 2.2286
anon150                                2.33147
anon152                                2.34916
anon167                                2.21198
anon154                                  2.367
anon169                                2.19551
anon171                                2.17919
anon156                                2.38499
anon158                                2.40315
anon173                                2.16301
anon175                                2.14697
anon176                                2.02375
anon162                                2.03867
anon177                                2.00897
anon164                                2.05373
anon179                                1.99432
anon181                                 1.9798
anon166                                2.06892
anon168                                2.08425
anon183                                1.96541
anon170                                2.09972
anon185                                1.95116
anon187                                1.93703
anon172                                2.11533
anon174                                2.13108
anon189                                1.92304
anon191                                1.90917
anon192                                1.80274
anon193                                1.78998
anon178                                1.81561
anon195                                1.77735
anon180                                1.82861
anon182                                1.84172
anon197                                1.76483
anon184                                1.85496
anon199                                1.75243
anon201                                1.74015
anon186                                1.86833
anon188                                1.88182
anon203                                1.72798
anon190                                1.89543
anon205                                1.71593
anon207                                  1.704
anon208                                1.61253
anon209                                1.60159
anon194                                1.62358
anon211                                1.59076
anon196                                1.63474
anon198                                  1.646
anon213                                1.58003
anon215                                 1.5694
anon200                                1.65738
anon202                                1.66887
anon217                                1.55888
anon219                                1.54847
anon204                                1.68046
anon221                                1.53816
anon206                                1.69217
anon223                                1.52795
anon224                                1.44989
anon210                                 1.4593
anon225                                1.44057
anon227                                1.43135
anon212                                1.46881
anon214                                1.47842
anon229                                1.42223
anon231                                 1.4132
anon216                                1.48812
anon218                                1.49793
anon233                                1.40426
anon235                                1.39542
anon220                                1.50784
anon237                                1.38667
anon222                                1.51784
anon239                                1.37801
anon240                                1.31202
anon241                                1.30417
anon226                                1.31996
anon243                                1.29641
anon228                                1.32798
anon230                                 1.3361
anon245                                1.28873
anon247                                1.28114
anon232                                 1.3443
anon249                                1.27364
anon234                                1.35259
anon236                                1.36098
anon251                                1.26622
anon253                                1.25888
anon238                                1.36945
anon255                                1.25163
anon256                                1.19658
anon242                                1.20318
anon257                                1.19006
anon244                                1.20985
anon259                                1.18362
anon261                                1.17727
anon246                                1.21661
anon263                                1.17098
anon248                                1.22345
anon265                                1.16478
anon250                                1.23037
anon252                                1.23738
anon267                                1.15866
anon269                                1.15261
anon254                                1.24446
anon271                                1.14664
anon272                                1.10159
anon273                                1.09629
anon258                                1.10696
anon275                                1.09107
anon260                                 1.1124
anon262                                1.11792
anon277                                1.08592
anon279                                1.08084
anon264                                1.12351
anon281                                1.07583
anon266                                1.12918
anon268                                1.13492
anon283                                 1.0709
anon285                                1.06603
anon270                                1.14074
anon287                                1.06124
anon274                                1.02966
anon276                                1.03396
anon278                                1.03834
anon280                                1.04278
anon282                                1.04729
anon284                                1.05187
anon286                                1.05652
vin#branch                        -2.64698e-22
vgnd_logic#branch                  2.36591e-05
vsup_drv#branch                   -2.43856e-05
vsup_logic#branch                  -7.2604e-09

 Reference value :  1.38856e-08
 Reference value :  3.20644e-08
 Reference value :  5.79244e-08
 Reference value :  7.84368e-08
 Reference value :  1.00221e-07
 Reference value :  1.18696e-07
 Reference value :  1.41015e-07
 Reference value :  1.61332e-07
 Reference value :  1.81051e-07
No. of Data Rows : 10556
mq1                 =  3.63472e+00 at=  1.41075e-07
mq2                 =  3.63000e+00 at=  2.00000e-07
mq3                 =  3.63000e+00 at=  1.80000e-07
mq4                 =  3.63024e+00 at=  2.08991e-08
mq5                 =  3.65032e+00 at=  1.00067e-07
mq6                 =  3.65036e+00 at=  1.00067e-07
na_peak             =  2.65568e+00 at=  2.00724e-08
nb_peak             =  2.63701e+00 at=  6.07762e-08
mvc1                =  1.29857e+00 at=  6.09388e-08
mvc2                =  1.30263e+00 at=  6.09388e-08
mvc3                =  1.30747e+00 at=  1.40943e-07
mvc4                =  1.31557e+00 at=  1.40943e-07
vccomp_stack        =  5.21861e+00 at=  6.09388e-08
t_plh               =  5.62301e-10 targ=  2.07896e-08 trig=  2.02273e-08
t_phl               =  2.48200e-10 targ=  6.10209e-08 trig=  6.07727e-08
vout_hi_abs         =  5.49999e+00
vout_lo_abs         =  5.47308e-07
vdrv_now            =  5.50000e+00
m_vgate_thinox_max = 3.6503560000e+00
m_vna_peak = 2.6556840000e+00
m_vnb_peak = 2.6370100000e+00
m_vccomp_dev_max = 1.3155730000e+00
m_vccomp_stack_max = 5.2186060000e+00
m_t_plh_ns = 5.6230140000e-01
m_t_phl_ns = 2.4819980000e-01
m_vout_hi_ratio = 9.9999890909e-01
m_vout_lo_ratio = 9.9510454545e-08
Note: Simulation executed from .control section 

Warning: singular matrix:  check node anon293

Note: Starting dynamic gmin stepping
Warning: singular matrix:  check node anon293

Warning: Dynamic gmin stepping failed
Note: Starting true gmin stepping
Warning: singular matrix:  check node anon293

Warning: singular matrix:  check node anon293

Warning: singular matrix:  check node anon293

Warning: singular matrix:  check node anon293

Warning: True gmin stepping failed
Note: Starting source stepping
Warning: source stepping failed
Note: Transient op started
Note: Transient op finished successfully
