
Note: No compatibility mode selected!


Circuit: * level-shifter-oxide-safety-postlayout @ ff_-40c_vlogic3p30v-vdrv5p00v -- generated by sim/harness, do not edit

Doing analysis at TEMP = -40.000000 and TNOM = 27.000000

Using SPARSE 1.3 as Direct Linear Solver

Initial Transient Solution
--------------------------

Node                                   Voltage
----                                   -------
x1_inb                                     3.3
in                                           0
gnd_logic                                    0
x1_na                                  2.29614
x1_nb                              2.99792e-07
gnd_drv                            2.07319e-08
x2_n3                                        5
x2_n4                              1.61422e-06
x2_n5                                        5
out                                 1.7108e-06
x3_lockout                         1.50157e-06
in_drv                             5.17258e-07
x1_nbuf1                               4.99999
x1_ncb                             7.87318e-07
x1_nca                                 4.99997
vdd_logic                                  3.3
x2_n1                                  4.99999
x2_n2                              9.49451e-07
x3_ncompn                              4.99986
x3_nref                               0.686939
x3_ntail                              0.215216
x3_ncompp                              4.10879
x3_ndiv                               0.932205
x3_uvlo_ok                             4.99986
vdd_drv                                      5
anon293                            1.26594e-07
anon294                           -9.12994e-08
anon295                            4.59306e-08
anon22                                 4.63932
anon23                                 4.27894
anon26                                 3.91885
anon27                                 3.55903
anon30                                 3.19944
anon31                                 2.84006
anon21                                 1.04554
anon24                                 1.40421
anon25                                 1.76297
anon28                                 2.12185
anon29                                 2.48087
anon32                                  4.7443
anon33                                 4.48885
anon34                                 4.23366
anon35                                 3.97869
anon36                                 3.72395
anon37                                 3.46941
anon38                                 3.21506
anon39                                 2.96089
anon40                                 1.18546
anon42                                 1.43879
anon44                                 1.69219
anon45                                 1.94569
anon46                                  2.1993
anon47                                 2.45302
anon48                                 2.70688
anon49                                 4.95973
anon41                                0.621435
anon50                                 4.91994
anon43                                0.310707
anon51                                 4.88048
anon52                                 4.84134
anon53                                 4.80252
anon54                                 4.76403
anon55                                 4.72585
anon56                                 4.68798
anon57                                 4.39612
anon59                                 4.43155
anon60                                 4.46728
anon63                                 4.50331
anon65                                 4.53963
anon66                                 4.57626
anon69                                 4.61319
anon71                                 4.65043
anon58                                 4.36098
anon61                                 4.32613
anon62                                 4.29157
anon64                                  4.2573
anon67                                 4.22331
anon68                                  4.1896
anon70                                 4.15617
anon72                                 4.12302
anon73                                 3.86752
anon74                                 3.89853
anon76                                 3.92981
anon78                                 3.96134
anon81                                 3.99314
anon82                                 4.02521
anon84                                 4.05754
anon86                                 4.09014
anon75                                 3.83676
anon77                                 3.80627
anon79                                 3.77602
anon80                                 3.74602
anon83                                 3.71628
anon85                                 3.68678
anon87                                 3.65753
anon88                                 3.62853
anon89                                 3.40502
anon90                                 3.43214
anon91                                 3.37812
anon93                                  3.4595
anon94                                 3.35145
anon96                                 3.48708
anon97                                   3.325
anon100                                 3.5149
anon99                                 3.29877
anon102                                3.27276
anon103                                3.54295
anon105                                3.57124
anon106                                3.24697
anon108                                3.59976
anon109                                 3.2214
anon111                                3.19604
anon112                                3.00071
anon113                                2.97721
anon92                                 3.02441
anon115                                2.95391
anon95                                 3.04831
anon117                                2.93081
anon98                                 3.07242
anon101                                3.09673
anon119                                 2.9079
anon121                                2.88518
anon104                                3.12124
anon107                                3.14597
anon123                                2.86266
anon110                                 3.1709
anon125                                2.84033
anon127                                2.81819
anon128                                2.64769
anon114                                2.66837
anon129                                2.62719
anon116                                2.68923
anon131                                2.60686
anon133                                 2.5867
anon118                                2.71026
anon120                                2.73148
anon135                                2.56672
anon137                                2.54691
anon122                                2.75288
anon139                                2.52727
anon124                                2.77446
anon141                                 2.5078
anon126                                2.79623
anon143                                2.48849
anon144                                2.33992
anon130                                2.35793
anon145                                2.32206
anon147                                2.30436
anon132                                 2.3761
anon134                                2.39443
anon149                                2.28681
anon151                                2.26941
anon136                                2.41292
anon138                                2.43157
anon153                                2.25217
anon155                                2.23507
anon140                                2.45038
anon157                                2.21813
anon142                                2.46935
anon159                                2.20133
anon160                                2.07214
anon146                                2.08779
anon161                                2.05662
anon163                                2.04124
anon148                                2.10358
anon165                                  2.026
anon150                                2.11952
anon152                                2.13559
anon167                                2.01089
anon154                                2.15181
anon169                                1.99592
anon171                                1.98108
anon156                                2.16817
anon158                                2.18468
anon173                                1.96637
anon175                                1.95179
anon176                                1.83977
anon162                                1.85333
anon177                                1.82633
anon164                                1.86702
anon179                                1.81301
anon181                                1.79981
anon166                                1.88083
anon168                                1.89477
anon183                                1.78674
anon170                                1.90883
anon185                                1.77378
anon187                                1.76094
anon172                                1.92302
anon174                                1.93734
anon189                                1.74821
anon191                                1.73561
anon192                                1.63885
anon193                                1.62725
anon178                                1.65055
anon195                                1.61577
anon180                                1.66237
anon182                                1.67429
anon197                                1.60439
anon184                                1.68633
anon199                                1.59312
anon201                                1.58195
anon186                                1.69848
anon188                                1.71074
anon203                                1.57089
anon190                                1.72312
anon205                                1.55994
anon207                                1.54909
anon208                                1.46594
anon209                                1.45599
anon194                                1.47598
anon211                                1.44614
anon196                                1.48612
anon198                                1.49637
anon213                                1.43639
anon215                                1.42673
anon200                                1.50671
anon202                                1.51715
anon217                                1.41717
anon219                                 1.4077
anon204                                1.52769
anon221                                1.39832
anon206                                1.53834
anon223                                1.38904
anon224                                1.31808
anon210                                1.32663
anon225                                1.30961
anon227                                1.30123
anon212                                1.33528
anon214                                1.34401
anon229                                1.29293
anon231                                1.28472
anon216                                1.35284
anon218                                1.36175
anon233                                 1.2766
anon235                                1.26856
anon220                                1.37076
anon237                                1.26061
anon222                                1.37985
anon239                                1.25274
anon240                                1.19275
anon241                                1.18561
anon226                                1.19996
anon243                                1.17855
anon228                                1.20726
anon230                                1.21463
anon245                                1.17157
anon247                                1.16467
anon232                                1.22209
anon249                                1.15785
anon234                                1.22963
anon236                                1.23725
anon251                                1.15111
anon253                                1.14444
anon238                                1.24495
anon255                                1.13784
anon256                                 1.0878
anon242                                 1.0938
anon257                                1.08187
anon244                                1.09987
anon259                                1.07602
anon261                                1.07024
anon246                                1.10601
anon263                                1.06453
anon248                                1.11223
anon265                                1.05889
anon250                                1.11852
anon252                                1.12489
anon267                                1.05332
anon269                                1.04783
anon254                                1.13133
anon271                                 1.0424
anon272                                1.00144
anon273                               0.996629
anon258                                1.00633
anon275                                0.99188
anon260                                1.01128
anon262                                1.01629
anon277                               0.987198
anon279                               0.982581
anon264                                1.02138
anon281                                0.97803
anon266                                1.02653
anon268                                1.03175
anon283                               0.973544
anon285                               0.969122
anon270                                1.03704
anon287                               0.964766
anon274                               0.936055
anon276                               0.939967
anon278                               0.943942
anon280                                0.94798
anon282                               0.952081
anon284                               0.956245
anon286                               0.960473
vin#branch                         3.70577e-22
vgnd_logic#branch                  2.07425e-05
vsup_drv#branch                   -2.14032e-05
vsup_logic#branch                 -6.60026e-09

 Reference value :  1.29256e-08
 Reference value :  3.05349e-08
 Reference value :  5.39349e-08
 Reference value :  7.20808e-08
 Reference value :  9.51408e-08
 Reference value :  1.12608e-07
 Reference value :  1.35988e-07
 Reference value :  1.54141e-07
 Reference value :  1.77521e-07
 Reference value :  1.98288e-07
No. of Data Rows : 10524
mq1                 =  3.30429e+00 at=  1.41093e-07
mq2                 =  3.30000e+00 at=  2.00000e-07
mq3                 =  3.30000e+00 at=  1.80000e-07
mq4                 =  3.30021e+00 at=  2.09220e-08
mq5                 =  3.31952e+00 at=  1.00062e-07
mq6                 =  3.31959e+00 at=  1.00062e-07
na_peak             =  2.36855e+00 at=  2.00786e-08
nb_peak             =  2.35064e+00 at=  6.07889e-08
mvc1                =  1.18500e+00 at=  6.09484e-08
mvc2                =  1.18869e+00 at=  6.09484e-08
mvc3                =  1.19441e+00 at=  1.40949e-07
mvc4                =  1.20177e+00 at=  1.40949e-07
vccomp_stack        =  4.76290e+00 at=  1.40949e-07
t_plh               =  5.65410e-10 targ=  2.08154e-08 trig=  2.02500e-08
t_phl               =  2.85298e-10 targ=  6.10353e-08 trig=  6.07500e-08
vout_hi_abs         =  4.99999e+00
vout_lo_abs         =  5.17258e-07
vdrv_now            =  5.00000e+00
m_vgate_thinox_max = 3.3195920000e+00
m_vna_peak = 2.3685470000e+00
m_vnb_peak = 2.3506420000e+00
m_vccomp_dev_max = 1.2017660000e+00
m_vccomp_stack_max = 4.7628960000e+00
m_t_plh_ns = 5.6541040000e-01
m_t_phl_ns = 2.8529850000e-01
m_vout_hi_ratio = 9.9999900000e-01
m_vout_lo_ratio = 1.0345154000e-07
Note: Simulation executed from .control section 

Warning: singular matrix:  check node anon293

Note: Starting dynamic gmin stepping
Warning: singular matrix:  check node anon293

Warning: Dynamic gmin stepping failed
Note: Starting true gmin stepping
Warning: singular matrix:  check node anon293

Warning: singular matrix:  check node anon293

Warning: singular matrix:  check node anon293

Warning: singular matrix:  check node anon293

Warning: True gmin stepping failed
Note: Starting source stepping
Warning: source stepping failed
Note: Transient op started
Note: Transient op finished successfully
