
Note: No compatibility mode selected!


Circuit: * level-shifter-oxide-safety-postlayout @ ff_125c_vlogic3p63v-vdrv5p50v -- generated by sim/harness, do not edit

Doing analysis at TEMP = 125.000000 and TNOM = 27.000000

Using SPARSE 1.3 as Direct Linear Solver

Initial Transient Solution
--------------------------

Node                                   Voltage
----                                   -------
x1_inb                                 3.62999
in                                           0
gnd_logic                                    0
x1_na                                  2.72249
x1_nb                              4.86526e-07
gnd_drv                            2.63418e-08
x2_n3                                      5.5
x2_n4                              3.11289e-06
x2_n5                                      5.5
out                                3.29992e-06
x3_lockout                         2.89111e-06
in_drv                             9.93368e-07
x1_nbuf1                               5.49998
x1_ncb                             1.36351e-06
x1_nca                                 5.49988
vdd_logic                                 3.63
x2_n1                                  5.49998
x2_n2                              1.83893e-06
x3_ncompn                              5.49988
x3_nref                                0.53757
x3_ntail                              0.393396
x3_ncompp                              4.76343
x3_ndiv                                1.02542
x3_uvlo_ok                             5.49975
vdd_drv                                    5.5
anon293                             1.8971e-07
anon294                           -1.90701e-07
anon295                            8.26598e-08
anon22                                 5.08511
anon23                                 4.67055
anon26                                 4.25631
anon27                                 3.84235
anon30                                 3.42864
anon31                                 3.01517
anon21                                0.950252
anon24                                   1.363
anon25                                 1.77584
anon28                                 2.18879
anon29                                 2.60189
anon32                                 5.21873
anon33                                 4.93774
anon34                                 4.65702
anon35                                 4.37656
anon36                                 4.09634
anon37                                 3.81635
anon38                                 3.53657
anon39                                 3.25698
anon40                                 1.30401
anon42                                 1.58267
anon44                                 1.86141
anon45                                 2.14026
anon46                                 2.41922
anon47                                 2.69832
anon48                                 2.97757
anon49                                 5.45562
anon41                                0.683579
anon50                                 5.41185
anon43                                0.341778
anon51                                 5.36844
anon52                                 5.32539
anon53                                 5.28269
anon54                                 5.24035
anon55                                 5.19835
anon56                                  5.1567
anon57                                 4.83566
anon59                                 4.87463
anon60                                 4.91393
anon63                                 4.95356
anon65                                 4.99352
anon66                                 5.03381
anon69                                 5.07443
anon71                                  5.1154
anon58                                 4.79701
anon61                                 4.75867
anon62                                 4.72066
anon64                                 4.68296
anon67                                 4.64557
anon68                                 4.60849
anon70                                 4.57172
anon72                                 4.53525
anon73                                 4.25421
anon74                                 4.28832
anon76                                 4.32272
anon78                                 4.35741
anon81                                 4.39239
anon82                                 4.42766
anon84                                 4.46322
anon86                                 4.49909
anon75                                 4.22038
anon77                                 4.18683
anon79                                 4.15356
anon80                                 4.12056
anon83                                 4.08784
anon85                                  4.0554
anon87                                 4.02322
anon88                                 3.99132
anon89                                 3.74546
anon90                                  3.7753
anon91                                 3.71588
anon93                                 3.80539
anon94                                 3.68654
anon96                                 3.83573
anon97                                 3.65744
anon100                                3.86633
anon99                                 3.62859
anon102                                3.59999
anon103                                3.89718
anon105                                 3.9283
anon106                                3.57162
anon108                                3.95968
anon109                                3.54349
anon111                                3.51559
anon112                                3.30073
anon113                                3.27488
anon92                                  3.3268
anon115                                3.24925
anon95                                 3.35309
anon117                                3.22384
anon98                                 3.37961
anon101                                3.40635
anon119                                3.19864
anon121                                3.17365
anon104                                3.43331
anon107                                3.46051
anon123                                3.14888
anon110                                3.48794
anon125                                3.12431
anon127                                3.09996
anon128                                2.91241
anon114                                2.93516
anon129                                2.88986
anon116                                 2.9581
anon131                                 2.8675
anon133                                2.84533
anon118                                2.98124
anon120                                3.00458
anon135                                2.82335
anon137                                2.80156
anon122                                3.02812
anon139                                2.77996
anon124                                3.05186
anon141                                2.75854
anon126                                3.07581
anon143                                 2.7373
anon144                                2.57387
anon130                                2.59369
anon145                                2.55423
anon147                                2.53476
anon132                                2.61367
anon134                                2.63383
anon149                                2.51545
anon151                                2.49632
anon136                                2.65417
anon138                                2.67468
anon153                                2.47735
anon155                                2.45855
anon140                                2.69538
anon157                                2.43991
anon142                                2.71625
anon159                                2.42143
anon160                                2.27932
anon146                                2.29654
anon161                                2.26225
anon163                                2.24533
anon148                                2.31391
anon165                                2.22857
anon150                                2.33144
anon152                                2.34912
anon167                                2.21195
anon154                                2.36696
anon169                                2.19548
anon171                                2.17915
anon156                                2.38496
anon158                                2.40311
anon173                                2.16297
anon175                                2.14694
anon176                                2.02372
anon162                                2.03864
anon177                                2.00894
anon164                                 2.0537
anon179                                1.99429
anon181                                1.97977
anon166                                2.06889
anon168                                2.08422
anon183                                1.96538
anon170                                2.09969
anon185                                1.95113
anon187                                1.93701
anon172                                 2.1153
anon174                                2.13105
anon189                                1.92301
anon191                                1.90914
anon192                                1.80271
anon193                                1.78996
anon178                                1.81559
anon195                                1.77732
anon180                                1.82858
anon182                                 1.8417
anon197                                1.76481
anon184                                1.85494
anon199                                1.75241
anon201                                1.74013
anon186                                 1.8683
anon188                                1.88179
anon203                                1.72796
anon190                                 1.8954
anon205                                1.71591
anon207                                1.70398
anon208                                1.61251
anon209                                1.60157
anon194                                1.62356
anon211                                1.59074
anon196                                1.63472
anon198                                1.64598
anon213                                1.58001
anon215                                1.56938
anon200                                1.65736
anon202                                1.66885
anon217                                1.55887
anon219                                1.54845
anon204                                1.68044
anon221                                1.53814
anon206                                1.69215
anon223                                1.52793
anon224                                1.44987
anon210                                1.45928
anon225                                1.44056
anon227                                1.43134
anon212                                1.46879
anon214                                 1.4784
anon229                                1.42221
anon231                                1.41318
anon216                                1.48811
anon218                                1.49791
anon233                                1.40425
anon235                                 1.3954
anon220                                1.50782
anon237                                1.38666
anon222                                1.51782
anon239                                  1.378
anon240                                1.31201
anon241                                1.30416
anon226                                1.31995
anon243                                 1.2964
anon228                                1.32797
anon230                                1.33609
anon245                                1.28872
anon247                                1.28113
anon232                                1.34429
anon249                                1.27363
anon234                                1.35258
anon236                                1.36096
anon251                                1.26621
anon253                                1.25887
anon238                                1.36944
anon255                                1.25162
anon256                                1.19657
anon242                                1.20317
anon257                                1.19006
anon244                                1.20985
anon259                                1.18362
anon261                                1.17726
anon246                                 1.2166
anon263                                1.17098
anon248                                1.22344
anon265                                1.16478
anon250                                1.23036
anon252                                1.23737
anon267                                1.15865
anon269                                 1.1526
anon254                                1.24445
anon271                                1.14663
anon272                                1.10159
anon273                                1.09629
anon258                                1.10696
anon275                                1.09107
anon260                                 1.1124
anon262                                1.11792
anon277                                1.08591
anon279                                1.08084
anon264                                1.12351
anon281                                1.07583
anon266                                1.12918
anon268                                1.13492
anon283                                 1.0709
anon285                                1.06603
anon270                                1.14074
anon287                                1.06124
anon274                                1.02966
anon276                                1.03396
anon278                                1.03833
anon280                                1.04278
anon282                                1.04729
anon284                                1.05187
anon286                                1.05652
vin#branch                         4.23516e-22
vgnd_logic#branch                  2.63991e-05
vsup_drv#branch                   -2.71103e-05
vsup_logic#branch                 -2.19806e-08

 Reference value :  1.55656e-08
 Reference value :  3.81452e-08
 Reference value :  6.11299e-08
 Reference value :  8.38526e-08
 Reference value :  1.03745e-07
 Reference value :  1.28025e-07
 Reference value :  1.48553e-07
 Reference value :  1.72813e-07
 Reference value :  1.92045e-07
No. of Data Rows : 10354
mq1                 =  3.63379e+00 at=  1.41175e-07
mq2                 =  3.63000e+00 at=  2.00000e-07
mq3                 =  3.63000e+00 at=  1.80000e-07
mq4                 =  3.63010e+00 at=  2.11788e-08
mq5                 =  3.65422e+00 at=  1.00049e-07
mq6                 =  3.65451e+00 at=  1.00049e-07
na_peak             =  2.77160e+00 at=  2.00542e-08
nb_peak             =  2.75254e+00 at=  1.40736e-07
mvc1                =  1.26357e+00 at=  6.09903e-08
mvc2                =  1.26761e+00 at=  6.09903e-08
mvc3                =  1.27367e+00 at=  1.40990e-07
mvc4                =  1.28174e+00 at=  1.40990e-07
vccomp_stack        =  5.07853e+00 at=  1.40990e-07
t_plh               =  7.59436e-10 targ=  2.09867e-08 trig=  2.02273e-08
t_phl               =  3.25904e-10 targ=  6.10986e-08 trig=  6.07727e-08
vout_hi_abs         =  5.49999e+00
vout_lo_abs         =  9.93368e-07
vdrv_now            =  5.50000e+00
m_vgate_thinox_max = 3.6545090000e+00
m_vna_peak = 2.7715960000e+00
m_vnb_peak = 2.7525430000e+00
m_vccomp_dev_max = 1.2817420000e+00
m_vccomp_stack_max = 5.0785270000e+00
m_t_plh_ns = 7.5943560000e-01
m_t_phl_ns = 3.2590380000e-01
m_vout_hi_ratio = 9.9999800000e-01
m_vout_lo_ratio = 1.8061241818e-07
Note: Simulation executed from .control section 

Warning: singular matrix:  check node anon293

Note: Starting dynamic gmin stepping
Warning: singular matrix:  check node anon293

Warning: Dynamic gmin stepping failed
Note: Starting true gmin stepping
Warning: singular matrix:  check node anon293

Warning: singular matrix:  check node anon293

Warning: singular matrix:  check node anon293

Warning: singular matrix:  check node anon293

Warning: True gmin stepping failed
Note: Starting source stepping
Warning: source stepping failed
Note: Transient op started
Note: Transient op finished successfully
