
Note: No compatibility mode selected!


Circuit: * level-shifter-oxide-safety-postlayout @ ff_125c_vlogic2p97v-vdrv4p50v -- generated by sim/harness, do not edit

Doing analysis at TEMP = 125.000000 and TNOM = 27.000000

Using SPARSE 1.3 as Direct Linear Solver

Initial Transient Solution
--------------------------

Node                                   Voltage
----                                   -------
x1_inb                                 2.96999
in                                           0
gnd_logic                                    0
x1_na                                  2.17114
x1_nb                              4.35531e-07
gnd_drv                            2.04803e-08
x2_n3                                      4.5
x2_n4                              2.75613e-06
x2_n5                                      4.5
out                                2.92189e-06
x3_lockout                           2.561e-06
in_drv                             8.77394e-07
x1_nbuf1                               4.49998
x1_ncb                             1.26343e-06
x1_nca                                  4.4999
vdd_logic                                 2.97
x2_n1                                  4.49998
x2_n2                              1.62699e-06
x3_ncompn                              4.49951
x3_nref                                 0.5222
x3_ntail                              0.262592
x3_ncompp                              3.79182
x3_ndiv                               0.838984
x3_uvlo_ok                             4.49977
vdd_drv                                    4.5
anon293                            1.84653e-07
anon294                           -1.71245e-07
anon295                            6.57631e-08
anon22                                 4.16739
anon23                                 3.83507
anon26                                 3.50299
anon27                                 3.17115
anon30                                 2.83953
anon31                                 2.50809
anon21                                0.852965
anon24                                 1.18379
anon25                                 1.51469
anon28                                 1.84569
anon29                                 2.17682
anon32                                 4.26987
anon33                                 4.03997
anon34                                 3.81029
anon35                                 3.58082
anon36                                 3.35155
anon37                                 3.12247
anon38                                 2.89356
anon39                                  2.6648
anon40                                 1.06692
anon42                                 1.29491
anon44                                 1.52297
anon45                                 1.75112
anon46                                 1.97937
anon47                                 2.20772
anon48                                 2.43619
anon49                                 4.46366
anon41                                0.559291
anon50                                 4.42785
anon43                                0.279636
anon51                                 4.39233
anon52                                  4.3571
anon53                                 4.32217
anon54                                 4.28753
anon55                                 4.25317
anon56                                 4.21909
anon57                                 3.95642
anon59                                 3.98831
anon60                                 4.02046
anon63                                 4.05288
anon65                                 4.08558
anon66                                 4.11854
anon69                                 4.15178
anon71                                 4.18529
anon58                                  3.9248
anon61                                 3.89343
anon62                                 3.86233
anon64                                 3.83148
anon67                                 3.80089
anon68                                 3.77056
anon70                                 3.74047
anon72                                 3.71064
anon73                                 3.48069
anon74                                  3.5086
anon76                                 3.53675
anon78                                 3.56513
anon81                                 3.59375
anon82                                  3.6226
anon84                                  3.6517
anon86                                 3.68105
anon75                                 3.45301
anon77                                 3.42556
anon79                                 3.39834
anon80                                 3.37135
anon83                                 3.34458
anon85                                 3.31803
anon87                                 3.29171
anon88                                  3.2656
anon89                                 3.06445
anon90                                 3.08886
anon91                                 3.04024
anon93                                 3.11348
anon94                                 3.01624
anon96                                  3.1383
anon97                                 2.99243
anon100                                3.16334
anon99                                 2.96883
anon102                                2.94542
anon103                                3.18858
anon105                                3.21404
anon106                                2.92221
anon108                                3.23971
anon109                                 2.8992
anon111                                2.87638
anon112                                2.70058
anon113                                2.67943
anon92                                 2.72191
anon115                                2.65846
anon95                                 2.74342
anon117                                2.63767
anon98                                 2.76511
anon101                                2.78699
anon119                                2.61705
anon121                                2.59661
anon104                                2.80906
anon107                                2.83131
anon123                                2.57634
anon110                                2.85375
anon125                                2.55624
anon127                                2.53631
anon128                                2.38287
anon114                                2.40148
anon129                                2.36442
anon116                                2.42025
anon131                                2.34612
anon133                                2.32798
anon118                                2.43918
anon120                                2.45828
anon135                                   2.31
anon137                                2.29217
anon122                                2.47754
anon139                                2.27449
anon124                                2.49696
anon141                                2.25697
anon126                                2.51655
anon143                                 2.2396
anon144                                2.10588
anon130                                2.12209
anon145                                2.08981
anon147                                2.07388
anon132                                2.13845
anon134                                2.15494
anon149                                2.05809
anon151                                2.04243
anon136                                2.17158
anon138                                2.18836
anon153                                2.02691
anon155                                2.01152
anon140                                2.20529
anon157                                1.99627
anon142                                2.22237
anon159                                1.98116
anon160                                1.86489
anon146                                1.87897
anon161                                1.85092
anon163                                1.83708
anon148                                1.89319
anon165                                1.82336
anon150                                1.90753
anon152                                  1.922
anon167                                1.80977
anon154                                1.93659
anon169                                1.79629
anon171                                1.78293
anon156                                1.95132
anon158                                1.96617
anon173                                 1.7697
anon175                                1.75658
anon176                                1.65576
anon162                                1.66797
anon177                                1.64367
anon164                                1.68029
anon179                                1.63168
anon181                                 1.6198
anon166                                1.69272
anon168                                1.70526
anon183                                1.60803
anon170                                1.71792
anon185                                1.59637
anon187                                1.58481
anon172                                1.73069
anon174                                1.74357
anon189                                1.57336
anon191                                1.56202
anon192                                1.47494
anon193                                 1.4645
anon178                                1.48547
anon195                                1.45417
anon180                                 1.4961
anon182                                1.50684
anon197                                1.44393
anon184                                1.51767
anon199                                1.43378
anon201                                1.42373
anon186                                 1.5286
anon188                                1.53964
anon203                                1.41378
anon190                                1.55078
anon205                                1.40392
anon207                                1.39415
anon208                                1.31932
anon209                                1.31037
anon194                                1.32836
anon211                                1.30151
anon196                                1.33749
anon198                                1.34671
anon213                                1.29273
anon215                                1.28404
anon200                                1.35601
anon202                                1.36541
anon217                                1.27543
anon219                                1.26691
anon204                                 1.3749
anon221                                1.25847
anon206                                1.38448
anon223                                1.25012
anon224                                1.18625
anon210                                1.19395
anon225                                1.17863
anon227                                1.17109
anon212                                1.20174
anon214                                 1.2096
anon229                                1.16362
anon231                                1.15624
anon216                                1.21754
anon218                                1.22556
anon233                                1.14892
anon235                                1.14169
anon220                                1.23366
anon237                                1.13453
anon222                                1.24185
anon239                                1.12745
anon240                                1.07346
anon241                                1.06704
anon226                                1.07995
anon243                                1.06069
anon228                                1.08652
anon230                                1.09316
anon245                                1.05441
anon247                                 1.0482
anon232                                1.09987
anon249                                1.04206
anon234                                1.10665
anon236                                1.11351
anon251                                1.03598
anon253                                1.02998
anon238                                1.12044
anon255                                1.02405
anon256                               0.979011
anon242                               0.984409
anon257                               0.973679
anon244                               0.989872
anon259                               0.968412
anon261                               0.963209
anon246                               0.995401
anon263                                0.95807
anon248                                  1.001
anon265                               0.952996
anon250                                1.00666
anon252                                1.01239
anon267                               0.947984
anon269                               0.943036
anon254                                1.01819
anon271                               0.938151
anon272                               0.901296
anon273                               0.896962
anon258                               0.905689
anon275                               0.892688
anon260                               0.910143
anon262                               0.914658
anon277                               0.888474
anon279                               0.884319
anon264                               0.919233
anon281                               0.880224
anon266                                0.92387
anon268                               0.928568
anon283                               0.876186
anon285                               0.872207
anon270                               0.933329
anon287                               0.868287
anon274                               0.842448
anon276                               0.845969
anon278                               0.849546
anon280                                0.85318
anon282                               0.856871
anon284                               0.860619
anon286                               0.864424
vin#branch                         6.88214e-22
vgnd_logic#branch                  2.05195e-05
vsup_drv#branch                   -2.11049e-05
vsup_logic#branch                 -1.47314e-08

 Reference value :  1.24456e-08
 Reference value :  3.25725e-08
 Reference value :  5.60725e-08
 Reference value :  7.52420e-08
 Reference value :  9.85420e-08
 Reference value :  1.18412e-07
 Reference value :  1.40962e-07
 Reference value :  1.61442e-07
 Reference value :  1.81584e-07
No. of Data Rows : 10290
mq1                 =  2.97306e+00 at=  6.12417e-08
mq2                 =  2.97000e+00 at=  2.00000e-07
mq3                 =  2.97000e+00 at=  1.80000e-07
mq4                 =  2.97008e+00 at=  2.13164e-08
mq5                 =  2.99361e+00 at=  1.80063e-07
mq6                 =  2.99381e+00 at=  1.00063e-07
na_peak             =  2.21991e+00 at=  2.00612e-08
nb_peak             =  2.19566e+00 at=  6.07728e-08
mvc1                =  1.04329e+00 at=  6.10239e-08
mvc2                =  1.04660e+00 at=  6.10239e-08
mvc3                =  1.05155e+00 at=  1.41024e-07
mvc4                =  1.05815e+00 at=  1.41024e-07
vccomp_stack        =  4.19300e+00 at=  1.41024e-07
t_plh               =  8.22358e-10 targ=  2.11001e-08 trig=  2.02778e-08
t_phl               =  4.21718e-10 targ=  6.11439e-08 trig=  6.07222e-08
vout_hi_abs         =  4.49999e+00
vout_lo_abs         =  8.77394e-07
vdrv_now            =  4.50000e+00
m_vgate_thinox_max = 2.9938130000e+00
m_vna_peak = 2.2199110000e+00
m_vnb_peak = 2.1956600000e+00
m_vccomp_dev_max = 1.0581460000e+00
m_vccomp_stack_max = 4.1930020000e+00
m_t_plh_ns = 8.2235770000e-01
m_t_phl_ns = 4.2171820000e-01
m_vout_hi_ratio = 9.9999777778e-01
m_vout_lo_ratio = 1.9497637778e-07
Note: Simulation executed from .control section 

Warning: singular matrix:  check node anon293

Note: Starting dynamic gmin stepping
Warning: singular matrix:  check node anon293

Warning: Dynamic gmin stepping failed
Note: Starting true gmin stepping
Warning: singular matrix:  check node anon293

Warning: singular matrix:  check node anon293

Warning: singular matrix:  check node anon293

Warning: singular matrix:  check node anon293

Warning: True gmin stepping failed
Note: Starting source stepping
Warning: source stepping failed
Note: Transient op started
Note: Transient op finished successfully
