
Note: No compatibility mode selected!


Circuit: * level-shifter-oxide-safety-postlayout @ ff_27c_vlogic3p63v-vdrv5p50v -- generated by sim/harness, do not edit

Doing analysis at TEMP = 27.000000 and TNOM = 27.000000

Using SPARSE 1.3 as Direct Linear Solver

Initial Transient Solution
--------------------------

Node                                   Voltage
----                                   -------
x1_inb                                    3.63
in                                           0
gnd_logic                                    0
x1_na                                  2.66324
x1_nb                              3.86347e-07
gnd_drv                            2.47954e-08
x2_n3                                      5.5
x2_n4                              2.22501e-06
x2_n5                                      5.5
out                                2.35835e-06
x3_lockout                         2.06803e-06
in_drv                             7.10536e-07
x1_nbuf1                               5.49999
x1_ncb                             1.02766e-06
x1_nca                                 5.49996
vdd_logic                                 3.63
x2_n1                                  5.49999
x2_n2                              1.30691e-06
x3_ncompn                               5.4999
x3_nref                               0.628231
x3_ntail                              0.328598
x3_ncompp                               4.6658
x3_ndiv                                1.02543
x3_uvlo_ok                             5.49981
vdd_drv                                    5.5
anon293                             1.5106e-07
anon294                           -1.34944e-07
anon295                            5.85091e-08
anon22                                 5.09265
anon23                                 4.68564
anon26                                 4.27894
anon27                                 3.87252
anon30                                 3.46637
anon31                                 3.06044
anon21                                 1.03334
anon24                                 1.43851
anon25                                 1.84378
anon28                                 2.24918
anon29                                 2.65472
anon32                                 5.21873
anon33                                 4.93774
anon34                                 4.65702
anon35                                 4.37656
anon36                                 4.09634
anon37                                 3.81635
anon38                                 3.53657
anon39                                 3.25698
anon40                                 1.30401
anon42                                 1.58267
anon44                                 1.86141
anon45                                 2.14026
anon46                                 2.41922
anon47                                 2.69832
anon48                                 2.97757
anon49                                 5.45567
anon41                                0.683579
anon50                                  5.4119
anon43                                0.341778
anon51                                 5.36849
anon52                                 5.32544
anon53                                 5.28274
anon54                                  5.2404
anon55                                  5.1984
anon56                                 5.15675
anon57                                  4.8357
anon59                                 4.87468
anon60                                 4.91398
anon63                                 4.95361
anon65                                 4.99356
anon66                                 5.03385
anon69                                 5.07448
anon71                                 5.11545
anon58                                 4.79705
anon61                                 4.75872
anon62                                  4.7207
anon64                                   4.683
anon67                                 4.64561
anon68                                 4.60854
anon70                                 4.57176
anon72                                  4.5353
anon73                                 4.25425
anon74                                 4.28836
anon76                                 4.32276
anon78                                 4.35745
anon81                                 4.39243
anon82                                  4.4277
anon84                                 4.46327
anon86                                 4.49913
anon75                                 4.22042
anon77                                 4.18687
anon79                                  4.1536
anon80                                  4.1206
anon83                                 4.08788
anon85                                 4.05544
anon87                                 4.02326
anon88                                 3.99135
anon89                                  3.7455
anon90                                 3.77533
anon91                                 3.71591
anon93                                 3.80542
anon94                                 3.68657
anon96                                 3.83577
anon97                                 3.65748
anon100                                3.86636
anon99                                 3.62863
anon102                                3.60002
anon103                                3.89722
anon105                                3.92834
anon106                                3.57165
anon108                                3.95971
anon109                                3.54352
anon111                                3.51563
anon112                                3.30076
anon113                                3.27491
anon92                                 3.32683
anon115                                3.24928
anon95                                 3.35312
anon117                                3.22387
anon98                                 3.37964
anon101                                3.40638
anon119                                3.19867
anon121                                3.17368
anon104                                3.43335
anon107                                3.46054
anon123                                3.14891
anon110                                3.48797
anon125                                3.12434
anon127                                3.09999
anon128                                2.91244
anon114                                2.93519
anon129                                2.88989
anon116                                2.95813
anon131                                2.86753
anon133                                2.84536
anon118                                2.98127
anon120                                3.00461
anon135                                2.82338
anon137                                2.80159
anon122                                3.02815
anon139                                2.77998
anon124                                3.05189
anon141                                2.75856
anon126                                3.07584
anon143                                2.73733
anon144                                2.57389
anon130                                2.59371
anon145                                2.55425
anon147                                2.53478
anon132                                 2.6137
anon134                                2.63386
anon149                                2.51548
anon151                                2.49634
anon136                                2.65419
anon138                                2.67471
anon153                                2.47737
anon155                                2.45857
anon140                                 2.6954
anon157                                2.43993
anon142                                2.71627
anon159                                2.42145
anon160                                2.27934
anon146                                2.29656
anon161                                2.26227
anon163                                2.24535
anon148                                2.31393
anon165                                2.22859
anon150                                2.33146
anon152                                2.34914
anon167                                2.21197
anon154                                2.36698
anon169                                 2.1955
anon171                                2.17917
anon156                                2.38498
anon158                                2.40313
anon173                                2.16299
anon175                                2.14696
anon176                                2.02374
anon162                                2.03866
anon177                                2.00895
anon164                                2.05371
anon179                                 1.9943
anon181                                1.97979
anon166                                2.06891
anon168                                2.08424
anon183                                 1.9654
anon170                                 2.0997
anon185                                1.95114
anon187                                1.93702
anon172                                2.11531
anon174                                2.13106
anon189                                1.92302
anon191                                1.90916
anon192                                1.80273
anon193                                1.78997
anon178                                 1.8156
anon195                                1.77734
anon180                                 1.8286
anon182                                1.84171
anon197                                1.76482
anon184                                1.85495
anon199                                1.75242
anon201                                1.74014
anon186                                1.86832
anon188                                 1.8818
anon203                                1.72797
anon190                                1.89542
anon205                                1.71592
anon207                                1.70399
anon208                                1.61252
anon209                                1.60158
anon194                                1.62357
anon211                                1.59075
anon196                                1.63473
anon198                                  1.646
anon213                                1.58002
anon215                                1.56939
anon200                                1.65737
anon202                                1.66886
anon217                                1.55888
anon219                                1.54846
anon204                                1.68046
anon221                                1.53815
anon206                                1.69217
anon223                                1.52794
anon224                                1.44988
anon210                                1.45929
anon225                                1.44056
anon227                                1.43134
anon212                                 1.4688
anon214                                1.47841
anon229                                1.42222
anon231                                1.41319
anon216                                1.48812
anon218                                1.49792
anon233                                1.40425
anon235                                1.39541
anon220                                1.50783
anon237                                1.38666
anon222                                1.51783
anon239                                1.37801
anon240                                1.31202
anon241                                1.30417
anon226                                1.31995
anon243                                 1.2964
anon228                                1.32798
anon230                                1.33609
anon245                                1.28873
anon247                                1.28114
anon232                                 1.3443
anon249                                1.27363
anon234                                1.35259
anon236                                1.36097
anon251                                1.26621
anon253                                1.25888
anon238                                1.36944
anon255                                1.25163
anon256                                1.19658
anon242                                1.20317
anon257                                1.19006
anon244                                1.20985
anon259                                1.18362
anon261                                1.17726
anon246                                1.21661
anon263                                1.17098
anon248                                1.22345
anon265                                1.16478
anon250                                1.23037
anon252                                1.23737
anon267                                1.15865
anon269                                1.15261
anon254                                1.24446
anon271                                1.14664
anon272                                1.10159
anon273                                1.09629
anon258                                1.10696
anon275                                1.09107
anon260                                 1.1124
anon262                                1.11792
anon277                                1.08592
anon279                                1.08084
anon264                                1.12351
anon281                                1.07583
anon266                                1.12918
anon268                                1.13492
anon283                                 1.0709
anon285                                1.06603
anon270                                1.14074
anon287                                1.06124
anon274                                1.02966
anon276                                1.03396
anon278                                1.03834
anon280                                1.04278
anon282                                1.04729
anon284                                1.05187
anon286                                1.05652
vin#branch                        -5.29396e-23
vgnd_logic#branch                  2.48075e-05
vsup_drv#branch                   -2.55337e-05
vsup_logic#branch                 -7.37557e-09

 Reference value :  1.48656e-08
 Reference value :  3.59392e-08
 Reference value :  6.03192e-08
 Reference value :  7.95797e-08
 Reference value :  1.00769e-07
 Reference value :  1.21089e-07
 Reference value :  1.41386e-07
 Reference value :  1.63000e-07
 Reference value :  1.81569e-07
No. of Data Rows : 10468
mq1                 =  3.63439e+00 at=  6.11154e-08
mq2                 =  3.63000e+00 at=  2.00000e-07
mq3                 =  3.63000e+00 at=  1.80000e-07
mq4                 =  3.63015e+00 at=  2.10237e-08
mq5                 =  3.65277e+00 at=  2.00548e-08
mq6                 =  3.65293e+00 at=  2.00548e-08
na_peak             =  2.72116e+00 at=  2.00548e-08
nb_peak             =  2.69042e+00 at=  1.40763e-07
mvc1                =  1.28446e+00 at=  6.09617e-08
mvc2                =  1.28851e+00 at=  6.09617e-08
mvc3                =  1.29468e+00 at=  1.40961e-07
mvc4                =  1.30277e+00 at=  1.40961e-07
vccomp_stack        =  5.16256e+00 at=  1.40961e-07
t_plh               =  6.44781e-10 targ=  2.08721e-08 trig=  2.02273e-08
t_phl               =  2.81068e-10 targ=  6.10538e-08 trig=  6.07727e-08
vout_hi_abs         =  5.49999e+00
vout_lo_abs         =  7.10536e-07
vdrv_now            =  5.50000e+00
m_vgate_thinox_max = 3.6529280000e+00
m_vna_peak = 2.7211620000e+00
m_vnb_peak = 2.6904240000e+00
m_vccomp_dev_max = 1.3027720000e+00
m_vccomp_stack_max = 5.1625570000e+00
m_t_plh_ns = 6.4478120000e-01
m_t_phl_ns = 2.8106830000e-01
m_vout_hi_ratio = 9.9999872727e-01
m_vout_lo_ratio = 1.2918832727e-07
Note: Simulation executed from .control section 

Warning: singular matrix:  check node anon293

Note: Starting dynamic gmin stepping
Warning: singular matrix:  check node anon295

Warning: Dynamic gmin stepping failed
Note: Starting true gmin stepping
Warning: singular matrix:  check node anon295

Warning: singular matrix:  check node anon295

Warning: singular matrix:  check node anon295

Warning: singular matrix:  check node anon295

Warning: True gmin stepping failed
Note: Starting source stepping
Warning: source stepping failed
Note: Transient op started
Note: Transient op finished successfully
