
Note: No compatibility mode selected!


Circuit: * level-shifter-oxide-safety-postlayout @ ff_27c_vlogic3p30v-vdrv5p00v -- generated by sim/harness, do not edit

Doing analysis at TEMP = 27.000000 and TNOM = 27.000000

Using SPARSE 1.3 as Direct Linear Solver

Initial Transient Solution
--------------------------

Node                                   Voltage
----                                   -------
x1_inb                                     3.3
in                                           0
gnd_logic                                    0
x1_na                                  2.37954
x1_nb                              3.61678e-07
gnd_drv                            2.18482e-08
x2_n3                                        5
x2_n4                              2.09939e-06
x2_n5                                        5
out                                 2.2253e-06
x3_lockout                         1.95158e-06
in_drv                              6.6931e-07
x1_nbuf1                               4.99999
x1_ncb                             9.86633e-07
x1_nca                                 4.99997
vdd_logic                                  3.3
x2_n1                                  4.99999
x2_n2                              1.23255e-06
x3_ncompn                              4.99985
x3_nref                               0.622125
x3_ntail                              0.262071
x3_ncompp                              4.17817
x3_ndiv                               0.932205
x3_uvlo_ok                             4.99982
vdd_drv                                      5
anon293                            1.49884e-07
anon294                           -1.25511e-07
anon295                            5.44208e-08
anon22                                 4.63392
anon23                                 4.26816
anon26                                 3.90268
anon27                                 3.53745
anon30                                 3.17247
anon31                                 2.80769
anon21                                0.986141
anon24                                 1.35022
anon25                                 1.71439
anon28                                 2.07868
anon29                                 2.44311
anon32                                  4.7443
anon33                                 4.48885
anon34                                 4.23366
anon35                                 3.97869
anon36                                 3.72395
anon37                                 3.46941
anon38                                 3.21506
anon39                                 2.96089
anon40                                 1.18546
anon42                                 1.43879
anon44                                 1.69219
anon45                                 1.94569
anon46                                  2.1993
anon47                                 2.45302
anon48                                 2.70688
anon49                                 4.95969
anon41                                0.621435
anon50                                  4.9199
anon43                                0.310707
anon51                                 4.88044
anon52                                  4.8413
anon53                                 4.80248
anon54                                 4.76399
anon55                                 4.72581
anon56                                 4.68795
anon57                                 4.39609
anon59                                 4.43152
anon60                                 4.46724
anon63                                 4.50327
anon65                                 4.53959
anon66                                 4.57622
anon69                                 4.61315
anon71                                  4.6504
anon58                                 4.36095
anon61                                  4.3261
anon62                                 4.29154
anon64                                 4.25727
anon67                                 4.22328
anon68                                 4.18957
anon70                                 4.15614
anon72                                 4.12299
anon73                                 3.86749
anon74                                  3.8985
anon76                                 3.92977
anon78                                 3.96131
anon81                                 3.99311
anon82                                 4.02517
anon84                                 4.05751
anon86                                 4.09011
anon75                                 3.83673
anon77                                 3.80623
anon79                                 3.77599
anon80                                 3.74599
anon83                                 3.71625
anon85                                 3.68675
anon87                                  3.6575
anon88                                  3.6285
anon89                                 3.40499
anon90                                 3.43212
anon91                                 3.37809
anon93                                 3.45947
anon94                                 3.35142
anon96                                 3.48705
anon97                                 3.32497
anon100                                3.51487
anon99                                 3.29875
anon102                                3.27274
anon103                                3.54292
anon105                                3.57121
anon106                                3.24695
anon108                                3.59973
anon109                                3.22138
anon111                                3.19602
anon112                                3.00069
anon113                                2.97719
anon92                                 3.02439
anon115                                2.95389
anon95                                 3.04829
anon117                                2.93078
anon98                                 3.07239
anon101                                 3.0967
anon119                                2.90787
anon121                                2.88516
anon104                                3.12122
anon107                                3.14594
anon123                                2.86264
anon110                                3.17087
anon125                                2.84031
anon127                                2.81816
anon128                                2.64767
anon114                                2.66835
anon129                                2.62716
anon116                                 2.6892
anon131                                2.60684
anon133                                2.58668
anon118                                2.71024
anon120                                2.73146
anon135                                 2.5667
anon137                                2.54689
anon122                                2.75286
anon139                                2.52725
anon124                                2.77444
anon141                                2.50778
anon126                                2.79621
anon143                                2.48847
anon144                                 2.3399
anon130                                2.35791
anon145                                2.32204
anon147                                2.30434
anon132                                2.37608
anon134                                2.39441
anon149                                2.28679
anon151                                 2.2694
anon136                                 2.4129
anon138                                2.43155
anon153                                2.25215
anon155                                2.23506
anon140                                2.45036
anon157                                2.21811
anon142                                2.46933
anon159                                2.20131
anon160                                2.07212
anon146                                2.08778
anon161                                2.05661
anon163                                2.04123
anon148                                2.10357
anon165                                2.02598
anon150                                 2.1195
anon152                                2.13558
anon167                                2.01088
anon154                                 2.1518
anon169                                 1.9959
anon171                                1.98106
anon156                                2.16816
anon158                                2.18466
anon173                                1.96635
anon175                                1.95178
anon176                                1.83976
anon162                                1.85332
anon177                                1.82632
anon164                                1.86701
anon179                                  1.813
anon181                                 1.7998
anon166                                1.88082
anon168                                1.89476
anon183                                1.78672
anon170                                1.90882
anon185                                1.77377
anon187                                1.76092
anon172                                1.92301
anon174                                1.93733
anon189                                 1.7482
anon191                                1.73559
anon192                                1.63884
anon193                                1.62724
anon178                                1.65054
anon195                                1.61576
anon180                                1.66236
anon182                                1.67428
anon197                                1.60438
anon184                                1.68632
anon199                                1.59311
anon201                                1.58194
anon186                                1.69847
anon188                                1.71073
anon203                                1.57088
anon190                                 1.7231
anon205                                1.55993
anon207                                1.54908
anon208                                1.46593
anon209                                1.45598
anon194                                1.47597
anon211                                1.44613
anon196                                1.48612
anon198                                1.49636
anon213                                1.43638
anon215                                1.42672
anon200                                 1.5067
anon202                                1.51714
anon217                                1.41716
anon219                                1.40769
anon204                                1.52768
anon221                                1.39832
anon206                                1.53833
anon223                                1.38904
anon224                                1.31807
anon210                                1.32663
anon225                                 1.3096
anon227                                1.30122
anon212                                1.33527
anon214                                1.34401
anon229                                1.29293
anon231                                1.28472
anon216                                1.35283
anon218                                1.36175
anon233                                1.27659
anon235                                1.26856
anon220                                1.37075
anon237                                 1.2606
anon222                                1.37985
anon239                                1.25273
anon240                                1.19274
anon241                                1.18561
anon226                                1.19996
anon243                                1.17855
anon228                                1.20725
anon230                                1.21463
anon245                                1.17157
anon247                                1.16467
anon232                                1.22209
anon249                                1.15785
anon234                                1.22962
anon236                                1.23724
anon251                                 1.1511
anon253                                1.14443
anon238                                1.24495
anon255                                1.13784
anon256                                 1.0878
anon242                                1.09379
anon257                                1.08187
anon244                                1.09986
anon259                                1.07602
anon261                                1.07024
anon246                                1.10601
anon263                                1.06453
anon248                                1.11223
anon265                                1.05889
anon250                                1.11852
anon252                                1.12488
anon267                                1.05332
anon269                                1.04782
anon254                                1.13132
anon271                                1.04239
anon272                                1.00144
anon273                               0.996628
anon258                                1.00632
anon275                               0.991879
anon260                                1.01127
anon262                                1.01629
anon277                               0.987196
anon279                                0.98258
anon264                                1.02137
anon281                               0.978028
anon266                                1.02653
anon268                                1.03175
anon283                               0.973542
anon285                               0.969121
anon270                                1.03704
anon287                               0.964765
anon274                               0.936054
anon276                               0.939966
anon278                               0.943941
anon280                               0.947979
anon282                                0.95208
anon284                               0.956244
anon286                               0.960473
vin#branch                         1.58819e-22
vgnd_logic#branch                  2.18591e-05
vsup_drv#branch                   -2.25194e-05
vsup_logic#branch                 -6.68288e-09

 Reference value :  1.26256e-08
 Reference value :  3.43440e-08
 Reference value :  6.07950e-08
 Reference value :  8.02007e-08
 Reference value :  1.00981e-07
 Reference value :  1.21444e-07
 Reference value :  1.41508e-07
 Reference value :  1.64141e-07
 Reference value :  1.83804e-07
No. of Data Rows : 10435
mq1                 =  3.30393e+00 at=  6.11383e-08
mq2                 =  3.30000e+00 at=  2.00000e-07
mq3                 =  3.30000e+00 at=  1.80000e-07
mq4                 =  3.30014e+00 at=  1.81056e-07
mq5                 =  3.32230e+00 at=  1.00061e-07
mq6                 =  3.32244e+00 at=  1.00061e-07
na_peak             =  2.44023e+00 at=  2.00782e-08
nb_peak             =  2.40633e+00 at=  1.40779e-07
mvc1                =  1.17313e+00 at=  6.09723e-08
mvc2                =  1.17682e+00 at=  6.09723e-08
mvc3                =  1.18233e+00 at=  1.40972e-07
mvc4                =  1.18968e+00 at=  1.40972e-07
vccomp_stack        =  4.71461e+00 at=  6.09723e-08
t_plh               =  6.56950e-10 targ=  2.09070e-08 trig=  2.02500e-08
t_phl               =  3.20633e-10 targ=  6.10706e-08 trig=  6.07500e-08
vout_hi_abs         =  4.99999e+00
vout_lo_abs         =  6.69310e-07
vdrv_now            =  5.00000e+00
m_vgate_thinox_max = 3.3224380000e+00
m_vna_peak = 2.4402270000e+00
m_vnb_peak = 2.4063340000e+00
m_vccomp_dev_max = 1.1896790000e+00
m_vccomp_stack_max = 4.7146130000e+00
m_t_plh_ns = 6.5695040000e-01
m_t_phl_ns = 3.2063250000e-01
m_vout_hi_ratio = 9.9999860000e-01
m_vout_lo_ratio = 1.3386206000e-07
Note: Simulation executed from .control section 

Warning: singular matrix:  check node anon293

Note: Starting dynamic gmin stepping
Warning: singular matrix:  check node anon295

Warning: Dynamic gmin stepping failed
Note: Starting true gmin stepping
Warning: singular matrix:  check node anon295

Warning: singular matrix:  check node anon295

Warning: singular matrix:  check node anon295

Warning: singular matrix:  check node anon295

Warning: True gmin stepping failed
Note: Starting source stepping
Warning: source stepping failed
Note: Transient op started
Note: Transient op finished successfully
