
Note: No compatibility mode selected!


Circuit: * level-shifter-oxide-safety-postlayout @ fs_-40c_vlogic3p30v-vdrv6p00v -- generated by sim/harness, do not edit

Doing analysis at TEMP = -40.000000 and TNOM = 27.000000

Using SPARSE 1.3 as Direct Linear Solver

Initial Transient Solution
--------------------------

Node                                   Voltage
----                                   -------
x1_inb                                     3.3
in                                           0
gnd_logic                                    0
x1_na                                  2.27648
x1_nb                                3.667e-07
gnd_drv                            2.62516e-08
x2_n3                                        6
x2_n4                              1.85153e-06
x2_n5                                        6
out                                1.96215e-06
x3_lockout                         1.72469e-06
in_drv                             5.94745e-07
x1_nbuf1                               5.99999
x1_ncb                             9.74482e-07
x1_nca                                 5.99997
vdd_logic                                  3.3
x2_n1                                  5.99999
x2_n2                              1.09039e-06
x3_ncompn                               5.9999
x3_nref                               0.731645
x3_ntail                              0.320694
x3_ncompp                              4.84626
x3_ndiv                                1.11865
x3_uvlo_ok                              5.9998
vdd_drv                                      6
anon293                            1.88308e-07
anon294                           -8.13075e-08
anon295                            6.27392e-08
anon22                                 5.55947
anon23                                 5.11931
anon26                                 4.67949
anon27                                 4.23998
anon30                                 3.80076
anon31                                 3.36179
anon21                                 1.16971
anon24                                 1.60785
anon25                                  2.0461
anon28                                 2.48449
anon29                                 2.92304
anon32                                 5.69316
anon33                                 5.38662
anon34                                 5.08039
anon35                                 4.77443
anon36                                 4.46874
anon37                                 4.16329
anon38                                 3.85807
anon39                                 3.55307
anon40                                 1.42256
anon42                                 1.72655
anon44                                 2.03063
anon45                                 2.33483
anon46                                 2.63915
anon47                                 2.94362
anon48                                 3.24826
anon49                                 5.95165
anon41                                0.745722
anon50                                  5.9039
anon43                                0.372849
anon51                                 5.85655
anon52                                 5.80958
anon53                                   5.763
anon54                                 5.71681
anon55                                 5.67099
anon56                                 5.62556
anon57                                 5.27532
anon59                                 5.31784
anon60                                 5.36071
anon63                                 5.40394
anon65                                 5.44753
anon66                                 5.49149
anon69                                 5.53581
anon71                                  5.5805
anon58                                 5.23316
anon61                                 5.19134
anon62                                 5.14987
anon64                                 5.10874
anon67                                 5.06795
anon68                                  5.0275
anon70                                 4.98739
anon72                                 4.94761
anon73                                   4.641
anon74                                 4.67822
anon76                                 4.71575
anon78                                 4.75359
anon81                                 4.79175
anon82                                 4.83023
anon84                                 4.86903
anon86                                 4.90815
anon75                                  4.6041
anon77                                  4.5675
anon79                                  4.5312
anon80                                 4.49521
anon83                                 4.45952
anon85                                 4.42412
anon87                                 4.38902
anon88                                 4.35421
anon89                                   4.086
anon90                                 4.11855
anon91                                 4.05373
anon93                                 4.15138
anon94                                 4.02172
anon96                                 4.18448
anon97                                 3.98998
anon100                                4.21786
anon99                                 3.95851
anon102                                 3.9273
anon103                                4.25152
anon105                                4.28546
anon106                                3.89635
anon108                                4.31969
anon109                                3.86567
anon111                                3.83524
anon112                                3.60084
anon113                                3.57264
anon92                                 3.62928
anon115                                3.54468
anon95                                 3.65796
anon117                                3.51695
anon98                                 3.68688
anon101                                3.71606
anon119                                3.48946
anon121                                 3.4622
anon104                                3.74547
anon107                                3.77514
anon123                                3.43518
anon110                                3.80506
anon125                                3.40838
anon127                                3.38181
anon128                                3.17721
anon114                                3.20203
anon129                                3.15261
anon116                                3.22706
anon131                                3.12822
anon133                                3.10403
anon118                                 3.2523
anon120                                3.27776
anon135                                3.08005
anon137                                3.05628
anon122                                3.30344
anon139                                3.03271
anon124                                3.32934
anon141                                3.00934
anon126                                3.35546
anon143                                2.98618
anon144                                2.80789
anon130                                2.82951
anon145                                2.78646
anon147                                2.76522
anon132                                2.85131
anon134                                 2.8733
anon149                                2.74416
anon151                                2.72328
anon136                                2.89549
anon138                                2.91787
anon153                                2.70259
anon155                                2.68208
anon140                                2.94044
anon157                                2.66174
anon142                                2.96321
anon159                                2.64158
anon160                                2.48655
anon146                                2.50534
anon161                                2.46794
anon163                                2.44948
anon148                                2.52429
anon165                                2.43119
anon150                                2.54341
anon152                                 2.5627
anon167                                2.41306
anon154                                2.58216
anon169                                2.39509
anon171                                2.37728
anon156                                 2.6018
anon158                                 2.6216
anon173                                2.35963
anon175                                2.34214
anon176                                2.20772
anon162                                2.22399
anon177                                2.19159
anon164                                2.24042
anon179                                2.17561
anon181                                2.15977
anon166                                2.25699
anon168                                2.27372
anon183                                2.14408
anon170                                2.29059
anon185                                2.12852
anon187                                2.11312
anon172                                2.30762
anon174                                 2.3248
anon189                                2.09785
anon191                                2.08272
anon192                                1.96661
anon193                                 1.9527
anon178                                1.98066
anon195                                1.93892
anon180                                1.99483
anon182                                2.00914
anon197                                1.92526
anon184                                2.02359
anon199                                1.91174
anon201                                1.89834
anon186                                2.03817
anon188                                2.05288
anon203                                1.88507
anon190                                2.06773
anon205                                1.87192
anon207                                 1.8589
anon208                                1.75912
anon209                                1.74718
anon194                                1.77117
anon211                                1.73536
anon196                                1.78334
anon198                                1.79563
anon213                                1.72366
anon215                                1.71207
anon200                                1.80804
anon202                                1.82057
anon217                                1.70059
anon219                                1.68923
anon204                                1.83323
anon221                                1.67798
anon206                                  1.846
anon223                                1.66685
anon224                                1.58169
anon210                                1.59196
anon225                                1.57153
anon227                                1.56147
anon212                                1.60233
anon214                                1.61281
anon229                                1.55151
anon231                                1.54166
anon216                                 1.6234
anon218                                 1.6341
anon233                                1.53192
anon235                                1.52227
anon220                                 1.6449
anon237                                1.51273
anon222                                1.65582
anon239                                1.50328
anon240                                1.43129
anon241                                1.42273
anon226                                1.43995
anon243                                1.41426
anon228                                1.44871
anon230                                1.45756
anon245                                1.40589
anon247                                1.39761
anon232                                1.46651
anon249                                1.38942
anon234                                1.47555
anon236                                 1.4847
anon251                                1.38132
anon253                                1.37332
anon238                                1.49394
anon255                                1.36541
anon256                                1.30536
anon242                                1.31255
anon257                                1.29825
anon244                                1.31984
anon259                                1.29122
anon261                                1.28429
anon246                                1.32721
anon263                                1.27743
anon248                                1.33467
anon265                                1.27067
anon250                                1.34222
anon252                                1.34986
anon267                                1.26399
anon269                                1.25739
anon254                                1.35759
anon271                                1.25088
anon272                                1.20173
anon273                                1.19595
anon258                                1.20759
anon275                                1.19026
anon260                                1.21353
anon262                                1.21955
anon277                                1.18464
anon279                                 1.1791
anon264                                1.22565
anon281                                1.17363
anon266                                1.23183
anon268                                 1.2381
anon283                                1.16825
anon285                                1.16295
anon270                                1.24444
anon287                                1.15772
anon274                                1.12327
anon276                                1.12796
anon278                                1.13273
anon280                                1.13758
anon282                                 1.1425
anon284                                1.14749
anon286                                1.15257
vin#branch                          5.0822e-20
vgnd_logic#branch                  2.62632e-05
vsup_drv#branch                   -2.70555e-05
vsup_logic#branch                  -6.6001e-09

 Reference value :  1.26456e-08
 Reference value :  3.06334e-08
 Reference value :  5.47134e-08
 Reference value :  7.35316e-08
 Reference value :  9.72916e-08
 Reference value :  1.15773e-07
 Reference value :  1.38693e-07
 Reference value :  1.55809e-07
 Reference value :  1.78989e-07
 Reference value :  1.97757e-07
No. of Data Rows : 10552
mq1                 =  3.30534e+00 at=  6.11569e-08
mq2                 =  3.30000e+00 at=  2.00000e-07
mq3                 =  3.30000e+00 at=  1.80000e-07
mq4                 =  3.30016e+00 at=  1.80983e-07
mq5                 =  3.32472e+00 at=  2.00773e-08
mq6                 =  3.32479e+00 at=  2.00773e-08
na_peak             =  2.35171e+00 at=  2.00773e-08
nb_peak             =  2.33748e+00 at=  6.08215e-08
mvc1                =  1.42347e+00 at=  6.10000e-08
mvc2                =  1.42789e+00 at=  6.10000e-08
mvc3                =  1.43452e+00 at=  1.41000e-07
mvc4                =  1.44336e+00 at=  1.41000e-07
vccomp_stack        =  5.72040e+00 at=  6.10000e-08
t_plh               =  5.88021e-10 targ=  2.08380e-08 trig=  2.02500e-08
t_phl               =  3.51931e-10 targ=  6.11019e-08 trig=  6.07500e-08
vout_hi_abs         =  5.99999e+00
vout_lo_abs         =  5.94745e-07
vdrv_now            =  6.00000e+00
m_vgate_thinox_max = 3.3247890000e+00
m_vna_peak = 2.3517120000e+00
m_vnb_peak = 2.3374830000e+00
m_vccomp_dev_max = 1.4433580000e+00
m_vccomp_stack_max = 5.7204040000e+00
m_t_plh_ns = 5.8802120000e-01
m_t_phl_ns = 3.5193150000e-01
m_vout_hi_ratio = 9.9999866667e-01
m_vout_lo_ratio = 9.9124100000e-08
Note: Simulation executed from .control section 

Warning: singular matrix:  check node anon293

Note: Starting dynamic gmin stepping
Warning: singular matrix:  check node anon293

Warning: Dynamic gmin stepping failed
Note: Starting true gmin stepping
Warning: singular matrix:  check node anon293

Warning: singular matrix:  check node anon293

Warning: singular matrix:  check node anon293

Warning: singular matrix:  check node anon293

Warning: True gmin stepping failed
Note: Starting source stepping
Warning: source stepping failed
Note: Transient op started
Note: Transient op finished successfully
