
Note: No compatibility mode selected!


Circuit: * level-shifter-oxide-safety-postlayout @ fs_125c_vlogic3p30v-vdrv6p00v -- generated by sim/harness, do not edit

Doing analysis at TEMP = 125.000000 and TNOM = 27.000000

Using SPARSE 1.3 as Direct Linear Solver

Initial Transient Solution
--------------------------

Node                                   Voltage
----                                   -------
x1_inb                                 3.29999
in                                           0
gnd_logic                                    0
x1_na                                  2.44342
x1_nb                              5.66632e-07
gnd_drv                            2.88504e-08
x2_n3                                        6
x2_n4                              3.38999e-06
x2_n5                                        6
out                                3.59368e-06
x3_lockout                         3.15279e-06
in_drv                             1.07639e-06
x1_nbuf1                               5.99998
x1_ncb                             1.62985e-06
x1_nca                                  5.9999
vdd_logic                                  3.3
x2_n1                                  5.99997
x2_n2                              1.98839e-06
x3_ncompn                              5.99988
x3_nref                               0.578836
x3_ntail                              0.430191
x3_ncompp                              4.99559
x3_ndiv                                1.11864
x3_uvlo_ok                             5.99967
vdd_drv                                      6
anon293                            2.82469e-07
anon294                           -1.75959e-07
anon295                             9.5926e-08
anon22                                 5.54676
anon23                                 5.09388
anon26                                 4.64134
anon27                                 4.18912
anon30                                 3.73717
anon31                                 3.28547
anon21                                 1.02967
anon24                                 1.48057
anon25                                 1.93158
anon28                                 2.38271
anon29                                   2.834
anon32                                 5.69316
anon33                                 5.38662
anon34                                 5.08039
anon35                                 4.77443
anon36                                 4.46874
anon37                                 4.16329
anon38                                 3.85807
anon39                                 3.55307
anon40                                 1.42256
anon42                                 1.72655
anon44                                 2.03063
anon45                                 2.33483
anon46                                 2.63915
anon47                                 2.94362
anon48                                 3.24826
anon49                                 5.95153
anon41                                0.745722
anon50                                 5.90378
anon43                                0.372849
anon51                                 5.85642
anon52                                 5.80946
anon53                                 5.76288
anon54                                 5.71668
anon55                                 5.67087
anon56                                 5.62544
anon57                                 5.27521
anon59                                 5.31773
anon60                                  5.3606
anon63                                 5.40383
anon65                                 5.44742
anon66                                 5.49137
anon69                                 5.53569
anon71                                 5.58038
anon58                                 5.23304
anon61                                 5.19123
anon62                                 5.14976
anon64                                 5.10863
anon67                                 5.06784
anon68                                 5.02739
anon70                                 4.98728
anon72                                  4.9475
anon73                                 4.64091
anon74                                 4.67812
anon76                                 4.71565
anon78                                 4.75349
anon81                                 4.79165
anon82                                 4.83012
anon84                                 4.86892
anon86                                 4.90805
anon75                                   4.604
anon77                                  4.5674
anon79                                 4.53111
anon80                                 4.49512
anon83                                 4.45942
anon85                                 4.42403
anon87                                 4.38893
anon88                                 4.35412
anon89                                 4.08592
anon90                                 4.11847
anon91                                 4.05364
anon93                                 4.15129
anon94                                 4.02164
anon96                                 4.18439
anon97                                  3.9899
anon100                                4.21777
anon99                                 3.95843
anon102                                3.92722
anon103                                4.25143
anon105                                4.28537
anon106                                3.89627
anon108                                 4.3196
anon109                                3.86559
anon111                                3.83516
anon112                                3.60076
anon113                                3.57257
anon92                                  3.6292
anon115                                 3.5446
anon95                                 3.65788
anon117                                3.51688
anon98                                 3.68681
anon101                                3.71598
anon119                                3.48939
anon121                                3.46213
anon104                                 3.7454
anon107                                3.77506
anon123                                3.43511
anon110                                3.80498
anon125                                3.40831
anon127                                3.38174
anon128                                3.17715
anon114                                3.20196
anon129                                3.15255
anon116                                3.22699
anon131                                3.12815
anon133                                3.10397
anon118                                3.25224
anon120                                 3.2777
anon135                                3.07999
anon137                                3.05622
anon122                                3.30338
anon139                                3.03265
anon124                                3.32927
anon141                                3.00928
anon126                                 3.3554
anon143                                2.98612
anon144                                2.80783
anon130                                2.82945
anon145                                2.78641
anon147                                2.76516
anon132                                2.85125
anon134                                2.87325
anon149                                2.74411
anon151                                2.72323
anon136                                2.89543
anon138                                2.91781
anon153                                2.70254
anon155                                2.68203
anon140                                2.94038
anon157                                2.66169
anon142                                2.96315
anon159                                2.64153
anon160                                2.48651
anon146                                2.50529
anon161                                2.46789
anon163                                2.44943
anon148                                2.52424
anon165                                2.43114
anon150                                2.54336
anon152                                2.56265
anon167                                2.41301
anon154                                2.58211
anon169                                2.39505
anon171                                2.37724
anon156                                2.60175
anon158                                2.62155
anon173                                2.35959
anon175                                 2.3421
anon176                                2.20768
anon162                                2.22395
anon177                                2.19155
anon164                                2.24038
anon179                                2.17557
anon181                                2.15973
anon166                                2.25695
anon168                                2.27367
anon183                                2.14404
anon170                                2.29055
anon185                                2.12849
anon187                                2.11308
anon172                                2.30758
anon174                                2.32476
anon189                                2.09781
anon191                                2.08268
anon192                                1.96658
anon193                                1.95267
anon178                                1.98062
anon195                                1.93888
anon180                                 1.9948
anon182                                2.00911
anon197                                1.92523
anon184                                2.02355
anon199                                 1.9117
anon201                                1.89831
anon186                                2.03813
anon188                                2.05285
anon203                                1.88504
anon190                                 2.0677
anon205                                1.87189
anon207                                1.85887
anon208                                1.75909
anon209                                1.74716
anon194                                1.77115
anon211                                1.73534
anon196                                1.78332
anon198                                1.79561
anon213                                1.72363
anon215                                1.71204
anon200                                1.80802
anon202                                1.82055
anon217                                1.70057
anon219                                1.68921
anon204                                 1.8332
anon221                                1.67796
anon206                                1.84597
anon223                                1.66682
anon224                                1.58167
anon210                                1.59194
anon225                                1.57151
anon227                                1.56145
anon212                                1.60231
anon214                                1.61279
anon229                                1.55149
anon231                                1.54164
anon216                                1.62338
anon218                                1.63408
anon233                                 1.5319
anon235                                1.52225
anon220                                1.64488
anon237                                1.51271
anon222                                 1.6558
anon239                                1.50326
anon240                                1.43128
anon241                                1.42271
anon226                                1.43994
anon243                                1.41425
anon228                                1.44869
anon230                                1.45754
anon245                                1.40587
anon247                                1.39759
anon232                                1.46649
anon249                                1.38941
anon234                                1.47553
anon236                                1.48468
anon251                                1.38131
anon253                                1.37331
anon238                                1.49392
anon255                                 1.3654
anon256                                1.30535
anon242                                1.31254
anon257                                1.29824
anon244                                1.31983
anon259                                1.29121
anon261                                1.28428
anon246                                 1.3272
anon263                                1.27743
anon248                                1.33466
anon265                                1.27066
anon250                                1.34221
anon252                                1.34985
anon267                                1.26398
anon269                                1.25738
anon254                                1.35758
anon271                                1.25087
anon272                                1.20173
anon273                                1.19595
anon258                                1.20758
anon275                                1.19025
anon260                                1.21352
anon262                                1.21954
anon277                                1.18463
anon279                                1.17909
anon264                                1.22564
anon281                                1.17363
anon266                                1.23183
anon268                                1.23809
anon283                                1.16825
anon285                                1.16294
anon270                                1.24444
anon287                                1.15772
anon274                                1.12326
anon276                                1.12796
anon278                                1.13273
anon280                                1.13757
anon282                                1.14249
anon284                                1.14749
anon286                                1.15256
vin#branch                         8.99973e-22
vgnd_logic#branch                  2.88831e-05
vsup_drv#branch                   -2.96685e-05
vsup_logic#branch                  -1.3008e-08

 Reference value :  1.30056e-08
 Reference value :  3.36432e-08
 Reference value :  5.86432e-08
 Reference value :  7.81042e-08
 Reference value :  1.01756e-07
 Reference value :  1.27661e-07
 Reference value :  1.49544e-07
 Reference value :  1.72784e-07
 Reference value :  1.94703e-07
No. of Data Rows : 10331
mq1                 =  3.30444e+00 at=  1.41290e-07
mq2                 =  3.30000e+00 at=  2.00000e-07
mq3                 =  3.30000e+00 at=  1.80000e-07
mq4                 =  3.30003e+00 at=  1.01339e-07
mq5                 =  3.32879e+00 at=  1.80058e-07
mq6                 =  3.32916e+00 at=  1.80058e-07
na_peak             =  2.49745e+00 at=  2.00569e-08
nb_peak             =  2.46922e+00 at=  1.40804e-07
mvc1                =  1.39020e+00 at=  6.10694e-08
mvc2                =  1.39461e+00 at=  6.10694e-08
mvc3                =  1.40122e+00 at=  1.41069e-07
mvc4                =  1.41002e+00 at=  1.41069e-07
vccomp_stack        =  5.58726e+00 at=  1.41069e-07
t_plh               =  8.28951e-10 targ=  2.10790e-08 trig=  2.02500e-08
t_phl               =  4.54219e-10 targ=  6.12042e-08 trig=  6.07500e-08
vout_hi_abs         =  5.99999e+00
vout_lo_abs         =  1.07639e-06
vdrv_now            =  6.00000e+00
m_vgate_thinox_max = 3.3291600000e+00
m_vna_peak = 2.4974520000e+00
m_vnb_peak = 2.4692230000e+00
m_vccomp_dev_max = 1.4100200000e+00
m_vccomp_stack_max = 5.5872570000e+00
m_t_plh_ns = 8.2895130000e-01
m_t_phl_ns = 4.5421920000e-01
m_vout_hi_ratio = 9.9999783333e-01
m_vout_lo_ratio = 1.7939800000e-07
Note: Simulation executed from .control section 

Warning: singular matrix:  check node anon295

Note: Starting dynamic gmin stepping
Warning: singular matrix:  check node anon294

Warning: Dynamic gmin stepping failed
Note: Starting true gmin stepping
Warning: singular matrix:  check node anon294

Warning: singular matrix:  check node anon294

Warning: singular matrix:  check node anon294

Warning: singular matrix:  check node anon294

Warning: True gmin stepping failed
Note: Starting source stepping
Warning: source stepping failed
Note: Transient op started
Note: Transient op finished successfully
