
Note: No compatibility mode selected!


Circuit: * level-shifter-oxide-safety-postlayout @ fs_125c_vlogic3p30v-vdrv5p00v -- generated by sim/harness, do not edit

Doing analysis at TEMP = 125.000000 and TNOM = 27.000000

Using SPARSE 1.3 as Direct Linear Solver

Initial Transient Solution
--------------------------

Node                                   Voltage
----                                   -------
x1_inb                                 3.29999
in                                           0
gnd_logic                                    0
x1_na                                  2.42612
x1_nb                              4.72198e-07
gnd_drv                            2.28692e-08
x2_n3                                        5
x2_n4                              3.00257e-06
x2_n5                                        5
out                                3.18314e-06
x3_lockout                         2.79366e-06
in_drv                             9.51419e-07
x1_nbuf1                               4.99998
x1_ncb                             1.35822e-06
x1_nca                                 4.99989
vdd_logic                                  3.3
x2_n1                                  4.99998
x2_n2                               1.7603e-06
x3_ncompn                               4.9997
x3_nref                               0.564461
x3_ntail                              0.298167
x3_ncompp                              4.02775
x3_ndiv                               0.932204
x3_uvlo_ok                             4.99968
vdd_drv                                      5
anon293                            1.77286e-07
anon294                           -2.10745e-07
anon295                            5.31956e-08
anon22                                 4.62913
anon23                                 4.25856
anon26                                 3.88828
anon27                                 3.51826
anon30                                 3.14847
anon31                                  2.7789
anon21                                0.933296
anon24                                 1.30219
anon25                                 1.67118
anon28                                 2.04027
anon29                                  2.4095
anon32                                  4.7443
anon33                                 4.48885
anon34                                 4.23366
anon35                                 3.97869
anon36                                 3.72395
anon37                                 3.46941
anon38                                 3.21506
anon39                                 2.96089
anon40                                 1.18546
anon42                                 1.43879
anon44                                 1.69219
anon45                                 1.94569
anon46                                 2.19929
anon47                                 2.45302
anon48                                 2.70688
anon49                                 4.95956
anon41                                0.621435
anon50                                 4.91977
anon43                                0.310707
anon51                                 4.88031
anon52                                 4.84117
anon53                                 4.80236
anon54                                 4.76386
anon55                                 4.72569
anon56                                 4.68782
anon57                                 4.39597
anon59                                  4.4314
anon60                                 4.46713
anon63                                 4.50315
anon65                                 4.53948
anon66                                  4.5761
anon69                                 4.61304
anon71                                 4.65027
anon58                                 4.36083
anon61                                 4.32599
anon62                                 4.29143
anon64                                 4.25716
anon67                                 4.22317
anon68                                 4.18946
anon70                                 4.15603
anon72                                 4.12288
anon73                                 3.86739
anon74                                  3.8984
anon76                                 3.92967
anon78                                 3.96121
anon81                                 3.99301
anon82                                 4.02507
anon84                                  4.0574
anon86                                 4.09001
anon75                                 3.83664
anon77                                 3.80614
anon79                                 3.77589
anon80                                  3.7459
anon83                                 3.71616
anon85                                 3.68666
anon87                                 3.65741
anon88                                  3.6284
anon89                                  3.4049
anon90                                 3.43203
anon91                                 3.37801
anon93                                 3.45938
anon94                                 3.35134
anon96                                 3.48696
anon97                                 3.32489
anon100                                3.51478
anon99                                 3.29866
anon102                                3.27266
anon103                                3.54283
anon105                                3.57112
anon106                                3.24687
anon108                                3.59964
anon109                                 3.2213
anon111                                3.19594
anon112                                3.00061
anon113                                2.97711
anon92                                 3.02431
anon115                                2.95381
anon95                                 3.04821
anon117                                2.93071
anon98                                 3.07232
anon101                                3.09662
anon119                                 2.9078
anon121                                2.88509
anon104                                3.12114
anon107                                3.14586
anon123                                2.86257
anon110                                3.17079
anon125                                2.84024
anon127                                2.81809
anon128                                 2.6476
anon114                                2.66828
anon129                                 2.6271
anon116                                2.68914
anon131                                2.60677
anon133                                2.58662
anon118                                2.71018
anon120                                2.73139
anon135                                2.56664
anon137                                2.54683
anon122                                2.75279
anon139                                2.52719
anon124                                2.77437
anon141                                2.50772
anon126                                2.79614
anon143                                2.48841
anon144                                2.33984
anon130                                2.35786
anon145                                2.32199
anon147                                2.30429
anon132                                2.37603
anon134                                2.39435
anon149                                2.28674
anon151                                2.26934
anon136                                2.41284
anon138                                2.43149
anon153                                 2.2521
anon155                                  2.235
anon140                                 2.4503
anon157                                2.21806
anon142                                2.46927
anon159                                2.20126
anon160                                2.07208
anon146                                2.08773
anon161                                2.05656
anon163                                2.04118
anon148                                2.10352
anon165                                2.02594
anon150                                2.11945
anon152                                2.13553
anon167                                2.01083
anon154                                2.15175
anon169                                1.99586
anon171                                1.98102
anon156                                2.16811
anon158                                2.18461
anon173                                1.96631
anon175                                1.95173
anon176                                1.83972
anon162                                1.85328
anon177                                1.82628
anon164                                1.86697
anon179                                1.81296
anon181                                1.79976
anon166                                1.88078
anon168                                1.89472
anon183                                1.78669
anon170                                1.90878
anon185                                1.77373
anon187                                1.76089
anon172                                1.92297
anon174                                1.93728
anon189                                1.74816
anon191                                1.73556
anon192                                1.63881
anon193                                1.62721
anon178                                1.65051
anon195                                1.61573
anon180                                1.66232
anon182                                1.67425
anon197                                1.60435
anon184                                1.68628
anon199                                1.59308
anon201                                1.58191
anon186                                1.69843
anon188                                1.71069
anon203                                1.57085
anon190                                1.72307
anon205                                 1.5599
anon207                                1.54905
anon208                                 1.4659
anon209                                1.45595
anon194                                1.47595
anon211                                1.44611
anon196                                1.48609
anon198                                1.49633
anon213                                1.43635
anon215                                 1.4267
anon200                                1.50667
anon202                                1.51711
anon217                                1.41713
anon219                                1.40767
anon204                                1.52766
anon221                                1.39829
anon206                                 1.5383
anon223                                1.38901
anon224                                1.31805
anon210                                1.32661
anon225                                1.30958
anon227                                 1.3012
anon212                                1.33525
anon214                                1.34399
anon229                                1.29291
anon231                                 1.2847
anon216                                1.35281
anon218                                1.36172
anon233                                1.27657
anon235                                1.26854
anon220                                1.37073
anon237                                1.26058
anon222                                1.37982
anon239                                1.25271
anon240                                1.19273
anon241                                1.18559
anon226                                1.19994
anon243                                1.17853
anon228                                1.20724
anon230                                1.21461
anon245                                1.17156
anon247                                1.16466
anon232                                1.22207
anon249                                1.15783
anon234                                1.22961
anon236                                1.23723
anon251                                1.15109
anon253                                1.14442
anon238                                1.24493
anon255                                1.13783
anon256                                1.08779
anon242                                1.09378
anon257                                1.08186
anon244                                1.09985
anon259                                1.07601
anon261                                1.07023
anon246                                  1.106
anon263                                1.06452
anon248                                1.11221
anon265                                1.05888
anon250                                 1.1185
anon252                                1.12487
anon267                                1.05331
anon269                                1.04781
anon254                                1.13131
anon271                                1.04239
anon272                                1.00144
anon273                               0.996622
anon258                                1.00632
anon275                               0.991874
anon260                                1.01127
anon262                                1.01628
anon277                               0.987192
anon279                               0.982575
anon264                                1.02137
anon281                               0.978024
anon266                                1.02652
anon268                                1.03174
anon283                               0.973539
anon285                               0.969118
anon270                                1.03703
anon287                               0.964762
anon274                               0.936053
anon276                               0.939965
anon278                                0.94394
anon280                               0.947977
anon282                               0.952078
anon284                               0.956242
anon286                                0.96047
vin#branch                        -2.11758e-22
vgnd_logic#branch                  2.29007e-05
vsup_drv#branch                   -2.35543e-05
vsup_logic#branch                  -1.3008e-08

 Reference value :  1.22656e-08
 Reference value :  3.29064e-08
 Reference value :  5.70064e-08
 Reference value :  7.73901e-08
 Reference value :  1.00273e-07
 Reference value :  1.21106e-07
 Reference value :  1.41967e-07
 Reference value :  1.64270e-07
 Reference value :  1.84146e-07
No. of Data Rows : 10285
mq1                 =  3.30346e+00 at=  1.41324e-07
mq2                 =  3.30000e+00 at=  2.00000e-07
mq3                 =  3.30000e+00 at=  1.80000e-07
mq4                 =  3.30000e+00 at=  1.07926e-07
mq5                 =  3.32869e+00 at=  2.00569e-08
mq6                 =  3.32907e+00 at=  2.00569e-08
na_peak             =  2.48014e+00 at=  2.00569e-08
nb_peak             =  2.45159e+00 at=  6.08037e-08
mvc1                =  1.18213e+00 at=  6.10733e-08
mvc2                =  1.18579e+00 at=  6.10733e-08
mvc3                =  1.19127e+00 at=  1.41073e-07
mvc4                =  1.19858e+00 at=  1.41073e-07
vccomp_stack        =  4.75047e+00 at=  1.41073e-07
t_plh               =  1.01497e-09 targ=  2.12650e-08 trig=  2.02500e-08
t_phl               =  4.65114e-10 targ=  6.12151e-08 trig=  6.07500e-08
vout_hi_abs         =  4.99999e+00
vout_lo_abs         =  9.51419e-07
vdrv_now            =  5.00000e+00
m_vgate_thinox_max = 3.3290690000e+00
m_vna_peak = 2.4801410000e+00
m_vnb_peak = 2.4515950000e+00
m_vccomp_dev_max = 1.1985790000e+00
m_vccomp_stack_max = 4.7504660000e+00
m_t_plh_ns = 1.0149670000e+00
m_t_phl_ns = 4.6511440000e-01
m_vout_hi_ratio = 9.9999740000e-01
m_vout_lo_ratio = 1.9028382000e-07
Note: Simulation executed from .control section 

Warning: singular matrix:  check node anon295

Note: Starting dynamic gmin stepping
Warning: singular matrix:  check node anon294

Warning: Dynamic gmin stepping failed
Note: Starting true gmin stepping
Warning: singular matrix:  check node anon294

Warning: singular matrix:  check node anon294

Warning: singular matrix:  check node anon294

Warning: singular matrix:  check node anon294

Warning: True gmin stepping failed
Note: Starting source stepping
Warning: source stepping failed
Note: Transient op started
Note: Transient op finished successfully
