
Note: No compatibility mode selected!


Circuit: * level-shifter-oxide-safety-postlayout @ sf_-40c_vlogic3p30v-vdrv6p00v -- generated by sim/harness, do not edit

Doing analysis at TEMP = -40.000000 and TNOM = 27.000000

Using SPARSE 1.3 as Direct Linear Solver

Initial Transient Solution
--------------------------

Node                                   Voltage
----                                   -------
x1_inb                                     3.3
in                                           0
gnd_logic                                    0
x1_na                                  2.09258
x1_nb                              4.01929e-07
gnd_drv                            2.47033e-08
x2_n3                                        6
x2_n4                              2.13921e-06
x2_n5                                        6
out                                2.26736e-06
x3_lockout                         2.00627e-06
in_drv                             6.81741e-07
x1_nbuf1                               5.99999
x1_ncb                             1.15447e-06
x1_nca                                 5.99997
vdd_logic                                  3.3
x2_n1                                  5.99999
x2_n2                              1.25965e-06
x3_ncompn                              5.99931
x3_nref                               0.928286
x3_ntail                              0.172842
x3_ncompp                              5.05066
x3_ndiv                                1.11865
x3_uvlo_ok                             5.99984
vdd_drv                                      6
anon293                            2.26324e-07
anon294                           -9.52219e-08
anon295                            6.73104e-08
anon22                                 5.57583
anon23                                 5.15203
anon26                                 4.72858
anon27                                 4.30544
anon30                                 3.88258
anon31                                 3.45999
anon21                                 1.34992
anon24                                 1.77164
anon25                                 2.19348
anon28                                 2.61547
anon29                                 3.03763
anon32                                 5.69316
anon33                                 5.38662
anon34                                 5.08039
anon35                                 4.77443
anon36                                 4.46874
anon37                                 4.16329
anon38                                 3.85807
anon39                                 3.55307
anon40                                 1.42256
anon42                                 1.72655
anon44                                 2.03063
anon45                                 2.33483
anon46                                 2.63915
anon47                                 2.94362
anon48                                 3.24826
anon49                                 5.95169
anon41                                0.745722
anon50                                 5.90394
anon43                                0.372849
anon51                                 5.85658
anon52                                 5.80961
anon53                                 5.76304
anon54                                 5.71684
anon55                                 5.67103
anon56                                 5.62559
anon57                                 5.27535
anon59                                 5.31787
anon60                                 5.36075
anon63                                 5.40398
anon65                                 5.44757
anon66                                 5.49152
anon69                                 5.53584
anon71                                 5.58053
anon58                                 5.23319
anon61                                 5.19137
anon62                                  5.1499
anon64                                 5.10877
anon67                                 5.06798
anon68                                 5.02753
anon70                                 4.98742
anon72                                 4.94763
anon73                                 4.64103
anon74                                 4.67825
anon76                                 4.71578
anon78                                 4.75362
anon81                                 4.79178
anon82                                 4.83026
anon84                                 4.86906
anon86                                 4.90818
anon75                                 4.60412
anon77                                 4.56752
anon79                                 4.53123
anon80                                 4.49524
anon83                                 4.45954
anon85                                 4.42415
anon87                                 4.38905
anon88                                 4.35424
anon89                                 4.08603
anon90                                 4.11858
anon91                                 4.05375
anon93                                  4.1514
anon94                                 4.02174
anon96                                  4.1845
anon97                                    3.99
anon100                                4.21788
anon99                                 3.95853
anon102                                3.92732
anon103                                4.25154
anon105                                4.28549
anon106                                3.89638
anon108                                4.31972
anon109                                3.86569
anon111                                3.83526
anon112                                3.60086
anon113                                3.57266
anon92                                  3.6293
anon115                                 3.5447
anon95                                 3.65798
anon117                                3.51697
anon98                                  3.6869
anon101                                3.71608
anon119                                3.48948
anon121                                3.46222
anon104                                 3.7455
anon107                                3.77516
anon123                                 3.4352
anon110                                3.80508
anon125                                 3.4084
anon127                                3.38183
anon128                                3.17723
anon114                                3.20205
anon129                                3.15263
anon116                                3.22708
anon131                                3.12823
anon133                                3.10405
anon118                                3.25232
anon120                                3.27778
anon135                                3.08007
anon137                                 3.0563
anon122                                3.30346
anon139                                3.03273
anon124                                3.32936
anon141                                3.00936
anon126                                3.35548
anon143                                2.98619
anon144                                 2.8079
anon130                                2.82952
anon145                                2.78648
anon147                                2.76523
anon132                                2.85132
anon134                                2.87332
anon149                                2.74417
anon151                                 2.7233
anon136                                 2.8955
anon138                                2.91788
anon153                                 2.7026
anon155                                2.68209
anon140                                2.94046
anon157                                2.66176
anon142                                2.96323
anon159                                 2.6416
anon160                                2.48657
anon146                                2.50535
anon161                                2.46795
anon163                                2.44949
anon148                                2.52431
anon165                                 2.4312
anon150                                2.54343
anon152                                2.56272
anon167                                2.41307
anon154                                2.58218
anon169                                 2.3951
anon171                                2.37729
anon156                                2.60181
anon158                                2.62162
anon173                                2.35964
anon175                                2.34215
anon176                                2.20773
anon162                                  2.224
anon177                                 2.1916
anon164                                2.24043
anon179                                2.17562
anon181                                2.15978
anon166                                  2.257
anon168                                2.27373
anon183                                2.14409
anon170                                 2.2906
anon185                                2.12853
anon187                                2.11313
anon172                                2.30763
anon174                                2.32481
anon189                                2.09786
anon191                                2.08273
anon192                                1.96662
anon193                                1.95271
anon178                                1.98067
anon195                                1.93892
anon180                                1.99484
anon182                                2.00915
anon197                                1.92527
anon184                                 2.0236
anon199                                1.91174
anon201                                1.89835
anon186                                2.03818
anon188                                2.05289
anon203                                1.88507
anon190                                2.06774
anon205                                1.87193
anon207                                1.85891
anon208                                1.75913
anon209                                1.74719
anon194                                1.77118
anon211                                1.73537
anon196                                1.78335
anon198                                1.79564
anon213                                1.72367
anon215                                1.71208
anon200                                1.80805
anon202                                1.82058
anon217                                 1.7006
anon219                                1.68924
anon204                                1.83323
anon221                                1.67799
anon206                                1.84601
anon223                                1.66685
anon224                                1.58169
anon210                                1.59196
anon225                                1.57153
anon227                                1.56147
anon212                                1.60234
anon214                                1.61282
anon229                                1.55152
anon231                                1.54167
anon216                                1.62341
anon218                                1.63411
anon233                                1.53192
anon235                                1.52228
anon220                                1.64491
anon237                                1.51273
anon222                                1.65583
anon239                                1.50329
anon240                                 1.4313
anon241                                1.42273
anon226                                1.43996
anon243                                1.41426
anon228                                1.44871
anon230                                1.45756
anon245                                1.40589
anon247                                1.39761
anon232                                1.46651
anon249                                1.38942
anon234                                1.47556
anon236                                 1.4847
anon251                                1.38133
anon253                                1.37333
anon238                                1.49394
anon255                                1.36541
anon256                                1.30536
anon242                                1.31256
anon257                                1.29825
anon244                                1.31984
anon259                                1.29123
anon261                                1.28429
anon246                                1.32721
anon263                                1.27744
anon248                                1.33468
anon265                                1.27067
anon250                                1.34223
anon252                                1.34986
anon267                                1.26399
anon269                                1.25739
anon254                                1.35759
anon271                                1.25088
anon272                                1.20173
anon273                                1.19596
anon258                                1.20759
anon275                                1.19026
anon260                                1.21353
anon262                                1.21955
anon277                                1.18464
anon279                                 1.1791
anon264                                1.22565
anon281                                1.17364
anon266                                1.23183
anon268                                 1.2381
anon283                                1.16825
anon285                                1.16295
anon270                                1.24445
anon287                                1.15772
anon274                                1.12327
anon276                                1.12796
anon278                                1.13273
anon280                                1.13758
anon282                                 1.1425
anon284                                1.14749
anon286                                1.15257
vin#branch                        -2.11758e-22
vgnd_logic#branch                  2.47146e-05
vsup_drv#branch                   -2.55081e-05
vsup_logic#branch                     -6.6e-09

 Reference value :  1.28056e-08
 Reference value :  3.22272e-08
 Reference value :  5.70072e-08
 Reference value :  7.57379e-08
 Reference value :  9.97779e-08
 Reference value :  1.17787e-07
 Reference value :  1.40387e-07
 Reference value :  1.60138e-07
 Reference value :  1.81482e-07
No. of Data Rows : 10553
mq1                 =  3.30389e+00 at=  1.41154e-07
mq2                 =  3.30000e+00 at=  2.00000e-07
mq3                 =  3.30000e+00 at=  1.80000e-07
mq4                 =  3.30048e+00 at=  2.09354e-08
mq5                 =  3.32191e+00 at=  1.00104e-07
mq6                 =  3.32194e+00 at=  1.00104e-07
na_peak             =  2.20351e+00 at=  2.01139e-08
nb_peak             =  2.18215e+00 at=  1.40794e-07
mvc1                =  1.38874e+00 at=  6.10021e-08
mvc2                =  1.39317e+00 at=  6.10021e-08
mvc3                =  1.39980e+00 at=  1.41002e-07
mvc4                =  1.40864e+00 at=  1.41002e-07
vccomp_stack        =  5.58151e+00 at=  6.10021e-08
t_plh               =  5.74850e-10 targ=  2.08248e-08 trig=  2.02500e-08
t_phl               =  3.45091e-10 targ=  6.10951e-08 trig=  6.07500e-08
vout_hi_abs         =  5.99999e+00
vout_lo_abs         =  6.81741e-07
vdrv_now            =  6.00000e+00
m_vgate_thinox_max = 3.3219390000e+00
m_vna_peak = 2.2035090000e+00
m_vnb_peak = 2.1821450000e+00
m_vccomp_dev_max = 1.4086420000e+00
m_vccomp_stack_max = 5.5815150000e+00
m_t_plh_ns = 5.7484980000e-01
m_t_phl_ns = 3.4509140000e-01
m_vout_hi_ratio = 9.9999900000e-01
m_vout_lo_ratio = 1.1362346667e-07
Note: Simulation executed from .control section 

Warning: singular matrix:  check node anon293

Note: Starting dynamic gmin stepping
Warning: singular matrix:  check node anon293

Warning: Dynamic gmin stepping failed
Note: Starting true gmin stepping
Warning: singular matrix:  check node anon293

Warning: singular matrix:  check node anon293

Warning: singular matrix:  check node anon293

Warning: singular matrix:  check node anon293

Warning: True gmin stepping failed
Note: Starting source stepping
Warning: source stepping failed
Note: Transient op started
Note: Transient op finished successfully
