
Note: No compatibility mode selected!


Circuit: * level-shifter-oxide-safety-postlayout @ sf_125c_vlogic3p30v-vdrv6p00v -- generated by sim/harness, do not edit

Doing analysis at TEMP = 125.000000 and TNOM = 27.000000

Using SPARSE 1.3 as Direct Linear Solver

Initial Transient Solution
--------------------------

Node                                   Voltage
----                                   -------
x1_inb                                     3.3
in                                           0
gnd_logic                                    0
x1_na                                  2.29875
x1_nb                              6.39392e-07
gnd_drv                             2.7114e-08
x2_n3                                        6
x2_n4                              4.04052e-06
x2_n5                                        6
out                                4.28375e-06
x3_lockout                         3.78321e-06
in_drv                             1.27758e-06
x1_nbuf1                               5.99998
x1_ncb                               1.997e-06
x1_nca                                 5.99995
vdd_logic                                  3.3
x2_n1                                  5.99998
x2_n2                              2.37846e-06
x3_ncompn                              5.99945
x3_nref                               0.775914
x3_ntail                              0.279528
x3_ncompp                              5.21517
x3_ndiv                                1.11865
x3_uvlo_ok                             5.99974
vdd_drv                                      6
anon293                            3.53199e-07
anon294                            -2.1101e-07
anon295                            1.07568e-07
anon22                                 5.56315
anon23                                 5.12668
anon26                                 4.69054
anon27                                 4.25472
anon30                                 3.81918
anon31                                  3.3839
anon21                                 1.21028
anon24                                 1.64473
anon25                                 2.07928
anon28                                 2.51398
anon29                                 2.94884
anon32                                 5.69316
anon33                                 5.38662
anon34                                 5.08039
anon35                                 4.77443
anon36                                 4.46874
anon37                                 4.16329
anon38                                 3.85807
anon39                                 3.55307
anon40                                 1.42256
anon42                                 1.72655
anon44                                 2.03063
anon45                                 2.33483
anon46                                 2.63915
anon47                                 2.94362
anon48                                 3.24826
anon49                                 5.95159
anon41                                0.745722
anon50                                 5.90384
anon43                                0.372849
anon51                                 5.85648
anon52                                 5.80952
anon53                                 5.76294
anon54                                 5.71674
anon55                                 5.67093
anon56                                  5.6255
anon57                                 5.27527
anon59                                 5.31778
anon60                                 5.36066
anon63                                 5.40389
anon65                                 5.44748
anon66                                 5.49143
anon69                                 5.53575
anon71                                 5.58044
anon58                                  5.2331
anon61                                 5.19128
anon62                                 5.14981
anon64                                 5.10868
anon67                                  5.0679
anon68                                 5.02745
anon70                                 4.98733
anon72                                 4.94755
anon73                                 4.64095
anon74                                 4.67817
anon76                                  4.7157
anon78                                 4.75354
anon81                                  4.7917
anon82                                 4.83018
anon84                                 4.86898
anon86                                  4.9081
anon75                                 4.60405
anon77                                 4.56745
anon79                                 4.53116
anon80                                 4.49516
anon83                                 4.45947
anon85                                 4.42407
anon87                                 4.38897
anon88                                 4.35417
anon89                                 4.08596
anon90                                 4.11851
anon91                                 4.05368
anon93                                 4.15133
anon94                                 4.02168
anon96                                 4.18443
anon97                                 3.98994
anon100                                4.21781
anon99                                 3.95847
anon102                                3.92726
anon103                                4.25147
anon105                                4.28542
anon106                                3.89631
anon108                                4.31965
anon109                                3.86563
anon111                                 3.8352
anon112                                 3.6008
anon113                                 3.5726
anon92                                 3.62924
anon115                                3.54464
anon95                                 3.65792
anon117                                3.51692
anon98                                 3.68685
anon101                                3.71602
anon119                                3.48943
anon121                                3.46217
anon104                                3.74544
anon107                                 3.7751
anon123                                3.43514
anon110                                3.80502
anon125                                3.40834
anon127                                3.38177
anon128                                3.17718
anon114                                  3.202
anon129                                3.15258
anon116                                3.22702
anon131                                3.12818
anon133                                  3.104
anon118                                3.25227
anon120                                3.27773
anon135                                3.08002
anon137                                3.05625
anon122                                3.30341
anon139                                3.03268
anon124                                3.32931
anon141                                3.00931
anon126                                3.35543
anon143                                2.98615
anon144                                2.80786
anon130                                2.82948
anon145                                2.78643
anon147                                2.76519
anon132                                2.85128
anon134                                2.87328
anon149                                2.74413
anon151                                2.72326
anon136                                2.89546
anon138                                2.91784
anon153                                2.70256
anon155                                2.68205
anon140                                2.94041
anon157                                2.66172
anon142                                2.96318
anon159                                2.64156
anon160                                2.48653
anon146                                2.50532
anon161                                2.46791
anon163                                2.44946
anon148                                2.52427
anon165                                2.43117
anon150                                2.54339
anon152                                2.56268
anon167                                2.41304
anon154                                2.58214
anon169                                2.39507
anon171                                2.37726
anon156                                2.60177
anon158                                2.62158
anon173                                2.35961
anon175                                2.34212
anon176                                 2.2077
anon162                                2.22397
anon177                                2.19157
anon164                                 2.2404
anon179                                2.17559
anon181                                2.15975
anon166                                2.25697
anon168                                2.27369
anon183                                2.14406
anon170                                2.29057
anon185                                2.12851
anon187                                 2.1131
anon172                                 2.3076
anon174                                2.32478
anon189                                2.09783
anon191                                 2.0827
anon192                                 1.9666
anon193                                1.95268
anon178                                1.98064
anon195                                 1.9389
anon180                                1.99482
anon182                                2.00913
anon197                                1.92525
anon184                                2.02357
anon199                                1.91172
anon201                                1.89832
anon186                                2.03815
anon188                                2.05286
anon203                                1.88505
anon190                                2.06771
anon205                                 1.8719
anon207                                1.85888
anon208                                1.75911
anon209                                1.74717
anon194                                1.77116
anon211                                1.73535
anon196                                1.78333
anon198                                1.79562
anon213                                1.72365
anon215                                1.71206
anon200                                1.80803
anon202                                1.82056
anon217                                1.70058
anon219                                1.68922
anon204                                1.83321
anon221                                1.67797
anon206                                1.84599
anon223                                1.66683
anon224                                1.58168
anon210                                1.59195
anon225                                1.57152
anon227                                1.56146
anon212                                1.60232
anon214                                 1.6128
anon229                                 1.5515
anon231                                1.54165
anon216                                1.62339
anon218                                1.63409
anon233                                1.53191
anon235                                1.52226
anon220                                1.64489
anon237                                1.51272
anon222                                1.65581
anon239                                1.50327
anon240                                1.43128
anon241                                1.42272
anon226                                1.43994
anon243                                1.41425
anon228                                 1.4487
anon230                                1.45755
anon245                                1.40588
anon247                                 1.3976
anon232                                 1.4665
anon249                                1.38941
anon234                                1.47554
anon236                                1.48469
anon251                                1.38132
anon253                                1.37332
anon238                                1.49393
anon255                                 1.3654
anon256                                1.30535
anon242                                1.31255
anon257                                1.29824
anon244                                1.31983
anon259                                1.29122
anon261                                1.28428
anon246                                1.32721
anon263                                1.27743
anon248                                1.33467
anon265                                1.27066
anon250                                1.34222
anon252                                1.34986
anon267                                1.26398
anon269                                1.25738
anon254                                1.35758
anon271                                1.25087
anon272                                1.20173
anon273                                1.19595
anon258                                1.20759
anon275                                1.19025
anon260                                1.21353
anon262                                1.21955
anon277                                1.18463
anon279                                1.17909
anon264                                1.22565
anon281                                1.17363
anon266                                1.23183
anon268                                1.23809
anon283                                1.16825
anon285                                1.16294
anon270                                1.24444
anon287                                1.15772
anon274                                1.12326
anon276                                1.12796
anon278                                1.13273
anon280                                1.13757
anon282                                 1.1425
anon284                                1.14749
anon286                                1.15257
vin#branch                        -3.17637e-22
vgnd_logic#branch                  2.71263e-05
vsup_drv#branch                   -2.79191e-05
vsup_logic#branch                 -6.80875e-09

 Reference value :  1.22456e-08
 Reference value :  3.19770e-08
 Reference value :  5.64970e-08
 Reference value :  7.73784e-08
 Reference value :  1.00383e-07
 Reference value :  1.21217e-07
 Reference value :  1.42080e-07
 Reference value :  1.65758e-07
 Reference value :  1.87157e-07
No. of Data Rows : 10333
mq1                 =  3.30282e+00 at=  1.41296e-07
mq2                 =  3.30000e+00 at=  2.00000e-07
mq3                 =  3.30000e+00 at=  1.80000e-07
mq4                 =  3.30034e+00 at=  1.01225e-07
mq5                 =  3.32842e+00 at=  1.80084e-07
mq6                 =  3.32861e+00 at=  1.80084e-07
na_peak             =  2.38375e+00 at=  2.00958e-08
nb_peak             =  2.32652e+00 at=  1.40783e-07
mvc1                =  1.34201e+00 at=  6.10801e-08
mvc2                =  1.34643e+00 at=  6.10801e-08
mvc3                =  1.35304e+00 at=  1.41080e-07
mvc4                =  1.36186e+00 at=  1.41080e-07
vccomp_stack        =  5.39452e+00 at=  6.10801e-08
t_plh               =  7.82139e-10 targ=  2.10321e-08 trig=  2.02500e-08
t_phl               =  4.53265e-10 targ=  6.12033e-08 trig=  6.07500e-08
vout_hi_abs         =  5.99999e+00
vout_lo_abs         =  1.27758e-06
vdrv_now            =  6.00000e+00
m_vgate_thinox_max = 3.3286070000e+00
m_vna_peak = 2.3837480000e+00
m_vnb_peak = 2.3265190000e+00
m_vccomp_dev_max = 1.3618580000e+00
m_vccomp_stack_max = 5.3945220000e+00
m_t_plh_ns = 7.8213920000e-01
m_t_phl_ns = 4.5326540000e-01
m_vout_hi_ratio = 9.9999833333e-01
m_vout_lo_ratio = 2.1293050000e-07
Note: Simulation executed from .control section 

Warning: singular matrix:  check node anon293

Note: Starting dynamic gmin stepping
Warning: singular matrix:  check node anon293

Warning: Dynamic gmin stepping failed
Note: Starting true gmin stepping
Warning: singular matrix:  check node anon293

Warning: singular matrix:  check node anon293

Warning: singular matrix:  check node anon293

Warning: singular matrix:  check node anon293

Warning: True gmin stepping failed
Note: Starting source stepping
Warning: source stepping failed
Note: Transient op started
Note: Transient op finished successfully
