
Note: No compatibility mode selected!


Circuit: * level-shifter-oxide-safety-postlayout @ sf_27c_vlogic3p63v-vdrv5p50v -- generated by sim/harness, do not edit

Doing analysis at TEMP = 27.000000 and TNOM = 27.000000

Using SPARSE 1.3 as Direct Linear Solver

Initial Transient Solution
--------------------------

Node                                   Voltage
----                                   -------
x1_inb                                    3.63
in                                           0
gnd_logic                                    0
x1_na                                  2.44369
x1_nb                              4.35244e-07
gnd_drv                            2.27716e-08
x2_n3                                      5.5
x2_n4                              2.71345e-06
x2_n5                                      5.5
out                                2.87652e-06
x3_lockout                         2.54384e-06
in_drv                             8.58968e-07
x1_nbuf1                               5.49999
x1_ncb                             1.26331e-06
x1_nca                                 5.49996
vdd_logic                                 3.63
x2_n1                                  5.49998
x2_n2                              1.59406e-06
x3_ncompn                              5.49641
x3_nref                               0.858832
x3_ntail                              0.155152
x3_ncompp                              4.63422
x3_ndiv                                1.02543
x3_uvlo_ok                              5.4998
vdd_drv                                    5.5
anon293                             1.7584e-07
anon294                           -1.81585e-07
anon295                             5.4359e-08
anon22                                 5.11183
anon23                                 4.72401
anon26                                  4.3365
anon27                                 3.94928
anon30                                 3.56232
anon31                                  3.1756
anon21                                 1.24467
anon24                                 1.63059
anon25                                 2.01661
anon28                                 2.40277
anon29                                  2.7891
anon32                                 5.21873
anon33                                 4.93774
anon34                                 4.65702
anon35                                 4.37656
anon36                                 4.09634
anon37                                 3.81635
anon38                                 3.53657
anon39                                 3.25698
anon40                                 1.30401
anon42                                 1.58267
anon44                                 1.86141
anon45                                 2.14026
anon46                                 2.41922
anon47                                 2.69832
anon48                                 2.97757
anon49                                 5.45566
anon41                                0.683579
anon50                                 5.41189
anon43                                0.341778
anon51                                 5.36848
anon52                                 5.32543
anon53                                 5.28273
anon54                                 5.24039
anon55                                 5.19839
anon56                                 5.15674
anon57                                  4.8357
anon59                                 4.87467
anon60                                 4.91397
anon63                                  4.9536
anon65                                 4.99356
anon66                                 5.03385
anon69                                 5.07447
anon71                                 5.11544
anon58                                 4.79704
anon61                                 4.75871
anon62                                  4.7207
anon64                                 4.68299
anon67                                 4.64561
anon68                                 4.60853
anon70                                 4.57176
anon72                                 4.53529
anon73                                 4.25424
anon74                                 4.28835
anon76                                 4.32275
anon78                                 4.35744
anon81                                 4.39242
anon82                                 4.42769
anon84                                 4.46326
anon86                                 4.49912
anon75                                 4.22041
anon77                                 4.18686
anon79                                 4.15359
anon80                                  4.1206
anon83                                 4.08788
anon85                                 4.05543
anon87                                 4.02326
anon88                                 3.99135
anon89                                 3.74549
anon90                                 3.77533
anon91                                  3.7159
anon93                                 3.80542
anon94                                 3.68656
anon96                                 3.83576
anon97                                 3.65747
anon100                                3.86636
anon99                                 3.62862
anon102                                3.60001
anon103                                3.89721
anon105                                3.92833
anon106                                3.57165
anon108                                3.95971
anon109                                3.54352
anon111                                3.51562
anon112                                3.30076
anon113                                3.27491
anon92                                 3.32683
anon115                                3.24928
anon95                                 3.35312
anon117                                3.22386
anon98                                 3.37963
anon101                                3.40637
anon119                                3.19866
anon121                                3.17368
anon104                                3.43334
anon107                                3.46054
anon123                                 3.1489
anon110                                3.48796
anon125                                3.12434
anon127                                3.09998
anon128                                2.91244
anon114                                2.93518
anon129                                2.88988
anon116                                2.95813
anon131                                2.86752
anon133                                2.84535
anon118                                2.98127
anon120                                3.00461
anon135                                2.82337
anon137                                2.80158
anon122                                3.02815
anon139                                2.77998
anon124                                3.05189
anon141                                2.75856
anon126                                3.07583
anon143                                2.73732
anon144                                2.57389
anon130                                 2.5937
anon145                                2.55425
anon147                                2.53478
anon132                                2.61369
anon134                                2.63385
anon149                                2.51547
anon151                                2.49634
anon136                                2.65419
anon138                                 2.6747
anon153                                2.47737
anon155                                2.45856
anon140                                 2.6954
anon157                                2.43992
anon142                                2.71627
anon159                                2.42145
anon160                                2.27934
anon146                                2.29655
anon161                                2.26227
anon163                                2.24535
anon148                                2.31393
anon165                                2.22858
anon150                                2.33145
anon152                                2.34914
anon167                                2.21196
anon154                                2.36698
anon169                                2.19549
anon171                                2.17917
anon156                                2.38497
anon158                                2.40313
anon173                                2.16299
anon175                                2.14695
anon176                                2.02374
anon162                                2.03865
anon177                                2.00895
anon164                                2.05371
anon179                                 1.9943
anon181                                1.97978
anon166                                 2.0689
anon168                                2.08423
anon183                                 1.9654
anon170                                 2.0997
anon185                                1.95114
anon187                                1.93702
anon172                                2.11531
anon174                                2.13106
anon189                                1.92302
anon191                                1.90916
anon192                                1.80272
anon193                                1.78997
anon178                                 1.8156
anon195                                1.77733
anon180                                1.82859
anon182                                1.84171
anon197                                1.76482
anon184                                1.85495
anon199                                1.75242
anon201                                1.74014
anon186                                1.86831
anon188                                 1.8818
anon203                                1.72797
anon190                                1.89542
anon205                                1.71592
anon207                                1.70399
anon208                                1.61252
anon209                                1.60158
anon194                                1.62357
anon211                                1.59075
anon196                                1.63473
anon198                                1.64599
anon213                                1.58002
anon215                                1.56939
anon200                                1.65737
anon202                                1.66886
anon217                                1.55887
anon219                                1.54846
anon204                                1.68045
anon221                                1.53815
anon206                                1.69216
anon223                                1.52794
anon224                                1.44988
anon210                                1.45929
anon225                                1.44056
anon227                                1.43134
anon212                                 1.4688
anon214                                1.47841
anon229                                1.42222
anon231                                1.41319
anon216                                1.48812
anon218                                1.49792
anon233                                1.40425
anon235                                1.39541
anon220                                1.50783
anon237                                1.38666
anon222                                1.51783
anon239                                1.37801
anon240                                1.31202
anon241                                1.30417
anon226                                1.31995
anon243                                 1.2964
anon228                                1.32798
anon230                                1.33609
anon245                                1.28873
anon247                                1.28114
anon232                                1.34429
anon249                                1.27363
anon234                                1.35259
anon236                                1.36097
anon251                                1.26621
anon253                                1.25888
anon238                                1.36944
anon255                                1.25162
anon256                                1.19658
anon242                                1.20317
anon257                                1.19006
anon244                                1.20985
anon259                                1.18362
anon261                                1.17726
anon246                                1.21661
anon263                                1.17098
anon248                                1.22345
anon265                                1.16478
anon250                                1.23037
anon252                                1.23737
anon267                                1.15865
anon269                                1.15261
anon254                                1.24446
anon271                                1.14663
anon272                                1.10159
anon273                                1.09629
anon258                                1.10696
anon275                                1.09107
anon260                                 1.1124
anon262                                1.11792
anon277                                1.08592
anon279                                1.08084
anon264                                1.12351
anon281                                1.07583
anon266                                1.12918
anon268                                1.13492
anon283                                 1.0709
anon285                                1.06603
anon270                                1.14074
anon287                                1.06124
anon274                                1.02966
anon276                                1.03396
anon278                                1.03834
anon280                                1.04278
anon282                                1.04729
anon284                                1.05187
anon286                                1.05652
vin#branch                         3.17637e-22
vgnd_logic#branch                  2.27832e-05
vsup_drv#branch                   -2.35105e-05
vsup_logic#branch                 -7.26061e-09

 Reference value :  1.37456e-08
 Reference value :  3.33553e-08
 Reference value :  5.75553e-08
 Reference value :  7.56920e-08
 Reference value :  9.86920e-08
 Reference value :  1.16979e-07
 Reference value :  1.40339e-07
 Reference value :  1.61932e-07
 Reference value :  1.83989e-07
No. of Data Rows : 10433
mq1                 =  3.63391e+00 at=  1.41188e-07
mq2                 =  3.63000e+00 at=  2.00000e-07
mq3                 =  3.63000e+00 at=  1.80000e-07
mq4                 =  3.63031e+00 at=  1.01130e-07
mq5                 =  3.65562e+00 at=  1.00087e-07
mq6                 =  3.65568e+00 at=  1.00087e-07
na_peak             =  2.54332e+00 at=  2.00917e-08
nb_peak             =  2.51242e+00 at=  1.40779e-07
mvc1                =  1.29055e+00 at=  6.10011e-08
mvc2                =  1.29460e+00 at=  6.10011e-08
mvc3                =  1.30037e+00 at=  1.41002e-07
mvc4                =  1.30845e+00 at=  1.41002e-07
vccomp_stack        =  5.18647e+00 at=  6.10011e-08
t_plh               =  7.53917e-10 targ=  2.09812e-08 trig=  2.02273e-08
t_phl               =  3.39540e-10 targ=  6.11123e-08 trig=  6.07727e-08
vout_hi_abs         =  5.49999e+00
vout_lo_abs         =  8.58968e-07
vdrv_now            =  5.50000e+00
m_vgate_thinox_max = 3.6556830000e+00
m_vna_peak = 2.5433170000e+00
m_vnb_peak = 2.5124170000e+00
m_vccomp_dev_max = 1.3084480000e+00
m_vccomp_stack_max = 5.1864730000e+00
m_t_plh_ns = 7.5391670000e-01
m_t_phl_ns = 3.3954030000e-01
m_vout_hi_ratio = 9.9999854545e-01
m_vout_lo_ratio = 1.5617600000e-07
Note: Simulation executed from .control section 

Warning: singular matrix:  check node anon293

Note: Starting dynamic gmin stepping
Warning: singular matrix:  check node anon293

Warning: Dynamic gmin stepping failed
Note: Starting true gmin stepping
Warning: singular matrix:  check node anon293

Warning: singular matrix:  check node anon293

Warning: singular matrix:  check node anon293

Warning: singular matrix:  check node anon293

Warning: True gmin stepping failed
Note: Starting source stepping
Warning: source stepping failed
Note: Transient op started
Note: Transient op finished successfully
