
Note: No compatibility mode selected!


Circuit: * level-shifter-oxide-safety-postlayout @ ss_125c_vlogic3p30v-vdrv6p00v -- generated by sim/harness, do not edit

Doing analysis at TEMP = 125.000000 and TNOM = 27.000000

Using SPARSE 1.3 as Direct Linear Solver

Initial Transient Solution
--------------------------

Node                                   Voltage
----                                   -------
x1_inb                                     3.3
in                                           0
gnd_logic                                    0
x1_na                                  2.26464
x1_nb                              6.57627e-07
gnd_drv                            2.67082e-08
x2_n3                                        6
x2_n4                              4.20016e-06
x2_n5                                        6
out                                4.45309e-06
x3_lockout                         3.93921e-06
in_drv                             1.32366e-06
x1_nbuf1                               5.99998
x1_ncb                             2.09042e-06
x1_nca                                 5.99994
vdd_logic                                  3.3
x2_n1                                  5.99997
x2_n2                              2.46487e-06
x3_ncompn                              5.99879
x3_nref                               0.809785
x3_ntail                              0.249874
x3_ncompp                              4.96085
x3_ndiv                                1.11864
x3_uvlo_ok                             5.99965
vdd_drv                                      6
anon293                            3.39833e-07
anon294                            -2.6123e-07
anon295                            7.76276e-08
anon22                                 5.56597
anon23                                 5.13231
anon26                                   4.699
anon27                                 4.26599
anon30                                 3.83327
anon31                                 3.40081
anon21                                 1.24132
anon24                                 1.67294
anon25                                 2.10467
anon28                                 2.53654
anon29                                 2.96857
anon32                                 5.69316
anon33                                 5.38662
anon34                                 5.08039
anon35                                 4.77443
anon36                                 4.46874
anon37                                 4.16329
anon38                                 3.85807
anon39                                 3.55307
anon40                                 1.42256
anon42                                 1.72655
anon44                                 2.03063
anon45                                 2.33483
anon46                                 2.63915
anon47                                 2.94362
anon48                                 3.24826
anon49                                  5.9515
anon41                                0.745722
anon50                                 5.90375
anon43                                0.372848
anon51                                  5.8564
anon52                                 5.80943
anon53                                 5.76286
anon54                                 5.71666
anon55                                 5.67085
anon56                                 5.62542
anon57                                 5.27519
anon59                                 5.31771
anon60                                 5.36058
anon63                                 5.40381
anon65                                  5.4474
anon66                                 5.49135
anon69                                 5.53567
anon71                                 5.58036
anon58                                 5.23303
anon61                                 5.19121
anon62                                 5.14974
anon64                                 5.10861
anon67                                 5.06782
anon68                                 5.02738
anon70                                 4.98726
anon72                                 4.94748
anon73                                 4.64089
anon74                                  4.6781
anon76                                 4.71563
anon78                                 4.75347
anon81                                 4.79163
anon82                                 4.83011
anon84                                 4.86891
anon86                                 4.90803
anon75                                 4.60398
anon77                                 4.56739
anon79                                 4.53109
anon80                                  4.4951
anon83                                 4.45941
anon85                                 4.42401
anon87                                 4.38891
anon88                                  4.3541
anon89                                  4.0859
anon90                                 4.11845
anon91                                 4.05363
anon93                                 4.15128
anon94                                 4.02162
anon96                                 4.18438
anon97                                 3.98988
anon100                                4.21775
anon99                                 3.95841
anon102                                 3.9272
anon103                                4.25141
anon105                                4.28536
anon106                                3.89626
anon108                                4.31959
anon109                                3.86557
anon111                                3.83514
anon112                                3.60075
anon113                                3.57255
anon92                                 3.62919
anon115                                3.54459
anon95                                 3.65787
anon117                                3.51687
anon98                                  3.6868
anon101                                3.71597
anon119                                3.48938
anon121                                3.46212
anon104                                3.74538
anon107                                3.77505
anon123                                 3.4351
anon110                                3.80497
anon125                                 3.4083
anon127                                3.38173
anon128                                3.17714
anon114                                3.20195
anon129                                3.15254
anon116                                3.22698
anon131                                3.12814
anon133                                3.10396
anon118                                3.25222
anon120                                3.27768
anon135                                3.07998
anon137                                3.05621
anon122                                3.30336
anon139                                3.03264
anon124                                3.32926
anon141                                3.00927
anon126                                3.35538
anon143                                2.98611
anon144                                2.80783
anon130                                2.82944
anon145                                 2.7864
anon147                                2.76516
anon132                                2.85124
anon134                                2.87324
anon149                                 2.7441
anon151                                2.72322
anon136                                2.89542
anon138                                 2.9178
anon153                                2.70253
anon155                                2.68202
anon140                                2.94037
anon157                                2.66168
anon142                                2.96314
anon159                                2.64153
anon160                                 2.4865
anon146                                2.50528
anon161                                2.46788
anon163                                2.44943
anon148                                2.52424
anon165                                2.43114
anon150                                2.54336
anon152                                2.56265
anon167                                2.41301
anon154                                2.58211
anon169                                2.39504
anon171                                2.37723
anon156                                2.60174
anon158                                2.62154
anon173                                2.35958
anon175                                2.34209
anon176                                2.20767
anon162                                2.22395
anon177                                2.19154
anon164                                2.24037
anon179                                2.17556
anon181                                2.15972
anon166                                2.25694
anon168                                2.27367
anon183                                2.14403
anon170                                2.29054
anon185                                2.12848
anon187                                2.11307
anon172                                2.30757
anon174                                2.32475
anon189                                2.09781
anon191                                2.08268
anon192                                1.96657
anon193                                1.95266
anon178                                1.98062
anon195                                1.93888
anon180                                1.99479
anon182                                 2.0091
anon197                                1.92522
anon184                                2.02355
anon199                                 1.9117
anon201                                 1.8983
anon186                                2.03813
anon188                                2.05284
anon203                                1.88503
anon190                                2.06769
anon205                                1.87188
anon207                                1.85886
anon208                                1.75909
anon209                                1.74715
anon194                                1.77114
anon211                                1.73533
anon196                                1.78331
anon198                                 1.7956
anon213                                1.72363
anon215                                1.71204
anon200                                1.80801
anon202                                1.82054
anon217                                1.70057
anon219                                 1.6892
anon204                                1.83319
anon221                                1.67796
anon206                                1.84597
anon223                                1.66682
anon224                                1.58166
anon210                                1.59193
anon225                                 1.5715
anon227                                1.56144
anon212                                1.60231
anon214                                1.61279
anon229                                1.55149
anon231                                1.54164
anon216                                1.62338
anon218                                1.63407
anon233                                1.53189
anon235                                1.52225
anon220                                1.64488
anon237                                 1.5127
anon222                                1.65579
anon239                                1.50326
anon240                                1.43127
anon241                                1.42271
anon226                                1.43993
anon243                                1.41424
anon228                                1.44869
anon230                                1.45754
anon245                                1.40587
anon247                                1.39759
anon232                                1.46649
anon249                                 1.3894
anon234                                1.47553
anon236                                1.48468
anon251                                1.38131
anon253                                1.37331
anon238                                1.49392
anon255                                 1.3654
anon256                                1.30535
anon242                                1.31254
anon257                                1.29824
anon244                                1.31983
anon259                                1.29121
anon261                                1.28428
anon246                                 1.3272
anon263                                1.27742
anon248                                1.33466
anon265                                1.27066
anon250                                1.34221
anon252                                1.34985
anon267                                1.26398
anon269                                1.25738
anon254                                1.35758
anon271                                1.25087
anon272                                1.20173
anon273                                1.19595
anon258                                1.20758
anon275                                1.19025
anon260                                1.21352
anon262                                1.21954
anon277                                1.18463
anon279                                1.17909
anon264                                1.22564
anon281                                1.17363
anon266                                1.23182
anon268                                1.23809
anon283                                1.16825
anon285                                1.16294
anon270                                1.24444
anon287                                1.15771
anon274                                1.12326
anon276                                1.12796
anon278                                1.13273
anon280                                1.13757
anon282                                1.14249
anon284                                1.14749
anon286                                1.15256
vin#branch                        -2.32934e-21
vgnd_logic#branch                  2.67202e-05
vsup_drv#branch                   -2.75129e-05
vsup_logic#branch                 -6.72427e-09

 Reference value :  1.53256e-08
 Reference value :  3.80951e-08
 Reference value :  6.12570e-08
 Reference value :  8.25567e-08
 Reference value :  1.02642e-07
 Reference value :  1.26574e-07
 Reference value :  1.47694e-07
 Reference value :  1.72014e-07
 Reference value :  1.91997e-07
No. of Data Rows : 10278
mq1                 =  3.30383e+00 at=  6.14168e-08
mq2                 =  3.30000e+00 at=  2.00000e-07
mq3                 =  3.30000e+00 at=  1.80000e-07
mq4                 =  3.30017e+00 at=  1.01509e-07
mq5                 =  3.33499e+00 at=  2.00946e-08
mq6                 =  3.33520e+00 at=  2.00946e-08
na_peak             =  2.35783e+00 at=  2.00946e-08
nb_peak             =  2.29771e+00 at=  6.08221e-08
mvc1                =  1.39398e+00 at=  6.11400e-08
mvc2                =  1.39839e+00 at=  6.11400e-08
mvc3                =  1.40599e+00 at=  1.41147e-07
mvc4                =  1.41477e+00 at=  1.41147e-07
vccomp_stack        =  5.60635e+00 at=  1.41147e-07
t_plh               =  1.00043e-09 targ=  2.12504e-08 trig=  2.02500e-08
t_phl               =  5.59624e-10 targ=  6.13096e-08 trig=  6.07500e-08
vout_hi_abs         =  5.99999e+00
vout_lo_abs         =  1.32366e-06
vdrv_now            =  6.00000e+00
m_vgate_thinox_max = 3.3351950000e+00
m_vna_peak = 2.3578250000e+00
m_vnb_peak = 2.2977070000e+00
m_vccomp_dev_max = 1.4147720000e+00
m_vccomp_stack_max = 5.6063520000e+00
m_t_plh_ns = 1.0004310000e+00
m_t_phl_ns = 5.5962360000e-01
m_vout_hi_ratio = 9.9999783333e-01
m_vout_lo_ratio = 2.2061016667e-07
Note: Simulation executed from .control section 

Warning: singular matrix:  check node anon293

Note: Starting dynamic gmin stepping
Warning: singular matrix:  check node anon295

Warning: Dynamic gmin stepping failed
Note: Starting true gmin stepping
Warning: singular matrix:  check node anon295

Warning: singular matrix:  check node anon295

Warning: singular matrix:  check node anon295

Warning: singular matrix:  check node anon295

Warning: True gmin stepping failed
Note: Starting source stepping
Warning: source stepping failed
Note: Transient op started
Note: Transient op finished successfully
