
Note: No compatibility mode selected!


Circuit: * level-shifter-oxide-safety-postlayout @ ss_125c_vlogic2p97v-vdrv4p50v -- generated by sim/harness, do not edit

Doing analysis at TEMP = 125.000000 and TNOM = 27.000000

Using SPARSE 1.3 as Direct Linear Solver

Initial Transient Solution
--------------------------

Node                                   Voltage
----                                   -------
x1_inb                                    2.97
in                                           0
gnd_logic                                    0
x1_na                                  1.98475
x1_nb                               5.2621e-07
gnd_drv                            1.80702e-08
x2_n3                                      4.5
x2_n4                              3.65609e-06
x2_n5                                      4.5
out                                3.87657e-06
x3_lockout                         3.45859e-06
in_drv                             1.14852e-06
x1_nbuf1                               4.49998
x1_ncb                             1.71166e-06
x1_nca                                 4.49994
vdd_logic                                 2.97
x2_n1                                  4.49997
x2_n2                              2.14385e-06
x3_ncompn                              4.44369
x3_nref                               0.784246
x3_ntail                             0.0896321
x3_ncompp                              3.55228
x3_ndiv                               0.838983
x3_uvlo_ok                             4.49967
vdd_drv                                    4.5
anon293                            2.09995e-07
anon294                           -2.92575e-07
anon295                            2.71986e-08
anon22                                  4.1892
anon23                                 3.87867
anon26                                 3.56841
anon27                                 3.25838
anon30                                 2.94857
anon31                                 2.63896
anon21                                 1.09311
anon24                                 1.40205
anon25                                 1.71109
anon28                                 2.02024
anon29                                 2.32952
anon32                                 4.26987
anon33                                 4.03997
anon34                                 3.81029
anon35                                 3.58082
anon36                                 3.35155
anon37                                 3.12247
anon38                                 2.89355
anon39                                  2.6648
anon40                                 1.06692
anon42                                 1.29491
anon44                                 1.52297
anon45                                 1.75112
anon46                                 1.97937
anon47                                 2.20772
anon48                                 2.43619
anon49                                 4.46356
anon41                                0.559291
anon50                                 4.42775
anon43                                0.279636
anon51                                 4.39223
anon52                                 4.35701
anon53                                 4.32207
anon54                                 4.28743
anon55                                 4.25307
anon56                                   4.219
anon57                                 3.95633
anon59                                 3.98822
anon60                                 4.02037
anon63                                 4.05279
anon65                                 4.08548
anon66                                 4.11845
anon69                                 4.15169
anon71                                  4.1852
anon58                                 3.92471
anon61                                 3.89335
anon62                                 3.86224
anon64                                  3.8314
anon67                                 3.80081
anon68                                 3.77047
anon70                                 3.74039
anon72                                 3.71055
anon73                                 3.48061
anon74                                 3.50852
anon76                                 3.53667
anon78                                 3.56505
anon81                                 3.59367
anon82                                 3.62252
anon84                                 3.65162
anon86                                 3.68097
anon75                                 3.45293
anon77                                 3.42549
anon79                                 3.39827
anon80                                 3.37127
anon83                                  3.3445
anon85                                 3.31796
anon87                                 3.29163
anon88                                 3.26553
anon89                                 3.06438
anon90                                 3.08879
anon91                                 3.04018
anon93                                 3.11341
anon94                                 3.01617
anon96                                 3.13823
anon97                                 2.99237
anon100                                3.16327
anon99                                 2.96876
anon102                                2.94536
anon103                                3.18851
anon105                                3.21397
anon106                                2.92215
anon108                                3.23964
anon109                                2.89914
anon111                                2.87631
anon112                                2.70052
anon113                                2.67937
anon92                                 2.72185
anon115                                 2.6584
anon95                                 2.74336
anon117                                2.63761
anon98                                 2.76505
anon101                                2.78693
anon119                                  2.617
anon121                                2.59655
anon104                                  2.809
anon107                                2.83125
anon123                                2.57628
anon110                                2.85368
anon125                                2.55619
anon127                                2.53626
anon128                                2.38282
anon114                                2.40143
anon129                                2.36437
anon116                                 2.4202
anon131                                2.34607
anon133                                2.32793
anon118                                2.43913
anon120                                2.45823
anon135                                2.30995
anon137                                2.29212
anon122                                2.47749
anon139                                2.27445
anon124                                2.49691
anon141                                2.25692
anon126                                 2.5165
anon143                                2.23955
anon144                                2.10584
anon130                                2.12205
anon145                                2.08977
anon147                                2.07384
anon132                                 2.1384
anon134                                 2.1549
anon149                                2.05804
anon151                                2.04239
anon136                                2.17154
anon138                                2.18832
anon153                                2.02687
anon155                                2.01148
anon140                                2.20525
anon157                                1.99623
anon142                                2.22233
anon159                                1.98112
anon160                                1.86485
anon146                                1.87894
anon161                                1.85089
anon163                                1.83705
anon148                                1.89315
anon165                                1.82333
anon150                                1.90749
anon152                                1.92196
anon167                                1.80973
anon154                                1.93655
anon169                                1.79626
anon171                                 1.7829
anon156                                1.95128
anon158                                1.96613
anon173                                1.76966
anon175                                1.75654
anon176                                1.65573
anon162                                1.66794
anon177                                1.64364
anon164                                1.68026
anon179                                1.63165
anon181                                1.61977
anon166                                1.69269
anon168                                1.70523
anon183                                  1.608
anon170                                1.71788
anon185                                1.59634
anon187                                1.58478
anon172                                1.73065
anon174                                1.74354
anon189                                1.57333
anon191                                1.56199
anon192                                1.47491
anon193                                1.46448
anon178                                1.48545
anon195                                1.45414
anon180                                1.49608
anon182                                1.50681
anon197                                 1.4439
anon184                                1.51764
anon199                                1.43376
anon201                                1.42371
anon186                                1.52858
anon188                                1.53961
anon203                                1.41376
anon190                                1.55075
anon205                                 1.4039
anon207                                1.39413
anon208                                 1.3193
anon209                                1.31035
anon194                                1.32834
anon211                                1.30149
anon196                                1.33747
anon198                                1.34669
anon213                                1.29271
anon215                                1.28402
anon200                                1.35599
anon202                                1.36539
anon217                                1.27541
anon219                                1.26689
anon204                                1.37488
anon221                                1.25845
anon206                                1.38446
anon223                                 1.2501
anon224                                1.18624
anon210                                1.19394
anon225                                1.17862
anon227                                1.17107
anon212                                1.20172
anon214                                1.20958
anon229                                1.16361
anon231                                1.15622
anon216                                1.21752
anon218                                1.22554
anon233                                1.14891
anon235                                1.14168
anon220                                1.23365
anon237                                1.13452
anon222                                1.24183
anon239                                1.12744
anon240                                1.07345
anon241                                1.06703
anon226                                1.07994
anon243                                1.06067
anon228                                1.08651
anon230                                1.09314
anon245                                1.05439
anon247                                1.04818
anon232                                1.09986
anon249                                1.04204
anon234                                1.10664
anon236                                 1.1135
anon251                                1.03597
anon253                                1.02997
anon238                                1.12043
anon255                                1.02404
anon256                               0.979003
anon242                               0.984401
anon257                               0.973671
anon244                               0.989863
anon259                               0.968404
anon261                               0.963202
anon246                               0.995392
anon263                               0.958063
anon248                                1.00099
anon265                               0.952989
anon250                                1.00665
anon252                                1.01238
anon267                               0.947978
anon269                                0.94303
anon254                                1.01818
anon271                               0.938145
anon272                               0.901291
anon273                               0.896958
anon258                               0.905685
anon275                               0.892685
anon260                               0.910138
anon262                               0.914653
anon277                               0.888471
anon279                               0.884316
anon264                               0.919228
anon281                                0.88022
anon266                               0.923865
anon268                               0.928563
anon283                               0.876183
anon285                               0.872205
anon270                               0.933323
anon287                               0.868284
anon274                               0.842448
anon276                               0.845968
anon278                               0.849545
anon280                               0.853179
anon282                               0.856869
anon284                               0.860617
anon286                               0.864422
vin#branch                        -2.38228e-22
vgnd_logic#branch                    1.808e-05
vsup_drv#branch                   -1.86751e-05
vsup_logic#branch                 -6.04144e-09

 Reference value :  1.28656e-08
 Reference value :  3.37364e-08
 Reference value :  5.77964e-08
 Reference value :  7.75624e-08
 Reference value :  1.00269e-07
 Reference value :  1.21683e-07
 Reference value :  1.42081e-07
 Reference value :  1.65422e-07
 Reference value :  1.86583e-07
No. of Data Rows : 10199
mq1                 =  2.97277e+00 at=  1.41524e-07
mq2                 =  2.97000e+00 at=  2.00000e-07
mq3                 =  2.97000e+00 at=  1.80000e-07
mq4                 =  2.97009e+00 at=  2.19194e-08
mq5                 =  3.00517e+00 at=  1.80100e-07
mq6                 =  3.00544e+00 at=  1.80100e-07
na_peak             =  2.07449e+00 at=  2.00984e-08
nb_peak             =  2.01190e+00 at=  1.40833e-07
mvc1                =  1.07922e+00 at=  6.11818e-08
mvc2                =  1.08250e+00 at=  6.11818e-08
mvc3                =  1.08741e+00 at=  1.41182e-07
mvc4                =  1.09396e+00 at=  1.41182e-07
vccomp_stack        =  4.33654e+00 at=  6.11818e-08
t_plh               =  1.33124e-09 targ=  2.16090e-08 trig=  2.02778e-08
t_phl               =  6.51406e-10 targ=  6.13736e-08 trig=  6.07222e-08
vout_hi_abs         =  4.49999e+00
vout_lo_abs         =  1.14852e-06
vdrv_now            =  4.50000e+00
m_vgate_thinox_max = 3.0054350000e+00
m_vna_peak = 2.0744860000e+00
m_vnb_peak = 2.0118970000e+00
m_vccomp_dev_max = 1.0939560000e+00
m_vccomp_stack_max = 4.3365440000e+00
m_t_plh_ns = 1.3312390000e+00
m_t_phl_ns = 6.5140610000e-01
m_vout_hi_ratio = 9.9999711111e-01
m_vout_lo_ratio = 2.5522600000e-07
Note: Simulation executed from .control section 

Warning: singular matrix:  check node anon293

Note: Starting dynamic gmin stepping
Warning: singular matrix:  check node anon295

Warning: Dynamic gmin stepping failed
Note: Starting true gmin stepping
Warning: singular matrix:  check node anon295

Warning: singular matrix:  check node anon295

Warning: singular matrix:  check node anon295

Warning: singular matrix:  check node anon295

Warning: True gmin stepping failed
Note: Starting source stepping
Warning: source stepping failed
Note: Transient op started
Note: Transient op finished successfully
