
Note: No compatibility mode selected!


Circuit: * level-shifter-oxide-safety-postlayout @ ss_125c_vlogic3p63v-vdrv5p50v -- generated by sim/harness, do not edit

Doing analysis at TEMP = 125.000000 and TNOM = 27.000000

Using SPARSE 1.3 as Direct Linear Solver

Initial Transient Solution
--------------------------

Node                                   Voltage
----                                   -------
x1_inb                                    3.63
in                                           0
gnd_logic                                    0
x1_na                                  2.52378
x1_nb                              5.72319e-07
gnd_drv                            2.37842e-08
x2_n3                                      5.5
x2_n4                              3.99737e-06
x2_n5                                      5.5
out                                4.23819e-06
x3_lockout                         3.75084e-06
in_drv                             1.25857e-06
x1_nbuf1                               5.49998
x1_ncb                             1.78311e-06
x1_nca                                 5.49993
vdd_logic                                 3.63
x2_n1                                  5.49997
x2_n2                              2.34534e-06
x3_ncompn                              5.49539
x3_nref                                0.80199
x3_ntail                               0.18895
x3_ncompp                              4.48088
x3_ndiv                                1.02542
x3_uvlo_ok                             5.49966
vdd_drv                                    5.5
anon293                            2.01354e-07
anon294                           -3.17361e-07
anon295                            4.13979e-08
anon22                                 5.10711
anon23                                 4.71455
anon26                                 4.32231
anon27                                 3.93036
anon30                                 3.53867
anon31                                 3.14722
anon21                                 1.19258
anon24                                 1.58324
anon25                                 1.97401
anon28                                 2.36491
anon29                                 2.75597
anon32                                 5.21873
anon33                                 4.93774
anon34                                 4.65702
anon35                                 4.37656
anon36                                 4.09634
anon37                                 3.81635
anon38                                 3.53657
anon39                                 3.25698
anon40                                 1.30401
anon42                                 1.58267
anon44                                 1.86141
anon45                                 2.14026
anon46                                 2.41922
anon47                                 2.69832
anon48                                 2.97757
anon49                                 5.45552
anon41                                0.683578
anon50                                 5.41175
anon43                                0.341778
anon51                                 5.36834
anon52                                 5.32529
anon53                                  5.2826
anon54                                 5.24025
anon55                                 5.19826
anon56                                 5.15661
anon57                                 4.83557
anon59                                 4.87455
anon60                                 4.91384
anon63                                 4.95347
anon65                                 4.99343
anon66                                 5.03372
anon69                                 5.07434
anon71                                  5.1153
anon58                                 4.79692
anon61                                 4.75859
anon62                                 4.72057
anon64                                 4.68287
anon67                                 4.64549
anon68                                 4.60841
anon70                                 4.57164
anon72                                 4.53517
anon73                                 4.25413
anon74                                 4.28824
anon76                                 4.32264
anon78                                 4.35733
anon81                                 4.39231
anon82                                 4.42758
anon84                                 4.46315
anon86                                 4.49901
anon75                                  4.2203
anon77                                 4.18675
anon79                                 4.15348
anon80                                 4.12049
anon83                                 4.08777
anon85                                 4.05533
anon87                                 4.02315
anon88                                 3.99125
anon89                                  3.7454
anon90                                 3.77523
anon91                                 3.71581
anon93                                 3.80532
anon94                                 3.68647
anon96                                 3.83566
anon97                                 3.65738
anon100                                3.86626
anon99                                 3.62853
anon102                                3.59992
anon103                                3.89711
anon105                                3.92823
anon106                                3.57156
anon108                                3.95961
anon109                                3.54343
anon111                                3.51553
anon112                                3.30068
anon113                                3.27483
anon92                                 3.32674
anon115                                 3.2492
anon95                                 3.35303
anon117                                3.22378
anon98                                 3.37955
anon101                                3.40629
anon119                                3.19858
anon121                                 3.1736
anon104                                3.43325
anon107                                3.46045
anon123                                3.14882
anon110                                3.48788
anon125                                3.12426
anon127                                3.09991
anon128                                2.91237
anon114                                2.93511
anon129                                2.88981
anon116                                2.95805
anon131                                2.86745
anon133                                2.84528
anon118                                2.98119
anon120                                3.00453
anon135                                 2.8233
anon137                                2.80151
anon122                                3.02807
anon139                                2.77991
anon124                                3.05181
anon141                                2.75849
anon126                                3.07576
anon143                                2.73726
anon144                                2.57383
anon130                                2.59364
anon145                                2.55419
anon147                                2.53472
anon132                                2.61363
anon134                                2.63379
anon149                                2.51541
anon151                                2.49628
anon136                                2.65413
anon138                                2.67464
anon153                                2.47731
anon155                                2.45851
anon140                                2.69533
anon157                                2.43987
anon142                                 2.7162
anon159                                2.42139
anon160                                2.27928
anon146                                 2.2965
anon161                                2.26222
anon163                                 2.2453
anon148                                2.31388
anon165                                2.22853
anon150                                 2.3314
anon152                                2.34908
anon167                                2.21192
anon154                                2.36692
anon169                                2.19544
anon171                                2.17912
anon156                                2.38492
anon158                                2.40307
anon173                                2.16294
anon175                                2.14691
anon176                                2.02369
anon162                                2.03861
anon177                                2.00891
anon164                                2.05367
anon179                                1.99426
anon181                                1.97974
anon166                                2.06886
anon168                                2.08419
anon183                                1.96536
anon170                                2.09966
anon185                                 1.9511
anon187                                1.93698
anon172                                2.11526
anon174                                2.13101
anon189                                1.92298
anon191                                1.90912
anon192                                1.80269
anon193                                1.78993
anon178                                1.81556
anon195                                 1.7773
anon180                                1.82856
anon182                                1.84167
anon197                                1.76478
anon184                                1.85491
anon199                                1.75239
anon201                                 1.7401
anon186                                1.86828
anon188                                1.88176
anon203                                1.72794
anon190                                1.89538
anon205                                1.71589
anon207                                1.70395
anon208                                1.61249
anon209                                1.60155
anon194                                1.62354
anon211                                1.59072
anon196                                 1.6347
anon198                                1.64596
anon213                                1.57999
anon215                                1.56937
anon200                                1.65734
anon202                                1.66882
anon217                                1.55885
anon219                                1.54843
anon204                                1.68042
anon221                                1.53812
anon206                                1.69213
anon223                                1.52791
anon224                                1.44986
anon210                                1.45927
anon225                                1.44054
anon227                                1.43132
anon212                                1.46878
anon214                                1.47838
anon229                                 1.4222
anon231                                1.41317
anon216                                1.48809
anon218                                 1.4979
anon233                                1.40423
anon235                                1.39539
anon220                                 1.5078
anon237                                1.38664
anon222                                1.51781
anon239                                1.37799
anon240                                  1.312
anon241                                1.30415
anon226                                1.31994
anon243                                1.29639
anon228                                1.32796
anon230                                1.33607
anon245                                1.28871
anon247                                1.28112
anon232                                1.34428
anon249                                1.27362
anon234                                1.35257
anon236                                1.36095
anon251                                 1.2662
anon253                                1.25886
anon238                                1.36942
anon255                                1.25161
anon256                                1.19656
anon242                                1.20316
anon257                                1.19005
anon244                                1.20984
anon259                                1.18361
anon261                                1.17725
anon246                                 1.2166
anon263                                1.17097
anon248                                1.22343
anon265                                1.16477
anon250                                1.23036
anon252                                1.23736
anon267                                1.15864
anon269                                 1.1526
anon254                                1.24444
anon271                                1.14663
anon272                                1.10158
anon273                                1.09628
anon258                                1.10695
anon275                                1.09106
anon260                                1.11239
anon262                                1.11791
anon277                                1.08591
anon279                                1.08083
anon264                                 1.1235
anon281                                1.07583
anon266                                1.12917
anon268                                1.13491
anon283                                1.07089
anon285                                1.06603
anon270                                1.14073
anon287                                1.06124
anon274                                1.02966
anon276                                1.03396
anon278                                1.03833
anon280                                1.04277
anon282                                1.04729
anon284                                1.05187
anon286                                1.05652
vin#branch                         2.11758e-22
vgnd_logic#branch                  2.37964e-05
vsup_drv#branch                   -2.45231e-05
vsup_logic#branch                 -7.41454e-09

 Reference value :  1.55056e-08
 Reference value :  3.58554e-08
 Reference value :  6.09907e-08
 Reference value :  8.25051e-08
 Reference value :  1.03059e-07
 Reference value :  1.27099e-07
 Reference value :  1.47885e-07
 Reference value :  1.72005e-07
 Reference value :  1.91959e-07
No. of Data Rows : 10272
mq1                 =  3.63347e+00 at=  6.13967e-08
mq2                 =  3.63000e+00 at=  2.00000e-07
mq3                 =  3.63000e+00 at=  1.80000e-07
mq4                 =  3.63011e+00 at=  2.16544e-08
mq5                 =  3.66439e+00 at=  2.00915e-08
mq6                 =  3.66471e+00 at=  1.80072e-07
na_peak             =  2.61666e+00 at=  2.00915e-08
nb_peak             =  2.56153e+00 at=  1.40810e-07
mvc1                =  1.30576e+00 at=  6.11138e-08
mvc2                =  1.30978e+00 at=  6.11138e-08
mvc3                =  1.31562e+00 at=  1.41106e-07
mvc4                =  1.32365e+00 at=  1.41106e-07
vccomp_stack        =  5.24715e+00 at=  6.11138e-08
t_plh               =  1.15010e-09 targ=  2.13774e-08 trig=  2.02273e-08
t_phl               =  5.09657e-10 targ=  6.12824e-08 trig=  6.07727e-08
vout_hi_abs         =  5.49999e+00
vout_lo_abs         =  1.25857e-06
vdrv_now            =  5.50000e+00
m_vgate_thinox_max = 3.6647140000e+00
m_vna_peak = 2.6166630000e+00
m_vnb_peak = 2.5615330000e+00
m_vccomp_dev_max = 1.3236450000e+00
m_vccomp_stack_max = 5.2471530000e+00
m_t_plh_ns = 1.1501050000e+00
m_t_phl_ns = 5.0965730000e-01
m_vout_hi_ratio = 9.9999763636e-01
m_vout_lo_ratio = 2.2883090909e-07
Note: Simulation executed from .control section 

Warning: singular matrix:  check node anon293

Note: Starting dynamic gmin stepping
Warning: singular matrix:  check node anon295

Warning: Dynamic gmin stepping failed
Note: Starting true gmin stepping
Warning: singular matrix:  check node anon295

Warning: singular matrix:  check node anon295

Warning: singular matrix:  check node anon295

Warning: singular matrix:  check node anon295

Warning: True gmin stepping failed
Note: Starting source stepping
Warning: source stepping failed
Note: Transient op started
Note: Transient op finished successfully
