
Note: No compatibility mode selected!


Circuit: * level-shifter-oxide-safety-postlayout @ ss_27c_vlogic3p63v-vdrv5p50v -- generated by sim/harness, do not edit

Doing analysis at TEMP = 27.000000 and TNOM = 27.000000

Using SPARSE 1.3 as Direct Linear Solver

Initial Transient Solution
--------------------------

Node                                   Voltage
----                                   -------
x1_inb                                    3.63
in                                           0
gnd_logic                                    0
x1_na                                  2.40813
x1_nb                              4.45121e-07
gnd_drv                            2.25394e-08
x2_n3                                      5.5
x2_n4                              2.82861e-06
x2_n5                                      5.5
out                                2.99868e-06
x3_lockout                         2.65763e-06
in_drv                              8.9409e-07
x1_nbuf1                               5.49998
x1_ncb                             1.31558e-06
x1_nca                                 5.49995
vdd_logic                                 3.63
x2_n1                                  5.49998
x2_n2                              1.66188e-06
x3_ncompn                              5.49087
x3_nref                               0.892514
x3_ntail                              0.129302
x3_ncompp                              4.39461
x3_ndiv                                1.02542
x3_uvlo_ok                             5.49974
vdd_drv                                    5.5
anon293                            1.65424e-07
anon294                           -2.12431e-07
anon295                            3.85835e-08
anon22                                 5.11464
anon23                                 4.72962
anon26                                 4.34491
anon27                                 3.96049
anon30                                 3.57634
anon31                                 3.19243
anon21                                 1.27553
anon24                                 1.65864
anon25                                 2.04186
anon28                                 2.42521
anon29                                 2.80872
anon32                                 5.21873
anon33                                 4.93774
anon34                                 4.65702
anon35                                 4.37656
anon36                                 4.09634
anon37                                 3.81635
anon38                                 3.53657
anon39                                 3.25698
anon40                                 1.30401
anon42                                 1.58267
anon44                                 1.86141
anon45                                 2.14026
anon46                                 2.41922
anon47                                 2.69832
anon48                                 2.97757
anon49                                  5.4556
anon41                                0.683579
anon50                                 5.41183
anon43                                0.341778
anon51                                 5.36842
anon52                                 5.32537
anon53                                 5.28267
anon54                                 5.24033
anon55                                 5.19833
anon56                                 5.15668
anon57                                 4.83564
anon59                                 4.87462
anon60                                 4.91391
anon63                                 4.95354
anon65                                  4.9935
anon66                                 5.03379
anon69                                 5.07441
anon71                                 5.11538
anon58                                 4.79699
anon61                                 4.75866
anon62                                 4.72064
anon64                                 4.68294
anon67                                 4.64555
anon68                                 4.60848
anon70                                  4.5717
anon72                                 4.53524
anon73                                 4.25419
anon74                                 4.28831
anon76                                 4.32271
anon78                                 4.35739
anon81                                 4.39237
anon82                                 4.42764
anon84                                 4.46321
anon86                                 4.49907
anon75                                 4.22036
anon77                                 4.18681
anon79                                 4.15354
anon80                                 4.12055
anon83                                 4.08783
anon85                                 4.05539
anon87                                 4.02321
anon88                                  3.9913
anon89                                 3.74545
anon90                                 3.77529
anon91                                 3.71586
anon93                                 3.80537
anon94                                 3.68652
anon96                                 3.83572
anon97                                 3.65743
anon100                                3.86631
anon99                                 3.62858
anon102                                3.59997
anon103                                3.89717
anon105                                3.92828
anon106                                3.57161
anon108                                3.95966
anon109                                3.54348
anon111                                3.51558
anon112                                3.30072
anon113                                3.27487
anon92                                 3.32679
anon115                                3.24924
anon95                                 3.35308
anon117                                3.22383
anon98                                  3.3796
anon101                                3.40634
anon119                                3.19863
anon121                                3.17364
anon104                                 3.4333
anon107                                 3.4605
anon123                                3.14887
anon110                                3.48792
anon125                                 3.1243
anon127                                3.09995
anon128                                 2.9124
anon114                                2.93515
anon129                                2.88985
anon116                                2.95809
anon131                                2.86749
anon133                                2.84532
anon118                                2.98123
anon120                                3.00457
anon135                                2.82334
anon137                                2.80155
anon122                                3.02811
anon139                                2.77995
anon124                                3.05185
anon141                                2.75853
anon126                                 3.0758
anon143                                2.73729
anon144                                2.57386
anon130                                2.59368
anon145                                2.55422
anon147                                2.53475
anon132                                2.61366
anon134                                2.63383
anon149                                2.51545
anon151                                2.49631
anon136                                2.65416
anon138                                2.67468
anon153                                2.47734
anon155                                2.45854
anon140                                2.69537
anon157                                 2.4399
anon142                                2.71624
anon159                                2.42142
anon160                                2.27931
anon146                                2.29653
anon161                                2.26224
anon163                                2.24533
anon148                                 2.3139
anon165                                2.22856
anon150                                2.33143
anon152                                2.34911
anon167                                2.21194
anon154                                2.36695
anon169                                2.19547
anon171                                2.17915
anon156                                2.38495
anon158                                 2.4031
anon173                                2.16297
anon175                                2.14693
anon176                                2.02372
anon162                                2.03864
anon177                                2.00893
anon164                                2.05369
anon179                                1.99428
anon181                                1.97976
anon166                                2.06888
anon168                                2.08421
anon183                                1.96538
anon170                                2.09968
anon185                                1.95112
anon187                                  1.937
anon172                                2.11529
anon174                                2.13104
anon189                                  1.923
anon191                                1.90914
anon192                                1.80271
anon193                                1.78995
anon178                                1.81558
anon195                                1.77732
anon180                                1.82858
anon182                                1.84169
anon197                                 1.7648
anon184                                1.85493
anon199                                 1.7524
anon201                                1.74012
anon186                                 1.8683
anon188                                1.88178
anon203                                1.72796
anon190                                 1.8954
anon205                                1.71591
anon207                                1.70397
anon208                                1.61251
anon209                                1.60157
anon194                                1.62356
anon211                                1.59073
anon196                                1.63471
anon198                                1.64598
anon213                                   1.58
anon215                                1.56938
anon200                                1.65736
anon202                                1.66884
anon217                                1.55886
anon219                                1.54845
anon204                                1.68044
anon221                                1.53814
anon206                                1.69215
anon223                                1.52793
anon224                                1.44987
anon210                                1.45928
anon225                                1.44055
anon227                                1.43133
anon212                                1.46879
anon214                                 1.4784
anon229                                1.42221
anon231                                1.41318
anon216                                 1.4881
anon218                                1.49791
anon233                                1.40424
anon235                                 1.3954
anon220                                1.50781
anon237                                1.38665
anon222                                1.51782
anon239                                  1.378
anon240                                1.31201
anon241                                1.30416
anon226                                1.31994
anon243                                 1.2964
anon228                                1.32797
anon230                                1.33608
anon245                                1.28872
anon247                                1.28113
anon232                                1.34429
anon249                                1.27363
anon234                                1.35258
anon236                                1.36096
anon251                                1.26621
anon253                                1.25887
anon238                                1.36943
anon255                                1.25162
anon256                                1.19657
anon242                                1.20317
anon257                                1.19005
anon244                                1.20985
anon259                                1.18362
anon261                                1.17726
anon246                                 1.2166
anon263                                1.17098
anon248                                1.22344
anon265                                1.16477
anon250                                1.23036
anon252                                1.23737
anon267                                1.15865
anon269                                 1.1526
anon254                                1.24445
anon271                                1.14663
anon272                                1.10158
anon273                                1.09629
anon258                                1.10695
anon275                                1.09106
anon260                                 1.1124
anon262                                1.11792
anon277                                1.08591
anon279                                1.08084
anon264                                1.12351
anon281                                1.07583
anon266                                1.12918
anon268                                1.13492
anon283                                1.07089
anon285                                1.06603
anon270                                1.14074
anon287                                1.06124
anon274                                1.02966
anon276                                1.03396
anon278                                1.03833
anon280                                1.04278
anon282                                1.04729
anon284                                1.05187
anon286                                1.05652
vin#branch                         1.85288e-22
vgnd_logic#branch                   2.2551e-05
vsup_drv#branch                   -2.32782e-05
vsup_logic#branch                 -7.26031e-09

 Reference value :  1.28256e-08
 Reference value :  3.15818e-08
 Reference value :  5.53018e-08
 Reference value :  7.40768e-08
 Reference value :  9.81968e-08
 Reference value :  1.17822e-07
 Reference value :  1.40890e-07
 Reference value :  1.61037e-07
 Reference value :  1.81695e-07
No. of Data Rows : 10394
mq1                 =  3.63388e+00 at=  1.41290e-07
mq2                 =  3.63000e+00 at=  2.00000e-07
mq3                 =  3.63000e+00 at=  1.80000e-07
mq4                 =  3.63017e+00 at=  2.13829e-08
mq5                 =  3.66167e+00 at=  2.00911e-08
mq6                 =  3.66179e+00 at=  2.00911e-08
na_peak             =  2.51252e+00 at=  2.00911e-08
nb_peak             =  2.47982e+00 at=  1.40809e-07
mvc1                =  1.31980e+00 at=  6.10534e-08
mvc2                =  1.32383e+00 at=  6.10534e-08
mvc3                =  1.32987e+00 at=  1.41053e-07
mvc4                =  1.33793e+00 at=  1.41053e-07
vccomp_stack        =  5.30338e+00 at=  1.41053e-07
t_plh               =  9.53545e-10 targ=  2.11808e-08 trig=  2.02273e-08
t_phl               =  4.32810e-10 targ=  6.12055e-08 trig=  6.07727e-08
vout_hi_abs         =  5.49999e+00
vout_lo_abs         =  8.94090e-07
vdrv_now            =  5.50000e+00
m_vgate_thinox_max = 3.6617910000e+00
m_vna_peak = 2.5125180000e+00
m_vnb_peak = 2.4798250000e+00
m_vccomp_dev_max = 1.3379250000e+00
m_vccomp_stack_max = 5.3033770000e+00
m_t_plh_ns = 9.5354470000e-01
m_t_phl_ns = 4.3281020000e-01
m_vout_hi_ratio = 9.9999818182e-01
m_vout_lo_ratio = 1.6256190909e-07
Note: Simulation executed from .control section 

Warning: singular matrix:  check node anon293

Note: Starting dynamic gmin stepping
Warning: singular matrix:  check node anon295

Warning: Dynamic gmin stepping failed
Note: Starting true gmin stepping
Warning: singular matrix:  check node anon295

Warning: singular matrix:  check node anon295

Warning: singular matrix:  check node anon295

Warning: singular matrix:  check node anon295

Warning: True gmin stepping failed
Note: Starting source stepping
Warning: source stepping failed
Note: Transient op started
Note: Transient op finished successfully
