
Note: No compatibility mode selected!


Circuit: * level-shifter-oxide-safety-postlayout @ ss_27c_vlogic3p30v-vdrv5p00v -- generated by sim/harness, do not edit

Doing analysis at TEMP = 27.000000 and TNOM = 27.000000

Using SPARSE 1.3 as Direct Linear Solver

Initial Transient Solution
--------------------------

Node                                   Voltage
----                                   -------
x1_inb                                     3.3
in                                           0
gnd_logic                                    0
x1_na                                   2.1333
x1_nb                              4.21766e-07
gnd_drv                            1.96205e-08
x2_n3                                        5
x2_n4                              2.70861e-06
x2_n5                                        5
out                                2.87158e-06
x3_lockout                         2.55777e-06
in_drv                             8.54762e-07
x1_nbuf1                               4.99998
x1_ncb                             1.28475e-06
x1_nca                                 4.99995
vdd_logic                                  3.3
x2_n1                                  4.99998
x2_n2                              1.59062e-06
x3_ncompn                              4.95172
x3_nref                               0.885451
x3_ntail                             0.0819245
x3_ncompp                              3.93511
x3_ndiv                               0.932204
x3_uvlo_ok                             4.99974
vdd_drv                                      5
anon293                            1.69988e-07
anon294                            -1.9998e-07
anon295                            3.62543e-08
anon22                                 4.65583
anon23                                 4.31198
anon26                                 3.96841
anon27                                  3.6251
anon30                                 3.28204
anon31                                  2.9392
anon21                                 1.22746
anon24                                 1.56955
anon25                                 1.91175
anon28                                 2.25408
anon29                                 2.59655
anon32                                  4.7443
anon33                                 4.48885
anon34                                 4.23366
anon35                                 3.97869
anon36                                 3.72395
anon37                                 3.46941
anon38                                 3.21506
anon39                                 2.96089
anon40                                 1.18546
anon42                                 1.43879
anon44                                 1.69219
anon45                                 1.94569
anon46                                 2.19929
anon47                                 2.45302
anon48                                 2.70688
anon49                                 4.95962
anon41                                0.621435
anon50                                 4.91983
anon43                                0.310707
anon51                                 4.88037
anon52                                 4.84123
anon53                                 4.80241
anon54                                 4.76392
anon55                                 4.72574
anon56                                 4.68788
anon57                                 4.39602
anon59                                 4.43145
anon60                                 4.46718
anon63                                  4.5032
anon65                                 4.53953
anon66                                 4.57616
anon69                                 4.61309
anon71                                 4.65033
anon58                                 4.36088
anon61                                 4.32604
anon62                                 4.29148
anon64                                  4.2572
anon67                                 4.22322
anon68                                 4.18951
anon70                                 4.15608
anon72                                 4.12293
anon73                                 3.86743
anon74                                 3.89845
anon76                                 3.92972
anon78                                 3.96125
anon81                                 3.99305
anon82                                 4.02512
anon84                                 4.05745
anon86                                 4.09005
anon75                                 3.83668
anon77                                 3.80618
anon79                                 3.77593
anon80                                 3.74594
anon83                                  3.7162
anon85                                  3.6867
anon87                                 3.65745
anon88                                 3.62844
anon89                                 3.40494
anon90                                 3.43207
anon91                                 3.37805
anon93                                 3.45942
anon94                                 3.35137
anon96                                   3.487
anon97                                 3.32493
anon100                                3.51482
anon99                                  3.2987
anon102                                3.27269
anon103                                3.54287
anon105                                3.57116
anon106                                 3.2469
anon108                                3.59968
anon109                                3.22133
anon111                                3.19597
anon112                                3.00065
anon113                                2.97715
anon92                                 3.02434
anon115                                2.95385
anon95                                 3.04825
anon117                                2.93074
anon98                                 3.07235
anon101                                3.09666
anon119                                2.90783
anon121                                2.88512
anon104                                3.12117
anon107                                 3.1459
anon123                                 2.8626
anon110                                3.17083
anon125                                2.84027
anon127                                2.81812
anon128                                2.64763
anon114                                2.66831
anon129                                2.62713
anon116                                2.68917
anon131                                 2.6068
anon133                                2.58665
anon118                                 2.7102
anon120                                2.73142
anon135                                2.56667
anon137                                2.54686
anon122                                2.75282
anon139                                2.52722
anon124                                 2.7744
anon141                                2.50774
anon126                                2.79617
anon143                                2.48844
anon144                                2.33987
anon130                                2.35788
anon145                                2.32201
anon147                                2.30431
anon132                                2.37605
anon134                                2.39438
anon149                                2.28676
anon151                                2.26937
anon136                                2.41287
anon138                                2.43152
anon153                                2.25212
anon155                                2.23503
anon140                                2.45033
anon157                                2.21808
anon142                                 2.4693
anon159                                2.20128
anon160                                 2.0721
anon146                                2.08775
anon161                                2.05658
anon163                                 2.0412
anon148                                2.10354
anon165                                2.02596
anon150                                2.11948
anon152                                2.13555
anon167                                2.01085
anon154                                2.15177
anon169                                1.99588
anon171                                1.98104
anon156                                2.16813
anon158                                2.18463
anon173                                1.96633
anon175                                1.95175
anon176                                1.83974
anon162                                 1.8533
anon177                                 1.8263
anon164                                1.86699
anon179                                1.81298
anon181                                1.79978
anon166                                 1.8808
anon168                                1.89473
anon183                                 1.7867
anon170                                 1.9088
anon185                                1.77374
anon187                                 1.7609
anon172                                1.92299
anon174                                 1.9373
anon189                                1.74818
anon191                                1.73557
anon192                                1.63882
anon193                                1.62723
anon178                                1.65052
anon195                                1.61574
anon180                                1.66234
anon182                                1.67426
anon197                                1.60436
anon184                                 1.6863
anon199                                1.59309
anon201                                1.58193
anon186                                1.69845
anon188                                1.71071
anon203                                1.57087
anon190                                1.72308
anon205                                1.55991
anon207                                1.54906
anon208                                1.46591
anon209                                1.45597
anon194                                1.47596
anon211                                1.44612
anon196                                 1.4861
anon198                                1.49634
anon213                                1.43636
anon215                                1.42671
anon200                                1.50668
anon202                                1.51713
anon217                                1.41714
anon219                                1.40768
anon204                                1.52767
anon221                                 1.3983
anon206                                1.53831
anon223                                1.38902
anon224                                1.31806
anon210                                1.32662
anon225                                1.30959
anon227                                1.30121
anon212                                1.33526
anon214                                  1.344
anon229                                1.29291
anon231                                1.28471
anon216                                1.35282
anon218                                1.36173
anon233                                1.27658
anon235                                1.26854
anon220                                1.37074
anon237                                1.26059
anon222                                1.37983
anon239                                1.25272
anon240                                1.19273
anon241                                 1.1856
anon226                                1.19995
anon243                                1.17854
anon228                                1.20724
anon230                                1.21462
anon245                                1.17156
anon247                                1.16466
anon232                                1.22208
anon249                                1.15784
anon234                                1.22961
anon236                                1.23723
anon251                                1.15109
anon253                                1.14443
anon238                                1.24494
anon255                                1.13783
anon256                                1.08779
anon242                                1.09379
anon257                                1.08187
anon244                                1.09986
anon259                                1.07601
anon261                                1.07023
anon246                                  1.106
anon263                                1.06452
anon248                                1.11222
anon265                                1.05888
anon250                                1.11851
anon252                                1.12488
anon267                                1.05332
anon269                                1.04782
anon254                                1.13132
anon271                                1.04239
anon272                                1.00144
anon273                               0.996625
anon258                                1.00632
anon275                               0.991876
anon260                                1.01127
anon262                                1.01629
anon277                               0.987194
anon279                               0.982577
anon264                                1.02137
anon281                               0.978026
anon266                                1.02652
anon268                                1.03174
anon283                                0.97354
anon285                               0.969119
anon270                                1.03703
anon287                               0.964763
anon274                               0.936054
anon276                               0.939966
anon278                                0.94394
anon280                               0.947978
anon282                               0.952079
anon284                               0.956243
anon286                               0.960471
vin#branch                        -1.32349e-22
vgnd_logic#branch                  1.96309e-05
vsup_drv#branch                   -2.02923e-05
vsup_logic#branch                 -6.60023e-09

 Reference value :  1.28456e-08
 Reference value :  3.28072e-08
 Reference value :  5.59072e-08
 Reference value :  7.49752e-08
 Reference value :  9.85752e-08
 Reference value :  1.17887e-07
 Reference value :  1.41156e-07
 Reference value :  1.62115e-07
 Reference value :  1.82174e-07
No. of Data Rows : 10347
mq1                 =  3.30343e+00 at=  1.41332e-07
mq2                 =  3.30000e+00 at=  2.00000e-07
mq3                 =  3.30000e+00 at=  1.80000e-07
mq4                 =  3.30015e+00 at=  2.14637e-08
mq5                 =  3.33151e+00 at=  1.00106e-07
mq6                 =  3.33159e+00 at=  1.00106e-07
na_peak             =  2.24012e+00 at=  2.01140e-08
nb_peak             =  2.19868e+00 at=  6.08187e-08
mvc1                =  1.20661e+00 at=  6.10954e-08
mvc2                =  1.21028e+00 at=  6.10954e-08
mvc3                =  1.21568e+00 at=  1.41096e-07
mvc4                =  1.22299e+00 at=  1.41096e-07
vccomp_stack        =  4.84842e+00 at=  6.10954e-08
t_plh               =  1.00366e-09 targ=  2.12537e-08 trig=  2.02500e-08
t_phl               =  4.88193e-10 targ=  6.12382e-08 trig=  6.07500e-08
vout_hi_abs         =  4.99999e+00
vout_lo_abs         =  8.54762e-07
vdrv_now            =  5.00000e+00
m_vgate_thinox_max = 3.3315890000e+00
m_vna_peak = 2.2401180000e+00
m_vnb_peak = 2.1986830000e+00
m_vccomp_dev_max = 1.2229940000e+00
m_vccomp_stack_max = 4.8484190000e+00
m_t_plh_ns = 1.0036640000e+00
m_t_phl_ns = 4.8819350000e-01
m_vout_hi_ratio = 9.9999800000e-01
m_vout_lo_ratio = 1.7095234000e-07
Note: Simulation executed from .control section 

Warning: singular matrix:  check node anon293

Note: Starting dynamic gmin stepping
Warning: singular matrix:  check node anon295

Warning: Dynamic gmin stepping failed
Note: Starting true gmin stepping
Warning: singular matrix:  check node anon295

Warning: singular matrix:  check node anon295

Warning: singular matrix:  check node anon295

Warning: singular matrix:  check node anon295

Warning: True gmin stepping failed
Note: Starting source stepping
Warning: source stepping failed
Note: Transient op started
Note: Transient op finished successfully
