
Note: No compatibility mode selected!


Circuit: * level-shifter-oxide-safety-postlayout @ tt_-40c_vlogic3p30v-vdrv5p00v -- generated by sim/harness, do not edit

Doing analysis at TEMP = -40.000000 and TNOM = 27.000000

Using SPARSE 1.3 as Direct Linear Solver

Initial Transient Solution
--------------------------

Node                                   Voltage
----                                   -------
x1_inb                                     3.3
in                                           0
gnd_logic                                    0
x1_na                                   2.1742
x1_nb                              3.19693e-07
gnd_drv                            1.94707e-08
x2_n3                                        5
x2_n4                              1.78601e-06
x2_n5                                        5
out                                1.89307e-06
x3_lockout                         1.67044e-06
in_drv                             5.68968e-07
x1_nbuf1                               4.99999
x1_ncb                             8.77126e-07
x1_nca                                 4.99997
vdd_logic                                  3.3
x2_n1                                  4.99999
x2_n2                              1.05036e-06
x3_ncompn                              4.99524
x3_nref                               0.820553
x3_ntail                              0.118956
x3_ncompp                              3.98035
x3_ndiv                               0.932205
x3_uvlo_ok                             4.99983
vdd_drv                                      5
anon293                            1.37491e-07
anon294                           -1.07726e-07
anon295                            4.37919e-08
anon22                                 4.65043
anon23                                 4.30118
anon26                                 3.95221
anon27                                  3.6035
anon30                                 3.25504
anon31                                 2.90679
anon21                                 1.16799
anon24                                  1.5155
anon25                                 1.86311
anon28                                 2.21085
anon29                                 2.55873
anon32                                  4.7443
anon33                                 4.48885
anon34                                 4.23366
anon35                                 3.97869
anon36                                 3.72395
anon37                                 3.46941
anon38                                 3.21506
anon39                                 2.96089
anon40                                 1.18546
anon42                                 1.43879
anon44                                 1.69219
anon45                                 1.94569
anon46                                  2.1993
anon47                                 2.45302
anon48                                 2.70688
anon49                                 4.95971
anon41                                0.621435
anon50                                 4.91992
anon43                                0.310707
anon51                                 4.88046
anon52                                 4.84132
anon53                                  4.8025
anon54                                   4.764
anon55                                 4.72583
anon56                                 4.68796
anon57                                  4.3961
anon59                                 4.43153
anon60                                 4.46726
anon63                                 4.50329
anon65                                 4.53961
anon66                                 4.57624
anon69                                 4.61317
anon71                                 4.65041
anon58                                 4.36096
anon61                                 4.32612
anon62                                 4.29156
anon64                                 4.25728
anon67                                 4.22329
anon68                                 4.18958
anon70                                 4.15616
anon72                                   4.123
anon73                                  3.8675
anon74                                 3.89852
anon76                                 3.92979
anon78                                 3.96132
anon81                                 3.99312
anon82                                 4.02519
anon84                                 4.05752
anon86                                 4.09013
anon75                                 3.83675
anon77                                 3.80625
anon79                                   3.776
anon80                                 3.74601
anon83                                 3.71626
anon85                                 3.68677
anon87                                 3.65752
anon88                                 3.62851
anon89                                   3.405
anon90                                 3.43213
anon91                                 3.37811
anon93                                 3.45948
anon94                                 3.35143
anon96                                 3.48707
anon97                                 3.32498
anon100                                3.51488
anon99                                 3.29876
anon102                                3.27275
anon103                                3.54293
anon105                                3.57122
anon106                                3.24696
anon108                                3.59974
anon109                                3.22139
anon111                                3.19603
anon112                                 3.0007
anon113                                 2.9772
anon92                                  3.0244
anon115                                 2.9539
anon95                                  3.0483
anon117                                2.93079
anon98                                  3.0724
anon101                                3.09671
anon119                                2.90788
anon121                                2.88517
anon104                                3.12123
anon107                                3.14595
anon123                                2.86265
anon110                                3.17089
anon125                                2.84032
anon127                                2.81817
anon128                                2.64768
anon114                                2.66836
anon129                                2.62717
anon116                                2.68921
anon131                                2.60685
anon133                                2.58669
anon118                                2.71025
anon120                                2.73147
anon135                                2.56671
anon137                                 2.5469
anon122                                2.75287
anon139                                2.52726
anon124                                2.77445
anon141                                2.50779
anon126                                2.79622
anon143                                2.48848
anon144                                2.33991
anon130                                2.35792
anon145                                2.32205
anon147                                2.30435
anon132                                2.37609
anon134                                2.39442
anon149                                 2.2868
anon151                                 2.2694
anon136                                2.41291
anon138                                2.43156
anon153                                2.25216
anon155                                2.23506
anon140                                2.45037
anon157                                2.21812
anon142                                2.46934
anon159                                2.20132
anon160                                2.07213
anon146                                2.08778
anon161                                2.05661
anon163                                2.04123
anon148                                2.10358
anon165                                2.02599
anon150                                2.11951
anon152                                2.13559
anon167                                2.01088
anon154                                 2.1518
anon169                                1.99591
anon171                                1.98107
anon156                                2.16816
anon158                                2.18467
anon173                                1.96636
anon175                                1.95178
anon176                                1.83976
anon162                                1.85333
anon177                                1.82632
anon164                                1.86701
anon179                                1.81301
anon181                                1.79981
anon166                                1.88083
anon168                                1.89476
anon183                                1.78673
anon170                                1.90883
anon185                                1.77377
anon187                                1.76093
anon172                                1.92302
anon174                                1.93733
anon189                                1.74821
anon191                                 1.7356
anon192                                1.63884
anon193                                1.62725
anon178                                1.65055
anon195                                1.61576
anon180                                1.66236
anon182                                1.67429
anon197                                1.60438
anon184                                1.68632
anon199                                1.59311
anon201                                1.58195
anon186                                1.69847
anon188                                1.71073
anon203                                1.57089
anon190                                1.72311
anon205                                1.55993
anon207                                1.54908
anon208                                1.46593
anon209                                1.45599
anon194                                1.47598
anon211                                1.44614
anon196                                1.48612
anon198                                1.49636
anon213                                1.43638
anon215                                1.42672
anon200                                 1.5067
anon202                                1.51715
anon217                                1.41716
anon219                                1.40769
anon204                                1.52769
anon221                                1.39832
anon206                                1.53833
anon223                                1.38904
anon224                                1.31807
anon210                                1.32663
anon225                                1.30961
anon227                                1.30122
anon212                                1.33528
anon214                                1.34401
anon229                                1.29293
anon231                                1.28472
anon216                                1.35283
anon218                                1.36175
anon233                                 1.2766
anon235                                1.26856
anon220                                1.37075
anon237                                 1.2606
anon222                                1.37985
anon239                                1.25274
anon240                                1.19274
anon241                                1.18561
anon226                                1.19996
anon243                                1.17855
anon228                                1.20725
anon230                                1.21463
anon245                                1.17157
anon247                                1.16467
anon232                                1.22209
anon249                                1.15785
anon234                                1.22963
anon236                                1.23725
anon251                                 1.1511
anon253                                1.14443
anon238                                1.24495
anon255                                1.13784
anon256                                 1.0878
anon242                                 1.0938
anon257                                1.08187
anon244                                1.09987
anon259                                1.07602
anon261                                1.07024
anon246                                1.10601
anon263                                1.06453
anon248                                1.11223
anon265                                1.05889
anon250                                1.11852
anon252                                1.12488
anon267                                1.05332
anon269                                1.04782
anon254                                1.13133
anon271                                 1.0424
anon272                                1.00144
anon273                               0.996628
anon258                                1.00633
anon275                                0.99188
anon260                                1.01127
anon262                                1.01629
anon277                               0.987197
anon279                                0.98258
anon264                                1.02137
anon281                               0.978029
anon266                                1.02653
anon268                                1.03175
anon283                               0.973543
anon285                               0.969122
anon270                                1.03704
anon287                               0.964765
anon274                               0.936055
anon276                               0.939967
anon278                               0.943942
anon280                               0.947979
anon282                                0.95208
anon284                               0.956245
anon286                               0.960473
vin#branch                         1.58819e-22
vgnd_logic#branch                  1.94812e-05
vsup_drv#branch                   -2.01424e-05
vsup_logic#branch                     -6.6e-09

 Reference value :  1.25056e-08
 Reference value :  3.09191e-08
 Reference value :  5.38391e-08
 Reference value :  7.25725e-08
 Reference value :  9.76925e-08
 Reference value :  1.16337e-07
 Reference value :  1.40197e-07
 Reference value :  1.58353e-07
 Reference value :  1.80391e-07
 Reference value :  2.00000e-07
No. of Data Rows : 10498
mq1                 =  3.30415e+00 at=  1.41162e-07
mq2                 =  3.30000e+00 at=  2.00000e-07
mq3                 =  3.30000e+00 at=  1.80000e-07
mq4                 =  3.30022e+00 at=  1.01052e-07
mq5                 =  3.32339e+00 at=  1.00091e-07
mq6                 =  3.32343e+00 at=  1.00091e-07
na_peak             =  2.26787e+00 at=  2.00955e-08
nb_peak             =  2.24738e+00 at=  6.08095e-08
mvc1                =  1.20147e+00 at=  6.09925e-08
mvc2                =  1.20515e+00 at=  6.09925e-08
mvc3                =  1.21065e+00 at=  1.40993e-07
mvc4                =  1.21800e+00 at=  1.40993e-07
vccomp_stack        =  4.82797e+00 at=  6.09925e-08
t_plh               =  6.76611e-10 targ=  2.09266e-08 trig=  2.02500e-08
t_phl               =  3.43382e-10 targ=  6.10934e-08 trig=  6.07500e-08
vout_hi_abs         =  4.99999e+00
vout_lo_abs         =  5.68968e-07
vdrv_now            =  5.00000e+00
m_vgate_thinox_max = 3.3234340000e+00
m_vna_peak = 2.2678690000e+00
m_vnb_peak = 2.2473760000e+00
m_vccomp_dev_max = 1.2180040000e+00
m_vccomp_stack_max = 4.8279700000e+00
m_t_plh_ns = 6.7661080000e-01
m_t_phl_ns = 3.4338180000e-01
m_vout_hi_ratio = 9.9999880000e-01
m_vout_lo_ratio = 1.1379350000e-07
Note: Simulation executed from .control section 

Warning: singular matrix:  check node anon293

Note: Starting dynamic gmin stepping
Warning: singular matrix:  check node anon295

Warning: Dynamic gmin stepping failed
Note: Starting true gmin stepping
Warning: singular matrix:  check node anon295

Warning: singular matrix:  check node anon295

Warning: singular matrix:  check node anon295

Warning: singular matrix:  check node anon295

Warning: True gmin stepping failed
Note: Starting source stepping
Warning: source stepping failed
Note: Transient op started
Note: Transient op finished successfully
