
Note: No compatibility mode selected!


Circuit: * level-shifter-oxide-safety-postlayout @ tt_-40c_vlogic3p63v-vdrv5p50v -- generated by sim/harness, do not edit

Doing analysis at TEMP = -40.000000 and TNOM = 27.000000

Using SPARSE 1.3 as Direct Linear Solver

Initial Transient Solution
--------------------------

Node                                   Voltage
----                                   -------
x1_inb                                    3.63
in                                           0
gnd_logic                                    0
x1_na                                  2.45667
x1_nb                              3.42071e-07
gnd_drv                            2.22848e-08
x2_n3                                      5.5
x2_n4                              1.87236e-06
x2_n5                                      5.5
out                                1.98448e-06
x3_lockout                         1.75019e-06
in_drv                             5.97798e-07
x1_nbuf1                               5.49999
x1_ncb                             9.07224e-07
x1_nca                                 5.49997
vdd_logic                                 3.63
x2_n1                                  5.49999
x2_n2                              1.10188e-06
x3_ncompn                              5.49957
x3_nref                               0.826207
x3_ntail                               0.18125
x3_ncompp                              4.46404
x3_ndiv                                1.02543
x3_uvlo_ok                             5.49983
vdd_drv                                    5.5
anon293                            1.35916e-07
anon294                           -1.17357e-07
anon295                            4.47549e-08
anon22                                 5.10912
anon23                                 4.71858
anon26                                 4.32836
anon27                                 3.93842
anon30                                 3.54875
anon31                                 3.15931
anon21                                 1.21477
anon24                                 1.60341
anon25                                 1.99216
anon28                                 2.38104
anon29                                 2.77009
anon32                                 5.21873
anon33                                 4.93774
anon34                                 4.65702
anon35                                 4.37656
anon36                                 4.09634
anon37                                 3.81635
anon38                                 3.53657
anon39                                 3.25698
anon40                                 1.30401
anon42                                 1.58267
anon44                                 1.86141
anon45                                 2.14026
anon46                                 2.41922
anon47                                 2.69832
anon48                                 2.97757
anon49                                 5.45569
anon41                                0.683579
anon50                                 5.41192
anon43                                0.341778
anon51                                 5.36851
anon52                                 5.32546
anon53                                 5.28276
anon54                                 5.24042
anon55                                 5.19842
anon56                                 5.15677
anon57                                 4.83572
anon59                                  4.8747
anon60                                   4.914
anon63                                 4.95362
anon65                                 4.99358
anon66                                 5.03387
anon69                                  5.0745
anon71                                 5.11546
anon58                                 4.79707
anon61                                 4.75874
anon62                                 4.72072
anon64                                 4.68302
anon67                                 4.64563
anon68                                 4.60855
anon70                                 4.57178
anon72                                 4.53531
anon73                                 4.25426
anon74                                 4.28838
anon76                                 4.32278
anon78                                 4.35747
anon81                                 4.39244
anon82                                 4.42772
anon84                                 4.46328
anon86                                 4.49915
anon75                                 4.22043
anon77                                 4.18688
anon79                                 4.15361
anon80                                 4.12062
anon83                                  4.0879
anon85                                 4.05545
anon87                                 4.02328
anon88                                 3.99137
anon89                                 3.74551
anon90                                 3.77535
anon91                                 3.71592
anon93                                 3.80544
anon94                                 3.68658
anon96                                 3.83578
anon97                                 3.65749
anon100                                3.86638
anon99                                 3.62864
anon102                                3.60003
anon103                                3.89723
anon105                                3.92835
anon106                                3.57166
anon108                                3.95973
anon109                                3.54353
anon111                                3.51564
anon112                                3.30077
anon113                                3.27492
anon92                                 3.32684
anon115                                3.24929
anon95                                 3.35313
anon117                                3.22388
anon98                                 3.37965
anon101                                3.40639
anon119                                3.19868
anon121                                3.17369
anon104                                3.43336
anon107                                3.46055
anon123                                3.14892
anon110                                3.48798
anon125                                3.12435
anon127                                    3.1
anon128                                2.91245
anon114                                 2.9352
anon129                                 2.8899
anon116                                2.95814
anon131                                2.86754
anon133                                2.84537
anon118                                2.98128
anon120                                3.00462
anon135                                2.82339
anon137                                2.80159
anon122                                3.02816
anon139                                2.77999
anon124                                 3.0519
anon141                                2.75857
anon126                                3.07585
anon143                                2.73733
anon144                                 2.5739
anon130                                2.59372
anon145                                2.55426
anon147                                2.53479
anon132                                 2.6137
anon134                                2.63387
anon149                                2.51548
anon151                                2.49635
anon136                                 2.6542
anon138                                2.67472
anon153                                2.47738
anon155                                2.45857
anon140                                2.69541
anon157                                2.43993
anon142                                2.71628
anon159                                2.42146
anon160                                2.27935
anon146                                2.29657
anon161                                2.26228
anon163                                2.24536
anon148                                2.31394
anon165                                2.22859
anon150                                2.33147
anon152                                2.34915
anon167                                2.21197
anon154                                2.36699
anon169                                 2.1955
anon171                                2.17918
anon156                                2.38498
anon158                                2.40314
anon173                                  2.163
anon175                                2.14696
anon176                                2.02374
anon162                                2.03866
anon177                                2.00896
anon164                                2.05372
anon179                                1.99431
anon181                                1.97979
anon166                                2.06891
anon168                                2.08424
anon183                                1.96541
anon170                                2.09971
anon185                                1.95115
anon187                                1.93703
anon172                                2.11532
anon174                                2.13107
anon189                                1.92303
anon191                                1.90916
anon192                                1.80273
anon193                                1.78998
anon178                                 1.8156
anon195                                1.77734
anon180                                 1.8286
anon182                                1.84172
anon197                                1.76483
anon184                                1.85496
anon199                                1.75243
anon201                                1.74014
anon186                                1.86832
anon188                                1.88181
anon203                                1.72798
anon190                                1.89542
anon205                                1.71593
anon207                                1.70399
anon208                                1.61253
anon209                                1.60159
anon194                                1.62358
anon211                                1.59075
anon196                                1.63473
anon198                                  1.646
anon213                                1.58002
anon215                                 1.5694
anon200                                1.65738
anon202                                1.66886
anon217                                1.55888
anon219                                1.54847
anon204                                1.68046
anon221                                1.53815
anon206                                1.69217
anon223                                1.52794
anon224                                1.44988
anon210                                 1.4593
anon225                                1.44057
anon227                                1.43135
anon212                                1.46881
anon214                                1.47841
anon229                                1.42222
anon231                                1.41319
anon216                                1.48812
anon218                                1.49793
anon233                                1.40426
anon235                                1.39542
anon220                                1.50783
anon237                                1.38667
anon222                                1.51784
anon239                                1.37801
anon240                                1.31202
anon241                                1.30417
anon226                                1.31996
anon243                                1.29641
anon228                                1.32798
anon230                                1.33609
anon245                                1.28873
anon247                                1.28114
anon232                                 1.3443
anon249                                1.27363
anon234                                1.35259
anon236                                1.36097
anon251                                1.26621
anon253                                1.25888
anon238                                1.36945
anon255                                1.25163
anon256                                1.19658
anon242                                1.20318
anon257                                1.19006
anon244                                1.20985
anon259                                1.18362
anon261                                1.17726
anon246                                1.21661
anon263                                1.17098
anon248                                1.22345
anon265                                1.16478
anon250                                1.23037
anon252                                1.23737
anon267                                1.15866
anon269                                1.15261
anon254                                1.24446
anon271                                1.14664
anon272                                1.10159
anon273                                1.09629
anon258                                1.10696
anon275                                1.09107
anon260                                 1.1124
anon262                                1.11792
anon277                                1.08592
anon279                                1.08084
anon264                                1.12351
anon281                                1.07583
anon266                                1.12918
anon268                                1.13492
anon283                                 1.0709
anon285                                1.06603
anon270                                1.14074
anon287                                1.06124
anon274                                1.02966
anon276                                1.03396
anon278                                1.03834
anon280                                1.04278
anon282                                1.04729
anon284                                1.05187
anon286                                1.05652
vin#branch                        -1.85288e-22
vgnd_logic#branch                  2.22964e-05
vsup_drv#branch                   -2.30234e-05
vsup_logic#branch                 -7.26001e-09

 Reference value :  1.32856e-08
 Reference value :  2.98131e-08
 Reference value :  5.22931e-08
 Reference value :  6.94772e-08
 Reference value :  9.21772e-08
 Reference value :  1.08853e-07
 Reference value :  1.31653e-07
 Reference value :  1.49777e-07
 Reference value :  1.73097e-07
 Reference value :  1.90533e-07
No. of Data Rows : 10552
mq1                 =  3.63463e+00 at=  1.41136e-07
mq2                 =  3.63000e+00 at=  2.00000e-07
mq3                 =  3.63000e+00 at=  1.80000e-07
mq4                 =  3.63024e+00 at=  2.10236e-08
mq5                 =  3.65364e+00 at=  1.80084e-07
mq6                 =  3.65367e+00 at=  1.80084e-07
na_peak             =  2.55259e+00 at=  2.00900e-08
nb_peak             =  2.53494e+00 at=  1.40797e-07
mvc1                =  1.31411e+00 at=  6.09701e-08
mvc2                =  1.31816e+00 at=  6.09701e-08
mvc3                =  1.32423e+00 at=  1.40970e-07
mvc4                =  1.33231e+00 at=  1.40970e-07
vccomp_stack        =  5.28073e+00 at=  6.09701e-08
t_plh               =  6.62295e-10 targ=  2.08896e-08 trig=  2.02273e-08
t_phl               =  3.01384e-10 targ=  6.10741e-08 trig=  6.07727e-08
vout_hi_abs         =  5.49999e+00
vout_lo_abs         =  5.97798e-07
vdrv_now            =  5.50000e+00
m_vgate_thinox_max = 3.6536710000e+00
m_vna_peak = 2.5525940000e+00
m_vnb_peak = 2.5349390000e+00
m_vccomp_dev_max = 1.3323130000e+00
m_vccomp_stack_max = 5.2807270000e+00
m_t_plh_ns = 6.6229550000e-01
m_t_phl_ns = 3.0138350000e-01
m_vout_hi_ratio = 9.9999872727e-01
m_vout_lo_ratio = 1.0869050909e-07
Note: Simulation executed from .control section 

Warning: singular matrix:  check node anon293

Note: Starting dynamic gmin stepping
Warning: singular matrix:  check node anon293

Warning: Dynamic gmin stepping failed
Note: Starting true gmin stepping
Warning: singular matrix:  check node anon293

Warning: singular matrix:  check node anon293

Warning: singular matrix:  check node anon293

Warning: singular matrix:  check node anon293

Warning: True gmin stepping failed
Note: Starting source stepping
Warning: source stepping failed
Note: Transient op started
Note: Transient op finished successfully
