
Note: No compatibility mode selected!


Circuit: * level-shifter-oxide-safety-postlayout @ tt_-40c_vlogic2p97v-vdrv4p50v -- generated by sim/harness, do not edit

Doing analysis at TEMP = -40.000000 and TNOM = 27.000000

Using SPARSE 1.3 as Direct Linear Solver

Initial Transient Solution
--------------------------

Node                                   Voltage
----                                   -------
x1_inb                                    2.97
in                                           0
gnd_logic                                    0
x1_na                                  1.89599
x1_nb                              2.98883e-07
gnd_drv                            1.67237e-08
x2_n3                                      4.5
x2_n4                              1.71072e-06
x2_n5                                      4.5
out                                1.81339e-06
x3_lockout                         1.61413e-06
in_drv                             5.43632e-07
x1_nbuf1                               4.49999
x1_ncb                             8.52422e-07
x1_nca                                 4.49997
vdd_logic                                 2.97
x2_n1                                  4.49999
x2_n2                              1.00532e-06
x3_ncompn                              4.43618
x3_nref                               0.814347
x3_ntail                             0.0703061
x3_ncompp                              3.51772
x3_ndiv                               0.838984
x3_uvlo_ok                             4.49984
vdd_drv                                    4.5
anon293                            1.40518e-07
anon294                           -9.80946e-08
anon295                            4.35043e-08
anon22                                  4.1917
anon23                                 3.88368
anon26                                 3.57592
anon27                                  3.2684
anon30                                  2.9611
anon31                                 2.65399
anon21                                  1.1207
anon24                                 1.42713
anon25                                 1.73365
anon28                                 2.04028
anon29                                 2.34706
anon32                                 4.26987
anon33                                 4.03997
anon34                                 3.81029
anon35                                 3.58082
anon36                                 3.35155
anon37                                 3.12247
anon38                                 2.89356
anon39                                  2.6648
anon40                                 1.06692
anon42                                 1.29491
anon44                                 1.52297
anon45                                 1.75112
anon46                                 1.97937
anon47                                 2.20772
anon48                                 2.43619
anon49                                 4.46373
anon41                                0.559292
anon50                                 4.42792
anon43                                0.279637
anon51                                  4.3924
anon52                                 4.35717
anon53                                 4.32224
anon54                                 4.28759
anon55                                 4.25323
anon56                                 4.21916
anon57                                 3.95648
anon59                                 3.98837
anon60                                 4.02053
anon63                                 4.05295
anon65                                 4.08564
anon66                                 4.11861
anon69                                 4.15185
anon71                                 4.18536
anon58                                 3.92486
anon61                                 3.89349
anon62                                 3.86239
anon64                                 3.83154
anon67                                 3.80095
anon68                                 3.77062
anon70                                 3.74053
anon72                                 3.71069
anon73                                 3.48074
anon74                                 3.50866
anon76                                  3.5368
anon78                                 3.56518
anon81                                  3.5938
anon82                                 3.62266
anon84                                 3.65176
anon86                                 3.68111
anon75                                 3.45306
anon77                                 3.42562
anon79                                 3.39839
anon80                                  3.3714
anon83                                 3.34463
anon85                                 3.31808
anon87                                 3.29176
anon88                                 3.26565
anon89                                  3.0645
anon90                                 3.08891
anon91                                 3.04029
anon93                                 3.11353
anon94                                 3.01628
anon96                                 3.13835
anon97                                 2.99248
anon100                                3.16339
anon99                                 2.96887
anon102                                2.94547
anon103                                3.18863
anon105                                3.21409
anon106                                2.92226
anon108                                3.23976
anon109                                2.89924
anon111                                2.87642
anon112                                2.70062
anon113                                2.67947
anon92                                 2.72195
anon115                                 2.6585
anon95                                 2.74346
anon117                                2.63771
anon98                                 2.76516
anon101                                2.78703
anon119                                2.61709
anon121                                2.59665
anon104                                 2.8091
anon107                                2.83135
anon123                                2.57638
anon110                                2.85379
anon125                                2.55628
anon127                                2.53635
anon128                                 2.3829
anon114                                2.40152
anon129                                2.36445
anon116                                2.42029
anon131                                2.34616
anon133                                2.32802
anon118                                2.43922
anon120                                2.45832
anon135                                2.31003
anon137                                 2.2922
anon122                                2.47758
anon139                                2.27453
anon124                                  2.497
anon141                                  2.257
anon126                                2.51659
anon143                                2.23963
anon144                                2.10591
anon130                                2.12212
anon145                                2.08984
anon147                                2.07391
anon132                                2.13848
anon134                                2.15497
anon149                                2.05812
anon151                                2.04246
anon136                                2.17161
anon138                                 2.1884
anon153                                2.02694
anon155                                2.01155
anon140                                2.20533
anon157                                 1.9963
anon142                                 2.2224
anon159                                1.98118
anon160                                1.86491
anon146                                  1.879
anon161                                1.85095
anon163                                1.83711
anon148                                1.89322
anon165                                1.82339
anon150                                1.90756
anon152                                1.92202
anon167                                1.80979
anon154                                1.93662
anon169                                1.79631
anon171                                1.78296
anon156                                1.95134
anon158                                 1.9662
anon173                                1.76972
anon175                                 1.7566
anon176                                1.65578
anon162                                1.66799
anon177                                1.64369
anon164                                1.68031
anon179                                 1.6317
anon181                                1.61982
anon166                                1.69274
anon168                                1.70528
anon183                                1.60805
anon170                                1.71794
anon185                                1.59639
anon187                                1.58483
anon172                                1.73071
anon174                                 1.7436
anon189                                1.57338
anon191                                1.56204
anon192                                1.47496
anon193                                1.46452
anon178                                1.48549
anon195                                1.45418
anon180                                1.49612
anon182                                1.50685
anon197                                1.44394
anon184                                1.51769
anon199                                 1.4338
anon201                                1.42375
anon186                                1.52862
anon188                                1.53966
anon203                                 1.4138
anon190                                 1.5508
anon205                                1.40394
anon207                                1.39417
anon208                                1.31934
anon209                                1.31038
anon194                                1.32838
anon211                                1.30152
anon196                                1.33751
anon198                                1.34672
anon213                                1.29274
anon215                                1.28405
anon200                                1.35603
anon202                                1.36543
anon217                                1.27544
anon219                                1.26692
anon204                                1.37492
anon221                                1.25849
anon206                                 1.3845
anon223                                1.25013
anon224                                1.18626
anon210                                1.19397
anon225                                1.17864
anon227                                 1.1711
anon212                                1.20175
anon214                                1.20961
anon229                                1.16363
anon231                                1.15625
anon216                                1.21755
anon218                                1.22557
anon233                                1.14894
anon235                                 1.1417
anon220                                1.23368
anon237                                1.13454
anon222                                1.24186
anon239                                1.12746
anon240                                1.07347
anon241                                1.06705
anon226                                1.07996
anon243                                1.06069
anon228                                1.08653
anon230                                1.09317
anon245                                1.05441
anon247                                 1.0482
anon232                                1.09988
anon249                                1.04206
anon234                                1.10666
anon236                                1.11352
anon251                                1.03599
anon253                                1.02999
anon238                                1.12045
anon255                                1.02406
anon256                               0.979017
anon242                               0.984415
anon257                               0.973685
anon244                               0.989878
anon259                               0.968417
anon261                               0.963214
anon246                               0.995407
anon263                               0.958075
anon248                                  1.001
anon265                               0.953001
anon250                                1.00667
anon252                                 1.0124
anon267                               0.947989
anon269                               0.943041
anon254                                1.01819
anon271                               0.938156
anon272                               0.901299
anon273                               0.896965
anon258                               0.905692
anon275                               0.892691
anon260                               0.910146
anon262                               0.914661
anon277                               0.888477
anon279                               0.884322
anon264                               0.919237
anon281                               0.880226
anon266                               0.923874
anon268                               0.928573
anon283                               0.876188
anon285                               0.872209
anon270                               0.933333
anon287                               0.868288
anon274                               0.842449
anon276                                0.84597
anon278                               0.849547
anon280                               0.853181
anon282                               0.856872
anon284                                0.86062
anon286                               0.864425
vin#branch                        -2.11758e-22
vgnd_logic#branch                  1.67331e-05
vsup_drv#branch                   -1.73284e-05
vsup_logic#branch                    -5.94e-09

 Reference value :  1.36856e-08
 Reference value :  3.18304e-08
 Reference value :  5.44704e-08
 Reference value :  7.24468e-08
 Reference value :  9.50268e-08
 Reference value :  1.13159e-07
 Reference value :  1.36639e-07
 Reference value :  1.55446e-07
 Reference value :  1.79426e-07
 Reference value :  1.98919e-07
No. of Data Rows : 10437
mq1                 =  2.97364e+00 at=  1.41197e-07
mq2                 =  2.97000e+00 at=  2.00000e-07
mq3                 =  2.97000e+00 at=  1.80000e-07
mq4                 =  2.97020e+00 at=  1.01115e-07
mq5                 =  2.99330e+00 at=  2.00993e-08
mq6                 =  2.99336e+00 at=  2.00993e-08
na_peak             =  1.98885e+00 at=  2.01193e-08
nb_peak             =  1.96415e+00 at=  1.40821e-07
mvc1                =  1.08514e+00 at=  6.10219e-08
mvc2                =  1.08845e+00 at=  6.10219e-08
mvc3                =  1.09343e+00 at=  1.41022e-07
mvc4                =  1.10004e+00 at=  1.41022e-07
vccomp_stack        =  4.36049e+00 at=  1.41022e-07
t_plh               =  6.99488e-10 targ=  2.09773e-08 trig=  2.02778e-08
t_phl               =  3.96037e-10 targ=  6.11183e-08 trig=  6.07222e-08
vout_hi_abs         =  4.49999e+00
vout_lo_abs         =  5.43632e-07
vdrv_now            =  4.50000e+00
m_vgate_thinox_max = 2.9933620000e+00
m_vna_peak = 1.9888540000e+00
m_vnb_peak = 1.9641520000e+00
m_vccomp_dev_max = 1.1000420000e+00
m_vccomp_stack_max = 4.3604870000e+00
m_t_plh_ns = 6.9948780000e-01
m_t_phl_ns = 3.9603680000e-01
m_vout_hi_ratio = 9.9999866667e-01
m_vout_lo_ratio = 1.2080720000e-07
Note: Simulation executed from .control section 

Warning: singular matrix:  check node anon293

Note: Starting dynamic gmin stepping
Warning: singular matrix:  check node anon295

Warning: Dynamic gmin stepping failed
Note: Starting true gmin stepping
Warning: singular matrix:  check node anon295

Warning: singular matrix:  check node anon295

Warning: singular matrix:  check node anon295

Warning: singular matrix:  check node anon295

Warning: True gmin stepping failed
Note: Starting source stepping
Warning: source stepping failed
Note: Transient op started
Note: Transient op finished successfully
