
Note: No compatibility mode selected!


Circuit: * level-shifter-oxide-safety-postlayout @ tt_-40c_vlogic3p30v-vdrv6p00v -- generated by sim/harness, do not edit

Doing analysis at TEMP = -40.000000 and TNOM = 27.000000

Using SPARSE 1.3 as Direct Linear Solver

Initial Transient Solution
--------------------------

Node                                   Voltage
----                                   -------
x1_inb                                     3.3
in                                           0
gnd_logic                                    0
x1_na                                  2.18704
x1_nb                              3.83632e-07
gnd_drv                            2.52654e-08
x2_n3                                        6
x2_n4                              1.96881e-06
x2_n5                                        6
out                                 2.0866e-06
x3_lockout                         1.84008e-06
in_drv                             6.29892e-07
x1_nbuf1                               5.99999
x1_ncb                             1.05255e-06
x1_nca                                 5.99997
vdd_logic                                  3.3
x2_n1                                  5.99999
x2_n2                              1.15935e-06
x3_ncompn                              5.99988
x3_nref                               0.831416
x3_ntail                              0.246882
x3_ncompp                              4.95131
x3_ndiv                                1.11865
x3_uvlo_ok                             5.99982
vdd_drv                                      6
anon293                            2.07526e-07
anon294                           -8.40815e-08
anon295                            6.63536e-08
anon22                                 5.56777
anon23                                 5.13591
anon26                                  4.7044
anon27                                 4.27319
anon30                                 3.84228
anon31                                 3.41161
anon21                                 1.26114
anon24                                 1.69095
anon25                                 2.12088
anon28                                 2.55094
anon29                                 2.98118
anon32                                 5.69316
anon33                                 5.38662
anon34                                 5.08039
anon35                                 4.77443
anon36                                 4.46874
anon37                                 4.16329
anon38                                 3.85807
anon39                                 3.55307
anon40                                 1.42256
anon42                                 1.72655
anon44                                 2.03063
anon45                                 2.33483
anon46                                 2.63915
anon47                                 2.94362
anon48                                 3.24826
anon49                                 5.95167
anon41                                0.745722
anon50                                 5.90392
anon43                                0.372849
anon51                                 5.85657
anon52                                  5.8096
anon53                                 5.76302
anon54                                 5.71683
anon55                                 5.67101
anon56                                 5.62558
anon57                                 5.27534
anon59                                 5.31786
anon60                                 5.36073
anon63                                 5.40396
anon65                                 5.44755
anon66                                 5.49151
anon69                                 5.53583
anon71                                 5.58051
anon58                                 5.23317
anon61                                 5.19136
anon62                                 5.14988
anon64                                 5.10876
anon67                                 5.06797
anon68                                 5.02752
anon70                                  4.9874
anon72                                 4.94762
anon73                                 4.64102
anon74                                 4.67824
anon76                                 4.71576
anon78                                 4.75361
anon81                                 4.79176
anon82                                 4.83024
anon84                                 4.86904
anon86                                 4.90817
anon75                                 4.60411
anon77                                 4.56751
anon79                                 4.53122
anon80                                 4.49523
anon83                                 4.45953
anon85                                 4.42414
anon87                                 4.38903
anon88                                 4.35423
anon89                                 4.08602
anon90                                 4.11857
anon91                                 4.05374
anon93                                 4.15139
anon94                                 4.02173
anon96                                 4.18449
anon97                                 3.98999
anon100                                4.21787
anon99                                 3.95852
anon102                                3.92731
anon103                                4.25153
anon105                                4.28548
anon106                                3.89637
anon108                                4.31971
anon109                                3.86568
anon111                                3.83525
anon112                                3.60085
anon113                                3.57265
anon92                                 3.62929
anon115                                3.54469
anon95                                 3.65797
anon117                                3.51696
anon98                                  3.6869
anon101                                3.71607
anon119                                3.48947
anon121                                3.46222
anon104                                3.74549
anon107                                3.77515
anon123                                3.43519
anon110                                3.80507
anon125                                3.40839
anon127                                3.38182
anon128                                3.17722
anon114                                3.20204
anon129                                3.15262
anon116                                3.22707
anon131                                3.12823
anon133                                3.10404
anon118                                3.25231
anon120                                3.27777
anon135                                3.08006
anon137                                3.05629
anon122                                3.30345
anon139                                3.03272
anon124                                3.32935
anon141                                3.00935
anon126                                3.35547
anon143                                2.98619
anon144                                 2.8079
anon130                                2.82951
anon145                                2.78647
anon147                                2.76523
anon132                                2.85132
anon134                                2.87331
anon149                                2.74417
anon151                                2.72329
anon136                                 2.8955
anon138                                2.91788
anon153                                 2.7026
anon155                                2.68208
anon140                                2.94045
anon157                                2.66175
anon142                                2.96322
anon159                                2.64159
anon160                                2.48656
anon146                                2.50535
anon161                                2.46794
anon163                                2.44949
anon148                                 2.5243
anon165                                 2.4312
anon150                                2.54342
anon152                                2.56271
anon167                                2.41307
anon154                                2.58217
anon169                                 2.3951
anon171                                2.37729
anon156                                 2.6018
anon158                                2.62161
anon173                                2.35964
anon175                                2.34214
anon176                                2.20772
anon162                                  2.224
anon177                                 2.1916
anon164                                2.24042
anon179                                2.17561
anon181                                2.15977
anon166                                  2.257
anon168                                2.27372
anon183                                2.14408
anon170                                 2.2906
anon185                                2.12853
anon187                                2.11312
anon172                                2.30763
anon174                                2.32481
anon189                                2.09785
anon191                                2.08273
anon192                                1.96662
anon193                                 1.9527
anon178                                1.98066
anon195                                1.93892
anon180                                1.99484
anon182                                2.00915
anon197                                1.92527
anon184                                2.02359
anon199                                1.91174
anon201                                1.89834
anon186                                2.03817
anon188                                2.05289
anon203                                1.88507
anon190                                2.06774
anon205                                1.87192
anon207                                 1.8589
anon208                                1.75912
anon209                                1.74719
anon194                                1.77118
anon211                                1.73537
anon196                                1.78335
anon198                                1.79564
anon213                                1.72366
anon215                                1.71207
anon200                                1.80805
anon202                                1.82058
anon217                                 1.7006
anon219                                1.68924
anon204                                1.83323
anon221                                1.67799
anon206                                1.84601
anon223                                1.66685
anon224                                1.58169
anon210                                1.59196
anon225                                1.57153
anon227                                1.56147
anon212                                1.60234
anon214                                1.61282
anon229                                1.55152
anon231                                1.54167
anon216                                1.62341
anon218                                 1.6341
anon233                                1.53192
anon235                                1.52227
anon220                                1.64491
anon237                                1.51273
anon222                                1.65582
anon239                                1.50329
anon240                                1.43129
anon241                                1.42273
anon226                                1.43995
anon243                                1.41426
anon228                                1.44871
anon230                                1.45756
anon245                                1.40589
anon247                                1.39761
anon232                                1.46651
anon249                                1.38942
anon234                                1.47555
anon236                                 1.4847
anon251                                1.38133
anon253                                1.37332
anon238                                1.49394
anon255                                1.36541
anon256                                1.30536
anon242                                1.31256
anon257                                1.29825
anon244                                1.31984
anon259                                1.29123
anon261                                1.28429
anon246                                1.32721
anon263                                1.27744
anon248                                1.33467
anon265                                1.27067
anon250                                1.34222
anon252                                1.34986
anon267                                1.26399
anon269                                1.25739
anon254                                1.35759
anon271                                1.25088
anon272                                1.20173
anon273                                1.19595
anon258                                1.20759
anon275                                1.19026
anon260                                1.21353
anon262                                1.21955
anon277                                1.18464
anon279                                 1.1791
anon264                                1.22565
anon281                                1.17364
anon266                                1.23183
anon268                                 1.2381
anon283                                1.16825
anon285                                1.16295
anon270                                1.24445
anon287                                1.15772
anon274                                1.12327
anon276                                1.12796
anon278                                1.13273
anon280                                1.13758
anon282                                 1.1425
anon284                                1.14749
anon286                                1.15257
vin#branch                        -7.94093e-23
vgnd_logic#branch                  2.52769e-05
vsup_drv#branch                   -2.60698e-05
vsup_logic#branch                     -6.6e-09

 Reference value :  1.37456e-08
 Reference value :  3.11600e-08
 Reference value :  5.40600e-08
 Reference value :  7.34879e-08
 Reference value :  9.85479e-08
 Reference value :  1.17360e-07
 Reference value :  1.40892e-07
 Reference value :  1.61148e-07
 Reference value :  1.81308e-07
No. of Data Rows : 10551
mq1                 =  3.30501e+00 at=  1.41152e-07
mq2                 =  3.30000e+00 at=  2.00000e-07
mq3                 =  3.30000e+00 at=  1.80000e-07
mq4                 =  3.30032e+00 at=  2.09503e-08
mq5                 =  3.32330e+00 at=  1.00094e-07
mq6                 =  3.32332e+00 at=  1.00094e-07
na_peak             =  2.28073e+00 at=  2.00955e-08
nb_peak             =  2.26036e+00 at=  6.08035e-08
mvc1                =  1.41081e+00 at=  6.10000e-08
mvc2                =  1.41524e+00 at=  6.10000e-08
mvc3                =  1.42187e+00 at=  1.41000e-07
mvc4                =  1.43071e+00 at=  1.41000e-07
vccomp_stack        =  5.66978e+00 at=  1.41000e-07
t_plh               =  5.73930e-10 targ=  2.08239e-08 trig=  2.02500e-08
t_phl               =  3.43335e-10 targ=  6.10933e-08 trig=  6.07500e-08
vout_hi_abs         =  5.99999e+00
vout_lo_abs         =  6.29892e-07
vdrv_now            =  6.00000e+00
m_vgate_thinox_max = 3.3233240000e+00
m_vna_peak = 2.2807290000e+00
m_vnb_peak = 2.2603620000e+00
m_vccomp_dev_max = 1.4307070000e+00
m_vccomp_stack_max = 5.6697830000e+00
m_t_plh_ns = 5.7393000000e-01
m_t_phl_ns = 3.4333540000e-01
m_vout_hi_ratio = 9.9999883333e-01
m_vout_lo_ratio = 1.0498196667e-07
Note: Simulation executed from .control section 

Warning: singular matrix:  check node anon293

Note: Starting dynamic gmin stepping
Warning: singular matrix:  check node anon293

Warning: Dynamic gmin stepping failed
Note: Starting true gmin stepping
Warning: singular matrix:  check node anon293

Warning: singular matrix:  check node anon293

Warning: singular matrix:  check node anon293

Warning: singular matrix:  check node anon293

Warning: True gmin stepping failed
Note: Starting source stepping
Warning: source stepping failed
Note: Transient op started
Note: Transient op finished successfully
