
Note: No compatibility mode selected!


Circuit: * level-shifter-oxide-safety-postlayout @ tt_125c_vlogic2p97v-vdrv4p50v -- generated by sim/harness, do not edit

Doing analysis at TEMP = 125.000000 and TNOM = 27.000000

Using SPARSE 1.3 as Direct Linear Solver

Initial Transient Solution
--------------------------

Node                                   Voltage
----                                   -------
x1_inb                                    2.97
in                                           0
gnd_logic                                    0
x1_na                                  2.09568
x1_nb                              4.77577e-07
gnd_drv                            1.91563e-08
x2_n3                                      4.5
x2_n4                              3.10482e-06
x2_n5                                      4.5
out                                3.29182e-06
x3_lockout                         2.90107e-06
in_drv                             9.79897e-07
x1_nbuf1                               4.49998
x1_ncb                             1.44907e-06
x1_nca                                 4.49994
vdd_logic                                 2.97
x2_n1                                  4.49998
x2_n2                              1.82088e-06
x3_ncompn                              4.49395
x3_nref                               0.655134
x3_ntail                              0.166941
x3_ncompp                              3.66017
x3_ndiv                               0.838984
x3_uvlo_ok                             4.49973
vdd_drv                                    4.5
anon293                            2.01316e-07
anon294                           -2.14403e-07
anon295                            5.21112e-08
anon22                                 4.17845
anon23                                 3.85719
anon26                                 3.53618
anon27                                  3.2154
anon30                                 2.89484
anon31                                 2.57448
anon21                                0.974791
anon24                                 1.29451
anon25                                 1.61432
anon28                                 1.93424
anon29                                 2.25428
anon32                                 4.26987
anon33                                 4.03997
anon34                                 3.81029
anon35                                 3.58082
anon36                                 3.35155
anon37                                 3.12247
anon38                                 2.89356
anon39                                  2.6648
anon40                                 1.06692
anon42                                 1.29491
anon44                                 1.52297
anon45                                 1.75112
anon46                                 1.97937
anon47                                 2.20772
anon48                                 2.43619
anon49                                 4.46362
anon41                                0.559291
anon50                                 4.42781
anon43                                0.279636
anon51                                 4.39229
anon52                                 4.35706
anon53                                 4.32213
anon54                                 4.28749
anon55                                 4.25313
anon56                                 4.21905
anon57                                 3.95638
anon59                                 3.98827
anon60                                 4.02042
anon63                                 4.05285
anon65                                 4.08554
anon66                                  4.1185
anon69                                 4.15174
anon71                                 4.18526
anon58                                 3.92476
anon61                                  3.8934
anon62                                 3.86229
anon64                                 3.83145
anon67                                 3.80086
anon68                                 3.77052
anon70                                 3.74044
anon72                                  3.7106
anon73                                 3.48066
anon74                                 3.50857
anon76                                 3.53671
anon78                                  3.5651
anon81                                 3.59371
anon82                                 3.62257
anon84                                 3.65167
anon86                                 3.68101
anon75                                 3.45298
anon77                                 3.42553
anon79                                 3.39831
anon80                                 3.37132
anon83                                 3.34455
anon85                                   3.318
anon87                                 3.29168
anon88                                 3.26557
anon89                                 3.06442
anon90                                 3.08883
anon91                                 3.04021
anon93                                 3.11345
anon94                                 3.01621
anon96                                 3.13827
anon97                                 2.99241
anon100                                3.16331
anon99                                  2.9688
anon102                                 2.9454
anon103                                3.18855
anon105                                3.21401
anon106                                2.92219
anon108                                3.23968
anon109                                2.89917
anon111                                2.87635
anon112                                2.70056
anon113                                2.67941
anon92                                 2.72189
anon115                                2.65844
anon95                                  2.7434
anon117                                2.63765
anon98                                 2.76509
anon101                                2.78697
anon119                                2.61703
anon121                                2.59659
anon104                                2.80903
anon107                                2.83128
anon123                                2.57632
anon110                                2.85372
anon125                                2.55622
anon127                                2.53629
anon128                                2.38285
anon114                                2.40146
anon129                                 2.3644
anon116                                2.42023
anon131                                 2.3461
anon133                                2.32796
anon118                                2.43916
anon120                                2.45826
anon135                                2.30998
anon137                                2.29215
anon122                                2.47752
anon139                                2.27448
anon124                                2.49694
anon141                                2.25695
anon126                                2.51653
anon143                                2.23958
anon144                                2.10586
anon130                                2.12208
anon145                                2.08979
anon147                                2.07386
anon132                                2.13843
anon134                                2.15492
anon149                                2.05807
anon151                                2.04241
anon136                                2.17156
anon138                                2.18835
anon153                                2.02689
anon155                                2.01151
anon140                                2.20528
anon157                                1.99626
anon142                                2.22235
anon159                                1.98114
anon160                                1.86487
anon146                                1.87896
anon161                                1.85091
anon163                                1.83707
anon148                                1.89317
anon165                                1.82335
anon150                                1.90751
anon152                                1.92198
anon167                                1.80975
anon154                                1.93658
anon169                                1.79628
anon171                                1.78292
anon156                                 1.9513
anon158                                1.96615
anon173                                1.76968
anon175                                1.75656
anon176                                1.65575
anon162                                1.66796
anon177                                1.64365
anon164                                1.68027
anon179                                1.63167
anon181                                1.61979
anon166                                 1.6927
anon168                                1.70525
anon183                                1.60802
anon170                                 1.7179
anon185                                1.59636
anon187                                 1.5848
anon172                                1.73067
anon174                                1.74356
anon189                                1.57335
anon191                                1.56201
anon192                                1.47493
anon193                                1.46449
anon178                                1.48546
anon195                                1.45416
anon180                                1.49609
anon182                                1.50683
anon197                                1.44392
anon184                                1.51766
anon199                                1.43377
anon201                                1.42372
anon186                                1.52859
anon188                                1.53963
anon203                                1.41377
anon190                                1.55076
anon205                                1.40391
anon207                                1.39415
anon208                                1.31931
anon209                                1.31036
anon194                                1.32835
anon211                                 1.3015
anon196                                1.33748
anon198                                 1.3467
anon213                                1.29272
anon215                                1.28403
anon200                                1.35601
anon202                                 1.3654
anon217                                1.27542
anon219                                 1.2669
anon204                                1.37489
anon221                                1.25846
anon206                                1.38447
anon223                                1.25011
anon224                                1.18625
anon210                                1.19395
anon225                                1.17862
anon227                                1.17108
anon212                                1.20173
anon214                                1.20959
anon229                                1.16362
anon231                                1.15623
anon216                                1.21753
anon218                                1.22555
anon233                                1.14892
anon235                                1.14168
anon220                                1.23366
anon237                                1.13453
anon222                                1.24184
anon239                                1.12744
anon240                                1.07345
anon241                                1.06703
anon226                                1.07995
anon243                                1.06068
anon228                                1.08651
anon230                                1.09315
anon245                                 1.0544
anon247                                1.04819
anon232                                1.09986
anon249                                1.04205
anon234                                1.10665
anon236                                1.11351
anon251                                1.03598
anon253                                1.02998
anon238                                1.12044
anon255                                1.02405
anon256                               0.979008
anon242                               0.984405
anon257                               0.973676
anon244                               0.989868
anon259                               0.968409
anon261                               0.963206
anon246                               0.995398
anon263                               0.958067
anon248                                1.00099
anon265                               0.952993
anon250                                1.00666
anon252                                1.01238
anon267                               0.947982
anon269                               0.943034
anon254                                1.01818
anon271                               0.938149
anon272                               0.901294
anon273                                0.89696
anon258                               0.905687
anon275                               0.892687
anon260                               0.910141
anon262                               0.914656
anon277                               0.888473
anon279                               0.884318
anon264                               0.919231
anon281                               0.880222
anon266                               0.923868
anon268                               0.928566
anon283                               0.876185
anon285                               0.872206
anon270                               0.933326
anon287                               0.868286
anon274                               0.842448
anon276                               0.845969
anon278                               0.849546
anon280                                0.85318
anon282                                0.85687
anon284                               0.860618
anon286                               0.864423
vin#branch                        -5.29396e-23
vgnd_logic#branch                   1.9169e-05
vsup_drv#branch                   -1.97628e-05
vsup_logic#branch                 -6.84869e-09

 Reference value :  1.61056e-08
 Reference value :  3.89176e-08
 Reference value :  6.27261e-08
 Reference value :  8.84461e-08
 Reference value :  1.09438e-07
 Reference value :  1.34638e-07
 Reference value :  1.54986e-07
 Reference value :  1.79246e-07
 Reference value :  1.99598e-07
No. of Data Rows : 10248
mq1                 =  2.97301e+00 at=  1.41353e-07
mq2                 =  2.97000e+00 at=  2.00000e-07
mq3                 =  2.97000e+00 at=  1.80000e-07
mq4                 =  2.97009e+00 at=  2.15505e-08
mq5                 =  2.99893e+00 at=  2.00800e-08
mq6                 =  2.99917e+00 at=  2.00800e-08
na_peak             =  2.16448e+00 at=  2.00800e-08
nb_peak             =  2.10972e+00 at=  1.40811e-07
mvc1                =  1.06162e+00 at=  6.10894e-08
mvc2                =  1.06492e+00 at=  6.10894e-08
mvc3                =  1.07000e+00 at=  1.41090e-07
mvc4                =  1.07658e+00 at=  1.41090e-07
vccomp_stack        =  4.26685e+00 at=  1.41090e-07
t_plh               =  1.02141e-09 targ=  2.12992e-08 trig=  2.02778e-08
t_phl               =  5.14812e-10 targ=  6.12370e-08 trig=  6.07222e-08
vout_hi_abs         =  4.49999e+00
vout_lo_abs         =  9.79897e-07
vdrv_now            =  4.50000e+00
m_vgate_thinox_max = 2.9991720000e+00
m_vna_peak = 2.1644760000e+00
m_vnb_peak = 2.1097200000e+00
m_vccomp_dev_max = 1.0765810000e+00
m_vccomp_stack_max = 4.2668510000e+00
m_t_plh_ns = 1.0214130000e+00
m_t_phl_ns = 5.1481240000e-01
m_vout_hi_ratio = 9.9999755556e-01
m_vout_lo_ratio = 2.1775495556e-07
Note: Simulation executed from .control section 

Warning: singular matrix:  check node anon293

Note: Starting dynamic gmin stepping
Warning: singular matrix:  check node anon295

Warning: Dynamic gmin stepping failed
Note: Starting true gmin stepping
Warning: singular matrix:  check node anon295

Warning: singular matrix:  check node anon295

Warning: singular matrix:  check node anon295

Warning: singular matrix:  check node anon295

Warning: True gmin stepping failed
Note: Starting source stepping
Warning: source stepping failed
Note: Transient op started
Note: Transient op finished successfully
