
Note: No compatibility mode selected!


Circuit: * level-shifter-oxide-safety-postlayout @ tt_125c_vlogic3p30v-vdrv6p00v -- generated by sim/harness, do not edit

Doing analysis at TEMP = 125.000000 and TNOM = 27.000000

Using SPARSE 1.3 as Direct Linear Solver

Initial Transient Solution
--------------------------

Node                                   Voltage
----                                   -------
x1_inb                                     3.3
in                                           0
gnd_logic                                    0
x1_na                                  2.38397
x1_nb                              6.01358e-07
gnd_drv                             2.7783e-08
x2_n3                                        6
x2_n4                               3.6498e-06
x2_n5                                        6
out                                3.86931e-06
x3_lockout                         3.40571e-06
in_drv                             1.15568e-06
x1_nbuf1                               5.99998
x1_ncb                             1.78727e-06
x1_nca                                 5.99994
vdd_logic                                  3.3
x2_n1                                  5.99998
x2_n2                              2.14223e-06
x3_ncompn                              5.99983
x3_nref                               0.678855
x3_ntail                              0.355766
x3_ncompp                              5.10884
x3_ndiv                                1.11865
x3_uvlo_ok                             5.99971
vdd_drv                                      6
anon293                            3.17056e-07
anon294                           -1.86129e-07
anon295                            1.02408e-07
anon22                                 5.55508
anon23                                 5.11052
anon26                                 4.66631
anon27                                 4.22241
anon30                                 3.77879
anon31                                 3.33542
anon21                                 1.12133
anon24                                 1.56388
anon25                                 2.00654
anon28                                 2.44933
anon29                                 2.89228
anon32                                 5.69316
anon33                                 5.38662
anon34                                 5.08039
anon35                                 4.77443
anon36                                 4.46874
anon37                                 4.16329
anon38                                 3.85807
anon39                                 3.55307
anon40                                 1.42256
anon42                                 1.72655
anon44                                 2.03063
anon45                                 2.33483
anon46                                 2.63915
anon47                                 2.94362
anon48                                 3.24826
anon49                                 5.95156
anon41                                0.745722
anon50                                 5.90381
anon43                                0.372849
anon51                                 5.85646
anon52                                 5.80949
anon53                                 5.76291
anon54                                 5.71672
anon55                                  5.6709
anon56                                 5.62547
anon57                                 5.27524
anon59                                 5.31776
anon60                                 5.36063
anon63                                 5.40386
anon65                                 5.44745
anon66                                  5.4914
anon69                                 5.53572
anon71                                 5.58041
anon58                                 5.23308
anon61                                 5.19126
anon62                                 5.14979
anon64                                 5.10866
anon67                                 5.06787
anon68                                 5.02742
anon70                                 4.98731
anon72                                 4.94753
anon73                                 4.64093
anon74                                 4.67815
anon76                                 4.71568
anon78                                 4.75352
anon81                                 4.79168
anon82                                 4.83015
anon84                                 4.86895
anon86                                 4.90808
anon75                                 4.60403
anon77                                 4.56743
anon79                                 4.53113
anon80                                 4.49514
anon83                                 4.45945
anon85                                 4.42405
anon87                                 4.38895
anon88                                 4.35415
anon89                                 4.08594
anon90                                 4.11849
anon91                                 4.05367
anon93                                 4.15132
anon94                                 4.02166
anon96                                 4.18442
anon97                                 3.98992
anon100                                4.21779
anon99                                 3.95845
anon102                                3.92724
anon103                                4.25146
anon105                                 4.2854
anon106                                3.89629
anon108                                4.31963
anon109                                3.86561
anon111                                3.83518
anon112                                3.60078
anon113                                3.57259
anon92                                 3.62922
anon115                                3.54462
anon95                                  3.6579
anon117                                 3.5169
anon98                                 3.68683
anon101                                  3.716
anon119                                3.48941
anon121                                3.46215
anon104                                3.74542
anon107                                3.77509
anon123                                3.43513
anon110                                3.80501
anon125                                3.40833
anon127                                3.38176
anon128                                3.17717
anon114                                3.20198
anon129                                3.15256
anon116                                3.22701
anon131                                3.12817
anon133                                3.10399
anon118                                3.25225
anon120                                3.27771
anon135                                3.08001
anon137                                3.05624
anon122                                3.30339
anon139                                3.03267
anon124                                3.32929
anon141                                 3.0093
anon126                                3.35541
anon143                                2.98614
anon144                                2.80785
anon130                                2.82946
anon145                                2.78642
anon147                                2.76518
anon132                                2.85127
anon134                                2.87326
anon149                                2.74412
anon151                                2.72325
anon136                                2.89545
anon138                                2.91783
anon153                                2.70255
anon155                                2.68204
anon140                                 2.9404
anon157                                2.66171
anon142                                2.96317
anon159                                2.64155
anon160                                2.48652
anon146                                2.50531
anon161                                 2.4679
anon163                                2.44945
anon148                                2.52426
anon165                                2.43116
anon150                                2.54338
anon152                                2.56267
anon167                                2.41303
anon154                                2.58213
anon169                                2.39506
anon171                                2.37725
anon156                                2.60176
anon158                                2.62157
anon173                                 2.3596
anon175                                2.34211
anon176                                2.20769
anon162                                2.22396
anon177                                2.19156
anon164                                2.24039
anon179                                2.17558
anon181                                2.15974
anon166                                2.25696
anon168                                2.27369
anon183                                2.14405
anon170                                2.29056
anon185                                 2.1285
anon187                                2.11309
anon172                                2.30759
anon174                                2.32477
anon189                                2.09782
anon191                                2.08269
anon192                                1.96659
anon193                                1.95268
anon178                                1.98063
anon195                                1.93889
anon180                                1.99481
anon182                                2.00912
anon197                                1.92524
anon184                                2.02356
anon199                                1.91171
anon201                                1.89832
anon186                                2.03814
anon188                                2.05285
anon203                                1.88504
anon190                                2.06771
anon205                                 1.8719
anon207                                1.85888
anon208                                 1.7591
anon209                                1.74716
anon194                                1.77115
anon211                                1.73534
anon196                                1.78332
anon198                                1.79561
anon213                                1.72364
anon215                                1.71205
anon200                                1.80802
anon202                                1.82055
anon217                                1.70058
anon219                                1.68922
anon204                                1.83321
anon221                                1.67797
anon206                                1.84598
anon223                                1.66683
anon224                                1.58167
anon210                                1.59194
anon225                                1.57151
anon227                                1.56145
anon212                                1.60232
anon214                                 1.6128
anon229                                 1.5515
anon231                                1.54165
anon216                                1.62339
anon218                                1.63408
anon233                                 1.5319
anon235                                1.52226
anon220                                1.64489
anon237                                1.51271
anon222                                 1.6558
anon239                                1.50327
anon240                                1.43128
anon241                                1.42272
anon226                                1.43994
anon243                                1.41425
anon228                                1.44869
anon230                                1.45754
anon245                                1.40588
anon247                                 1.3976
anon232                                1.46649
anon249                                1.38941
anon234                                1.47554
anon236                                1.48468
anon251                                1.38131
anon253                                1.37331
anon238                                1.49393
anon255                                 1.3654
anon256                                1.30535
anon242                                1.31255
anon257                                1.29824
anon244                                1.31983
anon259                                1.29122
anon261                                1.28428
anon246                                 1.3272
anon263                                1.27743
anon248                                1.33466
anon265                                1.27066
anon250                                1.34221
anon252                                1.34985
anon267                                1.26398
anon269                                1.25738
anon254                                1.35758
anon271                                1.25087
anon272                                1.20173
anon273                                1.19595
anon258                                1.20759
anon275                                1.19025
anon260                                1.21352
anon262                                1.21954
anon277                                1.18463
anon279                                1.17909
anon264                                1.22565
anon281                                1.17363
anon266                                1.23183
anon268                                1.23809
anon283                                1.16825
anon285                                1.16294
anon270                                1.24444
anon287                                1.15772
anon274                                1.12326
anon276                                1.12796
anon278                                1.13273
anon280                                1.13757
anon282                                1.14249
anon284                                1.14749
anon286                                1.15257
vin#branch                        -1.58819e-22
vgnd_logic#branch                  2.77984e-05
vsup_drv#branch                   -2.85897e-05
vsup_logic#branch                 -7.73772e-09

 Reference value :  1.33256e-08
 Reference value :  3.30966e-08
 Reference value :  5.67166e-08
 Reference value :  7.64658e-08
 Reference value :  1.00096e-07
 Reference value :  1.19529e-07
 Reference value :  1.41246e-07
 Reference value :  1.63666e-07
 Reference value :  1.83649e-07
No. of Data Rows : 10329
mq1                 =  3.30406e+00 at=  6.12886e-08
mq2                 =  3.30000e+00 at=  2.00000e-07
mq3                 =  3.30000e+00 at=  1.80000e-07
mq4                 =  3.30018e+00 at=  1.01259e-07
mq5                 =  3.32911e+00 at=  1.80076e-07
mq6                 =  3.32930e+00 at=  1.80076e-07
na_peak             =  2.45453e+00 at=  2.00764e-08
nb_peak             =  2.40381e+00 at=  6.07927e-08
mvc1                =  1.37171e+00 at=  6.10661e-08
mvc2                =  1.37613e+00 at=  6.10661e-08
mvc3                =  1.38278e+00 at=  1.41066e-07
mvc4                =  1.39159e+00 at=  1.41066e-07
vccomp_stack        =  5.51350e+00 at=  1.41066e-07
t_plh               =  7.94305e-10 targ=  2.10443e-08 trig=  2.02500e-08
t_phl               =  4.47207e-10 targ=  6.11972e-08 trig=  6.07500e-08
vout_hi_abs         =  5.99999e+00
vout_lo_abs         =  1.15568e-06
vdrv_now            =  6.00000e+00
m_vgate_thinox_max = 3.3293000000e+00
m_vna_peak = 2.4545340000e+00
m_vnb_peak = 2.4038120000e+00
m_vccomp_dev_max = 1.3915930000e+00
m_vccomp_stack_max = 5.5134970000e+00
m_t_plh_ns = 7.9430500000e-01
m_t_phl_ns = 4.4720670000e-01
m_vout_hi_ratio = 9.9999816667e-01
m_vout_lo_ratio = 1.9261266667e-07
Note: Simulation executed from .control section 

Warning: singular matrix:  check node anon293

Note: Starting dynamic gmin stepping
Warning: singular matrix:  check node anon295

Warning: Dynamic gmin stepping failed
Note: Starting true gmin stepping
Warning: singular matrix:  check node anon295

Warning: singular matrix:  check node anon295

Warning: singular matrix:  check node anon295

Warning: singular matrix:  check node anon295

Warning: True gmin stepping failed
Note: Starting source stepping
Warning: source stepping failed
Note: Transient op started
Note: Transient op finished successfully
