
Note: No compatibility mode selected!


Circuit: * level-shifter-oxide-safety-postlayout @ tt_125c_vlogic3p63v-vdrv5p50v -- generated by sim/harness, do not edit

Doing analysis at TEMP = 125.000000 and TNOM = 27.000000

Using SPARSE 1.3 as Direct Linear Solver

Initial Transient Solution
--------------------------

Node                                   Voltage
----                                   -------
x1_inb                                    3.63
in                                           0
gnd_logic                                    0
x1_na                                  2.64404
x1_nb                              5.26571e-07
gnd_drv                            2.47406e-08
x2_n3                                      5.5
x2_n4                              3.44964e-06
x2_n5                                      5.5
out                                3.65721e-06
x3_lockout                         3.21963e-06
in_drv                             1.09118e-06
x1_nbuf1                               5.49998
x1_ncb                             1.53726e-06
x1_nca                                 5.49994
vdd_logic                                 3.63
x2_n1                                  5.49998
x2_n2                              2.02424e-06
x3_ncompn                               5.4996
x3_nref                                0.67161
x3_ntail                              0.290665
x3_ncompp                              4.62457
x3_ndiv                                1.02542
x3_uvlo_ok                             5.49971
vdd_drv                                    5.5
anon293                            2.00447e-07
anon294                           -2.36687e-07
anon295                            6.66546e-08
anon22                                 5.09626
anon23                                 4.69286
anon26                                 4.28977
anon27                                 3.88696
anon30                                 3.48442
anon31                                 3.08211
anon21                                 1.07309
anon24                                 1.47464
anon25                                  1.8763
anon28                                 2.27807
anon29                                    2.68
anon32                                 5.21873
anon33                                 4.93774
anon34                                 4.65702
anon35                                 4.37656
anon36                                 4.09634
anon37                                 3.81635
anon38                                 3.53657
anon39                                 3.25698
anon40                                 1.30401
anon42                                 1.58267
anon44                                 1.86141
anon45                                 2.14026
anon46                                 2.41922
anon47                                 2.69832
anon48                                 2.97757
anon49                                 5.45558
anon41                                0.683578
anon50                                 5.41181
anon43                                0.341778
anon51                                  5.3684
anon52                                 5.32535
anon53                                 5.28265
anon54                                 5.24031
anon55                                 5.19831
anon56                                 5.15666
anon57                                 4.83562
anon59                                  4.8746
anon60                                  4.9139
anon63                                 4.95352
anon65                                 4.99348
anon66                                 5.03377
anon69                                  5.0744
anon71                                 5.11536
anon58                                 4.79697
anon61                                 4.75864
anon62                                 4.72062
anon64                                 4.68292
anon67                                 4.64554
anon68                                 4.60846
anon70                                 4.57169
anon72                                 4.53522
anon73                                 4.25418
anon74                                 4.28829
anon76                                 4.32269
anon78                                 4.35738
anon81                                 4.39236
anon82                                 4.42763
anon84                                 4.46319
anon86                                 4.49906
anon75                                 4.22035
anon77                                  4.1868
anon79                                 4.15353
anon80                                 4.12053
anon83                                 4.08782
anon85                                 4.05537
anon87                                 4.02319
anon88                                 3.99129
anon89                                 3.74544
anon90                                 3.77527
anon91                                 3.71585
anon93                                 3.80536
anon94                                 3.68651
anon96                                  3.8357
anon97                                 3.65742
anon100                                 3.8663
anon99                                 3.62857
anon102                                3.59996
anon103                                3.89715
anon105                                3.92827
anon106                                3.57159
anon108                                3.95965
anon109                                3.54346
anon111                                3.51557
anon112                                3.30071
anon113                                3.27486
anon92                                 3.32678
anon115                                3.24923
anon95                                 3.35307
anon117                                3.22382
anon98                                 3.37958
anon101                                3.40632
anon119                                3.19862
anon121                                3.17363
anon104                                3.43329
anon107                                3.46048
anon123                                3.14886
anon110                                3.48791
anon125                                3.12429
anon127                                3.09994
anon128                                2.91239
anon114                                2.93514
anon129                                2.88984
anon116                                2.95808
anon131                                2.86748
anon133                                2.84531
anon118                                2.98122
anon120                                3.00456
anon135                                2.82333
anon137                                2.80154
anon122                                 3.0281
anon139                                2.77994
anon124                                3.05184
anon141                                2.75852
anon126                                3.07579
anon143                                2.73728
anon144                                2.57385
anon130                                2.59367
anon145                                2.55421
anon147                                2.53474
anon132                                2.61366
anon134                                2.63382
anon149                                2.51544
anon151                                 2.4963
anon136                                2.65415
anon138                                2.67467
anon153                                2.47733
anon155                                2.45853
anon140                                2.69536
anon157                                2.43989
anon142                                2.71623
anon159                                2.42141
anon160                                 2.2793
anon146                                2.29652
anon161                                2.26224
anon163                                2.24532
anon148                                 2.3139
anon165                                2.22855
anon150                                2.33142
anon152                                2.34911
anon167                                2.21194
anon154                                2.36694
anon169                                2.19546
anon171                                2.17914
anon156                                2.38494
anon158                                 2.4031
anon173                                2.16296
anon175                                2.14693
anon176                                2.02371
anon162                                2.03863
anon177                                2.00893
anon164                                2.05368
anon179                                1.99428
anon181                                1.97976
anon166                                2.06888
anon168                                2.08421
anon183                                1.96537
anon170                                2.09967
anon185                                1.95112
anon187                                1.93699
anon172                                2.11528
anon174                                2.13103
anon189                                  1.923
anon191                                1.90913
anon192                                 1.8027
anon193                                1.78995
anon178                                1.81558
anon195                                1.77731
anon180                                1.82857
anon182                                1.84169
anon197                                 1.7648
anon184                                1.85493
anon199                                 1.7524
anon201                                1.74012
anon186                                1.86829
anon188                                1.88178
anon203                                1.72795
anon190                                1.89539
anon205                                 1.7159
anon207                                1.70397
anon208                                 1.6125
anon209                                1.60156
anon194                                1.62355
anon211                                1.59073
anon196                                1.63471
anon198                                1.64598
anon213                                   1.58
anon215                                1.56938
anon200                                1.65735
anon202                                1.66884
anon217                                1.55886
anon219                                1.54844
anon204                                1.68043
anon221                                1.53813
anon206                                1.69214
anon223                                1.52792
anon224                                1.44986
anon210                                1.45928
anon225                                1.44055
anon227                                1.43133
anon212                                1.46879
anon214                                1.47839
anon229                                1.42221
anon231                                1.41318
anon216                                 1.4881
anon218                                1.49791
anon233                                1.40424
anon235                                 1.3954
anon220                                1.50781
anon237                                1.38665
anon222                                1.51782
anon239                                1.37799
anon240                                1.31201
anon241                                1.30416
anon226                                1.31994
anon243                                1.29639
anon228                                1.32797
anon230                                1.33608
anon245                                1.28872
anon247                                1.28113
anon232                                1.34428
anon249                                1.27362
anon234                                1.35258
anon236                                1.36096
anon251                                 1.2662
anon253                                1.25887
anon238                                1.36943
anon255                                1.25162
anon256                                1.19657
anon242                                1.20317
anon257                                1.19005
anon244                                1.20984
anon259                                1.18361
anon261                                1.17726
anon246                                 1.2166
anon263                                1.17097
anon248                                1.22344
anon265                                1.16477
anon250                                1.23036
anon252                                1.23736
anon267                                1.15865
anon269                                 1.1526
anon254                                1.24445
anon271                                1.14663
anon272                                1.10158
anon273                                1.09629
anon258                                1.10695
anon275                                1.09106
anon260                                 1.1124
anon262                                1.11791
anon277                                1.08591
anon279                                1.08083
anon264                                1.12351
anon281                                1.07583
anon266                                1.12917
anon268                                1.13492
anon283                                1.07089
anon285                                1.06603
anon270                                1.14074
anon287                                1.06124
anon274                                1.02966
anon276                                1.03396
anon278                                1.03833
anon280                                1.04278
anon282                                1.04729
anon284                                1.05187
anon286                                1.05652
vin#branch                         6.35275e-22
vgnd_logic#branch                  2.47569e-05
vsup_drv#branch                   -2.54819e-05
vsup_logic#branch                 -8.70865e-09

 Reference value :  1.26656e-08
 Reference value :  3.26596e-08
 Reference value :  5.62396e-08
 Reference value :  7.54963e-08
 Reference value :  9.83563e-08
 Reference value :  1.17479e-07
 Reference value :  1.40878e-07
 Reference value :  1.64852e-07
 Reference value :  1.85098e-07
No. of Data Rows : 10319
mq1                 =  3.63377e+00 at=  1.41267e-07
mq2                 =  3.63000e+00 at=  2.00000e-07
mq3                 =  3.63000e+00 at=  1.80000e-07
mq4                 =  3.63011e+00 at=  2.13616e-08
mq5                 =  3.65940e+00 at=  1.80068e-07
mq6                 =  3.65967e+00 at=  1.00064e-07
na_peak             =  2.71396e+00 at=  2.00733e-08
nb_peak             =  2.66517e+00 at=  1.40776e-07
mvc1                =  1.28436e+00 at=  6.10370e-08
mvc2                =  1.28840e+00 at=  6.10370e-08
mvc3                =  1.29443e+00 at=  1.41037e-07
mvc4                =  1.30248e+00 at=  1.41037e-07
vccomp_stack        =  5.16163e+00 at=  6.10370e-08
t_plh               =  9.13413e-10 targ=  2.11407e-08 trig=  2.02273e-08
t_phl               =  4.01513e-10 targ=  6.11742e-08 trig=  6.07727e-08
vout_hi_abs         =  5.49999e+00
vout_lo_abs         =  1.09118e-06
vdrv_now            =  5.50000e+00
m_vgate_thinox_max = 3.6596680000e+00
m_vna_peak = 2.7139630000e+00
m_vnb_peak = 2.6651670000e+00
m_vccomp_dev_max = 1.3024820000e+00
m_vccomp_stack_max = 5.1616340000e+00
m_t_plh_ns = 9.1341270000e-01
m_t_phl_ns = 4.0151330000e-01
m_vout_hi_ratio = 9.9999800000e-01
m_vout_lo_ratio = 1.9839709091e-07
Note: Simulation executed from .control section 

Warning: singular matrix:  check node anon293

Note: Starting dynamic gmin stepping
Warning: singular matrix:  check node anon295

Warning: Dynamic gmin stepping failed
Note: Starting true gmin stepping
Warning: singular matrix:  check node anon295

Warning: singular matrix:  check node anon295

Warning: singular matrix:  check node anon295

Warning: singular matrix:  check node anon295

Warning: True gmin stepping failed
Note: Starting source stepping
Warning: source stepping failed
Note: Transient op started
Note: Transient op finished successfully
