
Note: No compatibility mode selected!


Circuit: * level-shifter-oxide-safety-postlayout @ tt_27c_vlogic3p63v-vdrv5p50v -- generated by sim/harness, do not edit

Doing analysis at TEMP = 27.000000 and TNOM = 27.000000

Using SPARSE 1.3 as Direct Linear Solver

Initial Transient Solution
--------------------------

Node                                   Voltage
----                                   -------
x1_inb                                    3.63
in                                           0
gnd_logic                                    0
x1_na                                  2.53934
x1_nb                              4.14276e-07
gnd_drv                            2.33909e-08
x2_n3                                      5.5
x2_n4                              2.46641e-06
x2_n5                                      5.5
out                                2.61447e-06
x3_lockout                         2.30379e-06
in_drv                             7.83496e-07
x1_nbuf1                               5.49999
x1_ncb                             1.14876e-06
x1_nca                                 5.49996
vdd_logic                                 3.63
x2_n1                                  5.49998
x2_n2                              1.44879e-06
x3_ncompn                              5.49961
x3_nref                               0.762244
x3_ntail                              0.226923
x3_ncompp                              4.53006
x3_ndiv                                1.02542
x3_uvlo_ok                             5.49978
vdd_drv                                    5.5
anon293                            1.62808e-07
anon294                           -1.60514e-07
anon295                            5.41274e-08
anon22                                  5.1038
anon23                                 4.70794
anon26                                 4.31239
anon27                                 3.91713
anon30                                 3.52213
anon31                                 3.12737
anon21                                 1.15615
anon24                                 1.55014
anon25                                 1.94422
anon28                                 2.33844
anon29                                 2.73281
anon32                                 5.21873
anon33                                 4.93774
anon34                                 4.65702
anon35                                 4.37656
anon36                                 4.09634
anon37                                 3.81635
anon38                                 3.53657
anon39                                 3.25698
anon40                                 1.30401
anon42                                 1.58267
anon44                                 1.86141
anon45                                 2.14026
anon46                                 2.41922
anon47                                 2.69832
anon48                                 2.97757
anon49                                 5.45564
anon41                                0.683579
anon50                                 5.41187
anon43                                0.341778
anon51                                 5.36846
anon52                                 5.32541
anon53                                 5.28271
anon54                                 5.24037
anon55                                 5.19837
anon56                                 5.15672
anon57                                 4.83568
anon59                                 4.87465
anon60                                 4.91395
anon63                                 4.95358
anon65                                 4.99354
anon66                                 5.03383
anon69                                 5.07445
anon71                                 5.11542
anon58                                 4.79703
anon61                                 4.75869
anon62                                 4.72068
anon64                                 4.68298
anon67                                 4.64559
anon68                                 4.60851
anon70                                 4.57174
anon72                                 4.53527
anon73                                 4.25422
anon74                                 4.28834
anon76                                 4.32274
anon78                                 4.35743
anon81                                 4.39241
anon82                                 4.42768
anon84                                 4.46324
anon86                                 4.49911
anon75                                 4.22039
anon77                                 4.18684
anon79                                 4.15357
anon80                                 4.12058
anon83                                 4.08786
anon85                                 4.05542
anon87                                 4.02324
anon88                                 3.99133
anon89                                 3.74548
anon90                                 3.77531
anon91                                 3.71589
anon93                                  3.8054
anon94                                 3.68655
anon96                                 3.83575
anon97                                 3.65746
anon100                                3.86634
anon99                                 3.62861
anon102                                    3.6
anon103                                 3.8972
anon105                                3.92831
anon106                                3.57163
anon108                                3.95969
anon109                                 3.5435
anon111                                3.51561
anon112                                3.30075
anon113                                 3.2749
anon92                                 3.32681
anon115                                3.24927
anon95                                 3.35311
anon117                                3.22385
anon98                                 3.37962
anon101                                3.40636
anon119                                3.19865
anon121                                3.17367
anon104                                3.43333
anon107                                3.46052
anon123                                3.14889
anon110                                3.48795
anon125                                3.12433
anon127                                3.09997
anon128                                2.91243
anon114                                2.93517
anon129                                2.88987
anon116                                2.95812
anon131                                2.86751
anon133                                2.84534
anon118                                2.98126
anon120                                 3.0046
anon135                                2.82336
anon137                                2.80157
anon122                                3.02813
anon139                                2.77997
anon124                                3.05188
anon141                                2.75855
anon126                                3.07582
anon143                                2.73731
anon144                                2.57388
anon130                                 2.5937
anon145                                2.55424
anon147                                2.53477
anon132                                2.61368
anon134                                2.63384
anon149                                2.51546
anon151                                2.49633
anon136                                2.65418
anon138                                 2.6747
anon153                                2.47736
anon155                                2.45855
anon140                                2.69539
anon157                                2.43991
anon142                                2.71626
anon159                                2.42144
anon160                                2.27933
anon146                                2.29655
anon161                                2.26226
anon163                                2.24534
anon148                                2.31392
anon165                                2.22858
anon150                                2.33145
anon152                                2.34913
anon167                                2.21196
anon154                                2.36697
anon169                                2.19549
anon171                                2.17916
anon156                                2.38497
anon158                                2.40312
anon173                                2.16298
anon175                                2.14695
anon176                                2.02373
anon162                                2.03865
anon177                                2.00894
anon164                                 2.0537
anon179                                1.99429
anon181                                1.97978
anon166                                 2.0689
anon168                                2.08423
anon183                                1.96539
anon170                                 2.0997
anon185                                1.95114
anon187                                1.93701
anon172                                 2.1153
anon174                                2.13105
anon189                                1.92302
anon191                                1.90915
anon192                                1.80272
anon193                                1.78996
anon178                                1.81559
anon195                                1.77733
anon180                                1.82859
anon182                                 1.8417
anon197                                1.76481
anon184                                1.85494
anon199                                1.75241
anon201                                1.74013
anon186                                1.86831
anon188                                 1.8818
anon203                                1.72797
anon190                                1.89541
anon205                                1.71592
anon207                                1.70398
anon208                                1.61252
anon209                                1.60158
anon194                                1.62357
anon211                                1.59074
anon196                                1.63472
anon198                                1.64599
anon213                                1.58001
anon215                                1.56939
anon200                                1.65737
anon202                                1.66885
anon217                                1.55887
anon219                                1.54846
anon204                                1.68045
anon221                                1.53814
anon206                                1.69216
anon223                                1.52794
anon224                                1.44988
anon210                                1.45929
anon225                                1.44056
anon227                                1.43134
anon212                                 1.4688
anon214                                1.47841
anon229                                1.42222
anon231                                1.41319
anon216                                1.48811
anon218                                1.49792
anon233                                1.40425
anon235                                1.39541
anon220                                1.50782
anon237                                1.38666
anon222                                1.51783
anon239                                  1.378
anon240                                1.31201
anon241                                1.30416
anon226                                1.31995
anon243                                 1.2964
anon228                                1.32798
anon230                                1.33609
anon245                                1.28872
anon247                                1.28113
anon232                                1.34429
anon249                                1.27363
anon234                                1.35258
anon236                                1.36097
anon251                                1.26621
anon253                                1.25887
anon238                                1.36944
anon255                                1.25162
anon256                                1.19657
anon242                                1.20317
anon257                                1.19006
anon244                                1.20985
anon259                                1.18362
anon261                                1.17726
anon246                                1.21661
anon263                                1.17098
anon248                                1.22345
anon265                                1.16478
anon250                                1.23037
anon252                                1.23737
anon267                                1.15865
anon269                                 1.1526
anon254                                1.24445
anon271                                1.14663
anon272                                1.10159
anon273                                1.09629
anon258                                1.10696
anon275                                1.09107
anon260                                 1.1124
anon262                                1.11792
anon277                                1.08592
anon279                                1.08084
anon264                                1.12351
anon281                                1.07583
anon266                                1.12918
anon268                                1.13492
anon283                                 1.0709
anon285                                1.06603
anon270                                1.14074
anon287                                1.06124
anon274                                1.02966
anon276                                1.03396
anon278                                1.03834
anon280                                1.04278
anon282                                1.04729
anon284                                1.05187
anon286                                1.05652
vin#branch                        -9.52912e-22
vgnd_logic#branch                  2.34026e-05
vsup_drv#branch                   -2.41294e-05
vsup_logic#branch                 -7.26566e-09

 Reference value :  1.45256e-08
 Reference value :  3.23021e-08
 Reference value :  5.49021e-08
 Reference value :  7.40822e-08
 Reference value :  9.72022e-08
 Reference value :  1.14942e-07
 Reference value :  1.38322e-07
 Reference value :  1.56968e-07
 Reference value :  1.80171e-07
 Reference value :  1.99242e-07
No. of Data Rows : 10438
mq1                 =  3.63425e+00 at=  1.41191e-07
mq2                 =  3.63000e+00 at=  2.00000e-07
mq3                 =  3.63000e+00 at=  1.80000e-07
mq4                 =  3.63017e+00 at=  2.11587e-08
mq5                 =  3.65693e+00 at=  2.00727e-08
mq6                 =  3.65706e+00 at=  2.00727e-08
na_peak             =  2.61941e+00 at=  2.00727e-08
nb_peak             =  2.59269e+00 at=  1.40793e-07
mvc1                =  1.30304e+00 at=  6.10020e-08
mvc2                =  1.30708e+00 at=  6.10020e-08
mvc3                =  1.31314e+00 at=  1.41002e-07
mvc4                =  1.32122e+00 at=  1.41002e-07
vccomp_stack        =  5.23641e+00 at=  1.41002e-07
t_plh               =  7.66744e-10 targ=  2.09940e-08 trig=  2.02273e-08
t_phl               =  3.43192e-10 targ=  6.11159e-08 trig=  6.07727e-08
vout_hi_abs         =  5.49999e+00
vout_lo_abs         =  7.83496e-07
vdrv_now            =  5.50000e+00
m_vgate_thinox_max = 3.6570560000e+00
m_vna_peak = 2.6194130000e+00
m_vnb_peak = 2.5926920000e+00
m_vccomp_dev_max = 1.3212160000e+00
m_vccomp_stack_max = 5.2364110000e+00
m_t_plh_ns = 7.6674400000e-01
m_t_phl_ns = 3.4319170000e-01
m_vout_hi_ratio = 9.9999854545e-01
m_vout_lo_ratio = 1.4245378182e-07
Note: Simulation executed from .control section 

Warning: singular matrix:  check node anon293

Note: Starting dynamic gmin stepping
Warning: singular matrix:  check node anon295

Warning: Dynamic gmin stepping failed
Note: Starting true gmin stepping
Warning: singular matrix:  check node anon295

Warning: singular matrix:  check node anon295

Warning: singular matrix:  check node anon295

Warning: singular matrix:  check node anon295

Warning: True gmin stepping failed
Note: Starting source stepping
Warning: source stepping failed
Note: Transient op started
Note: Transient op finished successfully
