
Note: No compatibility mode selected!


Circuit: * level-shifter-oxide-safety-postlayout @ tt_27c_vlogic2p97v-vdrv4p50v -- generated by sim/harness, do not edit

Doing analysis at TEMP = 27.000000 and TNOM = 27.000000

Using SPARSE 1.3 as Direct Linear Solver

Initial Transient Solution
--------------------------

Node                                   Voltage
----                                   -------
x1_inb                                    2.97
in                                           0
gnd_logic                                    0
x1_na                                  1.98313
x1_nb                              3.67772e-07
gnd_drv                              1.783e-08
x2_n3                                      4.5
x2_n4                              2.23709e-06
x2_n5                                      4.5
out                                2.37159e-06
x3_lockout                         2.09435e-06
in_drv                             7.08237e-07
x1_nbuf1                               4.49999
x1_ncb                             1.08167e-06
x1_nca                                 4.49996
vdd_logic                                 2.97
x2_n1                                  4.49998
x2_n2                              1.31279e-06
x3_ncompn                              4.48458
x3_nref                               0.748515
x3_ntail                              0.106836
x3_ncompp                              3.57005
x3_ndiv                               0.838984
x3_uvlo_ok                             4.49979
vdd_drv                                    4.5
anon293                            1.66732e-07
anon294                           -1.39316e-07
anon295                             4.8529e-08
anon22                                 4.18622
anon23                                 3.87273
anon26                                 3.55949
anon27                                 3.24649
anon30                                  2.9337
anon31                                 2.62111
anon21                                 1.06037
anon24                                 1.37229
anon25                                 1.68431
anon28                                 1.99644
anon29                                  2.3087
anon32                                 4.26987
anon33                                 4.03997
anon34                                 3.81029
anon35                                 3.58082
anon36                                 3.35155
anon37                                 3.12247
anon38                                 2.89356
anon39                                  2.6648
anon40                                 1.06692
anon42                                 1.29491
anon44                                 1.52297
anon45                                 1.75112
anon46                                 1.97937
anon47                                 2.20772
anon48                                 2.43619
anon49                                 4.46368
anon41                                0.559292
anon50                                 4.42787
anon43                                0.279636
anon51                                 4.39235
anon52                                 4.35713
anon53                                 4.32219
anon54                                 4.28755
anon55                                 4.25319
anon56                                 4.21911
anon57                                 3.95644
anon59                                 3.98833
anon60                                 4.02048
anon63                                  4.0529
anon65                                  4.0856
anon66                                 4.11856
anon69                                  4.1518
anon71                                 4.18532
anon58                                 3.92482
anon61                                 3.89345
anon62                                 3.86235
anon64                                  3.8315
anon67                                 3.80091
anon68                                 3.77058
anon70                                 3.74049
anon72                                 3.71066
anon73                                 3.48071
anon74                                 3.50862
anon76                                 3.53676
anon78                                 3.56515
anon81                                 3.59376
anon82                                 3.62262
anon84                                 3.65172
anon86                                 3.68107
anon75                                 3.45303
anon77                                 3.42558
anon79                                 3.39836
anon80                                 3.37136
anon83                                 3.34459
anon85                                 3.31805
anon87                                 3.29172
anon88                                 3.26562
anon89                                 3.06446
anon90                                 3.08888
anon91                                 3.04026
anon93                                 3.11349
anon94                                 3.01625
anon96                                 3.13832
anon97                                 2.99245
anon100                                3.16335
anon99                                 2.96884
anon102                                2.94544
anon103                                 3.1886
anon105                                3.21406
anon106                                2.92223
anon108                                3.23973
anon109                                2.89921
anon111                                2.87639
anon112                                2.70059
anon113                                2.67945
anon92                                 2.72192
anon115                                2.65847
anon95                                 2.74343
anon117                                2.63768
anon98                                 2.76513
anon101                                2.78701
anon119                                2.61706
anon121                                2.59662
anon104                                2.80907
anon107                                2.83132
anon123                                2.57635
anon110                                2.85376
anon125                                2.55625
anon127                                2.53632
anon128                                2.38288
anon114                                2.40149
anon129                                2.36443
anon116                                2.42026
anon131                                2.34613
anon133                                2.32799
anon118                                 2.4392
anon120                                2.45829
anon135                                2.31001
anon137                                2.29218
anon122                                2.47755
anon139                                2.27451
anon124                                2.49698
anon141                                2.25698
anon126                                2.51657
anon143                                2.23961
anon144                                2.10589
anon130                                 2.1221
anon145                                2.08982
anon147                                2.07389
anon132                                2.13846
anon134                                2.15495
anon149                                 2.0581
anon151                                2.04244
anon136                                2.17159
anon138                                2.18837
anon153                                2.02692
anon155                                2.01153
anon140                                 2.2053
anon157                                1.99628
anon142                                2.22238
anon159                                1.98117
anon160                                1.86489
anon146                                1.87898
anon161                                1.85093
anon163                                1.83709
anon148                                 1.8932
anon165                                1.82337
anon150                                1.90754
anon152                                  1.922
anon167                                1.80977
anon154                                 1.9366
anon169                                 1.7963
anon171                                1.78294
anon156                                1.95132
anon158                                1.96618
anon173                                 1.7697
anon175                                1.75658
anon176                                1.65577
anon162                                1.66798
anon177                                1.64367
anon164                                1.68029
anon179                                1.63169
anon181                                1.61981
anon166                                1.69272
anon168                                1.70527
anon183                                1.60804
anon170                                1.71792
anon185                                1.59638
anon187                                1.58482
anon172                                1.73069
anon174                                1.74358
anon189                                1.57337
anon191                                1.56202
anon192                                1.47494
anon193                                1.46451
anon178                                1.48548
anon195                                1.45417
anon180                                1.49611
anon182                                1.50684
anon197                                1.44393
anon184                                1.51767
anon199                                1.43379
anon201                                1.42374
anon186                                1.52861
anon188                                1.53964
anon203                                1.41379
anon190                                1.55078
anon205                                1.40393
anon207                                1.39416
anon208                                1.31933
anon209                                1.31037
anon194                                1.32837
anon211                                1.30151
anon196                                 1.3375
anon198                                1.34671
anon213                                1.29273
anon215                                1.28404
anon200                                1.35602
anon202                                1.36542
anon217                                1.27543
anon219                                1.26691
anon204                                1.37491
anon221                                1.25848
anon206                                1.38449
anon223                                1.25012
anon224                                1.18626
anon210                                1.19396
anon225                                1.17864
anon227                                1.17109
anon212                                1.20174
anon214                                 1.2096
anon229                                1.16363
anon231                                1.15624
anon216                                1.21754
anon218                                1.22556
anon233                                1.14893
anon235                                1.14169
anon220                                1.23367
anon237                                1.13454
anon222                                1.24185
anon239                                1.12745
anon240                                1.07346
anon241                                1.06704
anon226                                1.07996
anon243                                1.06069
anon228                                1.08652
anon230                                1.09316
anon245                                1.05441
anon247                                 1.0482
anon232                                1.09987
anon249                                1.04206
anon234                                1.10666
anon236                                1.11351
anon251                                1.03599
anon253                                1.02999
anon238                                1.12045
anon255                                1.02405
anon256                               0.979013
anon242                               0.984411
anon257                               0.973681
anon244                               0.989874
anon259                               0.968413
anon261                               0.963211
anon246                               0.995403
anon263                               0.958072
anon248                                  1.001
anon265                               0.952997
anon250                                1.00666
anon252                                1.01239
anon267                               0.947986
anon269                               0.943038
anon254                                1.01819
anon271                               0.938153
anon272                               0.901297
anon273                               0.896963
anon258                                0.90569
anon275                               0.892689
anon260                               0.910144
anon262                               0.914659
anon277                               0.888475
anon279                                0.88432
anon264                               0.919234
anon281                               0.880224
anon266                               0.923871
anon268                                0.92857
anon283                               0.876187
anon285                               0.872208
anon270                                0.93333
anon287                               0.868287
anon274                               0.842449
anon276                               0.845969
anon278                               0.849547
anon280                               0.853181
anon282                               0.856871
anon284                               0.860619
anon286                               0.864424
vin#branch                        -2.11758e-22
vgnd_logic#branch                  1.78394e-05
vsup_drv#branch                   -1.84346e-05
vsup_logic#branch                 -5.94316e-09

 Reference value :  1.52656e-08
 Reference value :  3.80523e-08
 Reference value :  6.19384e-08
 Reference value :  8.89929e-08
 Reference value :  1.12234e-07
 Reference value :  1.37014e-07
 Reference value :  1.55982e-07
 Reference value :  1.79282e-07
 Reference value :  1.97522e-07
No. of Data Rows : 10362
mq1                 =  2.97338e+00 at=  1.41260e-07
mq2                 =  2.97000e+00 at=  2.00000e-07
mq3                 =  2.97000e+00 at=  1.80000e-07
mq4                 =  2.97014e+00 at=  1.81295e-07
mq5                 =  2.99644e+00 at=  1.00094e-07
mq6                 =  2.99653e+00 at=  1.00094e-07
na_peak             =  2.06750e+00 at=  2.00996e-08
nb_peak             =  2.02900e+00 at=  1.40816e-07
mvc1                =  1.07519e+00 at=  6.10577e-08
mvc2                =  1.07850e+00 at=  6.10577e-08
mvc3                =  1.08338e+00 at=  1.41043e-07
mvc4                =  1.08998e+00 at=  1.41043e-07
vccomp_stack        =  4.32060e+00 at=  6.10577e-08
t_plh               =  8.32218e-10 targ=  2.11100e-08 trig=  2.02778e-08
t_phl               =  4.45678e-10 targ=  6.11679e-08 trig=  6.07222e-08
vout_hi_abs         =  4.49999e+00
vout_lo_abs         =  7.08237e-07
vdrv_now            =  4.50000e+00
m_vgate_thinox_max = 2.9965310000e+00
m_vna_peak = 2.0674950000e+00
m_vnb_peak = 2.0289980000e+00
m_vccomp_dev_max = 1.0899750000e+00
m_vccomp_stack_max = 4.3205980000e+00
m_t_plh_ns = 8.3221850000e-01
m_t_phl_ns = 4.4567820000e-01
m_vout_hi_ratio = 9.9999822222e-01
m_vout_lo_ratio = 1.5738588889e-07
Note: Simulation executed from .control section 

Warning: singular matrix:  check node anon293

Note: Starting dynamic gmin stepping
Warning: singular matrix:  check node anon295

Warning: Dynamic gmin stepping failed
Note: Starting true gmin stepping
Warning: singular matrix:  check node anon295

Warning: singular matrix:  check node anon295

Warning: singular matrix:  check node anon295

Warning: singular matrix:  check node anon295

Warning: True gmin stepping failed
Note: Starting source stepping
Warning: source stepping failed
Note: Transient op started
Note: Transient op finished successfully
