
Note: No compatibility mode selected!


Circuit: * level-shifter-oxide-safety-postlayout @ tt_27c_vlogic3p30v-vdrv6p00v -- generated by sim/harness, do not edit

Doing analysis at TEMP = 27.000000 and TNOM = 27.000000

Using SPARSE 1.3 as Direct Linear Solver

Initial Transient Solution
--------------------------

Node                                   Voltage
----                                   -------
x1_inb                                     3.3
in                                           0
gnd_logic                                    0
x1_na                                  2.27341
x1_nb                              4.68118e-07
gnd_drv                            2.63973e-08
x2_n3                                        6
x2_n4                              2.60176e-06
x2_n5                                        6
out                                2.75785e-06
x3_lockout                         2.42978e-06
in_drv                             8.27735e-07
x1_nbuf1                               5.99998
x1_ncb                             1.33432e-06
x1_nca                                 5.99996
vdd_logic                                  3.3
x2_n1                                  5.99998
x2_n2                              1.52894e-06
x3_ncompn                              5.99986
x3_nref                               0.768277
x3_ntail                              0.292451
x3_ncompp                              5.01608
x3_ndiv                                1.11865
x3_uvlo_ok                             5.99977
vdd_drv                                      6
anon293                            2.51968e-07
anon294                           -1.20363e-07
anon295                            8.11925e-08
anon22                                 5.56252
anon23                                  5.1254
anon26                                 4.68863
anon27                                 4.25218
anon30                                   3.816
anon31                                 3.38008
anon21                                 1.20328
anon24                                 1.63836
anon25                                 2.07356
anon28                                 2.50889
anon29                                 2.94439
anon32                                 5.69316
anon33                                 5.38662
anon34                                 5.08039
anon35                                 4.77443
anon36                                 4.46874
anon37                                 4.16329
anon38                                 3.85807
anon39                                 3.55307
anon40                                 1.42256
anon42                                 1.72655
anon44                                 2.03063
anon45                                 2.33483
anon46                                 2.63915
anon47                                 2.94362
anon48                                 3.24826
anon49                                 5.95162
anon41                                0.745722
anon50                                 5.90387
anon43                                0.372849
anon51                                 5.85652
anon52                                 5.80955
anon53                                 5.76297
anon54                                 5.71678
anon55                                 5.67096
anon56                                 5.62553
anon57                                  5.2753
anon59                                 5.31781
anon60                                 5.36069
anon63                                 5.40392
anon65                                 5.44751
anon66                                 5.49146
anon69                                 5.53578
anon71                                 5.58047
anon58                                 5.23313
anon61                                 5.19131
anon62                                 5.14984
anon64                                 5.10871
anon67                                 5.06793
anon68                                 5.02748
anon70                                 4.98736
anon72                                 4.94758
anon73                                 4.64098
anon74                                  4.6782
anon76                                 4.71572
anon78                                 4.75357
anon81                                 4.79173
anon82                                  4.8302
anon84                                   4.869
anon86                                 4.90813
anon75                                 4.60408
anon77                                 4.56748
anon79                                 4.53118
anon80                                 4.49519
anon83                                  4.4595
anon85                                  4.4241
anon87                                   4.389
anon88                                 4.35419
anon89                                 4.08598
anon90                                 4.11853
anon91                                 4.05371
anon93                                 4.15136
anon94                                  4.0217
anon96                                 4.18446
anon97                                 3.98996
anon100                                4.21784
anon99                                 3.95849
anon102                                3.92728
anon103                                 4.2515
anon105                                4.28544
anon106                                3.89633
anon108                                4.31967
anon109                                3.86565
anon111                                3.83522
anon112                                3.60082
anon113                                3.57262
anon92                                 3.62926
anon115                                3.54466
anon95                                 3.65794
anon117                                3.51694
anon98                                 3.68687
anon101                                3.71604
anon119                                3.48945
anon121                                3.46219
anon104                                3.74546
anon107                                3.77512
anon123                                3.43516
anon110                                3.80504
anon125                                3.40836
anon127                                3.38179
anon128                                 3.1772
anon114                                3.20201
anon129                                3.15259
anon116                                3.22704
anon131                                 3.1282
anon133                                3.10402
anon118                                3.25229
anon120                                3.27775
anon135                                3.08004
anon137                                3.05627
anon122                                3.30343
anon139                                 3.0327
anon124                                3.32933
anon141                                3.00933
anon126                                3.35545
anon143                                2.98616
anon144                                2.80788
anon130                                2.82949
anon145                                2.78645
anon147                                2.76521
anon132                                 2.8513
anon134                                2.87329
anon149                                2.74415
anon151                                2.72327
anon136                                2.89548
anon138                                2.91785
anon153                                2.70258
anon155                                2.68206
anon140                                2.94043
anon157                                2.66173
anon142                                 2.9632
anon159                                2.64157
anon160                                2.48654
anon146                                2.50533
anon161                                2.46792
anon163                                2.44947
anon148                                2.52428
anon165                                2.43118
anon150                                 2.5434
anon152                                2.56269
anon167                                2.41305
anon154                                2.58215
anon169                                2.39508
anon171                                2.37727
anon156                                2.60179
anon158                                2.62159
anon173                                2.35962
anon175                                2.34213
anon176                                2.20771
anon162                                2.22398
anon177                                2.19158
anon164                                2.24041
anon179                                 2.1756
anon181                                2.15976
anon166                                2.25698
anon168                                2.27371
anon183                                2.14407
anon170                                2.29058
anon185                                2.12852
anon187                                2.11311
anon172                                2.30761
anon174                                2.32479
anon189                                2.09784
anon191                                2.08271
anon192                                 1.9666
anon193                                1.95269
anon178                                1.98065
anon195                                1.93891
anon180                                1.99483
anon182                                2.00914
anon197                                1.92525
anon184                                2.02358
anon199                                1.91173
anon201                                1.89833
anon186                                2.03816
anon188                                2.05287
anon203                                1.88506
anon190                                2.06772
anon205                                1.87191
anon207                                1.85889
anon208                                1.75911
anon209                                1.74718
anon194                                1.77117
anon211                                1.73536
anon196                                1.78334
anon198                                1.79563
anon213                                1.72365
anon215                                1.71206
anon200                                1.80804
anon202                                1.82057
anon217                                1.70059
anon219                                1.68923
anon204                                1.83322
anon221                                1.67798
anon206                                1.84599
anon223                                1.66684
anon224                                1.58168
anon210                                1.59195
anon225                                1.57152
anon227                                1.56146
anon212                                1.60233
anon214                                1.61281
anon229                                1.55151
anon231                                1.54166
anon216                                 1.6234
anon218                                1.63409
anon233                                1.53191
anon235                                1.52227
anon220                                 1.6449
anon237                                1.51272
anon222                                1.65582
anon239                                1.50328
anon240                                1.43129
anon241                                1.42273
anon226                                1.43995
anon243                                1.41426
anon228                                 1.4487
anon230                                1.45755
anon245                                1.40588
anon247                                 1.3976
anon232                                 1.4665
anon249                                1.38942
anon234                                1.47555
anon236                                1.48469
anon251                                1.38132
anon253                                1.37332
anon238                                1.49394
anon255                                1.36541
anon256                                1.30535
anon242                                1.31255
anon257                                1.29825
anon244                                1.31984
anon259                                1.29122
anon261                                1.28428
anon246                                1.32721
anon263                                1.27743
anon248                                1.33467
anon265                                1.27067
anon250                                1.34222
anon252                                1.34986
anon267                                1.26398
anon269                                1.25739
anon254                                1.35759
anon271                                1.25087
anon272                                1.20173
anon273                                1.19595
anon258                                1.20759
anon275                                1.19025
anon260                                1.21353
anon262                                1.21955
anon277                                1.18464
anon279                                 1.1791
anon264                                1.22565
anon281                                1.17363
anon266                                1.23183
anon268                                 1.2381
anon283                                1.16825
anon285                                1.16295
anon270                                1.24444
anon287                                1.15772
anon274                                1.12327
anon276                                1.12796
anon278                                1.13273
anon280                                1.13757
anon282                                 1.1425
anon284                                1.14749
anon286                                1.15257
vin#branch                        -2.64698e-22
vgnd_logic#branch                  2.64089e-05
vsup_drv#branch                   -2.72016e-05
vsup_logic#branch                 -6.60419e-09

 Reference value :  1.33056e-08
 Reference value :  3.09380e-08
 Reference value :  5.37580e-08
 Reference value :  7.21347e-08
 Reference value :  9.42947e-08
 Reference value :  1.11378e-07
 Reference value :  1.34358e-07
 Reference value :  1.53123e-07
 Reference value :  1.77503e-07
 Reference value :  1.97194e-07
No. of Data Rows : 10438
mq1                 =  3.30468e+00 at=  6.12036e-08
mq2                 =  3.30000e+00 at=  2.00000e-07
mq3                 =  3.30000e+00 at=  1.80000e-07
mq4                 =  3.30023e+00 at=  1.81082e-07
mq5                 =  3.32645e+00 at=  1.80077e-07
mq6                 =  3.32659e+00 at=  1.80077e-07
na_peak             =  2.35659e+00 at=  2.00958e-08
nb_peak             =  2.32140e+00 at=  6.08069e-08
mvc1                =  1.39398e+00 at=  6.10218e-08
mvc2                =  1.39840e+00 at=  6.10218e-08
mvc3                =  1.40513e+00 at=  1.41022e-07
mvc4                =  1.41395e+00 at=  1.41022e-07
vccomp_stack        =  5.60284e+00 at=  1.41022e-07
t_plh               =  6.65566e-10 targ=  2.09156e-08 trig=  2.02500e-08
t_phl               =  3.86378e-10 targ=  6.11364e-08 trig=  6.07500e-08
vout_hi_abs         =  5.99999e+00
vout_lo_abs         =  8.27735e-07
vdrv_now            =  6.00000e+00
m_vgate_thinox_max = 3.3265860000e+00
m_vna_peak = 2.3565920000e+00
m_vnb_peak = 2.3214040000e+00
m_vccomp_dev_max = 1.4139520000e+00
m_vccomp_stack_max = 5.6028370000e+00
m_t_plh_ns = 6.6556640000e-01
m_t_phl_ns = 3.8637850000e-01
m_vout_hi_ratio = 9.9999850000e-01
m_vout_lo_ratio = 1.3795581667e-07
Note: Simulation executed from .control section 

Warning: singular matrix:  check node anon293

Note: Starting dynamic gmin stepping
Warning: singular matrix:  check node anon295

Warning: Dynamic gmin stepping failed
Note: Starting true gmin stepping
Warning: singular matrix:  check node anon295

Warning: singular matrix:  check node anon295

Warning: singular matrix:  check node anon295

Warning: singular matrix:  check node anon295

Warning: True gmin stepping failed
Note: Starting source stepping
Warning: source stepping failed
Note: Transient op started
Note: Transient op finished successfully
