
Note: No compatibility mode selected!


Circuit: * gate-driver-core-drive-postlayout @ ff_-40c_vlogic3p63v-vdrv5p50v -- generated by sim/harness, do not edit

Doing analysis at TEMP = -40.000000 and TNOM = 27.000000

Using SPARSE 1.3 as Direct Linear Solver

Initial Transient Solution
--------------------------

Node                                   Voltage
----                                   -------
x1_inb                                    3.63
in                                           0
gnd_logic                                    0
x1_na                                   2.7369
x1_nb                               3.5788e-10
gnd_drv                            4.08849e-12
x2_n3                                      5.5
x2_n4                              2.16227e-09
x2_n5                                      5.5
out                                2.29306e-09
in_drv                             7.41854e-10
x1_nbuf1                                   5.5
x1_ncb                             9.10928e-10
x1_nca                                     5.5
vdd_logic                                 3.63
x2_n1                                      5.5
x2_n2                              1.45707e-09
vdd_drv                                    5.5
outcap                             2.29306e-09
vimeas#branch                      2.03564e-25
vin#branch                                   0
vgnd_logic#branch                  4.10195e-09
vsup_drv#branch                   -4.09791e-09
vsup_logic#branch                 -4.03808e-12

 Reference value :  3.86224e-08
 Reference value :  9.70224e-08
 Reference value :  1.55522e-07
 Reference value :  1.99522e-07
 Reference value :  2.56822e-07
 Reference value :  3.10222e-07
 Reference value :  3.62391e-07
 Reference value :  4.15291e-07
 Reference value :  4.73191e-07
 Reference value :  5.31691e-07
 Reference value :  5.86491e-07
 Reference value :  6.45291e-07
 Reference value :  6.98091e-07
No. of Data Rows : 7058
trise10_90          =  3.40331e-09 targ=  2.54031e-08 trig=  2.19998e-08
tfall10_90          =  3.38330e-09 targ=  3.26208e-07 trig=  3.22825e-07
tpdlh               =  2.86758e-09 targ=  2.33676e-08 trig=  2.05000e-08
tpdhl               =  2.85659e-09 targ=  3.24357e-07 trig=  3.21500e-07
m_trise_s = 3.4033060000e-09
m_tfall_s = 3.3832950000e-09
m_tpdlh_s = 2.8675750000e-09
m_tpdhl_s = 2.8565900000e-09
m_ipeak_source_a = 1.6679336262e+00
m_ipeak_sink_a = 1.4748734893e+00
m_vout_max_v = 5.5034159917e+00
m_vout_min_v = -2.114300478e-03
m_vin_max_v = 3.6300000000e+00
m_vin_min_v = 0.0000000000e+00
m_indrv_max_v = 5.5209633677e+00
m_indrv_min_v = -8.411004666e-03
m_n1_max_v = 5.5084253642e+00
m_n1_min_v = -8.303409252e-03
m_n2_max_v = 5.5559765519e+00
m_n2_min_v = -3.389209419e-02
m_n3_max_v = 5.5306047927e+00
m_n3_min_v = -1.916022574e-02
m_n4_max_v = 5.5358842503e+00
m_n4_min_v = -2.301839204e-02
m_n5_max_v = 5.5357807312e+00
m_n5_min_v = -1.897265466e-02
Note: Simulation executed from .control section 

Note: vimeas: has no value, DC 0 assumed
