
Note: No compatibility mode selected!


Circuit: * gate-driver-core-drive-postlayout @ ff_-40c_vlogic3p30v-vdrv6p00v -- generated by sim/harness, do not edit

Doing analysis at TEMP = -40.000000 and TNOM = 27.000000

Using SPARSE 1.3 as Direct Linear Solver

Initial Transient Solution
--------------------------

Node                                   Voltage
----                                   -------
x1_inb                                     3.3
in                                           0
gnd_logic                                    0
x1_na                                  2.46583
x1_nb                              3.99218e-10
gnd_drv                            4.46061e-12
x2_n3                                        6
x2_n4                              2.28626e-09
x2_n5                                        6
out                                2.42455e-09
in_drv                             7.84591e-10
x1_nbuf1                                     6
x1_ncb                             1.04843e-09
x1_nca                                       6
vdd_logic                                  3.3
x2_n1                                        6
x2_n2                              1.54074e-09
vdd_drv                                      6
outcap                             2.42455e-09
vimeas#branch                      5.97767e-26
vin#branch                                   0
vgnd_logic#branch                  4.47373e-09
vsup_drv#branch                   -4.47017e-09
vsup_logic#branch                 -3.56226e-12

 Reference value :  3.79814e-08
 Reference value :  6.01814e-08
 Reference value :  7.77814e-08
 Reference value :  1.13881e-07
 Reference value :  1.29781e-07
 Reference value :  1.85781e-07
 Reference value :  2.39181e-07
 Reference value :  2.94281e-07
 Reference value :  3.39191e-07
 Reference value :  3.95391e-07
 Reference value :  4.22391e-07
 Reference value :  4.43991e-07
 Reference value :  5.02891e-07
 Reference value :  5.46391e-07
 Reference value :  6.04091e-07
 Reference value :  6.58891e-07
No. of Data Rows : 7056
trise10_90          =  3.25881e-09 targ=  2.51795e-08 trig=  2.19207e-08
tfall10_90          =  3.29653e-09 targ=  3.26108e-07 trig=  3.22812e-07
tpdlh               =  2.73156e-09 targ=  2.32316e-08 trig=  2.05000e-08
tpdhl               =  2.80526e-09 targ=  3.24305e-07 trig=  3.21500e-07
m_trise_s = 3.2588150000e-09
m_tfall_s = 3.2965310000e-09
m_tpdlh_s = 2.7315620000e-09
m_tpdhl_s = 2.8052600000e-09
m_ipeak_source_a = 1.8904582700e+00
m_ipeak_sink_a = 1.6349104025e+00
m_vout_max_v = 6.0027676985e+00
m_vout_min_v = -2.144813764e-03
m_vin_max_v = 3.3000000000e+00
m_vin_min_v = 0.0000000000e+00
m_indrv_max_v = 6.0041167545e+00
m_indrv_min_v = -1.952088218e-02
m_n1_max_v = 6.0057415435e+00
m_n1_min_v = -2.301649682e-02
m_n2_max_v = 6.0479490316e+00
m_n2_min_v = -3.298327928e-02
m_n3_max_v = 6.0265669942e+00
m_n3_min_v = -2.370616015e-02
m_n4_max_v = 6.0261862572e+00
m_n4_min_v = -1.650192112e-02
m_n5_max_v = 6.0345183458e+00
m_n5_min_v = -2.186488671e-02
Note: Simulation executed from .control section 

Note: vimeas: has no value, DC 0 assumed
