
Note: No compatibility mode selected!


Circuit: * gate-driver-core-drive-postlayout @ ff_27c_vlogic3p30v-vdrv5p00v -- generated by sim/harness, do not edit

Doing analysis at TEMP = 27.000000 and TNOM = 27.000000

Using SPARSE 1.3 as Direct Linear Solver

Initial Transient Solution
--------------------------

Node                                   Voltage
----                                   -------
x1_inb                                     3.3
in                                           0
gnd_logic                                    0
x1_na                                  2.48267
x1_nb                              4.02411e-10
gnd_drv                            4.10252e-12
x2_n3                                        5
x2_n4                              2.69015e-09
x2_n5                                        5
out                                2.85294e-09
in_drv                             9.24476e-10
x1_nbuf1                                     5
x1_ncb                             1.09775e-09
x1_nca                                       5
vdd_logic                                  3.3
x2_n1                                        5
x2_n2                              1.81852e-09
vdd_drv                                      5
outcap                             2.85294e-09
vimeas#branch                      1.54289e-25
vin#branch                                   0
vgnd_logic#branch                  4.36099e-09
vsup_drv#branch                    -4.2748e-09
vsup_logic#branch                 -8.61842e-11

 Reference value :  3.73509e-08
 Reference value :  9.48509e-08
 Reference value :  1.51551e-07
 Reference value :  2.09051e-07
 Reference value :  2.52551e-07
 Reference value :  3.07651e-07
 Reference value :  3.54782e-07
 Reference value :  4.11682e-07
 Reference value :  4.65782e-07
 Reference value :  5.21982e-07
 Reference value :  5.79382e-07
 Reference value :  6.30382e-07
 Reference value :  6.86682e-07
No. of Data Rows : 7051
trise10_90          =  4.28146e-09 targ=  2.66182e-08 trig=  2.23368e-08
tfall10_90          =  4.10163e-09 targ=  3.27204e-07 trig=  3.23102e-07
tpdlh               =  3.49104e-09 targ=  2.39910e-08 trig=  2.05000e-08
tpdhl               =  3.39213e-09 targ=  3.24892e-07 trig=  3.21500e-07
m_trise_s = 4.2814620000e-09
m_tfall_s = 4.1016320000e-09
m_tpdlh_s = 3.4910400000e-09
m_tpdhl_s = 3.3921290000e-09
m_ipeak_source_a = 1.2615795528e+00
m_ipeak_sink_a = 1.1534662548e+00
m_vout_max_v = 5.0030464566e+00
m_vout_min_v = -1.965793246e-03
m_vin_max_v = 3.3000000000e+00
m_vin_min_v = 0.0000000000e+00
m_indrv_max_v = 5.0277877443e+00
m_indrv_min_v = -1.447529544e-02
m_n1_max_v = 5.0384849853e+00
m_n1_min_v = -2.569705342e-02
m_n2_max_v = 5.0535993241e+00
m_n2_min_v = -3.238786891e-02
m_n3_max_v = 5.0287772987e+00
m_n3_min_v = -2.458408377e-02
m_n4_max_v = 5.0300905644e+00
m_n4_min_v = -1.762080252e-02
m_n5_max_v = 5.0357940249e+00
m_n5_min_v = -1.922907117e-02
Note: Simulation executed from .control section 

Note: vimeas: has no value, DC 0 assumed
