
Note: No compatibility mode selected!


Circuit: * gate-driver-core-drive-postlayout @ ff_27c_vlogic3p63v-vdrv5p50v -- generated by sim/harness, do not edit

Doing analysis at TEMP = 27.000000 and TNOM = 27.000000

Using SPARSE 1.3 as Direct Linear Solver

Initial Transient Solution
--------------------------

Node                                   Voltage
----                                   -------
x1_inb                                    3.63
in                                           0
gnd_logic                                    0
x1_na                                  2.76322
x1_nb                              4.29962e-10
gnd_drv                            4.53672e-12
x2_n3                                      5.5
x2_n4                              2.85085e-09
x2_n5                                      5.5
out                                3.02335e-09
in_drv                              9.8008e-10
x1_nbuf1                                   5.5
x1_ncb                             1.14367e-09
x1_nca                                     5.5
vdd_logic                                 3.63
x2_n1                                      5.5
x2_n2                              1.92767e-09
vdd_drv                                    5.5
outcap                             3.02335e-09
vimeas#branch                     -6.13923e-26
vin#branch                                   0
vgnd_logic#branch                    4.877e-09
vsup_drv#branch                    -4.7578e-09
vsup_logic#branch                 -1.19203e-10

 Reference value :  4.06949e-08
 Reference value :  9.80949e-08
 Reference value :  1.47995e-07
 Reference value :  2.05095e-07
 Reference value :  2.57195e-07
 Reference value :  2.57695e-07
 Reference value :  2.73195e-07
 Reference value :  3.23994e-07
 Reference value :  3.80794e-07
 Reference value :  4.32394e-07
 Reference value :  4.89594e-07
 Reference value :  5.39994e-07
 Reference value :  5.96994e-07
 Reference value :  6.48794e-07
 Reference value :  6.96394e-07
No. of Data Rows : 7050
trise10_90          =  4.04137e-09 targ=  2.62908e-08 trig=  2.22495e-08
tfall10_90          =  3.96949e-09 targ=  3.26990e-07 trig=  3.23020e-07
tpdlh               =  3.31120e-09 targ=  2.38112e-08 trig=  2.05000e-08
tpdhl               =  3.25503e-09 targ=  3.24755e-07 trig=  3.21500e-07
m_trise_s = 4.0413680000e-09
m_tfall_s = 3.9694930000e-09
m_tpdlh_s = 3.3112050000e-09
m_tpdhl_s = 3.2550280000e-09
m_ipeak_source_a = 1.4628817804e+00
m_ipeak_sink_a = 1.3105081744e+00
m_vout_max_v = 5.5027486414e+00
m_vout_min_v = -1.870642031e-03
m_vin_max_v = 3.6300000000e+00
m_vin_min_v = 0.0000000000e+00
m_indrv_max_v = 5.5098245466e+00
m_indrv_min_v = -1.648365716e-02
m_n1_max_v = 5.5509373009e+00
m_n1_min_v = -2.083561188e-02
m_n2_max_v = 5.5560308894e+00
m_n2_min_v = -3.245398995e-02
m_n3_max_v = 5.5372561786e+00
m_n3_min_v = -2.422677204e-02
m_n4_max_v = 5.5295015237e+00
m_n4_min_v = -1.696860736e-02
m_n5_max_v = 5.5322135190e+00
m_n5_min_v = -2.117350704e-02
Note: Simulation executed from .control section 

Note: vimeas: has no value, DC 0 assumed
