
Note: No compatibility mode selected!


Circuit: * gate-driver-core-drive-postlayout @ fs_-40c_vlogic3p30v-vdrv5p00v -- generated by sim/harness, do not edit

Doing analysis at TEMP = -40.000000 and TNOM = 27.000000

Using SPARSE 1.3 as Direct Linear Solver

Initial Transient Solution
--------------------------

Node                                   Voltage
----                                   -------
x1_inb                                     3.3
in                                           0
gnd_logic                                    0
x1_na                                  2.41748
x1_nb                              3.33321e-10
gnd_drv                            3.61727e-12
x2_n3                                        5
x2_n4                              2.05247e-09
x2_n5                                        5
out                                2.17664e-09
in_drv                              6.9877e-10
x1_nbuf1                                     5
x1_ncb                             8.85779e-10
x1_nca                                       5
vdd_logic                                  3.3
x2_n1                                        5
x2_n2                              1.36927e-09
vdd_drv                                      5
outcap                             2.17664e-09
vimeas#branch                     -2.44761e-25
vin#branch                                   0
vgnd_logic#branch                  3.62871e-09
vsup_drv#branch                   -3.62531e-09
vsup_logic#branch                 -3.40684e-12

 Reference value :  3.81268e-08
 Reference value :  9.55268e-08
 Reference value :  1.47427e-07
 Reference value :  2.04827e-07
 Reference value :  2.15327e-07
 Reference value :  2.15527e-07
 Reference value :  2.15727e-07
 Reference value :  2.15927e-07
 Reference value :  2.16127e-07
 Reference value :  2.16327e-07
 Reference value :  2.16527e-07
 Reference value :  2.27427e-07
 Reference value :  2.49527e-07
 Reference value :  3.05727e-07
 Reference value :  3.51484e-07
 Reference value :  4.07284e-07
 Reference value :  4.63184e-07
 Reference value :  5.14584e-07
 Reference value :  5.70884e-07
 Reference value :  6.23684e-07
 Reference value :  6.80184e-07
No. of Data Rows : 7051
trise10_90          =  4.72938e-09 targ=  2.71726e-08 trig=  2.24432e-08
tfall10_90          =  3.67386e-09 targ=  3.26872e-07 trig=  3.23199e-07
tpdlh               =  3.86291e-09 targ=  2.43629e-08 trig=  2.05000e-08
tpdhl               =  3.36499e-09 targ=  3.24865e-07 trig=  3.21500e-07
m_trise_s = 4.7293790000e-09
m_tfall_s = 3.6738590000e-09
m_tpdlh_s = 3.8629110000e-09
m_tpdhl_s = 3.3649860000e-09
m_ipeak_source_a = 1.1012362532e+00
m_ipeak_sink_a = 1.2334117441e+00
m_vout_max_v = 5.0035514849e+00
m_vout_min_v = -3.027875053e-03
m_vin_max_v = 3.3000000000e+00
m_vin_min_v = 0.0000000000e+00
m_indrv_max_v = 5.0325499063e+00
m_indrv_min_v = -1.929556043e-02
m_n1_max_v = 5.0342079705e+00
m_n1_min_v = -3.362154889e-02
m_n2_max_v = 5.0574623364e+00
m_n2_min_v = -3.634055093e-02
m_n3_max_v = 5.0435838940e+00
m_n3_min_v = -2.401828913e-02
m_n4_max_v = 5.0275251307e+00
m_n4_min_v = -2.158388312e-02
m_n5_max_v = 5.0434232327e+00
m_n5_min_v = -2.405147566e-02
Note: Simulation executed from .control section 

Note: vimeas: has no value, DC 0 assumed
