
Note: No compatibility mode selected!


Circuit: * gate-driver-core-drive-postlayout @ fs_-40c_vlogic3p63v-vdrv5p50v -- generated by sim/harness, do not edit

Doing analysis at TEMP = -40.000000 and TNOM = 27.000000

Using SPARSE 1.3 as Direct Linear Solver

Initial Transient Solution
--------------------------

Node                                   Voltage
----                                   -------
x1_inb                                    3.63
in                                           0
gnd_logic                                    0
x1_na                                  2.70317
x1_nb                              3.57964e-10
gnd_drv                            3.98003e-12
x2_n3                                      5.5
x2_n4                              2.16144e-09
x2_n5                                      5.5
out                                 2.2922e-09
in_drv                             7.36093e-10
x1_nbuf1                                   5.5
x1_ncb                             9.21643e-10
x1_nca                                     5.5
vdd_logic                                 3.63
x2_n1                                      5.5
x2_n2                              1.44215e-09
vdd_drv                                    5.5
outcap                              2.2922e-09
vimeas#branch                      2.83536e-25
vin#branch                                   0
vgnd_logic#branch                  3.99276e-09
vsup_drv#branch                   -3.98896e-09
vsup_logic#branch                 -3.79842e-12

 Reference value :  3.58075e-08
 Reference value :  9.34075e-08
 Reference value :  1.47308e-07
 Reference value :  2.04508e-07
 Reference value :  2.58308e-07
 Reference value :  3.06908e-07
 Reference value :  3.31310e-07
 Reference value :  3.49210e-07
 Reference value :  4.05210e-07
 Reference value :  4.56210e-07
 Reference value :  5.12210e-07
 Reference value :  5.65510e-07
 Reference value :  6.20810e-07
 Reference value :  6.77810e-07
No. of Data Rows : 7053
trise10_90          =  4.42776e-09 targ=  2.67688e-08 trig=  2.23410e-08
tfall10_90          =  3.54627e-09 targ=  3.26648e-07 trig=  3.23101e-07
tpdlh               =  3.63570e-09 targ=  2.41357e-08 trig=  2.05000e-08
tpdhl               =  3.21277e-09 targ=  3.24713e-07 trig=  3.21500e-07
m_trise_s = 4.4277600000e-09
m_tfall_s = 3.5462650000e-09
m_tpdlh_s = 3.6357020000e-09
m_tpdhl_s = 3.2127730000e-09
m_ipeak_source_a = 1.2743891200e+00
m_ipeak_sink_a = 1.3942457087e+00
m_vout_max_v = 5.5030246427e+00
m_vout_min_v = -3.098729305e-03
m_vin_max_v = 3.6300000000e+00
m_vin_min_v = 0.0000000000e+00
m_indrv_max_v = 5.5581170760e+00
m_indrv_min_v = -1.434021988e-02
m_n1_max_v = 5.5486924634e+00
m_n1_min_v = -9.143097409e-03
m_n2_max_v = 5.5568736447e+00
m_n2_min_v = -3.870361404e-02
m_n3_max_v = 5.5356908801e+00
m_n3_min_v = -2.580978884e-02
m_n4_max_v = 5.5270873210e+00
m_n4_min_v = -2.361076455e-02
m_n5_max_v = 5.5436872191e+00
m_n5_min_v = -2.811609792e-02
Note: Simulation executed from .control section 

Note: vimeas: has no value, DC 0 assumed
