
Note: No compatibility mode selected!


Circuit: * gate-driver-core-drive-postlayout @ fs_125c_vlogic3p30v-vdrv5p00v -- generated by sim/harness, do not edit

Doing analysis at TEMP = 125.000000 and TNOM = 27.000000

Using SPARSE 1.3 as Direct Linear Solver

Initial Transient Solution
--------------------------

Node                                   Voltage
----                                   -------
x1_inb                                     3.3
in                                           0
gnd_logic                                    0
x1_na                                  2.44066
x1_nb                              5.61467e-10
gnd_drv                            5.29815e-11
x2_n3                                        5
x2_n4                              4.26441e-09
x2_n5                                        5
out                                4.51965e-09
in_drv                             1.72016e-09
x1_nbuf1                                     5
x1_ncb                             1.61499e-09
x1_nca                                 4.99995
vdd_logic                                  3.3
x2_n1                                        5
x2_n2                              3.43567e-09
vdd_drv                                      5
outcap                             4.51965e-09
vimeas#branch                      -4.7369e-24
vin#branch                                   0
vgnd_logic#branch                  7.39108e-08
vsup_drv#branch                   -6.74995e-08
vsup_logic#branch                 -6.41132e-09

 Reference value :  0.00000e+00
 Reference value :  5.07749e-08
 Reference value :  1.07575e-07
 Reference value :  1.62775e-07
 Reference value :  2.20275e-07
 Reference value :  2.69875e-07
 Reference value :  3.01175e-07
 Reference value :  3.23821e-07
 Reference value :  3.62921e-07
 Reference value :  4.19921e-07
 Reference value :  4.72321e-07
 Reference value :  5.30021e-07
 Reference value :  5.83021e-07
 Reference value :  6.38921e-07
 Reference value :  6.92421e-07
No. of Data Rows : 7035
trise10_90          =  7.02595e-09 targ=  3.03229e-08 trig=  2.32970e-08
tfall10_90          =  5.35380e-09 targ=  3.29181e-07 trig=  3.23827e-07
tpdlh               =  5.46151e-09 targ=  2.59615e-08 trig=  2.05000e-08
tpdhl               =  4.57739e-09 targ=  3.26077e-07 trig=  3.21500e-07
m_trise_s = 7.0259470000e-09
m_tfall_s = 5.3538010000e-09
m_tpdlh_s = 5.4615070000e-09
m_tpdhl_s = 4.5773910000e-09
m_ipeak_source_a = 7.8774086729e-01
m_ipeak_sink_a = 9.1827033571e-01
m_vout_max_v = 5.0027409701e+00
m_vout_min_v = -2.517191232e-03
m_vin_max_v = 3.3000000000e+00
m_vin_min_v = 0.0000000000e+00
m_indrv_max_v = 5.0773941009e+00
m_indrv_min_v = -1.752840766e-02
m_n1_max_v = 5.0181653272e+00
m_n1_min_v = -3.641587808e-02
m_n2_max_v = 5.0543359590e+00
m_n2_min_v = -3.294288759e-02
m_n3_max_v = 5.0348469946e+00
m_n3_min_v = -2.331218191e-02
m_n4_max_v = 5.0216836296e+00
m_n4_min_v = -2.533954241e-02
m_n5_max_v = 5.0306593039e+00
m_n5_min_v = -2.075430219e-02
Note: Simulation executed from .control section 

Note: vimeas: has no value, DC 0 assumed
