
Note: No compatibility mode selected!


Circuit: * gate-driver-core-drive-postlayout @ fs_125c_vlogic3p63v-vdrv5p50v -- generated by sim/harness, do not edit

Doing analysis at TEMP = 125.000000 and TNOM = 27.000000

Using SPARSE 1.3 as Direct Linear Solver

Initial Transient Solution
--------------------------

Node                                   Voltage
----                                   -------
x1_inb                                    3.63
in                                           0
gnd_logic                                    0
x1_na                                   2.7165
x1_nb                               5.8944e-10
gnd_drv                            6.08248e-11
x2_n3                                      5.5
x2_n4                              4.51502e-09
x2_n5                                      5.5
out                                4.78497e-09
in_drv                             1.80622e-09
x1_nbuf1                                   5.5
x1_ncb                             1.66842e-09
x1_nca                                 5.49994
vdd_logic                                 3.63
x2_n1                                      5.5
x2_n2                              3.59697e-09
vdd_drv                                    5.5
outcap                             4.78497e-09
vimeas#branch                      2.03564e-24
vin#branch                                   0
vgnd_logic#branch                  8.67383e-08
vsup_drv#branch                   -7.84215e-08
vsup_logic#branch                 -8.31684e-09

 Reference value :  4.05120e-08
 Reference value :  9.85120e-08
 Reference value :  1.53412e-07
 Reference value :  2.00512e-07
 Reference value :  2.52812e-07
 Reference value :  2.78012e-07
 Reference value :  2.85312e-07
 Reference value :  3.20112e-07
 Reference value :  3.65394e-07
 Reference value :  4.22594e-07
 Reference value :  4.74694e-07
 Reference value :  5.31694e-07
 Reference value :  5.76394e-07
 Reference value :  6.23994e-07
 Reference value :  6.79794e-07
No. of Data Rows : 7039
trise10_90          =  6.49264e-09 targ=  2.96028e-08 trig=  2.31102e-08
tfall10_90          =  5.18118e-09 targ=  3.28868e-07 trig=  3.23687e-07
tpdlh               =  5.06705e-09 targ=  2.55671e-08 trig=  2.05000e-08
tpdhl               =  4.36747e-09 targ=  3.25867e-07 trig=  3.21500e-07
m_trise_s = 6.4926400000e-09
m_tfall_s = 5.1811850000e-09
m_tpdlh_s = 5.0670530000e-09
m_tpdhl_s = 4.3674710000e-09
m_ipeak_source_a = 9.4419582654e-01
m_ipeak_sink_a = 1.0434819485e+00
m_vout_max_v = 5.5026593214e+00
m_vout_min_v = -2.265000101e-03
m_vin_max_v = 3.6300000000e+00
m_vin_min_v = 0.0000000000e+00
m_indrv_max_v = 5.5493612380e+00
m_indrv_min_v = -1.610715934e-02
m_n1_max_v = 5.5045991266e+00
m_n1_min_v = -3.812442792e-02
m_n2_max_v = 5.5599748463e+00
m_n2_min_v = -2.840099076e-02
m_n3_max_v = 5.5387858103e+00
m_n3_min_v = -2.575804048e-02
m_n4_max_v = 5.5187650706e+00
m_n4_min_v = -2.500586554e-02
m_n5_max_v = 5.5358435966e+00
m_n5_min_v = -2.065539513e-02
Note: Simulation executed from .control section 

Note: vimeas: has no value, DC 0 assumed
