
Note: No compatibility mode selected!


Circuit: * gate-driver-core-drive-postlayout @ fs_27c_vlogic3p63v-vdrv5p50v -- generated by sim/harness, do not edit

Doing analysis at TEMP = 27.000000 and TNOM = 27.000000

Using SPARSE 1.3 as Direct Linear Solver

Initial Transient Solution
--------------------------

Node                                   Voltage
----                                   -------
x1_inb                                    3.63
in                                           0
gnd_logic                                    0
x1_na                                  2.74723
x1_nb                              4.30596e-10
gnd_drv                            4.15832e-12
x2_n3                                      5.5
x2_n4                              2.83657e-09
x2_n5                                      5.5
out                                3.00823e-09
in_drv                             9.65489e-10
x1_nbuf1                                   5.5
x1_ncb                             1.15817e-09
x1_nca                                     5.5
vdd_logic                                 3.63
x2_n1                                      5.5
x2_n2                              1.89205e-09
vdd_drv                                    5.5
outcap                             3.00823e-09
vimeas#branch                      5.41222e-26
vin#branch                                   0
vgnd_logic#branch                  4.32898e-09
vsup_drv#branch                    -4.2698e-09
vsup_logic#branch                  -5.9183e-11

 Reference value :  3.92396e-08
 Reference value :  9.69396e-08
 Reference value :  1.54640e-07
 Reference value :  2.06940e-07
 Reference value :  2.64540e-07
 Reference value :  3.17440e-07
 Reference value :  3.46129e-07
 Reference value :  3.46329e-07
 Reference value :  3.68629e-07
 Reference value :  4.22529e-07
 Reference value :  4.75229e-07
 Reference value :  5.31829e-07
 Reference value :  5.83229e-07
 Reference value :  6.39629e-07
 Reference value :  6.92629e-07
No. of Data Rows : 7049
trise10_90          =  5.33197e-09 targ=  2.79868e-08 trig=  2.26549e-08
tfall10_90          =  4.15073e-09 targ=  3.27494e-07 trig=  3.23343e-07
tpdlh               =  4.24159e-09 targ=  2.47416e-08 trig=  2.05000e-08
tpdhl               =  3.66358e-09 targ=  3.25164e-07 trig=  3.21500e-07
m_trise_s = 5.3319650000e-09
m_tfall_s = 4.1507280000e-09
m_tpdlh_s = 4.2415860000e-09
m_tpdhl_s = 3.6635780000e-09
m_ipeak_source_a = 1.1103777277e+00
m_ipeak_sink_a = 1.2362400696e+00
m_vout_max_v = 5.5033474381e+00
m_vout_min_v = -2.785191852e-03
m_vin_max_v = 3.6300000000e+00
m_vin_min_v = 0.0000000000e+00
m_indrv_max_v = 5.5335549933e+00
m_indrv_min_v = -2.000788005e-02
m_n1_max_v = 5.5295396329e+00
m_n1_min_v = -4.154797941e-02
m_n2_max_v = 5.5629684415e+00
m_n2_min_v = -3.889153128e-02
m_n3_max_v = 5.5372527812e+00
m_n3_min_v = -2.734975564e-02
m_n4_max_v = 5.5375022604e+00
m_n4_min_v = -2.656478686e-02
m_n5_max_v = 5.5357187086e+00
m_n5_min_v = -2.467860953e-02
Note: Simulation executed from .control section 

Note: vimeas: has no value, DC 0 assumed
