
Note: No compatibility mode selected!


Circuit: * gate-driver-core-drive-postlayout @ fs_27c_vlogic2p97v-vdrv4p50v -- generated by sim/harness, do not edit

Doing analysis at TEMP = 27.000000 and TNOM = 27.000000

Using SPARSE 1.3 as Direct Linear Solver

Initial Transient Solution
--------------------------

Node                                   Voltage
----                                   -------
x1_inb                                    2.97
in                                           0
gnd_logic                                    0
x1_na                                  2.19152
x1_nb                              3.78883e-10
gnd_drv                            3.39005e-12
x2_n3                                      4.5
x2_n4                              2.54489e-09
x2_n5                                      4.5
out                                2.69892e-09
in_drv                             8.65689e-10
x1_nbuf1                                   4.5
x1_ncb                             1.07621e-09
x1_nca                                     4.5
vdd_logic                                 2.97
x2_n1                                      4.5
x2_n2                              1.69698e-09
vdd_drv                                    4.5
outcap                             2.69892e-09
vimeas#branch                     -5.69494e-26
vin#branch                                   0
vgnd_logic#branch                  3.49231e-09
vsup_drv#branch                   -3.45971e-09
vsup_logic#branch                 -3.25968e-11

 Reference value :  1.28280e-08
 Reference value :  6.14224e-08
 Reference value :  1.15222e-07
 Reference value :  1.71322e-07
 Reference value :  2.26222e-07
 Reference value :  2.82422e-07
 Reference value :  3.35000e-07
 Reference value :  3.87000e-07
 Reference value :  4.42400e-07
 Reference value :  4.95300e-07
 Reference value :  5.31300e-07
 Reference value :  5.31500e-07
 Reference value :  5.31700e-07
 Reference value :  5.31900e-07
 Reference value :  5.32100e-07
 Reference value :  5.32300e-07
 Reference value :  5.32500e-07
 Reference value :  5.32700e-07
 Reference value :  5.35700e-07
 Reference value :  5.68100e-07
 Reference value :  6.25600e-07
 Reference value :  6.75600e-07
No. of Data Rows : 7040
trise10_90          =  6.22924e-09 targ=  2.92103e-08 trig=  2.29811e-08
tfall10_90          =  4.49511e-09 targ=  3.28097e-07 trig=  3.23602e-07
tpdlh               =  4.93393e-09 targ=  2.54339e-08 trig=  2.05000e-08
tpdhl               =  4.06603e-09 targ=  3.25566e-07 trig=  3.21500e-07
m_trise_s = 6.2292440000e-09
m_tfall_s = 4.4951100000e-09
m_tpdlh_s = 4.9339310000e-09
m_tpdhl_s = 4.0660280000e-09
m_ipeak_source_a = 7.7729372371e-01
m_ipeak_sink_a = 9.4641730334e-01
m_vout_max_v = 4.5022982877e+00
m_vout_min_v = -2.943272689e-03
m_vin_max_v = 2.9700000000e+00
m_vin_min_v = 0.0000000000e+00
m_indrv_max_v = 4.5793944025e+00
m_indrv_min_v = -2.599345477e-02
m_n1_max_v = 4.5127376423e+00
m_n1_min_v = -3.989534906e-02
m_n2_max_v = 4.5593006698e+00
m_n2_min_v = -3.546094613e-02
m_n3_max_v = 4.5387784610e+00
m_n3_min_v = -2.436453107e-02
m_n4_max_v = 4.5315618407e+00
m_n4_min_v = -2.244241898e-02
m_n5_max_v = 4.5374835151e+00
m_n5_min_v = -2.435823292e-02
Note: Simulation executed from .control section 

Note: vimeas: has no value, DC 0 assumed
