
Note: No compatibility mode selected!


Circuit: * gate-driver-core-drive-postlayout @ fs_27c_vlogic3p30v-vdrv5p00v -- generated by sim/harness, do not edit

Doing analysis at TEMP = 27.000000 and TNOM = 27.000000

Using SPARSE 1.3 as Direct Linear Solver

Initial Transient Solution
--------------------------

Node                                   Voltage
----                                   -------
x1_inb                                     3.3
in                                           0
gnd_logic                                    0
x1_na                                  2.46757
x1_nb                              4.03879e-10
gnd_drv                            3.77119e-12
x2_n3                                        5
x2_n4                              2.68262e-09
x2_n5                                        5
out                                2.84498e-09
in_drv                             9.12839e-10
x1_nbuf1                                     5
x1_ncb                             1.11435e-09
x1_nca                                       5
vdd_logic                                  3.3
x2_n1                                        5
x2_n2                              1.78915e-09
vdd_drv                                      5
outcap                             2.84498e-09
vimeas#branch                     -6.10692e-25
vin#branch                                   0
vgnd_logic#branch                  3.90268e-09
vsup_drv#branch                   -3.85918e-09
vsup_logic#branch                 -4.35066e-11

 Reference value :  3.59668e-08
 Reference value :  9.28668e-08
 Reference value :  1.49067e-07
 Reference value :  2.02067e-07
 Reference value :  2.58167e-07
 Reference value :  3.11067e-07
 Reference value :  3.60786e-07
 Reference value :  4.04986e-07
 Reference value :  4.61586e-07
 Reference value :  5.18286e-07
 Reference value :  5.70986e-07
 Reference value :  6.27486e-07
 Reference value :  6.79186e-07
No. of Data Rows : 7047
trise10_90          =  5.72251e-09 targ=  2.85183e-08 trig=  2.27958e-08
tfall10_90          =  4.29619e-09 targ=  3.27750e-07 trig=  3.23454e-07
tpdlh               =  4.54075e-09 targ=  2.50408e-08 trig=  2.05000e-08
tpdhl               =  3.83516e-09 targ=  3.25335e-07 trig=  3.21500e-07
m_trise_s = 5.7225050000e-09
m_tfall_s = 4.2961940000e-09
m_tpdlh_s = 4.5407510000e-09
m_tpdhl_s = 3.8351610000e-09
m_ipeak_source_a = 9.3305625618e-01
m_ipeak_sink_a = 1.0923766658e+00
m_vout_max_v = 5.0030623469e+00
m_vout_min_v = -2.887914863e-03
m_vin_max_v = 3.3000000000e+00
m_vin_min_v = 0.0000000000e+00
m_indrv_max_v = 5.0409756038e+00
m_indrv_min_v = -2.307807616e-02
m_n1_max_v = 5.0185795454e+00
m_n1_min_v = -3.095551125e-02
m_n2_max_v = 5.0624340160e+00
m_n2_min_v = -3.083275043e-02
m_n3_max_v = 5.0423954542e+00
m_n3_min_v = -2.363296596e-02
m_n4_max_v = 5.0388282634e+00
m_n4_min_v = -2.071527293e-02
m_n5_max_v = 5.0432835600e+00
m_n5_min_v = -2.736436532e-02
Note: Simulation executed from .control section 

Note: vimeas: has no value, DC 0 assumed
