
Note: No compatibility mode selected!


Circuit: * gate-driver-core-drive-postlayout @ sf_-40c_vlogic3p30v-vdrv5p00v -- generated by sim/harness, do not edit

Doing analysis at TEMP = -40.000000 and TNOM = 27.000000

Using SPARSE 1.3 as Direct Linear Solver

Initial Transient Solution
--------------------------

Node                                   Voltage
----                                   -------
x1_inb                                     3.3
in                                           0
gnd_logic                                    0
x1_na                                  2.23911
x1_nb                              3.70268e-10
gnd_drv                            3.69398e-12
x2_n3                                        5
x2_n4                              2.48016e-09
x2_n5                                        5
out                                2.63025e-09
in_drv                             8.46488e-10
x1_nbuf1                                     5
x1_ncb                             1.06353e-09
x1_nca                                       5
vdd_logic                                  3.3
x2_n1                                        5
x2_n2                               1.6708e-09
vdd_drv                                      5
outcap                             2.63025e-09
vimeas#branch                     -1.06629e-25
vin#branch                                   0
vgnd_logic#branch                  3.70505e-09
vsup_drv#branch                   -3.70175e-09
vsup_logic#branch                 -3.30089e-12

 Reference value :  3.12343e-08
 Reference value :  8.27343e-08
 Reference value :  1.34534e-07
 Reference value :  1.90634e-07
 Reference value :  2.42334e-07
 Reference value :  2.97734e-07
 Reference value :  3.15834e-07
 Reference value :  3.16034e-07
 Reference value :  3.16234e-07
 Reference value :  3.16434e-07
 Reference value :  3.16634e-07
 Reference value :  3.16834e-07
 Reference value :  3.18934e-07
 Reference value :  3.35146e-07
 Reference value :  3.89846e-07
 Reference value :  4.45846e-07
 Reference value :  4.98546e-07
 Reference value :  5.55846e-07
 Reference value :  6.09346e-07
 Reference value :  6.66146e-07
No. of Data Rows : 7046
trise10_90          =  3.77394e-09 targ=  2.61962e-08 trig=  2.24223e-08
tfall10_90          =  4.75772e-09 targ=  3.28015e-07 trig=  3.23257e-07
tpdlh               =  3.44160e-09 targ=  2.39416e-08 trig=  2.05000e-08
tpdhl               =  3.95906e-09 targ=  3.25459e-07 trig=  3.21500e-07
m_trise_s = 3.7739390000e-09
m_tfall_s = 4.7577180000e-09
m_tpdlh_s = 3.4416040000e-09
m_tpdhl_s = 3.9590580000e-09
m_ipeak_source_a = 1.3779479517e+00
m_ipeak_sink_a = 9.2281891924e-01
m_vout_max_v = 5.0039336396e+00
m_vout_min_v = -2.233079091e-03
m_vin_max_v = 3.3000000000e+00
m_vin_min_v = 0.0000000000e+00
m_indrv_max_v = 5.0781214255e+00
m_indrv_min_v = -3.179620347e-02
m_n1_max_v = 5.0524880665e+00
m_n1_min_v = -3.701105278e-02
m_n2_max_v = 5.0672825265e+00
m_n2_min_v = -2.965307783e-02
m_n3_max_v = 5.0407245279e+00
m_n3_min_v = -2.837911635e-02
m_n4_max_v = 5.0425433318e+00
m_n4_min_v = -2.053256098e-02
m_n5_max_v = 5.0438106601e+00
m_n5_min_v = -2.263402855e-02
Note: Simulation executed from .control section 

Note: vimeas: has no value, DC 0 assumed
