
Note: No compatibility mode selected!


Circuit: * gate-driver-core-drive-postlayout @ sf_125c_vlogic2p97v-vdrv4p50v -- generated by sim/harness, do not edit

Doing analysis at TEMP = 125.000000 and TNOM = 27.000000

Using SPARSE 1.3 as Direct Linear Solver

Initial Transient Solution
--------------------------

Node                                   Voltage
----                                   -------
x1_inb                                    2.97
in                                           0
gnd_logic                                    0
x1_na                                  2.11365
x1_nb                              1.28767e-09
gnd_drv                            1.45119e-11
x2_n3                                      4.5
x2_n4                              1.88399e-08
x2_n5                                      4.5
out                                1.99809e-08
in_drv                             8.37116e-09
x1_nbuf1                                   4.5
x1_ncb                             4.11451e-09
x1_nca                                     4.5
vdd_logic                                 2.97
x2_n1                                      4.5
x2_n2                              1.83615e-08
vdd_drv                                    4.5
outcap                             1.99809e-08
vimeas#branch                      6.42131e-23
vin#branch                                   0
vgnd_logic#branch                  1.51224e-08
vsup_drv#branch                   -1.49499e-08
vsup_logic#branch                 -1.72503e-10

 Reference value :  3.99464e-08
 Reference value :  9.61464e-08
 Reference value :  1.52846e-07
 Reference value :  1.98946e-07
 Reference value :  2.21746e-07
 Reference value :  2.78646e-07
 Reference value :  3.23462e-07
 Reference value :  3.79462e-07
 Reference value :  4.32462e-07
 Reference value :  4.89062e-07
 Reference value :  5.37262e-07
 Reference value :  5.94062e-07
 Reference value :  6.50662e-07
No. of Data Rows : 7033
trise10_90          =  5.92903e-09 targ=  2.92810e-08 trig=  2.33520e-08
tfall10_90          =  7.10913e-09 targ=  3.31157e-07 trig=  3.24048e-07
tpdlh               =  5.06884e-09 targ=  2.55688e-08 trig=  2.05000e-08
tpdhl               =  5.57311e-09 targ=  3.27073e-07 trig=  3.21500e-07
m_trise_s = 5.9290300000e-09
m_tfall_s = 7.1091300000e-09
m_tpdlh_s = 5.0688390000e-09
m_tpdhl_s = 5.5731120000e-09
m_ipeak_source_a = 8.5478701175e-01
m_ipeak_sink_a = 6.1737133093e-01
m_vout_max_v = 4.5029594041e+00
m_vout_min_v = -2.013331585e-03
m_vin_max_v = 2.9700000000e+00
m_vin_min_v = 0.0000000000e+00
m_indrv_max_v = 4.5887925419e+00
m_indrv_min_v = -2.907083459e-02
m_n1_max_v = 4.5518901204e+00
m_n1_min_v = -3.767237374e-02
m_n2_max_v = 4.5663095865e+00
m_n2_min_v = -3.008247155e-02
m_n3_max_v = 4.5395639098e+00
m_n3_min_v = -2.345557865e-02
m_n4_max_v = 4.5366354908e+00
m_n4_min_v = -2.005529155e-02
m_n5_max_v = 4.5429320862e+00
m_n5_min_v = -2.356569026e-02
Note: Simulation executed from .control section 

Note: vimeas: has no value, DC 0 assumed
