
Note: No compatibility mode selected!


Circuit: * gate-driver-core-drive-postlayout @ sf_27c_vlogic3p63v-vdrv5p50v -- generated by sim/harness, do not edit

Doing analysis at TEMP = 27.000000 and TNOM = 27.000000

Using SPARSE 1.3 as Direct Linear Solver

Initial Transient Solution
--------------------------

Node                                   Voltage
----                                   -------
x1_inb                                    3.63
in                                           0
gnd_logic                                    0
x1_na                                  2.63885
x1_nb                              4.81678e-10
gnd_drv                            4.07538e-12
x2_n3                                      5.5
x2_n4                               3.4467e-09
x2_n5                                      5.5
out                                3.65534e-09
in_drv                             1.17703e-09
x1_nbuf1                                   5.5
x1_ncb                             1.39808e-09
x1_nca                                     5.5
vdd_logic                                 3.63
x2_n1                                      5.5
x2_n2                              2.32434e-09
vdd_drv                                    5.5
outcap                             3.65534e-09
vimeas#branch                      1.30863e-25
vin#branch                                   0
vgnd_logic#branch                  4.08951e-09
vsup_drv#branch                   -4.08527e-09
vsup_logic#branch                 -4.24209e-12

 Reference value :  3.68832e-08
 Reference value :  9.09832e-08
 Reference value :  1.47183e-07
 Reference value :  2.00483e-07
 Reference value :  2.10183e-07
 Reference value :  2.30283e-07
 Reference value :  2.59183e-07
 Reference value :  2.91683e-07
 Reference value :  3.24541e-07
 Reference value :  3.57641e-07
 Reference value :  3.91741e-07
 Reference value :  4.26241e-07
 Reference value :  4.57541e-07
 Reference value :  4.91941e-07
 Reference value :  5.21241e-07
 Reference value :  5.33641e-07
 Reference value :  5.74941e-07
 Reference value :  6.21341e-07
 Reference value :  6.42341e-07
 Reference value :  6.89041e-07
No. of Data Rows : 7046
trise10_90          =  4.25651e-09 targ=  2.68583e-08 trig=  2.26018e-08
tfall10_90          =  5.23312e-09 targ=  3.28620e-07 trig=  3.23387e-07
tpdlh               =  3.75062e-09 targ=  2.42506e-08 trig=  2.05000e-08
tpdhl               =  4.22739e-09 targ=  3.25727e-07 trig=  3.21500e-07
m_trise_s = 4.2565070000e-09
m_tfall_s = 5.2331210000e-09
m_tpdlh_s = 3.7506200000e-09
m_tpdhl_s = 4.2273880000e-09
m_ipeak_source_a = 1.3888919080e+00
m_ipeak_sink_a = 9.6948698479e-01
m_vout_max_v = 5.5036184105e+00
m_vout_min_v = -2.180039145e-03
m_vin_max_v = 3.6300000000e+00
m_vin_min_v = 0.0000000000e+00
m_indrv_max_v = 5.5817097942e+00
m_indrv_min_v = -2.772509251e-02
m_n1_max_v = 5.5519768725e+00
m_n1_min_v = -2.848920742e-02
m_n2_max_v = 5.5726766493e+00
m_n2_min_v = -3.087873221e-02
m_n3_max_v = 5.5420340173e+00
m_n3_min_v = -2.699311794e-02
m_n4_max_v = 5.5398793698e+00
m_n4_min_v = -1.636758047e-02
m_n5_max_v = 5.5447156466e+00
m_n5_min_v = -2.305038473e-02
Note: Simulation executed from .control section 

Note: vimeas: has no value, DC 0 assumed
