
Note: No compatibility mode selected!


Circuit: * gate-driver-core-drive-postlayout @ ss_-40c_vlogic3p30v-vdrv6p00v -- generated by sim/harness, do not edit

Doing analysis at TEMP = -40.000000 and TNOM = 27.000000

Using SPARSE 1.3 as Direct Linear Solver

Initial Transient Solution
--------------------------

Node                                   Voltage
----                                   -------
x1_inb                                     3.3
in                                           0
gnd_logic                                    0
x1_na                                  2.21541
x1_nb                              4.46153e-10
gnd_drv                            4.32023e-12
x2_n3                                        6
x2_n4                              2.72796e-09
x2_n5                                        6
out                                2.89303e-09
in_drv                             9.24869e-10
x1_nbuf1                                     6
x1_ncb                             1.30538e-09
x1_nca                                       6
vdd_logic                                  3.3
x2_n1                                        6
x2_n2                              1.82064e-09
vdd_drv                                      6
outcap                             2.89303e-09
vimeas#branch                      6.14731e-25
vin#branch                                   0
vgnd_logic#branch                  4.33227e-09
vsup_drv#branch                   -4.32897e-09
vsup_logic#branch                 -3.30048e-12

 Reference value :  6.62800e-09
 Reference value :  2.14118e-08
 Reference value :  5.36441e-08
 Reference value :  1.11944e-07
 Reference value :  1.42744e-07
 Reference value :  1.96144e-07
 Reference value :  2.53144e-07
 Reference value :  3.10344e-07
 Reference value :  3.31475e-07
 Reference value :  3.58975e-07
 Reference value :  4.11875e-07
 Reference value :  4.69575e-07
 Reference value :  5.27275e-07
 Reference value :  5.84675e-07
 Reference value :  6.42375e-07
 Reference value :  6.94775e-07
No. of Data Rows : 7046
trise10_90          =  4.47061e-09 targ=  2.70774e-08 trig=  2.26068e-08
tfall10_90          =  4.67230e-09 targ=  3.28141e-07 trig=  3.23469e-07
tpdlh               =  3.91766e-09 targ=  2.44177e-08 trig=  2.05000e-08
tpdhl               =  4.14725e-09 targ=  3.25647e-07 trig=  3.21500e-07
m_trise_s = 4.4706080000e-09
m_tfall_s = 4.6722990000e-09
m_tpdlh_s = 3.9176640000e-09
m_tpdhl_s = 4.1472480000e-09
m_ipeak_source_a = 1.3880153297e+00
m_ipeak_sink_a = 1.1265140431e+00
m_vout_max_v = 6.0044865923e+00
m_vout_min_v = -3.198043891e-03
m_vin_max_v = 3.3000000000e+00
m_vin_min_v = 0.0000000000e+00
m_indrv_max_v = 6.0963844512e+00
m_indrv_min_v = -3.466330061e-02
m_n1_max_v = 6.0472862128e+00
m_n1_min_v = -3.590873639e-02
m_n2_max_v = 6.0775544647e+00
m_n2_min_v = -3.509098927e-02
m_n3_max_v = 6.0475480367e+00
m_n3_min_v = -3.009437883e-02
m_n4_max_v = 6.0423866465e+00
m_n4_min_v = -1.828747986e-02
m_n5_max_v = 6.0438520784e+00
m_n5_min_v = -2.700240097e-02
Note: Simulation executed from .control section 

Note: vimeas: has no value, DC 0 assumed
