
Note: No compatibility mode selected!


Circuit: * gate-driver-core-drive-postlayout @ ss_125c_vlogic2p97v-vdrv4p50v -- generated by sim/harness, do not edit

Doing analysis at TEMP = 125.000000 and TNOM = 27.000000

Using SPARSE 1.3 as Direct Linear Solver

Initial Transient Solution
--------------------------

Node                                   Voltage
----                                   -------
x1_inb                                    2.97
in                                           0
gnd_logic                                    0
x1_na                                   2.0988
x1_nb                              6.14766e-10
gnd_drv                            4.13288e-12
x2_n3                                      4.5
x2_n4                              4.87089e-09
x2_n5                                      4.5
out                                5.16585e-09
in_drv                             1.93192e-09
x1_nbuf1                                   4.5
x1_ncb                             1.99971e-09
x1_nca                                     4.5
vdd_logic                                 2.97
x2_n1                                      4.5
x2_n2                              3.91446e-09
vdd_drv                                    4.5
outcap                             5.16585e-09
vimeas#branch                     -1.74483e-25
vin#branch                                   0
vgnd_logic#branch                  4.49946e-09
vsup_drv#branch                   -4.39505e-09
vsup_logic#branch                 -1.04413e-10

 Reference value :  3.91911e-08
 Reference value :  9.61911e-08
 Reference value :  1.52591e-07
 Reference value :  2.08291e-07
 Reference value :  2.65091e-07
 Reference value :  3.18091e-07
 Reference value :  3.70536e-07
 Reference value :  4.23736e-07
 Reference value :  4.80736e-07
 Reference value :  5.35936e-07
 Reference value :  5.91536e-07
 Reference value :  6.48636e-07
No. of Data Rows : 7029
trise10_90          =  8.35389e-09 targ=  3.25765e-08 trig=  2.42226e-08
tfall10_90          =  7.51889e-09 targ=  3.32196e-07 trig=  3.24677e-07
tpdlh               =  6.91494e-09 targ=  2.74149e-08 trig=  2.05000e-08
tpdhl               =  6.38450e-09 targ=  3.27885e-07 trig=  3.21500e-07
m_trise_s = 8.3538860000e-09
m_tfall_s = 7.5188860000e-09
m_tpdlh_s = 6.9149390000e-09
m_tpdhl_s = 6.3845030000e-09
m_ipeak_source_a = 5.9714741055e-01
m_ipeak_sink_a = 5.7997788815e-01
m_vout_max_v = 4.5042215655e+00
m_vout_min_v = -2.843640704e-03
m_vin_max_v = 2.9700000000e+00
m_vin_min_v = 0.0000000000e+00
m_indrv_max_v = 4.6108134079e+00
m_indrv_min_v = -3.486624342e-02
m_n1_max_v = 4.5249779903e+00
m_n1_min_v = -4.026833016e-02
m_n2_max_v = 4.5622011124e+00
m_n2_min_v = -3.663141753e-02
m_n3_max_v = 4.5396417279e+00
m_n3_min_v = -2.559973394e-02
m_n4_max_v = 4.5465609006e+00
m_n4_min_v = -2.624133066e-02
m_n5_max_v = 4.5456392250e+00
m_n5_min_v = -2.427362079e-02
Note: Simulation executed from .control section 

Note: vimeas: has no value, DC 0 assumed
