
Note: No compatibility mode selected!


Circuit: * gate-driver-core-drive-postlayout @ ss_125c_vlogic3p30v-vdrv6p00v -- generated by sim/harness, do not edit

Doing analysis at TEMP = 125.000000 and TNOM = 27.000000

Using SPARSE 1.3 as Direct Linear Solver

Initial Transient Solution
--------------------------

Node                                   Voltage
----                                   -------
x1_inb                                     3.3
in                                           0
gnd_logic                                    0
x1_na                                  2.37854
x1_nb                               7.5753e-10
gnd_drv                            5.56953e-12
x2_n3                                        6
x2_n4                              5.53828e-09
x2_n5                                        6
out                                5.87359e-09
in_drv                             2.12573e-09
x1_nbuf1                                     6
x1_ncb                             2.40798e-09
x1_nca                                       6
vdd_logic                                  3.3
x2_n1                                        6
x2_n2                              4.28537e-09
vdd_drv                                      6
outcap                             5.87359e-09
vimeas#branch                     -8.40913e-25
vin#branch                                   0
vgnd_logic#branch                  6.00648e-09
vsup_drv#branch                    -5.8789e-09
vsup_logic#branch                 -1.27577e-10

 Reference value :  3.95245e-08
 Reference value :  9.71245e-08
 Reference value :  1.54425e-07
 Reference value :  2.05525e-07
 Reference value :  2.62825e-07
 Reference value :  3.18425e-07
 Reference value :  3.71310e-07
 Reference value :  4.28010e-07
 Reference value :  4.77210e-07
 Reference value :  5.31410e-07
 Reference value :  5.85110e-07
 Reference value :  6.42710e-07
 Reference value :  6.91210e-07
No. of Data Rows : 7035
trise10_90          =  6.51965e-09 targ=  2.99387e-08 trig=  2.34190e-08
tfall10_90          =  6.52388e-09 targ=  3.30656e-07 trig=  3.24132e-07
tpdlh               =  5.38871e-09 targ=  2.58887e-08 trig=  2.05000e-08
tpdhl               =  5.42254e-09 targ=  3.26923e-07 trig=  3.21500e-07
m_trise_s = 6.5196530000e-09
m_tfall_s = 6.5238760000e-09
m_tpdlh_s = 5.3887060000e-09
m_tpdhl_s = 5.4225400000e-09
m_ipeak_source_a = 1.0192710610e+00
m_ipeak_sink_a = 8.8906938427e-01
m_vout_max_v = 6.0041195143e+00
m_vout_min_v = -2.711200705e-03
m_vin_max_v = 3.3000000000e+00
m_vin_min_v = 0.0000000000e+00
m_indrv_max_v = 6.1130780975e+00
m_indrv_min_v = -2.857372216e-02
m_n1_max_v = 6.0363303415e+00
m_n1_min_v = -5.431824329e-02
m_n2_max_v = 6.0691283283e+00
m_n2_min_v = -3.944406102e-02
m_n3_max_v = 6.0378589031e+00
m_n3_min_v = -2.586942026e-02
m_n4_max_v = 6.0458568734e+00
m_n4_min_v = -2.170132885e-02
m_n5_max_v = 6.0456153944e+00
m_n5_min_v = -2.748346703e-02
Note: Simulation executed from .control section 

Note: vimeas: has no value, DC 0 assumed
