
Note: No compatibility mode selected!


Circuit: * gate-driver-core-drive-postlayout @ ss_27c_vlogic3p63v-vdrv5p50v -- generated by sim/harness, do not edit

Doing analysis at TEMP = 27.000000 and TNOM = 27.000000

Using SPARSE 1.3 as Direct Linear Solver

Initial Transient Solution
--------------------------

Node                                   Voltage
----                                   -------
x1_inb                                    3.63
in                                           0
gnd_logic                                    0
x1_na                                  2.60571
x1_nb                                 4.84e-10
gnd_drv                            3.96089e-12
x2_n3                                      5.5
x2_n4                              3.48572e-09
x2_n5                                      5.5
out                                3.69674e-09
in_drv                             1.18086e-09
x1_nbuf1                                   5.5
x1_ncb                             1.43049e-09
x1_nca                                     5.5
vdd_logic                                 3.63
x2_n1                                      5.5
x2_n2                              2.32537e-09
vdd_drv                                    5.5
outcap                             3.69674e-09
vimeas#branch                      2.70611e-25
vin#branch                                   0
vgnd_logic#branch                  3.97402e-09
vsup_drv#branch                   -3.97008e-09
vsup_logic#branch                 -3.94502e-12

 Reference value :  3.95379e-08
 Reference value :  9.70379e-08
 Reference value :  1.51638e-07
 Reference value :  2.09038e-07
 Reference value :  2.66938e-07
 Reference value :  3.22017e-07
 Reference value :  3.75589e-07
 Reference value :  4.22389e-07
 Reference value :  4.31089e-07
 Reference value :  4.31289e-07
 Reference value :  4.31489e-07
 Reference value :  4.31689e-07
 Reference value :  4.31889e-07
 Reference value :  4.32089e-07
 Reference value :  4.32289e-07
 Reference value :  4.32489e-07
 Reference value :  4.73589e-07
 Reference value :  5.25589e-07
 Reference value :  5.81289e-07
 Reference value :  6.39789e-07
 Reference value :  6.98589e-07
No. of Data Rows : 7041
trise10_90          =  5.71972e-09 targ=  2.88558e-08 trig=  2.31361e-08
tfall10_90          =  5.53748e-09 targ=  3.29342e-07 trig=  3.23804e-07
tpdlh               =  4.87938e-09 targ=  2.53794e-08 trig=  2.05000e-08
tpdhl               =  4.78953e-09 targ=  3.26290e-07 trig=  3.21500e-07
m_trise_s = 5.7197250000e-09
m_tfall_s = 5.5374800000e-09
m_tpdlh_s = 4.8793840000e-09
m_tpdhl_s = 4.7895310000e-09
m_ipeak_source_a = 1.0322210005e+00
m_ipeak_sink_a = 9.0870675209e-01
m_vout_max_v = 5.5046079822e+00
m_vout_min_v = -3.235542021e-03
m_vin_max_v = 3.6300000000e+00
m_vin_min_v = 0.0000000000e+00
m_indrv_max_v = 5.6068076002e+00
m_indrv_min_v = -2.878800133e-02
m_n1_max_v = 5.5269573891e+00
m_n1_min_v = -4.662963752e-02
m_n2_max_v = 5.5784717459e+00
m_n2_min_v = -3.399000360e-02
m_n3_max_v = 5.5499700560e+00
m_n3_min_v = -2.202619231e-02
m_n4_max_v = 5.5427731868e+00
m_n4_min_v = -2.128669281e-02
m_n5_max_v = 5.5505340007e+00
m_n5_min_v = -3.111393280e-02
Note: Simulation executed from .control section 

Note: vimeas: has no value, DC 0 assumed
