
Note: No compatibility mode selected!


Circuit: * gate-driver-core-drive-postlayout @ ss_27c_vlogic3p30v-vdrv6p00v -- generated by sim/harness, do not edit

Doing analysis at TEMP = 27.000000 and TNOM = 27.000000

Using SPARSE 1.3 as Direct Linear Solver

Initial Transient Solution
--------------------------

Node                                   Voltage
----                                   -------
x1_inb                                     3.3
in                                           0
gnd_logic                                    0
x1_na                                   2.3415
x1_nb                              5.50371e-10
gnd_drv                            4.32133e-12
x2_n3                                        6
x2_n4                              3.65125e-09
x2_n5                                        6
out                                3.87228e-09
in_drv                              1.2372e-09
x1_nbuf1                                     6
x1_ncb                              1.6765e-09
x1_nca                                       6
vdd_logic                                  3.3
x2_n1                                        6
x2_n2                              2.43599e-09
vdd_drv                                      6
outcap                             3.87228e-09
vimeas#branch                     -6.62391e-25
vin#branch                                   0
vgnd_logic#branch                  4.33422e-09
vsup_drv#branch                   -4.33068e-09
vsup_logic#branch                 -3.53832e-12

 Reference value :  3.63522e-08
 Reference value :  5.97522e-08
 Reference value :  9.55522e-08
 Reference value :  1.52952e-07
 Reference value :  2.06752e-07
 Reference value :  2.64252e-07
 Reference value :  3.21550e-07
 Reference value :  3.58514e-07
 Reference value :  4.09114e-07
 Reference value :  4.62914e-07
 Reference value :  5.20414e-07
 Reference value :  5.74414e-07
 Reference value :  6.24914e-07
 Reference value :  6.37714e-07
 Reference value :  6.75014e-07
No. of Data Rows : 7043
trise10_90          =  5.37347e-09 targ=  2.83102e-08 trig=  2.29367e-08
tfall10_90          =  5.33898e-09 targ=  3.29069e-07 trig=  3.23730e-07
tpdlh               =  4.54010e-09 targ=  2.50401e-08 trig=  2.05000e-08
tpdhl               =  4.62927e-09 targ=  3.26129e-07 trig=  3.21500e-07
m_trise_s = 5.3734690000e-09
m_tfall_s = 5.3389840000e-09
m_tpdlh_s = 4.5400970000e-09
m_tpdhl_s = 4.6292680000e-09
m_ipeak_source_a = 1.1927221323e+00
m_ipeak_sink_a = 1.0337626661e+00
m_vout_max_v = 6.0044961387e+00
m_vout_min_v = -3.224159257e-03
m_vin_max_v = 3.3000000000e+00
m_vin_min_v = 0.0000000000e+00
m_indrv_max_v = 6.0782439166e+00
m_indrv_min_v = -3.227603463e-02
m_n1_max_v = 6.0624611940e+00
m_n1_min_v = -3.721931058e-02
m_n2_max_v = 6.0806139978e+00
m_n2_min_v = -3.916982599e-02
m_n3_max_v = 6.0489425943e+00
m_n3_min_v = -2.793308874e-02
m_n4_max_v = 6.0379607759e+00
m_n4_min_v = -1.987962861e-02
m_n5_max_v = 6.0496162491e+00
m_n5_min_v = -3.090791661e-02
Note: Simulation executed from .control section 

Note: vimeas: has no value, DC 0 assumed
