
Note: No compatibility mode selected!


Circuit: * gate-driver-core-drive-postlayout @ tt_-40c_vlogic3p30v-vdrv5p00v -- generated by sim/harness, do not edit

Doing analysis at TEMP = -40.000000 and TNOM = 27.000000

Using SPARSE 1.3 as Direct Linear Solver

Initial Transient Solution
--------------------------

Node                                   Voltage
----                                   -------
x1_inb                                     3.3
in                                           0
gnd_logic                                    0
x1_na                                  2.33096
x1_nb                              3.50995e-10
gnd_drv                            3.65417e-12
x2_n3                                        5
x2_n4                              2.23137e-09
x2_n5                                        5
out                                2.36639e-09
in_drv                             7.60582e-10
x1_nbuf1                                     5
x1_ncb                             9.63007e-10
x1_nca                                       5
vdd_logic                                  3.3
x2_n1                                        5
x2_n2                              1.49569e-09
vdd_drv                                      5
outcap                             2.36639e-09
vimeas#branch                      6.23617e-25
vin#branch                                   0
vgnd_logic#branch                   3.6653e-09
vsup_drv#branch                     -3.662e-09
vsup_logic#branch                 -3.30685e-12

 Reference value :  3.81703e-08
 Reference value :  9.54703e-08
 Reference value :  1.51270e-07
 Reference value :  2.08670e-07
 Reference value :  2.61370e-07
 Reference value :  3.18470e-07
 Reference value :  3.70483e-07
 Reference value :  3.97283e-07
 Reference value :  4.19983e-07
 Reference value :  4.55783e-07
 Reference value :  5.13283e-07
 Reference value :  5.60183e-07
 Reference value :  6.16983e-07
 Reference value :  6.74383e-07
No. of Data Rows : 7048
trise10_90          =  4.19844e-09 targ=  2.65951e-08 trig=  2.23966e-08
tfall10_90          =  4.12576e-09 targ=  3.27323e-07 trig=  3.23198e-07
tpdlh               =  3.59426e-09 targ=  2.40943e-08 trig=  2.05000e-08
tpdhl               =  3.58730e-09 targ=  3.25087e-07 trig=  3.21500e-07
m_trise_s = 4.1984350000e-09
m_tfall_s = 4.1257610000e-09
m_tpdlh_s = 3.5942570000e-09
m_tpdhl_s = 3.5872970000e-09
m_ipeak_source_a = 1.2356191061e+00
m_ipeak_sink_a = 1.0820656579e+00
m_vout_max_v = 5.0036836700e+00
m_vout_min_v = -2.675152623e-03
m_vin_max_v = 3.3000000000e+00
m_vin_min_v = 0.0000000000e+00
m_indrv_max_v = 5.0669834236e+00
m_indrv_min_v = -2.216770290e-02
m_n1_max_v = 5.0619928906e+00
m_n1_min_v = -9.697093742e-03
m_n2_max_v = 5.0612855330e+00
m_n2_min_v = -3.348334508e-02
m_n3_max_v = 5.0423575149e+00
m_n3_min_v = -2.828021895e-02
m_n4_max_v = 5.0431598512e+00
m_n4_min_v = -1.798235497e-02
m_n5_max_v = 5.0420626979e+00
m_n5_min_v = -2.545013632e-02
Note: Simulation executed from .control section 

Note: vimeas: has no value, DC 0 assumed
