
Note: No compatibility mode selected!


Circuit: * gate-driver-core-drive-postlayout @ tt_-40c_vlogic2p97v-vdrv4p50v -- generated by sim/harness, do not edit

Doing analysis at TEMP = -40.000000 and TNOM = 27.000000

Using SPARSE 1.3 as Direct Linear Solver

Initial Transient Solution
--------------------------

Node                                   Voltage
----                                   -------
x1_inb                                    2.97
in                                           0
gnd_logic                                    0
x1_na                                  2.05167
x1_nb                              3.28092e-10
gnd_drv                            3.28751e-12
x2_n3                                      4.5
x2_n4                              2.13869e-09
x2_n5                                      4.5
out                                2.26811e-09
in_drv                             7.28721e-10
x1_nbuf1                                   4.5
x1_ncb                             9.35724e-10
x1_nca                                     4.5
vdd_logic                                 2.97
x2_n1                                      4.5
x2_n2                              1.43326e-09
vdd_drv                                    4.5
outcap                             2.26811e-09
vimeas#branch                      1.55904e-25
vin#branch                                   0
vgnd_logic#branch                  3.29748e-09
vsup_drv#branch                    -3.2945e-09
vsup_logic#branch                  -2.9743e-12

 Reference value :  0.00000e+00
 Reference value :  1.01280e-08
 Reference value :  1.03280e-08
 Reference value :  1.05280e-08
 Reference value :  1.07280e-08
 Reference value :  1.09280e-08
 Reference value :  1.11280e-08
 Reference value :  1.13280e-08
 Reference value :  1.15280e-08
 Reference value :  1.17280e-08
 Reference value :  1.19280e-08
 Reference value :  1.21280e-08
 Reference value :  1.23280e-08
 Reference value :  1.25280e-08
 Reference value :  1.27280e-08
 Reference value :  1.29280e-08
 Reference value :  1.31280e-08
 Reference value :  1.33280e-08
 Reference value :  1.35280e-08
 Reference value :  1.37280e-08
 Reference value :  1.39280e-08
 Reference value :  1.41280e-08
 Reference value :  1.43280e-08
 Reference value :  1.45280e-08
 Reference value :  1.47280e-08
 Reference value :  1.49280e-08
 Reference value :  1.51280e-08
 Reference value :  1.53280e-08
 Reference value :  1.55280e-08
 Reference value :  1.92280e-08
 Reference value :  4.44439e-08
 Reference value :  1.00344e-07
 Reference value :  1.54944e-07
 Reference value :  2.11344e-07
 Reference value :  2.68144e-07
 Reference value :  3.19144e-07
 Reference value :  3.68804e-07
 Reference value :  4.20004e-07
 Reference value :  4.76504e-07
 Reference value :  5.30404e-07
 Reference value :  5.86004e-07
 Reference value :  6.42704e-07
 Reference value :  6.68604e-07
No. of Data Rows : 7047
trise10_90          =  4.51836e-09 targ=  2.70481e-08 trig=  2.25297e-08
tfall10_90          =  4.34429e-09 targ=  3.27657e-07 trig=  3.23312e-07
tpdlh               =  3.85939e-09 targ=  2.43594e-08 trig=  2.05000e-08
tpdhl               =  3.79684e-09 targ=  3.25297e-07 trig=  3.21500e-07
m_trise_s = 4.5183550000e-09
m_tfall_s = 4.3442920000e-09
m_tpdlh_s = 3.8593850000e-09
m_tpdhl_s = 3.7968360000e-09
m_ipeak_source_a = 1.0295004714e+00
m_ipeak_sink_a = 9.3164045669e-01
m_vout_max_v = 4.5040437311e+00
m_vout_min_v = -2.774994915e-03
m_vin_max_v = 2.9700000000e+00
m_vin_min_v = 0.0000000000e+00
m_indrv_max_v = 4.5387611952e+00
m_indrv_min_v = -3.179432725e-02
m_n1_max_v = 4.5503880049e+00
m_n1_min_v = -3.382293341e-02
m_n2_max_v = 4.5640328882e+00
m_n2_min_v = -3.201141538e-02
m_n3_max_v = 4.5440035836e+00
m_n3_min_v = -2.474855912e-02
m_n4_max_v = 4.5334965165e+00
m_n4_min_v = -2.748854468e-02
m_n5_max_v = 4.5432355428e+00
m_n5_min_v = -2.749556692e-02
Note: Simulation executed from .control section 

Note: vimeas: has no value, DC 0 assumed
