
Note: No compatibility mode selected!


Circuit: * gate-driver-core-drive-postlayout @ tt_-40c_vlogic3p63v-vdrv5p50v -- generated by sim/harness, do not edit

Doing analysis at TEMP = -40.000000 and TNOM = 27.000000

Using SPARSE 1.3 as Direct Linear Solver

Initial Transient Solution
--------------------------

Node                                   Voltage
----                                   -------
x1_inb                                    3.63
in                                           0
gnd_logic                                    0
x1_na                                  2.61444
x1_nb                              3.75609e-10
gnd_drv                            4.02067e-12
x2_n3                                      5.5
x2_n4                              2.33773e-09
x2_n5                                      5.5
out                                2.47917e-09
in_drv                             7.97078e-10
x1_nbuf1                                   5.5
x1_ncb                             9.96172e-10
x1_nca                                     5.5
vdd_logic                                 3.63
x2_n1                                      5.5
x2_n2                               1.5672e-09
vdd_drv                                    5.5
outcap                             2.47917e-09
vimeas#branch                     -4.03089e-25
vin#branch                                   0
vgnd_logic#branch                  4.03298e-09
vsup_drv#branch                   -4.02933e-09
vsup_logic#branch                 -3.64666e-12

 Reference value :  3.68937e-08
 Reference value :  9.24937e-08
 Reference value :  1.48794e-07
 Reference value :  2.04494e-07
 Reference value :  2.58794e-07
 Reference value :  3.11894e-07
 Reference value :  3.58446e-07
 Reference value :  4.14746e-07
 Reference value :  4.67346e-07
 Reference value :  5.22946e-07
 Reference value :  5.78746e-07
 Reference value :  6.29646e-07
 Reference value :  6.86246e-07
No. of Data Rows : 7052
trise10_90          =  3.95566e-09 targ=  2.62520e-08 trig=  2.22963e-08
tfall10_90          =  3.96434e-09 targ=  3.27067e-07 trig=  3.23103e-07
tpdlh               =  3.39431e-09 targ=  2.38943e-08 trig=  2.05000e-08
tpdhl               =  3.42207e-09 targ=  3.24922e-07 trig=  3.21500e-07
m_trise_s = 3.9556650000e-09
m_tfall_s = 3.9643420000e-09
m_tpdlh_s = 3.3943080000e-09
m_tpdhl_s = 3.4220730000e-09
m_ipeak_source_a = 1.4255339691e+00
m_ipeak_sink_a = 1.2322709588e+00
m_vout_max_v = 5.5038941223e+00
m_vout_min_v = -2.836835026e-03
m_vin_max_v = 3.6300000000e+00
m_vin_min_v = 0.0000000000e+00
m_indrv_max_v = 5.5585180411e+00
m_indrv_min_v = -1.344367656e-02
m_n1_max_v = 5.5609945341e+00
m_n1_min_v = -3.757563740e-02
m_n2_max_v = 5.5676958617e+00
m_n2_min_v = -3.569687972e-02
m_n3_max_v = 5.5300753797e+00
m_n3_min_v = -2.878770205e-02
m_n4_max_v = 5.5352597000e+00
m_n4_min_v = -2.525264654e-02
m_n5_max_v = 5.5456716632e+00
m_n5_min_v = -2.128656507e-02
Note: Simulation executed from .control section 

Note: vimeas: has no value, DC 0 assumed
