
Note: No compatibility mode selected!


Circuit: * gate-driver-core-drive-postlayout @ tt_125c_vlogic3p63v-vdrv5p50v -- generated by sim/harness, do not edit

Doing analysis at TEMP = 125.000000 and TNOM = 27.000000

Using SPARSE 1.3 as Direct Linear Solver

Initial Transient Solution
--------------------------

Node                                   Voltage
----                                   -------
x1_inb                                    3.63
in                                           0
gnd_logic                                    0
x1_na                                  2.68943
x1_nb                              7.29194e-10
gnd_drv                            1.51693e-11
x2_n3                                      5.5
x2_n4                              6.93236e-09
x2_n5                                      5.5
out                                7.35158e-09
in_drv                             2.86721e-09
x1_nbuf1                                   5.5
x1_ncb                             2.12879e-09
x1_nca                                 5.49999
vdd_logic                                 3.63
x2_n1                                      5.5
x2_n2                              6.00635e-09
vdd_drv                                    5.5
outcap                             7.35158e-09
vimeas#branch                       1.6584e-23
vin#branch                                   0
vgnd_logic#branch                   1.9798e-08
vsup_drv#branch                   -1.83457e-08
vsup_logic#branch                 -1.45229e-09

 Reference value :  3.67786e-08
 Reference value :  9.26786e-08
 Reference value :  1.50079e-07
 Reference value :  2.02979e-07
 Reference value :  2.60279e-07
 Reference value :  3.13679e-07
 Reference value :  3.66932e-07
 Reference value :  4.20032e-07
 Reference value :  4.72032e-07
 Reference value :  5.26632e-07
 Reference value :  5.71832e-07
 Reference value :  6.29732e-07
 Reference value :  6.70432e-07
No. of Data Rows : 7039
trise10_90          =  5.71985e-09 targ=  2.87369e-08 trig=  2.30170e-08
tfall10_90          =  5.71385e-09 targ=  3.29388e-07 trig=  3.23674e-07
tpdlh               =  4.66666e-09 targ=  2.51667e-08 trig=  2.05000e-08
tpdhl               =  4.59642e-09 targ=  3.26096e-07 trig=  3.21500e-07
m_trise_s = 5.7198490000e-09
m_tfall_s = 5.7138500000e-09
m_tpdlh_s = 4.6666630000e-09
m_tpdhl_s = 4.5964240000e-09
m_ipeak_source_a = 1.0698243167e+00
m_ipeak_sink_a = 9.3525623726e-01
m_vout_max_v = 5.5029483811e+00
m_vout_min_v = -2.465646954e-03
m_vin_max_v = 3.6300000000e+00
m_vin_min_v = 0.0000000000e+00
m_indrv_max_v = 5.5501830137e+00
m_indrv_min_v = -1.868511573e-02
m_n1_max_v = 5.5430782174e+00
m_n1_min_v = -2.844092088e-02
m_n2_max_v = 5.5678880291e+00
m_n2_min_v = -3.271035372e-02
m_n3_max_v = 5.5334525299e+00
m_n3_min_v = -2.599912285e-02
m_n4_max_v = 5.5373565991e+00
m_n4_min_v = -1.820928692e-02
m_n5_max_v = 5.5406270994e+00
m_n5_min_v = -2.449314498e-02
Note: Simulation executed from .control section 

Note: vimeas: has no value, DC 0 assumed
