
Note: No compatibility mode selected!


Circuit: * gate-driver-core-drive-postlayout @ tt_27c_vlogic3p63v-vdrv5p50v -- generated by sim/harness, do not edit

Doing analysis at TEMP = 27.000000 and TNOM = 27.000000

Using SPARSE 1.3 as Direct Linear Solver

Initial Transient Solution
--------------------------

Node                                   Voltage
----                                   -------
x1_inb                                    3.63
in                                           0
gnd_logic                                    0
x1_na                                  2.70974
x1_nb                              4.54943e-10
gnd_drv                            4.03831e-12
x2_n3                                      5.5
x2_n4                              3.08657e-09
x2_n5                                      5.5
out                                3.27339e-09
in_drv                             1.05186e-09
x1_nbuf1                                   5.5
x1_ncb                             1.26153e-09
x1_nca                                     5.5
vdd_logic                                 3.63
x2_n1                                      5.5
x2_n2                              2.06882e-09
vdd_drv                                    5.5
outcap                             3.27339e-09
vimeas#branch                     -7.09243e-25
vin#branch                                   0
vgnd_logic#branch                  4.06717e-09
vsup_drv#branch                   -4.05787e-09
vsup_logic#branch                 -9.29564e-12

 Reference value :  3.44508e-08
 Reference value :  8.82508e-08
 Reference value :  1.42751e-07
 Reference value :  1.96151e-07
 Reference value :  2.52551e-07
 Reference value :  3.09051e-07
 Reference value :  3.54505e-07
 Reference value :  4.00205e-07
 Reference value :  4.07405e-07
 Reference value :  4.07605e-07
 Reference value :  4.07805e-07
 Reference value :  4.08005e-07
 Reference value :  4.08205e-07
 Reference value :  4.08405e-07
 Reference value :  4.08605e-07
 Reference value :  4.12405e-07
 Reference value :  4.12605e-07
 Reference value :  4.12805e-07
 Reference value :  4.13005e-07
 Reference value :  4.13205e-07
 Reference value :  4.13405e-07
 Reference value :  4.13605e-07
 Reference value :  4.29405e-07
 Reference value :  4.47905e-07
 Reference value :  5.02505e-07
 Reference value :  5.53505e-07
 Reference value :  6.09705e-07
 Reference value :  6.66505e-07
No. of Data Rows : 7048
trise10_90          =  4.73360e-09 targ=  2.73246e-08 trig=  2.25910e-08
tfall10_90          =  4.60749e-09 targ=  3.27940e-07 trig=  3.23333e-07
tpdlh               =  3.93443e-09 targ=  2.44344e-08 trig=  2.05000e-08
tpdhl               =  3.87360e-09 targ=  3.25374e-07 trig=  3.21500e-07
m_trise_s = 4.7335980000e-09
m_tfall_s = 4.6074940000e-09
m_tpdlh_s = 3.9344340000e-09
m_tpdhl_s = 3.8736000000e-09
m_ipeak_source_a = 1.2371281345e+00
m_ipeak_sink_a = 1.0953975631e+00
m_vout_max_v = 5.5030936792e+00
m_vout_min_v = -2.681208925e-03
m_vin_max_v = 3.6300000000e+00
m_vin_min_v = 0.0000000000e+00
m_indrv_max_v = 5.5674793086e+00
m_indrv_min_v = -2.504370262e-02
m_n1_max_v = 5.5432065994e+00
m_n1_min_v = -2.074042677e-02
m_n2_max_v = 5.5621102643e+00
m_n2_min_v = -3.677418118e-02
m_n3_max_v = 5.5405726240e+00
m_n3_min_v = -2.221528225e-02
m_n4_max_v = 5.5402295634e+00
m_n4_min_v = -2.352696914e-02
m_n5_max_v = 5.5415665507e+00
m_n5_min_v = -2.644403866e-02
Note: Simulation executed from .control section 

Note: vimeas: has no value, DC 0 assumed
