
Note: No compatibility mode selected!


Circuit: * gate-driver-core-drive-postlayout @ tt_27c_vlogic2p97v-vdrv4p50v -- generated by sim/harness, do not edit

Doing analysis at TEMP = 27.000000 and TNOM = 27.000000

Using SPARSE 1.3 as Direct Linear Solver

Initial Transient Solution
--------------------------

Node                                   Voltage
----                                   -------
x1_inb                                    2.97
in                                           0
gnd_logic                                    0
x1_na                                  2.15511
x1_nb                              4.03757e-10
gnd_drv                            3.30105e-12
x2_n3                                      4.5
x2_n4                               2.8016e-09
x2_n5                                      4.5
out                                 2.9712e-09
in_drv                              9.5419e-10
x1_nbuf1                                   4.5
x1_ncb                             1.18751e-09
x1_nca                                     4.5
vdd_logic                                 2.97
x2_n1                                      4.5
x2_n2                              1.87722e-09
vdd_drv                                    4.5
outcap                              2.9712e-09
vimeas#branch                     -3.00095e-25
vin#branch                                   0
vgnd_logic#branch                  3.32113e-09
vsup_drv#branch                   -3.31499e-09
vsup_logic#branch                 -6.13628e-12

 Reference value :  3.14144e-08
 Reference value :  8.43144e-08
 Reference value :  1.39414e-07
 Reference value :  1.91814e-07
 Reference value :  2.48314e-07
 Reference value :  2.94814e-07
 Reference value :  3.46308e-07
 Reference value :  3.98808e-07
 Reference value :  4.40808e-07
 Reference value :  4.96908e-07
 Reference value :  5.48508e-07
 Reference value :  6.04708e-07
 Reference value :  6.47708e-07
 Reference value :  6.77008e-07
No. of Data Rows : 7040
trise10_90          =  5.46579e-09 targ=  2.83411e-08 trig=  2.28753e-08
tfall10_90          =  5.04619e-09 targ=  3.28642e-07 trig=  3.23596e-07
tpdlh               =  4.51099e-09 targ=  2.50110e-08 trig=  2.05000e-08
tpdhl               =  4.32214e-09 targ=  3.25822e-07 trig=  3.21500e-07
m_trise_s = 5.4657940000e-09
m_tfall_s = 5.0461940000e-09
m_tpdlh_s = 4.5109920000e-09
m_tpdhl_s = 4.3221380000e-09
m_ipeak_source_a = 8.7876570896e-01
m_ipeak_sink_a = 8.3005346569e-01
m_vout_max_v = 4.5034628943e+00
m_vout_min_v = -2.634166469e-03
m_vin_max_v = 2.9700000000e+00
m_vin_min_v = 0.0000000000e+00
m_indrv_max_v = 4.5790790517e+00
m_indrv_min_v = -2.727422980e-02
m_n1_max_v = 4.5261028555e+00
m_n1_min_v = -3.088025816e-02
m_n2_max_v = 4.5653920752e+00
m_n2_min_v = -3.408165336e-02
m_n3_max_v = 4.5353474920e+00
m_n3_min_v = -2.512646947e-02
m_n4_max_v = 4.5416649703e+00
m_n4_min_v = -2.629734865e-02
m_n5_max_v = 4.5438554784e+00
m_n5_min_v = -2.631409094e-02
Note: Simulation executed from .control section 

Note: vimeas: has no value, DC 0 assumed
