
Note: Compatibility modes selected: hs a


Circuit: * gate-driver-core-drive @ ff_-40c_vlogic3p63v-vdrv5p50v -- generated by sim/harness, do not edit

Doing analysis at TEMP = -40.000000 and TNOM = 27.000000

Using SPARSE 1.3 as Direct Linear Solver

Initial Transient Solution
--------------------------

Node                                   Voltage
----                                   -------
x1.inb                                    3.63
in                                           0
gnd_logic                                    0
vdd_logic                                 3.63
x1.na                                  2.73692
x1.nb                              3.58648e-10
x1.nca                                     5.5
gnd_drv                            4.08849e-12
x1.ncb                             9.12466e-10
vdd_drv                                    5.5
x1.nbuf1                                   5.5
in_drv                             7.43156e-10
x2.n1                                      5.5
x2.n2                              1.45964e-09
x2.n3                                      5.5
x2.n4                              2.16608e-09
x2.n5                                      5.5
out                                2.29711e-09
outcap                             2.29711e-09
vimeas#branch                      7.91128e-22
vin#branch                                   0
vgnd_logic#branch                  4.10195e-09
vsup_drv#branch                    -4.0896e-09
vsup_logic#branch                 -4.04012e-12

 Reference value :  0.00000e+00
 Reference value :  8.68395e-08
 Reference value :  2.21540e-07
 Reference value :  3.21586e-07
 Reference value :  4.34023e-07
 Reference value :  5.87023e-07
No. of Data Rows : 7224
trise10_90          =  3.40864e-09 targ=  2.53727e-08 trig=  2.19641e-08
tfall10_90          =  3.38853e-09 targ=  3.26200e-07 trig=  3.22811e-07
tpdlh               =  2.83332e-09 targ=  2.33333e-08 trig=  2.05000e-08
tpdhl               =  2.84449e-09 targ=  3.24344e-07 trig=  3.21500e-07
m_trise_s = 3.4086350000e-09
m_tfall_s = 3.3885250000e-09
m_tpdlh_s = 2.8333200000e-09
m_tpdhl_s = 2.8444860000e-09
m_ipeak_source_a = 1.6617017857e+00
m_ipeak_sink_a = 1.4574482796e+00
m_vout_max_v = 5.5042766177e+00
m_vout_min_v = -2.513034751e-03
m_vin_max_v = 3.6300000000e+00
m_vin_min_v = 0.0000000000e+00
m_indrv_max_v = 5.6180471651e+00
m_indrv_min_v = -2.330236170e-02
m_n1_max_v = 5.6102786379e+00
m_n1_min_v = -4.671372081e-02
m_n2_max_v = 5.5695990352e+00
m_n2_min_v = -4.036171090e-02
m_n3_max_v = 5.5479604804e+00
m_n3_min_v = -2.684334299e-02
m_n4_max_v = 5.5446888156e+00
m_n4_min_v = -2.604374967e-02
m_n5_max_v = 5.5444530344e+00
m_n5_min_v = -2.564097290e-02
Note: Simulation executed from .control section 

Warning: m=xx on .subckt line will override multiplier m hierarchy!

Note: vimeas: has no value, DC 0 assumed
