
Note: Compatibility modes selected: hs a


Circuit: * gate-driver-core-drive @ ff_-40c_vlogic3p30v-vdrv6p00v -- generated by sim/harness, do not edit

Doing analysis at TEMP = -40.000000 and TNOM = 27.000000

Using SPARSE 1.3 as Direct Linear Solver

Initial Transient Solution
--------------------------

Node                                   Voltage
----                                   -------
x1.inb                                     3.3
in                                           0
gnd_logic                                    0
vdd_logic                                  3.3
x1.na                                  2.46582
x1.nb                              4.00057e-10
x1.nca                                       6
gnd_drv                            4.46061e-12
x1.ncb                             1.05011e-09
vdd_drv                                      6
x1.nbuf1                                     6
in_drv                             7.86012e-10
x2.n1                                        6
x2.n2                              1.54355e-09
x2.n3                                        6
x2.n4                              2.29042e-09
x2.n5                                        6
out                                2.42896e-09
outcap                             2.42896e-09
vimeas#branch                      4.78817e-22
vin#branch                                   0
vgnd_logic#branch                  4.47373e-09
vsup_drv#branch                   -4.46539e-09
vsup_logic#branch                    -3.57e-12

 Reference value :  0.00000e+00
 Reference value :  1.03396e-07
 Reference value :  2.51496e-07
 Reference value :  3.71847e-07
 Reference value :  5.21047e-07
 Reference value :  6.73547e-07
No. of Data Rows : 7226
trise10_90          =  3.26541e-09 targ=  2.51437e-08 trig=  2.18783e-08
tfall10_90          =  3.30207e-09 targ=  3.26090e-07 trig=  3.22788e-07
tpdlh               =  2.69071e-09 targ=  2.31907e-08 trig=  2.05000e-08
tpdhl               =  2.78382e-09 targ=  3.24284e-07 trig=  3.21500e-07
m_trise_s = 3.2654050000e-09
m_tfall_s = 3.3020660000e-09
m_tpdlh_s = 2.6907060000e-09
m_tpdhl_s = 2.7838230000e-09
m_ipeak_source_a = 1.8902092927e+00
m_ipeak_sink_a = 1.6426565660e+00
m_vout_max_v = 6.0041798869e+00
m_vout_min_v = -2.493549338e-03
m_vin_max_v = 3.3000000000e+00
m_vin_min_v = 0.0000000000e+00
m_indrv_max_v = 6.1140850396e+00
m_indrv_min_v = -2.564610775e-02
m_n1_max_v = 6.1107327939e+00
m_n1_min_v = -4.419952552e-02
m_n2_max_v = 6.0708423028e+00
m_n2_min_v = -4.144186721e-02
m_n3_max_v = 6.0467122052e+00
m_n3_min_v = -2.668930467e-02
m_n4_max_v = 6.0428218064e+00
m_n4_min_v = -2.578638340e-02
m_n5_max_v = 6.0428080370e+00
m_n5_min_v = -2.519325843e-02
Note: Simulation executed from .control section 

Warning: m=xx on .subckt line will override multiplier m hierarchy!

Note: vimeas: has no value, DC 0 assumed
