
Note: Compatibility modes selected: hs a


Circuit: * gate-driver-core-drive @ ff_125c_vlogic3p30v-vdrv5p00v -- generated by sim/harness, do not edit

Doing analysis at TEMP = 125.000000 and TNOM = 27.000000

Using SPARSE 1.3 as Direct Linear Solver

Initial Transient Solution
--------------------------

Node                                   Voltage
----                                   -------
x1.inb                                 3.29999
in                                           0
gnd_logic                                    0
vdd_logic                                  3.3
x1.na                                  2.45417
x1.nb                              2.04916e-09
x1.nca                                 4.99993
gnd_drv                            1.26174e-10
x1.ncb                             5.83252e-09
vdd_drv                                      5
x1.nbuf1                                     5
in_drv                             1.47982e-08
x2.n1                                        5
x2.n2                              3.25429e-08
x2.n3                                        5
x2.n4                              3.29133e-08
x2.n5                                        5
out                                3.49004e-08
outcap                             3.49004e-08
vimeas#branch                      1.27999e-21
vin#branch                                   0
vgnd_logic#branch                  1.62864e-07
vsup_drv#branch                   -1.51594e-07
vsup_logic#branch                 -1.12709e-08

 Reference value :  6.02800e-09
 Reference value :  1.40180e-07
 Reference value :  2.80080e-07
 Reference value :  4.12517e-07
 Reference value :  5.55417e-07
No. of Data Rows : 7185
trise10_90          =  5.17101e-09 targ=  2.78052e-08 trig=  2.26342e-08
tfall10_90          =  5.13150e-09 targ=  3.28500e-07 trig=  3.23369e-07
tpdlh               =  4.05777e-09 targ=  2.45578e-08 trig=  2.05000e-08
tpdhl               =  4.01926e-09 targ=  3.25519e-07 trig=  3.21500e-07
m_trise_s = 5.1710090000e-09
m_tfall_s = 5.1314950000e-09
m_tpdlh_s = 4.0577710000e-09
m_tpdhl_s = 4.0192550000e-09
m_ipeak_source_a = 1.0917283058e+00
m_ipeak_sink_a = 9.5998590316e-01
m_vout_max_v = 5.0034081820e+00
m_vout_min_v = -2.061202409e-03
m_vin_max_v = 3.3000000000e+00
m_vin_min_v = 0.0000000000e+00
m_indrv_max_v = 5.1121564337e+00
m_indrv_min_v = -1.725052224e-02
m_n1_max_v = 5.0939389659e+00
m_n1_min_v = -4.200148356e-02
m_n2_max_v = 5.0653019698e+00
m_n2_min_v = -3.632582581e-02
m_n3_max_v = 5.0437439557e+00
m_n3_min_v = -2.439087579e-02
m_n4_max_v = 5.0397143115e+00
m_n4_min_v = -2.309888193e-02
m_n5_max_v = 5.0392833005e+00
m_n5_min_v = -2.242756082e-02
Note: Simulation executed from .control section 

Warning: m=xx on .subckt line will override multiplier m hierarchy!

Note: vimeas: has no value, DC 0 assumed
