
Note: Compatibility modes selected: hs a


Circuit: * gate-driver-core-drive @ ff_125c_vlogic3p63v-vdrv5p50v -- generated by sim/harness, do not edit

Doing analysis at TEMP = 125.000000 and TNOM = 27.000000

Using SPARSE 1.3 as Direct Linear Solver

Initial Transient Solution
--------------------------

Node                                   Voltage
----                                   -------
x1.inb                                 3.62999
in                                           0
gnd_logic                                    0
vdd_logic                                 3.63
x1.na                                  2.73094
x1.nb                              2.18978e-09
x1.nca                                 5.49992
gnd_drv                            1.44436e-10
x1.ncb                             6.13442e-09
vdd_drv                                    5.5
x1.nbuf1                                   5.5
in_drv                             1.59984e-08
x2.n1                                      5.5
x2.n2                               3.5178e-08
x2.n3                                      5.5
x2.n4                              3.55411e-08
x2.n5                                      5.5
out                                3.76864e-08
outcap                             3.76864e-08
vimeas#branch                     -5.00916e-21
vin#branch                                   0
vgnd_logic#branch                   1.9012e-07
vsup_drv#branch                   -1.75388e-07
vsup_logic#branch                 -1.47242e-08

 Reference value :  2.06875e-08
 Reference value :  1.99267e-07
 Reference value :  3.25398e-07
 Reference value :  4.86198e-07
 Reference value :  6.37498e-07
No. of Data Rows : 7189
trise10_90          =  4.83416e-09 targ=  2.73556e-08 trig=  2.25214e-08
tfall10_90          =  4.97769e-09 targ=  3.28248e-07 trig=  3.23270e-07
tpdlh               =  3.82018e-09 targ=  2.43202e-08 trig=  2.05000e-08
tpdhl               =  3.85810e-09 targ=  3.25358e-07 trig=  3.21500e-07
m_trise_s = 4.8341630000e-09
m_tfall_s = 4.9776950000e-09
m_tpdlh_s = 3.8201850000e-09
m_tpdhl_s = 3.8580980000e-09
m_ipeak_source_a = 1.2830266590e+00
m_ipeak_sink_a = 1.0870001464e+00
m_vout_max_v = 5.5034142082e+00
m_vout_min_v = -2.041157227e-03
m_vin_max_v = 3.6300000000e+00
m_vin_min_v = 0.0000000000e+00
m_indrv_max_v = 5.6134506447e+00
m_indrv_min_v = -1.596386886e-02
m_n1_max_v = 5.5912289180e+00
m_n1_min_v = -4.092397231e-02
m_n2_max_v = 5.5673278411e+00
m_n2_min_v = -3.743382673e-02
m_n3_max_v = 5.5421876405e+00
m_n3_min_v = -2.460404189e-02
m_n4_max_v = 5.5378087435e+00
m_n4_min_v = -2.315677974e-02
m_n5_max_v = 5.5383635707e+00
m_n5_min_v = -2.229166390e-02
Note: Simulation executed from .control section 

Warning: m=xx on .subckt line will override multiplier m hierarchy!

Note: vimeas: has no value, DC 0 assumed
