
Note: Compatibility modes selected: hs a


Circuit: * gate-driver-core-drive @ ff_125c_vlogic3p30v-vdrv6p00v -- generated by sim/harness, do not edit

Doing analysis at TEMP = 125.000000 and TNOM = 27.000000

Using SPARSE 1.3 as Direct Linear Solver

Initial Transient Solution
--------------------------

Node                                   Voltage
----                                   -------
x1.inb                                 3.29999
in                                           0
gnd_logic                                    0
vdd_logic                                  3.3
x1.na                                  2.47237
x1.nb                              2.55842e-09
x1.nca                                 5.99994
gnd_drv                             1.6973e-10
x1.ncb                             7.28202e-09
vdd_drv                                      6
x1.nbuf1                                     6
in_drv                             1.77116e-08
x2.n1                                        6
x2.n2                              3.89476e-08
x2.n3                                        6
x2.n4                              3.92742e-08
x2.n5                                        6
out                                4.16442e-08
outcap                             4.16442e-08
vimeas#branch                     -5.34178e-21
vin#branch                                   0
vgnd_logic#branch                  2.06756e-07
vsup_drv#branch                   -1.95482e-07
vsup_logic#branch                 -1.12709e-08

 Reference value :  1.77280e-08
 Reference value :  1.71740e-07
 Reference value :  3.13040e-07
 Reference value :  4.48814e-07
 Reference value :  5.99914e-07
No. of Data Rows : 7192
trise10_90          =  4.55686e-09 targ=  2.69471e-08 trig=  2.23902e-08
tfall10_90          =  4.86774e-09 targ=  3.28098e-07 trig=  3.23230e-07
tpdlh               =  3.58689e-09 targ=  2.40869e-08 trig=  2.05000e-08
tpdhl               =  3.77326e-09 targ=  3.25273e-07 trig=  3.21500e-07
m_trise_s = 4.5568580000e-09
m_tfall_s = 4.8677400000e-09
m_tpdlh_s = 3.5868920000e-09
m_tpdhl_s = 3.7732550000e-09
m_ipeak_source_a = 1.4826380138e+00
m_ipeak_sink_a = 1.2146038709e+00
m_vout_max_v = 6.0034150707e+00
m_vout_min_v = -2.017652622e-03
m_vin_max_v = 3.3000000000e+00
m_vin_min_v = 0.0000000000e+00
m_indrv_max_v = 6.1055486999e+00
m_indrv_min_v = -2.043156249e-02
m_n1_max_v = 6.0926161270e+00
m_n1_min_v = -3.949324314e-02
m_n2_max_v = 6.0687714483e+00
m_n2_min_v = -3.892795336e-02
m_n3_max_v = 6.0414491068e+00
m_n3_min_v = -2.482785349e-02
m_n4_max_v = 6.0363832730e+00
m_n4_min_v = -2.298882277e-02
m_n5_max_v = 6.0361842623e+00
m_n5_min_v = -2.224832846e-02
Note: Simulation executed from .control section 

Warning: m=xx on .subckt line will override multiplier m hierarchy!

Note: vimeas: has no value, DC 0 assumed
