
Note: Compatibility modes selected: hs a


Circuit: * gate-driver-core-drive @ ff_125c_vlogic2p97v-vdrv4p50v -- generated by sim/harness, do not edit

Doing analysis at TEMP = 125.000000 and TNOM = 27.000000

Using SPARSE 1.3 as Direct Linear Solver

Initial Transient Solution
--------------------------

Node                                   Voltage
----                                   -------
x1.inb                                    2.97
in                                           0
gnd_logic                                    0
vdd_logic                                 2.97
x1.na                                  2.18079
x1.nb                              1.94302e-09
x1.nca                                 4.49994
gnd_drv                            1.12168e-10
x1.ncb                             5.63421e-09
vdd_drv                                    4.5
x1.nbuf1                                   4.5
in_drv                             1.39423e-08
x2.n1                                      4.5
x2.n2                              3.06688e-08
x2.n3                                      4.5
x2.n4                                3.103e-08
x2.n5                                      4.5
out                                3.29038e-08
outcap                             3.29038e-08
vimeas#branch                      1.95434e-20
vin#branch                                   0
vgnd_logic#branch                  1.41882e-07
vsup_drv#branch                   -1.33084e-07
vsup_logic#branch                 -8.79428e-09

 Reference value :  0.00000e+00
 Reference value :  1.49741e-07
 Reference value :  2.92241e-07
 Reference value :  4.14596e-07
 Reference value :  5.80296e-07
No. of Data Rows : 7180
trise10_90          =  5.59042e-09 targ=  2.83688e-08 trig=  2.27784e-08
tfall10_90          =  5.34746e-09 targ=  3.28842e-07 trig=  3.23495e-07
tpdlh               =  4.35906e-09 targ=  2.48591e-08 trig=  2.05000e-08
tpdhl               =  4.23121e-09 targ=  3.25731e-07 trig=  3.21500e-07
m_trise_s = 5.5904190000e-09
m_tfall_s = 5.3474590000e-09
m_tpdlh_s = 4.3590630000e-09
m_tpdhl_s = 4.2312110000e-09
m_ipeak_source_a = 9.0723411615e-01
m_ipeak_sink_a = 8.2704825625e-01
m_vout_max_v = 4.5033679260e+00
m_vout_min_v = -2.050332052e-03
m_vin_max_v = 2.9700000000e+00
m_vin_min_v = 0.0000000000e+00
m_indrv_max_v = 4.6042662417e+00
m_indrv_min_v = -2.049789281e-02
m_n1_max_v = 4.5910997693e+00
m_n1_min_v = -4.241596619e-02
m_n2_max_v = 4.5620730127e+00
m_n2_min_v = -3.446597821e-02
m_n3_max_v = 4.5421156855e+00
m_n3_min_v = -2.389274524e-02
m_n4_max_v = 4.5402067076e+00
m_n4_min_v = -2.293189385e-02
m_n5_max_v = 4.5401226158e+00
m_n5_min_v = -2.247057993e-02
Note: Simulation executed from .control section 

Warning: m=xx on .subckt line will override multiplier m hierarchy!

Note: vimeas: has no value, DC 0 assumed
