
Note: Compatibility modes selected: hs a


Circuit: * gate-driver-core-drive @ ff_27c_vlogic2p97v-vdrv4p50v -- generated by sim/harness, do not edit

Doing analysis at TEMP = 27.000000 and TNOM = 27.000000

Using SPARSE 1.3 as Direct Linear Solver

Initial Transient Solution
--------------------------

Node                                   Voltage
----                                   -------
x1.inb                                    2.97
in                                           0
gnd_logic                                    0
vdd_logic                                 2.97
x1.na                                  2.20574
x1.nb                              3.77175e-10
x1.nca                                     4.5
gnd_drv                            3.68327e-12
x1.ncb                              1.0585e-09
vdd_drv                                    4.5
x1.nbuf1                                   4.5
in_drv                             8.75685e-10
x2.n1                                      4.5
x2.n2                              1.72277e-09
x2.n3                                      4.5
x2.n4                              2.54921e-09
x2.n5                                      4.5
out                                2.70348e-09
outcap                             2.70348e-09
vimeas#branch                      -2.7554e-21
vin#branch                                   0
vgnd_logic#branch                  3.88155e-09
vsup_drv#branch                   -3.81458e-09
vsup_logic#branch                 -6.35552e-11

 Reference value :  5.12800e-09
 Reference value :  9.56386e-08
 Reference value :  2.56739e-07
 Reference value :  3.55578e-07
 Reference value :  4.97078e-07
 Reference value :  6.50678e-07
No. of Data Rows : 7196
trise10_90          =  4.59421e-09 targ=  2.69795e-08 trig=  2.23853e-08
tfall10_90          =  4.28938e-09 targ=  3.27467e-07 trig=  3.23178e-07
tpdlh               =  3.66086e-09 targ=  2.41609e-08 trig=  2.05000e-08
tpdhl               =  3.54487e-09 targ=  3.25045e-07 trig=  3.21500e-07
m_trise_s = 4.5942120000e-09
m_tfall_s = 4.2893810000e-09
m_tpdlh_s = 3.6608570000e-09
m_tpdhl_s = 3.5448660000e-09
m_ipeak_source_a = 1.0552141970e+00
m_ipeak_sink_a = 9.8535265581e-01
m_vout_max_v = 4.5038478538e+00
m_vout_min_v = -2.348959295e-03
m_vin_max_v = 2.9700000000e+00
m_vin_min_v = 0.0000000000e+00
m_indrv_max_v = 4.6100894604e+00
m_indrv_min_v = -2.601625725e-02
m_n1_max_v = 4.5991779555e+00
m_n1_min_v = -4.634715896e-02
m_n2_max_v = 4.5635287536e+00
m_n2_min_v = -3.709231824e-02
m_n3_max_v = 4.5474983946e+00
m_n3_min_v = -2.549923756e-02
m_n4_max_v = 4.5440796637e+00
m_n4_min_v = -2.521097706e-02
m_n5_max_v = 4.5441876075e+00
m_n5_min_v = -2.468534084e-02
Note: Simulation executed from .control section 

Warning: m=xx on .subckt line will override multiplier m hierarchy!

Note: vimeas: has no value, DC 0 assumed
