
Note: Compatibility modes selected: hs a


Circuit: * gate-driver-core-drive @ ff_27c_vlogic3p30v-vdrv6p00v -- generated by sim/harness, do not edit

Doing analysis at TEMP = 27.000000 and TNOM = 27.000000

Using SPARSE 1.3 as Direct Linear Solver

Initial Transient Solution
--------------------------

Node                                   Voltage
----                                   -------
x1.inb                                     3.3
in                                           0
gnd_logic                                    0
vdd_logic                                  3.3
x1.na                                   2.4995
x1.nb                              4.83988e-10
x1.nca                                       6
gnd_drv                            4.99521e-12
x1.ncb                             1.31967e-09
vdd_drv                                      6
x1.nbuf1                                     6
in_drv                             1.04271e-09
x2.n1                                        6
x2.n2                              2.05066e-09
x2.n3                                        6
x2.n4                              3.03176e-09
x2.n5                                        6
out                                3.21521e-09
outcap                             3.21521e-09
vimeas#branch                      4.37852e-23
vin#branch                                   0
vgnd_logic#branch                  5.25735e-09
vsup_drv#branch                   -5.16749e-09
vsup_logic#branch                  -8.6184e-11

 Reference value :  0.00000e+00
 Reference value :  1.01061e-07
 Reference value :  2.81461e-07
 Reference value :  3.66701e-07
 Reference value :  5.18201e-07
 Reference value :  6.58701e-07
No. of Data Rows : 7212
trise10_90          =  3.85629e-09 targ=  2.59453e-08 trig=  2.20890e-08
tfall10_90          =  3.88095e-09 targ=  3.26848e-07 trig=  3.22968e-07
tpdlh               =  3.07904e-09 targ=  2.35790e-08 trig=  2.05000e-08
tpdhl               =  3.16434e-09 targ=  3.24664e-07 trig=  3.21500e-07
m_trise_s = 3.8562950000e-09
m_tfall_s = 3.8809490000e-09
m_tpdlh_s = 3.0790450000e-09
m_tpdhl_s = 3.1643420000e-09
m_ipeak_source_a = 1.6715784843e+00
m_ipeak_sink_a = 1.4494073139e+00
m_vout_max_v = 6.0039112720e+00
m_vout_min_v = -2.332396375e-03
m_vin_max_v = 3.3000000000e+00
m_vin_min_v = 0.0000000000e+00
m_indrv_max_v = 6.1166834998e+00
m_indrv_min_v = -2.340601992e-02
m_n1_max_v = 6.1047371298e+00
m_n1_min_v = -4.203091043e-02
m_n2_max_v = 6.0709680061e+00
m_n2_min_v = -4.087188513e-02
m_n3_max_v = 6.0458168919e+00
m_n3_min_v = -2.627641463e-02
m_n4_max_v = 6.0411860125e+00
m_n4_min_v = -2.506088248e-02
m_n5_max_v = 6.0409493446e+00
m_n5_min_v = -2.444909687e-02
Note: Simulation executed from .control section 

Warning: m=xx on .subckt line will override multiplier m hierarchy!

Note: vimeas: has no value, DC 0 assumed
