
Note: Compatibility modes selected: hs a


Circuit: * gate-driver-core-drive @ ff_27c_vlogic3p63v-vdrv5p50v -- generated by sim/harness, do not edit

Doing analysis at TEMP = 27.000000 and TNOM = 27.000000

Using SPARSE 1.3 as Direct Linear Solver

Initial Transient Solution
--------------------------

Node                                   Voltage
----                                   -------
x1.inb                                    3.63
in                                           0
gnd_logic                                    0
vdd_logic                                 3.63
x1.na                                  2.76328
x1.nb                              4.30733e-10
x1.nca                                     5.5
gnd_drv                            4.53672e-12
x1.ncb                             1.14521e-09
vdd_drv                                    5.5
x1.nbuf1                                   5.5
in_drv                             9.81395e-10
x2.n1                                      5.5
x2.n2                              1.93027e-09
x2.n3                                      5.5
x2.n4                              2.85469e-09
x2.n5                                      5.5
out                                3.02743e-09
outcap                             3.02743e-09
vimeas#branch                      -2.2048e-21
vin#branch                                   0
vgnd_logic#branch                  4.87701e-09
vsup_drv#branch                   -4.74601e-09
vsup_logic#branch                 -1.19199e-10

 Reference value :  1.23280e-08
 Reference value :  1.22344e-07
 Reference value :  3.05444e-07
 Reference value :  4.16059e-07
 Reference value :  5.78959e-07
No. of Data Rows : 7210
trise10_90          =  4.04822e-09 targ=  2.62406e-08 trig=  2.21924e-08
tfall10_90          =  3.97611e-09 targ=  3.26973e-07 trig=  3.22997e-07
tpdlh               =  3.25612e-09 targ=  2.37561e-08 trig=  2.05000e-08
tpdhl               =  3.23451e-09 targ=  3.24735e-07 trig=  3.21500e-07
m_trise_s = 4.0482240000e-09
m_tfall_s = 3.9761080000e-09
m_tpdlh_s = 3.2561180000e-09
m_tpdhl_s = 3.2345080000e-09
m_ipeak_source_a = 1.4658462017e+00
m_ipeak_sink_a = 1.2946460666e+00
m_vout_max_v = 5.5039041222e+00
m_vout_min_v = -2.356379506e-03
m_vin_max_v = 3.6300000000e+00
m_vin_min_v = 0.0000000000e+00
m_indrv_max_v = 5.6176683465e+00
m_indrv_min_v = -1.937863933e-02
m_n1_max_v = 5.6090548636e+00
m_n1_min_v = -4.481012321e-02
m_n2_max_v = 5.5698421274e+00
m_n2_min_v = -3.985654220e-02
m_n3_max_v = 5.5466019824e+00
m_n3_min_v = -2.636398413e-02
m_n4_max_v = 5.5427118079e+00
m_n4_min_v = -2.534240362e-02
m_n5_max_v = 5.5431700204e+00
m_n5_min_v = -2.475124018e-02
Note: Simulation executed from .control section 

Warning: m=xx on .subckt line will override multiplier m hierarchy!

Note: vimeas: has no value, DC 0 assumed
