
Note: Compatibility modes selected: hs a


Circuit: * gate-driver-core-drive @ fs_-40c_vlogic3p30v-vdrv5p00v -- generated by sim/harness, do not edit

Doing analysis at TEMP = -40.000000 and TNOM = 27.000000

Using SPARSE 1.3 as Direct Linear Solver

Initial Transient Solution
--------------------------

Node                                   Voltage
----                                   -------
x1.inb                                     3.3
in                                           0
gnd_logic                                    0
vdd_logic                                  3.3
x1.na                                  2.41747
x1.nb                              3.34008e-10
x1.nca                                       5
gnd_drv                            3.61727e-12
x1.ncb                             8.87154e-10
vdd_drv                                      5
x1.nbuf1                                     5
in_drv                             6.99911e-10
x2.n1                                        5
x2.n2                              1.37151e-09
x2.n3                                        5
x2.n4                              2.05584e-09
x2.n5                                        5
out                                2.18021e-09
outcap                             2.18021e-09
vimeas#branch                     -1.01997e-21
vin#branch                                   0
vgnd_logic#branch                  3.62871e-09
vsup_drv#branch                   -3.61453e-09
vsup_logic#branch                 -3.40788e-12

 Reference value :  2.16575e-08
 Reference value :  1.50569e-07
 Reference value :  2.60869e-07
 Reference value :  3.86904e-07
 Reference value :  6.49004e-07
No. of Data Rows : 7218
trise10_90          =  4.73630e-09 targ=  2.71239e-08 trig=  2.23876e-08
tfall10_90          =  3.67983e-09 targ=  3.26852e-07 trig=  3.23172e-07
tpdlh               =  3.80951e-09 targ=  2.43095e-08 trig=  2.05000e-08
tpdhl               =  3.34076e-09 targ=  3.24841e-07 trig=  3.21500e-07
m_trise_s = 4.7362970000e-09
m_tfall_s = 3.6798350000e-09
m_tpdlh_s = 3.8095130000e-09
m_tpdhl_s = 3.3407590000e-09
m_ipeak_source_a = 1.0763716311e+00
m_ipeak_sink_a = 1.2180279479e+00
m_vout_max_v = 5.0044215765e+00
m_vout_min_v = -3.321493122e-03
m_vin_max_v = 3.3000000000e+00
m_vin_min_v = 0.0000000000e+00
m_indrv_max_v = 5.1182192509e+00
m_indrv_min_v = -2.883147430e-02
m_n1_max_v = 5.1117955111e+00
m_n1_min_v = -5.574286318e-02
m_n2_max_v = 5.0666539260e+00
m_n2_min_v = -4.312630739e-02
m_n3_max_v = 5.0535456443e+00
m_n3_min_v = -2.917562842e-02
m_n4_max_v = 5.0509428370e+00
m_n4_min_v = -2.925817394e-02
m_n5_max_v = 5.0511143249e+00
m_n5_min_v = -2.854036587e-02
Note: Simulation executed from .control section 

Warning: m=xx on .subckt line will override multiplier m hierarchy!

Note: vimeas: has no value, DC 0 assumed
