
Note: Compatibility modes selected: hs a


Circuit: * gate-driver-core-drive @ fs_125c_vlogic3p30v-vdrv6p00v -- generated by sim/harness, do not edit

Doing analysis at TEMP = 125.000000 and TNOM = 27.000000

Using SPARSE 1.3 as Direct Linear Solver

Initial Transient Solution
--------------------------

Node                                   Voltage
----                                   -------
x1.inb                                     3.3
in                                           0
gnd_logic                                    0
vdd_logic                                  3.3
x1.na                                  2.45795
x1.nb                              6.62696e-10
x1.nca                                 5.99996
gnd_drv                            7.20824e-11
x1.ncb                             1.90539e-09
vdd_drv                                      6
x1.nbuf1                                     6
in_drv                             1.86825e-09
x2.n1                                        6
x2.n2                              3.69908e-09
x2.n3                                        6
x2.n4                              5.07203e-09
x2.n5                                        6
out                                5.37506e-09
outcap                             5.37506e-09
vimeas#branch                      2.60139e-21
vin#branch                                   0
vgnd_logic#branch                  9.31881e-08
vsup_drv#branch                   -8.67708e-08
vsup_logic#branch                 -6.41122e-09

 Reference value :  1.09991e-07
 Reference value :  3.23810e-07
 Reference value :  5.79010e-07
No. of Data Rows : 7194
trise10_90          =  6.07177e-09 targ=  2.89082e-08 trig=  2.28364e-08
tfall10_90          =  5.06599e-09 targ=  3.28651e-07 trig=  3.23585e-07
tpdlh               =  4.62989e-09 targ=  2.51299e-08 trig=  2.05000e-08
tpdhl               =  4.21702e-09 targ=  3.25717e-07 trig=  3.21500e-07
m_trise_s = 6.0717680000e-09
m_tfall_s = 5.0659920000e-09
m_tpdlh_s = 4.6298900000e-09
m_tpdhl_s = 4.2170160000e-09
m_ipeak_source_a = 1.0924913371e+00
m_ipeak_sink_a = 1.1585929533e+00
m_vout_max_v = 6.0036834600e+00
m_vout_min_v = -2.972158752e-03
m_vin_max_v = 3.3000000000e+00
m_vin_min_v = 0.0000000000e+00
m_indrv_max_v = 6.1218683711e+00
m_indrv_min_v = -2.613502082e-02
m_n1_max_v = 6.0990363601e+00
m_n1_min_v = -5.303809316e-02
m_n2_max_v = 6.0670221457e+00
m_n2_min_v = -4.622088443e-02
m_n3_max_v = 6.0477857567e+00
m_n3_min_v = -2.956953686e-02
m_n4_max_v = 6.0428318699e+00
m_n4_min_v = -2.863417644e-02
m_n5_max_v = 6.0431790309e+00
m_n5_min_v = -2.808631489e-02
Note: Simulation executed from .control section 

Warning: m=xx on .subckt line will override multiplier m hierarchy!

Note: vimeas: has no value, DC 0 assumed
