
Note: Compatibility modes selected: hs a


Circuit: * gate-driver-core-drive @ fs_125c_vlogic3p30v-vdrv5p00v -- generated by sim/harness, do not edit

Doing analysis at TEMP = 125.000000 and TNOM = 27.000000

Using SPARSE 1.3 as Direct Linear Solver

Initial Transient Solution
--------------------------

Node                                   Voltage
----                                   -------
x1.inb                                     3.3
in                                           0
gnd_logic                                    0
vdd_logic                                  3.3
x1.na                                  2.44067
x1.nb                              5.55618e-10
x1.nca                                 4.99995
gnd_drv                            5.32685e-11
x1.ncb                             1.59752e-09
vdd_drv                                      5
x1.nbuf1                                     5
in_drv                             1.67475e-09
x2.n1                                        5
x2.n2                               3.3347e-09
x2.n3                                        5
x2.n4                               4.5496e-09
x2.n5                                        5
out                                 4.8221e-09
outcap                              4.8221e-09
vimeas#branch                     -9.49352e-22
vin#branch                                   0
vgnd_logic#branch                  7.41973e-08
vsup_drv#branch                   -6.77764e-08
vsup_logic#branch                 -6.41122e-09

 Reference value :  1.26100e-07
 Reference value :  3.59167e-07
 Reference value :  5.64867e-07
No. of Data Rows : 7185
trise10_90          =  7.03723e-09 targ=  3.02409e-08 trig=  2.32037e-08
tfall10_90          =  5.36185e-09 targ=  3.29151e-07 trig=  3.23789e-07
tpdlh               =  5.37161e-09 targ=  2.58716e-08 trig=  2.05000e-08
tpdhl               =  4.54238e-09 targ=  3.26042e-07 trig=  3.21500e-07
m_trise_s = 7.0372340000e-09
m_tfall_s = 5.3618530000e-09
m_tpdlh_s = 5.3716090000e-09
m_tpdhl_s = 4.5423790000e-09
m_ipeak_source_a = 7.8249535798e-01
m_ipeak_sink_a = 9.0738968061e-01
m_vout_max_v = 5.0036432665e+00
m_vout_min_v = -2.934718797e-03
m_vin_max_v = 3.3000000000e+00
m_vin_min_v = 0.0000000000e+00
m_indrv_max_v = 5.1200016743e+00
m_indrv_min_v = -2.164416582e-02
m_n1_max_v = 5.0960396333e+00
m_n1_min_v = -5.264459147e-02
m_n2_max_v = 5.0637077793e+00
m_n2_min_v = -4.250075207e-02
m_n3_max_v = 5.0487151879e+00
m_n3_min_v = -2.852353806e-02
m_n4_max_v = 5.0447754041e+00
m_n4_min_v = -2.775095338e-02
m_n5_max_v = 5.0452288877e+00
m_n5_min_v = -2.758243882e-02
Note: Simulation executed from .control section 

Warning: m=xx on .subckt line will override multiplier m hierarchy!

Note: vimeas: has no value, DC 0 assumed
