
Note: Compatibility modes selected: hs a


Circuit: * gate-driver-core-drive @ fs_125c_vlogic3p63v-vdrv5p50v -- generated by sim/harness, do not edit

Doing analysis at TEMP = 125.000000 and TNOM = 27.000000

Using SPARSE 1.3 as Direct Linear Solver

Initial Transient Solution
--------------------------

Node                                   Voltage
----                                   -------
x1.inb                                    3.63
in                                           0
gnd_logic                                    0
vdd_logic                                 3.63
x1.na                                   2.7165
x1.nb                              5.83933e-10
x1.nca                                 5.49994
gnd_drv                            6.11117e-11
x1.ncb                             1.65215e-09
vdd_drv                                    5.5
x1.nbuf1                                   5.5
in_drv                              1.7626e-09
x2.n1                                      5.5
x2.n2                              3.49993e-09
x2.n3                                      5.5
x2.n4                              4.79067e-09
x2.n5                                      5.5
out                                5.07731e-09
outcap                             5.07731e-09
vimeas#branch                     -3.07674e-22
vin#branch                                   0
vgnd_logic#branch                  8.70248e-08
vsup_drv#branch                   -7.87043e-08
vsup_logic#branch                 -8.31674e-09

 Reference value :  1.04257e-07
 Reference value :  3.23153e-07
 Reference value :  5.28221e-07
No. of Data Rows : 7191
trise10_90          =  6.50387e-09 targ=  2.95312e-08 trig=  2.30273e-08
tfall10_90          =  5.18973e-09 targ=  3.28841e-07 trig=  3.23651e-07
tpdlh               =  4.98748e-09 targ=  2.54875e-08 trig=  2.05000e-08
tpdhl               =  4.33428e-09 targ=  3.25834e-07 trig=  3.21500e-07
m_trise_s = 6.5038670000e-09
m_tfall_s = 5.1897260000e-09
m_tpdlh_s = 4.9874760000e-09
m_tpdhl_s = 4.3342810000e-09
m_ipeak_source_a = 9.3521979821e-01
m_ipeak_sink_a = 1.0312743761e+00
m_vout_max_v = 5.5037524331e+00
m_vout_min_v = -2.938593196e-03
m_vin_max_v = 3.6300000000e+00
m_vin_min_v = 0.0000000000e+00
m_indrv_max_v = 5.6245521351e+00
m_indrv_min_v = -1.851811880e-02
m_n1_max_v = 5.5939236197e+00
m_n1_min_v = -5.384809719e-02
m_n2_max_v = 5.5666007075e+00
m_n2_min_v = -4.466746632e-02
m_n3_max_v = 5.5478109466e+00
m_n3_min_v = -2.915489026e-02
m_n4_max_v = 5.5440655250e+00
m_n4_min_v = -2.830672683e-02
m_n5_max_v = 5.5442599837e+00
m_n5_min_v = -2.817411907e-02
Note: Simulation executed from .control section 

Warning: m=xx on .subckt line will override multiplier m hierarchy!

Note: vimeas: has no value, DC 0 assumed
