
Note: Compatibility modes selected: hs a


Circuit: * gate-driver-core-drive @ fs_27c_vlogic3p63v-vdrv5p50v -- generated by sim/harness, do not edit

Doing analysis at TEMP = 27.000000 and TNOM = 27.000000

Using SPARSE 1.3 as Direct Linear Solver

Initial Transient Solution
--------------------------

Node                                   Voltage
----                                   -------
x1.inb                                    3.63
in                                           0
gnd_logic                                    0
vdd_logic                                 3.63
x1.na                                  2.74726
x1.nb                              4.31352e-10
x1.nca                                     5.5
gnd_drv                            4.15832e-12
x1.ncb                             1.15969e-09
vdd_drv                                    5.5
x1.nbuf1                                   5.5
in_drv                             9.66745e-10
x2.n1                                      5.5
x2.n2                              1.89452e-09
x2.n3                                      5.5
x2.n4                              2.84028e-09
x2.n5                                      5.5
out                                3.01216e-09
outcap                             3.01216e-09
vimeas#branch                      5.69132e-22
vin#branch                                   0
vgnd_logic#branch                  4.32899e-09
vsup_drv#branch                   -4.26302e-09
vsup_logic#branch                 -5.91839e-11

 Reference value :  8.61376e-08
 Reference value :  3.49297e-07
 Reference value :  5.71497e-07
No. of Data Rows : 7210
trise10_90          =  5.33938e-09 targ=  2.79278e-08 trig=  2.25885e-08
tfall10_90          =  4.15689e-09 targ=  3.27468e-07 trig=  3.23311e-07
tpdlh               =  4.17776e-09 targ=  2.46778e-08 trig=  2.05000e-08
tpdhl               =  3.63440e-09 targ=  3.25134e-07 trig=  3.21500e-07
m_trise_s = 5.3393810000e-09
m_tfall_s = 4.1568920000e-09
m_tpdlh_s = 4.1777630000e-09
m_tpdhl_s = 3.6344040000e-09
m_ipeak_source_a = 1.0914909745e+00
m_ipeak_sink_a = 1.2253717327e+00
m_vout_max_v = 5.5041909179e+00
m_vout_min_v = -3.219658272e-03
m_vin_max_v = 3.6300000000e+00
m_vin_min_v = 0.0000000000e+00
m_indrv_max_v = 5.6275456781e+00
m_indrv_min_v = -2.362605065e-02
m_n1_max_v = 5.6033359417e+00
m_n1_min_v = -5.505241013e-02
m_n2_max_v = 5.5685880164e+00
m_n2_min_v = -4.546743882e-02
m_n3_max_v = 5.5524455681e+00
m_n3_min_v = -2.956412294e-02
m_n4_max_v = 5.5487523780e+00
m_n4_min_v = -2.902134300e-02
m_n5_max_v = 5.5488024719e+00
m_n5_min_v = -2.887097518e-02
Note: Simulation executed from .control section 

Warning: m=xx on .subckt line will override multiplier m hierarchy!

Note: vimeas: has no value, DC 0 assumed
