
Note: Compatibility modes selected: hs a


Circuit: * gate-driver-core-drive @ fs_27c_vlogic3p30v-vdrv6p00v -- generated by sim/harness, do not edit

Doing analysis at TEMP = 27.000000 and TNOM = 27.000000

Using SPARSE 1.3 as Direct Linear Solver

Initial Transient Solution
--------------------------

Node                                   Voltage
----                                   -------
x1.inb                                     3.3
in                                           0
gnd_logic                                    0
vdd_logic                                  3.3
x1.na                                  2.48356
x1.nb                              4.85574e-10
x1.nca                                       6
gnd_drv                            4.55493e-12
x1.ncb                             1.33913e-09
vdd_drv                                      6
x1.nbuf1                                     6
in_drv                             1.02468e-09
x2.n1                                        6
x2.n2                              2.00772e-09
x2.n3                                        6
x2.n4                              3.00979e-09
x2.n5                                        6
out                                3.19193e-09
outcap                             3.19193e-09
vimeas#branch                     -8.47114e-22
vin#branch                                   0
vgnd_logic#branch                  4.68868e-09
vsup_drv#branch                   -4.64535e-09
vsup_logic#branch                 -4.35056e-11

 Reference value :  9.33114e-08
 Reference value :  3.22652e-07
 Reference value :  5.52606e-07
No. of Data Rows : 7214
trise10_90          =  5.02954e-09 targ=  2.74674e-08 trig=  2.24379e-08
tfall10_90          =  4.04940e-09 targ=  3.27311e-07 trig=  3.23261e-07
tpdlh               =  3.90287e-09 targ=  2.44029e-08 trig=  2.05000e-08
tpdhl               =  3.53884e-09 targ=  3.25039e-07 trig=  3.21500e-07
m_trise_s = 5.0295430000e-09
m_tfall_s = 4.0493960000e-09
m_tpdlh_s = 3.9028750000e-09
m_tpdhl_s = 3.5388440000e-09
m_ipeak_source_a = 1.2671406485e+00
m_ipeak_sink_a = 1.3817318590e+00
m_vout_max_v = 6.0042009193e+00
m_vout_min_v = -3.215970564e-03
m_vin_max_v = 3.3000000000e+00
m_vin_min_v = 0.0000000000e+00
m_indrv_max_v = 6.1285379998e+00
m_indrv_min_v = -2.933361010e-02
m_n1_max_v = 6.1125927705e+00
m_n1_min_v = -5.467629230e-02
m_n2_max_v = 6.0698508325e+00
m_n2_min_v = -4.702049482e-02
m_n3_max_v = 6.0522704499e+00
m_n3_min_v = -2.980681971e-02
m_n4_max_v = 6.0473683139e+00
m_n4_min_v = -2.926638580e-02
m_n5_max_v = 6.0476109232e+00
m_n5_min_v = -2.903362492e-02
Note: Simulation executed from .control section 

Warning: m=xx on .subckt line will override multiplier m hierarchy!

Note: vimeas: has no value, DC 0 assumed
