
Note: Compatibility modes selected: hs a


Circuit: * gate-driver-core-drive @ fs_27c_vlogic3p30v-vdrv5p00v -- generated by sim/harness, do not edit

Doing analysis at TEMP = 27.000000 and TNOM = 27.000000

Using SPARSE 1.3 as Direct Linear Solver

Initial Transient Solution
--------------------------

Node                                   Voltage
----                                   -------
x1.inb                                     3.3
in                                           0
gnd_logic                                    0
vdd_logic                                  3.3
x1.na                                  2.46758
x1.nb                              4.04566e-10
x1.nca                                       5
gnd_drv                            3.77119e-12
x1.ncb                             1.11572e-09
vdd_drv                                      5
x1.nbuf1                                     5
in_drv                             9.13981e-10
x2.n1                                        5
x2.n2                               1.7914e-09
x2.n3                                        5
x2.n4                              2.68599e-09
x2.n5                                        5
out                                2.84855e-09
outcap                             2.84855e-09
vimeas#branch                      5.19454e-24
vin#branch                                   0
vgnd_logic#branch                  3.90269e-09
vsup_drv#branch                   -3.84893e-09
vsup_logic#branch                 -4.35056e-11

 Reference value :  6.48713e-08
 Reference value :  2.98771e-07
 Reference value :  5.58241e-07
No. of Data Rows : 7204
trise10_90          =  5.73138e-09 targ=  2.84537e-08 trig=  2.27223e-08
tfall10_90          =  4.30228e-09 targ=  3.27725e-07 trig=  3.23422e-07
tpdlh               =  4.46988e-09 targ=  2.49699e-08 trig=  2.05000e-08
tpdhl               =  3.80644e-09 targ=  3.25306e-07 trig=  3.21500e-07
m_trise_s = 5.7313830000e-09
m_tfall_s = 4.3022790000e-09
m_tpdlh_s = 4.4698810000e-09
m_tpdhl_s = 3.8064360000e-09
m_ipeak_source_a = 9.2197861437e-01
m_ipeak_sink_a = 1.0791191014e+00
m_vout_max_v = 5.0040994709e+00
m_vout_min_v = -3.185137731e-03
m_vin_max_v = 3.3000000000e+00
m_vin_min_v = 0.0000000000e+00
m_indrv_max_v = 5.1225348025e+00
m_indrv_min_v = -2.643743010e-02
m_n1_max_v = 5.1092421936e+00
m_n1_min_v = -5.566668190e-02
m_n2_max_v = 5.0659689733e+00
m_n2_min_v = -4.413969208e-02
m_n3_max_v = 5.0525092013e+00
m_n3_min_v = -2.934710745e-02
m_n4_max_v = 5.0480936416e+00
m_n4_min_v = -2.891494484e-02
m_n5_max_v = 5.0496628145e+00
m_n5_min_v = -2.903960081e-02
Note: Simulation executed from .control section 

Warning: m=xx on .subckt line will override multiplier m hierarchy!

Note: vimeas: has no value, DC 0 assumed
