
Note: Compatibility modes selected: hs a


Circuit: * gate-driver-core-drive @ sf_-40c_vlogic3p63v-vdrv5p50v -- generated by sim/harness, do not edit

Doing analysis at TEMP = -40.000000 and TNOM = 27.000000

Using SPARSE 1.3 as Direct Linear Solver

Initial Transient Solution
--------------------------

Node                                   Voltage
----                                   -------
x1.inb                                    3.63
in                                           0
gnd_logic                                    0
vdd_logic                                 3.63
x1.na                                  2.51884
x1.nb                              3.95493e-10
x1.nca                                     5.5
gnd_drv                            4.06452e-12
x1.ncb                             1.09468e-09
vdd_drv                                    5.5
x1.nbuf1                                   5.5
in_drv                             8.83833e-10
x2.n1                                      5.5
x2.n2                              1.74423e-09
x2.n3                                      5.5
x2.n4                              2.58881e-09
x2.n5                                      5.5
out                                2.74546e-09
outcap                             2.74546e-09
vimeas#branch                      1.00585e-21
vin#branch                                   0
vgnd_logic#branch                  4.07676e-09
vsup_drv#branch                   -4.06176e-09
vsup_logic#branch                 -3.63833e-12

 Reference value :  7.88665e-08
 Reference value :  3.09066e-07
 Reference value :  5.79727e-07
No. of Data Rows : 7226
trise10_90          =  3.58074e-09 targ=  2.58522e-08 trig=  2.22715e-08
tfall10_90          =  4.55908e-09 targ=  3.27690e-07 trig=  3.23131e-07
tpdlh               =  3.21236e-09 targ=  2.37124e-08 trig=  2.05000e-08
tpdhl               =  3.74488e-09 targ=  3.25245e-07 trig=  3.21500e-07
m_trise_s = 3.5807450000e-09
m_tfall_s = 4.5590800000e-09
m_tpdlh_s = 3.2123630000e-09
m_tpdhl_s = 3.7448790000e-09
m_ipeak_source_a = 1.5739138800e+00
m_ipeak_sink_a = 1.0597360211e+00
m_vout_max_v = 5.5056347762e+00
m_vout_min_v = -2.822109596e-03
m_vin_max_v = 3.6300000000e+00
m_vin_min_v = 0.0000000000e+00
m_indrv_max_v = 5.6352562967e+00
m_indrv_min_v = -3.515346492e-02
m_n1_max_v = 5.6401902442e+00
m_n1_min_v = -5.355028540e-02
m_n2_max_v = 5.5829377936e+00
m_n2_min_v = -3.949305067e-02
m_n3_max_v = 5.5549951982e+00
m_n3_min_v = -3.004230226e-02
m_n4_max_v = 5.5527634823e+00
m_n4_min_v = -2.895644857e-02
m_n5_max_v = 5.5527870888e+00
m_n5_min_v = -2.852287624e-02
Note: Simulation executed from .control section 

Warning: m=xx on .subckt line will override multiplier m hierarchy!

Note: vimeas: has no value, DC 0 assumed
