
Note: Compatibility modes selected: hs a


Circuit: * gate-driver-core-drive @ sf_125c_vlogic3p63v-vdrv5p50v -- generated by sim/harness, do not edit

Doing analysis at TEMP = 125.000000 and TNOM = 27.000000

Using SPARSE 1.3 as Direct Linear Solver

Initial Transient Solution
--------------------------

Node                                   Voltage
----                                   -------
x1.inb                                    3.63
in                                           0
gnd_logic                                    0
vdd_logic                                 3.63
x1.na                                  2.65411
x1.nb                              1.39658e-09
x1.nca                                     5.5
gnd_drv                            1.81445e-11
x1.ncb                              4.2744e-09
vdd_drv                                    5.5
x1.nbuf1                                   5.5
in_drv                              9.1304e-09
x2.n1                                      5.5
x2.n2                              2.00228e-08
x2.n3                                      5.5
x2.n4                              2.10806e-08
x2.n5                                      5.5
out                                2.23571e-08
outcap                             2.23571e-08
vimeas#branch                     -5.53806e-21
vin#branch                                   0
vgnd_logic#branch                  1.90117e-08
vsup_drv#branch                   -1.87474e-08
vsup_logic#branch                 -2.64688e-10

 Reference value :  9.67658e-08
 Reference value :  3.17766e-07
 Reference value :  5.62686e-07
No. of Data Rows : 7191
trise10_90          =  5.11346e-09 targ=  2.80349e-08 trig=  2.29215e-08
tfall10_90          =  6.43671e-09 targ=  3.30122e-07 trig=  3.23685e-07
tpdlh               =  4.32950e-09 targ=  2.48295e-08 trig=  2.05000e-08
tpdhl               =  4.93065e-09 targ=  3.26431e-07 trig=  3.21500e-07
m_trise_s = 5.1134570000e-09
m_tfall_s = 6.4367120000e-09
m_tpdlh_s = 4.3295040000e-09
m_tpdhl_s = 4.9306520000e-09
m_ipeak_source_a = 1.2052136816e+00
m_ipeak_sink_a = 8.2123015369e-01
m_vout_max_v = 5.5049404958e+00
m_vout_min_v = -2.324252969e-03
m_vin_max_v = 3.6300000000e+00
m_vin_min_v = 0.0000000000e+00
m_indrv_max_v = 5.6393179935e+00
m_indrv_min_v = -3.055153729e-02
m_n1_max_v = 5.6205622896e+00
m_n1_min_v = -5.090050527e-02
m_n2_max_v = 5.5841326643e+00
m_n2_min_v = -3.911481256e-02
m_n3_max_v = 5.5534934709e+00
m_n3_min_v = -2.889844070e-02
m_n4_max_v = 5.5509624392e+00
m_n4_min_v = -2.712823421e-02
m_n5_max_v = 5.5510318336e+00
m_n5_min_v = -2.680907095e-02
Note: Simulation executed from .control section 

Warning: m=xx on .subckt line will override multiplier m hierarchy!

Note: vimeas: has no value, DC 0 assumed
