
Note: Compatibility modes selected: hs a


Circuit: * gate-driver-core-drive @ sf_125c_vlogic2p97v-vdrv4p50v -- generated by sim/harness, do not edit

Doing analysis at TEMP = 125.000000 and TNOM = 27.000000

Using SPARSE 1.3 as Direct Linear Solver

Initial Transient Solution
--------------------------

Node                                   Voltage
----                                   -------
x1.inb                                    2.97
in                                           0
gnd_logic                                    0
vdd_logic                                 2.97
x1.na                                  2.11373
x1.nb                              1.28119e-09
x1.nca                                     4.5
gnd_drv                            1.47988e-11
x1.ncb                              4.0921e-09
vdd_drv                                    4.5
x1.nbuf1                                   4.5
in_drv                             8.31651e-09
x2.n1                                      4.5
x2.n2                              1.82397e-08
x2.n3                                      4.5
x2.n4                              1.92163e-08
x2.n5                                      4.5
out                                2.03801e-08
outcap                             2.03801e-08
vimeas#branch                     -1.07269e-20
vin#branch                                   0
vgnd_logic#branch                  1.54089e-08
vsup_drv#branch                    -1.5228e-08
vsup_logic#branch                 -1.72399e-10

 Reference value :  8.61359e-08
 Reference value :  3.40842e-07
 Reference value :  6.14142e-07
No. of Data Rows : 7178
trise10_90          =  5.94231e-09 targ=  2.92040e-08 trig=  2.32617e-08
tfall10_90          =  7.12045e-09 targ=  3.31125e-07 trig=  3.24004e-07
tpdlh               =  4.98192e-09 targ=  2.54819e-08 trig=  2.05000e-08
tpdhl               =  5.53421e-09 targ=  3.27034e-07 trig=  3.21500e-07
m_trise_s = 5.9423050000e-09
m_tfall_s = 7.1204490000e-09
m_tpdlh_s = 4.9819180000e-09
m_tpdhl_s = 5.5342090000e-09
m_ipeak_source_a = 8.4783611773e-01
m_ipeak_sink_a = 6.1287379438e-01
m_vout_max_v = 4.5047162705e+00
m_vout_min_v = -2.278002182e-03
m_vin_max_v = 2.9700000000e+00
m_vin_min_v = 0.0000000000e+00
m_indrv_max_v = 4.6259149328e+00
m_indrv_min_v = -3.540950110e-02
m_n1_max_v = 4.6141730018e+00
m_n1_min_v = -5.027870407e-02
m_n2_max_v = 4.5757491568e+00
m_n2_min_v = -3.637985896e-02
m_n3_max_v = 4.5524895418e+00
m_n3_min_v = -2.706596737e-02
m_n4_max_v = 4.5509691091e+00
m_n4_min_v = -2.597249842e-02
m_n5_max_v = 4.5509359332e+00
m_n5_min_v = -2.626475411e-02
Note: Simulation executed from .control section 

Warning: m=xx on .subckt line will override multiplier m hierarchy!

Note: vimeas: has no value, DC 0 assumed
