
Note: Compatibility modes selected: hs a


Circuit: * gate-driver-core-drive @ sf_27c_vlogic3p63v-vdrv5p50v -- generated by sim/harness, do not edit

Doing analysis at TEMP = 27.000000 and TNOM = 27.000000

Using SPARSE 1.3 as Direct Linear Solver

Initial Transient Solution
--------------------------

Node                                   Voltage
----                                   -------
x1.inb                                    3.63
in                                           0
gnd_logic                                    0
vdd_logic                                 3.63
x1.na                                  2.63894
x1.nb                              4.82445e-10
x1.nca                                     5.5
gnd_drv                            4.07538e-12
x1.ncb                             1.39961e-09
vdd_drv                                    5.5
x1.nbuf1                                   5.5
in_drv                             1.17833e-09
x2.n1                                      5.5
x2.n2                               2.3269e-09
x2.n3                                      5.5
x2.n4                               3.4505e-09
x2.n5                                      5.5
out                                3.65937e-09
outcap                             3.65937e-09
vimeas#branch                      2.21512e-21
vin#branch                                   0
vgnd_logic#branch                  4.08951e-09
vsup_drv#branch                   -4.07644e-09
vsup_logic#branch                 -4.24374e-12

 Reference value :  9.22677e-08
 Reference value :  3.21807e-07
 Reference value :  6.04096e-07
No. of Data Rows : 7210
trise10_90          =  4.26505e-09 targ=  2.68011e-08 trig=  2.25361e-08
tfall10_90          =  5.24078e-09 targ=  3.28593e-07 trig=  3.23352e-07
tpdlh               =  3.68714e-09 targ=  2.41871e-08 trig=  2.05000e-08
tpdhl               =  4.19577e-09 targ=  3.25696e-07 trig=  3.21500e-07
m_trise_s = 4.2650520000e-09
m_tfall_s = 5.2407790000e-09
m_tpdlh_s = 3.6871370000e-09
m_tpdhl_s = 4.1957680000e-09
m_ipeak_source_a = 1.3844760365e+00
m_ipeak_sink_a = 9.5876751049e-01
m_vout_max_v = 5.5053871337e+00
m_vout_min_v = -2.614092905e-03
m_vin_max_v = 3.6300000000e+00
m_vin_min_v = 0.0000000000e+00
m_indrv_max_v = 5.6377950074e+00
m_indrv_min_v = -3.485226902e-02
m_n1_max_v = 5.6347841656e+00
m_n1_min_v = -5.390779509e-02
m_n2_max_v = 5.5842346686e+00
m_n2_min_v = -4.058409536e-02
m_n3_max_v = 5.5561979050e+00
m_n3_min_v = -2.984400267e-02
m_n4_max_v = 5.5537443878e+00
m_n4_min_v = -2.860024638e-02
m_n5_max_v = 5.5539376263e+00
m_n5_min_v = -2.850414585e-02
Note: Simulation executed from .control section 

Warning: m=xx on .subckt line will override multiplier m hierarchy!

Note: vimeas: has no value, DC 0 assumed
