
Note: Compatibility modes selected: hs a


Circuit: * gate-driver-core-drive @ sf_27c_vlogic3p30v-vdrv5p00v -- generated by sim/harness, do not edit

Doing analysis at TEMP = 27.000000 and TNOM = 27.000000

Using SPARSE 1.3 as Direct Linear Solver

Initial Transient Solution
--------------------------

Node                                   Voltage
----                                   -------
x1.inb                                     3.3
in                                           0
gnd_logic                                    0
vdd_logic                                  3.3
x1.na                                  2.36173
x1.nb                              4.56026e-10
x1.nca                                       5
gnd_drv                            3.70353e-12
x1.ncb                             1.36304e-09
vdd_drv                                      5
x1.nbuf1                                     5
in_drv                             1.12616e-09
x2.n1                                        5
x2.n2                              2.22414e-09
x2.n3                                        5
x2.n4                              3.29867e-09
x2.n5                                        5
out                                3.49837e-09
outcap                             3.49837e-09
vimeas#branch                      1.58966e-21
vin#branch                                   0
vgnd_logic#branch                  3.71613e-09
vsup_drv#branch                   -3.71213e-09
vsup_logic#branch                 -3.76312e-12

 Reference value :  8.74974e-08
 Reference value :  3.56761e-07
 Reference value :  6.50561e-07
No. of Data Rows : 7205
trise10_90          =  4.52840e-09 targ=  2.71758e-08 trig=  2.26474e-08
tfall10_90          =  5.47998e-09 targ=  3.28945e-07 trig=  3.23465e-07
tpdlh               =  3.90112e-09 targ=  2.44011e-08 trig=  2.05000e-08
tpdhl               =  4.41090e-09 targ=  3.25911e-07 trig=  3.21500e-07
m_trise_s = 4.5284020000e-09
m_tfall_s = 5.4799790000e-09
m_tpdlh_s = 3.9011190000e-09
m_tpdhl_s = 4.4109030000e-09
m_ipeak_source_a = 1.1817230016e+00
m_ipeak_sink_a = 8.3938051860e-01
m_vout_max_v = 5.0051951155e+00
m_vout_min_v = -2.630734938e-03
m_vin_max_v = 3.3000000000e+00
m_vin_min_v = 0.0000000000e+00
m_indrv_max_v = 5.1341059992e+00
m_indrv_min_v = -3.632764337e-02
m_n1_max_v = 5.1288228938e+00
m_n1_min_v = -5.484351327e-02
m_n2_max_v = 5.0809169124e+00
m_n2_min_v = -3.917914195e-02
m_n3_max_v = 5.0559887545e+00
m_n3_min_v = -2.961390133e-02
m_n4_max_v = 5.0538934330e+00
m_n4_min_v = -2.873128971e-02
m_n5_max_v = 5.0539067560e+00
m_n5_min_v = -2.818215756e-02
Note: Simulation executed from .control section 

Warning: m=xx on .subckt line will override multiplier m hierarchy!

Note: vimeas: has no value, DC 0 assumed
