
Note: Compatibility modes selected: hs a


Circuit: * gate-driver-core-drive @ ss_-40c_vlogic3p30v-vdrv6p00v -- generated by sim/harness, do not edit

Doing analysis at TEMP = -40.000000 and TNOM = 27.000000

Using SPARSE 1.3 as Direct Linear Solver

Initial Transient Solution
--------------------------

Node                                   Voltage
----                                   -------
x1.inb                                     3.3
in                                           0
gnd_logic                                    0
vdd_logic                                  3.3
x1.na                                  2.21543
x1.nb                              4.46975e-10
x1.nca                                       6
gnd_drv                            4.32023e-12
x1.ncb                             1.30703e-09
vdd_drv                                      6
x1.nbuf1                                     6
in_drv                             9.26231e-10
x2.n1                                        6
x2.n2                              1.82332e-09
x2.n3                                        6
x2.n4                              2.73198e-09
x2.n5                                        6
out                                2.89729e-09
outcap                             2.89729e-09
vimeas#branch                     -7.96555e-22
vin#branch                                   0
vgnd_logic#branch                  4.33227e-09
vsup_drv#branch                   -4.31934e-09
vsup_logic#branch                 -3.30566e-12

 Reference value :  2.09260e-08
 Reference value :  1.60679e-07
 Reference value :  3.59593e-07
 Reference value :  5.44093e-07
 Reference value :  6.86893e-07
No. of Data Rows : 7232
trise10_90          =  4.47804e-09 targ=  2.70184e-08 trig=  2.25404e-08
tfall10_90          =  4.67848e-09 targ=  3.28104e-07 trig=  3.23425e-07
tpdlh               =  3.85346e-09 targ=  2.43535e-08 trig=  2.05000e-08
tpdhl               =  4.10675e-09 targ=  3.25607e-07 trig=  3.21500e-07
m_trise_s = 4.4780370000e-09
m_tfall_s = 4.6784750000e-09
m_tpdlh_s = 3.8534580000e-09
m_tpdhl_s = 4.1067540000e-09
m_ipeak_source_a = 1.3607988104e+00
m_ipeak_sink_a = 1.1319622822e+00
m_vout_max_v = 6.0059430964e+00
m_vout_min_v = -3.681060728e-03
m_vin_max_v = 3.3000000000e+00
m_vin_min_v = 0.0000000000e+00
m_indrv_max_v = 6.1383080194e+00
m_indrv_min_v = -3.991107994e-02
m_n1_max_v = 6.1480326106e+00
m_n1_min_v = -6.216236586e-02
m_n2_max_v = 6.0847009535e+00
m_n2_min_v = -4.459784851e-02
m_n3_max_v = 6.0618073866e+00
m_n3_min_v = -3.243407669e-02
m_n4_max_v = 6.0597764272e+00
m_n4_min_v = -3.199817940e-02
m_n5_max_v = 6.0592516636e+00
m_n5_min_v = -3.184856600e-02
Note: Simulation executed from .control section 

Warning: m=xx on .subckt line will override multiplier m hierarchy!

Note: vimeas: has no value, DC 0 assumed
