
Note: Compatibility modes selected: hs a


Circuit: * gate-driver-core-drive @ ss_-40c_vlogic3p30v-vdrv5p00v -- generated by sim/harness, do not edit

Doing analysis at TEMP = -40.000000 and TNOM = 27.000000

Using SPARSE 1.3 as Direct Linear Solver

Initial Transient Solution
--------------------------

Node                                   Voltage
----                                   -------
x1.inb                                     3.3
in                                           0
gnd_logic                                    0
vdd_logic                                  3.3
x1.na                                  2.20523
x1.nb                              3.72409e-10
x1.nca                                       5
gnd_drv                            3.59903e-12
x1.ncb                             1.08898e-09
vdd_drv                                      5
x1.nbuf1                                     5
in_drv                             8.51904e-10
x2.n1                                        5
x2.n2                              1.67753e-09
x2.n3                                        5
x2.n4                              2.51412e-09
x2.n5                                        5
out                                2.66627e-09
outcap                             2.66627e-09
vimeas#branch                     -1.84674e-22
vin#branch                                   0
vgnd_logic#branch                  3.60997e-09
vsup_drv#branch                    -3.5969e-09
vsup_logic#branch                 -3.29862e-12

 Reference value :  2.06632e-08
 Reference value :  1.29731e-07
 Reference value :  3.31628e-07
 Reference value :  5.57428e-07
No. of Data Rows : 7219
trise10_90          =  5.08003e-09 targ=  2.79127e-08 trig=  2.28327e-08
tfall10_90          =  5.07892e-09 targ=  3.28696e-07 trig=  3.23617e-07
tpdlh               =  4.39670e-09 targ=  2.48967e-08 trig=  2.05000e-08
tpdhl               =  4.47698e-09 targ=  3.25977e-07 trig=  3.21500e-07
m_trise_s = 5.0800300000e-09
m_tfall_s = 5.0789160000e-09
m_tpdlh_s = 4.3966960000e-09
m_tpdhl_s = 4.4769840000e-09
m_ipeak_source_a = 9.9678402980e-01
m_ipeak_sink_a = 8.6298619668e-01
m_vout_max_v = 5.0058725088e+00
m_vout_min_v = -3.659820099e-03
m_vin_max_v = 3.3000000000e+00
m_vin_min_v = 0.0000000000e+00
m_indrv_max_v = 5.1339298051e+00
m_indrv_min_v = -4.046968094e-02
m_n1_max_v = 5.1418508930e+00
m_n1_min_v = -6.387555523e-02
m_n2_max_v = 5.0791495134e+00
m_n2_min_v = -4.212002630e-02
m_n3_max_v = 5.0619856110e+00
m_n3_min_v = -3.168719025e-02
m_n4_max_v = 5.0602878635e+00
m_n4_min_v = -3.150595882e-02
m_n5_max_v = 5.0605982612e+00
m_n5_min_v = -3.178717927e-02
Note: Simulation executed from .control section 

Warning: m=xx on .subckt line will override multiplier m hierarchy!

Note: vimeas: has no value, DC 0 assumed
