
Note: Compatibility modes selected: hs a


Circuit: * gate-driver-core-drive @ ss_-40c_vlogic2p97v-vdrv4p50v -- generated by sim/harness, do not edit

Doing analysis at TEMP = -40.000000 and TNOM = 27.000000

Using SPARSE 1.3 as Direct Linear Solver

Initial Transient Solution
--------------------------

Node                                   Voltage
----                                   -------
x1.inb                                    2.97
in                                           0
gnd_logic                                    0
vdd_logic                                 2.97
x1.na                                  1.93133
x1.nb                              3.50729e-10
x1.nca                                     4.5
gnd_drv                            3.23796e-12
x1.ncb                             1.06976e-09
vdd_drv                                    4.5
x1.nbuf1                                   4.5
in_drv                             8.22718e-10
x2.n1                                      4.5
x2.n2                              1.62029e-09
x2.n3                                      4.5
x2.n4                              2.42885e-09
x2.n5                                      4.5
out                                2.57586e-09
outcap                             2.57586e-09
vimeas#branch                     -3.97708e-23
vin#branch                                   0
vgnd_logic#branch                  3.24776e-09
vsup_drv#branch                   -3.23825e-09
vsup_logic#branch                 -2.96945e-12

 Reference value :  1.50280e-08
 Reference value :  1.34426e-07
 Reference value :  3.34499e-07
 Reference value :  5.64999e-07
No. of Data Rows : 7204
trise10_90          =  5.52945e-09 targ=  2.85508e-08 trig=  2.30213e-08
tfall10_90          =  5.38447e-09 targ=  3.29172e-07 trig=  3.23788e-07
tpdlh               =  4.77510e-09 targ=  2.52751e-08 trig=  2.05000e-08
tpdhl               =  4.78320e-09 targ=  3.26283e-07 trig=  3.21500e-07
m_trise_s = 5.5294540000e-09
m_tfall_s = 5.3844710000e-09
m_tpdlh_s = 4.7750970000e-09
m_tpdhl_s = 4.7832010000e-09
m_ipeak_source_a = 8.3109114923e-01
m_ipeak_sink_a = 7.3770398260e-01
m_vout_max_v = 4.5057676818e+00
m_vout_min_v = -3.651245345e-03
m_vin_max_v = 2.9700000000e+00
m_vin_min_v = 0.0000000000e+00
m_indrv_max_v = 4.6252596744e+00
m_indrv_min_v = -4.175104668e-02
m_n1_max_v = 4.6312300835e+00
m_n1_min_v = -6.263232234e-02
m_n2_max_v = 4.5754583739e+00
m_n2_min_v = -4.061535613e-02
m_n3_max_v = 4.5607144892e+00
m_n3_min_v = -3.138474519e-02
m_n4_max_v = 4.5594716495e+00
m_n4_min_v = -3.136650776e-02
m_n5_max_v = 4.5602923419e+00
m_n5_min_v = -3.138482303e-02
Note: Simulation executed from .control section 

Warning: m=xx on .subckt line will override multiplier m hierarchy!

Note: vimeas: has no value, DC 0 assumed
