
Note: Compatibility modes selected: hs a


Circuit: * gate-driver-core-drive @ ss_125c_vlogic3p30v-vdrv6p00v -- generated by sim/harness, do not edit

Doing analysis at TEMP = 125.000000 and TNOM = 27.000000

Using SPARSE 1.3 as Direct Linear Solver

Initial Transient Solution
--------------------------

Node                                   Voltage
----                                   -------
x1.inb                                     3.3
in                                           0
gnd_logic                                    0
vdd_logic                                  3.3
x1.na                                  2.37866
x1.nb                              7.50744e-10
x1.nca                                       6
gnd_drv                            5.85645e-12
x1.ncb                              2.3854e-09
vdd_drv                                      6
x1.nbuf1                                     6
in_drv                             2.07271e-09
x2.n1                                        6
x2.n2                              4.16696e-09
x2.n3                                        6
x2.n4                              5.87092e-09
x2.n5                                        6
out                                6.22638e-09
outcap                             6.22638e-09
vimeas#branch                     -5.85288e-21
vin#branch                                   0
vgnd_logic#branch                  6.29293e-09
vsup_drv#branch                   -6.16611e-09
vsup_logic#branch                 -1.27479e-10

 Reference value :  3.82800e-09
 Reference value :  1.40706e-07
 Reference value :  2.85106e-07
 Reference value :  4.06388e-07
 Reference value :  5.51988e-07
No. of Data Rows : 7194
trise10_90          =  6.53049e-09 targ=  2.98692e-08 trig=  2.33387e-08
tfall10_90          =  6.53367e-09 targ=  3.30617e-07 trig=  3.24084e-07
tpdlh               =  5.31149e-09 targ=  2.58115e-08 trig=  2.05000e-08
tpdhl               =  5.37823e-09 targ=  3.26878e-07 trig=  3.21500e-07
m_trise_s = 6.5304860000e-09
m_tfall_s = 6.5336670000e-09
m_tpdlh_s = 5.3114900000e-09
m_tpdhl_s = 5.3782340000e-09
m_ipeak_source_a = 1.0102512297e+00
m_ipeak_sink_a = 8.8184687309e-01
m_vout_max_v = 6.0051984837e+00
m_vout_min_v = -3.294240988e-03
m_vin_max_v = 3.3000000000e+00
m_vin_min_v = 0.0000000000e+00
m_indrv_max_v = 6.1456942766e+00
m_indrv_min_v = -4.133223168e-02
m_n1_max_v = 6.1321701397e+00
m_n1_min_v = -6.195190465e-02
m_n2_max_v = 6.0837830829e+00
m_n2_min_v = -4.804077595e-02
m_n3_max_v = 6.0605119298e+00
m_n3_min_v = -3.386004947e-02
m_n4_max_v = 6.0565224369e+00
m_n4_min_v = -3.278998981e-02
m_n5_max_v = 6.0571370098e+00
m_n5_min_v = -3.249207633e-02
Note: Simulation executed from .control section 

Warning: m=xx on .subckt line will override multiplier m hierarchy!

Note: vimeas: has no value, DC 0 assumed
