
Note: Compatibility modes selected: hs a


Circuit: * gate-driver-core-drive @ ss_125c_vlogic3p63v-vdrv5p50v -- generated by sim/harness, do not edit

Doing analysis at TEMP = 125.000000 and TNOM = 27.000000

Using SPARSE 1.3 as Direct Linear Solver

Initial Transient Solution
--------------------------

Node                                   Voltage
----                                   -------
x1.inb                                    3.63
in                                           0
gnd_logic                                    0
vdd_logic                                 3.63
x1.na                                  2.63661
x1.nb                              6.55157e-10
x1.nca                                     5.5
gnd_drv                            5.33668e-12
x1.ncb                             2.04032e-09
vdd_drv                                    5.5
x1.nbuf1                                   5.5
in_drv                              1.9901e-09
x2.n1                                      5.5
x2.n2                              4.00556e-09
x2.n3                                      5.5
x2.n4                              5.62651e-09
x2.n5                                      5.5
out                                5.96719e-09
outcap                             5.96719e-09
vimeas#branch                     -1.68307e-21
vin#branch                                   0
vgnd_logic#branch                  5.85217e-09
vsup_drv#branch                   -5.69125e-09
vsup_logic#branch                 -1.58081e-10

 Reference value :  6.28875e-10
 Reference value :  1.38725e-07
 Reference value :  2.81025e-07
 Reference value :  4.13305e-07
 Reference value :  5.66505e-07
No. of Data Rows : 7196
trise10_90          =  7.01049e-09 targ=  3.05887e-08 trig=  2.35782e-08
tfall10_90          =  6.77465e-09 targ=  3.30956e-07 trig=  3.24181e-07
tpdlh               =  5.73781e-09 targ=  2.62378e-08 trig=  2.05000e-08
tpdhl               =  5.57720e-09 targ=  3.27077e-07 trig=  3.21500e-07
m_trise_s = 7.0104880000e-09
m_tfall_s = 6.7746540000e-09
m_tpdlh_s = 5.7378090000e-09
m_tpdhl_s = 5.5771950000e-09
m_ipeak_source_a = 8.6104298106e-01
m_ipeak_sink_a = 7.7432328014e-01
m_vout_max_v = 5.5051498762e+00
m_vout_min_v = -3.250974559e-03
m_vin_max_v = 3.6300000000e+00
m_vin_min_v = 0.0000000000e+00
m_indrv_max_v = 5.6466107904e+00
m_indrv_min_v = -3.669141279e-02
m_n1_max_v = 5.6283145155e+00
m_n1_min_v = -6.215493166e-02
m_n2_max_v = 5.5823207892e+00
m_n2_min_v = -4.566144395e-02
m_n3_max_v = 5.5609875614e+00
m_n3_min_v = -3.318926567e-02
m_n4_max_v = 5.5568599657e+00
m_n4_min_v = -3.218506174e-02
m_n5_max_v = 5.5580942429e+00
m_n5_min_v = -3.216249755e-02
Note: Simulation executed from .control section 

Warning: m=xx on .subckt line will override multiplier m hierarchy!

Note: vimeas: has no value, DC 0 assumed
