
Note: Compatibility modes selected: hs a


Circuit: * gate-driver-core-drive @ ss_125c_vlogic3p30v-vdrv5p00v -- generated by sim/harness, do not edit

Doing analysis at TEMP = 125.000000 and TNOM = 27.000000

Using SPARSE 1.3 as Direct Linear Solver

Initial Transient Solution
--------------------------

Node                                   Voltage
----                                   -------
x1.inb                                     3.3
in                                           0
gnd_logic                                    0
vdd_logic                                  3.3
x1.na                                   2.3661
x1.nb                              6.29579e-10
x1.nca                                       5
gnd_drv                            4.86392e-12
x1.ncb                             2.00041e-09
vdd_drv                                      5
x1.nbuf1                                     5
in_drv                             1.92199e-09
x2.n1                                        5
x2.n2                              3.87423e-09
x2.n3                                        5
x2.n4                              5.42024e-09
x2.n5                                        5
out                                5.74845e-09
outcap                             5.74845e-09
vimeas#branch                     -1.92301e-21
vin#branch                                   0
vgnd_logic#branch                  5.29709e-09
vsup_drv#branch                   -5.16727e-09
vsup_logic#branch                 -1.27479e-10

 Reference value :  4.12800e-09
 Reference value :  1.41419e-07
 Reference value :  3.06619e-07
 Reference value :  4.34298e-07
 Reference value :  5.84298e-07
No. of Data Rows : 7188
trise10_90          =  7.60579e-09 targ=  3.14144e-08 trig=  2.38086e-08
tfall10_90          =  7.09534e-09 targ=  3.31470e-07 trig=  3.24375e-07
tpdlh               =  6.20237e-09 targ=  2.67024e-08 trig=  2.05000e-08
tpdhl               =  5.90522e-09 targ=  3.27405e-07 trig=  3.21500e-07
m_trise_s = 7.6057850000e-09
m_tfall_s = 7.0953360000e-09
m_tpdlh_s = 6.2023710000e-09
m_tpdhl_s = 5.9052210000e-09
m_ipeak_source_a = 7.2098003022e-01
m_ipeak_sink_a = 6.7597965101e-01
m_vout_max_v = 5.0051363944e+00
m_vout_min_v = -3.209022506e-03
m_vin_max_v = 3.3000000000e+00
m_vin_min_v = 0.0000000000e+00
m_indrv_max_v = 5.1389128029e+00
m_indrv_min_v = -3.836968566e-02
m_n1_max_v = 5.1224812797e+00
m_n1_min_v = -6.162896383e-02
m_n2_max_v = 5.0775283567e+00
m_n2_min_v = -4.465656501e-02
m_n3_max_v = 5.0593339479e+00
m_n3_min_v = -3.232909933e-02
m_n4_max_v = 5.0575981721e+00
m_n4_min_v = -3.190618062e-02
m_n5_max_v = 5.0575660979e+00
m_n5_min_v = -3.118834262e-02
Note: Simulation executed from .control section 

Warning: m=xx on .subckt line will override multiplier m hierarchy!

Note: vimeas: has no value, DC 0 assumed
