
Note: Compatibility modes selected: hs a


Circuit: * gate-driver-core-drive @ ss_125c_vlogic2p97v-vdrv4p50v -- generated by sim/harness, do not edit

Doing analysis at TEMP = 125.000000 and TNOM = 27.000000

Using SPARSE 1.3 as Direct Linear Solver

Initial Transient Solution
--------------------------

Node                                   Voltage
----                                   -------
x1.inb                                    2.97
in                                           0
gnd_logic                                    0
vdd_logic                                 2.97
x1.na                                  2.09892
x1.nb                               6.0726e-10
x1.nca                                     4.5
gnd_drv                            4.41981e-12
x1.ncb                             1.97448e-09
vdd_drv                                    4.5
x1.nbuf1                                   4.5
in_drv                             1.86965e-09
x2.n1                                      4.5
x2.n2                              3.77554e-09
x2.n3                                      4.5
x2.n4                              5.25568e-09
x2.n5                                      4.5
out                                5.57394e-09
outcap                             5.57394e-09
vimeas#branch                      3.35577e-21
vin#branch                                   0
vgnd_logic#branch                  4.78591e-09
vsup_drv#branch                    -4.6741e-09
vsup_logic#branch                 -1.04314e-10

 Reference value :  0.00000e+00
 Reference value :  1.00575e-07
 Reference value :  2.70575e-07
 Reference value :  3.91902e-07
 Reference value :  5.42202e-07
No. of Data Rows : 7174
trise10_90          =  8.36661e-09 targ=  3.24775e-08 trig=  2.41109e-08
tfall10_90          =  7.52964e-09 targ=  3.32156e-07 trig=  3.24627e-07
tpdlh               =  6.80717e-09 targ=  2.73072e-08 trig=  2.05000e-08
tpdhl               =  6.33827e-09 targ=  3.27838e-07 trig=  3.21500e-07
m_trise_s = 8.3666070000e-09
m_tfall_s = 7.5296380000e-09
m_tpdlh_s = 6.8071720000e-09
m_tpdhl_s = 6.3382730000e-09
m_ipeak_source_a = 5.8629804760e-01
m_ipeak_sink_a = 5.7705512936e-01
m_vout_max_v = 4.5049708963e+00
m_vout_min_v = -3.157461584e-03
m_vin_max_v = 2.9700000000e+00
m_vin_min_v = 0.0000000000e+00
m_indrv_max_v = 4.6313881904e+00
m_indrv_min_v = -3.887422394e-02
m_n1_max_v = 4.6186496024e+00
m_n1_min_v = -5.960066626e-02
m_n2_max_v = 4.5737152221e+00
m_n2_min_v = -4.292396730e-02
m_n3_max_v = 4.5581476740e+00
m_n3_min_v = -3.161631552e-02
m_n4_max_v = 4.5564377748e+00
m_n4_min_v = -3.098161939e-02
m_n5_max_v = 4.5573224811e+00
m_n5_min_v = -3.038045233e-02
Note: Simulation executed from .control section 

Warning: m=xx on .subckt line will override multiplier m hierarchy!

Note: vimeas: has no value, DC 0 assumed
