
Note: Compatibility modes selected: hs a


Circuit: * gate-driver-core-drive @ ss_27c_vlogic2p97v-vdrv4p50v -- generated by sim/harness, do not edit

Doing analysis at TEMP = 27.000000 and TNOM = 27.000000

Using SPARSE 1.3 as Direct Linear Solver

Initial Transient Solution
--------------------------

Node                                   Voltage
----                                   -------
x1.inb                                    2.97
in                                           0
gnd_logic                                    0
vdd_logic                                 2.97
x1.na                                  2.05819
x1.nb                              4.36244e-10
x1.nca                                     4.5
gnd_drv                            3.23873e-12
x1.ncb                             1.37443e-09
vdd_drv                                    4.5
x1.nbuf1                                   4.5
in_drv                             1.08928e-09
x2.n1                                      4.5
x2.n2                              2.14555e-09
x2.n3                                      4.5
x2.n4                               3.2172e-09
x2.n5                                      4.5
out                                3.41199e-09
outcap                             3.41199e-09
vimeas#branch                     -9.06421e-22
vin#branch                                   0
vgnd_logic#branch                  3.24923e-09
vsup_drv#branch                   -3.24081e-09
vsup_logic#branch                 -3.15206e-12

 Reference value :  1.38280e-08
 Reference value :  1.59752e-07
 Reference value :  3.37915e-07
 Reference value :  5.43415e-07
 Reference value :  6.90415e-07
No. of Data Rows : 7188
trise10_90          =  6.74351e-09 targ=  3.02091e-08 trig=  2.34656e-08
tfall10_90          =  6.16419e-09 targ=  3.30289e-07 trig=  3.24125e-07
tpdlh               =  5.62749e-09 targ=  2.61275e-08 trig=  2.05000e-08
tpdhl               =  5.37954e-09 targ=  3.26880e-07 trig=  3.21500e-07
m_trise_s = 6.7435090000e-09
m_tfall_s = 6.1641920000e-09
m_tpdlh_s = 5.6274930000e-09
m_tpdhl_s = 5.3795350000e-09
m_ipeak_source_a = 6.9976444554e-01
m_ipeak_sink_a = 6.6957324931e-01
m_vout_max_v = 4.5053253854e+00
m_vout_min_v = -3.442661395e-03
m_vin_max_v = 2.9700000000e+00
m_vin_min_v = 0.0000000000e+00
m_indrv_max_v = 4.6312016190e+00
m_indrv_min_v = -4.129757418e-02
m_n1_max_v = 4.6287121342e+00
m_n1_min_v = -6.228124745e-02
m_n2_max_v = 4.5762305455e+00
m_n2_min_v = -4.214958697e-02
m_n3_max_v = 4.5608155089e+00
m_n3_min_v = -3.140523426e-02
m_n4_max_v = 4.5584938385e+00
m_n4_min_v = -3.162112610e-02
m_n5_max_v = 4.5596098387e+00
m_n5_min_v = -3.157930943e-02
Note: Simulation executed from .control section 

Warning: m=xx on .subckt line will override multiplier m hierarchy!

Note: vimeas: has no value, DC 0 assumed
