
Note: Compatibility modes selected: hs a


Circuit: * gate-driver-core-drive @ ss_27c_vlogic3p63v-vdrv5p50v -- generated by sim/harness, do not edit

Doing analysis at TEMP = 27.000000 and TNOM = 27.000000

Using SPARSE 1.3 as Direct Linear Solver

Initial Transient Solution
--------------------------

Node                                   Voltage
----                                   -------
x1.inb                                    3.63
in                                           0
gnd_logic                                    0
vdd_logic                                 3.63
x1.na                                  2.60582
x1.nb                              4.84754e-10
x1.nca                                     5.5
gnd_drv                             3.9609e-12
x1.ncb                               1.432e-09
vdd_drv                                    5.5
x1.nbuf1                                   5.5
in_drv                              1.1821e-09
x2.n1                                      5.5
x2.n2                              2.32782e-09
x2.n3                                      5.5
x2.n4                              3.48941e-09
x2.n5                                      5.5
out                                3.70065e-09
outcap                             3.70065e-09
vimeas#branch                     -1.51808e-21
vin#branch                                   0
vgnd_logic#branch                  3.97402e-09
vsup_drv#branch                   -3.95742e-09
vsup_logic#branch                 -3.93711e-12

 Reference value :  7.63500e-09
 Reference value :  1.89907e-07
 Reference value :  4.08733e-07
 Reference value :  5.74633e-07
No. of Data Rows : 7213
trise10_90          =  5.72857e-09 targ=  2.87824e-08 trig=  2.30539e-08
tfall10_90          =  5.54487e-09 targ=  3.29309e-07 trig=  3.23764e-07
tpdlh               =  4.79972e-09 targ=  2.52997e-08 trig=  2.05000e-08
tpdhl               =  4.75261e-09 targ=  3.26253e-07 trig=  3.21500e-07
m_trise_s = 5.7285740000e-09
m_tfall_s = 5.5448660000e-09
m_tpdlh_s = 4.7997150000e-09
m_tpdhl_s = 4.7526080000e-09
m_ipeak_source_a = 1.0135039478e+00
m_ipeak_sink_a = 8.9598813611e-01
m_vout_max_v = 5.5056011578e+00
m_vout_min_v = -3.542185852e-03
m_vin_max_v = 3.6300000000e+00
m_vin_min_v = 0.0000000000e+00
m_indrv_max_v = 5.6469849783e+00
m_indrv_min_v = -3.816199134e-02
m_n1_max_v = 5.6407584928e+00
m_n1_min_v = -6.300175025e-02
m_n2_max_v = 5.5829483939e+00
m_n2_min_v = -4.576159704e-02
m_n3_max_v = 5.5630143027e+00
m_n3_min_v = -3.326770252e-02
m_n4_max_v = 5.5606874159e+00
m_n4_min_v = -3.264318275e-02
m_n5_max_v = 5.5605261635e+00
m_n5_min_v = -3.243551249e-02
Note: Simulation executed from .control section 

Warning: m=xx on .subckt line will override multiplier m hierarchy!

Note: vimeas: has no value, DC 0 assumed
