
Note: Compatibility modes selected: hs a


Circuit: * gate-driver-core-drive @ ss_27c_vlogic3p30v-vdrv5p00v -- generated by sim/harness, do not edit

Doing analysis at TEMP = 27.000000 and TNOM = 27.000000

Using SPARSE 1.3 as Direct Linear Solver

Initial Transient Solution
--------------------------

Node                                   Voltage
----                                   -------
x1.inb                                     3.3
in                                           0
gnd_logic                                    0
vdd_logic                                  3.3
x1.na                                  2.33003
x1.nb                              4.59241e-10
x1.nca                                       5
gnd_drv                            3.59988e-12
x1.ncb                             1.39819e-09
vdd_drv                                      5
x1.nbuf1                                     5
in_drv                             1.13207e-09
x2.n1                                        5
x2.n2                              2.22958e-09
x2.n3                                        5
x2.n4                              3.34255e-09
x2.n5                                        5
out                                3.54492e-09
outcap                             3.54492e-09
vimeas#branch                     -1.26074e-21
vin#branch                                   0
vgnd_logic#branch                  3.61167e-09
vsup_drv#branch                   -3.60074e-09
vsup_logic#branch                 -3.53403e-12

 Reference value :  1.61280e-08
 Reference value :  2.05566e-07
 Reference value :  4.23098e-07
 Reference value :  6.05598e-07
No. of Data Rows : 7204
trise10_90          =  6.16873e-09 targ=  2.93989e-08 trig=  2.32302e-08
tfall10_90          =  5.80826e-09 targ=  3.29728e-07 trig=  3.23920e-07
tpdlh               =  5.15518e-09 targ=  2.56552e-08 trig=  2.05000e-08
tpdhl               =  5.02209e-09 targ=  3.26522e-07 trig=  3.21500e-07
m_trise_s = 6.1687260000e-09
m_tfall_s = 5.8082650000e-09
m_tpdlh_s = 5.1551780000e-09
m_tpdhl_s = 5.0220890000e-09
m_ipeak_source_a = 8.5861550510e-01
m_ipeak_sink_a = 7.8025320019e-01
m_vout_max_v = 5.0056341657e+00
m_vout_min_v = -3.503905795e-03
m_vin_max_v = 3.3000000000e+00
m_vin_min_v = 0.0000000000e+00
m_indrv_max_v = 5.1381527196e+00
m_indrv_min_v = -3.973354290e-02
m_n1_max_v = 5.1326996120e+00
m_n1_min_v = -6.333548762e-02
m_n2_max_v = 5.0799114717e+00
m_n2_min_v = -4.383647258e-02
m_n3_max_v = 5.0624302285e+00
m_n3_min_v = -3.257599557e-02
m_n4_max_v = 5.0607304088e+00
m_n4_min_v = -3.223758282e-02
m_n5_max_v = 5.0607679919e+00
m_n5_min_v = -3.173022957e-02
Note: Simulation executed from .control section 

Warning: m=xx on .subckt line will override multiplier m hierarchy!

Note: vimeas: has no value, DC 0 assumed
