
Note: Compatibility modes selected: hs a


Circuit: * gate-driver-core-drive @ tt_-40c_vlogic3p30v-vdrv6p00v -- generated by sim/harness, do not edit

Doing analysis at TEMP = -40.000000 and TNOM = 27.000000

Using SPARSE 1.3 as Direct Linear Solver

Initial Transient Solution
--------------------------

Node                                   Voltage
----                                   -------
x1.inb                                     3.3
in                                           0
gnd_logic                                    0
vdd_logic                                  3.3
x1.na                                  2.34445
x1.nb                              4.22112e-10
x1.nca                                       6
gnd_drv                            4.38651e-12
x1.ncb                             1.15751e-09
vdd_drv                                      6
x1.nbuf1                                     6
in_drv                             8.39177e-10
x2.n1                                        6
x2.n2                               1.6497e-09
x2.n3                                        6
x2.n4                              2.46059e-09
x2.n5                                        6
out                                2.60945e-09
outcap                             2.60945e-09
vimeas#branch                      2.53428e-22
vin#branch                                   0
vgnd_logic#branch                  4.39876e-09
vsup_drv#branch                   -4.38769e-09
vsup_logic#branch                 -3.30919e-12

 Reference value :  1.45292e-08
 Reference value :  1.07499e-07
 Reference value :  2.50499e-07
 Reference value :  3.74209e-07
 Reference value :  5.31409e-07
 Reference value :  6.87809e-07
No. of Data Rows : 7238
trise10_90          =  3.76923e-09 targ=  2.59050e-08 trig=  2.21357e-08
tfall10_90          =  3.84763e-09 targ=  3.26886e-07 trig=  3.23039e-07
tpdlh               =  3.15775e-09 targ=  2.36577e-08 trig=  2.05000e-08
tpdhl               =  3.30634e-09 targ=  3.24806e-07 trig=  3.21500e-07
m_trise_s = 3.7692310000e-09
m_tfall_s = 3.8476310000e-09
m_tpdlh_s = 3.1577460000e-09
m_tpdhl_s = 3.3063430000e-09
m_ipeak_source_a = 1.6215297478e+00
m_ipeak_sink_a = 1.3944329770e+00
m_vout_max_v = 6.0049864029e+00
m_vout_min_v = -3.052472851e-03
m_vin_max_v = 3.3000000000e+00
m_vin_min_v = 0.0000000000e+00
m_indrv_max_v = 6.1283921238e+00
m_indrv_min_v = -3.333892208e-02
m_n1_max_v = 6.1310617032e+00
m_n1_min_v = -5.300225649e-02
m_n2_max_v = 6.0770637133e+00
m_n2_min_v = -4.380021616e-02
m_n3_max_v = 6.0549442199e+00
m_n3_min_v = -3.008201173e-02
m_n4_max_v = 6.0510105283e+00
m_n4_min_v = -2.935245715e-02
m_n5_max_v = 6.0516939288e+00
m_n5_min_v = -2.889393750e-02
Note: Simulation executed from .control section 

Warning: m=xx on .subckt line will override multiplier m hierarchy!

Note: vimeas: has no value, DC 0 assumed
