
Note: Compatibility modes selected: hs a


Circuit: * gate-driver-core-drive @ tt_-40c_vlogic3p63v-vdrv5p50v -- generated by sim/harness, do not edit

Doing analysis at TEMP = -40.000000 and TNOM = 27.000000

Using SPARSE 1.3 as Direct Linear Solver

Initial Transient Solution
--------------------------

Node                                   Voltage
----                                   -------
x1.inb                                    3.63
in                                           0
gnd_logic                                    0
vdd_logic                                 3.63
x1.na                                  2.61443
x1.nb                               3.7637e-10
x1.nca                                     5.5
gnd_drv                            4.02067e-12
x1.ncb                             9.97694e-10
vdd_drv                                    5.5
x1.nbuf1                                   5.5
in_drv                             7.98352e-10
x2.n1                                      5.5
x2.n2                              1.56971e-09
x2.n3                                      5.5
x2.n4                              2.34148e-09
x2.n5                                      5.5
out                                2.48314e-09
outcap                             2.48314e-09
vimeas#branch                      3.74508e-22
vin#branch                                   0
vgnd_logic#branch                  4.03298e-09
vsup_drv#branch                   -4.01786e-09
vsup_logic#branch                 -3.65243e-12

 Reference value :  1.31297e-08
 Reference value :  1.06280e-07
 Reference value :  2.45280e-07
 Reference value :  3.46649e-07
 Reference value :  4.91549e-07
 Reference value :  6.68049e-07
No. of Data Rows : 7231
trise10_90          =  3.96175e-09 targ=  2.62093e-08 trig=  2.22476e-08
tfall10_90          =  3.96935e-09 targ=  3.27046e-07 trig=  3.23076e-07
tpdlh               =  3.34750e-09 targ=  2.38475e-08 trig=  2.05000e-08
tpdhl               =  3.39824e-09 targ=  3.24898e-07 trig=  3.21500e-07
m_trise_s = 3.9617510000e-09
m_tfall_s = 3.9693480000e-09
m_tpdlh_s = 3.3475020000e-09
m_tpdhl_s = 3.3982440000e-09
m_ipeak_source_a = 1.4208073880e+00
m_ipeak_sink_a = 1.2265446996e+00
m_vout_max_v = 5.5050572689e+00
m_vout_min_v = -3.083438437e-03
m_vin_max_v = 3.6300000000e+00
m_vin_min_v = 0.0000000000e+00
m_indrv_max_v = 5.6270082821e+00
m_indrv_min_v = -3.109819851e-02
m_n1_max_v = 5.6248779753e+00
m_n1_min_v = -5.578578667e-02
m_n2_max_v = 5.5750253843e+00
m_n2_min_v = -4.234406435e-02
m_n3_max_v = 5.5549081431e+00
m_n3_min_v = -2.998743382e-02
m_n4_max_v = 5.5522295611e+00
m_n4_min_v = -2.942253276e-02
m_n5_max_v = 5.5525767085e+00
m_n5_min_v = -2.881620596e-02
Note: Simulation executed from .control section 

Warning: m=xx on .subckt line will override multiplier m hierarchy!

Note: vimeas: has no value, DC 0 assumed
