
Note: Compatibility modes selected: hs a


Circuit: * gate-driver-core-drive @ tt_125c_vlogic3p30v-vdrv6p00v -- generated by sim/harness, do not edit

Doing analysis at TEMP = 125.000000 and TNOM = 27.000000

Using SPARSE 1.3 as Direct Linear Solver

Initial Transient Solution
--------------------------

Node                                   Voltage
----                                   -------
x1.inb                                     3.3
in                                           0
gnd_logic                                    0
vdd_logic                                  3.3
x1.na                                  2.43094
x1.nb                              8.27371e-10
x1.nca                                 5.99999
gnd_drv                            1.77239e-11
x1.ncb                             2.45799e-09
vdd_drv                                      6
x1.nbuf1                                     6
in_drv                             2.99825e-09
x2.n1                                        6
x2.n2                              6.27432e-09
x2.n3                                        6
x2.n4                              7.67835e-09
x2.n5                                        6
out                                8.14263e-09
outcap                             8.14263e-09
vimeas#branch                      5.01657e-22
vin#branch                                   0
vgnd_logic#branch                  2.15543e-08
vsup_drv#branch                   -2.04226e-08
vsup_logic#branch                 -1.14093e-09

 Reference value :  0.00000e+00
 Reference value :  9.33439e-08
 Reference value :  2.51144e-07
 Reference value :  3.72360e-07
 Reference value :  5.22860e-07
 Reference value :  6.76260e-07
No. of Data Rows : 7191
trise10_90          =  5.37083e-09 targ=  2.81339e-08 trig=  2.27630e-08
tfall10_90          =  5.55733e-09 targ=  3.29130e-07 trig=  3.23573e-07
tpdlh               =  4.27971e-09 targ=  2.47797e-08 trig=  2.05000e-08
tpdhl               =  4.42967e-09 targ=  3.25930e-07 trig=  3.21500e-07
m_trise_s = 5.3708350000e-09
m_tfall_s = 5.5573310000e-09
m_tpdlh_s = 4.2797100000e-09
m_tpdhl_s = 4.4296680000e-09
m_ipeak_source_a = 1.2440530102e+00
m_ipeak_sink_a = 1.0427689002e+00
m_vout_max_v = 6.0042366306e+00
m_vout_min_v = -2.634345316e-03
m_vin_max_v = 3.3000000000e+00
m_vin_min_v = 0.0000000000e+00
m_indrv_max_v = 6.1285204660e+00
m_indrv_min_v = -3.079291715e-02
m_n1_max_v = 6.1115583613e+00
m_n1_min_v = -5.157766923e-02
m_n2_max_v = 6.0771801737e+00
m_n2_min_v = -4.329170115e-02
m_n3_max_v = 6.0511539662e+00
m_n3_min_v = -2.943720157e-02
m_n4_max_v = 6.0470234846e+00
m_n4_min_v = -2.815770132e-02
m_n5_max_v = 6.0469516961e+00
m_n5_min_v = -2.760341017e-02
Note: Simulation executed from .control section 

Warning: m=xx on .subckt line will override multiplier m hierarchy!

Note: vimeas: has no value, DC 0 assumed
