
Note: Compatibility modes selected: hs a


Circuit: * gate-driver-core-drive @ tt_125c_vlogic3p30v-vdrv5p00v -- generated by sim/harness, do not edit

Doing analysis at TEMP = 125.000000 and TNOM = 27.000000

Using SPARSE 1.3 as Direct Linear Solver

Initial Transient Solution
--------------------------

Node                                   Voltage
----                                   -------
x1.inb                                     3.3
in                                           0
gnd_logic                                    0
vdd_logic                                  3.3
x1.na                                  2.41486
x1.nb                              6.90689e-10
x1.nca                                 4.99999
gnd_drv                            1.37362e-11
x1.ncb                             2.05193e-09
vdd_drv                                      5
x1.nbuf1                                     5
in_drv                             2.68985e-09
x2.n1                                        5
x2.n2                              5.63296e-09
x2.n3                                        5
x2.n4                              6.89203e-09
x2.n5                                        5
out                                 7.3089e-09
outcap                              7.3089e-09
vimeas#branch                     -1.79221e-22
vin#branch                                   0
vgnd_logic#branch                  1.75376e-08
vsup_drv#branch                   -1.63964e-08
vsup_logic#branch                 -1.14093e-09

 Reference value :  0.00000e+00
 Reference value :  8.30737e-08
 Reference value :  1.98174e-07
 Reference value :  3.28805e-07
 Reference value :  4.62305e-07
 Reference value :  6.20605e-07
No. of Data Rows : 7186
trise10_90          =  6.16995e-09 targ=  2.92640e-08 trig=  2.30941e-08
tfall10_90          =  5.94498e-09 targ=  3.29716e-07 trig=  3.23771e-07
tpdlh               =  4.91479e-09 targ=  2.54148e-08 trig=  2.05000e-08
tpdhl               =  4.78808e-09 targ=  3.26288e-07 trig=  3.21500e-07
m_trise_s = 6.1699540000e-09
m_tfall_s = 5.9449780000e-09
m_tpdlh_s = 4.9147930000e-09
m_tpdhl_s = 4.7880770000e-09
m_ipeak_source_a = 9.0059376873e-01
m_ipeak_sink_a = 8.1837173287e-01
m_vout_max_v = 5.0042495923e+00
m_vout_min_v = -2.593747154e-03
m_vin_max_v = 3.3000000000e+00
m_vin_min_v = 0.0000000000e+00
m_indrv_max_v = 5.1260202098e+00
m_indrv_min_v = -2.855284010e-02
m_n1_max_v = 5.1051648162e+00
m_n1_min_v = -5.253132353e-02
m_n2_max_v = 5.0716583704e+00
m_n2_min_v = -4.087415278e-02
m_n3_max_v = 5.0514621071e+00
m_n3_min_v = -2.868985239e-02
m_n4_max_v = 5.0486123204e+00
m_n4_min_v = -2.754505250e-02
m_n5_max_v = 5.0487994970e+00
m_n5_min_v = -2.741575383e-02
Note: Simulation executed from .control section 

Warning: m=xx on .subckt line will override multiplier m hierarchy!

Note: vimeas: has no value, DC 0 assumed
