
Note: Compatibility modes selected: hs a


Circuit: * gate-driver-core-drive @ tt_27c_vlogic3p30v-vdrv5p00v -- generated by sim/harness, do not edit

Doing analysis at TEMP = 27.000000 and TNOM = 27.000000

Using SPARSE 1.3 as Direct Linear Solver

Initial Transient Solution
--------------------------

Node                                   Voltage
----                                   -------
x1.inb                                     3.3
in                                           0
gnd_logic                                    0
vdd_logic                                  3.3
x1.na                                  2.43057
x1.nb                              4.29032e-10
x1.nca                                       5
gnd_drv                            3.66947e-12
x1.ncb                             1.22233e-09
vdd_drv                                      5
x1.nbuf1                                     5
in_drv                             1.00112e-09
x2.n1                                        5
x2.n2                               1.9693e-09
x2.n3                                        5
x2.n4                              2.93847e-09
x2.n5                                        5
out                                3.11633e-09
outcap                             3.11633e-09
vimeas#branch                      1.13355e-21
vin#branch                                   0
vgnd_logic#branch                  3.69348e-09
vsup_drv#branch                   -3.66971e-09
vsup_logic#branch                 -7.50616e-12

 Reference value :  2.14582e-08
 Reference value :  1.26442e-07
 Reference value :  2.32142e-07
 Reference value :  3.62656e-07
 Reference value :  5.19356e-07
 Reference value :  6.69656e-07
No. of Data Rows : 7211
trise10_90          =  5.06195e-09 targ=  2.77107e-08 trig=  2.26487e-08
tfall10_90          =  4.80033e-09 targ=  3.28211e-07 trig=  3.23411e-07
tpdlh               =  4.12142e-09 targ=  2.46214e-08 trig=  2.05000e-08
tpdhl               =  4.03272e-09 targ=  3.25533e-07 trig=  3.21500e-07
m_trise_s = 5.0619540000e-09
m_tfall_s = 4.8003270000e-09
m_tpdlh_s = 4.1214210000e-09
m_tpdhl_s = 4.0327220000e-09
m_ipeak_source_a = 1.0509523684e+00
m_ipeak_sink_a = 9.5787970000e-01
m_vout_max_v = 5.0046197407e+00
m_vout_min_v = -2.896779724e-03
m_vin_max_v = 3.3000000000e+00
m_vin_min_v = 0.0000000000e+00
m_indrv_max_v = 5.1292368246e+00
m_indrv_min_v = -3.188229702e-02
m_n1_max_v = 5.1221141682e+00
m_n1_min_v = -5.494093001e-02
m_n2_max_v = 5.0739817027e+00
m_n2_min_v = -4.176585870e-02
m_n3_max_v = 5.0554044294e+00
m_n3_min_v = -2.963664301e-02
m_n4_max_v = 5.0529596083e+00
m_n4_min_v = -2.909229281e-02
m_n5_max_v = 5.0528233688e+00
m_n5_min_v = -2.823731191e-02
Note: Simulation executed from .control section 

Warning: m=xx on .subckt line will override multiplier m hierarchy!

Note: vimeas: has no value, DC 0 assumed
