
Note: Compatibility modes selected: hs a


Circuit: * gate-driver-core-drive @ tt_27c_vlogic2p97v-vdrv4p50v -- generated by sim/harness, do not edit

Doing analysis at TEMP = 27.000000 and TNOM = 27.000000

Using SPARSE 1.3 as Direct Linear Solver

Initial Transient Solution
--------------------------

Node                                   Voltage
----                                   -------
x1.inb                                    2.97
in                                           0
gnd_logic                                    0
vdd_logic                                 2.97
x1.na                                  2.15512
x1.nb                               4.0438e-10
x1.nca                                     4.5
gnd_drv                            3.30106e-12
x1.ncb                             1.18876e-09
vdd_drv                                    4.5
x1.nbuf1                                   4.5
in_drv                             9.55231e-10
x2.n1                                      4.5
x2.n2                              1.87928e-09
x2.n3                                      4.5
x2.n4                              2.80467e-09
x2.n5                                      4.5
out                                2.97445e-09
outcap                             2.97445e-09
vimeas#branch                      -1.3627e-23
vin#branch                                   0
vgnd_logic#branch                  3.32113e-09
vsup_drv#branch                   -3.30893e-09
vsup_logic#branch                 -6.13381e-12

 Reference value :  2.03213e-08
 Reference value :  1.19100e-07
 Reference value :  2.61100e-07
 Reference value :  3.78315e-07
 Reference value :  5.35015e-07
 Reference value :  6.93115e-07
No. of Data Rows : 7192
trise10_90          =  5.47497e-09 targ=  2.82815e-08 trig=  2.28065e-08
tfall10_90          =  5.05310e-09 targ=  3.28604e-07 trig=  3.23551e-07
tpdlh               =  4.44495e-09 targ=  2.49450e-08 trig=  2.05000e-08
tpdhl               =  4.27988e-09 targ=  3.25780e-07 trig=  3.21500e-07
m_trise_s = 5.4749730000e-09
m_tfall_s = 5.0531030000e-09
m_tpdlh_s = 4.4449540000e-09
m_tpdhl_s = 4.2798750000e-09
m_ipeak_source_a = 8.7708841921e-01
m_ipeak_sink_a = 8.2596887826e-01
m_vout_max_v = 4.5045412285e+00
m_vout_min_v = -2.869772863e-03
m_vin_max_v = 2.9700000000e+00
m_vin_min_v = 0.0000000000e+00
m_indrv_max_v = 4.6196290134e+00
m_indrv_min_v = -3.364993189e-02
m_n1_max_v = 4.6133553429e+00
m_n1_min_v = -5.484095812e-02
m_n2_max_v = 4.5701816150e+00
m_n2_min_v = -4.015110816e-02
m_n3_max_v = 4.5548775209e+00
m_n3_min_v = -2.906061228e-02
m_n4_max_v = 4.5520857908e+00
m_n4_min_v = -2.869745338e-02
m_n5_max_v = 4.5523863925e+00
m_n5_min_v = -2.835154860e-02
Note: Simulation executed from .control section 

Warning: m=xx on .subckt line will override multiplier m hierarchy!

Note: vimeas: has no value, DC 0 assumed
