
Note: Compatibility modes selected: hs a


Circuit: * gate-driver-core-drive @ tt_27c_vlogic3p63v-vdrv5p50v -- generated by sim/harness, do not edit

Doing analysis at TEMP = 27.000000 and TNOM = 27.000000

Using SPARSE 1.3 as Direct Linear Solver

Initial Transient Solution
--------------------------

Node                                   Voltage
----                                   -------
x1.inb                                    3.63
in                                           0
gnd_logic                                    0
vdd_logic                                 3.63
x1.na                                  2.70975
x1.nb                              4.55704e-10
x1.nca                                     5.5
gnd_drv                            4.03831e-12
x1.ncb                             1.26306e-09
vdd_drv                                    5.5
x1.nbuf1                                   5.5
in_drv                             1.05314e-09
x2.n1                                      5.5
x2.n2                              2.07133e-09
x2.n3                                      5.5
x2.n4                              3.09032e-09
x2.n5                                      5.5
out                                3.27737e-09
outcap                             3.27737e-09
vimeas#branch                     -1.89005e-21
vin#branch                                   0
vgnd_logic#branch                  4.06717e-09
vsup_drv#branch                   -4.05876e-09
vsup_logic#branch                 -9.29438e-12

 Reference value :  2.11016e-08
 Reference value :  1.09535e-07
 Reference value :  2.44935e-07
 Reference value :  3.60950e-07
 Reference value :  5.21850e-07
 Reference value :  6.92350e-07
No. of Data Rows : 7212
trise10_90          =  4.74251e-09 targ=  2.72716e-08 trig=  2.25291e-08
tfall10_90          =  4.61430e-09 targ=  3.27916e-07 trig=  3.23302e-07
tpdlh               =  3.87496e-09 targ=  2.43750e-08 trig=  2.05000e-08
tpdhl               =  3.84496e-09 targ=  3.25345e-07 trig=  3.21500e-07
m_trise_s = 4.7425110000e-09
m_tfall_s = 4.6142980000e-09
m_tpdlh_s = 3.8749570000e-09
m_tpdhl_s = 3.8449620000e-09
m_ipeak_source_a = 1.2349448435e+00
m_ipeak_sink_a = 1.1024949642e+00
m_vout_max_v = 5.5047022873e+00
m_vout_min_v = -2.903733896e-03
m_vin_max_v = 3.6300000000e+00
m_vin_min_v = 0.0000000000e+00
m_indrv_max_v = 5.6326922378e+00
m_indrv_min_v = -2.947556905e-02
m_n1_max_v = 5.6203534046e+00
m_n1_min_v = -5.530083416e-02
m_n2_max_v = 5.5759067736e+00
m_n2_min_v = -4.315296345e-02
m_n3_max_v = 5.5556949744e+00
m_n3_min_v = -3.005120931e-02
m_n4_max_v = 5.5520433627e+00
m_n4_min_v = -2.904774172e-02
m_n5_max_v = 5.5523903487e+00
m_n5_min_v = -2.901330228e-02
Note: Simulation executed from .control section 

Warning: m=xx on .subckt line will override multiplier m hierarchy!

Note: vimeas: has no value, DC 0 assumed
