
Note: No compatibility mode selected!


Circuit: * gate-driver-core-drive-with-uvlo-postlayout @ ff_-40c_vlogic3p63v-vdrv5p50v -- generated by sim/harness, do not edit

Doing analysis at TEMP = -40.000000 and TNOM = 27.000000

Using SPARSE 1.3 as Direct Linear Solver

Initial Transient Solution
--------------------------

Node                                   Voltage
----                                   -------
x1_inb                                    3.63
in                                           0
gnd_logic                                    0
x1_na                                   2.6808
x1_nb                              2.24157e-07
gnd_drv                            8.30167e-08
x2_n3                                      5.5
x2_n4                              4.77374e-08
x2_n5                                      5.5
out                                 8.5146e-08
x3_lockout                         8.46969e-08
in_drv                             1.92234e-07
x1_nbuf1                                   5.5
x1_ncb                            -3.09514e-08
x1_nca                                     5.5
vdd_logic                                 3.63
x2_n1                                      5.5
x2_n2                              4.45281e-08
x3_ncompn                                  5.5
x3_nref                               0.692327
x3_ntail                              0.309408
x3_ncompp                              4.59617
x3_ndiv                                1.06365
x3_uvlo_ok                             5.49994
vdd_drv                                    5.5
anon293                            2.42283e-08
anon294                            7.98517e-08
anon295                             1.3587e-07
anon22                                 5.09936
anon23                                 4.69872
anon26                                 4.29808
anon27                                 3.89744
anon30                                  3.4968
anon31                                 3.09616
anon21                                 1.09297
anon24                                  1.4936
anon25                                 1.89424
anon28                                 2.29488
anon29                                 2.69552
anon32                                 5.22273
anon33                                 4.94545
anon34                                 4.66818
anon35                                 4.39091
anon36                                 4.11364
anon37                                 3.83636
anon38                                 3.55909
anon39                                 3.28182
anon40                                 1.34092
anon42                                 1.61819
anon44                                 1.89546
anon45                                 2.17273
anon46                                 2.45001
anon47                                 2.72728
anon48                                 3.00455
anon49                                 5.48142
anon41                                  0.7091
anon50                                 5.46291
anon43                                 0.35455
anon51                                 5.44439
anon52                                 5.42587
anon53                                 5.40736
anon54                                 5.38884
anon55                                 5.37033
anon56                                 5.35182
anon57                                 5.20372
anon59                                 5.22223
anon60                                 5.24074
anon63                                 5.25925
anon65                                 5.27776
anon66                                 5.29628
anon69                                 5.31479
anon71                                  5.3333
anon58                                 5.18521
anon61                                  5.1667
anon62                                 5.14819
anon64                                 5.12968
anon67                                 5.11117
anon68                                 5.09266
anon70                                 5.07415
anon72                                 5.05564
anon73                                 4.90758
anon74                                 4.92609
anon76                                  4.9446
anon78                                  4.9631
anon81                                 4.98161
anon82                                 5.00012
anon84                                 5.01862
anon86                                 5.03713
anon75                                 4.88908
anon77                                 4.87057
anon79                                 4.85207
anon80                                 4.83357
anon83                                 4.81506
anon85                                 4.79656
anon87                                 4.77805
anon88                                 4.75955
anon89                                 4.61154
anon90                                 4.63004
anon91                                 4.59304
anon93                                 4.64854
anon94                                 4.57454
anon96                                 4.66704
anon97                                 4.55604
anon100                                4.68554
anon99                                 4.53754
anon102                                4.51904
anon103                                4.70404
anon105                                4.72255
anon106                                4.50054
anon108                                4.74105
anon109                                4.48204
anon111                                4.46354
anon112                                4.31557
anon113                                4.29707
anon92                                 4.33406
anon115                                4.27858
anon95                                 4.35256
anon117                                4.26008
anon98                                 4.37106
anon101                                4.38955
anon119                                4.24159
anon121                                4.22309
anon104                                4.40805
anon107                                4.42655
anon123                                 4.2046
anon110                                4.44504
anon125                                 4.1861
anon127                                4.16761
anon128                                4.01967
anon114                                4.03816
anon129                                4.00118
anon116                                4.05665
anon131                                3.98269
anon133                                 3.9642
anon118                                4.07515
anon120                                4.09364
anon135                                3.94571
anon137                                3.92722
anon122                                4.11213
anon139                                3.90873
anon124                                4.13062
anon141                                3.89024
anon126                                4.14912
anon143                                3.87175
anon144                                3.72384
anon130                                3.74233
anon145                                3.70536
anon147                                3.68687
anon132                                3.76082
anon134                                3.77931
anon149                                3.66838
anon151                                 3.6499
anon136                                3.79779
anon138                                3.81628
anon153                                3.63141
anon155                                3.61292
anon140                                3.83477
anon157                                3.59444
anon142                                3.85326
anon159                                3.57595
anon160                                3.42808
anon146                                3.44656
anon161                                 3.4096
anon163                                3.39111
anon148                                3.46505
anon165                                3.37263
anon150                                3.48353
anon152                                3.50201
anon167                                3.35415
anon154                                 3.5205
anon169                                3.33567
anon171                                3.31718
anon156                                3.53898
anon158                                3.55747
anon173                                 3.2987
anon175                                3.28022
anon176                                3.13237
anon162                                3.15085
anon177                                3.11389
anon164                                3.16933
anon179                                3.09541
anon181                                3.07694
anon166                                3.18781
anon168                                 3.2063
anon183                                3.05846
anon170                                3.22478
anon185                                3.03998
anon187                                 3.0215
anon172                                3.24326
anon174                                3.26174
anon189                                3.00302
anon191                                2.98454
anon192                                2.83672
anon193                                2.81825
anon178                                 2.8552
anon195                                2.79977
anon180                                2.87368
anon182                                2.89215
anon197                                2.78129
anon184                                2.91063
anon199                                2.76282
anon201                                2.74434
anon186                                2.92911
anon188                                2.94759
anon203                                2.72587
anon190                                2.96606
anon205                                2.70739
anon207                                2.68891
anon208                                2.54112
anon209                                2.52264
anon194                                2.55959
anon211                                2.50417
anon196                                2.57807
anon198                                2.59654
anon213                                 2.4857
anon215                                2.46722
anon200                                2.61501
anon202                                2.63349
anon217                                2.44875
anon219                                2.43028
anon204                                2.65196
anon221                                2.41181
anon206                                2.67044
anon223                                2.39333
anon224                                2.24556
anon210                                2.26403
anon225                                2.22709
anon227                                2.20862
anon212                                 2.2825
anon214                                2.30097
anon229                                2.19015
anon231                                2.17167
anon216                                2.31944
anon218                                2.33792
anon233                                 2.1532
anon235                                2.13473
anon220                                2.35639
anon237                                2.11626
anon222                                2.37486
anon239                                2.09779
anon240                                1.95004
anon241                                1.93157
anon226                                1.96851
anon243                                 1.9131
anon228                                1.98697
anon230                                2.00544
anon245                                1.89463
anon247                                1.87616
anon232                                2.02391
anon249                                1.85769
anon234                                2.04238
anon236                                2.06085
anon251                                1.83922
anon253                                1.82076
anon238                                2.07932
anon255                                1.80229
anon256                                1.65455
anon242                                1.67301
anon257                                1.63608
anon244                                1.69148
anon259                                1.61761
anon261                                1.59915
anon246                                1.70995
anon263                                1.58068
anon248                                1.72842
anon265                                1.56221
anon250                                1.74688
anon252                                1.76535
anon267                                1.54375
anon269                                1.52528
anon254                                1.78382
anon271                                1.50681
anon272                                1.35909
anon273                                1.34062
anon258                                1.37755
anon275                                1.32216
anon260                                1.39602
anon262                                1.41448
anon277                                1.30369
anon279                                1.28523
anon264                                1.43295
anon281                                1.26676
anon266                                1.45142
anon268                                1.46988
anon283                                 1.2483
anon285                                1.22983
anon270                                1.48835
anon287                                1.21137
anon274                                1.08211
anon276                                1.10058
anon278                                1.11904
anon280                                1.13751
anon282                                1.15597
anon284                                1.17444
anon286                                 1.1929
outcap                              8.5146e-08
vimeas#branch                      3.71138e-05
vin#branch                        -5.49247e-08
vgnd_logic#branch                  8.27408e-05
vsup_drv#branch                   -8.25775e-05
vsup_logic#branch                 -1.64292e-07

 Reference value :  3.35590e-08
 Reference value :  1.43759e-07
 Reference value :  2.62259e-07
 Reference value :  3.49177e-07
 Reference value :  4.67977e-07
 Reference value :  5.91577e-07
No. of Data Rows : 7226
trise10_90          =  3.41862e-09 targ=  2.54745e-08 trig=  2.20558e-08
tfall10_90          =  3.39833e-09 targ=  3.26244e-07 trig=  3.22845e-07
tpdlh               =  2.92979e-09 targ=  2.34298e-08 trig=  2.05000e-08
tpdhl               =  2.88257e-09 targ=  3.24383e-07 trig=  3.21500e-07
lockout_at_in_high  =  -1.16895e-06
vout_at_in_high     =  5.50000e+00
vdrv_at_in_high     =  5.50000e+00
m_trise_s = 3.4186250000e-09
m_tfall_s = 3.3983300000e-09
m_tpdlh_s = 2.9297940000e-09
m_tpdhl_s = 2.8825750000e-09
m_ipeak_source_a = 1.6558443822e+00
m_ipeak_sink_a = 1.4622510318e+00
m_vout_max_v = 5.5042882244e+00
m_vout_min_v = -2.519005985e-03
m_vin_max_v = 3.6300000000e+00
m_vin_min_v = 0.0000000000e+00
m_indrv_max_v = 5.5000958423e+00
m_indrv_min_v = -2.766791324e-04
m_n1_max_v = 5.5846387702e+00
m_n1_min_v = -3.799682294e-02
m_n2_max_v = 5.5659020498e+00
m_n2_min_v = -3.741848092e-02
m_n3_max_v = 5.5460017355e+00
m_n3_min_v = -2.623209063e-02
m_n4_max_v = 5.5440486929e+00
m_n4_min_v = -2.579193769e-02
m_n5_max_v = 5.5444083389e+00
m_n5_min_v = -2.570038165e-02
m_uvlo_lockout_at_in_high = -1.168953000e-06
m_uvlo_vout_at_in_high_v = 5.4999990000e+00
m_uvlo_vdrv_at_in_high_v = 5.5000000000e+00
Note: Simulation executed from .control section 

Note: vimeas: has no value, DC 0 assumed
Warning: singular matrix:  check node anon293

Note: Starting dynamic gmin stepping
Warning: singular matrix:  check node anon293

Warning: Dynamic gmin stepping failed
Note: Starting true gmin stepping
Warning: singular matrix:  check node anon293

Warning: singular matrix:  check node anon293

Warning: singular matrix:  check node anon293

Warning: singular matrix:  check node anon293

Warning: True gmin stepping failed
Note: Starting source stepping
Warning: source stepping failed
Note: Transient op started
Note: Transient op finished successfully
