
Note: No compatibility mode selected!


Circuit: * gate-driver-core-drive-with-uvlo-postlayout @ ff_-40c_vlogic2p97v-vdrv4p50v -- generated by sim/harness, do not edit

Doing analysis at TEMP = -40.000000 and TNOM = 27.000000

Using SPARSE 1.3 as Direct Linear Solver

Initial Transient Solution
--------------------------

Node                                   Voltage
----                                   -------
x1_inb                                    2.97
in                                           0
gnd_logic                                    0
x1_na                                  2.10608
x1_nb                              3.34971e-07
gnd_drv                            6.59212e-08
x2_n3                                      4.5
x2_n4                              3.74581e-08
x2_n5                                      4.5
out                                  6.785e-08
x3_lockout                         6.66188e-08
in_drv                             6.98044e-08
x1_nbuf1                                   4.5
x1_ncb                            -1.25701e-07
x1_nca                                     4.5
vdd_logic                                 2.97
x2_n1                                      4.5
x2_n2                              3.42519e-08
x3_ncompn                               4.4997
x3_nref                               0.681289
x3_ntail                              0.171784
x3_ncompp                              3.61909
x3_ndiv                               0.870259
x3_uvlo_ok                             4.49994
vdd_drv                                    4.5
anon293                           -7.73769e-08
anon294                           -2.86564e-08
anon295                            2.04183e-08
anon22                                 4.18177
anon23                                 3.86355
anon26                                 3.54532
anon27                                 3.22709
anon30                                 2.90887
anon31                                 2.59064
anon21                                0.999514
anon24                                 1.31774
anon25                                 1.63596
anon28                                 1.95419
anon29                                 2.27242
anon32                                 4.27314
anon33                                 4.04628
anon34                                 3.81942
anon35                                 3.59256
anon36                                  3.3657
anon37                                 3.13884
anon38                                 2.91198
anon39                                 2.68512
anon40                                 1.09712
anon42                                 1.32397
anon44                                 1.55083
anon45                                 1.77769
anon46                                 2.00455
anon47                                 2.23141
anon48                                 2.45827
anon49                                 4.48479
anon41                                0.580173
anon50                                 4.46964
anon43                                0.290086
anon51                                 4.45449
anon52                                 4.43935
anon53                                  4.4242
anon54                                 4.40905
anon55                                  4.3939
anon56                                 4.37875
anon57                                 4.25758
anon59                                 4.27273
anon60                                 4.28787
anon63                                 4.30302
anon65                                 4.31816
anon66                                 4.33331
anon69                                 4.34846
anon71                                 4.36361
anon58                                 4.24244
anon61                                 4.22729
anon62                                 4.21215
anon64                                   4.197
anon67                                 4.18186
anon68                                 4.16671
anon70                                 4.15157
anon72                                 4.13643
anon73                                 4.01529
anon74                                 4.03043
anon76                                 4.04557
anon78                                 4.06072
anon81                                 4.07586
anon82                                   4.091
anon84                                 4.10614
anon86                                 4.12128
anon75                                 4.00015
anon77                                 3.98501
anon79                                 3.96987
anon80                                 3.95473
anon83                                 3.93959
anon85                                 3.92445
anon87                                 3.90931
anon88                                 3.89417
anon89                                 3.77307
anon90                                 3.78821
anon91                                 3.75793
anon93                                 3.80334
anon94                                  3.7428
anon96                                 3.81848
anon97                                 3.72766
anon100                                3.83362
anon99                                 3.71253
anon102                                3.69739
anon103                                3.84876
anon105                                 3.8639
anon106                                3.68225
anon108                                3.87903
anon109                                3.66712
anon111                                3.65198
anon112                                3.53091
anon113                                3.51578
anon92                                 3.54605
anon115                                3.50065
anon95                                 3.56118
anon117                                3.48552
anon98                                 3.57631
anon101                                3.59145
anon119                                3.47038
anon121                                3.45525
anon104                                3.60658
anon107                                3.62172
anon123                                3.44012
anon110                                3.63685
anon125                                3.42499
anon127                                3.40986
anon128                                3.28882
anon114                                3.30395
anon129                                3.27369
anon116                                3.31908
anon131                                3.25856
anon133                                3.24343
anon118                                3.33421
anon120                                3.34934
anon135                                 3.2283
anon137                                3.21317
anon122                                3.36447
anon139                                3.19805
anon124                                 3.3796
anon141                                3.18292
anon126                                3.39473
anon143                                3.16779
anon144                                3.04678
anon130                                 3.0619
anon145                                3.03165
anon147                                3.01653
anon132                                3.07703
anon134                                3.09216
anon149                                 3.0014
anon151                                2.98628
anon136                                3.10728
anon138                                3.12241
anon153                                2.97115
anon155                                2.95603
anon140                                3.13754
anon157                                 2.9409
anon142                                3.15266
anon159                                2.92578
anon160                                2.80479
anon146                                2.81991
anon161                                2.78967
anon163                                2.77454
anon148                                2.83503
anon165                                2.75942
anon150                                2.85016
anon152                                2.86528
anon167                                 2.7443
anon154                                 2.8804
anon169                                2.72918
anon171                                2.71406
anon156                                2.89553
anon158                                2.91065
anon173                                2.69893
anon175                                2.68381
anon176                                2.56285
anon162                                2.57797
anon177                                2.54773
anon164                                2.59309
anon179                                2.53261
anon181                                2.51749
anon166                                2.60821
anon168                                2.62333
anon183                                2.50237
anon170                                2.63845
anon185                                2.48725
anon187                                2.47213
anon172                                2.65357
anon174                                2.66869
anon189                                2.45701
anon191                                2.44189
anon192                                2.32095
anon193                                2.30583
anon178                                2.33607
anon195                                2.29072
anon180                                2.35119
anon182                                 2.3663
anon197                                 2.2756
anon184                                2.38142
anon199                                2.26048
anon201                                2.24537
anon186                                2.39654
anon188                                2.41166
anon203                                2.23025
anon190                                2.42678
anon205                                2.21513
anon207                                2.20002
anon208                                2.07909
anon209                                2.06398
anon194                                2.09421
anon211                                2.04886
anon196                                2.10932
anon198                                2.12444
anon213                                2.03375
anon215                                2.01864
anon200                                2.13956
anon202                                2.15467
anon217                                2.00352
anon219                                1.98841
anon204                                2.16979
anon221                                1.97329
anon206                                 2.1849
anon223                                1.95818
anon224                                1.83727
anon210                                1.85239
anon225                                1.82216
anon227                                1.80705
anon212                                 1.8675
anon214                                1.88261
anon229                                1.79193
anon231                                1.77682
anon216                                1.89773
anon218                                1.91284
anon233                                1.76171
anon235                                 1.7466
anon220                                1.92795
anon237                                1.73149
anon222                                1.94307
anon239                                1.71637
anon240                                1.59548
anon241                                1.58037
anon226                                1.61059
anon243                                1.56526
anon228                                 1.6257
anon230                                1.64082
anon245                                1.55015
anon247                                1.53504
anon232                                1.65593
anon249                                1.51993
anon234                                1.67104
anon236                                1.68615
anon251                                1.50482
anon253                                1.48971
anon238                                1.70126
anon255                                 1.4746
anon256                                1.35372
anon242                                1.36883
anon257                                1.33861
anon244                                1.38394
anon259                                 1.3235
anon261                                1.30839
anon246                                1.39905
anon263                                1.29328
anon248                                1.41416
anon265                                1.27817
anon250                                1.42927
anon252                                1.44438
anon267                                1.26306
anon269                                1.24796
anon254                                1.45949
anon271                                1.23285
anon272                                1.11198
anon273                                1.09687
anon258                                1.12709
anon275                                1.08176
anon260                                 1.1422
anon262                                 1.1573
anon277                                1.06666
anon279                                1.05155
anon264                                1.17241
anon281                                1.03644
anon266                                1.18752
anon268                                1.20263
anon283                                1.02133
anon285                                1.00622
anon270                                1.21774
anon287                               0.991117
anon274                               0.885366
anon276                               0.900473
anon278                                0.91558
anon280                               0.930688
anon282                               0.945795
anon284                               0.960902
anon286                                0.97601
outcap                               6.785e-08
vimeas#branch                      3.05669e-05
vin#branch                        -3.80065e-08
vgnd_logic#branch                  6.57213e-05
vsup_drv#branch                   -6.55182e-05
vsup_logic#branch                  -2.0382e-07

 Reference value :  3.61889e-08
 Reference value :  1.50989e-07
 Reference value :  2.69789e-07
 Reference value :  3.38341e-07
 Reference value :  4.54541e-07
 Reference value :  5.76741e-07
No. of Data Rows : 7210
trise10_90          =  3.83576e-09 targ=  2.60547e-08 trig=  2.22189e-08
tfall10_90          =  3.67488e-09 targ=  3.26677e-07 trig=  3.23002e-07
tpdlh               =  3.26038e-09 targ=  2.37604e-08 trig=  2.05000e-08
tpdhl               =  3.15677e-09 targ=  3.24657e-07 trig=  3.21500e-07
lockout_at_in_high  =  2.62301e-06
vout_at_in_high     =  4.50000e+00
vdrv_at_in_high     =  4.50000e+00
m_trise_s = 3.8357650000e-09
m_tfall_s = 3.6748790000e-09
m_tpdlh_s = 3.2603790000e-09
m_tpdhl_s = 3.1567750000e-09
m_ipeak_source_a = 1.2061505451e+00
m_ipeak_sink_a = 1.1159774094e+00
m_vout_max_v = 4.5041288485e+00
m_vout_min_v = -2.524512983e-03
m_vin_max_v = 2.9700000000e+00
m_vin_min_v = 0.0000000000e+00
m_indrv_max_v = 4.5000833713e+00
m_indrv_min_v = -3.521774000e-03
m_n1_max_v = 4.5842757862e+00
m_n1_min_v = -4.038371216e-02
m_n2_max_v = 4.5616604849e+00
m_n2_min_v = -3.484726610e-02
m_n3_max_v = 4.5464492507e+00
m_n3_min_v = -2.597083084e-02
m_n4_max_v = 4.5452844993e+00
m_n4_min_v = -2.580857069e-02
m_n5_max_v = 4.5456432139e+00
m_n5_min_v = -2.610008796e-02
m_uvlo_lockout_at_in_high = 2.6230050000e-06
m_uvlo_vout_at_in_high_v = 4.5000030000e+00
m_uvlo_vdrv_at_in_high_v = 4.5000000000e+00
Note: Simulation executed from .control section 

Note: vimeas: has no value, DC 0 assumed
Warning: singular matrix:  check node anon293

Note: Starting dynamic gmin stepping
Warning: singular matrix:  check node anon293

Warning: Dynamic gmin stepping failed
Note: Starting true gmin stepping
Warning: singular matrix:  check node anon293

Warning: singular matrix:  check node anon293

Warning: singular matrix:  check node anon293

Warning: singular matrix:  check node anon293

Warning: True gmin stepping failed
Note: Starting source stepping
Warning: source stepping failed
Note: Transient op started
Note: Transient op finished successfully
