
Note: No compatibility mode selected!


Circuit: * gate-driver-core-drive-with-uvlo-postlayout @ ff_-40c_vlogic3p30v-vdrv6p00v -- generated by sim/harness, do not edit

Doing analysis at TEMP = -40.000000 and TNOM = 27.000000

Using SPARSE 1.3 as Direct Linear Solver

Initial Transient Solution
--------------------------

Node                                   Voltage
----                                   -------
x1_inb                                     3.3
in                                           0
gnd_logic                                    0
x1_na                                  2.40694
x1_nb                             -4.28825e-07
gnd_drv                           -4.49521e-08
x2_n3                                        6
x2_n4                              -1.3354e-09
x2_n5                                        6
out                               -4.23663e-08
x3_lockout                        -4.25613e-08
in_drv                            -9.46541e-08
x1_nbuf1                                     6
x1_ncb                             1.53723e-07
x1_nca                                       6
vdd_logic                                  3.3
x2_n1                                        6
x2_n2                              1.01147e-09
x3_ncompn                                    6
x3_nref                               0.697187
x3_ntail                              0.380255
x3_ncompp                              5.08485
x3_ndiv                                1.16035
x3_uvlo_ok                             5.99994
vdd_drv                                      6
anon293                             9.0988e-08
anon294                            2.87126e-08
anon295                           -3.31518e-08
anon22                                  5.5581
anon23                                  5.1162
anon26                                 4.67429
anon27                                 4.23239
anon30                                 3.79049
anon31                                 3.34859
anon21                                 1.13909
anon24                                 1.58099
anon25                                 2.02289
anon28                                 2.46479
anon29                                 2.90669
anon32                                 5.69752
anon33                                 5.39504
anon34                                 5.09256
anon35                                 4.79008
anon36                                  4.4876
anon37                                 4.18512
anon38                                 3.88264
anon39                                 3.58017
anon40                                 1.46282
anon42                                  1.7653
anon44                                 2.06778
anon45                                 2.37026
anon46                                 2.67273
anon47                                 2.97521
anon48                                 3.27769
anon49                                 5.97974
anon41                                0.773564
anon50                                 5.95954
anon43                                0.386782
anon51                                 5.93934
anon52                                 5.91914
anon53                                 5.89894
anon54                                 5.87874
anon55                                 5.85854
anon56                                 5.83835
anon57                                 5.67678
anon59                                 5.69698
anon60                                 5.71717
anon63                                 5.73737
anon65                                 5.75756
anon66                                 5.77776
anon69                                 5.79795
anon71                                 5.81815
anon58                                 5.65659
anon61                                  5.6364
anon62                                 5.61621
anon64                                 5.59601
anon67                                 5.57582
anon68                                 5.55563
anon70                                 5.53544
anon72                                 5.51525
anon73                                 5.35373
anon74                                 5.37392
anon76                                 5.39411
anon78                                  5.4143
anon81                                 5.43449
anon82                                 5.45468
anon84                                 5.47487
anon86                                 5.49506
anon75                                 5.33354
anon77                                 5.31336
anon79                                 5.29317
anon80                                 5.27298
anon83                                  5.2528
anon85                                 5.23261
anon87                                 5.21242
anon88                                 5.19224
anon89                                 5.03077
anon90                                 5.05095
anon91                                 5.01059
anon93                                 5.07113
anon94                                 4.99041
anon96                                 5.09132
anon97                                 4.97022
anon100                                 5.1115
anon99                                 4.95004
anon102                                4.92986
anon103                                5.13169
anon105                                5.15187
anon106                                4.90968
anon108                                5.17205
anon109                                 4.8895
anon111                                4.86932
anon112                                4.70789
anon113                                4.68772
anon92                                 4.72807
anon115                                4.66754
anon95                                 4.74825
anon117                                4.64736
anon98                                 4.76843
anon101                                 4.7886
anon119                                4.62719
anon121                                4.60701
anon104                                4.80878
anon107                                4.82896
anon123                                4.58684
anon110                                4.84914
anon125                                4.56666
anon127                                4.54649
anon128                                 4.3851
anon114                                4.40527
anon129                                4.36492
anon116                                4.42544
anon131                                4.34475
anon133                                4.32458
anon118                                4.44562
anon120                                4.46579
anon135                                4.30441
anon137                                4.28424
anon122                                4.48596
anon139                                4.26407
anon124                                4.50614
anon141                                 4.2439
anon126                                4.52631
anon143                                4.22373
anon144                                4.06238
anon130                                4.08254
anon145                                4.04221
anon147                                4.02204
anon132                                4.10271
anon134                                4.12288
anon149                                4.00187
anon151                                3.98171
anon136                                4.14305
anon138                                4.16322
anon153                                3.96154
anon155                                3.94137
anon140                                4.18339
anon157                                3.92121
anon142                                4.20356
anon159                                3.90104
anon160                                3.73972
anon146                                3.75989
anon161                                3.71956
anon163                                 3.6994
anon148                                3.78005
anon165                                3.67923
anon150                                3.80022
anon152                                3.82038
anon167                                3.65907
anon154                                3.84055
anon169                                3.63891
anon171                                3.61875
anon156                                3.86071
anon158                                3.88088
anon173                                3.59858
anon175                                3.57842
anon176                                3.41714
anon162                                 3.4373
anon177                                3.39698
anon164                                3.45746
anon179                                3.37682
anon181                                3.35666
anon166                                3.47762
anon168                                3.49778
anon183                                 3.3365
anon170                                3.51794
anon185                                3.31634
anon187                                3.29618
anon172                                 3.5381
anon174                                3.55826
anon189                                3.27602
anon191                                3.25586
anon192                                3.09461
anon193                                3.07445
anon178                                3.11476
anon195                                3.05429
anon180                                3.13492
anon182                                3.15508
anon197                                3.03414
anon184                                3.17523
anon199                                3.01398
anon201                                2.99383
anon186                                3.19539
anon188                                3.21555
anon203                                2.97367
anon190                                3.23571
anon205                                2.95352
anon207                                2.93336
anon208                                2.77213
anon209                                2.75198
anon194                                2.79228
anon211                                2.73182
anon196                                2.81244
anon198                                2.83259
anon213                                2.71167
anon215                                2.69152
anon200                                2.85274
anon202                                 2.8729
anon217                                2.67137
anon219                                2.65121
anon204                                2.89305
anon221                                2.63106
anon206                                2.91321
anon223                                2.61091
anon224                                 2.4497
anon210                                2.46985
anon225                                2.42955
anon227                                 2.4094
anon212                                   2.49
anon214                                2.51015
anon229                                2.38925
anon231                                 2.3691
anon216                                 2.5303
anon218                                2.55046
anon233                                2.34895
anon235                                 2.3288
anon220                                2.57061
anon237                                2.30865
anon222                                2.59076
anon239                                 2.2885
anon240                                2.12731
anon241                                2.10716
anon226                                2.14746
anon243                                2.08702
anon228                                2.16761
anon230                                2.18776
anon245                                2.06687
anon247                                2.04672
anon232                                2.20791
anon249                                2.02657
anon234                                2.22805
anon236                                 2.2482
anon251                                2.00643
anon253                                1.98628
anon238                                2.26835
anon255                                1.96613
anon256                                1.80496
anon242                                1.82511
anon257                                1.78482
anon244                                1.84525
anon259                                1.76467
anon261                                1.74452
anon246                                 1.8654
anon263                                1.72438
anon248                                1.88555
anon265                                1.70423
anon250                                1.90569
anon252                                1.92584
anon267                                1.68409
anon269                                1.66394
anon254                                1.94599
anon271                                 1.6438
anon272                                1.48264
anon273                                 1.4625
anon258                                1.50279
anon275                                1.44235
anon260                                1.52293
anon262                                1.54307
anon277                                1.42221
anon279                                1.40206
anon264                                1.56322
anon281                                1.38192
anon266                                1.58336
anon268                                1.60351
anon283                                1.36178
anon285                                1.34163
anon270                                1.62365
anon287                                1.32149
anon274                                1.18049
anon276                                1.20063
anon278                                1.22077
anon280                                1.24092
anon282                                1.26106
anon284                                 1.2812
anon286                                1.30135
outcap                            -4.23663e-08
vimeas#branch                     -4.01128e-05
vin#branch                         5.69257e-08
vgnd_logic#branch                 -4.46568e-05
vsup_drv#branch                    4.44525e-05
vsup_logic#branch                  2.03272e-07

 Reference value :  3.34595e-08
 Reference value :  1.45260e-07
 Reference value :  2.60460e-07
 Reference value :  3.49714e-07
 Reference value :  4.70114e-07
 Reference value :  5.85714e-07
No. of Data Rows : 7229
trise10_90          =  3.27596e-09 targ=  2.52393e-08 trig=  2.19633e-08
tfall10_90          =  3.31089e-09 targ=  3.26136e-07 trig=  3.22825e-07
tpdlh               =  2.78010e-09 targ=  2.32801e-08 trig=  2.05000e-08
tpdhl               =  2.82484e-09 targ=  3.24325e-07 trig=  3.21500e-07
lockout_at_in_high  =  6.68894e-07
vout_at_in_high     =  6.00000e+00
vdrv_at_in_high     =  6.00000e+00
m_trise_s = 3.2759630000e-09
m_tfall_s = 3.3108940000e-09
m_tpdlh_s = 2.7801040000e-09
m_tpdhl_s = 2.8248440000e-09
m_ipeak_source_a = 1.8787465956e+00
m_ipeak_sink_a = 1.6428204304e+00
m_vout_max_v = 6.0042288186e+00
m_vout_min_v = -2.486767119e-03
m_vin_max_v = 3.3000000000e+00
m_vin_min_v = 0.0000000000e+00
m_indrv_max_v = 6.0000987974e+00
m_indrv_min_v = -2.549990527e-04
m_n1_max_v = 6.0848561151e+00
m_n1_min_v = -3.643250776e-02
m_n2_max_v = 6.0669790498e+00
m_n2_min_v = -3.842846503e-02
m_n3_max_v = 6.0455165901e+00
m_n3_min_v = -2.601251300e-02
m_n4_max_v = 6.0421867838e+00
m_n4_min_v = -2.545831295e-02
m_n5_max_v = 6.0428581347e+00
m_n5_min_v = -2.522988063e-02
m_uvlo_lockout_at_in_high = 6.6889360000e-07
m_uvlo_vout_at_in_high_v = 6.0000010000e+00
m_uvlo_vdrv_at_in_high_v = 6.0000000000e+00
Note: Simulation executed from .control section 

Note: vimeas: has no value, DC 0 assumed
Warning: singular matrix:  check node anon293

Note: Starting dynamic gmin stepping
Warning: singular matrix:  check node anon293

Warning: Dynamic gmin stepping failed
Note: Starting true gmin stepping
Warning: singular matrix:  check node anon293

Warning: singular matrix:  check node anon293

Warning: singular matrix:  check node anon293

Warning: singular matrix:  check node anon293

Warning: True gmin stepping failed
Note: Starting source stepping
Warning: source stepping failed
Note: Transient op started
Note: Transient op finished successfully
