
Note: No compatibility mode selected!


Circuit: * gate-driver-core-drive-with-uvlo-postlayout @ ff_27c_vlogic3p63v-vdrv5p50v -- generated by sim/harness, do not edit

Doing analysis at TEMP = 27.000000 and TNOM = 27.000000

Using SPARSE 1.3 as Direct Linear Solver

Initial Transient Solution
--------------------------

Node                                   Voltage
----                                   -------
x1_inb                                    3.63
in                                           0
gnd_logic                                    0
x1_na                                  2.75972
x1_nb                              4.75365e-07
gnd_drv                             8.3631e-08
x2_n3                                      5.5
x2_n4                              4.92813e-08
x2_n5                                      5.5
out                                8.64914e-08
x3_lockout                         8.58929e-08
in_drv                            -3.93006e-08
x1_nbuf1                                   5.5
x1_ncb                            -2.40807e-07
x1_nca                                     5.5
vdd_logic                                 3.63
x2_n1                                      5.5
x2_n2                              4.42976e-08
x3_ncompn                                  5.5
x3_nref                               0.628365
x3_ntail                              0.356069
x3_ncompp                               4.6644
x3_ndiv                                1.06365
x3_uvlo_ok                             5.49992
vdd_drv                                    5.5
anon293                           -1.91219e-07
anon294                           -1.41067e-07
anon295                           -9.04093e-08
anon22                                 5.09403
anon23                                 4.68806
anon26                                 4.28209
anon27                                 3.87612
anon30                                 3.47015
anon31                                 3.06418
anon21                                 1.03433
anon24                                  1.4403
anon25                                 1.84627
anon28                                 2.25224
anon29                                 2.65821
anon32                                 5.22273
anon33                                 4.94545
anon34                                 4.66818
anon35                                 4.39091
anon36                                 4.11364
anon37                                 3.83636
anon38                                 3.55909
anon39                                 3.28182
anon40                                 1.34092
anon42                                 1.61819
anon44                                 1.89546
anon45                                 2.17273
anon46                                    2.45
anon47                                 2.72728
anon48                                 3.00455
anon49                                  5.4814
anon41                                  0.7091
anon50                                 5.46289
anon43                                 0.35455
anon51                                 5.44437
anon52                                 5.42586
anon53                                 5.40734
anon54                                 5.38883
anon55                                 5.37031
anon56                                  5.3518
anon57                                  5.2037
anon59                                 5.22221
anon60                                 5.24072
anon63                                 5.25924
anon65                                 5.27775
anon66                                 5.29626
anon69                                 5.31477
anon71                                 5.33329
anon58                                 5.18519
anon61                                 5.16668
anon62                                 5.14817
anon64                                 5.12966
anon67                                 5.11115
anon68                                 5.09264
anon70                                 5.07413
anon72                                 5.05562
anon73                                 4.90757
anon74                                 4.92608
anon76                                 4.94458
anon78                                 4.96309
anon81                                 4.98159
anon82                                  5.0001
anon84                                 5.01861
anon86                                 5.03712
anon75                                 4.88906
anon77                                 4.87056
anon79                                 4.85205
anon80                                 4.83355
anon83                                 4.81505
anon85                                 4.79654
anon87                                 4.77804
anon88                                 4.75954
anon89                                 4.61152
anon90                                 4.63002
anon91                                 4.59302
anon93                                 4.64852
anon94                                 4.57452
anon96                                 4.66703
anon97                                 4.55602
anon100                                4.68553
anon99                                 4.53752
anon102                                4.51902
anon103                                4.70403
anon105                                4.72253
anon106                                4.50053
anon108                                4.74103
anon109                                4.48203
anon111                                4.46353
anon112                                4.31555
anon113                                4.29706
anon92                                 4.33405
anon115                                4.27856
anon95                                 4.35255
anon117                                4.26007
anon98                                 4.37104
anon101                                4.38954
anon119                                4.24157
anon121                                4.22308
anon104                                4.40804
anon107                                4.42653
anon123                                4.20459
anon110                                4.44503
anon125                                4.18609
anon127                                 4.1676
anon128                                4.01966
anon114                                4.03815
anon129                                4.00117
anon116                                4.05664
anon131                                3.98268
anon133                                3.96419
anon118                                4.07513
anon120                                4.09363
anon135                                 3.9457
anon137                                3.92721
anon122                                4.11212
anon139                                3.90872
anon124                                4.13061
anon141                                3.89023
anon126                                 4.1491
anon143                                3.87174
anon144                                3.72383
anon130                                3.74232
anon145                                3.70535
anon147                                3.68686
anon132                                3.76081
anon134                                 3.7793
anon149                                3.66837
anon151                                3.64989
anon136                                3.79778
anon138                                3.81627
anon153                                 3.6314
anon155                                3.61291
anon140                                3.83476
anon157                                3.59443
anon142                                3.85325
anon159                                3.57594
anon160                                3.42807
anon146                                3.44655
anon161                                3.40959
anon163                                 3.3911
anon148                                3.46504
anon165                                3.37262
anon150                                3.48352
anon152                                  3.502
anon167                                3.35414
anon154                                3.52049
anon169                                3.33566
anon171                                3.31717
anon156                                3.53897
anon158                                3.55746
anon173                                3.29869
anon175                                3.28021
anon176                                3.13237
anon162                                3.15085
anon177                                3.11389
anon164                                3.16933
anon179                                3.09541
anon181                                3.07693
anon166                                3.18781
anon168                                3.20629
anon183                                3.05845
anon170                                3.22477
anon185                                3.03997
anon187                                3.02149
anon172                                3.24325
anon174                                3.26173
anon189                                3.00301
anon191                                2.98453
anon192                                2.83671
anon193                                2.81824
anon178                                2.85519
anon195                                2.79976
anon180                                2.87367
anon182                                2.89215
anon197                                2.78129
anon184                                2.91062
anon199                                2.76281
anon201                                2.74433
anon186                                 2.9291
anon188                                2.94758
anon203                                2.72586
anon190                                2.96606
anon205                                2.70738
anon207                                2.68891
anon208                                2.54111
anon209                                2.52264
anon194                                2.55959
anon211                                2.50417
anon196                                2.57806
anon198                                2.59653
anon213                                2.48569
anon215                                2.46722
anon200                                2.61501
anon202                                2.63348
anon217                                2.44875
anon219                                2.43027
anon204                                2.65196
anon221                                 2.4118
anon206                                2.67043
anon223                                2.39333
anon224                                2.24555
anon210                                2.26402
anon225                                2.22708
anon227                                2.20861
anon212                                 2.2825
anon214                                2.30097
anon229                                2.19014
anon231                                2.17167
anon216                                2.31944
anon218                                2.33791
anon233                                 2.1532
anon235                                2.13473
anon220                                2.35638
anon237                                2.11626
anon222                                2.37486
anon239                                2.09779
anon240                                1.95003
anon241                                1.93156
anon226                                 1.9685
anon243                                 1.9131
anon228                                1.98697
anon230                                2.00544
anon245                                1.89463
anon247                                1.87616
anon232                                2.02391
anon249                                1.85769
anon234                                2.04238
anon236                                2.06085
anon251                                1.83922
anon253                                1.82075
anon238                                2.07932
anon255                                1.80229
anon256                                1.65455
anon242                                1.67301
anon257                                1.63608
anon244                                1.69148
anon259                                1.61761
anon261                                1.59914
anon246                                1.70995
anon263                                1.58068
anon248                                1.72841
anon265                                1.56221
anon250                                1.74688
anon252                                1.76535
anon267                                1.54374
anon269                                1.52528
anon254                                1.78382
anon271                                1.50681
anon272                                1.35909
anon273                                1.34062
anon258                                1.37755
anon275                                1.32216
anon260                                1.39602
anon262                                1.41448
anon277                                1.30369
anon279                                1.28523
anon264                                1.43295
anon281                                1.26676
anon266                                1.45141
anon268                                1.46988
anon283                                 1.2483
anon285                                1.22983
anon270                                1.48835
anon287                                1.21137
anon274                                1.08211
anon276                                1.10058
anon278                                1.11904
anon280                                1.13751
anon282                                1.15597
anon284                                1.17444
anon286                                 1.1929
outcap                             8.64914e-08
vimeas#branch                       3.6612e-05
vin#branch                        -4.70069e-08
vgnd_logic#branch                  8.33838e-05
vsup_drv#branch                   -8.31529e-05
vsup_logic#branch                 -2.31764e-07

 Reference value :  3.71157e-08
 Reference value :  1.42716e-07
 Reference value :  2.62716e-07
 Reference value :  3.51127e-07
 Reference value :  4.65427e-07
 Reference value :  5.84527e-07
 Reference value :  6.99227e-07
No. of Data Rows : 7203
trise10_90          =  4.07014e-09 targ=  2.63666e-08 trig=  2.22965e-08
tfall10_90          =  3.98767e-09 targ=  3.27024e-07 trig=  3.23036e-07
tpdlh               =  3.36582e-09 targ=  2.38658e-08 trig=  2.05000e-08
tpdhl               =  3.27833e-09 targ=  3.24778e-07 trig=  3.21500e-07
lockout_at_in_high  =  1.71171e-06
vout_at_in_high     =  5.50000e+00
vdrv_at_in_high     =  5.50000e+00
m_trise_s = 4.0701380000e-09
m_tfall_s = 3.9876730000e-09
m_tpdlh_s = 3.3658200000e-09
m_tpdhl_s = 3.2783290000e-09
m_ipeak_source_a = 1.4565901309e+00
m_ipeak_sink_a = 1.2882497434e+00
m_vout_max_v = 5.5039659491e+00
m_vout_min_v = -2.335406224e-03
m_vin_max_v = 3.6300000000e+00
m_vin_min_v = 0.0000000000e+00
m_indrv_max_v = 5.5000809274e+00
m_indrv_min_v = -3.215279165e-04
m_n1_max_v = 5.5762394929e+00
m_n1_min_v = -3.633179853e-02
m_n2_max_v = 5.5658606964e+00
m_n2_min_v = -3.671075177e-02
m_n3_max_v = 5.5455295467e+00
m_n3_min_v = -2.562481243e-02
m_n4_max_v = 5.5426479746e+00
m_n4_min_v = -2.491475222e-02
m_n5_max_v = 5.5431622324e+00
m_n5_min_v = -2.459645864e-02
m_uvlo_lockout_at_in_high = 1.7117130000e-06
m_uvlo_vout_at_in_high_v = 5.5000020000e+00
m_uvlo_vdrv_at_in_high_v = 5.5000000000e+00
Note: Simulation executed from .control section 

Note: vimeas: has no value, DC 0 assumed
Warning: singular matrix:  check node anon295

Note: Starting dynamic gmin stepping
Warning: singular matrix:  check node anon293

Warning: Dynamic gmin stepping failed
Note: Starting true gmin stepping
Warning: singular matrix:  check node anon293

Warning: singular matrix:  check node anon293

Warning: singular matrix:  check node anon293

Warning: singular matrix:  check node anon293

Warning: True gmin stepping failed
Note: Starting source stepping
Warning: source stepping failed
Note: Transient op started
Note: Transient op finished successfully
