
Note: No compatibility mode selected!


Circuit: * gate-driver-core-drive-with-uvlo-postlayout @ fs_-40c_vlogic3p30v-vdrv6p00v -- generated by sim/harness, do not edit

Doing analysis at TEMP = -40.000000 and TNOM = 27.000000

Using SPARSE 1.3 as Direct Linear Solver

Initial Transient Solution
--------------------------

Node                                   Voltage
----                                   -------
x1_inb                                     3.3
in                                           0
gnd_logic                                    0
x1_na                                  2.37181
x1_nb                             -4.89995e-07
gnd_drv                           -5.05009e-08
x2_n3                                        6
x2_n4                             -3.16162e-09
x2_n5                                        6
out                               -4.78932e-08
x3_lockout                        -4.77741e-08
in_drv                            -7.13103e-08
x1_nbuf1                                     6
x1_ncb                             1.88068e-07
x1_nca                                       6
vdd_logic                                  3.3
x2_n1                                        6
x2_n2                             -1.91544e-10
x3_ncompn                                    6
x3_nref                               0.731767
x3_ntail                              0.350916
x3_ncompp                              4.84459
x3_ndiv                                1.16035
x3_uvlo_ok                             5.99992
vdd_drv                                      6
anon293                            1.22553e-07
anon294                            5.75193e-08
anon295                           -7.08484e-09
anon22                                 5.56098
anon23                                 5.12196
anon26                                 4.68294
anon27                                 4.24392
anon30                                  3.8049
anon31                                 3.36588
anon21                                 1.17079
anon24                                  1.6098
anon25                                 2.04882
anon28                                 2.48784
anon29                                 2.92686
anon32                                 5.69752
anon33                                 5.39504
anon34                                 5.09256
anon35                                 4.79008
anon36                                  4.4876
anon37                                 4.18512
anon38                                 3.88265
anon39                                 3.58017
anon40                                 1.46282
anon42                                  1.7653
anon44                                 2.06778
anon45                                 2.37026
anon46                                 2.67273
anon47                                 2.97521
anon48                                 3.27769
anon49                                 5.97972
anon41                                0.773564
anon50                                 5.95952
anon43                                0.386782
anon51                                 5.93932
anon52                                 5.91912
anon53                                 5.89892
anon54                                 5.87873
anon55                                 5.85853
anon56                                 5.83833
anon57                                 5.67677
anon59                                 5.69696
anon60                                 5.71716
anon63                                 5.73735
anon65                                 5.75755
anon66                                 5.77774
anon69                                 5.79794
anon71                                 5.81813
anon58                                 5.65658
anon61                                 5.63638
anon62                                 5.61619
anon64                                   5.596
anon67                                  5.5758
anon68                                 5.55561
anon70                                 5.53542
anon72                                 5.51523
anon73                                 5.35372
anon74                                  5.3739
anon76                                 5.39409
anon78                                 5.41428
anon81                                 5.43447
anon82                                 5.45466
anon84                                 5.47485
anon86                                 5.49504
anon75                                 5.33353
anon77                                 5.31334
anon79                                 5.29315
anon80                                 5.27297
anon83                                 5.25278
anon85                                  5.2326
anon87                                 5.21241
anon88                                 5.19223
anon89                                 5.03076
anon90                                 5.05094
anon91                                 5.01057
anon93                                 5.07112
anon94                                 4.99039
anon96                                  5.0913
anon97                                 4.97021
anon100                                5.11149
anon99                                 4.95003
anon102                                4.92985
anon103                                5.13167
anon105                                5.15186
anon106                                4.90967
anon108                                5.17204
anon109                                4.88949
anon111                                4.86931
anon112                                4.70788
anon113                                 4.6877
anon92                                 4.72806
anon115                                4.66753
anon95                                 4.74824
anon117                                4.64735
anon98                                 4.76841
anon101                                4.78859
anon119                                4.62717
anon121                                  4.607
anon104                                4.80877
anon107                                4.82895
anon123                                4.58682
anon110                                4.84913
anon125                                4.56665
anon127                                4.54647
anon128                                4.38509
anon114                                4.40526
anon129                                4.36491
anon116                                4.42543
anon131                                4.34474
anon133                                4.32457
anon118                                 4.4456
anon120                                4.46578
anon135                                 4.3044
anon137                                4.28423
anon122                                4.48595
anon139                                4.26406
anon124                                4.50612
anon141                                4.24389
anon126                                 4.5263
anon143                                4.22372
anon144                                4.06237
anon130                                4.08253
anon145                                 4.0422
anon147                                4.02203
anon132                                 4.1027
anon134                                4.12287
anon149                                4.00186
anon151                                 3.9817
anon136                                4.14304
anon138                                4.16321
anon153                                3.96153
anon155                                3.94136
anon140                                4.18338
anon157                                 3.9212
anon142                                4.20355
anon159                                3.90103
anon160                                3.73972
anon146                                3.75988
anon161                                3.71955
anon163                                3.69939
anon148                                3.78004
anon165                                3.67923
anon150                                3.80021
anon152                                3.82037
anon167                                3.65906
anon154                                3.84054
anon169                                 3.6389
anon171                                3.61874
anon156                                 3.8607
anon158                                3.88087
anon173                                3.59858
anon175                                3.57841
anon176                                3.41713
anon162                                3.43729
anon177                                3.39697
anon164                                3.45745
anon179                                3.37681
anon181                                3.35665
anon166                                3.47761
anon168                                3.49777
anon183                                3.33649
anon170                                3.51793
anon185                                3.31633
anon187                                3.29617
anon172                                3.53809
anon174                                3.55825
anon189                                3.27602
anon191                                3.25586
anon192                                 3.0946
anon193                                3.07444
anon178                                3.11476
anon195                                3.05429
anon180                                3.13491
anon182                                3.15507
anon197                                3.03413
anon184                                3.17523
anon199                                3.01398
anon201                                2.99382
anon186                                3.19538
anon188                                3.21554
anon203                                2.97367
anon190                                 3.2357
anon205                                2.95351
anon207                                2.93336
anon208                                2.77212
anon209                                2.75197
anon194                                2.79228
anon211                                2.73182
anon196                                2.81243
anon198                                2.83258
anon213                                2.71167
anon215                                2.69151
anon200                                2.85274
anon202                                2.87289
anon217                                2.67136
anon219                                2.65121
anon204                                2.89305
anon221                                2.63106
anon206                                 2.9132
anon223                                 2.6109
anon224                                 2.4497
anon210                                2.46985
anon225                                2.42955
anon227                                 2.4094
anon212                                   2.49
anon214                                2.51015
anon229                                2.38925
anon231                                 2.3691
anon216                                 2.5303
anon218                                2.55045
anon233                                2.34895
anon235                                 2.3288
anon220                                 2.5706
anon237                                2.30865
anon222                                2.59075
anon239                                 2.2885
anon240                                2.12731
anon241                                2.10716
anon226                                2.14746
anon243                                2.08701
anon228                                2.16761
anon230                                2.18775
anon245                                2.06687
anon247                                2.04672
anon232                                 2.2079
anon249                                2.02657
anon234                                2.22805
anon236                                 2.2482
anon251                                2.00642
anon253                                1.98628
anon238                                2.26835
anon255                                1.96613
anon256                                1.80496
anon242                                1.82511
anon257                                1.78481
anon244                                1.84525
anon259                                1.76467
anon261                                1.74452
anon246                                 1.8654
anon263                                1.72438
anon248                                1.88554
anon265                                1.70423
anon250                                1.90569
anon252                                1.92584
anon267                                1.68409
anon269                                1.66394
anon254                                1.94598
anon271                                 1.6438
anon272                                1.48264
anon273                                 1.4625
anon258                                1.50278
anon275                                1.44235
anon260                                1.52293
anon262                                1.54307
anon277                                1.42221
anon279                                1.40206
anon264                                1.56322
anon281                                1.38192
anon266                                1.58336
anon268                                1.60351
anon283                                1.36178
anon285                                1.34163
anon270                                1.62365
anon287                                1.32149
anon274                                1.18049
anon276                                1.20063
anon278                                1.22077
anon280                                1.24092
anon282                                1.26106
anon284                                 1.2812
anon286                                1.30135
outcap                            -4.78932e-08
vimeas#branch                      -4.2944e-05
vin#branch                         5.80139e-08
vgnd_logic#branch                 -5.02124e-05
vsup_drv#branch                    4.99729e-05
vsup_logic#branch                  2.38478e-07

 Reference value :  3.75730e-08
 Reference value :  1.48773e-07
 Reference value :  2.68673e-07
 Reference value :  3.66467e-07
 Reference value :  4.87167e-07
 Reference value :  6.07467e-07
No. of Data Rows : 7232
trise10_90          =  4.21189e-09 targ=  2.64774e-08 trig=  2.22655e-08
tfall10_90          =  3.46502e-09 targ=  3.26546e-07 trig=  3.23081e-07
tpdlh               =  3.47110e-09 targ=  2.39711e-08 trig=  2.05000e-08
tpdhl               =  3.15621e-09 targ=  3.24656e-07 trig=  3.21500e-07
lockout_at_in_high  =  3.65852e-06
vout_at_in_high     =  6.00000e+00
vdrv_at_in_high     =  6.00000e+00
m_trise_s = 4.2118880000e-09
m_tfall_s = 3.4650220000e-09
m_tpdlh_s = 3.4710970000e-09
m_tpdhl_s = 3.1562130000e-09
m_ipeak_source_a = 1.4562697158e+00
m_ipeak_sink_a = 1.5462094262e+00
m_vout_max_v = 6.0044761145e+00
m_vout_min_v = -3.342669007e-03
m_vin_max_v = 3.3000000000e+00
m_vin_min_v = 0.0000000000e+00
m_indrv_max_v = 6.0000915015e+00
m_indrv_min_v = -2.465244790e-03
m_n1_max_v = 6.0900956440e+00
m_n1_min_v = -4.500007056e-02
m_n2_max_v = 6.0674091821e+00
m_n2_min_v = -4.311796699e-02
m_n3_max_v = 6.0510419480e+00
m_n3_min_v = -2.886397834e-02
m_n4_max_v = 6.0491931159e+00
m_n4_min_v = -2.900802092e-02
m_n5_max_v = 6.0497819234e+00
m_n5_min_v = -2.929020128e-02
m_uvlo_lockout_at_in_high = 3.6585180000e-06
m_uvlo_vout_at_in_high_v = 6.0000030000e+00
m_uvlo_vdrv_at_in_high_v = 6.0000000000e+00
Note: Simulation executed from .control section 

Note: vimeas: has no value, DC 0 assumed
Warning: singular matrix:  check node anon293

Note: Starting dynamic gmin stepping
Warning: singular matrix:  check node anon293

Warning: Dynamic gmin stepping failed
Note: Starting true gmin stepping
Warning: singular matrix:  check node anon293

Warning: singular matrix:  check node anon293

Warning: singular matrix:  check node anon293

Warning: singular matrix:  check node anon293

Warning: True gmin stepping failed
Note: Starting source stepping
Warning: source stepping failed
Note: Transient op started
Note: Transient op finished successfully
