
Note: No compatibility mode selected!


Circuit: * gate-driver-core-drive-with-uvlo-postlayout @ fs_125c_vlogic3p30v-vdrv6p00v -- generated by sim/harness, do not edit

Doing analysis at TEMP = 125.000000 and TNOM = 27.000000

Using SPARSE 1.3 as Direct Linear Solver

Initial Transient Solution
--------------------------

Node                                   Voltage
----                                   -------
x1_inb                                     3.3
in                                           0
gnd_logic                                    0
x1_na                                  2.45795
x1_nb                             -8.63291e-08
gnd_drv                           -3.93583e-08
x2_n3                                        6
x2_n4                              4.97436e-09
x2_n5                                        6
out                                -3.4175e-08
x3_lockout                        -3.42889e-08
in_drv                              3.8975e-09
x1_nbuf1                                     6
x1_ncb                             4.00931e-09
x1_nca                                 5.99996
vdd_logic                                  3.3
x2_n1                                        6
x2_n2                              7.79562e-09
x3_ncompn                                    6
x3_nref                               0.578997
x3_ntail                              0.460201
x3_ncompp                                4.994
x3_ndiv                                1.16035
x3_uvlo_ok                             5.99986
vdd_drv                                      6
anon293                            2.79879e-09
anon294                            2.42406e-09
anon295                            2.81397e-09
anon22                                 5.54825
anon23                                  5.0965
anon26                                 4.64475
anon27                                   4.193
anon30                                 3.74124
anon31                                 3.28949
anon21                                 1.03075
anon24                                  1.4825
anon25                                 1.93424
anon28                                 2.38599
anon29                                 2.83774
anon32                                 5.69752
anon33                                 5.39504
anon34                                 5.09256
anon35                                 4.79008
anon36                                  4.4876
anon37                                 4.18512
anon38                                 3.88264
anon39                                 3.58017
anon40                                 1.46282
anon42                                  1.7653
anon44                                 2.06778
anon45                                 2.37025
anon46                                 2.67273
anon47                                 2.97521
anon48                                 3.27769
anon49                                 5.97966
anon41                                0.773563
anon50                                 5.95947
anon43                                0.386782
anon51                                 5.93927
anon52                                 5.91907
anon53                                 5.89887
anon54                                 5.87867
anon55                                 5.85848
anon56                                 5.83828
anon57                                 5.67672
anon59                                 5.69691
anon60                                 5.71711
anon63                                  5.7373
anon65                                  5.7575
anon66                                 5.77769
anon69                                 5.79789
anon71                                 5.81808
anon58                                 5.65653
anon61                                 5.63633
anon62                                 5.61614
anon64                                 5.59595
anon67                                 5.57576
anon68                                 5.55556
anon70                                 5.53537
anon72                                 5.51518
anon73                                 5.35367
anon74                                 5.37386
anon76                                 5.39405
anon78                                 5.41423
anon81                                 5.43442
anon82                                 5.45461
anon84                                  5.4748
anon86                                 5.49499
anon75                                 5.33348
anon77                                  5.3133
anon79                                 5.29311
anon80                                 5.27292
anon83                                 5.25274
anon85                                 5.23255
anon87                                 5.21237
anon88                                 5.19218
anon89                                 5.03071
anon90                                 5.05089
anon91                                 5.01053
anon93                                 5.07108
anon94                                 4.99035
anon96                                 5.09126
anon97                                 4.97017
anon100                                5.11144
anon99                                 4.94999
anon102                                4.92981
anon103                                5.13163
anon105                                5.15181
anon106                                4.90963
anon108                                  5.172
anon109                                4.88945
anon111                                4.86927
anon112                                4.70784
anon113                                4.68766
anon92                                 4.72802
anon115                                4.66749
anon95                                  4.7482
anon117                                4.64731
anon98                                 4.76837
anon101                                4.78855
anon119                                4.62714
anon121                                4.60696
anon104                                4.80873
anon107                                4.82891
anon123                                4.58679
anon110                                4.84909
anon125                                4.56661
anon127                                4.54644
anon128                                4.38505
anon114                                4.40522
anon129                                4.36488
anon116                                4.42539
anon131                                4.34471
anon133                                4.32453
anon118                                4.44557
anon120                                4.46574
anon135                                4.30436
anon137                                4.28419
anon122                                4.48591
anon139                                4.26402
anon124                                4.50609
anon141                                4.24385
anon126                                4.52626
anon143                                4.22368
anon144                                4.06233
anon130                                 4.0825
anon145                                4.04217
anon147                                  4.022
anon132                                4.10267
anon134                                4.12284
anon149                                4.00183
anon151                                3.98167
anon136                                4.14301
anon138                                4.16317
anon153                                 3.9615
anon155                                3.94133
anon140                                4.18334
anon157                                3.92117
anon142                                4.20351
anon159                                  3.901
anon160                                3.73969
anon146                                3.75985
anon161                                3.71952
anon163                                3.69936
anon148                                3.78001
anon165                                 3.6792
anon150                                3.80018
anon152                                3.82034
anon167                                3.65903
anon154                                3.84051
anon169                                3.63887
anon171                                3.61871
anon156                                3.86067
anon158                                3.88084
anon173                                3.59855
anon175                                3.57839
anon176                                 3.4171
anon162                                3.43726
anon177                                3.39694
anon164                                3.45742
anon179                                3.37678
anon181                                3.35663
anon166                                3.47758
anon168                                3.49774
anon183                                3.33647
anon170                                 3.5179
anon185                                3.31631
anon187                                3.29615
anon172                                3.53806
anon174                                3.55823
anon189                                3.27599
anon191                                3.25583
anon192                                3.09458
anon193                                3.07442
anon178                                3.11473
anon195                                3.05427
anon180                                3.13489
anon182                                3.15505
anon197                                3.03411
anon184                                 3.1752
anon199                                3.01396
anon201                                 2.9938
anon186                                3.19536
anon188                                3.21552
anon203                                2.97365
anon190                                3.23568
anon205                                2.95349
anon207                                2.93334
anon208                                2.77211
anon209                                2.75195
anon194                                2.79226
anon211                                 2.7318
anon196                                2.81241
anon198                                2.83257
anon213                                2.71165
anon215                                 2.6915
anon200                                2.85272
anon202                                2.87287
anon217                                2.67134
anon219                                2.65119
anon204                                2.89303
anon221                                2.63104
anon206                                2.91318
anon223                                2.61089
anon224                                2.44968
anon210                                2.46983
anon225                                2.42953
anon227                                2.40938
anon212                                2.48998
anon214                                2.51013
anon229                                2.38923
anon231                                2.36908
anon216                                2.53028
anon218                                2.55043
anon233                                2.34893
anon235                                2.32878
anon220                                2.57059
anon237                                2.30863
anon222                                2.59074
anon239                                2.28848
anon240                                 2.1273
anon241                                2.10715
anon226                                2.14745
anon243                                  2.087
anon228                                2.16759
anon230                                2.18774
anon245                                2.06686
anon247                                2.04671
anon232                                2.20789
anon249                                2.02656
anon234                                2.22804
anon236                                2.24819
anon251                                2.00641
anon253                                1.98627
anon238                                2.26834
anon255                                1.96612
anon256                                1.80495
anon242                                 1.8251
anon257                                1.78481
anon244                                1.84524
anon259                                1.76466
anon261                                1.74452
anon246                                1.86539
anon263                                1.72437
anon248                                1.88554
anon265                                1.70422
anon250                                1.90568
anon252                                1.92583
anon267                                1.68408
anon269                                1.66393
anon254                                1.94597
anon271                                1.64379
anon272                                1.48264
anon273                                1.46249
anon258                                1.50278
anon275                                1.44235
anon260                                1.52292
anon262                                1.54307
anon277                                 1.4222
anon279                                1.40206
anon264                                1.56321
anon281                                1.38192
anon266                                1.58336
anon268                                 1.6035
anon283                                1.36177
anon285                                1.34163
anon270                                1.62365
anon287                                1.32149
anon274                                1.18049
anon276                                1.20063
anon278                                1.22077
anon280                                1.24092
anon282                                1.26106
anon284                                 1.2812
anon286                                1.30134
outcap                             -3.4175e-08
vimeas#branch                     -3.87629e-05
vin#branch                          3.8754e-08
vgnd_logic#branch                 -3.91087e-05
vsup_drv#branch                    3.87344e-05
vsup_logic#branch                  3.73298e-07

 Reference value :  4.19120e-08
 Reference value :  1.45612e-07
 Reference value :  2.62512e-07
 Reference value :  3.61823e-07
 Reference value :  4.81423e-07
 Reference value :  6.00523e-07
No. of Data Rows : 7195
trise10_90          =  6.15249e-09 targ=  2.91309e-08 trig=  2.29785e-08
tfall10_90          =  5.08114e-09 targ=  3.28721e-07 trig=  3.23640e-07
tpdlh               =  4.78157e-09 targ=  2.52816e-08 trig=  2.05000e-08
tpdhl               =  4.27805e-09 targ=  3.25778e-07 trig=  3.21500e-07
lockout_at_in_high  =  -1.98381e-07
vout_at_in_high     =  6.00000e+00
vdrv_at_in_high     =  6.00000e+00
m_trise_s = 6.1524860000e-09
m_tfall_s = 5.0811430000e-09
m_tpdlh_s = 4.7815710000e-09
m_tpdhl_s = 4.2780510000e-09
m_ipeak_source_a = 1.0877888007e+00
m_ipeak_sink_a = 1.1550796616e+00
m_vout_max_v = 6.0037039462e+00
m_vout_min_v = -2.946341627e-03
m_vin_max_v = 3.3000000000e+00
m_vin_min_v = 0.0000000000e+00
m_indrv_max_v = 6.0002590720e+00
m_indrv_min_v = -4.708792173e-04
m_n1_max_v = 6.0741242098e+00
m_n1_min_v = -4.233654272e-02
m_n2_max_v = 6.0643041469e+00
m_n2_min_v = -4.304082603e-02
m_n3_max_v = 6.0459640739e+00
m_n3_min_v = -2.888557435e-02
m_n4_max_v = 6.0426335630e+00
m_n4_min_v = -2.815090401e-02
m_n5_max_v = 6.0430921582e+00
m_n5_min_v = -2.807477471e-02
m_uvlo_lockout_at_in_high = -1.983809000e-07
m_uvlo_vout_at_in_high_v = 5.9999980000e+00
m_uvlo_vdrv_at_in_high_v = 6.0000000000e+00
Note: Simulation executed from .control section 

Note: vimeas: has no value, DC 0 assumed
Warning: singular matrix:  check node anon295

Note: Starting dynamic gmin stepping
Warning: singular matrix:  check node anon293

Warning: Dynamic gmin stepping failed
Note: Starting true gmin stepping
Warning: singular matrix:  check node anon293

Warning: singular matrix:  check node anon293

Warning: singular matrix:  check node anon293

Warning: singular matrix:  check node anon293

Warning: True gmin stepping failed
Note: Starting source stepping
Warning: source stepping failed
Note: Transient op started
Note: Transient op finished successfully
