
Note: No compatibility mode selected!


Circuit: * gate-driver-core-drive-with-uvlo-postlayout @ fs_125c_vlogic3p30v-vdrv5p00v -- generated by sim/harness, do not edit

Doing analysis at TEMP = 125.000000 and TNOM = 27.000000

Using SPARSE 1.3 as Direct Linear Solver

Initial Transient Solution
--------------------------

Node                                   Voltage
----                                   -------
x1_inb                                     3.3
in                                           0
gnd_logic                                    0
x1_na                                  2.44066
x1_nb                              7.03096e-08
gnd_drv                            7.42243e-08
x2_n3                                        5
x2_n4                              4.55623e-08
x2_n5                                        5
out                                7.85443e-08
x3_lockout                         7.82411e-08
in_drv                             3.97357e-08
x1_nbuf1                                     5
x1_ncb                             4.27118e-10
x1_nca                                 4.99995
vdd_logic                                  3.3
x2_n1                                        5
x2_n2                              4.14826e-08
x3_ncompn                              4.99991
x3_nref                               0.564624
x3_ntail                              0.322512
x3_ncompp                               4.0261
x3_ndiv                               0.966954
x3_uvlo_ok                             4.99987
vdd_drv                                      5
anon293                            9.17966e-09
anon294                            1.86929e-08
anon295                            2.89004e-08
anon22                                 4.63038
anon23                                 4.26077
anon26                                 3.89115
anon27                                 3.52154
anon30                                 3.15192
anon31                                 2.78231
anon21                                0.934238
anon24                                 1.30385
anon25                                 1.67347
anon28                                 2.04308
anon29                                 2.41269
anon32                                 4.74793
anon33                                 4.49587
anon34                                  4.2438
anon35                                 3.99173
anon36                                 3.73967
anon37                                  3.4876
anon38                                 3.23554
anon39                                 2.98347
anon40                                 1.21902
anon42                                 1.47108
anon44                                 1.72315
anon45                                 1.97521
anon46                                 2.22728
anon47                                 2.47934
anon48                                 2.73141
anon49                                 4.98304
anon41                                0.644636
anon50                                  4.9662
anon43                                0.322318
anon51                                 4.94937
anon52                                 4.93254
anon53                                 4.91571
anon54                                 4.89888
anon55                                 4.88205
anon56                                 4.86522
anon57                                 4.73058
anon59                                 4.74741
anon60                                 4.76424
anon63                                 4.78107
anon65                                  4.7979
anon66                                 4.81473
anon69                                 4.83156
anon71                                 4.84839
anon58                                 4.71375
anon61                                 4.69693
anon62                                  4.6801
anon64                                 4.66327
anon67                                 4.64645
anon68                                 4.62962
anon70                                  4.6128
anon72                                 4.59597
anon73                                 4.46138
anon74                                  4.4782
anon76                                 4.49502
anon78                                 4.51185
anon81                                 4.52867
anon82                                  4.5455
anon84                                 4.56232
anon86                                 4.57914
anon75                                 4.44455
anon77                                 4.42773
anon79                                 4.41091
anon80                                 4.39409
anon83                                 4.37727
anon85                                 4.36044
anon87                                 4.34362
anon88                                  4.3268
anon89                                 4.19225
anon90                                 4.20906
anon91                                 4.17543
anon93                                 4.22588
anon94                                 4.15861
anon96                                  4.2427
anon97                                 4.14179
anon100                                4.25952
anon99                                 4.12498
anon102                                4.10816
anon103                                4.27634
anon105                                4.29316
anon106                                4.09134
anon108                                4.30998
anon109                                4.07452
anon111                                4.05771
anon112                                3.92319
anon113                                3.90637
anon92                                    3.94
anon115                                3.88956
anon95                                 3.95682
anon117                                3.87275
anon98                                 3.97363
anon101                                3.99045
anon119                                3.85593
anon121                                3.83912
anon104                                4.00726
anon107                                4.02408
anon123                                3.82231
anon110                                4.04089
anon125                                 3.8055
anon127                                3.78868
anon128                                 3.6542
anon114                                3.67101
anon129                                3.63739
anon116                                3.68782
anon131                                3.62058
anon133                                3.60377
anon118                                3.70463
anon120                                3.72144
anon135                                3.58696
anon137                                3.57015
anon122                                3.73825
anon139                                3.55334
anon124                                3.75506
anon141                                3.53653
anon126                                3.77187
anon143                                3.51972
anon144                                3.38527
anon130                                3.40207
anon145                                3.36846
anon147                                3.35166
anon132                                3.41888
anon134                                3.43569
anon149                                3.33485
anon151                                3.31804
anon136                                3.45249
anon138                                 3.4693
anon153                                3.30124
anon155                                3.28443
anon140                                3.48611
anon157                                3.26763
anon142                                3.50292
anon159                                3.25082
anon160                                 3.1164
anon146                                 3.1332
anon161                                3.09959
anon163                                3.08279
anon148                                   3.15
anon165                                3.06599
anon150                                3.16681
anon152                                3.18361
anon167                                3.04919
anon154                                3.20041
anon169                                3.03238
anon171                                3.01558
anon156                                3.21722
anon158                                3.23402
anon173                                2.99878
anon175                                2.98198
anon176                                2.84758
anon162                                2.86438
anon177                                2.83078
anon164                                2.88118
anon179                                2.81398
anon181                                2.79718
anon166                                2.89798
anon168                                2.91478
anon183                                2.78038
anon170                                2.93158
anon185                                2.76358
anon187                                2.74678
anon172                                2.94838
anon174                                2.96518
anon189                                2.72999
anon191                                2.71319
anon192                                2.57881
anon193                                2.56201
anon178                                 2.5956
anon195                                2.54522
anon180                                 2.6124
anon182                                 2.6292
anon197                                2.52842
anon184                                  2.646
anon199                                2.51162
anon201                                2.49483
anon186                                2.66279
anon188                                2.67959
anon203                                2.47803
anon190                                2.69639
anon205                                2.46124
anon207                                2.44444
anon208                                2.31008
anon209                                2.29329
anon194                                2.32688
anon211                                2.27649
anon196                                2.34367
anon198                                2.36047
anon213                                 2.2597
anon215                                2.24291
anon200                                2.37726
anon202                                2.39405
anon217                                2.22611
anon219                                2.20932
anon204                                2.41085
anon221                                2.19253
anon206                                2.42764
anon223                                2.17573
anon224                                 2.0414
anon210                                2.05819
anon225                                 2.0246
anon227                                2.00781
anon212                                2.07498
anon214                                2.09177
anon229                                1.99102
anon231                                1.97423
anon216                                2.10856
anon218                                2.12536
anon233                                1.95744
anon235                                1.94065
anon220                                2.14215
anon237                                1.92386
anon222                                2.15894
anon239                                1.90707
anon240                                1.77274
anon241                                1.75596
anon226                                1.78953
anon243                                1.73917
anon228                                1.80632
anon230                                1.82311
anon245                                1.72238
anon247                                1.70559
anon232                                 1.8399
anon249                                 1.6888
anon234                                 1.8567
anon236                                1.87349
anon251                                1.67201
anon253                                1.65522
anon238                                1.89028
anon255                                1.63843
anon256                                1.50412
anon242                                1.52091
anon257                                1.48734
anon244                                 1.5377
anon259                                1.47055
anon261                                1.45376
anon246                                1.55449
anon263                                1.43697
anon248                                1.57128
anon265                                1.42019
anon250                                1.58806
anon252                                1.60485
anon267                                 1.4034
anon269                                1.38661
anon254                                1.62164
anon271                                1.36982
anon272                                1.23553
anon273                                1.21874
anon258                                1.25231
anon275                                1.20196
anon260                                 1.2691
anon262                                1.28589
anon277                                1.18517
anon279                                1.16838
anon264                                1.30268
anon281                                 1.1516
anon266                                1.31946
anon268                                1.33625
anon283                                1.13481
anon285                                1.11802
anon270                                1.35304
anon287                                1.10124
anon274                               0.983739
anon276                                1.00052
anon278                                1.01731
anon280                                 1.0341
anon282                                1.05088
anon284                                1.06767
anon286                                1.08445
outcap                             7.85443e-08
vimeas#branch                      3.27532e-05
vin#branch                        -3.21344e-08
vgnd_logic#branch                  7.40594e-05
vsup_drv#branch                   -7.37234e-05
vsup_logic#branch                 -3.36795e-07

 Reference value :  3.67449e-08
 Reference value :  1.33445e-07
 Reference value :  2.50145e-07
 Reference value :  3.52889e-07
 Reference value :  4.62189e-07
 Reference value :  5.81489e-07
No. of Data Rows : 7189
trise10_90          =  7.08193e-09 targ=  3.04560e-08 trig=  2.33741e-08
tfall10_90          =  5.37973e-09 targ=  3.29224e-07 trig=  3.23845e-07
tpdlh               =  5.55261e-09 targ=  2.60526e-08 trig=  2.05000e-08
tpdhl               =  4.60396e-09 targ=  3.26104e-07 trig=  3.21500e-07
lockout_at_in_high  =  -6.97751e-08
vout_at_in_high     =  5.00000e+00
vdrv_at_in_high     =  5.00000e+00
m_trise_s = 7.0819260000e-09
m_tfall_s = 5.3797320000e-09
m_tpdlh_s = 5.5526110000e-09
m_tpdhl_s = 4.6039570000e-09
m_ipeak_source_a = 7.7862810158e-01
m_ipeak_sink_a = 9.0958866978e-01
m_vout_max_v = 5.0036412291e+00
m_vout_min_v = -2.920990638e-03
m_vin_max_v = 3.3000000000e+00
m_vin_min_v = 0.0000000000e+00
m_indrv_max_v = 5.0006494318e+00
m_indrv_min_v = -3.926414477e-03
m_n1_max_v = 5.0744628310e+00
m_n1_min_v = -4.369666232e-02
m_n2_max_v = 5.0604895269e+00
m_n2_min_v = -4.012113123e-02
m_n3_max_v = 5.0459241181e+00
m_n3_min_v = -2.779375818e-02
m_n4_max_v = 5.0438410589e+00
m_n4_min_v = -2.763713700e-02
m_n5_max_v = 5.0454759756e+00
m_n5_min_v = -2.765952883e-02
m_uvlo_lockout_at_in_high = -6.977512000e-08
m_uvlo_vout_at_in_high_v = 4.9999980000e+00
m_uvlo_vdrv_at_in_high_v = 5.0000000000e+00
Note: Simulation executed from .control section 

Note: vimeas: has no value, DC 0 assumed
Warning: singular matrix:  check node anon295

Note: Starting dynamic gmin stepping
Warning: singular matrix:  check node anon293

Warning: Dynamic gmin stepping failed
Note: Starting true gmin stepping
Warning: singular matrix:  check node anon293

Warning: singular matrix:  check node anon293

Warning: singular matrix:  check node anon293

Warning: singular matrix:  check node anon293

Warning: True gmin stepping failed
Note: Starting source stepping
Warning: source stepping failed
Note: Transient op started
Note: Transient op finished successfully
