
Note: No compatibility mode selected!


Circuit: * gate-driver-core-drive-with-uvlo-postlayout @ sf_-40c_vlogic2p97v-vdrv4p50v -- generated by sim/harness, do not edit

Doing analysis at TEMP = -40.000000 and TNOM = 27.000000

Using SPARSE 1.3 as Direct Linear Solver

Initial Transient Solution
--------------------------

Node                                   Voltage
----                                   -------
x1_inb                                    2.97
in                                           0
gnd_logic                                    0
x1_na                                  1.89665
x1_nb                              -3.0677e-07
gnd_drv                           -3.93684e-08
x2_n3                                      4.5
x2_n4                             -6.77385e-09
x2_n5                                      4.5
out                               -3.50297e-08
x3_lockout                                 4.5
in_drv                             3.01285e-08
x1_nbuf1                                   4.5
x1_ncb                             1.27201e-07
x1_nca                                     4.5
vdd_logic                                 2.97
x2_n1                                      4.5
x2_n2                             -4.39246e-09
x3_ncompn                             0.229948
x3_nref                               0.910387
x3_ntail                             0.0238632
x3_ncompp                              3.66083
x3_ndiv                               0.824918
x3_uvlo_ok                         1.34497e-05
vdd_drv                                    4.5
anon293                            1.02242e-07
anon294                            7.77782e-08
anon295                            5.37574e-08
anon22                                 4.20086
anon23                                 3.90173
anon26                                 3.60259
anon27                                 3.30346
anon30                                 3.00432
anon31                                 2.70519
anon21                                 1.20952
anon24                                 1.50865
anon25                                 1.80779
anon28                                 2.10692
anon29                                 2.40606
anon32                                 4.27031
anon33                                 4.04061
anon34                                 3.81092
anon35                                 3.58123
anon36                                 3.35153
anon37                                 3.12184
anon38                                 2.89215
anon39                                 2.66245
anon40                                 1.05461
anon42                                  1.2843
anon44                                 1.51399
anon45                                 1.74369
anon46                                 1.97338
anon47                                 2.20307
anon48                                 2.43276
anon49                              0.00344835
anon41                                0.549945
anon50                              0.00688326
anon43                                0.274973
anon51                               0.0103182
anon52                               0.0137531
anon53                                0.017188
anon54                               0.0206229
anon55                               0.0240578
anon56                               0.0274927
anon57                               0.0549721
anon59                               0.0515371
anon60                               0.0481022
anon63                               0.0446673
anon65                               0.0412324
anon66                               0.0377975
anon69                               0.0343625
anon71                               0.0309276
anon58                                0.058407
anon61                                0.061842
anon62                               0.0652769
anon64                               0.0687118
anon67                               0.0721468
anon68                               0.0755818
anon70                               0.0790167
anon72                               0.0824517
anon73                                0.109932
anon74                                0.106497
anon76                                0.103062
anon78                               0.0996266
anon81                               0.0961916
anon82                               0.0927566
anon84                               0.0893216
anon86                               0.0858867
anon75                                0.113367
anon77                                0.116802
anon79                                0.120237
anon80                                0.123672
anon83                                0.127107
anon85                                0.130542
anon87                                0.133977
anon88                                0.137412
anon89                                0.164893
anon90                                0.161458
anon91                                0.168328
anon93                                0.158023
anon94                                0.171763
anon96                                0.154588
anon97                                0.175199
anon100                               0.151153
anon99                                0.178634
anon102                               0.182069
anon103                               0.147717
anon105                               0.144282
anon106                               0.185504
anon108                               0.140847
anon109                                0.18894
anon111                               0.192375
anon112                               0.219857
anon113                               0.223293
anon92                                0.216422
anon115                               0.226728
anon95                                0.212987
anon117                               0.230164
anon98                                0.209551
anon101                               0.206116
anon119                               0.233599
anon121                               0.237034
anon104                               0.202681
anon107                               0.199245
anon123                                0.24047
anon110                                0.19581
anon125                               0.243905
anon127                               0.247341
anon128                               0.274825
anon114                                0.27139
anon129                               0.278261
anon116                               0.267954
anon131                               0.281697
anon133                               0.285132
anon118                               0.264519
anon120                               0.261083
anon135                               0.288568
anon137                               0.292004
anon122                               0.257647
anon139                                0.29544
anon124                               0.254212
anon141                               0.298875
anon126                               0.250776
anon143                               0.302311
anon144                               0.329798
anon130                               0.326362
anon145                               0.333234
anon147                                0.33667
anon132                               0.322926
anon134                                0.31949
anon149                               0.340106
anon151                               0.343542
anon136                               0.316054
anon138                               0.312619
anon153                               0.346978
anon155                               0.350414
anon140                               0.309183
anon157                                0.35385
anon142                               0.305747
anon159                               0.357286
anon160                               0.384776
anon146                                0.38134
anon161                               0.388213
anon163                               0.391649
anon148                               0.377904
anon165                               0.395086
anon150                               0.374467
anon152                               0.371031
anon167                               0.398522
anon154                               0.367595
anon169                               0.401958
anon171                               0.405395
anon156                               0.364159
anon158                               0.360723
anon173                               0.408831
anon175                               0.412268
anon176                               0.439761
anon162                               0.436325
anon177                               0.443198
anon164                               0.432888
anon179                               0.446635
anon181                               0.450072
anon166                               0.429451
anon168                               0.426014
anon183                               0.453509
anon170                               0.422578
anon185                               0.456946
anon187                               0.460383
anon172                               0.419141
anon174                               0.415705
anon189                               0.463819
anon191                               0.467256
anon192                               0.494754
anon193                               0.498191
anon178                               0.491316
anon195                               0.501628
anon180                               0.487879
anon182                               0.484442
anon197                               0.505066
anon184                               0.481005
anon199                               0.508503
anon201                                0.51194
anon186                               0.477568
anon188                               0.474131
anon203                               0.515378
anon190                               0.470694
anon205                               0.518815
anon207                               0.522253
anon208                               0.549755
anon209                               0.553192
anon194                               0.546317
anon211                                0.55663
anon196                               0.542879
anon198                               0.539441
anon213                               0.560068
anon215                               0.563506
anon200                               0.536003
anon202                               0.532566
anon217                               0.566944
anon219                               0.570382
anon204                               0.529128
anon221                                0.57382
anon206                               0.525691
anon223                               0.577258
anon224                               0.604765
anon210                               0.601326
anon225                               0.608203
anon227                               0.611642
anon212                               0.597888
anon214                                0.59445
anon229                                0.61508
anon231                               0.618519
anon216                               0.591011
anon218                               0.587573
anon233                               0.621958
anon235                               0.625396
anon220                               0.584135
anon237                               0.628835
anon222                               0.580697
anon239                               0.632274
anon240                               0.659785
anon241                               0.663224
anon226                               0.656346
anon243                               0.666664
anon228                               0.652907
anon230                               0.649468
anon245                               0.670103
anon247                               0.673542
anon232                               0.646029
anon249                               0.676981
anon234                                0.64259
anon236                               0.639151
anon251                               0.680421
anon253                                0.68386
anon238                               0.635712
anon255                                 0.6873
anon256                               0.714817
anon242                               0.711377
anon257                               0.718257
anon244                               0.707937
anon259                               0.721697
anon261                               0.725137
anon246                               0.704498
anon263                               0.728577
anon248                               0.701058
anon265                               0.732017
anon250                               0.697618
anon252                               0.694179
anon267                               0.735457
anon269                               0.738897
anon254                               0.690739
anon271                               0.742338
anon272                               0.769861
anon273                               0.773302
anon258                               0.766421
anon275                               0.776743
anon260                                0.76298
anon262                               0.759539
anon277                               0.780183
anon279                               0.783624
anon264                               0.756099
anon281                               0.787065
anon266                               0.752659
anon268                               0.749218
anon283                               0.790506
anon285                               0.793947
anon270                               0.745778
anon287                               0.797388
anon274                               0.821477
anon276                               0.818035
anon278                               0.814594
anon280                               0.811153
anon282                               0.807711
anon284                                0.80427
anon286                               0.800829
outcap                            -3.50297e-08
vimeas#branch                     -2.42778e-05
vin#branch                         3.59778e-08
vgnd_logic#branch                 -3.91905e-05
vsup_drv#branch                    3.89358e-05
vsup_logic#branch                   2.5442e-07

 Reference value :  2.82986e-08
 Reference value :  1.33699e-07
 Reference value :  2.52899e-07
 Reference value :  3.48353e-07
 Reference value :  4.67253e-07
 Reference value :  5.84753e-07
No. of Data Rows : 7214
trise10_90          =  8.35688e-10 targ=  2.30449e-08 trig=  2.22093e-08
tfall10_90          =  5.09014e-10 targ=  3.23233e-07 trig=  3.22724e-07
tpdlh               =  1.92514e-09 targ=  2.24251e-08 trig=  2.05000e-08
tpdhl               =  1.38765e-09 targ=  3.22888e-07 trig=  3.21500e-07
lockout_at_in_high  =  4.50001e+00
vout_at_in_high     =  3.33377e-01
vdrv_at_in_high     =  4.50000e+00
m_trise_s = 8.3568800000e-10
m_tfall_s = 5.0901410000e-10
m_tpdlh_s = 1.9251400000e-09
m_tpdhl_s = 1.3876550000e-09
m_ipeak_source_a = 6.9385502079e-01
m_ipeak_sink_a = 9.1898715459e-01
m_vout_max_v = 3.3420365004e-01
m_vout_min_v = -2.288954441e-03
m_vin_max_v = 2.9700000000e+00
m_vin_min_v = 0.0000000000e+00
m_indrv_max_v = 4.5253785812e+00
m_indrv_min_v = -1.064805569e-02
m_n1_max_v = 4.6035525432e+00
m_n1_min_v = -4.539094519e-02
m_n2_max_v = 4.5727894277e+00
m_n2_min_v = -3.482434598e-02
m_n3_max_v = 4.5535682763e+00
m_n3_min_v = -2.732888213e-02
m_n4_max_v = 4.5527759926e+00
m_n4_min_v = -2.840801991e-02
m_n5_max_v = 4.5541660255e+00
m_n5_min_v = -2.849216059e-02
m_uvlo_lockout_at_in_high = 4.5000070000e+00
m_uvlo_vout_at_in_high_v = 3.3337730000e-01
m_uvlo_vdrv_at_in_high_v = 4.5000000000e+00
Note: Simulation executed from .control section 

Note: vimeas: has no value, DC 0 assumed
Warning: singular matrix:  check node anon293

Note: Starting dynamic gmin stepping
Warning: singular matrix:  check node anon293

Warning: Dynamic gmin stepping failed
Note: Starting true gmin stepping
Warning: singular matrix:  check node anon293

Warning: singular matrix:  check node anon293

Warning: singular matrix:  check node anon293

Warning: singular matrix:  check node anon293

Warning: True gmin stepping failed
Note: Starting source stepping
Warning: source stepping failed
Note: Transient op started
Note: Transient op finished successfully
