
Note: No compatibility mode selected!


Circuit: * gate-driver-core-drive-with-uvlo-postlayout @ sf_125c_vlogic3p63v-vdrv5p50v -- generated by sim/harness, do not edit

Doing analysis at TEMP = 125.000000 and TNOM = 27.000000

Using SPARSE 1.3 as Direct Linear Solver

Initial Transient Solution
--------------------------

Node                                   Voltage
----                                   -------
x1_inb                                    3.63
in                                           0
gnd_logic                                    0
x1_na                                  2.65334
x1_nb                              1.11844e-08
gnd_drv                           -3.66275e-08
x2_n3                                      5.5
x2_n4                              1.77248e-08
x2_n5                                      5.5
out                               -1.44992e-08
x3_lockout                        -1.63239e-08
in_drv                            -1.52942e-08
x1_nbuf1                                   5.5
x1_ncb                            -4.56535e-08
x1_nca                                     5.5
vdd_logic                                 3.63
x2_n1                                      5.5
x2_n2                              2.03447e-08
x3_ncompn                              5.49903
x3_nref                               0.768467
x3_ntail                              0.242906
x3_ncompp                              4.72944
x3_ndiv                                1.06365
x3_uvlo_ok                             5.49989
vdd_drv                                    5.5
anon293                           -3.94232e-08
anon294                           -3.22314e-08
anon295                           -2.41609e-08
anon22                                  5.1057
anon23                                 4.71141
anon26                                 4.31711
anon27                                 3.92282
anon30                                 3.52852
anon31                                 3.13423
anon21                                 1.16276
anon24                                 1.55705
anon25                                 1.95135
anon28                                 2.34564
anon29                                 2.73994
anon32                                 5.22273
anon33                                 4.94545
anon34                                 4.66818
anon35                                 4.39091
anon36                                 4.11364
anon37                                 3.83636
anon38                                 3.55909
anon39                                 3.28182
anon40                                 1.34092
anon42                                 1.61819
anon44                                 1.89546
anon45                                 2.17273
anon46                                    2.45
anon47                                 2.72728
anon48                                 3.00455
anon49                                 5.48138
anon41                                  0.7091
anon50                                 5.46286
anon43                                 0.35455
anon51                                 5.44435
anon52                                 5.42583
anon53                                 5.40732
anon54                                  5.3888
anon55                                 5.37029
anon56                                 5.35177
anon57                                 5.20368
anon59                                 5.22219
anon60                                  5.2407
anon63                                 5.25921
anon65                                 5.27772
anon66                                 5.29623
anon69                                 5.31475
anon71                                 5.33326
anon58                                 5.18517
anon61                                 5.16665
anon62                                 5.14814
anon64                                 5.12964
anon67                                 5.11113
anon68                                 5.09262
anon70                                 5.07411
anon72                                  5.0556
anon73                                 4.90755
anon74                                 4.92605
anon76                                 4.94456
anon78                                 4.96306
anon81                                 4.98157
anon82                                 5.00008
anon84                                 5.01858
anon86                                 5.03709
anon75                                 4.88904
anon77                                 4.87054
anon79                                 4.85203
anon80                                 4.83353
anon83                                 4.81502
anon85                                 4.79652
anon87                                 4.77802
anon88                                 4.75951
anon89                                  4.6115
anon90                                    4.63
anon91                                   4.593
anon93                                  4.6485
anon94                                  4.5745
anon96                                   4.667
anon97                                   4.556
anon100                                 4.6855
anon99                                  4.5375
anon102                                  4.519
anon103                                4.70401
anon105                                4.72251
anon106                                 4.5005
anon108                                4.74101
anon109                                4.48201
anon111                                4.46351
anon112                                4.31553
anon113                                4.29704
anon92                                 4.33403
anon115                                4.27854
anon95                                 4.35253
anon117                                4.26005
anon98                                 4.37102
anon101                                4.38952
anon119                                4.24155
anon121                                4.22306
anon104                                4.40802
anon107                                4.42651
anon123                                4.20457
anon110                                4.44501
anon125                                4.18607
anon127                                4.16758
anon128                                4.01964
anon114                                4.03813
anon129                                4.00115
anon116                                4.05662
anon131                                3.98266
anon133                                3.96417
anon118                                4.07512
anon120                                4.09361
anon135                                3.94568
anon137                                3.92719
anon122                                 4.1121
anon139                                 3.9087
anon124                                4.13059
anon141                                3.89021
anon126                                4.14909
anon143                                3.87172
anon144                                3.72382
anon130                                 3.7423
anon145                                3.70533
anon147                                3.68684
anon132                                3.76079
anon134                                3.77928
anon149                                3.66836
anon151                                3.64987
anon136                                3.79777
anon138                                3.81625
anon153                                3.63138
anon155                                 3.6129
anon140                                3.83474
anon157                                3.59441
anon142                                3.85323
anon159                                3.57593
anon160                                3.42806
anon146                                3.44654
anon161                                3.40957
anon163                                3.39109
anon148                                3.46502
anon165                                3.37261
anon150                                3.48351
anon152                                3.50199
anon167                                3.35412
anon154                                3.52047
anon169                                3.33564
anon171                                3.31716
anon156                                3.53896
anon158                                3.55744
anon173                                3.29868
anon175                                 3.2802
anon176                                3.13235
anon162                                3.15083
anon177                                3.11387
anon164                                3.16931
anon179                                3.09539
anon181                                3.07691
anon166                                3.18779
anon168                                3.20627
anon183                                3.05844
anon170                                3.22475
anon185                                3.03996
anon187                                3.02148
anon172                                3.24323
anon174                                3.26172
anon189                                  3.003
anon191                                2.98452
anon192                                 2.8367
anon193                                2.81823
anon178                                2.85518
anon195                                2.79975
anon180                                2.87366
anon182                                2.89213
anon197                                2.78128
anon184                                2.91061
anon199                                 2.7628
anon201                                2.74432
anon186                                2.92909
anon188                                2.94757
anon203                                2.72585
anon190                                2.96604
anon205                                2.70737
anon207                                 2.6889
anon208                                 2.5411
anon209                                2.52263
anon194                                2.55958
anon211                                2.50416
anon196                                2.57805
anon198                                2.59652
anon213                                2.48568
anon215                                2.46721
anon200                                  2.615
anon202                                2.63347
anon217                                2.44874
anon219                                2.43026
anon204                                2.65195
anon221                                2.41179
anon206                                2.67042
anon223                                2.39332
anon224                                2.24555
anon210                                2.26402
anon225                                2.22708
anon227                                 2.2086
anon212                                2.28249
anon214                                2.30096
anon229                                2.19013
anon231                                2.17166
anon216                                2.31943
anon218                                 2.3379
anon233                                2.15319
anon235                                2.13472
anon220                                2.35638
anon237                                2.11625
anon222                                2.37485
anon239                                2.09778
anon240                                1.95003
anon241                                1.93156
anon226                                 1.9685
anon243                                1.91309
anon228                                1.98697
anon230                                2.00543
anon245                                1.89462
anon247                                1.87615
anon232                                 2.0239
anon249                                1.85768
anon234                                2.04237
anon236                                2.06084
anon251                                1.83922
anon253                                1.82075
anon238                                2.07931
anon255                                1.80228
anon256                                1.65454
anon242                                1.67301
anon257                                1.63607
anon244                                1.69148
anon259                                1.61761
anon261                                1.59914
anon246                                1.70994
anon263                                1.58067
anon248                                1.72841
anon265                                1.56221
anon250                                1.74688
anon252                                1.76535
anon267                                1.54374
anon269                                1.52528
anon254                                1.78381
anon271                                1.50681
anon272                                1.35908
anon273                                1.34062
anon258                                1.37755
anon275                                1.32215
anon260                                1.39601
anon262                                1.41448
anon277                                1.30369
anon279                                1.28522
anon264                                1.43295
anon281                                1.26676
anon266                                1.45141
anon268                                1.46988
anon283                                1.24829
anon285                                1.22983
anon270                                1.48834
anon287                                1.21136
anon274                                1.08211
anon276                                1.10058
anon278                                1.11904
anon280                                1.13751
anon282                                1.15597
anon284                                1.17444
anon286                                 1.1929
outcap                            -1.44992e-08
vimeas#branch                     -3.42433e-05
vin#branch                         3.46542e-08
vgnd_logic#branch                 -3.64346e-05
vsup_drv#branch                    3.60675e-05
vsup_logic#branch                  3.66138e-07

 Reference value :  4.03739e-08
 Reference value :  1.57474e-07
 Reference value :  2.76874e-07
 Reference value :  3.76005e-07
 Reference value :  4.87405e-07
 Reference value :  6.05705e-07
No. of Data Rows : 7190
trise10_90          =  5.13999e-09 targ=  2.82007e-08 trig=  2.30607e-08
tfall10_90          =  6.45786e-09 targ=  3.30203e-07 trig=  3.23745e-07
tpdlh               =  4.47569e-09 targ=  2.49757e-08 trig=  2.05000e-08
tpdhl               =  4.99853e-09 targ=  3.26499e-07 trig=  3.21500e-07
lockout_at_in_high  =  -5.56191e-07
vout_at_in_high     =  5.50000e+00
vdrv_at_in_high     =  5.50000e+00
m_trise_s = 5.1399850000e-09
m_tfall_s = 6.4578610000e-09
m_tpdlh_s = 4.4756930000e-09
m_tpdhl_s = 4.9985330000e-09
m_ipeak_source_a = 1.2007662501e+00
m_ipeak_sink_a = 8.2166831095e-01
m_vout_max_v = 5.5049730753e+00
m_vout_min_v = -2.314435648e-03
m_vin_max_v = 3.6300000000e+00
m_vin_min_v = 0.0000000000e+00
m_indrv_max_v = 5.5016185407e+00
m_indrv_min_v = -6.039894068e-04
m_n1_max_v = 5.5965697196e+00
m_n1_min_v = -3.976772165e-02
m_n2_max_v = 5.5789183603e+00
m_n2_min_v = -3.696745664e-02
m_n3_max_v = 5.5524131975e+00
m_n3_min_v = -2.807965451e-02
m_n4_max_v = 5.5494119213e+00
m_n4_min_v = -2.696286869e-02
m_n5_max_v = 5.5508932644e+00
m_n5_min_v = -2.682157809e-02
m_uvlo_lockout_at_in_high = -5.561908000e-07
m_uvlo_vout_at_in_high_v = 5.4999990000e+00
m_uvlo_vdrv_at_in_high_v = 5.5000000000e+00
Note: Simulation executed from .control section 

Note: vimeas: has no value, DC 0 assumed
Warning: singular matrix:  check node anon295

Note: Starting dynamic gmin stepping
Warning: singular matrix:  check node anon293

Warning: Dynamic gmin stepping failed
Note: Starting true gmin stepping
Warning: singular matrix:  check node anon293

Warning: singular matrix:  check node anon293

Warning: singular matrix:  check node anon293

Warning: singular matrix:  check node anon293

Warning: True gmin stepping failed
Note: Starting source stepping
Warning: source stepping failed
Note: Transient op started
Note: Transient op finished successfully
