
Note: No compatibility mode selected!


Circuit: * gate-driver-core-drive-with-uvlo-postlayout @ sf_125c_vlogic3p30v-vdrv6p00v -- generated by sim/harness, do not edit

Doing analysis at TEMP = 125.000000 and TNOM = 27.000000

Using SPARSE 1.3 as Direct Linear Solver

Initial Transient Solution
--------------------------

Node                                   Voltage
----                                   -------
x1_inb                                     3.3
in                                           0
gnd_logic                                    0
x1_na                                  2.39463
x1_nb                              -7.0715e-08
gnd_drv                            8.63994e-08
x2_n3                                        6
x2_n4                              7.25941e-08
x2_n5                                        6
out                                1.10001e-07
x3_lockout                          1.0758e-07
in_drv                             1.03119e-07
x1_nbuf1                                     6
x1_ncb                             9.50148e-08
x1_nca                                       6
vdd_logic                                  3.3
x2_n1                                        6
x2_n2                              6.85214e-08
x3_ncompn                              5.99981
x3_nref                               0.776104
x3_ntail                              0.308655
x3_ncompp                              5.21375
x3_ndiv                                1.16035
x3_uvlo_ok                             5.99989
vdd_drv                                      6
anon293                            9.56099e-08
anon294                            9.72184e-08
anon295                            9.97511e-08
anon22                                 5.56467
anon23                                 5.12935
anon26                                 4.69402
anon27                                  4.2587
anon30                                 3.82337
anon31                                 3.38805
anon21                                 1.21143
anon24                                 1.64675
anon25                                 2.08208
anon28                                  2.5174
anon29                                 2.95272
anon32                                 5.69752
anon33                                 5.39504
anon34                                 5.09256
anon35                                 4.79008
anon36                                  4.4876
anon37                                 4.18512
anon38                                 3.88264
anon39                                 3.58017
anon40                                 1.46282
anon42                                  1.7653
anon44                                 2.06778
anon45                                 2.37025
anon46                                 2.67273
anon47                                 2.97521
anon48                                 3.27769
anon49                                 5.97969
anon41                                0.773564
anon50                                 5.95949
anon43                                0.386782
anon51                                 5.93929
anon52                                 5.91909
anon53                                  5.8989
anon54                                  5.8787
anon55                                  5.8585
anon56                                 5.83831
anon57                                 5.67674
anon59                                 5.69694
anon60                                 5.71713
anon63                                 5.73733
anon65                                 5.75752
anon66                                 5.77772
anon69                                 5.79791
anon71                                 5.81811
anon58                                 5.65655
anon61                                 5.63636
anon62                                 5.61616
anon64                                 5.59597
anon67                                 5.57578
anon68                                 5.55559
anon70                                  5.5354
anon72                                 5.51521
anon73                                 5.35369
anon74                                 5.37388
anon76                                 5.39407
anon78                                 5.41426
anon81                                 5.43445
anon82                                 5.45464
anon84                                 5.47483
anon86                                 5.49502
anon75                                 5.33351
anon77                                 5.31332
anon79                                 5.29313
anon80                                 5.27295
anon83                                 5.25276
anon85                                 5.23257
anon87                                 5.21239
anon88                                  5.1922
anon89                                 5.03073
anon90                                 5.05092
anon91                                 5.01055
anon93                                  5.0711
anon94                                 4.99037
anon96                                 5.09128
anon97                                 4.97019
anon100                                5.11147
anon99                                 4.95001
anon102                                4.92983
anon103                                5.13165
anon105                                5.15183
anon106                                4.90965
anon108                                5.17202
anon109                                4.88947
anon111                                4.86929
anon112                                4.70786
anon113                                4.68768
anon92                                 4.72804
anon115                                4.66751
anon95                                 4.74822
anon117                                4.64733
anon98                                 4.76839
anon101                                4.78857
anon119                                4.62716
anon121                                4.60698
anon104                                4.80875
anon107                                4.82893
anon123                                 4.5868
anon110                                4.84911
anon125                                4.56663
anon127                                4.54645
anon128                                4.38507
anon114                                4.40524
anon129                                 4.3649
anon116                                4.42541
anon131                                4.34472
anon133                                4.32455
anon118                                4.44559
anon120                                4.46576
anon135                                4.30438
anon137                                4.28421
anon122                                4.48593
anon139                                4.26404
anon124                                4.50611
anon141                                4.24387
anon126                                4.52628
anon143                                 4.2237
anon144                                4.06235
anon130                                4.08252
anon145                                4.04218
anon147                                4.02201
anon132                                4.10269
anon134                                4.12285
anon149                                4.00185
anon151                                3.98168
anon136                                4.14302
anon138                                4.16319
anon153                                3.96151
anon155                                3.94135
anon140                                4.18336
anon157                                3.92118
anon142                                4.20353
anon159                                3.90102
anon160                                 3.7397
anon146                                3.75986
anon161                                3.71954
anon163                                3.69937
anon148                                3.78003
anon165                                3.67921
anon150                                3.80019
anon152                                3.82036
anon167                                3.65905
anon154                                3.84052
anon169                                3.63889
anon171                                3.61872
anon156                                3.86069
anon158                                3.88085
anon173                                3.59856
anon175                                 3.5784
anon176                                3.41712
anon162                                3.43728
anon177                                3.39696
anon164                                3.45744
anon179                                 3.3768
anon181                                3.35664
anon166                                 3.4776
anon168                                3.49776
anon183                                3.33648
anon170                                3.51792
anon185                                3.31632
anon187                                3.29616
anon172                                3.53808
anon174                                3.55824
anon189                                  3.276
anon191                                3.25585
anon192                                3.09459
anon193                                3.07443
anon178                                3.11475
anon195                                3.05428
anon180                                 3.1349
anon182                                3.15506
anon197                                3.03412
anon184                                3.17522
anon199                                3.01397
anon201                                2.99381
anon186                                3.19537
anon188                                3.21553
anon203                                2.97366
anon190                                3.23569
anon205                                 2.9535
anon207                                2.93335
anon208                                2.77212
anon209                                2.75196
anon194                                2.79227
anon211                                2.73181
anon196                                2.81242
anon198                                2.83258
anon213                                2.71166
anon215                                 2.6915
anon200                                2.85273
anon202                                2.87288
anon217                                2.67135
anon219                                 2.6512
anon204                                2.89304
anon221                                2.63105
anon206                                2.91319
anon223                                 2.6109
anon224                                2.44969
anon210                                2.46984
anon225                                2.42954
anon227                                2.40939
anon212                                2.48999
anon214                                2.51014
anon229                                2.38924
anon231                                2.36909
anon216                                2.53029
anon218                                2.55044
anon233                                2.34894
anon235                                2.32879
anon220                                2.57059
anon237                                2.30864
anon222                                2.59074
anon239                                2.28849
anon240                                 2.1273
anon241                                2.10716
anon226                                2.14745
anon243                                2.08701
anon228                                 2.1676
anon230                                2.18775
anon245                                2.06686
anon247                                2.04671
anon232                                 2.2079
anon249                                2.02657
anon234                                2.22804
anon236                                2.24819
anon251                                2.00642
anon253                                1.98627
anon238                                2.26834
anon255                                1.96613
anon256                                1.80496
anon242                                 1.8251
anon257                                1.78481
anon244                                1.84525
anon259                                1.76466
anon261                                1.74452
anon246                                1.86539
anon263                                1.72437
anon248                                1.88554
anon265                                1.70423
anon250                                1.90569
anon252                                1.92583
anon267                                1.68408
anon269                                1.66394
anon254                                1.94598
anon271                                1.64379
anon272                                1.48264
anon273                                1.46249
anon258                                1.50278
anon275                                1.44235
anon260                                1.52293
anon262                                1.54307
anon277                                1.42221
anon279                                1.40206
anon264                                1.56321
anon281                                1.38192
anon266                                1.58336
anon268                                 1.6035
anon283                                1.36178
anon285                                1.34163
anon270                                1.62365
anon287                                1.32149
anon274                                1.18049
anon276                                1.20063
anon278                                1.22077
anon280                                1.24092
anon282                                1.26106
anon284                                 1.2812
anon286                                1.30135
outcap                             1.10001e-07
vimeas#branch                      3.68543e-05
vin#branch                        -3.65624e-08
vgnd_logic#branch                  8.61869e-05
vsup_drv#branch                   -8.57867e-05
vsup_logic#branch                 -4.01265e-07

 Reference value :  4.48481e-08
 Reference value :  1.63848e-07
 Reference value :  3.03248e-07
 Reference value :  3.97817e-07
 Reference value :  5.17717e-07
 Reference value :  6.65217e-07
No. of Data Rows : 7191
trise10_90          =  4.84458e-09 targ=  2.77317e-08 trig=  2.28871e-08
tfall10_90          =  6.23967e-09 targ=  3.29931e-07 trig=  3.23691e-07
tpdlh               =  4.18944e-09 targ=  2.46894e-08 trig=  2.05000e-08
tpdhl               =  4.85280e-09 targ=  3.26353e-07 trig=  3.21500e-07
lockout_at_in_high  =  3.31753e-08
vout_at_in_high     =  6.00000e+00
vdrv_at_in_high     =  6.00000e+00
m_trise_s = 4.8445790000e-09
m_tfall_s = 6.2396710000e-09
m_tpdlh_s = 4.1894430000e-09
m_tpdhl_s = 4.8527990000e-09
m_ipeak_source_a = 1.3895251367e+00
m_ipeak_sink_a = 9.2851298727e-01
m_vout_max_v = 6.0049315161e+00
m_vout_min_v = -2.304926752e-03
m_vin_max_v = 3.3000000000e+00
m_vin_min_v = 0.0000000000e+00
m_indrv_max_v = 6.0015920372e+00
m_indrv_min_v = -5.499319383e-04
m_n1_max_v = 6.0961683580e+00
m_n1_min_v = -3.827728011e-02
m_n2_max_v = 6.0803261776e+00
m_n2_min_v = -3.792086638e-02
m_n3_max_v = 6.0501172164e+00
m_n3_min_v = -2.841442531e-02
m_n4_max_v = 6.0487802050e+00
m_n4_min_v = -2.694024973e-02
m_n5_max_v = 6.0496329392e+00
m_n5_min_v = -2.672434221e-02
m_uvlo_lockout_at_in_high = 3.3175310000e-08
m_uvlo_vout_at_in_high_v = 6.0000000000e+00
m_uvlo_vdrv_at_in_high_v = 6.0000000000e+00
Note: Simulation executed from .control section 

Note: vimeas: has no value, DC 0 assumed
Warning: singular matrix:  check node anon295

Note: Starting dynamic gmin stepping
Warning: singular matrix:  check node anon293

Warning: Dynamic gmin stepping failed
Note: Starting true gmin stepping
Warning: singular matrix:  check node anon293

Warning: singular matrix:  check node anon293

Warning: singular matrix:  check node anon293

Warning: singular matrix:  check node anon293

Warning: True gmin stepping failed
Note: Starting source stepping
Warning: source stepping failed
Note: Transient op started
Note: Transient op finished successfully
