
Note: No compatibility mode selected!


Circuit: * gate-driver-core-drive-with-uvlo-postlayout @ sf_27c_vlogic2p97v-vdrv4p50v -- generated by sim/harness, do not edit

Doing analysis at TEMP = 27.000000 and TNOM = 27.000000

Using SPARSE 1.3 as Direct Linear Solver

Initial Transient Solution
--------------------------

Node                                   Voltage
----                                   -------
x1_inb                                    2.97
in                                           0
gnd_logic                                    0
x1_na                                  2.00238
x1_nb                              -1.4049e-07
gnd_drv                           -3.43772e-08
x2_n3                                      4.5
x2_n4                             -2.42866e-09
x2_n5                                      4.5
out                               -3.08774e-08
x3_lockout                        -2.99781e-08
in_drv                             3.24695e-08
x1_nbuf1                                   4.5
x1_ncb                             4.73588e-08
x1_nca                                     4.5
vdd_logic                                 2.97
x2_n1                                      4.5
x2_n2                              -4.1867e-10
x3_ncompn                              4.42487
x3_nref                               0.844496
x3_ntail                             0.0736586
x3_ncompp                              3.69144
x3_ndiv                                0.87026
x3_uvlo_ok                             4.49992
vdd_drv                                    4.5
anon293                            4.27317e-08
anon294                            3.87495e-08
anon295                            3.53495e-08
anon22                                 4.19537
anon23                                 3.89075
anon26                                 3.58612
anon27                                  3.2815
anon30                                 2.97687
anon31                                 2.67224
anon21                                 1.14912
anon24                                 1.45375
anon25                                 1.75837
anon28                                 2.06299
anon29                                 2.36762
anon32                                 4.27314
anon33                                 4.04628
anon34                                 3.81942
anon35                                 3.59256
anon36                                  3.3657
anon37                                 3.13884
anon38                                 2.91198
anon39                                 2.68513
anon40                                 1.09712
anon42                                 1.32398
anon44                                 1.55083
anon45                                 1.77769
anon46                                 2.00455
anon47                                 2.23141
anon48                                 2.45827
anon49                                 4.48477
anon41                                0.580173
anon50                                 4.46962
anon43                                0.290087
anon51                                 4.45447
anon52                                 4.43933
anon53                                 4.42418
anon54                                 4.40903
anon55                                 4.39388
anon56                                 4.37873
anon57                                 4.25756
anon59                                 4.27271
anon60                                 4.28785
anon63                                   4.303
anon65                                 4.31815
anon66                                 4.33329
anon69                                 4.34844
anon71                                 4.36359
anon58                                 4.24242
anon61                                 4.22727
anon62                                 4.21213
anon64                                 4.19698
anon67                                 4.18184
anon68                                  4.1667
anon70                                 4.15155
anon72                                 4.13641
anon73                                 4.01527
anon74                                 4.03041
anon76                                 4.04556
anon78                                  4.0607
anon81                                 4.07584
anon82                                 4.09098
anon84                                 4.10612
anon86                                 4.12127
anon75                                 4.00013
anon77                                 3.98499
anon79                                 3.96985
anon80                                 3.95471
anon83                                 3.93957
anon85                                 3.92443
anon87                                 3.90929
anon88                                 3.89416
anon89                                 3.77305
anon90                                 3.78819
anon91                                 3.75792
anon93                                 3.80333
anon94                                 3.74278
anon96                                 3.81847
anon97                                 3.72765
anon100                                 3.8336
anon99                                 3.71251
anon102                                3.69737
anon103                                3.84874
anon105                                3.86388
anon106                                3.68224
anon108                                3.87902
anon109                                 3.6671
anon111                                3.65197
anon112                                 3.5309
anon113                                3.51577
anon92                                 3.54603
anon115                                3.50063
anon95                                 3.56116
anon117                                 3.4855
anon98                                  3.5763
anon101                                3.59143
anon119                                3.47037
anon121                                3.45524
anon104                                3.60657
anon107                                 3.6217
anon123                                3.44011
anon110                                3.63683
anon125                                3.42498
anon127                                3.40984
anon128                                 3.2888
anon114                                3.30393
anon129                                3.27367
anon116                                3.31906
anon131                                3.25855
anon133                                3.24342
anon118                                3.33419
anon120                                3.34932
anon135                                3.22829
anon137                                3.21316
anon122                                3.36445
anon139                                3.19803
anon124                                3.37958
anon141                                3.18291
anon126                                3.39471
anon143                                3.16778
anon144                                3.04676
anon130                                3.06189
anon145                                3.03164
anon147                                3.01651
anon132                                3.07702
anon134                                3.09214
anon149                                3.00139
anon151                                2.98626
anon136                                3.10727
anon138                                 3.1224
anon153                                2.97114
anon155                                2.95601
anon140                                3.13752
anon157                                2.94089
anon142                                3.15265
anon159                                2.92577
anon160                                2.80478
anon146                                 2.8199
anon161                                2.78966
anon163                                2.77453
anon148                                2.83502
anon165                                2.75941
anon150                                2.85015
anon152                                2.86527
anon167                                2.74429
anon154                                2.88039
anon169                                2.72917
anon171                                2.71405
anon156                                2.89552
anon158                                2.91064
anon173                                2.69892
anon175                                 2.6838
anon176                                2.56284
anon162                                2.57796
anon177                                2.54772
anon164                                2.59308
anon179                                 2.5326
anon181                                2.51748
anon166                                 2.6082
anon168                                2.62332
anon183                                2.50236
anon170                                2.63844
anon185                                2.48724
anon187                                2.47212
anon172                                2.65356
anon174                                2.66868
anon189                                  2.457
anon191                                2.44189
anon192                                2.32094
anon193                                2.30583
anon178                                2.33606
anon195                                2.29071
anon180                                2.35118
anon182                                 2.3663
anon197                                2.27559
anon184                                2.38141
anon199                                2.26048
anon201                                2.24536
anon186                                2.39653
anon188                                2.41165
anon203                                2.23024
anon190                                2.42677
anon205                                2.21513
anon207                                2.20001
anon208                                2.07909
anon209                                2.06397
anon194                                 2.0942
anon211                                2.04886
anon196                                2.10932
anon198                                2.12443
anon213                                2.03374
anon215                                2.01863
anon200                                2.13955
anon202                                2.15466
anon217                                2.00352
anon219                                 1.9884
anon204                                2.16978
anon221                                1.97329
anon206                                 2.1849
anon223                                1.95817
anon224                                1.83727
anon210                                1.85238
anon225                                1.82216
anon227                                1.80704
anon212                                1.86749
anon214                                1.88261
anon229                                1.79193
anon231                                1.77682
anon216                                1.89772
anon218                                1.91283
anon233                                1.76171
anon235                                1.74659
anon220                                1.92795
anon237                                1.73148
anon222                                1.94306
anon239                                1.71637
anon240                                1.59548
anon241                                1.58037
anon226                                1.61059
anon243                                1.56526
anon228                                 1.6257
anon230                                1.64081
anon245                                1.55015
anon247                                1.53504
anon232                                1.65592
anon249                                1.51993
anon234                                1.67104
anon236                                1.68615
anon251                                1.50482
anon253                                1.48971
anon238                                1.70126
anon255                                 1.4746
anon256                                1.35372
anon242                                1.36883
anon257                                1.33861
anon244                                1.38394
anon259                                 1.3235
anon261                                1.30839
anon246                                1.39905
anon263                                1.29328
anon248                                1.41416
anon265                                1.27817
anon250                                1.42927
anon252                                1.44438
anon267                                1.26306
anon269                                1.24795
anon254                                1.45949
anon271                                1.23285
anon272                                1.11198
anon273                                1.09687
anon258                                1.12709
anon275                                1.08176
anon260                                 1.1422
anon262                                 1.1573
anon277                                1.06666
anon279                                1.05155
anon264                                1.17241
anon281                                1.03644
anon266                                1.18752
anon268                                1.20263
anon283                                1.02133
anon285                                1.00622
anon270                                1.21774
anon287                               0.991117
anon274                               0.885367
anon276                               0.900474
anon278                               0.915581
anon280                               0.930688
anon282                               0.945795
anon284                               0.960903
anon286                                0.97601
outcap                            -3.08774e-08
vimeas#branch                     -2.95194e-05
vin#branch                         2.98402e-08
vgnd_logic#branch                 -3.42164e-05
vsup_drv#branch                     3.3921e-05
vsup_logic#branch                  2.94634e-07

 Reference value :  4.02470e-08
 Reference value :  1.56947e-07
 Reference value :  2.78447e-07
 Reference value :  3.68509e-07
 Reference value :  4.90009e-07
 Reference value :  6.12409e-07
No. of Data Rows : 7195
trise10_90          =  4.88341e-09 targ=  2.78197e-08 trig=  2.29363e-08
tfall10_90          =  5.82320e-09 targ=  3.29494e-07 trig=  3.23671e-07
tpdlh               =  4.33048e-09 targ=  2.48305e-08 trig=  2.05000e-08
tpdhl               =  4.76235e-09 targ=  3.26262e-07 trig=  3.21500e-07
lockout_at_in_high  =  2.72483e-07
vout_at_in_high     =  4.50000e+00
vdrv_at_in_high     =  4.50000e+00
m_trise_s = 4.8834050000e-09
m_tfall_s = 5.8231970000e-09
m_tpdlh_s = 4.3304850000e-09
m_tpdhl_s = 4.7623490000e-09
m_ipeak_source_a = 9.9032068136e-01
m_ipeak_sink_a = 7.1159578574e-01
m_vout_max_v = 4.5051679323e+00
m_vout_min_v = -2.575074938e-03
m_vin_max_v = 2.9700000000e+00
m_vin_min_v = 0.0000000000e+00
m_indrv_max_v = 4.5168052406e+00
m_indrv_min_v = -8.057121732e-03
m_n1_max_v = 4.6006338490e+00
m_n1_min_v = -4.500912284e-02
m_n2_max_v = 4.5733047643e+00
m_n2_min_v = -3.548531126e-02
m_n3_max_v = 4.5541763918e+00
m_n3_min_v = -2.820939849e-02
m_n4_max_v = 4.5534523485e+00
m_n4_min_v = -2.811417425e-02
m_n5_max_v = 4.5539773751e+00
m_n5_min_v = -2.824380368e-02
m_uvlo_lockout_at_in_high = 2.7248320000e-07
m_uvlo_vout_at_in_high_v = 4.5000000000e+00
m_uvlo_vdrv_at_in_high_v = 4.5000000000e+00
Note: Simulation executed from .control section 

Note: vimeas: has no value, DC 0 assumed
Warning: singular matrix:  check node anon293

Note: Starting dynamic gmin stepping
Warning: singular matrix:  check node anon294

Warning: Dynamic gmin stepping failed
Note: Starting true gmin stepping
Warning: singular matrix:  check node anon294

Warning: singular matrix:  check node anon294

Warning: singular matrix:  check node anon294

Warning: singular matrix:  check node anon294

Warning: True gmin stepping failed
Note: Starting source stepping
Warning: source stepping failed
Note: Transient op started
Note: Transient op finished successfully
