
Note: No compatibility mode selected!


Circuit: * gate-driver-core-drive-with-uvlo-postlayout @ ss_-40c_vlogic2p97v-vdrv4p50v -- generated by sim/harness, do not edit

Doing analysis at TEMP = -40.000000 and TNOM = 27.000000

Using SPARSE 1.3 as Direct Linear Solver

Initial Transient Solution
--------------------------

Node                                   Voltage
----                                   -------
x1_inb                                    2.97
in                                           0
gnd_logic                                    0
x1_na                                  1.86381
x1_nb                             -1.55499e-07
gnd_drv                           -4.51618e-08
x2_n3                                      4.5
x2_n4                             -9.95269e-09
x2_n5                                      4.5
out                               -4.56939e-08
x3_lockout                                 4.5
in_drv                             1.27796e-08
x1_nbuf1                                   4.5
x1_ncb                             4.75843e-08
x1_nca                                     4.5
vdd_logic                                 2.97
x2_n1                                      4.5
x2_n2                             -7.15097e-09
x3_ncompn                             0.021209
x3_nref                               0.943796
x3_ntail                             0.0102006
x3_ncompp                              3.45443
x3_ndiv                               0.824906
x3_uvlo_ok                         8.83602e-06
vdd_drv                                    4.5
anon293                            3.81478e-08
anon294                            2.92374e-08
anon295                            2.07992e-08
anon22                                 4.20365
anon23                                  3.9073
anon26                                 3.61095
anon27                                  3.3146
anon30                                 3.01825
anon31                                 2.72189
anon21                                 1.24015
anon24                                  1.5365
anon25                                 1.83285
anon28                                 2.12919
anon29                                 2.42554
anon32                                 4.27031
anon33                                 4.04061
anon34                                 3.81092
anon35                                 3.58122
anon36                                 3.35153
anon37                                 3.12184
anon38                                 2.89214
anon39                                 2.66245
anon40                                  1.0546
anon42                                 1.28429
anon44                                 1.51398
anon45                                 1.74368
anon46                                 1.97337
anon47                                 2.20306
anon48                                 2.43275
anon49                              0.00344371
anon41                                0.549937
anon50                              0.00687858
anon43                                0.274969
anon51                               0.0103135
anon52                               0.0137483
anon53                               0.0171832
anon54                               0.0206181
anon55                                0.024053
anon56                               0.0274878
anon57                               0.0549669
anon59                                0.051532
anon60                               0.0480971
anon63                               0.0446623
anon65                               0.0412274
anon66                               0.0377925
anon69                               0.0343576
anon71                               0.0309227
anon58                               0.0584018
anon61                               0.0618367
anon62                               0.0652717
anon64                               0.0687066
anon67                               0.0721415
anon68                               0.0755764
anon70                               0.0790113
anon72                               0.0824463
anon73                                0.109926
anon74                                0.106491
anon76                                0.103056
anon78                                0.099621
anon81                               0.0961861
anon82                               0.0927511
anon84                               0.0893162
anon86                               0.0858812
anon75                                0.113361
anon77                                0.116796
anon79                                0.120231
anon80                                0.123666
anon83                                0.127101
anon85                                0.130536
anon87                                0.133971
anon88                                0.137406
anon89                                0.164887
anon90                                0.161452
anon91                                0.168322
anon93                                0.158017
anon94                                0.171757
anon96                                0.154582
anon97                                0.175192
anon100                               0.151146
anon99                                0.178628
anon102                               0.182063
anon103                               0.147711
anon105                               0.144276
anon106                               0.185498
anon108                               0.140841
anon109                               0.188933
anon111                               0.192368
anon112                               0.219851
anon113                               0.223286
anon92                                0.216415
anon115                               0.226721
anon95                                 0.21298
anon117                               0.230157
anon98                                0.209545
anon101                               0.206109
anon119                               0.233592
anon121                               0.237028
anon104                               0.202674
anon107                               0.199239
anon123                               0.240463
anon110                               0.195804
anon125                               0.243898
anon127                               0.247334
anon128                               0.274818
anon114                               0.271383
anon129                               0.278254
anon116                               0.267947
anon131                               0.281689
anon133                               0.285125
anon118                               0.264511
anon120                               0.261076
anon135                               0.288561
anon137                               0.291996
anon122                                0.25764
anon139                               0.295432
anon124                               0.254205
anon141                               0.298868
anon126                               0.250769
anon143                               0.302304
anon144                                0.32979
anon130                               0.326354
anon145                               0.333226
anon147                               0.336662
anon132                               0.322918
anon134                               0.319483
anon149                               0.340098
anon151                               0.343534
anon136                               0.316047
anon138                               0.312611
anon153                                0.34697
anon155                               0.350406
anon140                               0.309175
anon157                               0.353842
anon142                               0.305739
anon159                               0.357278
anon160                               0.384768
anon146                               0.381332
anon161                               0.388204
anon163                               0.391641
anon148                               0.377896
anon165                               0.395077
anon150                               0.374459
anon152                               0.371023
anon167                               0.398514
anon154                               0.367587
anon169                                0.40195
anon171                               0.405386
anon156                               0.364151
anon158                               0.360715
anon173                               0.408823
anon175                               0.412259
anon176                               0.439752
anon162                               0.436316
anon177                               0.443189
anon164                               0.432879
anon179                               0.446626
anon181                               0.450063
anon166                               0.429442
anon168                               0.426006
anon183                                 0.4535
anon170                               0.422569
anon185                               0.456937
anon187                               0.460373
anon172                               0.419132
anon174                               0.415696
anon189                                0.46381
anon191                               0.467247
anon192                               0.494744
anon193                               0.498182
anon178                               0.491307
anon195                               0.501619
anon180                                0.48787
anon182                               0.484433
anon197                               0.505056
anon184                               0.480996
anon199                               0.508494
anon201                               0.511931
anon186                               0.477559
anon188                               0.474121
anon203                               0.515368
anon190                               0.470684
anon205                               0.518806
anon207                               0.522243
anon208                               0.549745
anon209                               0.553182
anon194                               0.546307
anon211                                0.55662
anon196                               0.542869
anon198                               0.539431
anon213                               0.560058
anon215                               0.563496
anon200                               0.535994
anon202                               0.532556
anon217                               0.566934
anon219                               0.570372
anon204                               0.529118
anon221                                0.57381
anon206                               0.525681
anon223                               0.577248
anon224                               0.604754
anon210                               0.601316
anon225                               0.608193
anon227                               0.611631
anon212                               0.597878
anon214                               0.594439
anon229                                0.61507
anon231                               0.618508
anon216                               0.591001
anon218                               0.587563
anon233                               0.621947
anon235                               0.625386
anon220                               0.584125
anon237                               0.628824
anon222                               0.580686
anon239                               0.632263
anon240                               0.659774
anon241                               0.663213
anon226                               0.656335
anon243                               0.666653
anon228                               0.652896
anon230                               0.649457
anon245                               0.670092
anon247                               0.673531
anon232                               0.646018
anon249                                0.67697
anon234                               0.642579
anon236                               0.639141
anon251                                0.68041
anon253                               0.683849
anon238                               0.635702
anon255                               0.687289
anon256                               0.714806
anon242                               0.711366
anon257                               0.718245
anon244                               0.707926
anon259                               0.721685
anon261                               0.725125
anon246                               0.704486
anon263                               0.728565
anon248                               0.701047
anon265                               0.732005
anon250                               0.697607
anon252                               0.694168
anon267                               0.735445
anon269                               0.738886
anon254                               0.690728
anon271                               0.742326
anon272                               0.769849
anon273                                0.77329
anon258                               0.766409
anon275                                0.77673
anon260                               0.762968
anon262                               0.759527
anon277                               0.780171
anon279                               0.783612
anon264                               0.756087
anon281                               0.787053
anon266                               0.752647
anon268                               0.749206
anon283                               0.790494
anon285                               0.793935
anon270                               0.745766
anon287                               0.797376
anon274                               0.821464
anon276                               0.818023
anon278                               0.814582
anon280                                0.81114
anon282                               0.807699
anon284                               0.804258
anon286                               0.800817
outcap                            -4.56939e-08
vimeas#branch                     -5.33801e-05
vin#branch                         3.60535e-08
vgnd_logic#branch                  -4.4988e-05
vsup_drv#branch                     4.4706e-05
vsup_logic#branch                  2.81828e-07

 Reference value :  3.03732e-08
 Reference value :  1.41273e-07
 Reference value :  2.60473e-07
 Reference value :  3.56385e-07
 Reference value :  4.75285e-07
 Reference value :  5.95885e-07
No. of Data Rows : 7211
trise10_90          =  7.95367e-10 targ=  2.34331e-08 trig=  2.26377e-08
tfall10_90          =  5.47756e-10 targ=  3.23623e-07 trig=  3.23075e-07
tpdlh               =  2.35462e-09 targ=  2.28546e-08 trig=  2.05000e-08
tpdhl               =  1.75774e-09 targ=  3.23258e-07 trig=  3.21500e-07
lockout_at_in_high  =  4.50000e+00
vout_at_in_high     =  2.40191e-01
vdrv_at_in_high     =  4.50000e+00
m_trise_s = 7.9536650000e-10
m_tfall_s = 5.4775630000e-10
m_tpdlh_s = 2.3546230000e-09
m_tpdhl_s = 1.7577370000e-09
m_ipeak_source_a = 4.9969616768e-01
m_ipeak_sink_a = 5.9624531143e-01
m_vout_max_v = 2.4118180874e-01
m_vout_min_v = -2.813604570e-03
m_vin_max_v = 2.9700000000e+00
m_vin_min_v = 0.0000000000e+00
m_indrv_max_v = 4.5480521416e+00
m_indrv_min_v = -1.799276100e-02
m_n1_max_v = 4.6083592143e+00
m_n1_min_v = -5.225378808e-02
m_n2_max_v = 4.5731732190e+00
m_n2_min_v = -3.896034719e-02
m_n3_max_v = 4.5586447855e+00
m_n3_min_v = -2.980829596e-02
m_n4_max_v = 4.5593118596e+00
m_n4_min_v = -3.082368801e-02
m_n5_max_v = 4.5600072901e+00
m_n5_min_v = -3.189218857e-02
m_uvlo_lockout_at_in_high = 4.5000020000e+00
m_uvlo_vout_at_in_high_v = 2.4019090000e-01
m_uvlo_vdrv_at_in_high_v = 4.5000000000e+00
Note: Simulation executed from .control section 

Note: vimeas: has no value, DC 0 assumed
Warning: singular matrix:  check node anon293

Note: Starting dynamic gmin stepping
Warning: singular matrix:  check node anon293

Warning: Dynamic gmin stepping failed
Note: Starting true gmin stepping
Warning: singular matrix:  check node anon293

Warning: singular matrix:  check node anon293

Warning: singular matrix:  check node anon293

Warning: singular matrix:  check node anon293

Warning: True gmin stepping failed
Note: Starting source stepping
Warning: source stepping failed
Note: Transient op started
Note: Transient op finished successfully
