
Note: No compatibility mode selected!


Circuit: * gate-driver-core-drive-with-uvlo-postlayout @ ss_125c_vlogic3p30v-vdrv5p00v -- generated by sim/harness, do not edit

Doing analysis at TEMP = 125.000000 and TNOM = 27.000000

Using SPARSE 1.3 as Direct Linear Solver

Initial Transient Solution
--------------------------

Node                                   Voltage
----                                   -------
x1_inb                                     3.3
in                                           0
gnd_logic                                    0
x1_na                                    2.361
x1_nb                               -6.563e-08
gnd_drv                            7.17498e-08
x2_n3                                        5
x2_n4                              4.49734e-08
x2_n5                                        5
out                                7.69632e-08
x3_lockout                         7.67481e-08
in_drv                             7.14007e-08
x1_nbuf1                                     5
x1_ncb                              7.7085e-08
x1_nca                                       5
vdd_logic                                  3.3
x2_n1                                        5
x2_n2                              4.09984e-08
x3_ncompn                              4.99061
x3_nref                               0.793732
x3_ntail                              0.153714
x3_ncompp                               4.0005
x3_ndiv                               0.966954
x3_uvlo_ok                             4.99986
vdd_drv                                      5
anon293                            7.42597e-08
anon294                            7.24261e-08
anon295                            7.15008e-08
anon22                                 4.64948
anon23                                 4.29895
anon26                                 3.94843
anon27                                 3.59791
anon30                                 3.24738
anon31                                 2.89686
anon21                                 1.14425
anon24                                 1.49477
anon25                                  1.8453
anon28                                 2.19582
anon29                                 2.54634
anon32                                 4.74793
anon33                                 4.49587
anon34                                  4.2438
anon35                                 3.99173
anon36                                 3.73967
anon37                                  3.4876
anon38                                 3.23554
anon39                                 2.98347
anon40                                 1.21902
anon42                                 1.47108
anon44                                 1.72315
anon45                                 1.97521
anon46                                 2.22728
anon47                                 2.47934
anon48                                 2.73141
anon49                                 4.98303
anon41                                0.644636
anon50                                  4.9662
anon43                                0.322318
anon51                                 4.94936
anon52                                 4.93253
anon53                                  4.9157
anon54                                 4.89887
anon55                                 4.88204
anon56                                 4.86521
anon57                                 4.73057
anon59                                  4.7474
anon60                                 4.76423
anon63                                 4.78106
anon65                                 4.79789
anon66                                 4.81472
anon69                                 4.83155
anon71                                 4.84838
anon58                                 4.71375
anon61                                 4.69692
anon62                                 4.68009
anon64                                 4.66327
anon67                                 4.64644
anon68                                 4.62961
anon70                                 4.61279
anon72                                 4.59596
anon73                                 4.46137
anon74                                 4.47819
anon76                                 4.49502
anon78                                 4.51184
anon81                                 4.52866
anon82                                 4.54549
anon84                                 4.56231
anon86                                 4.57914
anon75                                 4.44455
anon77                                 4.42772
anon79                                  4.4109
anon80                                 4.39408
anon83                                 4.37726
anon85                                 4.36044
anon87                                 4.34362
anon88                                 4.32679
anon89                                 4.19224
anon90                                 4.20906
anon91                                 4.17542
anon93                                 4.22588
anon94                                  4.1586
anon96                                  4.2427
anon97                                 4.14179
anon100                                4.25951
anon99                                 4.12497
anon102                                4.10815
anon103                                4.27633
anon105                                4.29315
anon106                                4.09133
anon108                                4.30997
anon109                                4.07452
anon111                                 4.0577
anon112                                3.92318
anon113                                3.90637
anon92                                    3.94
anon115                                3.88955
anon95                                 3.95681
anon117                                3.87274
anon98                                 3.97362
anon101                                3.99044
anon119                                3.85593
anon121                                3.83911
anon104                                4.00725
anon107                                4.02407
anon123                                 3.8223
anon110                                4.04089
anon125                                3.80549
anon127                                3.78868
anon128                                3.65419
anon114                                  3.671
anon129                                3.63738
anon116                                3.68781
anon131                                3.62057
anon133                                3.60376
anon118                                3.70462
anon120                                3.72143
anon135                                3.58695
anon137                                3.57014
anon122                                3.73824
anon139                                3.55334
anon124                                3.75505
anon141                                3.53653
anon126                                3.77187
anon143                                3.51972
anon144                                3.38526
anon130                                3.40207
anon145                                3.36846
anon147                                3.35165
anon132                                3.41887
anon134                                3.43568
anon149                                3.33484
anon151                                3.31804
anon136                                3.45249
anon138                                 3.4693
anon153                                3.30123
anon155                                3.28443
anon140                                 3.4861
anon157                                3.26762
anon142                                3.50291
anon159                                3.25082
anon160                                3.11639
anon146                                3.13319
anon161                                3.09959
anon163                                3.08279
anon148                                   3.15
anon165                                3.06598
anon150                                 3.1668
anon152                                 3.1836
anon167                                3.04918
anon154                                3.20041
anon169                                3.03238
anon171                                3.01558
anon156                                3.21721
anon158                                3.23402
anon173                                2.99878
anon175                                2.98198
anon176                                2.84757
anon162                                2.86437
anon177                                2.83077
anon164                                2.88117
anon179                                2.81397
anon181                                2.79718
anon166                                2.89797
anon168                                2.91477
anon183                                2.78038
anon170                                2.93157
anon185                                2.76358
anon187                                2.74678
anon172                                2.94837
anon174                                2.96517
anon189                                2.72998
anon191                                2.71318
anon192                                 2.5788
anon193                                2.56201
anon178                                 2.5956
anon195                                2.54521
anon180                                 2.6124
anon182                                 2.6292
anon197                                2.52842
anon184                                2.64599
anon199                                2.51162
anon201                                2.49482
anon186                                2.66279
anon188                                2.67959
anon203                                2.47803
anon190                                2.69639
anon205                                2.46123
anon207                                2.44444
anon208                                2.31008
anon209                                2.29329
anon194                                2.32687
anon211                                2.27649
anon196                                2.34367
anon198                                2.36046
anon213                                 2.2597
anon215                                 2.2429
anon200                                2.37726
anon202                                2.39405
anon217                                2.22611
anon219                                2.20932
anon204                                2.41085
anon221                                2.19252
anon206                                2.42764
anon223                                2.17573
anon224                                2.04139
anon210                                2.05819
anon225                                 2.0246
anon227                                2.00781
anon212                                2.07498
anon214                                2.09177
anon229                                1.99102
anon231                                1.97423
anon216                                2.10856
anon218                                2.12535
anon233                                1.95744
anon235                                1.94065
anon220                                2.14215
anon237                                1.92386
anon222                                2.15894
anon239                                1.90706
anon240                                1.77274
anon241                                1.75595
anon226                                1.78953
anon243                                1.73916
anon228                                1.80632
anon230                                1.82311
anon245                                1.72237
anon247                                1.70559
anon232                                 1.8399
anon249                                 1.6888
anon234                                1.85669
anon236                                1.87348
anon251                                1.67201
anon253                                1.65522
anon238                                1.89027
anon255                                1.63843
anon256                                1.50412
anon242                                1.52091
anon257                                1.48733
anon244                                 1.5377
anon259                                1.47055
anon261                                1.45376
anon246                                1.55449
anon263                                1.43697
anon248                                1.57128
anon265                                1.42018
anon250                                1.58806
anon252                                1.60485
anon267                                 1.4034
anon269                                1.38661
anon254                                1.62164
anon271                                1.36982
anon272                                1.23553
anon273                                1.21874
anon258                                1.25231
anon275                                1.20195
anon260                                 1.2691
anon262                                1.28589
anon277                                1.18517
anon279                                1.16838
anon264                                1.30267
anon281                                 1.1516
anon266                                1.31946
anon268                                1.33625
anon283                                1.13481
anon285                                1.11802
anon270                                1.35304
anon287                                1.10124
anon274                               0.983739
anon276                                1.00052
anon278                                1.01731
anon280                                 1.0341
anon282                                1.05088
anon284                                1.06767
anon286                                1.08445
outcap                             7.69632e-08
vimeas#branch                      3.21184e-05
vin#branch                        -3.22183e-08
vgnd_logic#branch                  7.15718e-05
vsup_drv#branch                   -7.12225e-05
vsup_logic#branch                 -3.50167e-07

 Reference value :  4.26315e-08
 Reference value :  1.56532e-07
 Reference value :  2.78932e-07
 Reference value :  3.81619e-07
 Reference value :  5.01319e-07
 Reference value :  6.12319e-07
No. of Data Rows : 7185
trise10_90          =  7.63384e-09 targ=  3.16477e-08 trig=  2.40139e-08
tfall10_90          =  7.12027e-09 targ=  3.31568e-07 trig=  3.24448e-07
tpdlh               =  6.41894e-09 targ=  2.69189e-08 trig=  2.05000e-08
tpdhl               =  5.98694e-09 targ=  3.27487e-07 trig=  3.21500e-07
lockout_at_in_high  =  6.03841e-07
vout_at_in_high     =  5.00000e+00
vdrv_at_in_high     =  5.00000e+00
m_trise_s = 7.6338350000e-09
m_tfall_s = 7.1202670000e-09
m_tpdlh_s = 6.4189390000e-09
m_tpdhl_s = 5.9869420000e-09
m_ipeak_source_a = 7.1878255114e-01
m_ipeak_sink_a = 6.7091162091e-01
m_vout_max_v = 5.0051587295e+00
m_vout_min_v = -3.222923901e-03
m_vin_max_v = 3.3000000000e+00
m_vin_min_v = 0.0000000000e+00
m_indrv_max_v = 5.0022032805e+00
m_indrv_min_v = -7.540943048e-03
m_n1_max_v = 5.0969909435e+00
m_n1_min_v = -5.042633945e-02
m_n2_max_v = 5.0755200868e+00
m_n2_min_v = -4.188473536e-02
m_n3_max_v = 5.0582462546e+00
m_n3_min_v = -3.134140904e-02
m_n4_max_v = 5.0573280886e+00
m_n4_min_v = -3.152348258e-02
m_n5_max_v = 5.0581732520e+00
m_n5_min_v = -3.171002074e-02
m_uvlo_lockout_at_in_high = 6.0384090000e-07
m_uvlo_vout_at_in_high_v = 5.0000000000e+00
m_uvlo_vdrv_at_in_high_v = 5.0000000000e+00
Note: Simulation executed from .control section 

Note: vimeas: has no value, DC 0 assumed
Warning: singular matrix:  check node anon295

Note: Starting dynamic gmin stepping
Warning: singular matrix:  check node anon293

Warning: Dynamic gmin stepping failed
Note: Starting true gmin stepping
Warning: singular matrix:  check node anon293

Warning: singular matrix:  check node anon293

Warning: singular matrix:  check node anon293

Warning: singular matrix:  check node anon293

Warning: True gmin stepping failed
Note: Starting source stepping
Warning: source stepping failed
Note: Transient op started
Note: Transient op finished successfully
