
Note: No compatibility mode selected!


Circuit: * gate-driver-core-drive-with-uvlo-postlayout @ ss_125c_vlogic2p97v-vdrv4p50v -- generated by sim/harness, do not edit

Doing analysis at TEMP = 125.000000 and TNOM = 27.000000

Using SPARSE 1.3 as Direct Linear Solver

Initial Transient Solution
--------------------------

Node                                   Voltage
----                                   -------
x1_inb                                    2.97
in                                           0
gnd_logic                                    0
x1_na                                  2.09181
x1_nb                             -8.43681e-08
gnd_drv                            6.32753e-08
x2_n3                                      4.5
x2_n4                              3.97761e-08
x2_n5                                      4.5
out                                6.83042e-08
x3_lockout                         6.84173e-08
in_drv                             6.71397e-08
x1_nbuf1                                   4.5
x1_ncb                             8.21315e-08
x1_nca                                     4.5
vdd_logic                                 2.97
x2_n1                                      4.5
x2_n2                              3.62901e-08
x3_ncompn                              4.46602
x3_nref                               0.784453
x3_ntail                              0.102742
x3_ncompp                               3.5377
x3_ndiv                               0.870258
x3_uvlo_ok                             4.49986
vdd_drv                                    4.5
anon293                            7.70223e-08
anon294                            7.28743e-08
anon295                            6.96069e-08
anon22                                 4.19037
anon23                                 3.88074
anon26                                 3.57111
anon27                                 3.26148
anon30                                 2.95185
anon31                                 2.64222
anon21                                 1.09408
anon24                                 1.40371
anon25                                 1.71334
anon28                                 2.02297
anon29                                 2.33259
anon32                                 4.27314
anon33                                 4.04628
anon34                                 3.81942
anon35                                 3.59256
anon36                                  3.3657
anon37                                 3.13884
anon38                                 2.91198
anon39                                 2.68512
anon40                                 1.09712
anon42                                 1.32397
anon44                                 1.55083
anon45                                 1.77769
anon46                                 2.00455
anon47                                 2.23141
anon48                                 2.45827
anon49                                 4.48471
anon41                                0.580172
anon50                                 4.46956
anon43                                0.290086
anon51                                 4.45441
anon52                                 4.43927
anon53                                 4.42412
anon54                                 4.40897
anon55                                 4.39382
anon56                                 4.37867
anon57                                 4.25751
anon59                                 4.27265
anon60                                  4.2878
anon63                                 4.30294
anon65                                 4.31809
anon66                                 4.33323
anon69                                 4.34838
anon71                                 4.36353
anon58                                 4.24236
anon61                                 4.22722
anon62                                 4.21207
anon64                                 4.19693
anon67                                 4.18178
anon68                                 4.16664
anon70                                  4.1515
anon72                                 4.13635
anon73                                 4.01522
anon74                                 4.03036
anon76                                  4.0455
anon78                                 4.06064
anon81                                 4.07579
anon82                                 4.09093
anon84                                 4.10607
anon86                                 4.12121
anon75                                 4.00008
anon77                                 3.98494
anon79                                  3.9698
anon80                                 3.95466
anon83                                 3.93952
anon85                                 3.92438
anon87                                 3.90924
anon88                                 3.89411
anon89                                 3.77301
anon90                                 3.78814
anon91                                 3.75787
anon93                                 3.80328
anon94                                 3.74273
anon96                                 3.81842
anon97                                  3.7276
anon100                                3.83355
anon99                                 3.71246
anon102                                3.69733
anon103                                3.84869
anon105                                3.86383
anon106                                3.68219
anon108                                3.87897
anon109                                3.66706
anon111                                3.65192
anon112                                3.53085
anon113                                3.51572
anon92                                 3.54599
anon115                                3.50059
anon95                                 3.56112
anon117                                3.48546
anon98                                 3.57625
anon101                                3.59139
anon119                                3.47033
anon121                                3.45519
anon104                                3.60652
anon107                                3.62165
anon123                                3.44006
anon110                                3.63679
anon125                                3.42493
anon127                                 3.4098
anon128                                3.28876
anon114                                3.30389
anon129                                3.27363
anon116                                3.31902
anon131                                3.25851
anon133                                3.24338
anon118                                3.33415
anon120                                3.34928
anon135                                3.22825
anon137                                3.21312
anon122                                3.36441
anon139                                3.19799
anon124                                3.37954
anon141                                3.18287
anon126                                3.39467
anon143                                3.16774
anon144                                3.04673
anon130                                3.06185
anon145                                 3.0316
anon147                                3.01648
anon132                                3.07698
anon134                                3.09211
anon149                                3.00135
anon151                                2.98623
anon136                                3.10723
anon138                                3.12236
anon153                                 2.9711
anon155                                2.95598
anon140                                3.13749
anon157                                2.94085
anon142                                3.15261
anon159                                2.92573
anon160                                2.80475
anon146                                2.81987
anon161                                2.78962
anon163                                 2.7745
anon148                                2.83499
anon165                                2.75938
anon150                                2.85011
anon152                                2.86524
anon167                                2.74426
anon154                                2.88036
anon169                                2.72914
anon171                                2.71401
anon156                                2.89548
anon158                                2.91061
anon173                                2.69889
anon175                                2.68377
anon176                                2.56281
anon162                                2.57793
anon177                                2.54769
anon164                                2.59305
anon179                                2.53257
anon181                                2.51745
anon166                                2.60817
anon168                                2.62329
anon183                                2.50233
anon170                                2.63841
anon185                                2.48721
anon187                                 2.4721
anon172                                2.65353
anon174                                2.66865
anon189                                2.45698
anon191                                2.44186
anon192                                2.32092
anon193                                 2.3058
anon178                                2.33604
anon195                                2.29069
anon180                                2.35115
anon182                                2.36627
anon197                                2.27557
anon184                                2.38139
anon199                                2.26045
anon201                                2.24534
anon186                                2.39651
anon188                                2.41162
anon203                                2.23022
anon190                                2.42674
anon205                                 2.2151
anon207                                2.19999
anon208                                2.07907
anon209                                2.06395
anon194                                2.09418
anon211                                2.04884
anon196                                 2.1093
anon198                                2.12441
anon213                                2.03372
anon215                                2.01861
anon200                                2.13953
anon202                                2.15464
anon217                                 2.0035
anon219                                1.98838
anon204                                2.16976
anon221                                1.97327
anon206                                2.18487
anon223                                1.95816
anon224                                1.83725
anon210                                1.85236
anon225                                1.82214
anon227                                1.80703
anon212                                1.86748
anon214                                1.88259
anon229                                1.79191
anon231                                 1.7768
anon216                                 1.8977
anon218                                1.91282
anon233                                1.76169
anon235                                1.74658
anon220                                1.92793
anon237                                1.73147
anon222                                1.94304
anon239                                1.71635
anon240                                1.59547
anon241                                1.58036
anon226                                1.61058
anon243                                1.56525
anon228                                1.62569
anon230                                 1.6408
anon245                                1.55013
anon247                                1.53502
anon232                                1.65591
anon249                                1.51991
anon234                                1.67102
anon236                                1.68613
anon251                                 1.5048
anon253                                1.48969
anon238                                1.70124
anon255                                1.47458
anon256                                1.35371
anon242                                1.36882
anon257                                 1.3386
anon244                                1.38393
anon259                                1.32349
anon261                                1.30838
anon246                                1.39904
anon263                                1.29327
anon248                                1.41415
anon265                                1.27816
anon250                                1.42926
anon252                                1.44436
anon267                                1.26306
anon269                                1.24795
anon254                                1.45947
anon271                                1.23284
anon272                                1.11197
anon273                                1.09687
anon258                                1.12708
anon275                                1.08176
anon260                                1.14219
anon262                                 1.1573
anon277                                1.06665
anon279                                1.05154
anon264                                1.17241
anon281                                1.03644
anon266                                1.18751
anon268                                1.20262
anon283                                1.02133
anon285                                1.00622
anon270                                1.21773
anon287                               0.991114
anon274                               0.885365
anon276                               0.900472
anon278                               0.915579
anon280                               0.930686
anon282                               0.945793
anon284                                 0.9609
anon286                               0.976007
outcap                             6.83042e-08
vimeas#branch                      2.88808e-05
vin#branch                        -2.86809e-08
vgnd_logic#branch                  6.31118e-05
vsup_drv#branch                   -6.27993e-05
vsup_logic#branch                 -3.13298e-07

 Reference value :  3.78265e-08
 Reference value :  1.52427e-07
 Reference value :  2.69627e-07
 Reference value :  3.67429e-07
 Reference value :  4.72429e-07
 Reference value :  5.91129e-07
No. of Data Rows : 7171
trise10_90          =  8.39705e-09 targ=  3.27396e-08 trig=  2.43426e-08
tfall10_90          =  7.55661e-09 targ=  3.32265e-07 trig=  3.24708e-07
tpdlh               =  7.05168e-09 targ=  2.75517e-08 trig=  2.05000e-08
tpdhl               =  6.42937e-09 targ=  3.27929e-07 trig=  3.21500e-07
lockout_at_in_high  =  -5.16524e-07
vout_at_in_high     =  4.50000e+00
vdrv_at_in_high     =  4.50000e+00
m_trise_s = 8.3970450000e-09
m_tfall_s = 7.5566090000e-09
m_tpdlh_s = 7.0516840000e-09
m_tpdhl_s = 6.4293680000e-09
m_ipeak_source_a = 5.8531109754e-01
m_ipeak_sink_a = 5.7253943117e-01
m_vout_max_v = 4.5049498066e+00
m_vout_min_v = -3.154615914e-03
m_vin_max_v = 2.9700000000e+00
m_vin_min_v = 0.0000000000e+00
m_indrv_max_v = 4.5152445984e+00
m_indrv_min_v = -1.030723050e-02
m_n1_max_v = 4.5945993834e+00
m_n1_min_v = -5.027006182e-02
m_n2_max_v = 4.5710298917e+00
m_n2_min_v = -4.021768508e-02
m_n3_max_v = 4.5551649038e+00
m_n3_min_v = -3.074305573e-02
m_n4_max_v = 4.5562142906e+00
m_n4_min_v = -3.067027149e-02
m_n5_max_v = 4.5572850157e+00
m_n5_min_v = -3.118635633e-02
m_uvlo_lockout_at_in_high = -5.165236000e-07
m_uvlo_vout_at_in_high_v = 4.4999990000e+00
m_uvlo_vdrv_at_in_high_v = 4.5000000000e+00
Note: Simulation executed from .control section 

Note: vimeas: has no value, DC 0 assumed
Warning: singular matrix:  check node anon295

Note: Starting dynamic gmin stepping
Warning: singular matrix:  check node anon293

Warning: Dynamic gmin stepping failed
Note: Starting true gmin stepping
Warning: singular matrix:  check node anon293

Warning: singular matrix:  check node anon293

Warning: singular matrix:  check node anon293

Warning: singular matrix:  check node anon293

Warning: True gmin stepping failed
Note: Starting source stepping
Warning: source stepping failed
Note: Transient op started
Note: Transient op finished successfully
