
Note: No compatibility mode selected!


Circuit: * gate-driver-core-drive-with-uvlo-postlayout @ ss_125c_vlogic3p30v-vdrv6p00v -- generated by sim/harness, do not edit

Doing analysis at TEMP = 125.000000 and TNOM = 27.000000

Using SPARSE 1.3 as Direct Linear Solver

Initial Transient Solution
--------------------------

Node                                   Voltage
----                                   -------
x1_inb                                     3.3
in                                           0
gnd_logic                                    0
x1_na                                  2.37359
x1_nb                             -8.03522e-08
gnd_drv                            8.85828e-08
x2_n3                                        6
x2_n4                              5.54642e-08
x2_n5                                        6
out                                9.42758e-08
x3_lockout                         9.39297e-08
in_drv                             9.51456e-08
x1_nbuf1                                     6
x1_ncb                             9.62028e-08
x1_nca                                       6
vdd_logic                                  3.3
x2_n1                                        6
x2_n2                                5.066e-08
x3_ncompn                              5.99952
x3_nref                               0.809982
x3_ntail                              0.278646
x3_ncompp                              4.95884
x3_ndiv                                1.16035
x3_uvlo_ok                             5.99986
vdd_drv                                      6
anon293                            9.44047e-08
anon294                            9.36924e-08
anon295                             9.3971e-08
anon22                                  5.5675
anon23                                 5.13499
anon26                                 4.70249
anon27                                 4.26999
anon30                                 3.83749
anon31                                 3.40499
anon21                                 1.24248
anon24                                 1.67498
anon25                                 2.10748
anon28                                 2.53998
anon29                                 2.97249
anon32                                 5.69752
anon33                                 5.39504
anon34                                 5.09256
anon35                                 4.79008
anon36                                  4.4876
anon37                                 4.18512
anon38                                 3.88264
anon39                                 3.58017
anon40                                 1.46282
anon42                                  1.7653
anon44                                 2.06778
anon45                                 2.37025
anon46                                 2.67273
anon47                                 2.97521
anon48                                 3.27769
anon49                                 5.97966
anon41                                0.773563
anon50                                 5.95946
anon43                                0.386782
anon51                                 5.93926
anon52                                 5.91906
anon53                                 5.89886
anon54                                 5.87866
anon55                                 5.85847
anon56                                 5.83827
anon57                                 5.67671
anon59                                  5.6969
anon60                                  5.7171
anon63                                 5.73729
anon65                                 5.75749
anon66                                 5.77768
anon69                                 5.79788
anon71                                 5.81807
anon58                                 5.65652
anon61                                 5.63632
anon62                                 5.61613
anon64                                 5.59594
anon67                                 5.57575
anon68                                 5.55556
anon70                                 5.53537
anon72                                 5.51517
anon73                                 5.35366
anon74                                 5.37385
anon76                                 5.39404
anon78                                 5.41423
anon81                                 5.43442
anon82                                  5.4546
anon84                                 5.47479
anon86                                 5.49498
anon75                                 5.33347
anon77                                 5.31329
anon79                                  5.2931
anon80                                 5.27291
anon83                                 5.25273
anon85                                 5.23254
anon87                                 5.21236
anon88                                 5.19217
anon89                                 5.03071
anon90                                 5.05089
anon91                                 5.01052
anon93                                 5.07107
anon94                                 4.99034
anon96                                 5.09125
anon97                                 4.97016
anon100                                5.11144
anon99                                 4.94998
anon102                                 4.9298
anon103                                5.13162
anon105                                 5.1518
anon106                                4.90962
anon108                                5.17199
anon109                                4.88944
anon111                                4.86926
anon112                                4.70783
anon113                                4.68766
anon92                                 4.72801
anon115                                4.66748
anon95                                 4.74819
anon117                                4.64731
anon98                                 4.76837
anon101                                4.78854
anon119                                4.62713
anon121                                4.60695
anon104                                4.80872
anon107                                 4.8289
anon123                                4.58678
anon110                                4.84908
anon125                                 4.5666
anon127                                4.54643
anon128                                4.38504
anon114                                4.40522
anon129                                4.36487
anon116                                4.42539
anon131                                 4.3447
anon133                                4.32453
anon118                                4.44556
anon120                                4.46573
anon135                                4.30436
anon137                                4.28419
anon122                                4.48591
anon139                                4.26402
anon124                                4.50608
anon141                                4.24385
anon126                                4.52626
anon143                                4.22368
anon144                                4.06233
anon130                                 4.0825
anon145                                4.04216
anon147                                4.02199
anon132                                4.10266
anon134                                4.12283
anon149                                4.00183
anon151                                3.98166
anon136                                  4.143
anon138                                4.16317
anon153                                3.96149
anon155                                3.94133
anon140                                4.18334
anon157                                3.92116
anon142                                4.20351
anon159                                  3.901
anon160                                3.73968
anon146                                3.75984
anon161                                3.71952
anon163                                3.69936
anon148                                3.78001
anon165                                3.67919
anon150                                3.80017
anon152                                3.82034
anon167                                3.65903
anon154                                 3.8405
anon169                                3.63887
anon171                                3.61871
anon156                                3.86067
anon158                                3.88083
anon173                                3.59854
anon175                                3.57838
anon176                                 3.4171
anon162                                3.43726
anon177                                3.39694
anon164                                3.45742
anon179                                3.37678
anon181                                3.35662
anon166                                3.47758
anon168                                3.49774
anon183                                3.33646
anon170                                 3.5179
anon185                                 3.3163
anon187                                3.29615
anon172                                3.53806
anon174                                3.55822
anon189                                3.27599
anon191                                3.25583
anon192                                3.09457
anon193                                3.07442
anon178                                3.11473
anon195                                3.05426
anon180                                3.13489
anon182                                3.15504
anon197                                3.03411
anon184                                 3.1752
anon199                                3.01395
anon201                                 2.9938
anon186                                3.19536
anon188                                3.21551
anon203                                2.97364
anon190                                3.23567
anon205                                2.95349
anon207                                2.93333
anon208                                 2.7721
anon209                                2.75195
anon194                                2.79226
anon211                                 2.7318
anon196                                2.81241
anon198                                2.83256
anon213                                2.71165
anon215                                2.69149
anon200                                2.85272
anon202                                2.87287
anon217                                2.67134
anon219                                2.65119
anon204                                2.89302
anon221                                2.63104
anon206                                2.91318
anon223                                2.61089
anon224                                2.44968
anon210                                2.46983
anon225                                2.42953
anon227                                2.40938
anon212                                2.48998
anon214                                2.51013
anon229                                2.38923
anon231                                2.36908
anon216                                2.53028
anon218                                2.55043
anon233                                2.34893
anon235                                2.32878
anon220                                2.57058
anon237                                2.30863
anon222                                2.59073
anon239                                2.28848
anon240                                 2.1273
anon241                                2.10715
anon226                                2.14744
anon243                                  2.087
anon228                                2.16759
anon230                                2.18774
anon245                                2.06685
anon247                                2.04671
anon232                                2.20789
anon249                                2.02656
anon234                                2.22804
anon236                                2.24819
anon251                                2.00641
anon253                                1.98627
anon238                                2.26833
anon255                                1.96612
anon256                                1.80495
anon242                                 1.8251
anon257                                 1.7848
anon244                                1.84524
anon259                                1.76466
anon261                                1.74451
anon246                                1.86539
anon263                                1.72437
anon248                                1.88553
anon265                                1.70422
anon250                                1.90568
anon252                                1.92583
anon267                                1.68408
anon269                                1.66393
anon254                                1.94597
anon271                                1.64379
anon272                                1.48264
anon273                                1.46249
anon258                                1.50278
anon275                                1.44235
anon260                                1.52292
anon262                                1.54307
anon277                                 1.4222
anon279                                1.40206
anon264                                1.56321
anon281                                1.38192
anon266                                1.58336
anon268                                 1.6035
anon283                                1.36177
anon285                                1.34163
anon270                                1.62364
anon287                                1.32149
anon274                                1.18049
anon276                                1.20063
anon278                                1.22077
anon280                                1.24092
anon282                                1.26106
anon284                                 1.2812
anon286                                1.30134
outcap                             9.42758e-08
vimeas#branch                      3.84849e-05
vin#branch                        -3.92679e-08
vgnd_logic#branch                  8.83638e-05
vsup_drv#branch                   -8.79562e-05
vsup_logic#branch                 -4.08558e-07

 Reference value :  3.98893e-08
 Reference value :  1.53789e-07
 Reference value :  2.72989e-07
 Reference value :  3.59688e-07
 Reference value :  4.76788e-07
 Reference value :  5.93188e-07
No. of Data Rows : 7195
trise10_90          =  6.55962e-09 targ=  3.00673e-08 trig=  2.35077e-08
tfall10_90          =  6.55530e-09 targ=  3.30712e-07 trig=  3.24157e-07
tpdlh               =  5.48967e-09 targ=  2.59897e-08 trig=  2.05000e-08
tpdhl               =  5.45958e-09 targ=  3.26960e-07 trig=  3.21500e-07
lockout_at_in_high  =  1.58631e-06
vout_at_in_high     =  6.00000e+00
vdrv_at_in_high     =  6.00000e+00
m_trise_s = 6.5596190000e-09
m_tfall_s = 6.5552990000e-09
m_tpdlh_s = 5.4896710000e-09
m_tpdhl_s = 5.4595760000e-09
m_ipeak_source_a = 1.0092533284e+00
m_ipeak_sink_a = 8.7864425894e-01
m_vout_max_v = 6.0052329107e+00
m_vout_min_v = -3.274787315e-03
m_vin_max_v = 3.3000000000e+00
m_vin_min_v = 0.0000000000e+00
m_indrv_max_v = 6.0018048911e+00
m_indrv_min_v = -2.883697889e-03
m_n1_max_v = 6.1023959451e+00
m_n1_min_v = -5.001316133e-02
m_n2_max_v = 6.0806115714e+00
m_n2_min_v = -4.462934823e-02
m_n3_max_v = 6.0581155631e+00
m_n3_min_v = -3.293133490e-02
m_n4_max_v = 6.0566170096e+00
m_n4_min_v = -3.225465123e-02
m_n5_max_v = 6.0570713836e+00
m_n5_min_v = -3.242263649e-02
m_uvlo_lockout_at_in_high = 1.5863100000e-06
m_uvlo_vout_at_in_high_v = 6.0000010000e+00
m_uvlo_vdrv_at_in_high_v = 6.0000000000e+00
Note: Simulation executed from .control section 

Note: vimeas: has no value, DC 0 assumed
Warning: singular matrix:  check node anon295

Note: Starting dynamic gmin stepping
Warning: singular matrix:  check node anon293

Warning: Dynamic gmin stepping failed
Note: Starting true gmin stepping
Warning: singular matrix:  check node anon293

Warning: singular matrix:  check node anon293

Warning: singular matrix:  check node anon293

Warning: singular matrix:  check node anon293

Warning: True gmin stepping failed
Note: Starting source stepping
Warning: source stepping failed
Note: Transient op started
Note: Transient op finished successfully
