
Note: No compatibility mode selected!


Circuit: * gate-driver-core-drive-with-uvlo-postlayout @ ss_125c_vlogic3p63v-vdrv5p50v -- generated by sim/harness, do not edit

Doing analysis at TEMP = 125.000000 and TNOM = 27.000000

Using SPARSE 1.3 as Direct Linear Solver

Initial Transient Solution
--------------------------

Node                                   Voltage
----                                   -------
x1_inb                                    3.63
in                                           0
gnd_logic                                    0
x1_na                                   2.6331
x1_nb                              3.94827e-08
gnd_drv                           -3.83204e-08
x2_n3                                      5.5
x2_n4                              2.08012e-09
x2_n5                                      5.5
out                               -3.25645e-08
x3_lockout                         -3.2594e-08
in_drv                            -2.74544e-08
x1_nbuf1                                   5.5
x1_ncb                            -6.31072e-08
x1_nca                                     5.5
vdd_logic                                 3.63
x2_n1                                      5.5
x2_n2                              4.29015e-09
x3_ncompn                              5.49773
x3_nref                               0.802189
x3_ntail                              0.214142
x3_ncompp                              4.47731
x3_ndiv                                1.06365
x3_uvlo_ok                             5.49986
vdd_drv                                    5.5
anon293                           -5.56488e-08
anon294                           -4.71632e-08
anon295                           -3.77364e-08
anon22                                 5.10851
anon23                                 4.71703
anon26                                 4.32554
anon27                                 3.93406
anon30                                 3.54257
anon31                                 3.15109
anon21                                 1.19367
anon24                                 1.58516
anon25                                 1.97664
anon28                                 2.36812
anon29                                 2.75961
anon32                                 5.22273
anon33                                 4.94545
anon34                                 4.66818
anon35                                 4.39091
anon36                                 4.11364
anon37                                 3.83636
anon38                                 3.55909
anon39                                 3.28182
anon40                                 1.34092
anon42                                 1.61819
anon44                                 1.89546
anon45                                 2.17273
anon46                                    2.45
anon47                                 2.72728
anon48                                 3.00455
anon49                                 5.48134
anon41                                  0.7091
anon50                                 5.46283
anon43                                 0.35455
anon51                                 5.44431
anon52                                  5.4258
anon53                                 5.40728
anon54                                 5.38877
anon55                                 5.37025
anon56                                 5.35174
anon57                                 5.20364
anon59                                 5.22215
anon60                                 5.24066
anon63                                 5.25918
anon65                                 5.27769
anon66                                  5.2962
anon69                                 5.31471
anon71                                 5.33323
anon58                                 5.18513
anon61                                 5.16662
anon62                                 5.14811
anon64                                  5.1296
anon67                                 5.11109
anon68                                 5.09258
anon70                                 5.07408
anon72                                 5.05557
anon73                                 4.90752
anon74                                 4.92602
anon76                                 4.94453
anon78                                 4.96303
anon81                                 4.98154
anon82                                 5.00005
anon84                                 5.01855
anon86                                 5.03706
anon75                                 4.88901
anon77                                 4.87051
anon79                                   4.852
anon80                                  4.8335
anon83                                 4.81499
anon85                                 4.79649
anon87                                 4.77799
anon88                                 4.75948
anon89                                 4.61147
anon90                                 4.62997
anon91                                 4.59297
anon93                                 4.64847
anon94                                 4.57447
anon96                                 4.66697
anon97                                 4.55597
anon100                                4.68548
anon99                                 4.53747
anon102                                4.51898
anon103                                4.70398
anon105                                4.72248
anon106                                4.50048
anon108                                4.74098
anon109                                4.48198
anon111                                4.46348
anon112                                4.31551
anon113                                4.29701
anon92                                   4.334
anon115                                4.27852
anon95                                  4.3525
anon117                                4.26002
anon98                                   4.371
anon101                                4.38949
anon119                                4.24153
anon121                                4.22303
anon104                                4.40799
anon107                                4.42649
anon123                                4.20454
anon110                                4.44498
anon125                                4.18605
anon127                                4.16755
anon128                                4.01962
anon114                                4.03811
anon129                                4.00113
anon116                                 4.0566
anon131                                3.98264
anon133                                3.96415
anon118                                4.07509
anon120                                4.09358
anon135                                3.94566
anon137                                3.92717
anon122                                4.11208
anon139                                3.90868
anon124                                4.13057
anon141                                3.89019
anon126                                4.14906
anon143                                 3.8717
anon144                                3.72379
anon130                                3.74228
anon145                                3.70531
anon147                                3.68682
anon132                                3.76077
anon134                                3.77926
anon149                                3.66834
anon151                                3.64985
anon136                                3.79774
anon138                                3.81623
anon153                                3.63136
anon155                                3.61288
anon140                                3.83472
anon157                                3.59439
anon142                                3.85321
anon159                                3.57591
anon160                                3.42804
anon146                                3.44652
anon161                                3.40955
anon163                                3.39107
anon148                                  3.465
anon165                                3.37259
anon150                                3.48349
anon152                                3.50197
anon167                                3.35411
anon154                                3.52045
anon169                                3.33562
anon171                                3.31714
anon156                                3.53894
anon158                                3.55742
anon173                                3.29866
anon175                                3.28018
anon176                                3.13234
anon162                                3.15082
anon177                                3.11386
anon164                                 3.1693
anon179                                3.09538
anon181                                 3.0769
anon166                                3.18778
anon168                                3.20626
anon183                                3.05842
anon170                                3.22474
anon185                                3.03994
anon187                                3.02146
anon172                                3.24322
anon174                                 3.2617
anon189                                3.00298
anon191                                2.98451
anon192                                2.83669
anon193                                2.81821
anon178                                2.85517
anon195                                2.79974
anon180                                2.87364
anon182                                2.89212
anon197                                2.78126
anon184                                 2.9106
anon199                                2.76279
anon201                                2.74431
anon186                                2.92907
anon188                                2.94755
anon203                                2.72583
anon190                                2.96603
anon205                                2.70736
anon207                                2.68888
anon208                                2.54109
anon209                                2.52262
anon194                                2.55956
anon211                                2.50414
anon196                                2.57804
anon198                                2.59651
anon213                                2.48567
anon215                                 2.4672
anon200                                2.61499
anon202                                2.63346
anon217                                2.44873
anon219                                2.43025
anon204                                2.65194
anon221                                2.41178
anon206                                2.67041
anon223                                2.39331
anon224                                2.24554
anon210                                2.26401
anon225                                2.22707
anon227                                2.20859
anon212                                2.28248
anon214                                2.30095
anon229                                2.19012
anon231                                2.17165
anon216                                2.31942
anon218                                2.33789
anon233                                2.15318
anon235                                2.13471
anon220                                2.35636
anon237                                2.11624
anon222                                2.37484
anon239                                2.09777
anon240                                1.95002
anon241                                1.93155
anon226                                1.96849
anon243                                1.91308
anon228                                1.98696
anon230                                2.00543
anon245                                1.89461
anon247                                1.87615
anon232                                 2.0239
anon249                                1.85768
anon234                                2.04236
anon236                                2.06083
anon251                                1.83921
anon253                                1.82074
anon238                                 2.0793
anon255                                1.80227
anon256                                1.65454
anon242                                  1.673
anon257                                1.63607
anon244                                1.69147
anon259                                 1.6176
anon261                                1.59914
anon246                                1.70994
anon263                                1.58067
anon248                                 1.7284
anon265                                 1.5622
anon250                                1.74687
anon252                                1.76534
anon267                                1.54374
anon269                                1.52527
anon254                                1.78381
anon271                                1.50681
anon272                                1.35908
anon273                                1.34062
anon258                                1.37755
anon275                                1.32215
anon260                                1.39601
anon262                                1.41448
anon277                                1.30369
anon279                                1.28522
anon264                                1.43294
anon281                                1.26676
anon266                                1.45141
anon268                                1.46987
anon283                                1.24829
anon285                                1.22983
anon270                                1.48834
anon287                                1.21136
anon274                                1.08211
anon276                                1.10058
anon278                                1.11904
anon280                                1.13751
anon282                                1.15597
anon284                                1.17443
anon286                                 1.1929
outcap                            -3.25645e-08
vimeas#branch                     -3.53133e-05
vin#branch                         3.49915e-08
vgnd_logic#branch                 -3.81297e-05
vsup_drv#branch                    3.77382e-05
vsup_logic#branch                  3.90595e-07

 Reference value :  3.78005e-08
 Reference value :  1.54000e-07
 Reference value :  2.71500e-07
 Reference value :  3.66388e-07
 Reference value :  4.84288e-07
 Reference value :  6.06888e-07
No. of Data Rows : 7194
trise10_90          =  7.03766e-09 targ=  3.08016e-08 trig=  2.37639e-08
tfall10_90          =  6.79775e-09 targ=  3.31045e-07 trig=  3.24247e-07
tpdlh               =  5.93381e-09 targ=  2.64338e-08 trig=  2.05000e-08
tpdhl               =  5.65194e-09 targ=  3.27152e-07 trig=  3.21500e-07
lockout_at_in_high  =  -4.72123e-07
vout_at_in_high     =  5.50000e+00
vdrv_at_in_high     =  5.50000e+00
m_trise_s = 7.0376560000e-09
m_tfall_s = 6.7977500000e-09
m_tpdlh_s = 5.9338080000e-09
m_tpdhl_s = 5.6519370000e-09
m_ipeak_source_a = 8.5766175175e-01
m_ipeak_sink_a = 7.7555307825e-01
m_vout_max_v = 5.5052956919e+00
m_vout_min_v = -3.239540155e-03
m_vin_max_v = 3.6300000000e+00
m_vin_min_v = 0.0000000000e+00
m_indrv_max_v = 5.5011248064e+00
m_indrv_min_v = -3.583086726e-03
m_n1_max_v = 5.6002624282e+00
m_n1_min_v = -5.144619804e-02
m_n2_max_v = 5.5778037666e+00
m_n2_min_v = -4.346211019e-02
m_n3_max_v = 5.5583632591e+00
m_n3_min_v = -3.241990736e-02
m_n4_max_v = 5.5570016481e+00
m_n4_min_v = -3.214426798e-02
m_n5_max_v = 5.5581465827e+00
m_n5_min_v = -3.225144276e-02
m_uvlo_lockout_at_in_high = -4.721227000e-07
m_uvlo_vout_at_in_high_v = 5.4999990000e+00
m_uvlo_vdrv_at_in_high_v = 5.5000000000e+00
Note: Simulation executed from .control section 

Note: vimeas: has no value, DC 0 assumed
Warning: singular matrix:  check node anon295

Note: Starting dynamic gmin stepping
Warning: singular matrix:  check node anon293

Warning: Dynamic gmin stepping failed
Note: Starting true gmin stepping
Warning: singular matrix:  check node anon293

Warning: singular matrix:  check node anon293

Warning: singular matrix:  check node anon293

Warning: singular matrix:  check node anon293

Warning: True gmin stepping failed
Note: Starting source stepping
Warning: source stepping failed
Note: Transient op started
Note: Transient op finished successfully
