
Note: No compatibility mode selected!


Circuit: * gate-driver-core-drive-with-uvlo-postlayout @ ss_27c_vlogic3p30v-vdrv5p00v -- generated by sim/harness, do not edit

Doing analysis at TEMP = 27.000000 and TNOM = 27.000000

Using SPARSE 1.3 as Direct Linear Solver

Initial Transient Solution
--------------------------

Node                                   Voltage
----                                   -------
x1_inb                                     3.3
in                                           0
gnd_logic                                    0
x1_na                                  2.24476
x1_nb                              1.93283e-07
gnd_drv                            7.49453e-08
x2_n3                                        5
x2_n4                              4.37771e-08
x2_n5                                        5
out                                7.83257e-08
x3_lockout                         7.81216e-08
in_drv                            -3.89083e-09
x1_nbuf1                                     5
x1_ncb                            -6.80393e-08
x1_nca                                       5
vdd_logic                                  3.3
x2_n1                                        5
x2_n2                              3.89731e-08
x3_ncompn                              4.97666
x3_nref                               0.885625
x3_ntail                             0.0975199
x3_ncompp                              3.91952
x3_ndiv                               0.966954
x3_uvlo_ok                             4.99989
vdd_drv                                      5
anon293                           -5.30053e-08
anon294                           -3.72574e-08
anon295                           -2.08634e-08
anon22                                 4.65713
anon23                                 4.31427
anon26                                  3.9714
anon27                                 3.62854
anon30                                 3.28567
anon31                                 2.94281
anon21                                 1.22849
anon24                                 1.57135
anon25                                 1.91422
anon28                                 2.25708
anon29                                 2.59994
anon32                                 4.74793
anon33                                 4.49587
anon34                                  4.2438
anon35                                 3.99173
anon36                                 3.73967
anon37                                  3.4876
anon38                                 3.23554
anon39                                 2.98347
anon40                                 1.21902
anon42                                 1.47108
anon44                                 1.72315
anon45                                 1.97521
anon46                                 2.22728
anon47                                 2.47934
anon48                                 2.73141
anon49                                 4.98306
anon41                                0.644636
anon50                                 4.96623
anon43                                0.322318
anon51                                  4.9494
anon52                                 4.93256
anon53                                 4.91573
anon54                                  4.8989
anon55                                 4.88207
anon56                                 4.86524
anon57                                 4.73061
anon59                                 4.74743
anon60                                 4.76426
anon63                                 4.78109
anon65                                 4.79792
anon66                                 4.81475
anon69                                 4.83158
anon71                                 4.84841
anon58                                 4.71378
anon61                                 4.69695
anon62                                 4.68012
anon64                                  4.6633
anon67                                 4.64647
anon68                                 4.62964
anon70                                 4.61282
anon72                                 4.59599
anon73                                  4.4614
anon74                                 4.47822
anon76                                 4.49504
anon78                                 4.51187
anon81                                 4.52869
anon82                                 4.54552
anon84                                 4.56234
anon86                                 4.57917
anon75                                 4.44457
anon77                                 4.42775
anon79                                 4.41093
anon80                                 4.39411
anon83                                 4.37729
anon85                                 4.36046
anon87                                 4.34364
anon88                                 4.32682
anon89                                 4.19227
anon90                                 4.20908
anon91                                 4.17545
anon93                                  4.2259
anon94                                 4.15863
anon96                                 4.24272
anon97                                 4.14181
anon100                                4.25954
anon99                                 4.12499
anon102                                4.10818
anon103                                4.27636
anon105                                4.29318
anon106                                4.09136
anon108                                   4.31
anon109                                4.07454
anon111                                4.05773
anon112                                3.92321
anon113                                3.90639
anon92                                 3.94002
anon115                                3.88958
anon95                                 3.95683
anon117                                3.87276
anon98                                 3.97365
anon101                                3.99046
anon119                                3.85595
anon121                                3.83914
anon104                                4.00728
anon107                                 4.0241
anon123                                3.82233
anon110                                4.04091
anon125                                3.80551
anon127                                 3.7887
anon128                                3.65421
anon114                                3.67102
anon129                                 3.6374
anon116                                3.68783
anon131                                3.62059
anon133                                3.60378
anon118                                3.70464
anon120                                3.72145
anon135                                3.58697
anon137                                3.57017
anon122                                3.73827
anon139                                3.55336
anon124                                3.75508
anon141                                3.53655
anon126                                3.77189
anon143                                3.51974
anon144                                3.38528
anon130                                3.40209
anon145                                3.36848
anon147                                3.35167
anon132                                3.41889
anon134                                 3.4357
anon149                                3.33486
anon151                                3.31806
anon136                                3.45251
anon138                                3.46932
anon153                                3.30125
anon155                                3.28445
anon140                                3.48612
anon157                                3.26764
anon142                                3.50293
anon159                                3.25084
anon160                                3.11641
anon146                                3.13321
anon161                                3.09961
anon163                                 3.0828
anon148                                3.15001
anon165                                  3.066
anon150                                3.16682
anon152                                3.18362
anon167                                 3.0492
anon154                                3.20043
anon169                                 3.0324
anon171                                 3.0156
anon156                                3.21723
anon158                                3.23403
anon173                                2.99879
anon175                                2.98199
anon176                                2.84759
anon162                                2.86439
anon177                                2.83079
anon164                                2.88119
anon179                                2.81399
anon181                                2.79719
anon166                                2.89799
anon168                                2.91479
anon183                                2.78039
anon170                                2.93159
anon185                                2.76359
anon187                                2.74679
anon172                                2.94839
anon174                                2.96519
anon189                                   2.73
anon191                                 2.7132
anon192                                2.57882
anon193                                2.56202
anon178                                2.59561
anon195                                2.54522
anon180                                2.61241
anon182                                2.62921
anon197                                2.52843
anon184                                2.64601
anon199                                2.51163
anon201                                2.49484
anon186                                 2.6628
anon188                                 2.6796
anon203                                2.47804
anon190                                 2.6964
anon205                                2.46124
anon207                                2.44445
anon208                                2.31009
anon209                                 2.2933
anon194                                2.32688
anon211                                 2.2765
anon196                                2.34368
anon198                                2.36047
anon213                                2.25971
anon215                                2.24291
anon200                                2.37727
anon202                                2.39406
anon217                                2.22612
anon219                                2.20933
anon204                                2.41086
anon221                                2.19253
anon206                                2.42765
anon223                                2.17574
anon224                                 2.0414
anon210                                2.05819
anon225                                2.02461
anon227                                2.00782
anon212                                2.07499
anon214                                2.09178
anon229                                1.99103
anon231                                1.97424
anon216                                2.10857
anon218                                2.12536
anon233                                1.95745
anon235                                1.94065
anon220                                2.14216
anon237                                1.92386
anon222                                2.15895
anon239                                1.90707
anon240                                1.77275
anon241                                1.75596
anon226                                1.78954
anon243                                1.73917
anon228                                1.80633
anon230                                1.82312
anon245                                1.72238
anon247                                1.70559
anon232                                1.83991
anon249                                 1.6888
anon234                                 1.8567
anon236                                1.87349
anon251                                1.67201
anon253                                1.65522
anon238                                1.89028
anon255                                1.63843
anon256                                1.50413
anon242                                1.52092
anon257                                1.48734
anon244                                 1.5377
anon259                                1.47055
anon261                                1.45376
anon246                                1.55449
anon263                                1.43698
anon248                                1.57128
anon265                                1.42019
anon250                                1.58807
anon252                                1.60486
anon267                                 1.4034
anon269                                1.38661
anon254                                1.62165
anon271                                1.36983
anon272                                1.23553
anon273                                1.21874
anon258                                1.25232
anon275                                1.20196
anon260                                 1.2691
anon262                                1.28589
anon277                                1.18517
anon279                                1.16838
anon264                                1.30268
anon281                                 1.1516
anon266                                1.31946
anon268                                1.33625
anon283                                1.13481
anon285                                1.11803
anon270                                1.35304
anon287                                1.10124
anon274                               0.983739
anon276                                1.00053
anon278                                1.01731
anon280                                 1.0341
anon282                                1.05088
anon284                                1.06767
anon286                                1.08445
outcap                             7.83257e-08
vimeas#branch                      3.44222e-05
vin#branch                        -3.53265e-08
vgnd_logic#branch                  7.47654e-05
vsup_drv#branch                    -7.4425e-05
vsup_logic#branch                 -3.41258e-07

 Reference value :  3.57276e-08
 Reference value :  1.48828e-07
 Reference value :  2.66528e-07
 Reference value :  3.54716e-07
 Reference value :  4.74316e-07
 Reference value :  5.97416e-07
No. of Data Rows : 7204
trise10_90          =  6.18919e-09 targ=  2.95912e-08 trig=  2.34020e-08
tfall10_90          =  5.82715e-09 targ=  3.29809e-07 trig=  3.23981e-07
tpdlh               =  5.33609e-09 targ=  2.58361e-08 trig=  2.05000e-08
tpdhl               =  5.09101e-09 targ=  3.26591e-07 trig=  3.21500e-07
lockout_at_in_high  =  -1.56302e-06
vout_at_in_high     =  5.00000e+00
vdrv_at_in_high     =  5.00000e+00
m_trise_s = 6.1891920000e-09
m_tfall_s = 5.8271510000e-09
m_tpdlh_s = 5.3360930000e-09
m_tpdhl_s = 5.0910140000e-09
m_ipeak_source_a = 8.5458006438e-01
m_ipeak_sink_a = 7.8053275803e-01
m_vout_max_v = 5.0055815192e+00
m_vout_min_v = -3.504231357e-03
m_vin_max_v = 3.3000000000e+00
m_vin_min_v = 0.0000000000e+00
m_indrv_max_v = 5.0231900666e+00
m_indrv_min_v = -1.182571067e-02
m_n1_max_v = 5.1056461915e+00
m_n1_min_v = -5.373094986e-02
m_n2_max_v = 5.0767123327e+00
m_n2_min_v = -4.165079352e-02
m_n3_max_v = 5.0604146793e+00
m_n3_min_v = -3.152370983e-02
m_n4_max_v = 5.0598675865e+00
m_n4_min_v = -3.180577157e-02
m_n5_max_v = 5.0608904319e+00
m_n5_min_v = -3.267490062e-02
m_uvlo_lockout_at_in_high = -1.563015000e-06
m_uvlo_vout_at_in_high_v = 4.9999980000e+00
m_uvlo_vdrv_at_in_high_v = 5.0000000000e+00
Note: Simulation executed from .control section 

Note: vimeas: has no value, DC 0 assumed
Warning: singular matrix:  check node anon293

Note: Starting dynamic gmin stepping
Warning: singular matrix:  check node anon293

Warning: Dynamic gmin stepping failed
Note: Starting true gmin stepping
Warning: singular matrix:  check node anon293

Warning: singular matrix:  check node anon293

Warning: singular matrix:  check node anon293

Warning: singular matrix:  check node anon293

Warning: True gmin stepping failed
Note: Starting source stepping
Warning: source stepping failed
Note: Transient op started
Note: Transient op finished successfully
