
Note: No compatibility mode selected!


Circuit: * gate-driver-core-drive-with-uvlo-postlayout @ tt_125c_vlogic3p30v-vdrv6p00v -- generated by sim/harness, do not edit

Doing analysis at TEMP = 125.000000 and TNOM = 27.000000

Using SPARSE 1.3 as Direct Linear Solver

Initial Transient Solution
--------------------------

Node                                   Voltage
----                                   -------
x1_inb                                     3.3
in                                           0
gnd_logic                                    0
x1_na                                  2.43089
x1_nb                             -6.30323e-09
gnd_drv                           -3.91596e-08
x2_n3                                        6
x2_n4                              6.09941e-09
x2_n5                                        6
out                               -3.11823e-08
x3_lockout                        -3.15994e-08
in_drv                            -2.03575e-08
x1_nbuf1                                     6
x1_ncb                            -4.30304e-08
x1_nca                                 5.99999
vdd_logic                                  3.3
x2_n1                                        6
x2_n2                              8.76205e-09
x3_ncompn                              5.99998
x3_nref                               0.679029
x3_ntail                              0.385427
x3_ncompp                               5.1074
x3_ndiv                                1.16035
x3_uvlo_ok                             5.99988
vdd_drv                                      6
anon293                           -3.86436e-08
anon294                           -3.33495e-08
anon295                           -2.72277e-08
anon22                                 5.55658
anon23                                 5.11317
anon26                                 4.66975
anon27                                 4.22634
anon30                                 3.78292
anon31                                 3.33951
anon21                                 1.12244
anon24                                 1.56586
anon25                                 2.00927
anon28                                 2.45268
anon29                                  2.8961
anon32                                 5.69752
anon33                                 5.39504
anon34                                 5.09256
anon35                                 4.79008
anon36                                  4.4876
anon37                                 4.18512
anon38                                 3.88264
anon39                                 3.58017
anon40                                 1.46282
anon42                                  1.7653
anon44                                 2.06778
anon45                                 2.37025
anon46                                 2.67273
anon47                                 2.97521
anon48                                 3.27769
anon49                                 5.97968
anon41                                0.773563
anon50                                 5.95948
anon43                                0.386782
anon51                                 5.93928
anon52                                 5.91908
anon53                                 5.89889
anon54                                 5.87869
anon55                                 5.85849
anon56                                 5.83829
anon57                                 5.67673
anon59                                 5.69693
anon60                                 5.71712
anon63                                 5.73732
anon65                                 5.75751
anon66                                 5.77771
anon69                                  5.7979
anon71                                  5.8181
anon58                                 5.65654
anon61                                 5.63635
anon62                                 5.61615
anon64                                 5.59596
anon67                                 5.57577
anon68                                 5.55558
anon70                                 5.53539
anon72                                  5.5152
anon73                                 5.35368
anon74                                 5.37387
anon76                                 5.39406
anon78                                 5.41425
anon81                                 5.43444
anon82                                 5.45463
anon84                                 5.47482
anon86                                 5.49501
anon75                                  5.3335
anon77                                 5.31331
anon79                                 5.29312
anon80                                 5.27293
anon83                                 5.25275
anon85                                 5.23256
anon87                                 5.21238
anon88                                 5.19219
anon89                                 5.03072
anon90                                 5.05091
anon91                                 5.01054
anon93                                 5.07109
anon94                                 4.99036
anon96                                 5.09127
anon97                                 4.97018
anon100                                5.11146
anon99                                    4.95
anon102                                4.92982
anon103                                5.13164
anon105                                5.15182
anon106                                4.90964
anon108                                5.17201
anon109                                4.88946
anon111                                4.86928
anon112                                4.70785
anon113                                4.68768
anon92                                 4.72803
anon115                                 4.6675
anon95                                 4.74821
anon117                                4.64732
anon98                                 4.76838
anon101                                4.78856
anon119                                4.62715
anon121                                4.60697
anon104                                4.80874
anon107                                4.82892
anon123                                 4.5868
anon110                                 4.8491
anon125                                4.56662
anon127                                4.54645
anon128                                4.38506
anon114                                4.40523
anon129                                4.36489
anon116                                 4.4254
anon131                                4.34472
anon133                                4.32454
anon118                                4.44558
anon120                                4.46575
anon135                                4.30437
anon137                                 4.2842
anon122                                4.48592
anon139                                4.26403
anon124                                 4.5061
anon141                                4.24386
anon126                                4.52627
anon143                                4.22369
anon144                                4.06234
anon130                                4.08251
anon145                                4.04217
anon147                                4.02201
anon132                                4.10268
anon134                                4.12285
anon149                                4.00184
anon151                                3.98167
anon136                                4.14301
anon138                                4.16318
anon153                                3.96151
anon155                                3.94134
anon140                                4.18335
anon157                                3.92118
anon142                                4.20352
anon159                                3.90101
anon160                                3.73969
anon146                                3.75986
anon161                                3.71953
anon163                                3.69937
anon148                                3.78002
anon165                                3.67921
anon150                                3.80019
anon152                                3.82035
anon167                                3.65904
anon154                                3.84051
anon169                                3.63888
anon171                                3.61872
anon156                                3.86068
anon158                                3.88084
anon173                                3.59856
anon175                                3.57839
anon176                                3.41711
anon162                                3.43727
anon177                                3.39695
anon164                                3.45743
anon179                                3.37679
anon181                                3.35663
anon166                                3.47759
anon168                                3.49775
anon183                                3.33647
anon170                                3.51791
anon185                                3.31631
anon187                                3.29616
anon172                                3.53807
anon174                                3.55823
anon189                                  3.276
anon191                                3.25584
anon192                                3.09458
anon193                                3.07443
anon178                                3.11474
anon195                                3.05427
anon180                                 3.1349
anon182                                3.15505
anon197                                3.03412
anon184                                3.17521
anon199                                3.01396
anon201                                2.99381
anon186                                3.19537
anon188                                3.21552
anon203                                2.97365
anon190                                3.23568
anon205                                 2.9535
anon207                                2.93334
anon208                                2.77211
anon209                                2.75196
anon194                                2.79226
anon211                                2.73181
anon196                                2.81242
anon198                                2.83257
anon213                                2.71165
anon215                                 2.6915
anon200                                2.85272
anon202                                2.87288
anon217                                2.67135
anon219                                 2.6512
anon204                                2.89303
anon221                                2.63104
anon206                                2.91319
anon223                                2.61089
anon224                                2.44969
anon210                                2.46984
anon225                                2.42954
anon227                                2.40939
anon212                                2.48999
anon214                                2.51014
anon229                                2.38924
anon231                                2.36909
anon216                                2.53029
anon218                                2.55044
anon233                                2.34894
anon235                                2.32879
anon220                                2.57059
anon237                                2.30864
anon222                                2.59074
anon239                                2.28849
anon240                                 2.1273
anon241                                2.10715
anon226                                2.14745
anon243                                2.08701
anon228                                 2.1676
anon230                                2.18775
anon245                                2.06686
anon247                                2.04671
anon232                                2.20789
anon249                                2.02656
anon234                                2.22804
anon236                                2.24819
anon251                                2.00642
anon253                                1.98627
anon238                                2.26834
anon255                                1.96612
anon256                                1.80495
anon242                                 1.8251
anon257                                1.78481
anon244                                1.84525
anon259                                1.76466
anon261                                1.74452
anon246                                1.86539
anon263                                1.72437
anon248                                1.88554
anon265                                1.70423
anon250                                1.90568
anon252                                1.92583
anon267                                1.68408
anon269                                1.66394
anon254                                1.94598
anon271                                1.64379
anon272                                1.48264
anon273                                1.46249
anon258                                1.50278
anon275                                1.44235
anon260                                1.52292
anon262                                1.54307
anon277                                1.42221
anon279                                1.40206
anon264                                1.56321
anon281                                1.38192
anon266                                1.58336
anon268                                 1.6035
anon283                                1.36177
anon285                                1.34163
anon270                                1.62365
anon287                                1.32149
anon274                                1.18049
anon276                                1.20063
anon278                                1.22077
anon280                                1.24092
anon282                                1.26106
anon284                                 1.2812
anon286                                1.30135
outcap                            -3.11823e-08
vimeas#branch                     -3.77724e-05
vin#branch                         3.87087e-08
vgnd_logic#branch                 -3.89315e-05
vsup_drv#branch                    3.85536e-05
vsup_logic#branch                  3.76948e-07

 Reference value :  3.95806e-08
 Reference value :  1.44081e-07
 Reference value :  2.61181e-07
 Reference value :  3.53993e-07
 Reference value :  4.66593e-07
 Reference value :  5.87293e-07
No. of Data Rows : 7194
trise10_90          =  5.42341e-09 targ=  2.83198e-08 trig=  2.28964e-08
tfall10_90          =  5.57496e-09 targ=  3.29208e-07 trig=  3.23633e-07
tpdlh               =  4.42071e-09 targ=  2.49207e-08 trig=  2.05000e-08
tpdhl               =  4.49599e-09 targ=  3.25996e-07 trig=  3.21500e-07
lockout_at_in_high  =  -6.22088e-07
vout_at_in_high     =  6.00000e+00
vdrv_at_in_high     =  6.00000e+00
m_trise_s = 5.4234110000e-09
m_tfall_s = 5.5749640000e-09
m_tpdlh_s = 4.4207120000e-09
m_tpdhl_s = 4.4959870000e-09
m_ipeak_source_a = 1.2392264633e+00
m_ipeak_sink_a = 1.0447276655e+00
m_vout_max_v = 6.0043210898e+00
m_vout_min_v = -2.625207276e-03
m_vin_max_v = 3.3000000000e+00
m_vin_min_v = 0.0000000000e+00
m_indrv_max_v = 6.0004268644e+00
m_indrv_min_v = -5.221280092e-04
m_n1_max_v = 6.0859367474e+00
m_n1_min_v = -4.015959375e-02
m_n2_max_v = 6.0724925689e+00
m_n2_min_v = -4.014141364e-02
m_n3_max_v = 6.0494122099e+00
m_n3_min_v = -2.883726807e-02
m_n4_max_v = 6.0467389907e+00
m_n4_min_v = -2.769854164e-02
m_n5_max_v = 6.0469329573e+00
m_n5_min_v = -2.766641258e-02
m_uvlo_lockout_at_in_high = -6.220879000e-07
m_uvlo_vout_at_in_high_v = 5.9999990000e+00
m_uvlo_vdrv_at_in_high_v = 6.0000000000e+00
Note: Simulation executed from .control section 

Note: vimeas: has no value, DC 0 assumed
Warning: singular matrix:  check node anon295

Note: Starting dynamic gmin stepping
Warning: singular matrix:  check node anon293

Warning: Dynamic gmin stepping failed
Note: Starting true gmin stepping
Warning: singular matrix:  check node anon293

Warning: singular matrix:  check node anon293

Warning: singular matrix:  check node anon293

Warning: singular matrix:  check node anon293

Warning: True gmin stepping failed
Note: Starting source stepping
Warning: source stepping failed
Note: Transient op started
Note: Transient op finished successfully
