
Note: No compatibility mode selected!


Circuit: * gate-driver-core-drive-with-uvlo-postlayout @ tt_125c_vlogic3p63v-vdrv5p50v -- generated by sim/harness, do not edit

Doing analysis at TEMP = 125.000000 and TNOM = 27.000000

Using SPARSE 1.3 as Direct Linear Solver

Initial Transient Solution
--------------------------

Node                                   Voltage
----                                   -------
x1_inb                                    3.63
in                                           0
gnd_logic                                    0
x1_na                                   2.6894
x1_nb                             -6.70961e-08
gnd_drv                           -3.69397e-08
x2_n3                                      5.5
x2_n4                              4.92552e-09
x2_n5                                      5.5
out                               -2.94454e-08
x3_lockout                        -2.98002e-08
in_drv                            -1.32009e-09
x1_nbuf1                                   5.5
x1_ncb                            -2.94578e-09
x1_nca                                 5.49999
vdd_logic                                 3.63
x2_n1                                      5.5
x2_n2                              7.51983e-09
x3_ncompn                              5.49987
x3_nref                               0.671786
x3_ntail                              0.317448
x3_ncompp                              4.62298
x3_ndiv                                1.06365
x3_uvlo_ok                             5.49988
vdd_drv                                    5.5
anon293                           -3.75891e-09
anon294                           -3.70874e-09
anon295                           -2.87071e-09
anon22                                 5.09765
anon23                                  4.6953
anon26                                 4.29294
anon27                                 3.89059
anon30                                 3.48824
anon31                                 3.08589
anon21                                 1.07414
anon24                                 1.47649
anon25                                 1.87884
anon28                                 2.28119
anon29                                 2.68354
anon32                                 5.22273
anon33                                 4.94545
anon34                                 4.66818
anon35                                 4.39091
anon36                                 4.11364
anon37                                 3.83636
anon38                                 3.55909
anon39                                 3.28182
anon40                                 1.34092
anon42                                 1.61819
anon44                                 1.89546
anon45                                 2.17273
anon46                                    2.45
anon47                                 2.72728
anon48                                 3.00455
anon49                                 5.48137
anon41                                  0.7091
anon50                                 5.46285
anon43                                 0.35455
anon51                                 5.44433
anon52                                 5.42582
anon53                                  5.4073
anon54                                 5.38879
anon55                                 5.37028
anon56                                 5.35176
anon57                                 5.20366
anon59                                 5.22218
anon60                                 5.24069
anon63                                  5.2592
anon65                                 5.27771
anon66                                 5.29622
anon69                                 5.31474
anon71                                 5.33325
anon58                                 5.18515
anon61                                 5.16664
anon62                                 5.14813
anon64                                 5.12962
anon67                                 5.11112
anon68                                 5.09261
anon70                                  5.0741
anon72                                 5.05559
anon73                                 4.90754
anon74                                 4.92604
anon76                                 4.94455
anon78                                 4.96305
anon81                                 4.98156
anon82                                 5.00007
anon84                                 5.01857
anon86                                 5.03708
anon75                                 4.88903
anon77                                 4.87053
anon79                                 4.85202
anon80                                 4.83352
anon83                                 4.81501
anon85                                 4.79651
anon87                                 4.77801
anon88                                  4.7595
anon89                                 4.61149
anon90                                 4.62999
anon91                                 4.59299
anon93                                 4.64849
anon94                                 4.57449
anon96                                 4.66699
anon97                                 4.55599
anon100                                 4.6855
anon99                                 4.53749
anon102                                4.51899
anon103                                  4.704
anon105                                 4.7225
anon106                                 4.5005
anon108                                  4.741
anon109                                  4.482
anon111                                 4.4635
anon112                                4.31553
anon113                                4.29703
anon92                                 4.33402
anon115                                4.27854
anon95                                 4.35252
anon117                                4.26004
anon98                                 4.37101
anon101                                4.38951
anon119                                4.24155
anon121                                4.22305
anon104                                4.40801
anon107                                 4.4265
anon123                                4.20456
anon110                                  4.445
anon125                                4.18606
anon127                                4.16757
anon128                                4.01963
anon114                                4.03812
anon129                                4.00114
anon116                                4.05662
anon131                                3.98265
anon133                                3.96416
anon118                                4.07511
anon120                                 4.0936
anon135                                3.94567
anon137                                3.92718
anon122                                4.11209
anon139                                3.90869
anon124                                4.13058
anon141                                 3.8902
anon126                                4.14908
anon143                                3.87171
anon144                                3.72381
anon130                                 3.7423
anon145                                3.70532
anon147                                3.68684
anon132                                3.76078
anon134                                3.77927
anon149                                3.66835
anon151                                3.64986
anon136                                3.79776
anon138                                3.81625
anon153                                3.63138
anon155                                3.61289
anon140                                3.83474
anon157                                3.59441
anon142                                3.85322
anon159                                3.57592
anon160                                3.42805
anon146                                3.44653
anon161                                3.40957
anon163                                3.39108
anon148                                3.46502
anon165                                 3.3726
anon150                                 3.4835
anon152                                3.50198
anon167                                3.35412
anon154                                3.52047
anon169                                3.33564
anon171                                3.31715
anon156                                3.53895
anon158                                3.55744
anon173                                3.29867
anon175                                3.28019
anon176                                3.13235
anon162                                3.15083
anon177                                3.11387
anon164                                3.16931
anon179                                3.09539
anon181                                3.07691
anon166                                3.18779
anon168                                3.20627
anon183                                3.05843
anon170                                3.22475
anon185                                3.03995
anon187                                3.02147
anon172                                3.24323
anon174                                3.26171
anon189                                  3.003
anon191                                2.98452
anon192                                 2.8367
anon193                                2.81822
anon178                                2.85518
anon195                                2.79975
anon180                                2.87365
anon182                                2.89213
anon197                                2.78127
anon184                                2.91061
anon199                                2.76279
anon201                                2.74432
anon186                                2.92908
anon188                                2.94756
anon203                                2.72584
anon190                                2.96604
anon205                                2.70737
anon207                                2.68889
anon208                                 2.5411
anon209                                2.52263
anon194                                2.55957
anon211                                2.50415
anon196                                2.57805
anon198                                2.59652
anon213                                2.48568
anon215                                2.46721
anon200                                  2.615
anon202                                2.63347
anon217                                2.44873
anon219                                2.43026
anon204                                2.65194
anon221                                2.41179
anon206                                2.67042
anon223                                2.39332
anon224                                2.24554
anon210                                2.26401
anon225                                2.22707
anon227                                 2.2086
anon212                                2.28249
anon214                                2.30096
anon229                                2.19013
anon231                                2.17166
anon216                                2.31943
anon218                                 2.3379
anon233                                2.15319
anon235                                2.13472
anon220                                2.35637
anon237                                2.11625
anon222                                2.37484
anon239                                2.09778
anon240                                1.95002
anon241                                1.93156
anon226                                1.96849
anon243                                1.91309
anon228                                1.98696
anon230                                2.00543
anon245                                1.89462
anon247                                1.87615
anon232                                 2.0239
anon249                                1.85768
anon234                                2.04237
anon236                                2.06084
anon251                                1.83921
anon253                                1.82075
anon238                                2.07931
anon255                                1.80228
anon256                                1.65454
anon242                                1.67301
anon257                                1.63607
anon244                                1.69147
anon259                                1.61761
anon261                                1.59914
anon246                                1.70994
anon263                                1.58067
anon248                                1.72841
anon265                                1.56221
anon250                                1.74688
anon252                                1.76534
anon267                                1.54374
anon269                                1.52527
anon254                                1.78381
anon271                                1.50681
anon272                                1.35908
anon273                                1.34062
anon258                                1.37755
anon275                                1.32215
anon260                                1.39601
anon262                                1.41448
anon277                                1.30369
anon279                                1.28522
anon264                                1.43294
anon281                                1.26676
anon266                                1.45141
anon268                                1.46988
anon283                                1.24829
anon285                                1.22983
anon270                                1.48834
anon287                                1.21136
anon274                                1.08211
anon276                                1.10058
anon278                                1.11904
anon280                                1.13751
anon282                                1.15597
anon284                                1.17443
anon286                                 1.1929
outcap                            -2.94454e-08
vimeas#branch                     -3.50215e-05
vin#branch                         3.58928e-08
vgnd_logic#branch                 -3.67356e-05
vsup_drv#branch                    3.63838e-05
vsup_logic#branch                  3.50855e-07

 Reference value :  4.28590e-08
 Reference value :  1.29859e-07
 Reference value :  2.34859e-07
 Reference value :  3.22651e-07
 Reference value :  4.40971e-07
 Reference value :  5.51871e-07
 Reference value :  6.74271e-07
No. of Data Rows : 7191
trise10_90          =  5.76836e-09 targ=  2.88507e-08 trig=  2.30824e-08
tfall10_90          =  5.74089e-09 targ=  3.29431e-07 trig=  3.23690e-07
tpdlh               =  4.74304e-09 targ=  2.52430e-08 trig=  2.05000e-08
tpdhl               =  4.62207e-09 targ=  3.26122e-07 trig=  3.21500e-07
lockout_at_in_high  =  -5.01951e-08
vout_at_in_high     =  5.50000e+00
vdrv_at_in_high     =  5.50000e+00
m_trise_s = 5.7683610000e-09
m_tfall_s = 5.7408850000e-09
m_tpdlh_s = 4.7430440000e-09
m_tpdhl_s = 4.6220740000e-09
m_ipeak_source_a = 1.0628123157e+00
m_ipeak_sink_a = 9.3121709375e-01
m_vout_max_v = 5.5043063854e+00
m_vout_min_v = -2.628676683e-03
m_vin_max_v = 3.6300000000e+00
m_vin_min_v = 0.0000000000e+00
m_indrv_max_v = 5.5006502858e+00
m_indrv_min_v = -5.561223521e-04
m_n1_max_v = 5.5858118706e+00
m_n1_min_v = -4.199981524e-02
m_n2_max_v = 5.5703177030e+00
m_n2_min_v = -3.911414658e-02
m_n3_max_v = 5.5502730903e+00
m_n3_min_v = -2.846326001e-02
m_n4_max_v = 5.5479657260e+00
m_n4_min_v = -2.774553374e-02
m_n5_max_v = 5.5484072206e+00
m_n5_min_v = -2.761338146e-02
m_uvlo_lockout_at_in_high = -5.019514000e-08
m_uvlo_vout_at_in_high_v = 5.5000000000e+00
m_uvlo_vdrv_at_in_high_v = 5.5000000000e+00
Note: Simulation executed from .control section 

Note: vimeas: has no value, DC 0 assumed
Warning: singular matrix:  check node anon295

Note: Starting dynamic gmin stepping
Warning: singular matrix:  check node anon293

Warning: Dynamic gmin stepping failed
Note: Starting true gmin stepping
Warning: singular matrix:  check node anon293

Warning: singular matrix:  check node anon293

Warning: singular matrix:  check node anon293

Warning: singular matrix:  check node anon293

Warning: True gmin stepping failed
Note: Starting source stepping
Warning: source stepping failed
Note: Transient op started
Note: Transient op finished successfully
