
Note: No compatibility mode selected!


Circuit: * gate-driver-core-drive-with-uvlo-postlayout @ tt_27c_vlogic3p63v-vdrv5p50v -- generated by sim/harness, do not edit

Doing analysis at TEMP = 27.000000 and TNOM = 27.000000

Using SPARSE 1.3 as Direct Linear Solver

Initial Transient Solution
--------------------------

Node                                   Voltage
----                                   -------
x1_inb                                    3.63
in                                           0
gnd_logic                                    0
x1_na                                  2.65572
x1_nb                              4.62687e-07
gnd_drv                            8.30595e-08
x2_n3                                      5.5
x2_n4                              4.85427e-08
x2_n5                                      5.5
out                                8.61634e-08
x3_lockout                         8.55533e-08
in_drv                            -4.80527e-08
x1_nbuf1                                   5.5
x1_ncb                            -2.27962e-07
x1_nca                                     5.5
vdd_logic                                 3.63
x2_n1                                      5.5
x2_n2                              4.34122e-08
x3_ncompn                              5.49989
x3_nref                               0.762395
x3_ntail                              0.253716
x3_ncompp                              4.52833
x3_ndiv                                1.06365
x3_uvlo_ok                             5.49991
vdd_drv                                    5.5
anon293                           -1.83871e-07
anon294                           -1.39148e-07
anon295                           -9.38541e-08
anon22                                  5.1052
anon23                                  4.7104
anon26                                  4.3156
anon27                                 3.92079
anon30                                 3.52599
anon31                                 3.13119
anon21                                 1.15719
anon24                                 1.55199
anon25                                 1.94679
anon28                                 2.34159
anon29                                 2.73639
anon32                                 5.22273
anon33                                 4.94545
anon34                                 4.66818
anon35                                 4.39091
anon36                                 4.11364
anon37                                 3.83636
anon38                                 3.55909
anon39                                 3.28182
anon40                                 1.34092
anon42                                 1.61819
anon44                                 1.89546
anon45                                 2.17273
anon46                                    2.45
anon47                                 2.72728
anon48                                 3.00455
anon49                                 5.48139
anon41                                  0.7091
anon50                                 5.46288
anon43                                 0.35455
anon51                                 5.44436
anon52                                 5.42585
anon53                                 5.40733
anon54                                 5.38882
anon55                                  5.3703
anon56                                 5.35179
anon57                                 5.20369
anon59                                  5.2222
anon60                                 5.24071
anon63                                 5.25922
anon65                                 5.27774
anon66                                 5.29625
anon69                                 5.31476
anon71                                 5.33327
anon58                                 5.18518
anon61                                 5.16667
anon62                                 5.14816
anon64                                 5.12965
anon67                                 5.11114
anon68                                 5.09263
anon70                                 5.07412
anon72                                 5.05561
anon73                                 4.90756
anon74                                 4.92606
anon76                                 4.94457
anon78                                 4.96308
anon81                                 4.98158
anon82                                 5.00009
anon84                                  5.0186
anon86                                 5.03711
anon75                                 4.88905
anon77                                 4.87055
anon79                                 4.85204
anon80                                 4.83354
anon83                                 4.81504
anon85                                 4.79653
anon87                                 4.77803
anon88                                 4.75953
anon89                                 4.61151
anon90                                 4.63001
anon91                                 4.59301
anon93                                 4.64851
anon94                                 4.57451
anon96                                 4.66702
anon97                                 4.55601
anon100                                4.68552
anon99                                 4.53751
anon102                                4.51901
anon103                                4.70402
anon105                                4.72252
anon106                                4.50052
anon108                                4.74102
anon109                                4.48202
anon111                                4.46352
anon112                                4.31554
anon113                                4.29705
anon92                                 4.33404
anon115                                4.27855
anon95                                 4.35254
anon117                                4.26006
anon98                                 4.37103
anon101                                4.38953
anon119                                4.24156
anon121                                4.22307
anon104                                4.40803
anon107                                4.42652
anon123                                4.20458
anon110                                4.44502
anon125                                4.18608
anon127                                4.16759
anon128                                4.01965
anon114                                4.03814
anon129                                4.00116
anon116                                4.05663
anon131                                3.98267
anon133                                3.96418
anon118                                4.07513
anon120                                4.09362
anon135                                3.94569
anon137                                 3.9272
anon122                                4.11211
anon139                                3.90871
anon124                                 4.1306
anon141                                3.89022
anon126                                 4.1491
anon143                                3.87173
anon144                                3.72383
anon130                                3.74231
anon145                                3.70534
anon147                                3.68685
anon132                                 3.7608
anon134                                3.77929
anon149                                3.66837
anon151                                3.64988
anon136                                3.79778
anon138                                3.81626
anon153                                3.63139
anon155                                3.61291
anon140                                3.83475
anon157                                3.59442
anon142                                3.85324
anon159                                3.57594
anon160                                3.42806
anon146                                3.44655
anon161                                3.40958
anon163                                 3.3911
anon148                                3.46503
anon165                                3.37261
anon150                                3.48351
anon152                                  3.502
anon167                                3.35413
anon154                                3.52048
anon169                                3.33565
anon171                                3.31717
anon156                                3.53897
anon158                                3.55745
anon173                                3.29869
anon175                                 3.2802
anon176                                3.13236
anon162                                3.15084
anon177                                3.11388
anon164                                3.16932
anon179                                 3.0954
anon181                                3.07692
anon166                                 3.1878
anon168                                3.20628
anon183                                3.05844
anon170                                3.22476
anon185                                3.03996
anon187                                3.02149
anon172                                3.24324
anon174                                3.26172
anon189                                3.00301
anon191                                2.98453
anon192                                2.83671
anon193                                2.81823
anon178                                2.85519
anon195                                2.79976
anon180                                2.87366
anon182                                2.89214
anon197                                2.78128
anon184                                2.91062
anon199                                2.76281
anon201                                2.74433
anon186                                 2.9291
anon188                                2.94757
anon203                                2.72585
anon190                                2.96605
anon205                                2.70738
anon207                                 2.6889
anon208                                2.54111
anon209                                2.52263
anon194                                2.55958
anon211                                2.50416
anon196                                2.57806
anon198                                2.59653
anon213                                2.48569
anon215                                2.46721
anon200                                  2.615
anon202                                2.63348
anon217                                2.44874
anon219                                2.43027
anon204                                2.65195
anon221                                 2.4118
anon206                                2.67043
anon223                                2.39332
anon224                                2.24555
anon210                                2.26402
anon225                                2.22708
anon227                                2.20861
anon212                                2.28249
anon214                                2.30096
anon229                                2.19014
anon231                                2.17167
anon216                                2.31944
anon218                                2.33791
anon233                                 2.1532
anon235                                2.13473
anon220                                2.35638
anon237                                2.11626
anon222                                2.37485
anon239                                2.09779
anon240                                1.95003
anon241                                1.93156
anon226                                 1.9685
anon243                                1.91309
anon228                                1.98697
anon230                                2.00544
anon245                                1.89462
anon247                                1.87616
anon232                                2.02391
anon249                                1.85769
anon234                                2.04238
anon236                                2.06085
anon251                                1.83922
anon253                                1.82075
anon238                                2.07932
anon255                                1.80228
anon256                                1.65454
anon242                                1.67301
anon257                                1.63608
anon244                                1.69148
anon259                                1.61761
anon261                                1.59914
anon246                                1.70994
anon263                                1.58068
anon248                                1.72841
anon265                                1.56221
anon250                                1.74688
anon252                                1.76535
anon267                                1.54374
anon269                                1.52528
anon254                                1.78382
anon271                                1.50681
anon272                                1.35909
anon273                                1.34062
anon258                                1.37755
anon275                                1.32215
anon260                                1.39602
anon262                                1.41448
anon277                                1.30369
anon279                                1.28522
anon264                                1.43295
anon281                                1.26676
anon266                                1.45141
anon268                                1.46988
anon283                                1.24829
anon285                                1.22983
anon270                                1.48834
anon287                                1.21136
anon274                                1.08211
anon276                                1.10058
anon278                                1.11904
anon280                                1.13751
anon282                                1.15597
anon284                                1.17444
anon286                                 1.1929
outcap                             8.61634e-08
vimeas#branch                      3.70453e-05
vin#branch                        -4.29555e-08
vgnd_logic#branch                  8.28418e-05
vsup_drv#branch                   -8.25383e-05
vsup_logic#branch                 -3.04372e-07

 Reference value :  3.48161e-08
 Reference value :  1.41216e-07
 Reference value :  2.56516e-07
 Reference value :  3.53045e-07
 Reference value :  4.62445e-07
 Reference value :  5.77945e-07
 Reference value :  6.95845e-07
No. of Data Rows : 7213
trise10_90          =  4.75761e-09 targ=  2.74129e-08 trig=  2.26553e-08
tfall10_90          =  4.62864e-09 targ=  3.27976e-07 trig=  3.23348e-07
tpdlh               =  4.00767e-09 targ=  2.45077e-08 trig=  2.05000e-08
tpdhl               =  3.89655e-09 targ=  3.25397e-07 trig=  3.21500e-07
lockout_at_in_high  =  -1.53081e-06
vout_at_in_high     =  5.50000e+00
vdrv_at_in_high     =  5.50000e+00
m_trise_s = 4.7576110000e-09
m_tfall_s = 4.6286350000e-09
m_tpdlh_s = 4.0076690000e-09
m_tpdhl_s = 3.8965510000e-09
m_ipeak_source_a = 1.2326731274e+00
m_ipeak_sink_a = 1.0996477521e+00
m_vout_max_v = 5.5047336780e+00
m_vout_min_v = -2.887170655e-03
m_vin_max_v = 3.6300000000e+00
m_vin_min_v = 0.0000000000e+00
m_indrv_max_v = 5.5002664728e+00
m_indrv_min_v = -3.961670992e-04
m_n1_max_v = 5.5944749025e+00
m_n1_min_v = -4.510872841e-02
m_n2_max_v = 5.5729536280e+00
m_n2_min_v = -4.044401702e-02
m_n3_max_v = 5.5539978375e+00
m_n3_min_v = -2.926783678e-02
m_n4_max_v = 5.5517007875e+00
m_n4_min_v = -2.892976667e-02
m_n5_max_v = 5.5526042487e+00
m_n5_min_v = -2.918272680e-02
m_uvlo_lockout_at_in_high = -1.530807000e-06
m_uvlo_vout_at_in_high_v = 5.4999980000e+00
m_uvlo_vdrv_at_in_high_v = 5.5000000000e+00
Note: Simulation executed from .control section 

Note: vimeas: has no value, DC 0 assumed
Warning: singular matrix:  check node anon293

Note: Starting dynamic gmin stepping
Warning: singular matrix:  check node anon293

Warning: Dynamic gmin stepping failed
Note: Starting true gmin stepping
Warning: singular matrix:  check node anon293

Warning: singular matrix:  check node anon293

Warning: singular matrix:  check node anon293

Warning: singular matrix:  check node anon293

Warning: True gmin stepping failed
Note: Starting source stepping
Warning: source stepping failed
Note: Transient op started
Note: Transient op finished successfully
