
Note: No compatibility mode selected!


Circuit: * gate-driver-core-drive-with-uvlo-postlayout @ tt_27c_vlogic3p30v-vdrv6p00v -- generated by sim/harness, do not edit

Doing analysis at TEMP = 27.000000 and TNOM = 27.000000

Using SPARSE 1.3 as Direct Linear Solver

Initial Transient Solution
--------------------------

Node                                   Voltage
----                                   -------
x1_inb                                     3.3
in                                           0
gnd_logic                                    0
x1_na                                  2.38653
x1_nb                              4.40779e-07
gnd_drv                            9.13031e-08
x2_n3                                        6
x2_n4                               5.3899e-08
x2_n5                                        6
out                                9.45709e-08
x3_lockout                         9.40747e-08
in_drv                            -3.44113e-08
x1_nbuf1                                     6
x1_ncb                            -2.04589e-07
x1_nca                                       6
vdd_logic                                  3.3
x2_n1                                        6
x2_n2                              4.83053e-08
x3_ncompn                              5.99999
x3_nref                               0.768427
x3_ntail                              0.322204
x3_ncompp                              5.01456
x3_ndiv                                1.16035
x3_uvlo_ok                             5.99991
vdd_drv                                      6
anon293                           -1.62973e-07
anon294                           -1.20695e-07
anon295                           -7.78191e-08
anon22                                 5.56403
anon23                                 5.12807
anon26                                  4.6921
anon27                                 4.25614
anon30                                 3.82017
anon31                                 3.38421
anon21                                 1.20439
anon24                                 1.64035
anon25                                 2.07632
anon28                                 2.51228
anon29                                 2.94825
anon32                                 5.69752
anon33                                 5.39504
anon34                                 5.09256
anon35                                 4.79008
anon36                                  4.4876
anon37                                 4.18512
anon38                                 3.88264
anon39                                 3.58017
anon40                                 1.46282
anon42                                  1.7653
anon44                                 2.06778
anon45                                 2.37025
anon46                                 2.67273
anon47                                 2.97521
anon48                                 3.27769
anon49                                 5.97971
anon41                                0.773564
anon50                                 5.95951
anon43                                0.386782
anon51                                 5.93931
anon52                                 5.91911
anon53                                 5.89891
anon54                                 5.87871
anon55                                 5.85852
anon56                                 5.83832
anon57                                 5.67676
anon59                                 5.69695
anon60                                 5.71715
anon63                                 5.73734
anon65                                 5.75753
anon66                                 5.77773
anon69                                 5.79793
anon71                                 5.81812
anon58                                 5.65656
anon61                                 5.63637
anon62                                 5.61618
anon64                                 5.59599
anon67                                 5.57579
anon68                                  5.5556
anon70                                 5.53541
anon72                                 5.51522
anon73                                 5.35371
anon74                                 5.37389
anon76                                 5.39408
anon78                                 5.41427
anon81                                 5.43446
anon82                                 5.45465
anon84                                 5.47484
anon86                                 5.49503
anon75                                 5.33352
anon77                                 5.31333
anon79                                 5.29314
anon80                                 5.27296
anon83                                 5.25277
anon85                                 5.23259
anon87                                  5.2124
anon88                                 5.19221
anon89                                 5.03075
anon90                                 5.05093
anon91                                 5.01056
anon93                                 5.07111
anon94                                 4.99038
anon96                                 5.09129
anon97                                  4.9702
anon100                                5.11148
anon99                                 4.95002
anon102                                4.92984
anon103                                5.13166
anon105                                5.15185
anon106                                4.90966
anon108                                5.17203
anon109                                4.88948
anon111                                 4.8693
anon112                                4.70787
anon113                                4.68769
anon92                                 4.72805
anon115                                4.66752
anon95                                 4.74823
anon117                                4.64734
anon98                                  4.7684
anon101                                4.78858
anon119                                4.62717
anon121                                4.60699
anon104                                4.80876
anon107                                4.82894
anon123                                4.58681
anon110                                4.84912
anon125                                4.56664
anon127                                4.54646
anon128                                4.38508
anon114                                4.40525
anon129                                4.36491
anon116                                4.42542
anon131                                4.34473
anon133                                4.32456
anon118                                 4.4456
anon120                                4.46577
anon135                                4.30439
anon137                                4.28422
anon122                                4.48594
anon139                                4.26405
anon124                                4.50612
anon141                                4.24388
anon126                                4.52629
anon143                                4.22371
anon144                                4.06236
anon130                                4.08253
anon145                                4.04219
anon147                                4.02202
anon132                                4.10269
anon134                                4.12286
anon149                                4.00186
anon151                                3.98169
anon136                                4.14303
anon138                                 4.1632
anon153                                3.96152
anon155                                3.94136
anon140                                4.18337
anon157                                3.92119
anon142                                4.20354
anon159                                3.90102
anon160                                3.73971
anon146                                3.75987
anon161                                3.71954
anon163                                3.69938
anon148                                3.78004
anon165                                3.67922
anon150                                 3.8002
anon152                                3.82036
anon167                                3.65906
anon154                                3.84053
anon169                                3.63889
anon171                                3.61873
anon156                                3.86069
anon158                                3.88086
anon173                                3.59857
anon175                                3.57841
anon176                                3.41712
anon162                                3.43728
anon177                                3.39696
anon164                                3.45744
anon179                                 3.3768
anon181                                3.35664
anon166                                 3.4776
anon168                                3.49776
anon183                                3.33649
anon170                                3.51792
anon185                                3.31633
anon187                                3.29617
anon172                                3.53808
anon174                                3.55825
anon189                                3.27601
anon191                                3.25585
anon192                                3.09459
anon193                                3.07444
anon178                                3.11475
anon195                                3.05428
anon180                                3.13491
anon182                                3.15506
anon197                                3.03413
anon184                                3.17522
anon199                                3.01397
anon201                                2.99382
anon186                                3.19538
anon188                                3.21554
anon203                                2.97366
anon190                                3.23569
anon205                                2.95351
anon207                                2.93335
anon208                                2.77212
anon209                                2.75197
anon194                                2.79227
anon211                                2.73181
anon196                                2.81243
anon198                                2.83258
anon213                                2.71166
anon215                                2.69151
anon200                                2.85273
anon202                                2.87289
anon217                                2.67136
anon219                                 2.6512
anon204                                2.89304
anon221                                2.63105
anon206                                 2.9132
anon223                                 2.6109
anon224                                2.44969
anon210                                2.46984
anon225                                2.42954
anon227                                2.40939
anon212                                2.48999
anon214                                2.51014
anon229                                2.38924
anon231                                2.36909
anon216                                 2.5303
anon218                                2.55045
anon233                                2.34894
anon235                                2.32879
anon220                                 2.5706
anon237                                2.30864
anon222                                2.59075
anon239                                2.28849
anon240                                2.12731
anon241                                2.10716
anon226                                2.14745
anon243                                2.08701
anon228                                 2.1676
anon230                                2.18775
anon245                                2.06686
anon247                                2.04672
anon232                                 2.2079
anon249                                2.02657
anon234                                2.22805
anon236                                 2.2482
anon251                                2.00642
anon253                                1.98627
anon238                                2.26835
anon255                                1.96613
anon256                                1.80496
anon242                                 1.8251
anon257                                1.78481
anon244                                1.84525
anon259                                1.76467
anon261                                1.74452
anon246                                 1.8654
anon263                                1.72437
anon248                                1.88554
anon265                                1.70423
anon250                                1.90569
anon252                                1.92583
anon267                                1.68408
anon269                                1.66394
anon254                                1.94598
anon271                                1.64379
anon272                                1.48264
anon273                                1.46249
anon258                                1.50278
anon275                                1.44235
anon260                                1.52293
anon262                                1.54307
anon277                                1.42221
anon279                                1.40206
anon264                                1.56322
anon281                                1.38192
anon266                                1.58336
anon268                                 1.6035
anon283                                1.36178
anon285                                1.34163
anon270                                1.62365
anon287                                1.32149
anon274                                1.18049
anon276                                1.20063
anon278                                1.22077
anon280                                1.24092
anon282                                1.26106
anon284                                 1.2812
anon286                                1.30135
outcap                             9.45709e-08
vimeas#branch                      3.99198e-05
vin#branch                        -4.39392e-08
vgnd_logic#branch                  9.10688e-05
vsup_drv#branch                   -9.07219e-05
vsup_logic#branch                 -3.47938e-07

 Reference value :  3.62351e-08
 Reference value :  1.45335e-07
 Reference value :  2.60635e-07
 Reference value :  3.49516e-07
 Reference value :  4.71216e-07
 Reference value :  5.92016e-07
No. of Data Rows : 7211
trise10_90          =  4.50384e-09 targ=  2.70125e-08 trig=  2.25086e-08
tfall10_90          =  4.48920e-09 targ=  3.27794e-07 trig=  3.23305e-07
tpdlh               =  3.76045e-09 targ=  2.42605e-08 trig=  2.05000e-08
tpdhl               =  3.79398e-09 targ=  3.25294e-07 trig=  3.21500e-07
lockout_at_in_high  =  -1.55040e-06
vout_at_in_high     =  6.00000e+00
vdrv_at_in_high     =  6.00000e+00
m_trise_s = 4.5038380000e-09
m_tfall_s = 4.4892050000e-09
m_tpdlh_s = 3.7604530000e-09
m_tpdhl_s = 3.7939790000e-09
m_ipeak_source_a = 1.4254668179e+00
m_ipeak_sink_a = 1.2340891002e+00
m_vout_max_v = 6.0047276124e+00
m_vout_min_v = -2.901772834e-03
m_vin_max_v = 3.3000000000e+00
m_vin_min_v = 0.0000000000e+00
m_indrv_max_v = 6.0001938089e+00
m_indrv_min_v = -3.762940901e-04
m_n1_max_v = 6.0926571622e+00
m_n1_min_v = -4.394197237e-02
m_n2_max_v = 6.0744514056e+00
m_n2_min_v = -4.155398898e-02
m_n3_max_v = 6.0528107633e+00
m_n3_min_v = -2.939171416e-02
m_n4_max_v = 6.0507065625e+00
m_n4_min_v = -2.886205244e-02
m_n5_max_v = 6.0512247292e+00
m_n5_min_v = -2.897910924e-02
m_uvlo_lockout_at_in_high = -1.550401000e-06
m_uvlo_vout_at_in_high_v = 5.9999980000e+00
m_uvlo_vdrv_at_in_high_v = 6.0000000000e+00
Note: Simulation executed from .control section 

Note: vimeas: has no value, DC 0 assumed
Warning: singular matrix:  check node anon293

Note: Starting dynamic gmin stepping
Warning: singular matrix:  check node anon293

Warning: Dynamic gmin stepping failed
Note: Starting true gmin stepping
Warning: singular matrix:  check node anon293

Warning: singular matrix:  check node anon293

Warning: singular matrix:  check node anon293

Warning: singular matrix:  check node anon293

Warning: True gmin stepping failed
Note: Starting source stepping
Warning: source stepping failed
Note: Transient op started
Note: Transient op finished successfully
