
Note: No compatibility mode selected!


Circuit: * gate-driver-core-drive-with-uvlo-postlayout @ tt_27c_vlogic3p30v-vdrv5p00v -- generated by sim/harness, do not edit

Doing analysis at TEMP = 27.000000 and TNOM = 27.000000

Using SPARSE 1.3 as Direct Linear Solver

Initial Transient Solution
--------------------------

Node                                   Voltage
----                                   -------
x1_inb                                     3.3
in                                           0
gnd_logic                                    0
x1_na                                  2.37176
x1_nb                             -3.52684e-07
gnd_drv                           -3.87575e-08
x2_n3                                        5
x2_n4                             -1.88631e-09
x2_n5                                        5
out                               -3.54987e-08
x3_lockout                        -3.58527e-08
in_drv                             7.11202e-08
x1_nbuf1                                     5
x1_ncb                             1.67405e-07
x1_nca                                       5
vdd_logic                                  3.3
x2_n1                                        5
x2_n2                              9.47209e-10
x3_ncompn                              4.99901
x3_nref                               0.755851
x3_ntail                              0.186956
x3_ncompp                              4.04266
x3_ndiv                               0.966954
x3_uvlo_ok                             4.99991
vdd_drv                                      5
anon293                            1.42487e-07
anon294                            1.18174e-07
anon295                            9.44045e-08
anon22                                 4.64632
anon23                                 4.29264
anon26                                 3.93896
anon27                                 3.58528
anon30                                  3.2316
anon31                                 2.87792
anon21                                 1.10953
anon24                                 1.46321
anon25                                 1.81689
anon28                                 2.17056
anon29                                 2.52424
anon32                                 4.74793
anon33                                 4.49587
anon34                                  4.2438
anon35                                 3.99173
anon36                                 3.73967
anon37                                  3.4876
anon38                                 3.23554
anon39                                 2.98347
anon40                                 1.21902
anon42                                 1.47108
anon44                                 1.72315
anon45                                 1.97521
anon46                                 2.22728
anon47                                 2.47934
anon48                                 2.73141
anon49                                 4.98308
anon41                                0.644636
anon50                                 4.96625
anon43                                0.322318
anon51                                 4.94941
anon52                                 4.93258
anon53                                 4.91575
anon54                                 4.89892
anon55                                 4.88209
anon56                                 4.86526
anon57                                 4.73062
anon59                                 4.74745
anon60                                 4.76428
anon63                                 4.78111
anon65                                 4.79794
anon66                                 4.81477
anon69                                  4.8316
anon71                                 4.84843
anon58                                 4.71379
anon61                                 4.69697
anon62                                 4.68014
anon64                                 4.66331
anon67                                 4.64649
anon68                                 4.62966
anon70                                 4.61283
anon72                                 4.59601
anon73                                 4.46141
anon74                                 4.47824
anon76                                 4.49506
anon78                                 4.51188
anon81                                 4.52871
anon82                                 4.54553
anon84                                 4.56236
anon86                                 4.57918
anon75                                 4.44459
anon77                                 4.42777
anon79                                 4.41094
anon80                                 4.39412
anon83                                  4.3773
anon85                                 4.36048
anon87                                 4.34366
anon88                                 4.32684
anon89                                 4.19228
anon90                                  4.2091
anon91                                 4.17546
anon93                                 4.22592
anon94                                 4.15864
anon96                                 4.24274
anon97                                 4.14183
anon100                                4.25956
anon99                                 4.12501
anon102                                4.10819
anon103                                4.27638
anon105                                 4.2932
anon106                                4.09137
anon108                                4.31002
anon109                                4.07456
anon111                                4.05774
anon112                                3.92322
anon113                                 3.9064
anon92                                 3.94003
anon115                                3.88959
anon95                                 3.95685
anon117                                3.87278
anon98                                 3.97366
anon101                                3.99048
anon119                                3.85596
anon121                                3.83915
anon104                                4.00729
anon107                                4.02411
anon123                                3.82234
anon110                                4.04092
anon125                                3.80553
anon127                                3.78871
anon128                                3.65422
anon114                                3.67103
anon129                                3.63741
anon116                                3.68785
anon131                                 3.6206
anon133                                 3.6038
anon118                                3.70466
anon120                                3.72147
anon135                                3.58699
anon137                                3.57018
anon122                                3.73828
anon139                                3.55337
anon124                                3.75509
anon141                                3.53656
anon126                                 3.7719
anon143                                3.51975
anon144                                3.38529
anon130                                 3.4021
anon145                                3.36849
anon147                                3.35168
anon132                                3.41891
anon134                                3.43571
anon149                                3.33487
anon151                                3.31807
anon136                                3.45252
anon138                                3.46933
anon153                                3.30126
anon155                                3.28446
anon140                                3.48613
anon157                                3.26765
anon142                                3.50294
anon159                                3.25085
anon160                                3.11642
anon146                                3.13322
anon161                                3.09962
anon163                                3.08281
anon148                                3.15002
anon165                                3.06601
anon150                                3.16683
anon152                                3.18363
anon167                                3.04921
anon154                                3.20044
anon169                                3.03241
anon171                                 3.0156
anon156                                3.21724
anon158                                3.23404
anon173                                 2.9988
anon175                                  2.982
anon176                                 2.8476
anon162                                 2.8644
anon177                                 2.8308
anon164                                 2.8812
anon179                                  2.814
anon181                                 2.7972
anon166                                  2.898
anon168                                 2.9148
anon183                                 2.7804
anon170                                 2.9316
anon185                                 2.7636
anon187                                 2.7468
anon172                                 2.9484
anon174                                 2.9652
anon189                                   2.73
anon191                                2.71321
anon192                                2.57882
anon193                                2.56203
anon178                                2.59562
anon195                                2.54523
anon180                                2.61242
anon182                                2.62922
anon197                                2.52844
anon184                                2.64601
anon199                                2.51164
anon201                                2.49484
anon186                                2.66281
anon188                                2.67961
anon203                                2.47805
anon190                                2.69641
anon205                                2.46125
anon207                                2.44446
anon208                                 2.3101
anon209                                 2.2933
anon194                                2.32689
anon211                                2.27651
anon196                                2.34369
anon198                                2.36048
anon213                                2.25971
anon215                                2.24292
anon200                                2.37727
anon202                                2.39407
anon217                                2.22613
anon219                                2.20933
anon204                                2.41086
anon221                                2.19254
anon206                                2.42766
anon223                                2.17575
anon224                                2.04141
anon210                                 2.0582
anon225                                2.02462
anon227                                2.00782
anon212                                2.07499
anon214                                2.09178
anon229                                1.99103
anon231                                1.97424
anon216                                2.10858
anon218                                2.12537
anon233                                1.95745
anon235                                1.94066
anon220                                2.14216
anon237                                1.92387
anon222                                2.15895
anon239                                1.90708
anon240                                1.77275
anon241                                1.75596
anon226                                1.78954
anon243                                1.73917
anon228                                1.80633
anon230                                1.82312
anon245                                1.72238
anon247                                1.70559
anon232                                1.83991
anon249                                1.68881
anon234                                 1.8567
anon236                                 1.8735
anon251                                1.67202
anon253                                1.65523
anon238                                1.89029
anon255                                1.63844
anon256                                1.50413
anon242                                1.52092
anon257                                1.48734
anon244                                1.53771
anon259                                1.47055
anon261                                1.45377
anon246                                1.55449
anon263                                1.43698
anon248                                1.57128
anon265                                1.42019
anon250                                1.58807
anon252                                1.60486
anon267                                 1.4034
anon269                                1.38662
anon254                                1.62165
anon271                                1.36983
anon272                                1.23553
anon273                                1.21874
anon258                                1.25232
anon275                                1.20196
anon260                                1.26911
anon262                                1.28589
anon277                                1.18517
anon279                                1.16839
anon264                                1.30268
anon281                                 1.1516
anon266                                1.31947
anon268                                1.33625
anon283                                1.13481
anon285                                1.11803
anon270                                1.35304
anon287                                1.10124
anon274                                0.98374
anon276                                1.00053
anon278                                1.01731
anon280                                 1.0341
anon282                                1.05088
anon284                                1.06767
anon286                                1.08445
outcap                            -3.54987e-08
vimeas#branch                     -3.37956e-05
vin#branch                         3.79434e-08
vgnd_logic#branch                 -3.85613e-05
vsup_drv#branch                    3.82723e-05
vsup_logic#branch                  2.88175e-07

 Reference value :  4.14694e-08
 Reference value :  1.60169e-07
 Reference value :  2.65169e-07
 Reference value :  3.50755e-07
 Reference value :  4.59755e-07
 Reference value :  5.84155e-07
No. of Data Rows : 7205
trise10_90          =  5.07837e-09 targ=  2.78629e-08 trig=  2.27845e-08
tfall10_90          =  4.81545e-09 targ=  3.28275e-07 trig=  3.23460e-07
tpdlh               =  4.26444e-09 targ=  2.47644e-08 trig=  2.05000e-08
tpdhl               =  4.08817e-09 targ=  3.25588e-07 trig=  3.21500e-07
lockout_at_in_high  =  9.17031e-07
vout_at_in_high     =  5.00000e+00
vdrv_at_in_high     =  5.00000e+00
m_trise_s = 5.0783720000e-09
m_tfall_s = 4.8154520000e-09
m_tpdlh_s = 4.2644410000e-09
m_tpdhl_s = 4.0881730000e-09
m_ipeak_source_a = 1.0487718437e+00
m_ipeak_sink_a = 9.5776178288e-01
m_vout_max_v = 5.0047140594e+00
m_vout_min_v = -2.898851330e-03
m_vin_max_v = 3.3000000000e+00
m_vin_min_v = 0.0000000000e+00
m_indrv_max_v = 5.0000754436e+00
m_indrv_min_v = -3.632789108e-03
m_n1_max_v = 5.0913764640e+00
m_n1_min_v = -4.588465144e-02
m_n2_max_v = 5.0703937365e+00
m_n2_min_v = -3.914707162e-02
m_n3_max_v = 5.0529031531e+00
m_n3_min_v = -2.882334055e-02
m_n4_max_v = 5.0518610075e+00
m_n4_min_v = -2.863008541e-02
m_n5_max_v = 5.0527862620e+00
m_n5_min_v = -2.911509908e-02
m_uvlo_lockout_at_in_high = 9.1703080000e-07
m_uvlo_vout_at_in_high_v = 5.0000010000e+00
m_uvlo_vdrv_at_in_high_v = 5.0000000000e+00
Note: Simulation executed from .control section 

Note: vimeas: has no value, DC 0 assumed
Warning: singular matrix:  check node anon293

Note: Starting dynamic gmin stepping
Warning: singular matrix:  check node anon293

Warning: Dynamic gmin stepping failed
Note: Starting true gmin stepping
Warning: singular matrix:  check node anon293

Warning: singular matrix:  check node anon293

Warning: singular matrix:  check node anon293

Warning: singular matrix:  check node anon293

Warning: True gmin stepping failed
Note: Starting source stepping
Warning: source stepping failed
Note: Transient op started
Note: Transient op finished successfully
