
Note: Compatibility modes selected: hs a


Circuit: * gate-driver-core-drive @ ff_125c_vlogic3p30v-vdrv6p00v -- generated by sim/harness, do not edit

Doing analysis at TEMP = 125.000000 and TNOM = 27.000000

Using SPARSE 1.3 as Direct Linear Solver

Initial Transient Solution
--------------------------

Node                                   Voltage
----                                   -------
x1.inb                                 3.29999
in                                           0
gnd_logic                                    0
vdd_logic                                  3.3
x1.na                                  2.47237
x1.nb                              2.55842e-09
x1.nca                                 5.99994
gnd_drv                             1.6973e-10
x1.ncb                             7.28202e-09
vdd_drv                                      6
x1.nbuf1                                     6
in_drv                             1.77116e-08
x2.n1                                        6
x2.n2                              3.89476e-08
x2.n3                                        6
x2.n4                              3.92742e-08
x2.n5                                        6
out                                4.16442e-08
outcap                             4.16442e-08
vimeas#branch                     -5.34178e-21
vin#branch                                   0
vgnd_logic#branch                  2.06756e-07
vsup_drv#branch                   -1.95482e-07
vsup_logic#branch                 -1.12709e-08

 Reference value :  1.22800e-09
 Reference value :  1.36187e-07
 Reference value :  2.81587e-07
 Reference value :  4.24154e-07
 Reference value :  5.70154e-07
No. of Data Rows : 7046
trise10_90          =  4.55292e-09 targ=  2.69565e-08 trig=  2.24036e-08
tfall10_90          =  4.86629e-09 targ=  3.28103e-07 trig=  3.23237e-07
tpdlh               =  3.59943e-09 targ=  2.40994e-08 trig=  2.05000e-08
tpdhl               =  3.77908e-09 targ=  3.25279e-07 trig=  3.21500e-07
m_trise_s = 4.5529240000e-09
m_tfall_s = 4.8662930000e-09
m_tpdlh_s = 3.5994350000e-09
m_tpdhl_s = 3.7790770000e-09
m_ipeak_source_a = 1.4848834213e+00
m_ipeak_sink_a = 1.2064417337e+00
m_vout_max_v = 6.0015088025e+00
m_vout_min_v = -1.620988031e-03
m_vin_max_v = 3.3000000000e+00
m_vin_min_v = 0.0000000000e+00
m_indrv_max_v = 6.0069931165e+00
m_indrv_min_v = -1.698098718e-02
m_n1_max_v = 6.0459925755e+00
m_n1_min_v = -1.628089043e-02
m_n2_max_v = 6.0576104023e+00
m_n2_min_v = -2.942484162e-02
m_n3_max_v = 6.0335934051e+00
m_n3_min_v = -2.405914506e-02
m_n4_max_v = 6.0138796758e+00
m_n4_min_v = -1.316604774e-02
m_n5_max_v = 6.0265703763e+00
m_n5_min_v = -1.684818528e-02
Note: Simulation executed from .control section 

Warning: m=xx on .subckt line will override multiplier m hierarchy!

Note: vimeas: has no value, DC 0 assumed
