
Note: Compatibility modes selected: hs a


Circuit: * gate-driver-core-drive @ ff_125c_vlogic3p63v-vdrv5p50v -- generated by sim/harness, do not edit

Doing analysis at TEMP = 125.000000 and TNOM = 27.000000

Using SPARSE 1.3 as Direct Linear Solver

Initial Transient Solution
--------------------------

Node                                   Voltage
----                                   -------
x1.inb                                 3.62999
in                                           0
gnd_logic                                    0
vdd_logic                                 3.63
x1.na                                  2.73089
x1.nb                              2.18978e-09
x1.nca                                 5.49992
gnd_drv                            1.44436e-10
x1.ncb                             6.13442e-09
vdd_drv                                    5.5
x1.nbuf1                                   5.5
in_drv                             1.59984e-08
x2.n1                                      5.5
x2.n2                               3.5178e-08
x2.n3                                      5.5
x2.n4                              3.55411e-08
x2.n5                                      5.5
out                                3.76864e-08
outcap                             3.76864e-08
vimeas#branch                      3.17158e-20
vin#branch                                   0
vgnd_logic#branch                  1.90119e-07
vsup_drv#branch                   -1.75388e-07
vsup_logic#branch                 -1.47242e-08

 Reference value :  0.00000e+00
 Reference value :  1.36587e-07
 Reference value :  2.84887e-07
 Reference value :  4.23084e-07
 Reference value :  5.68484e-07
No. of Data Rows : 7046
trise10_90          =  4.83045e-09 targ=  2.73612e-08 trig=  2.25307e-08
tfall10_90          =  4.97579e-09 targ=  3.28252e-07 trig=  3.23277e-07
tpdlh               =  3.82881e-09 targ=  2.43288e-08 trig=  2.05000e-08
tpdhl               =  3.86401e-09 targ=  3.25364e-07 trig=  3.21500e-07
m_trise_s = 4.8304470000e-09
m_tfall_s = 4.9757900000e-09
m_tpdlh_s = 3.8288090000e-09
m_tpdhl_s = 3.8640130000e-09
m_ipeak_source_a = 1.2887030629e+00
m_ipeak_sink_a = 1.0877115634e+00
m_vout_max_v = 5.5019487944e+00
m_vout_min_v = -1.603874712e-03
m_vin_max_v = 3.6300000000e+00
m_vin_min_v = 0.0000000000e+00
m_indrv_max_v = 5.5104083445e+00
m_indrv_min_v = -1.651462732e-02
m_n1_max_v = 5.5416409991e+00
m_n1_min_v = -1.842704086e-02
m_n2_max_v = 5.5578502558e+00
m_n2_min_v = -3.066158013e-02
m_n3_max_v = 5.5292008516e+00
m_n3_min_v = -2.345383996e-02
m_n4_max_v = 5.5237102025e+00
m_n4_min_v = -1.806010787e-02
m_n5_max_v = 5.5329958884e+00
m_n5_min_v = -1.740939246e-02
Note: Simulation executed from .control section 

Warning: m=xx on .subckt line will override multiplier m hierarchy!

Note: vimeas: has no value, DC 0 assumed
