
Note: Compatibility modes selected: hs a


Circuit: * gate-driver-core-drive @ ff_27c_vlogic3p30v-vdrv6p00v -- generated by sim/harness, do not edit

Doing analysis at TEMP = 27.000000 and TNOM = 27.000000

Using SPARSE 1.3 as Direct Linear Solver

Initial Transient Solution
--------------------------

Node                                   Voltage
----                                   -------
x1.inb                                     3.3
in                                           0
gnd_logic                                    0
vdd_logic                                  3.3
x1.na                                  2.49948
x1.nb                              4.83988e-10
x1.nca                                       6
gnd_drv                            4.99521e-12
x1.ncb                             1.31967e-09
vdd_drv                                      6
x1.nbuf1                                     6
in_drv                             1.04271e-09
x2.n1                                        6
x2.n2                              2.05066e-09
x2.n3                                        6
x2.n4                              3.03177e-09
x2.n5                                        6
out                                3.21521e-09
outcap                             3.21521e-09
vimeas#branch                      3.39788e-21
vin#branch                                   0
vgnd_logic#branch                  5.25735e-09
vsup_drv#branch                   -5.16754e-09
vsup_logic#branch                  -8.6184e-11

 Reference value :  6.40000e-11
 Reference value :  1.35135e-07
 Reference value :  2.77735e-07
 Reference value :  4.04845e-07
 Reference value :  5.51945e-07
 Reference value :  6.99145e-07
No. of Data Rows : 7052
trise10_90          =  3.85382e-09 targ=  2.59491e-08 trig=  2.20953e-08
tfall10_90          =  3.87887e-09 targ=  3.26851e-07 trig=  3.22972e-07
tpdlh               =  3.08501e-09 targ=  2.35850e-08 trig=  2.05000e-08
tpdhl               =  3.16805e-09 targ=  3.24668e-07 trig=  3.21500e-07
m_trise_s = 3.8538160000e-09
m_tfall_s = 3.8788740000e-09
m_tpdlh_s = 3.0850100000e-09
m_tpdhl_s = 3.1680520000e-09
m_ipeak_source_a = 1.6780108723e+00
m_ipeak_sink_a = 1.4597506184e+00
m_vout_max_v = 6.0026519291e+00
m_vout_min_v = -1.834247294e-03
m_vin_max_v = 3.3000000000e+00
m_vin_min_v = 0.0000000000e+00
m_indrv_max_v = 6.0031791603e+00
m_indrv_min_v = -1.919518179e-02
m_n1_max_v = 6.0355661438e+00
m_n1_min_v = -1.778889046e-02
m_n2_max_v = 6.0611388928e+00
m_n2_min_v = -3.827268269e-02
m_n3_max_v = 6.0341206623e+00
m_n3_min_v = -2.285954738e-02
m_n4_max_v = 6.0315927103e+00
m_n4_min_v = -2.066045613e-02
m_n5_max_v = 6.0317434112e+00
m_n5_min_v = -2.113369233e-02
Note: Simulation executed from .control section 

Warning: m=xx on .subckt line will override multiplier m hierarchy!

Note: vimeas: has no value, DC 0 assumed
