
Note: Compatibility modes selected: hs a


Circuit: * gate-driver-core-drive @ fs_-40c_vlogic3p30v-vdrv6p00v -- generated by sim/harness, do not edit

Doing analysis at TEMP = -40.000000 and TNOM = 27.000000

Using SPARSE 1.3 as Direct Linear Solver

Initial Transient Solution
--------------------------

Node                                   Voltage
----                                   -------
x1.inb                                     3.3
in                                           0
gnd_logic                                    0
vdd_logic                                  3.3
x1.na                                   2.4323
x1.nb                              4.00888e-10
x1.nca                                       6
gnd_drv                            4.34215e-12
x1.ncb                             1.06479e-09
vdd_drv                                      6
x1.nbuf1                                     6
in_drv                             7.78637e-10
x2.n1                                        6
x2.n2                              1.52526e-09
x2.n3                                        6
x2.n4                              2.28581e-09
x2.n5                                        6
out                                2.42408e-09
outcap                             2.42408e-09
vimeas#branch                      9.11798e-22
vin#branch                                   0
vgnd_logic#branch                   4.3547e-09
vsup_drv#branch                    -4.3432e-09
vsup_logic#branch                 -3.40788e-12

 Reference value :  0.00000e+00
 Reference value :  1.40607e-07
 Reference value :  2.78607e-07
 Reference value :  4.12513e-07
 Reference value :  5.56313e-07
No. of Data Rows : 7054
trise10_90          =  4.19800e-09 targ=  2.63587e-08 trig=  2.21607e-08
tfall10_90          =  3.45431e-09 targ=  3.26497e-07 trig=  3.23043e-07
tpdlh               =  3.36021e-09 targ=  2.38602e-08 trig=  2.05000e-08
tpdhl               =  3.11410e-09 targ=  3.24614e-07 trig=  3.21500e-07
m_trise_s = 4.1980000000e-09
m_tfall_s = 3.4543120000e-09
m_tpdlh_s = 3.3602050000e-09
m_tpdhl_s = 3.1141000000e-09
m_ipeak_source_a = 1.4524794314e+00
m_ipeak_sink_a = 1.5678229617e+00
m_vout_max_v = 6.0034002778e+00
m_vout_min_v = -3.052284551e-03
m_vin_max_v = 3.3000000000e+00
m_vin_min_v = 0.0000000000e+00
m_indrv_max_v = 6.0494689908e+00
m_indrv_min_v = -1.556210040e-02
m_n1_max_v = 6.0263907290e+00
m_n1_min_v = -1.192903907e-02
m_n2_max_v = 6.0588820923e+00
m_n2_min_v = -4.246168116e-02
m_n3_max_v = 6.0412628460e+00
m_n3_min_v = -2.863438939e-02
m_n4_max_v = 6.0289341001e+00
m_n4_min_v = -2.751613349e-02
m_n5_max_v = 6.0413264513e+00
m_n5_min_v = -2.295441492e-02
Note: Simulation executed from .control section 

Warning: m=xx on .subckt line will override multiplier m hierarchy!

Note: vimeas: has no value, DC 0 assumed
