
Note: Compatibility modes selected: hs a


Circuit: * gate-driver-core-drive @ fs_-40c_vlogic2p97v-vdrv4p50v -- generated by sim/harness, do not edit

Doing analysis at TEMP = -40.000000 and TNOM = 27.000000

Using SPARSE 1.3 as Direct Linear Solver

Initial Transient Solution
--------------------------

Node                                   Voltage
----                                   -------
x1.inb                                    2.97
in                                           0
gnd_logic                                    0
vdd_logic                                 2.97
x1.na                                  2.13593
x1.nb                              3.10772e-10
x1.nca                                     4.5
gnd_drv                            3.25436e-12
x1.ncb                             8.55814e-10
vdd_drv                                    4.5
x1.nbuf1                                   4.5
in_drv                             6.66601e-10
x2.n1                                      4.5
x2.n2                              1.30646e-09
x2.n3                                      4.5
x2.n4                              1.95872e-09
x2.n5                                      4.5
out                                2.07723e-09
outcap                             2.07723e-09
vimeas#branch                      4.00378e-22
vin#branch                                   0
vgnd_logic#branch                  3.26457e-09
vsup_drv#branch                   -3.25216e-09
vsup_logic#branch                 -3.04699e-12

 Reference value :  4.00000e-12
 Reference value :  1.38314e-07
 Reference value :  2.84414e-07
 Reference value :  4.34567e-07
 Reference value :  5.77967e-07
No. of Data Rows : 7043
trise10_90          =  5.13047e-09 targ=  2.76642e-08 trig=  2.25337e-08
tfall10_90          =  3.85194e-09 targ=  3.27156e-07 trig=  3.23304e-07
tpdlh               =  4.12176e-09 targ=  2.46218e-08 trig=  2.05000e-08
tpdhl               =  3.54568e-09 targ=  3.25046e-07 trig=  3.21500e-07
m_trise_s = 5.1304680000e-09
m_tfall_s = 3.8519430000e-09
m_tpdlh_s = 4.1217570000e-09
m_tpdhl_s = 3.5456840000e-09
m_ipeak_source_a = 8.9469284366e-01
m_ipeak_sink_a = 1.0541918290e+00
m_vout_max_v = 4.5031425696e+00
m_vout_min_v = -3.003147348e-03
m_vin_max_v = 2.9700000000e+00
m_vin_min_v = 0.0000000000e+00
m_indrv_max_v = 4.5142936655e+00
m_indrv_min_v = -2.584245728e-02
m_n1_max_v = 4.5482541429e+00
m_n1_min_v = -3.603339128e-02
m_n2_max_v = 4.5605850262e+00
m_n2_min_v = -3.783714091e-02
m_n3_max_v = 4.5452089674e+00
m_n3_min_v = -2.744839702e-02
m_n4_max_v = 4.5352449271e+00
m_n4_min_v = -2.594764462e-02
m_n5_max_v = 4.5394409595e+00
m_n5_min_v = -1.865928541e-02
Note: Simulation executed from .control section 

Warning: m=xx on .subckt line will override multiplier m hierarchy!

Note: vimeas: has no value, DC 0 assumed
