
Note: Compatibility modes selected: hs a


Circuit: * gate-driver-core-drive @ fs_125c_vlogic3p30v-vdrv5p00v -- generated by sim/harness, do not edit

Doing analysis at TEMP = 125.000000 and TNOM = 27.000000

Using SPARSE 1.3 as Direct Linear Solver

Initial Transient Solution
--------------------------

Node                                   Voltage
----                                   -------
x1.inb                                     3.3
in                                           0
gnd_logic                                    0
vdd_logic                                  3.3
x1.na                                  2.44066
x1.nb                              5.55618e-10
x1.nca                                 4.99995
gnd_drv                            5.32685e-11
x1.ncb                             1.59752e-09
vdd_drv                                      5
x1.nbuf1                                     5
in_drv                             1.67475e-09
x2.n1                                        5
x2.n2                               3.3347e-09
x2.n3                                        5
x2.n4                               4.5496e-09
x2.n5                                        5
out                                 4.8221e-09
outcap                              4.8221e-09
vimeas#branch                      1.77505e-22
vin#branch                                   0
vgnd_logic#branch                  7.41972e-08
vsup_drv#branch                   -6.77782e-08
vsup_logic#branch                  -6.4112e-09

 Reference value :  1.05280e-08
 Reference value :  1.57001e-07
 Reference value :  3.00601e-07
 Reference value :  4.43998e-07
 Reference value :  5.82598e-07
No. of Data Rows : 7038
trise10_90          =  7.03295e-09 targ=  3.02514e-08 trig=  2.32184e-08
tfall10_90          =  5.36040e-09 targ=  3.29160e-07 trig=  3.23799e-07
tpdlh               =  5.38556e-09 targ=  2.58856e-08 trig=  2.05000e-08
tpdhl               =  4.55184e-09 targ=  3.26052e-07 trig=  3.21500e-07
m_trise_s = 7.0329530000e-09
m_tfall_s = 5.3604040000e-09
m_tpdlh_s = 5.3855580000e-09
m_tpdhl_s = 4.5518420000e-09
m_ipeak_source_a = 7.9159827129e-01
m_ipeak_sink_a = 9.1880247544e-01
m_vout_max_v = 5.0026522710e+00
m_vout_min_v = -2.533101383e-03
m_vin_max_v = 3.3000000000e+00
m_vin_min_v = 0.0000000000e+00
m_indrv_max_v = 5.0799486113e+00
m_indrv_min_v = -1.907585308e-02
m_n1_max_v = 5.0221046281e+00
m_n1_min_v = -4.270724414e-02
m_n2_max_v = 5.0579309927e+00
m_n2_min_v = -3.384606733e-02
m_n3_max_v = 5.0395811178e+00
m_n3_min_v = -2.369149736e-02
m_n4_max_v = 5.0306533106e+00
m_n4_min_v = -2.544332535e-02
m_n5_max_v = 5.0366845165e+00
m_n5_min_v = -2.530708755e-02
Note: Simulation executed from .control section 

Warning: m=xx on .subckt line will override multiplier m hierarchy!

Note: vimeas: has no value, DC 0 assumed
