
Note: Compatibility modes selected: hs a


Circuit: * gate-driver-core-drive @ sf_125c_vlogic3p30v-vdrv6p00v -- generated by sim/harness, do not edit

Doing analysis at TEMP = 125.000000 and TNOM = 27.000000

Using SPARSE 1.3 as Direct Linear Solver

Initial Transient Solution
--------------------------

Node                                   Voltage
----                                   -------
x1.inb                                     3.3
in                                           0
gnd_logic                                    0
vdd_logic                                  3.3
x1.na                                  2.39594
x1.nb                              1.62895e-09
x1.nca                                       6
gnd_drv                            2.03838e-11
x1.ncb                             5.08551e-09
vdd_drv                                      6
x1.nbuf1                                     6
in_drv                             9.87659e-09
x2.n1                                        6
x2.n2                              2.16712e-08
x2.n3                                        6
x2.n4                               2.2757e-08
x2.n5                                        6
out                                 2.4135e-08
outcap                              2.4135e-08
vimeas#branch                      5.45233e-22
vin#branch                                   0
vgnd_logic#branch                  2.11158e-08
vsup_drv#branch                   -2.09035e-08
vsup_logic#branch                 -2.11954e-10

 Reference value :  0.00000e+00
 Reference value :  1.32201e-07
 Reference value :  2.75101e-07
 Reference value :  4.13679e-07
 Reference value :  5.68679e-07
No. of Data Rows : 7039
trise10_90          =  4.80584e-09 targ=  2.75832e-08 trig=  2.27774e-08
tfall10_90          =  6.21661e-09 targ=  3.29849e-07 trig=  3.23632e-07
tpdlh               =  4.07221e-09 targ=  2.45722e-08 trig=  2.05000e-08
tpdhl               =  4.78562e-09 targ=  3.26286e-07 trig=  3.21500e-07
m_trise_s = 4.8058370000e-09
m_tfall_s = 6.2166120000e-09
m_tpdlh_s = 4.0722120000e-09
m_tpdhl_s = 4.7856220000e-09
m_ipeak_source_a = 1.4002502605e+00
m_ipeak_sink_a = 9.3166692893e-01
m_vout_max_v = 6.0028608932e+00
m_vout_min_v = -1.723162186e-03
m_vin_max_v = 3.3000000000e+00
m_vin_min_v = 0.0000000000e+00
m_indrv_max_v = 6.0464220380e+00
m_indrv_min_v = -3.332585415e-02
m_n1_max_v = 6.0354892717e+00
m_n1_min_v = -2.605602158e-02
m_n2_max_v = 6.0761018832e+00
m_n2_min_v = -3.118653700e-02
m_n3_max_v = 6.0428777468e+00
m_n3_min_v = -2.539121408e-02
m_n4_max_v = 6.0288989079e+00
m_n4_min_v = -1.437375675e-02
m_n5_max_v = 6.0370651499e+00
m_n5_min_v = -1.805187421e-02
Note: Simulation executed from .control section 

Warning: m=xx on .subckt line will override multiplier m hierarchy!

Note: vimeas: has no value, DC 0 assumed
