
Note: Compatibility modes selected: hs a


Circuit: * gate-driver-core-drive @ sf_125c_vlogic2p97v-vdrv4p50v -- generated by sim/harness, do not edit

Doing analysis at TEMP = 125.000000 and TNOM = 27.000000

Using SPARSE 1.3 as Direct Linear Solver

Initial Transient Solution
--------------------------

Node                                   Voltage
----                                   -------
x1.inb                                    2.97
in                                           0
gnd_logic                                    0
vdd_logic                                 2.97
x1.na                                  2.11372
x1.nb                              1.28119e-09
x1.nca                                     4.5
gnd_drv                            1.47988e-11
x1.ncb                              4.0921e-09
vdd_drv                                    4.5
x1.nbuf1                                   4.5
in_drv                             8.31651e-09
x2.n1                                      4.5
x2.n2                              1.82397e-08
x2.n3                                      4.5
x2.n4                              1.92163e-08
x2.n5                                      4.5
out                                2.03801e-08
outcap                             2.03801e-08
vimeas#branch                      2.94661e-21
vin#branch                                   0
vgnd_logic#branch                  1.54089e-08
vsup_drv#branch                   -1.52272e-08
vsup_logic#branch                 -1.72403e-10

 Reference value :  0.00000e+00
 Reference value :  1.33697e-07
 Reference value :  2.74997e-07
 Reference value :  4.18908e-07
 Reference value :  5.68708e-07
No. of Data Rows : 7032
trise10_90          =  5.93683e-09 targ=  2.92169e-08 trig=  2.32801e-08
tfall10_90          =  7.11706e-09 targ=  3.31130e-07 trig=  3.24013e-07
tpdlh               =  4.99917e-09 targ=  2.54992e-08 trig=  2.05000e-08
tpdhl               =  5.54189e-09 targ=  3.27042e-07 trig=  3.21500e-07
m_trise_s = 5.9368260000e-09
m_tfall_s = 7.1170600000e-09
m_tpdlh_s = 4.9991700000e-09
m_tpdhl_s = 5.5418910000e-09
m_ipeak_source_a = 8.5306813244e-01
m_ipeak_sink_a = 6.1492365573e-01
m_vout_max_v = 4.5034160376e+00
m_vout_min_v = -1.717709535e-03
m_vin_max_v = 2.9700000000e+00
m_vin_min_v = 0.0000000000e+00
m_indrv_max_v = 4.6032370171e+00
m_indrv_min_v = -3.180065766e-02
m_n1_max_v = 4.5322228680e+00
m_n1_min_v = -3.473101815e-02
m_n2_max_v = 4.5750558395e+00
m_n2_min_v = -2.816855226e-02
m_n3_max_v = 4.5407404614e+00
m_n3_min_v = -2.030766380e-02
m_n4_max_v = 4.5379681691e+00
m_n4_min_v = -2.030230211e-02
m_n5_max_v = 4.5391855152e+00
m_n5_min_v = -2.157462545e-02
Note: Simulation executed from .control section 

Warning: m=xx on .subckt line will override multiplier m hierarchy!

Note: vimeas: has no value, DC 0 assumed
