
Note: Compatibility modes selected: hs a


Circuit: * gate-driver-core-drive @ sf_27c_vlogic3p30v-vdrv5p00v -- generated by sim/harness, do not edit

Doing analysis at TEMP = 27.000000 and TNOM = 27.000000

Using SPARSE 1.3 as Direct Linear Solver

Initial Transient Solution
--------------------------

Node                                   Voltage
----                                   -------
x1.inb                                     3.3
in                                           0
gnd_logic                                    0
vdd_logic                                  3.3
x1.na                                  2.36163
x1.nb                              4.56026e-10
x1.nca                                       5
gnd_drv                            3.70353e-12
x1.ncb                             1.36304e-09
vdd_drv                                      5
x1.nbuf1                                     5
in_drv                             1.12616e-09
x2.n1                                        5
x2.n2                              2.22414e-09
x2.n3                                        5
x2.n4                              3.29867e-09
x2.n5                                        5
out                                3.49837e-09
outcap                             3.49837e-09
vimeas#branch                      6.48097e-22
vin#branch                                   0
vgnd_logic#branch                  3.71613e-09
vsup_drv#branch                   -3.70839e-09
vsup_logic#branch                 -3.76665e-12

 Reference value :  0.00000e+00
 Reference value :  1.39818e-07
 Reference value :  2.83818e-07
 Reference value :  4.13742e-07
 Reference value :  5.59242e-07
No. of Data Rows : 7042
trise10_90          =  4.52495e-09 targ=  2.71886e-08 trig=  2.26637e-08
tfall10_90          =  5.47787e-09 targ=  3.28957e-07 trig=  3.23480e-07
tpdlh               =  3.91675e-09 targ=  2.44167e-08 trig=  2.05000e-08
tpdhl               =  4.42459e-09 targ=  3.25925e-07 trig=  3.21500e-07
m_trise_s = 4.5249500000e-09
m_tfall_s = 5.4778750000e-09
m_tpdlh_s = 3.9167470000e-09
m_tpdhl_s = 4.4245930000e-09
m_ipeak_source_a = 1.1912139873e+00
m_ipeak_sink_a = 8.4495013903e-01
m_vout_max_v = 5.0038472405e+00
m_vout_min_v = -2.224814291e-03
m_vin_max_v = 3.3000000000e+00
m_vin_min_v = 0.0000000000e+00
m_indrv_max_v = 5.0861957880e+00
m_indrv_min_v = -3.434290449e-02
m_n1_max_v = 5.0642095754e+00
m_n1_min_v = -2.142567906e-02
m_n2_max_v = 5.0703513841e+00
m_n2_min_v = -3.468067362e-02
m_n3_max_v = 5.0465277133e+00
m_n3_min_v = -2.740752570e-02
m_n4_max_v = 5.0342839118e+00
m_n4_min_v = -2.461289822e-02
m_n5_max_v = 5.0438169293e+00
m_n5_min_v = -1.764108537e-02
Note: Simulation executed from .control section 

Warning: m=xx on .subckt line will override multiplier m hierarchy!

Note: vimeas: has no value, DC 0 assumed
