
Note: Compatibility modes selected: hs a


Circuit: * gate-driver-core-drive @ ss_-40c_vlogic3p30v-vdrv5p00v -- generated by sim/harness, do not edit

Doing analysis at TEMP = -40.000000 and TNOM = 27.000000

Using SPARSE 1.3 as Direct Linear Solver

Initial Transient Solution
--------------------------

Node                                   Voltage
----                                   -------
x1.inb                                     3.3
in                                           0
gnd_logic                                    0
vdd_logic                                  3.3
x1.na                                  2.20525
x1.nb                              3.72409e-10
x1.nca                                       5
gnd_drv                            3.59903e-12
x1.ncb                             1.08898e-09
vdd_drv                                      5
x1.nbuf1                                     5
in_drv                             8.51904e-10
x2.n1                                        5
x2.n2                              1.67753e-09
x2.n3                                        5
x2.n4                              2.51412e-09
x2.n5                                        5
out                                2.66627e-09
outcap                             2.66627e-09
vimeas#branch                     -1.50641e-22
vin#branch                                   0
vgnd_logic#branch                  3.60997e-09
vsup_drv#branch                    -3.5969e-09
vsup_logic#branch                 -3.30566e-12

 Reference value :  0.00000e+00
 Reference value :  1.33482e-07
 Reference value :  2.77982e-07
 Reference value :  4.14863e-07
 Reference value :  5.63463e-07
No. of Data Rows : 7044
trise10_90          =  5.07709e-09 targ=  2.79239e-08 trig=  2.28468e-08
tfall10_90          =  5.07716e-09 targ=  3.28704e-07 trig=  3.23627e-07
tpdlh               =  4.41013e-09 targ=  2.49101e-08 trig=  2.05000e-08
tpdhl               =  4.48658e-09 targ=  3.25987e-07 trig=  3.21500e-07
m_trise_s = 5.0770920000e-09
m_tfall_s = 5.0771630000e-09
m_tpdlh_s = 4.4101320000e-09
m_tpdhl_s = 4.4865810000e-09
m_ipeak_source_a = 1.0155662880e+00
m_ipeak_sink_a = 8.7437062725e-01
m_vout_max_v = 5.0047662953e+00
m_vout_min_v = -3.176061632e-03
m_vin_max_v = 3.3000000000e+00
m_vin_min_v = 0.0000000000e+00
m_indrv_max_v = 5.0890542357e+00
m_indrv_min_v = -4.236282496e-02
m_n1_max_v = 5.0282672629e+00
m_n1_min_v = -4.896275110e-02
m_n2_max_v = 5.0733884841e+00
m_n2_min_v = -3.827481468e-02
m_n3_max_v = 5.0397565699e+00
m_n3_min_v = -3.054421754e-02
m_n4_max_v = 5.0495255474e+00
m_n4_min_v = -2.553053955e-02
m_n5_max_v = 5.0486319086e+00
m_n5_min_v = -2.767405530e-02
Note: Simulation executed from .control section 

Warning: m=xx on .subckt line will override multiplier m hierarchy!

Note: vimeas: has no value, DC 0 assumed
