
Note: Compatibility modes selected: hs a


Circuit: * gate-driver-core-drive @ ss_27c_vlogic3p63v-vdrv5p50v -- generated by sim/harness, do not edit

Doing analysis at TEMP = 27.000000 and TNOM = 27.000000

Using SPARSE 1.3 as Direct Linear Solver

Initial Transient Solution
--------------------------

Node                                   Voltage
----                                   -------
x1.inb                                    3.63
in                                           0
gnd_logic                                    0
vdd_logic                                 3.63
x1.na                                  2.60574
x1.nb                              4.84754e-10
x1.nca                                     5.5
gnd_drv                             3.9609e-12
x1.ncb                               1.432e-09
vdd_drv                                    5.5
x1.nbuf1                                   5.5
in_drv                              1.1821e-09
x2.n1                                      5.5
x2.n2                              2.32782e-09
x2.n3                                      5.5
x2.n4                              3.48941e-09
x2.n5                                      5.5
out                                3.70065e-09
outcap                             3.70065e-09
vimeas#branch                      5.39002e-22
vin#branch                                   0
vgnd_logic#branch                  3.97402e-09
vsup_drv#branch                   -3.95752e-09
vsup_logic#branch                 -3.93358e-12

 Reference value :  0.00000e+00
 Reference value :  1.38925e-07
 Reference value :  2.83025e-07
 Reference value :  4.22969e-07
 Reference value :  5.84869e-07
No. of Data Rows : 7040
trise10_90          =  5.72500e-09 targ=  2.87971e-08 trig=  2.30721e-08
tfall10_90          =  5.54310e-09 targ=  3.29321e-07 trig=  3.23778e-07
tpdlh               =  4.81723e-09 targ=  2.53172e-08 trig=  2.05000e-08
tpdhl               =  4.76567e-09 targ=  3.26266e-07 trig=  3.21500e-07
m_trise_s = 5.7250000000e-09
m_tfall_s = 5.5431000000e-09
m_tpdlh_s = 4.8172340000e-09
m_tpdhl_s = 4.7656680000e-09
m_ipeak_source_a = 1.0318794862e+00
m_ipeak_sink_a = 9.0642694728e-01
m_vout_max_v = 5.5044473689e+00
m_vout_min_v = -3.022803845e-03
m_vin_max_v = 3.6300000000e+00
m_vin_min_v = 0.0000000000e+00
m_indrv_max_v = 5.6024708301e+00
m_indrv_min_v = -3.794683205e-02
m_n1_max_v = 5.5577542260e+00
m_n1_min_v = -3.508551412e-02
m_n2_max_v = 5.5809635450e+00
m_n2_min_v = -4.028841516e-02
m_n3_max_v = 5.5521397127e+00
m_n3_min_v = -3.059589041e-02
m_n4_max_v = 5.5474124246e+00
m_n4_min_v = -1.913225350e-02
m_n5_max_v = 5.5474652488e+00
m_n5_min_v = -2.613580376e-02
Note: Simulation executed from .control section 

Warning: m=xx on .subckt line will override multiplier m hierarchy!

Note: vimeas: has no value, DC 0 assumed
