
Note: Compatibility modes selected: hs a


Circuit: * gate-driver-core-drive @ ss_27c_vlogic3p30v-vdrv5p00v -- generated by sim/harness, do not edit

Doing analysis at TEMP = 27.000000 and TNOM = 27.000000

Using SPARSE 1.3 as Direct Linear Solver

Initial Transient Solution
--------------------------

Node                                   Voltage
----                                   -------
x1.inb                                     3.3
in                                           0
gnd_logic                                    0
vdd_logic                                  3.3
x1.na                                  2.33003
x1.nb                              4.59241e-10
x1.nca                                       5
gnd_drv                            3.59988e-12
x1.ncb                             1.39819e-09
vdd_drv                                      5
x1.nbuf1                                     5
in_drv                             1.13207e-09
x2.n1                                        5
x2.n2                              2.22958e-09
x2.n3                                        5
x2.n4                              3.34255e-09
x2.n5                                        5
out                                3.54492e-09
outcap                             3.54492e-09
vimeas#branch                     -1.26074e-21
vin#branch                                   0
vgnd_logic#branch                  3.61167e-09
vsup_drv#branch                   -3.60074e-09
vsup_logic#branch                 -3.53403e-12

 Reference value :  5.28000e-10
 Reference value :  1.41368e-07
 Reference value :  2.90068e-07
 Reference value :  4.33312e-07
 Reference value :  5.93412e-07
No. of Data Rows : 7038
trise10_90          =  6.16310e-09 targ=  2.94074e-08 trig=  2.32443e-08
tfall10_90          =  5.80616e-09 targ=  3.29746e-07 trig=  3.23940e-07
tpdlh               =  5.16826e-09 targ=  2.56683e-08 trig=  2.05000e-08
tpdhl               =  5.04084e-09 targ=  3.26541e-07 trig=  3.21500e-07
m_trise_s = 6.1630970000e-09
m_tfall_s = 5.8061640000e-09
m_tpdlh_s = 5.1682630000e-09
m_tpdhl_s = 5.0408370000e-09
m_ipeak_source_a = 8.5426991918e-01
m_ipeak_sink_a = 7.9196897298e-01
m_vout_max_v = 5.0040014182e+00
m_vout_min_v = -3.210075610e-03
m_vin_max_v = 3.3000000000e+00
m_vin_min_v = 0.0000000000e+00
m_indrv_max_v = 5.0989571951e+00
m_indrv_min_v = -3.361291910e-02
m_n1_max_v = 5.0587174267e+00
m_n1_min_v = -4.199498917e-02
m_n2_max_v = 5.0753011730e+00
m_n2_min_v = -3.836779523e-02
m_n3_max_v = 5.0520571942e+00
m_n3_min_v = -2.715505991e-02
m_n4_max_v = 5.0448829695e+00
m_n4_min_v = -2.895073490e-02
m_n5_max_v = 5.0497036991e+00
m_n5_min_v = -3.058458019e-02
Note: Simulation executed from .control section 

Warning: m=xx on .subckt line will override multiplier m hierarchy!

Note: vimeas: has no value, DC 0 assumed
