
Note: Compatibility modes selected: hs a


Circuit: * gate-driver-core-drive @ tt_125c_vlogic3p30v-vdrv5p00v -- generated by sim/harness, do not edit

Doing analysis at TEMP = 125.000000 and TNOM = 27.000000

Using SPARSE 1.3 as Direct Linear Solver

Initial Transient Solution
--------------------------

Node                                   Voltage
----                                   -------
x1.inb                                     3.3
in                                           0
gnd_logic                                    0
vdd_logic                                  3.3
x1.na                                  2.41482
x1.nb                              6.90689e-10
x1.nca                                 4.99999
gnd_drv                            1.37362e-11
x1.ncb                             2.05193e-09
vdd_drv                                      5
x1.nbuf1                                     5
in_drv                             2.68985e-09
x2.n1                                        5
x2.n2                              5.63296e-09
x2.n3                                        5
x2.n4                              6.89203e-09
x2.n5                                        5
out                                 7.3089e-09
outcap                              7.3089e-09
vimeas#branch                      5.09205e-21
vin#branch                                   0
vgnd_logic#branch                  1.75375e-08
vsup_drv#branch                   -1.63964e-08
vsup_logic#branch                 -1.14092e-09

 Reference value :  1.02800e-09
 Reference value :  1.41968e-07
 Reference value :  2.96868e-07
 Reference value :  4.40683e-07
 Reference value :  5.87983e-07
No. of Data Rows : 7036
trise10_90          =  6.16416e-09 targ=  2.92694e-08 trig=  2.31052e-08
tfall10_90          =  5.94336e-09 targ=  3.29729e-07 trig=  3.23786e-07
tpdlh               =  4.92506e-09 targ=  2.54251e-08 trig=  2.05000e-08
tpdhl               =  4.80219e-09 targ=  3.26302e-07 trig=  3.21500e-07
m_trise_s = 6.1641630000e-09
m_tfall_s = 5.9433600000e-09
m_tpdlh_s = 4.9250640000e-09
m_tpdhl_s = 4.8021930000e-09
m_ipeak_source_a = 9.0831953073e-01
m_ipeak_sink_a = 8.1537953057e-01
m_vout_max_v = 5.0027354607e+00
m_vout_min_v = -2.294371880e-03
m_vin_max_v = 3.3000000000e+00
m_vin_min_v = 0.0000000000e+00
m_indrv_max_v = 5.0554972050e+00
m_indrv_min_v = -2.521655023e-02
m_n1_max_v = 5.0278923031e+00
m_n1_min_v = -1.913540085e-02
m_n2_max_v = 5.0693154378e+00
m_n2_min_v = -3.127896455e-02
m_n3_max_v = 5.0396286208e+00
m_n3_min_v = -2.657601732e-02
m_n4_max_v = 5.0334264468e+00
m_n4_min_v = -2.428753649e-02
m_n5_max_v = 5.0407004879e+00
m_n5_min_v = -2.091385529e-02
Note: Simulation executed from .control section 

Warning: m=xx on .subckt line will override multiplier m hierarchy!

Note: vimeas: has no value, DC 0 assumed
