
Note: Compatibility modes selected: hs a


Circuit: * gate-driver-core-drive @ tt_27c_vlogic3p30v-vdrv5p00v -- generated by sim/harness, do not edit

Doing analysis at TEMP = 27.000000 and TNOM = 27.000000

Using SPARSE 1.3 as Direct Linear Solver

Initial Transient Solution
--------------------------

Node                                   Voltage
----                                   -------
x1.inb                                     3.3
in                                           0
gnd_logic                                    0
vdd_logic                                  3.3
x1.na                                  2.43056
x1.nb                              4.29032e-10
x1.nca                                       5
gnd_drv                            3.66947e-12
x1.ncb                             1.22233e-09
vdd_drv                                      5
x1.nbuf1                                     5
in_drv                             1.00112e-09
x2.n1                                        5
x2.n2                               1.9693e-09
x2.n3                                        5
x2.n4                              2.93847e-09
x2.n5                                        5
out                                3.11633e-09
outcap                             3.11633e-09
vimeas#branch                      2.37763e-21
vin#branch                                   0
vgnd_logic#branch                  3.69348e-09
vsup_drv#branch                   -3.67066e-09
vsup_logic#branch                 -7.49911e-12

 Reference value :  6.40000e-11
 Reference value :  1.42183e-07
 Reference value :  2.93683e-07
 Reference value :  4.41575e-07
 Reference value :  5.97075e-07
No. of Data Rows : 7046
trise10_90          =  5.05866e-09 targ=  2.77116e-08 trig=  2.26529e-08
tfall10_90          =  4.79902e-09 targ=  3.28221e-07 trig=  3.23422e-07
tpdlh               =  4.12509e-09 targ=  2.46251e-08 trig=  2.05000e-08
tpdhl               =  4.04343e-09 targ=  3.25543e-07 trig=  3.21500e-07
m_trise_s = 5.0586600000e-09
m_tfall_s = 4.7990240000e-09
m_tpdlh_s = 4.1250920000e-09
m_tpdhl_s = 4.0434320000e-09
m_ipeak_source_a = 1.0650793080e+00
m_ipeak_sink_a = 9.6566061652e-01
m_vout_max_v = 5.0034974896e+00
m_vout_min_v = -2.649392818e-03
m_vin_max_v = 3.3000000000e+00
m_vin_min_v = 0.0000000000e+00
m_indrv_max_v = 5.0629120783e+00
m_indrv_min_v = -3.112419197e-02
m_n1_max_v = 5.0539790934e+00
m_n1_min_v = -3.117594647e-02
m_n2_max_v = 5.0692010033e+00
m_n2_min_v = -3.685126800e-02
m_n3_max_v = 5.0455314130e+00
m_n3_min_v = -2.348790862e-02
m_n4_max_v = 5.0393822937e+00
m_n4_min_v = -2.716483589e-02
m_n5_max_v = 5.0459589633e+00
m_n5_min_v = -2.637455744e-02
Note: Simulation executed from .control section 

Warning: m=xx on .subckt line will override multiplier m hierarchy!

Note: vimeas: has no value, DC 0 assumed
