
Note: No compatibility mode selected!


Circuit: * gate-driver-core-drive-with-uvlo @ ff_-40c_vlogic3p30v-vdrv2p00v -- generated by sim/harness, do not edit

Doing analysis at TEMP = -40.000000 and TNOM = 27.000000

Using SPARSE 1.3 as Direct Linear Solver

Initial Transient Solution
--------------------------

Node                                   Voltage
----                                   -------
x1.inb                                     3.3
in                                           0
gnd_logic                                    0
vdd_logic                                  3.3
x1.na                                        2
x1.nb                              1.32526e-10
x1.nca                                       2
gnd_drv                            3.56456e-09
x1.ncb                             3.47868e-10
vdd_drv                                      2
x1.nbuf1                                     2
in_drv                              4.1518e-09
x1.nccomp1                         1.29885e-09
x1.nccomp2                         2.24983e-09
x1.nccomp3                         3.20082e-09
x2.n1                                        2
x2.n2                              4.71875e-09
x2.n3                                        2
x2.n4                              5.29006e-09
x2.n5                                        2
out                                3.95929e-09
x3.nref                               0.636789
x3.ndiv                               0.366636
x3.uvlo_ok                          7.2856e-06
x3.ntail                            3.7103e-05
x3.ncompp                              1.42727
x3.ncompn                          6.87491e-05
x3.lockout                                   2
outcap                             3.95929e-09
vimeas#branch                     -6.77626e-21
vin#branch                                   0
vgnd_logic#branch                  3.56457e-06
vsup_drv#branch                   -3.56457e-06
vsup_logic#branch                 -3.56282e-12

 Reference value :  9.22376e-08
 Reference value :  2.74238e-07
 Reference value :  4.30311e-07
 Reference value :  6.15211e-07
No. of Data Rows : 7159
trise10_90          =  1.19756e-09 targ=  2.48715e-08 trig=  2.36739e-08
tfall10_90          =  8.62348e-10 targ=  3.24291e-07 trig=  3.23429e-07
tpdlh               =  3.47824e-09 targ=  2.39782e-08 trig=  2.05000e-08
tpdhl               =  2.19893e-09 targ=  3.23699e-07 trig=  3.21500e-07
lockout_at_in_high  =  2.00000e+00
vout_at_in_high     =  1.00100e-01
vdrv_at_in_high     =  2.00000e+00
m_trise_s = 1.1975580000e-09
m_tfall_s = 8.6234840000e-10
m_tpdlh_s = 3.4782410000e-09
m_tpdhl_s = 2.1989260000e-09
m_ipeak_source_a = 1.5330402191e-01
m_ipeak_sink_a = 1.6805206342e-01
m_vout_max_v = 1.0106960862e-01
m_vout_min_v = -1.863186288e-03
m_vin_max_v = 3.3000000000e+00
m_vin_min_v = 0.0000000000e+00
m_indrv_max_v = 2.0586233104e+00
m_indrv_min_v = -1.613813519e-02
m_n1_max_v = 2.0614741194e+00
m_n1_min_v = -4.373423612e-02
m_n2_max_v = 2.0438074698e+00
m_n2_min_v = -3.035819985e-02
m_n3_max_v = 2.0371709998e+00
m_n3_min_v = -2.508199266e-02
m_n4_max_v = 2.0389606733e+00
m_n4_min_v = -2.631899121e-02
m_n5_max_v = 2.0414851389e+00
m_n5_min_v = -2.658611093e-02
m_uvlo_lockout_at_in_high = 2.0000010000e+00
m_uvlo_vout_at_in_high_v = 1.0009970000e-01
m_uvlo_vdrv_at_in_high_v = 2.0000000000e+00
Note: Simulation executed from .control section 

Note: vimeas: has no value, DC 0 assumed
