
Note: No compatibility mode selected!


Circuit: * gate-driver-core-drive-with-uvlo @ ff_125c_vlogic3p30v-vdrv2p00v -- generated by sim/harness, do not edit

Doing analysis at TEMP = 125.000000 and TNOM = 27.000000

Using SPARSE 1.3 as Direct Linear Solver

Initial Transient Solution
--------------------------

Node                                   Voltage
----                                   -------
x1.inb                                 3.29999
in                                           0
gnd_logic                                    0
vdd_logic                                  3.3
x1.na                                  1.99986
x1.nb                                1.022e-09
x1.nca                                 1.99989
gnd_drv                            5.18721e-09
x1.ncb                             2.90892e-09
vdd_drv                                      2
x1.nbuf1                                     2
in_drv                             1.98267e-08
x1.nccomp1                         7.13836e-09
x1.nccomp2                         1.13678e-08
x1.nccomp3                         1.55972e-08
x2.n1                                        2
x2.n2                              3.75867e-08
x2.n3                                        2
x2.n4                              3.77622e-08
x2.n5                                        2
out                                 1.2639e-08
x3.nref                               0.461406
x3.ndiv                               0.366636
x3.uvlo_ok                         1.20314e-05
x3.ntail                             0.0209519
x3.ncompp                              1.47392
x3.ncompn                            0.0482803
x3.lockout                                   2
outcap                              1.2639e-08
vimeas#branch                                0
vin#branch                                   0
vgnd_logic#branch                  5.21684e-06
vsup_drv#branch                   -5.20557e-06
vsup_logic#branch                  -1.1271e-08

 Reference value :  9.79642e-08
 Reference value :  2.72364e-07
 Reference value :  4.32961e-07
 Reference value :  6.15061e-07
No. of Data Rows : 7125
trise10_90          =  1.95659e-09 targ=  2.67431e-08 trig=  2.47865e-08
tfall10_90          =  1.36361e-09 targ=  3.25457e-07 trig=  3.24093e-07
tpdlh               =  4.78497e-09 targ=  2.52850e-08 trig=  2.05000e-08
tpdhl               =  3.01896e-09 targ=  3.24519e-07 trig=  3.21500e-07
lockout_at_in_high  =  2.00010e+00
vout_at_in_high     =  1.26797e-01
vdrv_at_in_high     =  2.00000e+00
m_trise_s = 1.9565860000e-09
m_tfall_s = 1.3636050000e-09
m_tpdlh_s = 4.7849720000e-09
m_tpdhl_s = 3.0189640000e-09
m_ipeak_source_a = 1.1521560439e-01
m_ipeak_sink_a = 1.3419974409e-01
m_vout_max_v = 1.2752191586e-01
m_vout_min_v = -1.475758143e-03
m_vin_max_v = 3.3000000000e+00
m_vin_min_v = 0.0000000000e+00
m_indrv_max_v = 2.0347469648e+00
m_indrv_min_v = -1.107286437e-02
m_n1_max_v = 2.0466907579e+00
m_n1_min_v = -3.134036213e-02
m_n2_max_v = 2.0398467455e+00
m_n2_min_v = -2.399090139e-02
m_n3_max_v = 2.0340941962e+00
m_n3_min_v = -1.921067239e-02
m_n4_max_v = 2.0317532539e+00
m_n4_min_v = -1.949563805e-02
m_n5_max_v = 2.0338367296e+00
m_n5_min_v = -1.973745677e-02
m_uvlo_lockout_at_in_high = 2.0000990000e+00
m_uvlo_vout_at_in_high_v = 1.2679720000e-01
m_uvlo_vdrv_at_in_high_v = 2.0000000000e+00
Note: Simulation executed from .control section 

Note: vimeas: has no value, DC 0 assumed
Note: Starting dynamic gmin stepping
Note: Dynamic gmin stepping completed
