
Note: No compatibility mode selected!


Circuit: * gate-driver-core-drive-with-uvlo @ fs_-40c_vlogic3p30v-vdrv2p00v -- generated by sim/harness, do not edit

Doing analysis at TEMP = -40.000000 and TNOM = 27.000000

Using SPARSE 1.3 as Direct Linear Solver

Initial Transient Solution
--------------------------

Node                                   Voltage
----                                   -------
x1.inb                                     3.3
in                                           0
gnd_logic                                    0
vdd_logic                                  3.3
x1.na                                        2
x1.nb                              1.32928e-10
x1.nca                                       2
gnd_drv                            3.52084e-09
x1.ncb                             3.53069e-10
vdd_drv                                      2
x1.nbuf1                                     2
in_drv                             4.11945e-09
x1.nccomp1                         1.29466e-09
x1.nccomp2                         2.23626e-09
x1.nccomp3                         3.17786e-09
x2.n1                                        2
x2.n2                              4.69441e-09
x2.n3                                        2
x2.n4                               5.2924e-09
x2.n5                                        2
out                                 3.9261e-09
x3.nref                               0.669964
x3.ndiv                               0.366636
x3.uvlo_ok                         7.69002e-06
x3.ntail                           9.76797e-06
x3.ncompp                              1.25612
x3.ncompn                           1.7295e-05
x3.lockout                                   2
outcap                              3.9261e-09
vimeas#branch                                0
vin#branch                                   0
vgnd_logic#branch                  3.52085e-06
vsup_drv#branch                   -3.52084e-06
vsup_logic#branch                  -3.4065e-12

 Reference value :  1.13464e-07
 Reference value :  2.94964e-07
 Reference value :  4.57989e-07
 Reference value :  6.38589e-07
No. of Data Rows : 7139
trise10_90          =  1.19650e-09 targ=  2.67562e-08 trig=  2.55597e-08
tfall10_90          =  1.08037e-09 targ=  3.25584e-07 trig=  3.24504e-07
tpdlh               =  5.37403e-09 targ=  2.58740e-08 trig=  2.05000e-08
tpdhl               =  3.33605e-09 targ=  3.24836e-07 trig=  3.21500e-07
lockout_at_in_high  =  2.00002e+00
vout_at_in_high     =  5.40787e-02
vdrv_at_in_high     =  2.00000e+00
m_trise_s = 1.1964960000e-09
m_tfall_s = 1.0803730000e-09
m_tpdlh_s = 5.3740280000e-09
m_tpdhl_s = 3.3360530000e-09
m_ipeak_source_a = 8.0395893634e-02
m_ipeak_sink_a = 7.6052081802e-02
m_vout_max_v = 5.5187416504e-02
m_vout_min_v = -2.168660497e-03
m_vin_max_v = 3.3000000000e+00
m_vin_min_v = 0.0000000000e+00
m_indrv_max_v = 2.0632092416e+00
m_indrv_min_v = -2.694656566e-02
m_n1_max_v = 2.0603452317e+00
m_n1_min_v = -4.795701462e-02
m_n2_max_v = 2.0441813380e+00
m_n2_min_v = -3.832330762e-02
m_n3_max_v = 2.0439972107e+00
m_n3_min_v = -3.205096784e-02
m_n4_max_v = 2.0415099022e+00
m_n4_min_v = -3.272355372e-02
m_n5_max_v = 2.0452374838e+00
m_n5_min_v = -3.303500880e-02
m_uvlo_lockout_at_in_high = 2.0000250000e+00
m_uvlo_vout_at_in_high_v = 5.4078670000e-02
m_uvlo_vdrv_at_in_high_v = 2.0000000000e+00
Note: Simulation executed from .control section 

Note: vimeas: has no value, DC 0 assumed
