
Note: No compatibility mode selected!


Circuit: * gate-driver-core-drive-with-uvlo @ fs_125c_vlogic3p30v-vdrv2p00v -- generated by sim/harness, do not edit

Doing analysis at TEMP = 125.000000 and TNOM = 27.000000

Using SPARSE 1.3 as Direct Linear Solver

Initial Transient Solution
--------------------------

Node                                   Voltage
----                                   -------
x1.inb                                     3.3
in                                           0
gnd_logic                                    0
vdd_logic                                  3.3
x1.na                                  1.99988
x1.nb                               2.3822e-10
x1.nca                                  1.9999
gnd_drv                            4.55018e-09
x1.ncb                             6.84932e-10
vdd_drv                                      2
x1.nbuf1                                     2
in_drv                             6.13034e-09
x1.nccomp1                         2.04628e-09
x1.nccomp2                         3.40764e-09
x1.nccomp3                         4.76899e-09
x2.n1                                        2
x2.n2                              7.80916e-09
x2.n3                                        2
x2.n4                              8.75833e-09
x2.n5                                        2
out                                5.51283e-09
x3.nref                                0.49408
x3.ndiv                               0.366636
x3.uvlo_ok                         1.27298e-05
x3.ntail                             0.0114935
x3.ncompp                              1.27001
x3.ncompn                            0.0219378
x3.lockout                                   2
outcap                             5.51283e-09
vimeas#branch                                0
vin#branch                                   0
vgnd_logic#branch                  4.56725e-06
vsup_drv#branch                   -4.56083e-06
vsup_logic#branch                 -6.41121e-09

 Reference value :  1.13010e-07
 Reference value :  2.92210e-07
 Reference value :  4.54678e-07
 Reference value :  6.44378e-07
No. of Data Rows : 7110
trise10_90          =  1.92277e-09 targ=  2.89681e-08 trig=  2.70454e-08
tfall10_90          =  1.62245e-09 targ=  3.27028e-07 trig=  3.25406e-07
tpdlh               =  7.06121e-09 targ=  2.75612e-08 trig=  2.05000e-08
tpdhl               =  4.42218e-09 targ=  3.25922e-07 trig=  3.21500e-07
lockout_at_in_high  =  2.00054e+00
vout_at_in_high     =  7.15523e-02
vdrv_at_in_high     =  2.00000e+00
m_trise_s = 1.9227710000e-09
m_tfall_s = 1.6224480000e-09
m_tpdlh_s = 7.0612080000e-09
m_tpdhl_s = 4.4221760000e-09
m_ipeak_source_a = 6.3718554691e-02
m_ipeak_sink_a = 6.4324108177e-02
m_vout_max_v = 7.2374105369e-02
m_vout_min_v = -1.858307383e-03
m_vin_max_v = 3.3000000000e+00
m_vin_min_v = 0.0000000000e+00
m_indrv_max_v = 2.0334540353e+00
m_indrv_min_v = -1.345825122e-02
m_n1_max_v = 2.0456624544e+00
m_n1_min_v = -3.477901523e-02
m_n2_max_v = 2.0374643676e+00
m_n2_min_v = -3.051912834e-02
m_n3_max_v = 2.0342314772e+00
m_n3_min_v = -2.301142422e-02
m_n4_max_v = 2.0342336313e+00
m_n4_min_v = -2.348685496e-02
m_n5_max_v = 2.0356906773e+00
m_n5_min_v = -2.311689471e-02
m_uvlo_lockout_at_in_high = 2.0005390000e+00
m_uvlo_vout_at_in_high_v = 7.1552260000e-02
m_uvlo_vdrv_at_in_high_v = 2.0000000000e+00
Note: Simulation executed from .control section 

Note: vimeas: has no value, DC 0 assumed
