
Note: No compatibility mode selected!


Circuit: * gate-driver-core-drive-with-uvlo @ fs_27c_vlogic3p30v-vdrv2p00v -- generated by sim/harness, do not edit

Doing analysis at TEMP = 27.000000 and TNOM = 27.000000

Using SPARSE 1.3 as Direct Linear Solver

Initial Transient Solution
--------------------------

Node                                   Voltage
----                                   -------
x1.inb                                     3.3
in                                           0
gnd_logic                                    0
vdd_logic                                  3.3
x1.na                                        2
x1.nb                               1.6101e-10
x1.nca                                       2
gnd_drv                            3.65119e-09
x1.ncb                             4.44038e-10
vdd_drv                                      2
x1.nbuf1                                     2
in_drv                             4.40506e-09
x1.nccomp1                         1.43429e-09
x1.nccomp2                         2.42455e-09
x1.nccomp3                          3.4148e-09
x2.n1                                        2
x2.n2                              5.12876e-09
x2.n3                                        2
x2.n4                              5.88184e-09
x2.n5                                        2
out                                4.16147e-09
x3.nref                               0.597303
x3.ndiv                               0.366636
x3.uvlo_ok                         9.68155e-06
x3.ntail                           0.000519872
x3.ncompp                              1.25606
x3.ncompn                          0.000913605
x3.lockout                                   2
outcap                             4.16147e-09
vimeas#branch                                0
vin#branch                                   0
vgnd_logic#branch                  3.65129e-06
vsup_drv#branch                   -3.65124e-06
vsup_logic#branch                 -4.35052e-11

 Reference value :  1.01483e-07
 Reference value :  2.86583e-07
 Reference value :  4.40746e-07
 Reference value :  6.20646e-07
No. of Data Rows : 7124
trise10_90          =  1.48246e-09 targ=  2.77427e-08 trig=  2.62603e-08
tfall10_90          =  1.30689e-09 targ=  3.26230e-07 trig=  3.24923e-07
tpdlh               =  6.15489e-09 targ=  2.66549e-08 trig=  2.05000e-08
tpdhl               =  3.83343e-09 targ=  3.25333e-07 trig=  3.21500e-07
lockout_at_in_high  =  2.00013e+00
vout_at_in_high     =  6.04229e-02
vdrv_at_in_high     =  2.00000e+00
m_trise_s = 1.4824630000e-09
m_tfall_s = 1.3068890000e-09
m_tpdlh_s = 6.1548940000e-09
m_tpdhl_s = 3.8334280000e-09
m_ipeak_source_a = 7.0869109609e-02
m_ipeak_sink_a = 6.8812212778e-02
m_vout_max_v = 6.1386158949e-02
m_vout_min_v = -2.057720573e-03
m_vin_max_v = 3.3000000000e+00
m_vin_min_v = 0.0000000000e+00
m_indrv_max_v = 2.0520528508e+00
m_indrv_min_v = -1.771089044e-02
m_n1_max_v = 2.0562576469e+00
m_n1_min_v = -4.114673045e-02
m_n2_max_v = 2.0411215693e+00
m_n2_min_v = -3.446190066e-02
m_n3_max_v = 2.0396328696e+00
m_n3_min_v = -2.752821102e-02
m_n4_max_v = 2.0390230426e+00
m_n4_min_v = -2.824699800e-02
m_n5_max_v = 2.0409205318e+00
m_n5_min_v = -2.767130003e-02
m_uvlo_lockout_at_in_high = 2.0001260000e+00
m_uvlo_vout_at_in_high_v = 6.0422920000e-02
m_uvlo_vdrv_at_in_high_v = 2.0000000000e+00
Note: Simulation executed from .control section 

Note: vimeas: has no value, DC 0 assumed
