
Note: No compatibility mode selected!


Circuit: * gate-driver-core-drive-with-uvlo @ sf_27c_vlogic3p30v-vdrv2p00v -- generated by sim/harness, do not edit

Doing analysis at TEMP = 27.000000 and TNOM = 27.000000

Using SPARSE 1.3 as Direct Linear Solver

Initial Transient Solution
--------------------------

Node                                   Voltage
----                                   -------
x1.inb                                     3.3
in                                           0
gnd_logic                                    0
vdd_logic                                  3.3
x1.na                                        2
x1.nb                              1.81391e-10
x1.nca                                       2
gnd_drv                            3.37742e-09
x1.ncb                             5.42169e-10
vdd_drv                                      2
x1.nbuf1                                     2
in_drv                              4.4492e-09
x1.nccomp1                         1.51893e-09
x1.nccomp2                         2.49568e-09
x1.nccomp3                         3.47244e-09
x2.n1                                        2
x2.n2                              5.49291e-09
x2.n3                                        2
x2.n4                              6.53615e-09
x2.n5                                        2
out                                4.10001e-09
x3.nref                               0.784488
x3.ndiv                               0.366636
x3.uvlo_ok                         1.33753e-05
x3.ntail                           7.04926e-06
x3.ncompp                              1.60796
x3.ncompn                          1.29545e-05
x3.lockout                                   2
outcap                             4.10001e-09
vimeas#branch                                0
vin#branch                                   0
vgnd_logic#branch                  3.37743e-06
vsup_drv#branch                   -3.37743e-06
vsup_logic#branch                 -3.76104e-12

 Reference value :  1.09699e-07
 Reference value :  2.88599e-07
 Reference value :  4.54962e-07
 Reference value :  6.48262e-07
No. of Data Rows : 7131
trise10_90          =  2.70319e-09 targ=  2.84878e-08 trig=  2.57846e-08
tfall10_90          =  1.54987e-09 targ=  3.26105e-07 trig=  3.24555e-07
tpdlh               =  5.88216e-09 targ=  2.63822e-08 trig=  2.05000e-08
tpdhl               =  3.53634e-09 targ=  3.25036e-07 trig=  3.21500e-07
lockout_at_in_high  =  2.00005e+00
vout_at_in_high     =  1.50925e-01
vdrv_at_in_high     =  2.00000e+00
m_trise_s = 2.7031880000e-09
m_tfall_s = 1.5498680000e-09
m_tpdlh_s = 5.8821600000e-09
m_tpdhl_s = 3.5363410000e-09
m_ipeak_source_a = 1.1591850518e-01
m_ipeak_sink_a = 1.4078396471e-01
m_vout_max_v = 1.5229836637e-01
m_vout_min_v = -1.874224130e-03
m_vin_max_v = 3.3000000000e+00
m_vin_min_v = 0.0000000000e+00
m_indrv_max_v = 2.0741219846e+00
m_indrv_min_v = -2.003600496e-02
m_n1_max_v = 2.0760431612e+00
m_n1_min_v = -4.441215303e-02
m_n2_max_v = 2.0544550106e+00
m_n2_min_v = -3.076689578e-02
m_n3_max_v = 2.0451341730e+00
m_n3_min_v = -2.662873577e-02
m_n4_max_v = 2.0435116663e+00
m_n4_min_v = -2.760343373e-02
m_n5_max_v = 2.0497054960e+00
m_n5_min_v = -2.794583835e-02
m_uvlo_lockout_at_in_high = 2.0000520000e+00
m_uvlo_vout_at_in_high_v = 1.5092520000e-01
m_uvlo_vdrv_at_in_high_v = 2.0000000000e+00
Note: Simulation executed from .control section 

Note: vimeas: has no value, DC 0 assumed
