
Note: No compatibility mode selected!


Circuit: * gate-driver-core-drive-with-uvlo @ ss_-40c_vlogic3p30v-vdrv2p00v -- generated by sim/harness, do not edit

Doing analysis at TEMP = -40.000000 and TNOM = 27.000000

Using SPARSE 1.3 as Direct Linear Solver

Initial Transient Solution
--------------------------

Node                                   Voltage
----                                   -------
x1.inb                                     3.3
in                                           0
gnd_logic                                    0
vdd_logic                                  3.3
x1.na                                  1.99999
x1.nb                              1.48238e-10
x1.nca                                       2
gnd_drv                            3.24493e-09
x1.ncb                              4.3347e-10
vdd_drv                                      2
x1.nbuf1                                     2
in_drv                             4.11322e-09
x1.nccomp1                         1.35341e-09
x1.nccomp2                         2.27334e-09
x1.nccomp3                         3.19328e-09
x2.n1                                        2
x2.n2                              4.95437e-09
x2.n3                                        2
x2.n4                               5.8247e-09
x2.n5                                        2
out                                3.83508e-09
x3.nref                               0.890078
x3.ndiv                               0.366636
x3.uvlo_ok                         1.12539e-05
x3.ntail                           6.63948e-08
x3.ncompp                              1.39318
x3.ncompn                          1.44615e-07
x3.lockout                                   2
outcap                             3.83508e-09
vimeas#branch                                0
vin#branch                                   0
vgnd_logic#branch                  3.24494e-06
vsup_drv#branch                   -3.24493e-06
vsup_logic#branch                 -3.30347e-12

 Reference value :  1.17053e-07
 Reference value :  3.03453e-07
 Reference value :  4.66431e-07
 Reference value :  6.46831e-07
No. of Data Rows : 7120
trise10_90          =  1.98715e-09 targ=  2.99675e-08 trig=  2.79804e-08
tfall10_90          =  1.49247e-09 targ=  3.27190e-07 trig=  3.25698e-07
tpdlh               =  7.96449e-09 targ=  2.84645e-08 trig=  2.05000e-08
tpdhl               =  4.66638e-09 targ=  3.26166e-07 trig=  3.21500e-07
lockout_at_in_high  =  2.00011e+00
vout_at_in_high     =  6.97526e-02
vdrv_at_in_high     =  2.00000e+00
m_trise_s = 1.9871530000e-09
m_tfall_s = 1.4924670000e-09
m_tpdlh_s = 7.9644910000e-09
m_tpdhl_s = 4.6663810000e-09
m_ipeak_source_a = 6.8781099091e-02
m_ipeak_sink_a = 7.0702464250e-02
m_vout_max_v = 7.1588241669e-02
m_vout_min_v = -2.242562502e-03
m_vin_max_v = 3.3000000000e+00
m_vin_min_v = 0.0000000000e+00
m_indrv_max_v = 2.1117785370e+00
m_indrv_min_v = -5.803295237e-02
m_n1_max_v = 2.0837639149e+00
m_n1_min_v = -5.146395533e-02
m_n2_max_v = 2.0640824948e+00
m_n2_min_v = -4.332029769e-02
m_n3_max_v = 2.0641563057e+00
m_n3_min_v = -3.954857518e-02
m_n4_max_v = 2.0625839865e+00
m_n4_min_v = -3.973859180e-02
m_n5_max_v = 2.0647650720e+00
m_n5_min_v = -3.955608412e-02
m_uvlo_lockout_at_in_high = 2.0001150000e+00
m_uvlo_vout_at_in_high_v = 6.9752580000e-02
m_uvlo_vdrv_at_in_high_v = 2.0000000000e+00
Note: Simulation executed from .control section 

Note: vimeas: has no value, DC 0 assumed
