
Note: No compatibility mode selected!


Circuit: * gate-driver-core-drive-with-uvlo @ ss_125c_vlogic3p30v-vdrv2p00v -- generated by sim/harness, do not edit

Doing analysis at TEMP = 125.000000 and TNOM = 27.000000

Using SPARSE 1.3 as Direct Linear Solver

Initial Transient Solution
--------------------------

Node                                   Voltage
----                                   -------
x1.inb                                     3.3
in                                           0
gnd_logic                                    0
vdd_logic                                  3.3
x1.na                                  1.99999
x1.nb                              2.67402e-10
x1.nca                                       2
gnd_drv                            3.48684e-09
x1.ncb                             8.49637e-10
vdd_drv                                      2
x1.nbuf1                                     2
in_drv                             5.63941e-09
x1.nccomp1                         2.04708e-09
x1.nccomp2                         3.24452e-09
x1.nccomp3                         4.44197e-09
x2.n1                                        2
x2.n2                              7.91288e-09
x2.n3                                        2
x2.n4                              9.33262e-09
x2.n5                                        2
out                                4.82411e-09
x3.nref                               0.711767
x3.ndiv                               0.366636
x3.uvlo_ok                          1.8999e-05
x3.ntail                           0.000291378
x3.ncompp                              1.44295
x3.ncompn                          0.000506731
x3.lockout                                   2
outcap                             4.82411e-09
vimeas#branch                     -6.77626e-21
vin#branch                                   0
vgnd_logic#branch                  3.48721e-06
vsup_drv#branch                   -3.48708e-06
vsup_logic#branch                 -1.27472e-10

 Reference value :  1.29361e-07
 Reference value :  3.19961e-07
 Reference value :  4.89053e-07
 Reference value :  6.69353e-07
No. of Data Rows : 7093
trise10_90          =  3.17343e-09 targ=  3.32044e-08 trig=  3.00309e-08
tfall10_90          =  2.32330e-09 targ=  3.29258e-07 trig=  3.26934e-07
tpdlh               =  1.03273e-08 targ=  3.08273e-08 trig=  2.05000e-08
tpdhl               =  6.16530e-09 targ=  3.27665e-07 trig=  3.21500e-07
lockout_at_in_high  =  2.00142e+00
vout_at_in_high     =  9.46378e-02
vdrv_at_in_high     =  2.00000e+00
m_trise_s = 3.1734340000e-09
m_tfall_s = 2.3233000000e-09
m_tpdlh_s = 1.0327290000e-08
m_tpdhl_s = 6.1652970000e-09
m_ipeak_source_a = 5.4644427814e-02
m_ipeak_sink_a = 5.9105961282e-02
m_vout_max_v = 9.6065446341e-02
m_vout_min_v = -2.072821729e-03
m_vin_max_v = 3.3000000000e+00
m_vin_min_v = 0.0000000000e+00
m_indrv_max_v = 2.0641371300e+00
m_indrv_min_v = -2.196854450e-02
m_n1_max_v = 2.0662498144e+00
m_n1_min_v = -4.025260499e-02
m_n2_max_v = 2.0507291032e+00
m_n2_min_v = -3.431598875e-02
m_n3_max_v = 2.0473673224e+00
m_n3_min_v = -2.915462196e-02
m_n4_max_v = 2.0461461627e+00
m_n4_min_v = -2.939340428e-02
m_n5_max_v = 2.0476283637e+00
m_n5_min_v = -3.035829712e-02
m_uvlo_lockout_at_in_high = 2.0014240000e+00
m_uvlo_vout_at_in_high_v = 9.4637780000e-02
m_uvlo_vdrv_at_in_high_v = 2.0000000000e+00
Note: Simulation executed from .control section 

Note: vimeas: has no value, DC 0 assumed
