
Note: No compatibility mode selected!


Circuit: * gate-driver-core-drive-with-uvlo @ ss_27c_vlogic3p30v-vdrv2p00v -- generated by sim/harness, do not edit

Doing analysis at TEMP = 27.000000 and TNOM = 27.000000

Using SPARSE 1.3 as Direct Linear Solver

Initial Transient Solution
--------------------------

Node                                   Voltage
----                                   -------
x1.inb                                     3.3
in                                           0
gnd_logic                                    0
vdd_logic                                  3.3
x1.na                                        2
x1.nb                              1.82802e-10
x1.nca                                       2
gnd_drv                            3.33725e-09
x1.ncb                             5.56552e-10
vdd_drv                                      2
x1.nbuf1                                     2
in_drv                              4.4446e-09
x1.nccomp1                         1.52856e-09
x1.nccomp2                         2.50058e-09
x1.nccomp3                         3.47259e-09
x2.n1                                        2
x2.n2                              5.51662e-09
x2.n3                                        2
x2.n4                              6.62665e-09
x2.n5                                        2
out                                4.08972e-09
x3.nref                                0.81636
x3.ndiv                               0.366636
x3.uvlo_ok                         1.43484e-05
x3.ntail                           2.64453e-06
x3.ncompp                              1.43711
x3.ncompn                          4.66411e-06
x3.lockout                                   2
outcap                             4.08972e-09
vimeas#branch                      6.77626e-21
vin#branch                                   0
vgnd_logic#branch                  3.33726e-06
vsup_drv#branch                   -3.33725e-06
vsup_logic#branch                 -3.54077e-12

 Reference value :  1.22707e-07
 Reference value :  3.02307e-07
 Reference value :  4.67238e-07
 Reference value :  6.47938e-07
No. of Data Rows : 7103
trise10_90          =  2.44432e-09 targ=  3.13995e-08 trig=  2.89552e-08
tfall10_90          =  1.83753e-09 targ=  3.28111e-07 trig=  3.26274e-07
tpdlh               =  9.06485e-09 targ=  2.95648e-08 trig=  2.05000e-08
tpdhl               =  5.35328e-09 targ=  3.26853e-07 trig=  3.21500e-07
lockout_at_in_high  =  2.00044e+00
vout_at_in_high     =  7.90473e-02
vdrv_at_in_high     =  2.00000e+00
m_trise_s = 2.4443220000e-09
m_tfall_s = 1.8375350000e-09
m_tpdlh_s = 9.0648460000e-09
m_tpdhl_s = 5.3532770000e-09
m_ipeak_source_a = 6.0374261960e-02
m_ipeak_sink_a = 6.2933413276e-02
m_vout_max_v = 8.0601557536e-02
m_vout_min_v = -2.202216419e-03
m_vin_max_v = 3.3000000000e+00
m_vin_min_v = 0.0000000000e+00
m_indrv_max_v = 2.0786235760e+00
m_indrv_min_v = -3.714799610e-02
m_n1_max_v = 2.0773403910e+00
m_n1_min_v = -5.085331593e-02
m_n2_max_v = 2.0584174270e+00
m_n2_min_v = -3.841672343e-02
m_n3_max_v = 2.0556253446e+00
m_n3_min_v = -3.556437611e-02
m_n4_max_v = 2.0558743340e+00
m_n4_min_v = -3.609395374e-02
m_n5_max_v = 2.0574868805e+00
m_n5_min_v = -3.639834669e-02
m_uvlo_lockout_at_in_high = 2.0004440000e+00
m_uvlo_vout_at_in_high_v = 7.9047320000e-02
m_uvlo_vdrv_at_in_high_v = 2.0000000000e+00
Note: Simulation executed from .control section 

Note: vimeas: has no value, DC 0 assumed
