
Note: No compatibility mode selected!


Circuit: * gate-driver-core-drive-with-uvlo @ tt_-40c_vlogic3p30v-vdrv2p00v -- generated by sim/harness, do not edit

Doing analysis at TEMP = -40.000000 and TNOM = 27.000000

Using SPARSE 1.3 as Direct Linear Solver

Initial Transient Solution
--------------------------

Node                                   Voltage
----                                   -------
x1.inb                                     3.3
in                                           0
gnd_logic                                    0
vdd_logic                                  3.3
x1.na                                        2
x1.nb                              1.39914e-10
x1.nca                                       2
gnd_drv                            3.40045e-09
x1.ncb                             3.83671e-10
vdd_drv                                      2
x1.nbuf1                                     2
in_drv                             4.09972e-09
x1.nccomp1                         1.31268e-09
x1.nccomp2                          2.2417e-09
x1.nccomp3                         3.17071e-09
x2.n1                                        2
x2.n2                              4.77584e-09
x2.n3                                        2
x2.n4                              5.46697e-09
x2.n5                                        2
out                                3.87318e-09
x3.nref                               0.765715
x3.ndiv                               0.366636
x3.uvlo_ok                         8.87527e-06
x3.ntail                           5.99389e-07
x3.ncompp                               1.4301
x3.ncompn                          1.11288e-06
x3.lockout                                   2
outcap                             3.87318e-09
vimeas#branch                                0
vin#branch                                   0
vgnd_logic#branch                  3.40045e-06
vsup_drv#branch                   -3.40045e-06
vsup_logic#branch                 -3.31413e-12

 Reference value :  1.16277e-07
 Reference value :  3.01477e-07
 Reference value :  4.52551e-07
 Reference value :  6.36251e-07
No. of Data Rows : 7147
trise10_90          =  1.49145e-09 targ=  2.66737e-08 trig=  2.51823e-08
tfall10_90          =  1.10350e-09 targ=  3.25342e-07 trig=  3.24239e-07
tpdlh               =  5.05651e-09 targ=  2.55565e-08 trig=  2.05000e-08
tpdhl               =  3.08893e-09 targ=  3.24589e-07 trig=  3.21500e-07
lockout_at_in_high  =  2.00001e+00
vout_at_in_high     =  8.48609e-02
vdrv_at_in_high     =  2.00000e+00
m_trise_s = 1.4914490000e-09
m_tfall_s = 1.1034990000e-09
m_tpdlh_s = 5.0565090000e-09
m_tpdhl_s = 3.0889260000e-09
m_ipeak_source_a = 1.0511911604e-01
m_ipeak_sink_a = 1.1245163554e-01
m_vout_max_v = 8.6164443980e-02
m_vout_min_v = -2.104134471e-03
m_vin_max_v = 3.3000000000e+00
m_vin_min_v = 0.0000000000e+00
m_indrv_max_v = 2.0773983303e+00
m_indrv_min_v = -2.633819331e-02
m_n1_max_v = 2.0775811999e+00
m_n1_min_v = -4.832404560e-02
m_n2_max_v = 2.0523696766e+00
m_n2_min_v = -3.568441921e-02
m_n3_max_v = 2.0491404211e+00
m_n3_min_v = -3.233909735e-02
m_n4_max_v = 2.0490287201e+00
m_n4_min_v = -3.267148510e-02
m_n5_max_v = 2.0515187110e+00
m_n5_min_v = -3.259577558e-02
m_uvlo_lockout_at_in_high = 2.0000100000e+00
m_uvlo_vout_at_in_high_v = 8.4860940000e-02
m_uvlo_vdrv_at_in_high_v = 2.0000000000e+00
Note: Simulation executed from .control section 

Note: vimeas: has no value, DC 0 assumed
