
Note: No compatibility mode selected!


Circuit: * gate-driver-core-drive-with-uvlo @ tt_125c_vlogic3p30v-vdrv2p00v -- generated by sim/harness, do not edit

Doing analysis at TEMP = 125.000000 and TNOM = 27.000000

Using SPARSE 1.3 as Direct Linear Solver

Initial Transient Solution
--------------------------

Node                                   Voltage
----                                   -------
x1.inb                                     3.3
in                                           0
gnd_logic                                    0
vdd_logic                                  3.3
x1.na                                  1.99997
x1.nb                              3.11188e-10
x1.nca                                 1.99998
gnd_drv                            3.81474e-09
x1.ncb                             9.24493e-10
vdd_drv                                      2
x1.nbuf1                                     2
in_drv                             6.76757e-09
x1.nccomp1                         2.38526e-09
x1.nccomp2                         3.84603e-09
x1.nccomp3                          5.3068e-09
x2.n1                                        2
x2.n2                              1.01083e-08
x2.n3                                        2
x2.n4                              1.11383e-08
x2.n5                                        2
out                                5.49006e-09
x3.nref                               0.588836
x3.ndiv                               0.366636
x3.uvlo_ok                         1.48088e-05
x3.ntail                            0.00279113
x3.ncompp                              1.44893
x3.ncompn                           0.00502355
x3.lockout                                   2
outcap                             5.49006e-09
vimeas#branch                                0
vin#branch                                   0
vgnd_logic#branch                  3.81791e-06
vsup_drv#branch                   -3.81677e-06
vsup_logic#branch                 -1.14092e-09

 Reference value :  1.24251e-07
 Reference value :  3.09351e-07
 Reference value :  4.74089e-07
 Reference value :  6.50989e-07
No. of Data Rows : 7114
trise10_90          =  2.42590e-09 targ=  2.90930e-08 trig=  2.66671e-08
tfall10_90          =  1.73429e-09 targ=  3.26867e-07 trig=  3.25133e-07
tpdlh               =  6.78105e-09 targ=  2.72811e-08 trig=  2.05000e-08
tpdhl               =  4.17646e-09 targ=  3.25676e-07 trig=  3.21500e-07
lockout_at_in_high  =  2.00038e+00
vout_at_in_high     =  1.10692e-01
vdrv_at_in_high     =  2.00000e+00
m_trise_s = 2.4259030000e-09
m_tfall_s = 1.7342920000e-09
m_tpdlh_s = 6.7810540000e-09
m_tpdhl_s = 4.1764620000e-09
m_ipeak_source_a = 8.2820597215e-02
m_ipeak_sink_a = 9.2085405873e-02
m_vout_max_v = 1.1162784853e-01
m_vout_min_v = -1.762654975e-03
m_vin_max_v = 3.3000000000e+00
m_vin_min_v = 0.0000000000e+00
m_indrv_max_v = 2.0503323693e+00
m_indrv_min_v = -1.527969995e-02
m_n1_max_v = 2.0526233801e+00
m_n1_min_v = -3.727747108e-02
m_n2_max_v = 2.0451328489e+00
m_n2_min_v = -2.909289851e-02
m_n3_max_v = 2.0398980392e+00
m_n3_min_v = -2.270972324e-02
m_n4_max_v = 2.0381109514e+00
m_n4_min_v = -2.403822779e-02
m_n5_max_v = 2.0403162624e+00
m_n5_min_v = -2.444789702e-02
m_uvlo_lockout_at_in_high = 2.0003780000e+00
m_uvlo_vout_at_in_high_v = 1.1069210000e-01
m_uvlo_vdrv_at_in_high_v = 2.0000000000e+00
Note: Simulation executed from .control section 

Note: vimeas: has no value, DC 0 assumed
