
Note: No compatibility mode selected!


Circuit: * gate-driver-core-drive @ ff_-40c_vlogic3p63v-vdrv5p50v -- generated by sim/harness, do not edit

Doing analysis at TEMP = -40.000000 and TNOM = 27.000000

Using SPARSE 1.3 as Direct Linear Solver

Initial Transient Solution
--------------------------

Node                                   Voltage
----                                   -------
x1.inb                                    3.63
in                                           0
gnd_logic                                    0
vdd_logic                                 3.63
x1.na                                  2.73691
x1.nb                              3.58648e-10
x1.nca                                     5.5
gnd_drv                            4.08849e-12
x1.ncb                             9.12466e-10
vdd_drv                                    5.5
x1.nbuf1                                   5.5
in_drv                             7.43156e-10
x1.nccomp1                         8.70139e-10
x1.nccomp2                         8.27811e-10
x1.nccomp3                         7.85484e-10
x2.n1                                      5.5
x2.n2                              1.45964e-09
x2.n3                                      5.5
x2.n4                              2.16608e-09
x2.n5                                      5.5
out                                2.29711e-09
outcap                             2.29711e-09
vimeas#branch                                0
vin#branch                                   0
vgnd_logic#branch                  4.10195e-09
vsup_drv#branch                   -4.08963e-09
vsup_logic#branch                 -4.03207e-12

 Reference value :  1.73385e-07
 Reference value :  3.75826e-07
 Reference value :  6.72626e-07
No. of Data Rows : 7225
trise10_90          =  3.40858e-09 targ=  2.54184e-08 trig=  2.20099e-08
tfall10_90          =  3.38810e-09 targ=  3.26215e-07 trig=  3.22827e-07
tpdlh               =  2.87910e-09 targ=  2.33791e-08 trig=  2.05000e-08
tpdhl               =  2.86003e-09 targ=  3.24360e-07 trig=  3.21500e-07
m_trise_s = 3.4085770000e-09
m_tfall_s = 3.3880960000e-09
m_tpdlh_s = 2.8791010000e-09
m_tpdhl_s = 2.8600320000e-09
m_ipeak_source_a = 1.6622282138e+00
m_ipeak_sink_a = 1.4579827592e+00
m_vout_max_v = 5.5042418539e+00
m_vout_min_v = -2.512303439e-03
m_vin_max_v = 3.6300000000e+00
m_vin_min_v = 0.0000000000e+00
m_indrv_max_v = 5.5000876555e+00
m_indrv_min_v = -3.238824840e-04
m_n1_max_v = 5.5970907576e+00
m_n1_min_v = -4.200879672e-02
m_n2_max_v = 5.5683921130e+00
m_n2_min_v = -3.924755999e-02
m_n3_max_v = 5.5480743743e+00
m_n3_min_v = -2.661116265e-02
m_n4_max_v = 5.5439697004e+00
m_n4_min_v = -2.602556054e-02
m_n5_max_v = 5.5444414207e+00
m_n5_min_v = -2.563855587e-02
Note: Simulation executed from .control section 

Note: vimeas: has no value, DC 0 assumed
