
Note: No compatibility mode selected!


Circuit: * gate-driver-core-drive @ ff_125c_vlogic3p63v-vdrv5p50v -- generated by sim/harness, do not edit

Doing analysis at TEMP = 125.000000 and TNOM = 27.000000

Using SPARSE 1.3 as Direct Linear Solver

Initial Transient Solution
--------------------------

Node                                   Voltage
----                                   -------
x1.inb                                 3.62999
in                                           0
gnd_logic                                    0
vdd_logic                                 3.63
x1.na                                  2.73094
x1.nb                              2.18978e-09
x1.nca                                 5.49992
gnd_drv                            1.44436e-10
x1.ncb                             6.13442e-09
vdd_drv                                    5.5
x1.nbuf1                                   5.5
in_drv                             1.59984e-08
x1.nccomp1                         8.60042e-09
x1.nccomp2                         1.10664e-08
x1.nccomp3                         1.35324e-08
x2.n1                                      5.5
x2.n2                               3.5178e-08
x2.n3                                      5.5
x2.n4                              3.55411e-08
x2.n5                                      5.5
out                                3.76864e-08
outcap                             3.76864e-08
vimeas#branch                                0
vin#branch                                   0
vgnd_logic#branch                   1.9012e-07
vsup_drv#branch                    -1.7539e-07
vsup_logic#branch                 -1.47242e-08

 Reference value :  2.06138e-07
 Reference value :  4.78818e-07
No. of Data Rows : 7192
trise10_90          =  4.83463e-09 targ=  2.74135e-08 trig=  2.25789e-08
tfall10_90          =  4.97779e-09 targ=  3.28269e-07 trig=  3.23291e-07
tpdlh               =  3.87769e-09 targ=  2.43777e-08 trig=  2.05000e-08
tpdhl               =  3.87969e-09 targ=  3.25380e-07 trig=  3.21500e-07
m_trise_s = 4.8346300000e-09
m_tfall_s = 4.9777870000e-09
m_tpdlh_s = 3.8776850000e-09
m_tpdhl_s = 3.8796900000e-09
m_ipeak_source_a = 1.2829861930e+00
m_ipeak_sink_a = 1.0865158093e+00
m_vout_max_v = 5.5034995026e+00
m_vout_min_v = -2.059789538e-03
m_vin_max_v = 3.6300000000e+00
m_vin_min_v = 0.0000000000e+00
m_indrv_max_v = 5.5002783068e+00
m_indrv_min_v = -4.096895289e-04
m_n1_max_v = 5.5715544195e+00
m_n1_min_v = -3.449461424e-02
m_n2_max_v = 5.5663600831e+00
m_n2_min_v = -3.662953319e-02
m_n3_max_v = 5.5422728186e+00
m_n3_min_v = -2.480702585e-02
m_n4_max_v = 5.5376859644e+00
m_n4_min_v = -2.313069844e-02
m_n5_max_v = 5.5382412463e+00
m_n5_min_v = -2.243451264e-02
Note: Simulation executed from .control section 

Note: vimeas: has no value, DC 0 assumed
