
Note: No compatibility mode selected!


Circuit: * gate-driver-core-drive @ ff_125c_vlogic2p97v-vdrv4p50v -- generated by sim/harness, do not edit

Doing analysis at TEMP = 125.000000 and TNOM = 27.000000

Using SPARSE 1.3 as Direct Linear Solver

Initial Transient Solution
--------------------------

Node                                   Voltage
----                                   -------
x1.inb                                    2.97
in                                           0
gnd_logic                                    0
vdd_logic                                 2.97
x1.na                                  2.18079
x1.nb                              1.94302e-09
x1.nca                                 4.49994
gnd_drv                            1.12168e-10
x1.ncb                             5.63421e-09
vdd_drv                                    4.5
x1.nbuf1                                   4.5
in_drv                             1.39423e-08
x1.nccomp1                         7.71122e-09
x1.nccomp2                         9.78824e-09
x1.nccomp3                         1.18653e-08
x2.n1                                      4.5
x2.n2                              3.06688e-08
x2.n3                                      4.5
x2.n4                                3.103e-08
x2.n5                                      4.5
out                                3.29038e-08
outcap                             3.29038e-08
vimeas#branch                                0
vin#branch                                   0
vgnd_logic#branch                  1.41882e-07
vsup_drv#branch                   -1.33085e-07
vsup_logic#branch                 -8.79428e-09

 Reference value :  1.93710e-07
 Reference value :  4.80121e-07
No. of Data Rows : 7175
trise10_90          =  5.59064e-09 targ=  2.84372e-08 trig=  2.28466e-08
tfall10_90          =  5.34751e-09 targ=  3.28866e-07 trig=  3.23518e-07
tpdlh               =  4.42727e-09 targ=  2.49273e-08 trig=  2.05000e-08
tpdhl               =  4.25515e-09 targ=  3.25755e-07 trig=  3.21500e-07
m_trise_s = 5.5906420000e-09
m_tfall_s = 5.3475060000e-09
m_tpdlh_s = 4.4272680000e-09
m_tpdhl_s = 4.2551490000e-09
m_ipeak_source_a = 9.0723548712e-01
m_ipeak_sink_a = 8.2908789797e-01
m_vout_max_v = 4.5034273674e+00
m_vout_min_v = -2.050383239e-03
m_vin_max_v = 2.9700000000e+00
m_vin_min_v = 0.0000000000e+00
m_indrv_max_v = 4.5002174641e+00
m_indrv_min_v = -4.161197751e-04
m_n1_max_v = 4.5768615951e+00
m_n1_min_v = -3.679586714e-02
m_n2_max_v = 4.5614451868e+00
m_n2_min_v = -3.387689675e-02
m_n3_max_v = 4.5417238083e+00
m_n3_min_v = -2.388033462e-02
m_n4_max_v = 4.5396992210e+00
m_n4_min_v = -2.292841967e-02
m_n5_max_v = 4.5401240800e+00
m_n5_min_v = -2.223705004e-02
Note: Simulation executed from .control section 

Note: vimeas: has no value, DC 0 assumed
