
Note: No compatibility mode selected!


Circuit: * gate-driver-core-drive @ fs_-40c_vlogic3p30v-vdrv5p00v -- generated by sim/harness, do not edit

Doing analysis at TEMP = -40.000000 and TNOM = 27.000000

Using SPARSE 1.3 as Direct Linear Solver

Initial Transient Solution
--------------------------

Node                                   Voltage
----                                   -------
x1.inb                                     3.3
in                                           0
gnd_logic                                    0
vdd_logic                                  3.3
x1.na                                  2.41748
x1.nb                              3.34008e-10
x1.nca                                       5
gnd_drv                            3.61727e-12
x1.ncb                             8.87154e-10
vdd_drv                                      5
x1.nbuf1                                     5
in_drv                             6.99911e-10
x1.nccomp1                         8.40343e-10
x1.nccomp2                         7.93533e-10
x1.nccomp3                         7.46722e-10
x2.n1                                        5
x2.n2                              1.37151e-09
x2.n3                                        5
x2.n4                              2.05584e-09
x2.n5                                        5
out                                2.18021e-09
outcap                             2.18021e-09
vimeas#branch                      1.69407e-21
vin#branch                                   0
vgnd_logic#branch                  3.62871e-09
vsup_drv#branch                   -3.61815e-09
vsup_logic#branch                  -3.4065e-12

 Reference value :  1.55434e-07
 Reference value :  3.99014e-07
No. of Data Rows : 7218
trise10_90          =  4.73621e-09 targ=  2.71924e-08 trig=  2.24561e-08
tfall10_90          =  3.67988e-09 targ=  3.26871e-07 trig=  3.23191e-07
tpdlh               =  3.87808e-09 targ=  2.43781e-08 trig=  2.05000e-08
tpdhl               =  3.35968e-09 targ=  3.24860e-07 trig=  3.21500e-07
m_trise_s = 4.7362130000e-09
m_tfall_s = 3.6798760000e-09
m_tpdlh_s = 3.8780790000e-09
m_tpdhl_s = 3.3596760000e-09
m_ipeak_source_a = 1.0741553697e+00
m_ipeak_sink_a = 1.2214469665e+00
m_vout_max_v = 5.0043857994e+00
m_vout_min_v = -3.368906078e-03
m_vin_max_v = 3.3000000000e+00
m_vin_min_v = 0.0000000000e+00
m_indrv_max_v = 5.0000775843e+00
m_indrv_min_v = -6.968710026e-03
m_n1_max_v = 5.0969901148e+00
m_n1_min_v = -5.014877137e-02
m_n2_max_v = 5.0662435009e+00
m_n2_min_v = -4.145832097e-02
m_n3_max_v = 5.0539224423e+00
m_n3_min_v = -2.960097100e-02
m_n4_max_v = 5.0511161268e+00
m_n4_min_v = -2.924915574e-02
m_n5_max_v = 5.0508325576e+00
m_n5_min_v = -2.855468636e-02
Note: Simulation executed from .control section 

Note: vimeas: has no value, DC 0 assumed
