
Note: No compatibility mode selected!


Circuit: * gate-driver-core-drive @ fs_125c_vlogic3p30v-vdrv6p00v -- generated by sim/harness, do not edit

Doing analysis at TEMP = 125.000000 and TNOM = 27.000000

Using SPARSE 1.3 as Direct Linear Solver

Initial Transient Solution
--------------------------

Node                                   Voltage
----                                   -------
x1.inb                                     3.3
in                                           0
gnd_logic                                    0
vdd_logic                                  3.3
x1.na                                  2.45795
x1.nb                              6.62695e-10
x1.nca                                 5.99996
gnd_drv                            7.20824e-11
x1.ncb                             1.90539e-09
vdd_drv                                      6
x1.nbuf1                                     6
in_drv                             1.86825e-09
x1.nccomp1                          1.8961e-09
x1.nccomp2                         1.88682e-09
x1.nccomp3                         1.87753e-09
x2.n1                                        6
x2.n2                              3.69908e-09
x2.n3                                        6
x2.n4                              5.07203e-09
x2.n5                                        6
out                                5.37506e-09
outcap                             5.37506e-09
vimeas#branch                      6.77626e-21
vin#branch                                   0
vgnd_logic#branch                  9.31881e-08
vsup_drv#branch                   -8.67756e-08
vsup_logic#branch                 -6.41121e-09

 Reference value :  2.08964e-07
 Reference value :  4.88631e-07
No. of Data Rows : 7197
trise10_90          =  6.07185e-09 targ=  2.89861e-08 trig=  2.29142e-08
tfall10_90          =  5.06603e-09 targ=  3.28679e-07 trig=  3.23613e-07
tpdlh               =  4.70773e-09 targ=  2.52077e-08 trig=  2.05000e-08
tpdhl               =  4.24550e-09 targ=  3.25745e-07 trig=  3.21500e-07
m_trise_s = 6.0718500000e-09
m_tfall_s = 5.0660290000e-09
m_tpdlh_s = 4.7077280000e-09
m_tpdhl_s = 4.2454980000e-09
m_ipeak_source_a = 1.0936762945e+00
m_ipeak_sink_a = 1.1569214014e+00
m_vout_max_v = 6.0036874288e+00
m_vout_min_v = -2.972243234e-03
m_vin_max_v = 3.3000000000e+00
m_vin_min_v = 0.0000000000e+00
m_indrv_max_v = 6.0006099611e+00
m_indrv_min_v = -5.285873157e-04
m_n1_max_v = 6.0817040699e+00
m_n1_min_v = -4.524923476e-02
m_n2_max_v = 6.0660805244e+00
m_n2_min_v = -4.447554514e-02
m_n3_max_v = 6.0470139102e+00
m_n3_min_v = -2.964762996e-02
m_n4_max_v = 6.0429104690e+00
m_n4_min_v = -2.860044454e-02
m_n5_max_v = 6.0431387108e+00
m_n5_min_v = -2.807867754e-02
Note: Simulation executed from .control section 

Note: vimeas: has no value, DC 0 assumed
