
Note: No compatibility mode selected!


Circuit: * gate-driver-core-drive @ fs_125c_vlogic2p97v-vdrv4p50v -- generated by sim/harness, do not edit

Doing analysis at TEMP = 125.000000 and TNOM = 27.000000

Using SPARSE 1.3 as Direct Linear Solver

Initial Transient Solution
--------------------------

Node                                   Voltage
----                                   -------
x1.inb                                    2.97
in                                           0
gnd_logic                                    0
vdd_logic                                 2.97
x1.na                                  2.16822
x1.nb                              5.29628e-10
x1.nca                                 4.49995
gnd_drv                            4.73349e-11
x1.ncb                             1.55161e-09
vdd_drv                                    4.5
x1.nbuf1                                   4.5
in_drv                             1.60279e-09
x1.nccomp1                         1.56441e-09
x1.nccomp2                          1.5772e-09
x1.nccomp3                            1.59e-09
x2.n1                                      4.5
x2.n2                              3.20054e-09
x2.n3                                      4.5
x2.n4                              4.34646e-09
x2.n5                                      4.5
out                                4.60701e-09
outcap                             4.60701e-09
vimeas#branch                      3.38813e-21
vin#branch                                   0
vgnd_logic#branch                  6.43707e-08
vsup_drv#branch                   -5.93389e-08
vsup_logic#branch                 -5.03197e-09

 Reference value :  1.90794e-07
 Reference value :  4.26035e-07
No. of Data Rows : 7177
trise10_90          =  7.71616e-09 targ=  3.12503e-08 trig=  2.35341e-08
tfall10_90          =  5.60121e-09 targ=  3.29595e-07 trig=  3.23994e-07
tpdlh               =  5.96948e-09 targ=  2.64695e-08 trig=  2.05000e-08
tpdhl               =  4.84347e-09 targ=  3.26343e-07 trig=  3.21500e-07
m_trise_s = 7.7161560000e-09
m_tfall_s = 5.6012140000e-09
m_tpdlh_s = 5.9694790000e-09
m_tpdhl_s = 4.8434690000e-09
m_ipeak_source_a = 6.4070655564e-01
m_ipeak_sink_a = 7.9009065308e-01
m_vout_max_v = 4.5035887780e+00
m_vout_min_v = -2.862946714e-03
m_vin_max_v = 2.9700000000e+00
m_vin_min_v = 0.0000000000e+00
m_indrv_max_v = 4.5009364530e+00
m_indrv_min_v = -4.113672688e-03
m_n1_max_v = 4.5786962374e+00
m_n1_min_v = -4.562877037e-02
m_n2_max_v = 4.5599440576e+00
m_n2_min_v = -4.026763043e-02
m_n3_max_v = 4.5474621622e+00
m_n3_min_v = -2.773962958e-02
m_n4_max_v = 4.5445667769e+00
m_n4_min_v = -2.649008219e-02
m_n5_max_v = 4.5449656806e+00
m_n5_min_v = -2.689525756e-02
Note: Simulation executed from .control section 

Note: vimeas: has no value, DC 0 assumed
