
Note: No compatibility mode selected!


Circuit: * gate-driver-core-drive @ fs_125c_vlogic3p30v-vdrv5p00v -- generated by sim/harness, do not edit

Doing analysis at TEMP = 125.000000 and TNOM = 27.000000

Using SPARSE 1.3 as Direct Linear Solver

Initial Transient Solution
--------------------------

Node                                   Voltage
----                                   -------
x1.inb                                     3.3
in                                           0
gnd_logic                                    0
vdd_logic                                  3.3
x1.na                                  2.44067
x1.nb                              5.55618e-10
x1.nca                                 4.99995
gnd_drv                            5.32685e-11
x1.ncb                             1.59752e-09
vdd_drv                                      5
x1.nbuf1                                     5
in_drv                             1.67475e-09
x1.nccomp1                         1.61683e-09
x1.nccomp2                         1.63613e-09
x1.nccomp3                         1.65544e-09
x2.n1                                        5
x2.n2                               3.3347e-09
x2.n3                                        5
x2.n4                               4.5496e-09
x2.n5                                        5
out                                 4.8221e-09
outcap                              4.8221e-09
vimeas#branch                      3.38813e-21
vin#branch                                   0
vgnd_logic#branch                  7.41973e-08
vsup_drv#branch                   -6.77775e-08
vsup_logic#branch                 -6.41121e-09

 Reference value :  1.83988e-07
 Reference value :  4.69683e-07
No. of Data Rows : 7188
trise10_90          =  7.03736e-09 targ=  3.03315e-08 trig=  2.32942e-08
tfall10_90          =  5.36167e-09 targ=  3.29177e-07 trig=  3.23815e-07
tpdlh               =  5.46215e-09 targ=  2.59622e-08 trig=  2.05000e-08
tpdhl               =  4.56819e-09 targ=  3.26068e-07 trig=  3.21500e-07
m_trise_s = 7.0373580000e-09
m_tfall_s = 5.3616680000e-09
m_tpdlh_s = 5.4621550000e-09
m_tpdhl_s = 4.5681920000e-09
m_ipeak_source_a = 7.8253628063e-01
m_ipeak_sink_a = 9.1092718837e-01
m_vout_max_v = 5.0036727859e+00
m_vout_min_v = -2.930526499e-03
m_vin_max_v = 3.3000000000e+00
m_vin_min_v = 0.0000000000e+00
m_indrv_max_v = 5.0004828188e+00
m_indrv_min_v = -3.949951437e-03
m_n1_max_v = 5.0791826092e+00
m_n1_min_v = -4.564372468e-02
m_n2_max_v = 5.0629709464e+00
m_n2_min_v = -4.121957961e-02
m_n3_max_v = 5.0488413208e+00
m_n3_min_v = -2.860098384e-02
m_n4_max_v = 5.0451960578e+00
m_n4_min_v = -2.770094767e-02
m_n5_max_v = 5.0451737952e+00
m_n5_min_v = -2.780384554e-02
Note: Simulation executed from .control section 

Note: vimeas: has no value, DC 0 assumed
