
Note: No compatibility mode selected!


Circuit: * gate-driver-core-drive @ fs_27c_vlogic3p63v-vdrv5p50v -- generated by sim/harness, do not edit

Doing analysis at TEMP = 27.000000 and TNOM = 27.000000

Using SPARSE 1.3 as Direct Linear Solver

Initial Transient Solution
--------------------------

Node                                   Voltage
----                                   -------
x1.inb                                    3.63
in                                           0
gnd_logic                                    0
vdd_logic                                 3.63
x1.na                                  2.74726
x1.nb                              4.31352e-10
x1.nca                                     5.5
gnd_drv                            4.15832e-12
x1.ncb                             1.15969e-09
vdd_drv                                    5.5
x1.nbuf1                                   5.5
in_drv                             9.66745e-10
x1.nccomp1                         1.11145e-09
x1.nccomp2                         1.06322e-09
x1.nccomp3                         1.01498e-09
x2.n1                                      5.5
x2.n2                              1.89452e-09
x2.n3                                      5.5
x2.n4                              2.84028e-09
x2.n5                                      5.5
out                                3.01216e-09
outcap                             3.01216e-09
vimeas#branch                                0
vin#branch                                   0
vgnd_logic#branch                  4.32899e-09
vsup_drv#branch                   -4.26301e-09
vsup_logic#branch                 -5.91836e-11

 Reference value :  1.52110e-07
 Reference value :  4.28116e-07
No. of Data Rows : 7211
trise10_90          =  5.33938e-09 targ=  2.79999e-08 trig=  2.26606e-08
tfall10_90          =  4.15689e-09 targ=  3.27489e-07 trig=  3.23332e-07
tpdlh               =  4.24987e-09 targ=  2.47499e-08 trig=  2.05000e-08
tpdhl               =  3.65472e-09 targ=  3.25155e-07 trig=  3.21500e-07
m_trise_s = 5.3393800000e-09
m_tfall_s = 4.1568890000e-09
m_tpdlh_s = 4.2498650000e-09
m_tpdhl_s = 3.6547160000e-09
m_ipeak_source_a = 1.0919650654e+00
m_ipeak_sink_a = 1.2252017974e+00
m_vout_max_v = 5.5041925665e+00
m_vout_min_v = -3.219390223e-03
m_vin_max_v = 3.6300000000e+00
m_vin_min_v = 0.0000000000e+00
m_indrv_max_v = 5.5001400381e+00
m_indrv_min_v = -4.173118694e-03
m_n1_max_v = 5.5929894773e+00
m_n1_min_v = -4.844005355e-02
m_n2_max_v = 5.5679769864e+00
m_n2_min_v = -4.394239959e-02
m_n3_max_v = 5.5530148003e+00
m_n3_min_v = -2.978298163e-02
m_n4_max_v = 5.5492684908e+00
m_n4_min_v = -2.927760463e-02
m_n5_max_v = 5.5490159691e+00
m_n5_min_v = -2.890914647e-02
Note: Simulation executed from .control section 

Note: vimeas: has no value, DC 0 assumed
