
Note: No compatibility mode selected!


Circuit: * gate-driver-core-drive @ sf_-40c_vlogic3p30v-vdrv6p00v -- generated by sim/harness, do not edit

Doing analysis at TEMP = -40.000000 and TNOM = 27.000000

Using SPARSE 1.3 as Direct Linear Solver

Initial Transient Solution
--------------------------

Node                                   Voltage
----                                   -------
x1.inb                                     3.3
in                                           0
gnd_logic                                    0
vdd_logic                                  3.3
x1.na                                  2.25031
x1.nb                              4.45256e-10
x1.nca                                       6
gnd_drv                             4.4344e-12
x1.ncb                             1.27819e-09
vdd_drv                                      6
x1.nbuf1                                     6
in_drv                             9.24784e-10
x1.nccomp1                         1.18984e-09
x1.nccomp2                         1.10149e-09
x1.nccomp3                         1.01313e-09
x2.n1                                        6
x2.n2                              1.82476e-09
x2.n3                                        6
x2.n4                              2.70807e-09
x2.n5                                        6
out                                2.87193e-09
outcap                             2.87193e-09
vimeas#branch                                0
vin#branch                                   0
vgnd_logic#branch                  4.44659e-09
vsup_drv#branch                   -4.43458e-09
vsup_logic#branch                 -3.29281e-12

 Reference value :  1.59306e-07
 Reference value :  3.84049e-07
 Reference value :  6.97449e-07
No. of Data Rows : 7229
trise10_90          =  3.42302e-09 targ=  2.56455e-08 trig=  2.22225e-08
tfall10_90          =  4.40191e-09 targ=  3.27524e-07 trig=  3.23122e-07
tpdlh               =  3.10003e-09 targ=  2.36000e-08 trig=  2.05000e-08
tpdhl               =  3.66534e-09 targ=  3.25165e-07 trig=  3.21500e-07
m_trise_s = 3.4230160000e-09
m_tfall_s = 4.4019140000e-09
m_tpdlh_s = 3.1000290000e-09
m_tpdhl_s = 3.6653370000e-09
m_ipeak_source_a = 1.7946640765e+00
m_ipeak_sink_a = 1.2103606942e+00
m_vout_max_v = 6.0056011445e+00
m_vout_min_v = -2.796559235e-03
m_vin_max_v = 3.3000000000e+00
m_vin_min_v = 0.0000000000e+00
m_indrv_max_v = 6.0006272275e+00
m_indrv_min_v = -3.834282907e-04
m_n1_max_v = 6.1158777513e+00
m_n1_min_v = -4.579853154e-02
m_n2_max_v = 6.0835507180e+00
m_n2_min_v = -3.992007427e-02
m_n3_max_v = 6.0537093586e+00
m_n3_min_v = -2.995832737e-02
m_n4_max_v = 6.0517639311e+00
m_n4_min_v = -2.891749338e-02
m_n5_max_v = 6.0522079327e+00
m_n5_min_v = -2.838263618e-02
Note: Simulation executed from .control section 

Note: vimeas: has no value, DC 0 assumed
