
Note: No compatibility mode selected!


Circuit: * gate-driver-core-drive @ sf_-40c_vlogic3p63v-vdrv5p50v -- generated by sim/harness, do not edit

Doing analysis at TEMP = -40.000000 and TNOM = 27.000000

Using SPARSE 1.3 as Direct Linear Solver

Initial Transient Solution
--------------------------

Node                                   Voltage
----                                   -------
x1.inb                                    3.63
in                                           0
gnd_logic                                    0
vdd_logic                                 3.63
x1.na                                  2.51882
x1.nb                              3.95493e-10
x1.nca                                     5.5
gnd_drv                            4.06452e-12
x1.ncb                             1.09468e-09
vdd_drv                                    5.5
x1.nbuf1                                   5.5
in_drv                             8.83833e-10
x1.nccomp1                         1.04197e-09
x1.nccomp2                         9.89258e-10
x1.nccomp3                         9.36546e-10
x2.n1                                      5.5
x2.n2                              1.74423e-09
x2.n3                                      5.5
x2.n4                              2.58881e-09
x2.n5                                      5.5
out                                2.74546e-09
outcap                             2.74546e-09
vimeas#branch                                0
vin#branch                                   0
vgnd_logic#branch                  4.07675e-09
vsup_drv#branch                   -4.06176e-09
vsup_logic#branch                 -3.63772e-12

 Reference value :  1.32066e-07
 Reference value :  4.03326e-07
No. of Data Rows : 7232
trise10_90          =  3.58125e-09 targ=  2.59123e-08 trig=  2.23310e-08
tfall10_90          =  4.55861e-09 targ=  3.27713e-07 trig=  3.23154e-07
tpdlh               =  3.27180e-09 targ=  2.37718e-08 trig=  2.05000e-08
tpdhl               =  3.76817e-09 targ=  3.25268e-07 trig=  3.21500e-07
m_trise_s = 3.5812450000e-09
m_tfall_s = 4.5586150000e-09
m_tpdlh_s = 3.2717980000e-09
m_tpdhl_s = 3.7681650000e-09
m_ipeak_source_a = 1.5694769977e+00
m_ipeak_sink_a = 1.0630420761e+00
m_vout_max_v = 5.5056336946e+00
m_vout_min_v = -2.823735326e-03
m_vin_max_v = 3.6300000000e+00
m_vin_min_v = 0.0000000000e+00
m_indrv_max_v = 5.5113315931e+00
m_indrv_min_v = -3.041169775e-03
m_n1_max_v = 5.6136521288e+00
m_n1_min_v = -4.778728131e-02
m_n2_max_v = 5.5817943731e+00
m_n2_min_v = -3.879963547e-02
m_n3_max_v = 5.5551668171e+00
m_n3_min_v = -3.005569568e-02
m_n4_max_v = 5.5528788840e+00
m_n4_min_v = -2.904019252e-02
m_n5_max_v = 5.5531937620e+00
m_n5_min_v = -2.843446797e-02
Note: Simulation executed from .control section 

Note: vimeas: has no value, DC 0 assumed
