
Note: No compatibility mode selected!


Circuit: * gate-driver-core-drive @ sf_125c_vlogic3p63v-vdrv5p50v -- generated by sim/harness, do not edit

Doing analysis at TEMP = 125.000000 and TNOM = 27.000000

Using SPARSE 1.3 as Direct Linear Solver

Initial Transient Solution
--------------------------

Node                                   Voltage
----                                   -------
x1.inb                                    3.63
in                                           0
gnd_logic                                    0
vdd_logic                                 3.63
x1.na                                  2.65411
x1.nb                              1.39658e-09
x1.nca                                     5.5
gnd_drv                            1.81445e-11
x1.ncb                              4.2744e-09
vdd_drv                                    5.5
x1.nbuf1                                   5.5
in_drv                              9.1304e-09
x1.nccomp1                          5.4884e-09
x1.nccomp2                          6.7024e-09
x1.nccomp3                          7.9164e-09
x2.n1                                      5.5
x2.n2                              2.00228e-08
x2.n3                                      5.5
x2.n4                              2.10806e-08
x2.n5                                      5.5
out                                2.23571e-08
outcap                             2.23571e-08
vimeas#branch                      2.71051e-20
vin#branch                                   0
vgnd_logic#branch                  1.90117e-08
vsup_drv#branch                   -1.87421e-08
vsup_logic#branch                 -2.64686e-10

 Reference value :  1.58443e-07
 Reference value :  5.21032e-07
No. of Data Rows : 7190
trise10_90          =  5.11347e-09 targ=  2.81119e-08 trig=  2.29985e-08
tfall10_90          =  6.43655e-09 targ=  3.30153e-07 trig=  3.23717e-07
tpdlh               =  4.40648e-09 targ=  2.49065e-08 trig=  2.05000e-08
tpdhl               =  4.96232e-09 targ=  3.26462e-07 trig=  3.21500e-07
m_trise_s = 5.1134660000e-09
m_tfall_s = 6.4365460000e-09
m_tpdlh_s = 4.4064780000e-09
m_tpdhl_s = 4.9623210000e-09
m_ipeak_source_a = 1.2049553788e+00
m_ipeak_sink_a = 8.1781734761e-01
m_vout_max_v = 5.5049414586e+00
m_vout_min_v = -2.320105814e-03
m_vin_max_v = 3.6300000000e+00
m_vin_min_v = 0.0000000000e+00
m_indrv_max_v = 5.5010979039e+00
m_indrv_min_v = -6.631905631e-04
m_n1_max_v = 5.6056755717e+00
m_n1_min_v = -4.281300535e-02
m_n2_max_v = 5.5824084160e+00
m_n2_min_v = -3.842715154e-02
m_n3_max_v = 5.5541115234e+00
m_n3_min_v = -2.877952409e-02
m_n4_max_v = 5.5512988169e+00
m_n4_min_v = -2.706735122e-02
m_n5_max_v = 5.5509230519e+00
m_n5_min_v = -2.667014886e-02
Note: Simulation executed from .control section 

Note: vimeas: has no value, DC 0 assumed
