
Note: No compatibility mode selected!


Circuit: * gate-driver-core-drive @ sf_125c_vlogic3p30v-vdrv6p00v -- generated by sim/harness, do not edit

Doing analysis at TEMP = 125.000000 and TNOM = 27.000000

Using SPARSE 1.3 as Direct Linear Solver

Initial Transient Solution
--------------------------

Node                                   Voltage
----                                   -------
x1.inb                                     3.3
in                                           0
gnd_logic                                    0
vdd_logic                                  3.3
x1.na                                  2.39594
x1.nb                              1.62895e-09
x1.nca                                       6
gnd_drv                            2.03838e-11
x1.ncb                             5.08551e-09
vdd_drv                                      6
x1.nbuf1                                     6
in_drv                             9.87659e-09
x1.nccomp1                         6.28328e-09
x1.nccomp2                         7.48105e-09
x1.nccomp3                         8.67882e-09
x2.n1                                        6
x2.n2                              2.16712e-08
x2.n3                                        6
x2.n4                               2.2757e-08
x2.n5                                        6
out                                 2.4135e-08
outcap                              2.4135e-08
vimeas#branch                                0
vin#branch                                   0
vgnd_logic#branch                  2.11158e-08
vsup_drv#branch                   -2.09043e-08
vsup_logic#branch                  -2.1195e-10

 Reference value :  1.82810e-07
 Reference value :  4.12593e-07
No. of Data Rows : 7193
trise10_90          =  4.81112e-09 targ=  2.76430e-08 trig=  2.28319e-08
tfall10_90          =  6.21925e-09 targ=  3.29881e-07 trig=  3.23662e-07
tpdlh               =  4.12751e-09 targ=  2.46275e-08 trig=  2.05000e-08
tpdhl               =  4.81653e-09 targ=  3.26317e-07 trig=  3.21500e-07
m_trise_s = 4.8111250000e-09
m_tfall_s = 6.2192540000e-09
m_tpdlh_s = 4.1275110000e-09
m_tpdhl_s = 4.8165320000e-09
m_ipeak_source_a = 1.3957280333e+00
m_ipeak_sink_a = 9.2641709397e-01
m_vout_max_v = 6.0049273998e+00
m_vout_min_v = -2.332929383e-03
m_vin_max_v = 3.3000000000e+00
m_vin_min_v = 0.0000000000e+00
m_indrv_max_v = 6.0013049015e+00
m_indrv_min_v = -6.038073092e-04
m_n1_max_v = 6.1036644595e+00
m_n1_min_v = -4.057911692e-02
m_n2_max_v = 6.0840243497e+00
m_n2_min_v = -3.916115693e-02
m_n3_max_v = 6.0531047448e+00
m_n3_min_v = -2.929041349e-02
m_n4_max_v = 6.0494324611e+00
m_n4_min_v = -2.713178831e-02
m_n5_max_v = 6.0490437977e+00
m_n5_min_v = -2.660210860e-02
Note: Simulation executed from .control section 

Note: vimeas: has no value, DC 0 assumed
