
Note: No compatibility mode selected!


Circuit: * gate-driver-core-drive @ sf_27c_vlogic2p97v-vdrv4p50v -- generated by sim/harness, do not edit

Doing analysis at TEMP = 27.000000 and TNOM = 27.000000

Using SPARSE 1.3 as Direct Linear Solver

Initial Transient Solution
--------------------------

Node                                   Voltage
----                                   -------
x1.inb                                    2.97
in                                           0
gnd_logic                                    0
vdd_logic                                 2.97
x1.na                                  2.08839
x1.nb                              4.32008e-10
x1.nca                                     4.5
gnd_drv                            3.33175e-12
x1.ncb                             1.33575e-09
vdd_drv                                    4.5
x1.nbuf1                                   4.5
in_drv                             1.08116e-09
x1.nccomp1                          1.2721e-09
x1.nccomp2                         1.20845e-09
x1.nccomp3                          1.1448e-09
x2.n1                                      4.5
x2.n2                              2.13549e-09
x2.n3                                      4.5
x2.n4                              3.16789e-09
x2.n5                                      4.5
out                                3.35968e-09
outcap                             3.35968e-09
vimeas#branch                                0
vin#branch                                   0
vgnd_logic#branch                  3.34291e-09
vsup_drv#branch                     -3.331e-09
vsup_logic#branch                 -3.31672e-12

 Reference value :  1.85564e-07
 Reference value :  4.44421e-07
No. of Data Rows : 7194
trise10_90          =  4.86714e-09 targ=  2.77412e-08 trig=  2.28741e-08
tfall10_90          =  5.80374e-09 targ=  3.29445e-07 trig=  3.23641e-07
tpdlh               =  4.26105e-09 targ=  2.47611e-08 trig=  2.05000e-08
tpdhl               =  4.72551e-09 targ=  3.26226e-07 trig=  3.21500e-07
m_trise_s = 4.8671370000e-09
m_tfall_s = 5.8037370000e-09
m_tpdlh_s = 4.2610550000e-09
m_tpdhl_s = 4.7255060000e-09
m_ipeak_source_a = 9.9559502270e-01
m_ipeak_sink_a = 7.1726617374e-01
m_vout_max_v = 4.5051590041e+00
m_vout_min_v = -2.591083088e-03
m_vin_max_v = 2.9700000000e+00
m_vin_min_v = 0.0000000000e+00
m_indrv_max_v = 4.5220976514e+00
m_indrv_min_v = -8.846789041e-03
m_n1_max_v = 4.6059873665e+00
m_n1_min_v = -4.702397872e-02
m_n2_max_v = 4.5768604177e+00
m_n2_min_v = -3.673895801e-02
m_n3_max_v = 4.5555678602e+00
m_n3_min_v = -2.893484886e-02
m_n4_max_v = 4.5535406172e+00
m_n4_min_v = -2.842386030e-02
m_n5_max_v = 4.5535375772e+00
m_n5_min_v = -2.701570830e-02
Note: Simulation executed from .control section 

Note: vimeas: has no value, DC 0 assumed
