
Note: No compatibility mode selected!


Circuit: * gate-driver-core-drive @ ss_-40c_vlogic3p63v-vdrv5p50v -- generated by sim/harness, do not edit

Doing analysis at TEMP = -40.000000 and TNOM = 27.000000

Using SPARSE 1.3 as Direct Linear Solver

Initial Transient Solution
--------------------------

Node                                   Voltage
----                                   -------
x1.inb                                    3.63
in                                           0
gnd_logic                                    0
vdd_logic                                 3.63
x1.na                                  2.48327
x1.nb                              3.96188e-10
x1.nca                                     5.5
gnd_drv                            3.95995e-12
x1.ncb                             1.11648e-09
vdd_drv                                    5.5
x1.nbuf1                                   5.5
in_drv                             8.86637e-10
x1.nccomp1                         1.05902e-09
x1.nccomp2                         1.00156e-09
x1.nccomp3                         9.44098e-10
x2.n1                                      5.5
x2.n2                              1.74566e-09
x2.n3                                      5.5
x2.n4                              2.61585e-09
x2.n5                                      5.5
out                                2.77415e-09
outcap                             2.77415e-09
vimeas#branch                                0
vin#branch                                   0
vgnd_logic#branch                  3.97204e-09
vsup_drv#branch                   -3.95947e-09
vsup_logic#branch                 -3.63062e-12

 Reference value :  1.58609e-07
 Reference value :  3.65099e-07
 Reference value :  6.72599e-07
No. of Data Rows : 7224
trise10_90          =  4.74142e-09 targ=  2.75193e-08 trig=  2.27779e-08
tfall10_90          =  4.85202e-09 targ=  3.28365e-07 trig=  3.23513e-07
tpdlh               =  4.20028e-09 targ=  2.47003e-08 trig=  2.05000e-08
tpdhl               =  4.27256e-09 targ=  3.25773e-07 trig=  3.21500e-07
m_trise_s = 4.7414230000e-09
m_tfall_s = 4.8520240000e-09
m_tpdlh_s = 4.2002770000e-09
m_tpdhl_s = 4.2725580000e-09
m_ipeak_source_a = 1.1763227538e+00
m_ipeak_sink_a = 9.9055474900e-01
m_vout_max_v = 5.5059963000e+00
m_vout_min_v = -3.672497440e-03
m_vin_max_v = 3.6300000000e+00
m_vin_min_v = 0.0000000000e+00
m_indrv_max_v = 5.5178332763e+00
m_indrv_min_v = -9.242074889e-03
m_n1_max_v = 5.6224512393e+00
m_n1_min_v = -5.513964022e-02
m_n2_max_v = 5.5814684018e+00
m_n2_min_v = -4.166967097e-02
m_n3_max_v = 5.5617855911e+00
m_n3_min_v = -3.176443922e-02
m_n4_max_v = 5.5600867185e+00
m_n4_min_v = -3.160205736e-02
m_n5_max_v = 5.5601743757e+00
m_n5_min_v = -3.173713495e-02
Note: Simulation executed from .control section 

Note: vimeas: has no value, DC 0 assumed
