
Note: No compatibility mode selected!


Circuit: * gate-driver-core-drive @ ss_-40c_vlogic3p30v-vdrv5p00v -- generated by sim/harness, do not edit

Doing analysis at TEMP = -40.000000 and TNOM = 27.000000

Using SPARSE 1.3 as Direct Linear Solver

Initial Transient Solution
--------------------------

Node                                   Voltage
----                                   -------
x1.inb                                     3.3
in                                           0
gnd_logic                                    0
vdd_logic                                  3.3
x1.na                                  2.20524
x1.nb                              3.72409e-10
x1.nca                                       5
gnd_drv                            3.59903e-12
x1.ncb                             1.08898e-09
vdd_drv                                      5
x1.nbuf1                                     5
in_drv                             8.51904e-10
x1.nccomp1                         1.02971e-09
x1.nccomp2                         9.70444e-10
x1.nccomp3                         9.11174e-10
x2.n1                                        5
x2.n2                              1.67753e-09
x2.n3                                        5
x2.n4                              2.51412e-09
x2.n5                                        5
out                                2.66627e-09
outcap                             2.66627e-09
vimeas#branch                      3.38813e-21
vin#branch                                   0
vgnd_logic#branch                  3.60997e-09
vsup_drv#branch                   -3.59689e-09
vsup_logic#branch                 -3.29281e-12

 Reference value :  1.65622e-07
 Reference value :  4.04052e-07
No. of Data Rows : 7216
trise10_90          =  5.08000e-09 targ=  2.80043e-08 trig=  2.29243e-08
tfall10_90          =  5.07883e-09 targ=  3.28725e-07 trig=  3.23646e-07
tpdlh               =  4.48827e-09 targ=  2.49883e-08 trig=  2.05000e-08
tpdhl               =  4.50665e-09 targ=  3.26007e-07 trig=  3.21500e-07
m_trise_s = 5.0800010000e-09
m_tfall_s = 5.0788260000e-09
m_tpdlh_s = 4.4882700000e-09
m_tpdhl_s = 4.5066490000e-09
m_ipeak_source_a = 9.9687269720e-01
m_ipeak_sink_a = 8.6131546374e-01
m_vout_max_v = 5.0058591425e+00
m_vout_min_v = -3.656405560e-03
m_vin_max_v = 3.3000000000e+00
m_vin_min_v = 0.0000000000e+00
m_indrv_max_v = 5.0337490369e+00
m_indrv_min_v = -1.328546559e-02
m_n1_max_v = 5.1196441201e+00
m_n1_min_v = -5.608191133e-02
m_n2_max_v = 5.0789070415e+00
m_n2_min_v = -4.118054901e-02
m_n3_max_v = 5.0615034767e+00
m_n3_min_v = -3.168422563e-02
m_n4_max_v = 5.0602855149e+00
m_n4_min_v = -3.153965827e-02
m_n5_max_v = 5.0605292354e+00
m_n5_min_v = -3.178372257e-02
Note: Simulation executed from .control section 

Note: vimeas: has no value, DC 0 assumed
