
Note: No compatibility mode selected!


Circuit: * gate-driver-core-drive @ ss_125c_vlogic3p63v-vdrv5p50v -- generated by sim/harness, do not edit

Doing analysis at TEMP = 125.000000 and TNOM = 27.000000

Using SPARSE 1.3 as Direct Linear Solver

Initial Transient Solution
--------------------------

Node                                   Voltage
----                                   -------
x1.inb                                    3.63
in                                           0
gnd_logic                                    0
vdd_logic                                 3.63
x1.na                                  2.63661
x1.nb                              6.55157e-10
x1.nca                                     5.5
gnd_drv                            5.33668e-12
x1.ncb                             2.04032e-09
vdd_drv                                    5.5
x1.nbuf1                                   5.5
in_drv                              1.9901e-09
x1.nccomp1                         2.02776e-09
x1.nccomp2                         2.01521e-09
x1.nccomp3                         2.00266e-09
x2.n1                                      5.5
x2.n2                              4.00556e-09
x2.n3                                      5.5
x2.n4                              5.62651e-09
x2.n5                                      5.5
out                                5.96719e-09
outcap                             5.96719e-09
vimeas#branch                     -6.77626e-21
vin#branch                                   0
vgnd_logic#branch                  5.85217e-09
vsup_drv#branch                   -5.69166e-09
vsup_logic#branch                 -1.58079e-10

 Reference value :  1.52337e-07
 Reference value :  4.36141e-07
No. of Data Rows : 7198
trise10_90          =  7.01040e-09 targ=  3.07010e-08 trig=  2.36906e-08
tfall10_90          =  6.77464e-09 targ=  3.30992e-07 trig=  3.24217e-07
tpdlh               =  5.85026e-09 targ=  2.63503e-08 trig=  2.05000e-08
tpdhl               =  5.61359e-09 targ=  3.27114e-07 trig=  3.21500e-07
m_trise_s = 7.0104020000e-09
m_tfall_s = 6.7746360000e-09
m_tpdlh_s = 5.8502610000e-09
m_tpdhl_s = 5.6135930000e-09
m_ipeak_source_a = 8.6102516203e-01
m_ipeak_sink_a = 7.7422572831e-01
m_vout_max_v = 5.5051271720e+00
m_vout_min_v = -3.250893371e-03
m_vin_max_v = 3.6300000000e+00
m_vin_min_v = 0.0000000000e+00
m_indrv_max_v = 5.5014873703e+00
m_indrv_min_v = -1.953441539e-03
m_n1_max_v = 5.6085431439e+00
m_n1_min_v = -5.372242460e-02
m_n2_max_v = 5.5803639897e+00
m_n2_min_v = -4.430999927e-02
m_n3_max_v = 5.5606524296e+00
m_n3_min_v = -3.321967360e-02
m_n4_max_v = 5.5567713535e+00
m_n4_min_v = -3.221805714e-02
m_n5_max_v = 5.5580987721e+00
m_n5_min_v = -3.216749095e-02
Note: Simulation executed from .control section 

Note: vimeas: has no value, DC 0 assumed
