
Note: No compatibility mode selected!


Circuit: * gate-driver-core-drive @ ss_125c_vlogic3p30v-vdrv6p00v -- generated by sim/harness, do not edit

Doing analysis at TEMP = 125.000000 and TNOM = 27.000000

Using SPARSE 1.3 as Direct Linear Solver

Initial Transient Solution
--------------------------

Node                                   Voltage
----                                   -------
x1.inb                                     3.3
in                                           0
gnd_logic                                    0
vdd_logic                                  3.3
x1.na                                  2.37866
x1.nb                              7.50744e-10
x1.nca                                       6
gnd_drv                            5.85645e-12
x1.ncb                              2.3854e-09
vdd_drv                                      6
x1.nbuf1                                     6
in_drv                             2.07271e-09
x1.nccomp1                         2.30722e-09
x1.nccomp2                         2.22905e-09
x1.nccomp3                         2.15088e-09
x2.n1                                        6
x2.n2                              4.16696e-09
x2.n3                                        6
x2.n4                              5.87092e-09
x2.n5                                        6
out                                6.22638e-09
outcap                             6.22638e-09
vimeas#branch                                0
vin#branch                                   0
vgnd_logic#branch                  6.29293e-09
vsup_drv#branch                   -6.16692e-09
vsup_logic#branch                 -1.27479e-10

 Reference value :  1.74905e-07
 Reference value :  4.45131e-07
No. of Data Rows : 7194
trise10_90          =  6.53049e-09 targ=  2.99741e-08 trig=  2.34436e-08
tfall10_90          =  6.53369e-09 targ=  3.30661e-07 trig=  3.24127e-07
tpdlh               =  5.41638e-09 targ=  2.59164e-08 trig=  2.05000e-08
tpdhl               =  5.42198e-09 targ=  3.26922e-07 trig=  3.21500e-07
m_trise_s = 6.5304880000e-09
m_tfall_s = 6.5336890000e-09
m_tpdlh_s = 5.4163790000e-09
m_tpdhl_s = 5.4219820000e-09
m_ipeak_source_a = 1.0103785612e+00
m_ipeak_sink_a = 8.8156006012e-01
m_vout_max_v = 6.0052126121e+00
m_vout_min_v = -3.294820441e-03
m_vin_max_v = 3.3000000000e+00
m_vin_min_v = 0.0000000000e+00
m_indrv_max_v = 6.0026533248e+00
m_indrv_min_v = -8.660481304e-04
m_n1_max_v = 6.1068178980e+00
m_n1_min_v = -5.277592079e-02
m_n2_max_v = 6.0833784935e+00
m_n2_min_v = -4.643794680e-02
m_n3_max_v = 6.0604582452e+00
m_n3_min_v = -3.384466503e-02
m_n4_max_v = 6.0567494425e+00
m_n4_min_v = -3.274780324e-02
m_n5_max_v = 6.0570569954e+00
m_n5_min_v = -3.260087739e-02
Note: Simulation executed from .control section 

Note: vimeas: has no value, DC 0 assumed
