
Note: No compatibility mode selected!


Circuit: * gate-driver-core-drive @ tt_-40c_vlogic3p30v-vdrv5p00v -- generated by sim/harness, do not edit

Doing analysis at TEMP = -40.000000 and TNOM = 27.000000

Using SPARSE 1.3 as Direct Linear Solver

Initial Transient Solution
--------------------------

Node                                   Voltage
----                                   -------
x1.inb                                     3.3
in                                           0
gnd_logic                                    0
vdd_logic                                  3.3
x1.na                                  2.33097
x1.nb                              3.51687e-10
x1.nca                                       5
gnd_drv                            3.65417e-12
x1.ncb                              9.6439e-10
vdd_drv                                      5
x1.nbuf1                                     5
in_drv                             7.61739e-10
x1.nccomp1                         9.13727e-10
x1.nccomp2                         8.63065e-10
x1.nccomp3                         8.12402e-10
x2.n1                                        5
x2.n2                              1.49797e-09
x2.n3                                        5
x2.n4                              2.23478e-09
x2.n5                                        5
out                                   2.37e-09
outcap                                2.37e-09
vimeas#branch                      1.69407e-21
vin#branch                                   0
vgnd_logic#branch                   3.6653e-09
vsup_drv#branch                   -3.65149e-09
vsup_logic#branch                 -3.31413e-12

 Reference value :  1.59940e-07
 Reference value :  4.02583e-07
No. of Data Rows : 7220
trise10_90          =  4.20561e-09 targ=  2.66128e-08 trig=  2.24072e-08
tfall10_90          =  4.13189e-09 targ=  3.27321e-07 trig=  3.23189e-07
tpdlh               =  3.60688e-09 targ=  2.41069e-08 trig=  2.05000e-08
tpdhl               =  3.58168e-09 targ=  3.25082e-07 trig=  3.21500e-07
m_trise_s = 4.2056140000e-09
m_tfall_s = 4.1318930000e-09
m_tpdlh_s = 3.6068780000e-09
m_tpdhl_s = 3.5816840000e-09
m_ipeak_source_a = 1.2138066676e+00
m_ipeak_sink_a = 1.0825231315e+00
m_vout_max_v = 5.0049419334e+00
m_vout_min_v = -3.033986132e-03
m_vin_max_v = 3.3000000000e+00
m_vin_min_v = 0.0000000000e+00
m_indrv_max_v = 5.0083231499e+00
m_indrv_min_v = -7.642953239e-03
m_n1_max_v = 5.1056732675e+00
m_n1_min_v = -5.031146951e-02
m_n2_max_v = 5.0728959563e+00
m_n2_min_v = -3.981906145e-02
m_n3_max_v = 5.0553326549e+00
m_n3_min_v = -2.981707530e-02
m_n4_max_v = 5.0532744815e+00
m_n4_min_v = -2.921860907e-02
m_n5_max_v = 5.0528723940e+00
m_n5_min_v = -2.925197271e-02
Note: Simulation executed from .control section 

Note: vimeas: has no value, DC 0 assumed
