
Note: No compatibility mode selected!


Circuit: * gate-driver-core-drive @ tt_-40c_vlogic2p97v-vdrv4p50v -- generated by sim/harness, do not edit

Doing analysis at TEMP = -40.000000 and TNOM = 27.000000

Using SPARSE 1.3 as Direct Linear Solver

Initial Transient Solution
--------------------------

Node                                   Voltage
----                                   -------
x1.inb                                    2.97
in                                           0
gnd_logic                                    0
vdd_logic                                 2.97
x1.na                                   2.0517
x1.nb                              3.28714e-10
x1.nca                                     4.5
gnd_drv                            3.28751e-12
x1.ncb                             9.36969e-10
vdd_drv                                    4.5
x1.nbuf1                                   4.5
in_drv                             7.29762e-10
x1.nccomp1                         8.85167e-10
x1.nccomp2                         8.33365e-10
x1.nccomp3                         7.81564e-10
x2.n1                                      4.5
x2.n2                              1.43532e-09
x2.n3                                      4.5
x2.n4                              2.14175e-09
x2.n5                                      4.5
out                                2.27135e-09
outcap                             2.27135e-09
vimeas#branch                     -1.69407e-21
vin#branch                                   0
vgnd_logic#branch                  3.29748e-09
vsup_drv#branch                   -3.28495e-09
vsup_logic#branch                 -2.97632e-12

 Reference value :  1.40194e-07
 Reference value :  3.65688e-07
 Reference value :  6.65388e-07
No. of Data Rows : 7207
trise10_90          =  4.52557e-09 targ=  2.70642e-08 trig=  2.25387e-08
tfall10_90          =  4.35010e-09 targ=  3.27659e-07 trig=  3.23309e-07
tpdlh               =  3.87042e-09 targ=  2.43704e-08 trig=  2.05000e-08
tpdhl               =  3.79587e-09 targ=  3.25296e-07 trig=  3.21500e-07
m_trise_s = 4.5255750000e-09
m_tfall_s = 4.3500950000e-09
m_tpdlh_s = 3.8704180000e-09
m_tpdhl_s = 3.7958660000e-09
m_ipeak_source_a = 1.0126774507e+00
m_ipeak_sink_a = 9.2147835670e-01
m_vout_max_v = 4.5048332249e+00
m_vout_min_v = -2.994674521e-03
m_vin_max_v = 2.9700000000e+00
m_vin_min_v = 0.0000000000e+00
m_indrv_max_v = 4.5257619737e+00
m_indrv_min_v = -1.164194754e-02
m_n1_max_v = 4.6051567406e+00
m_n1_min_v = -4.999914629e-02
m_n2_max_v = 4.5696264562e+00
m_n2_min_v = -3.896080052e-02
m_n3_max_v = 4.5546483541e+00
m_n3_min_v = -2.878834384e-02
m_n4_max_v = 4.5531865126e+00
m_n4_min_v = -2.904878394e-02
m_n5_max_v = 4.5533216513e+00
m_n5_min_v = -2.883287398e-02
Note: Simulation executed from .control section 

Note: vimeas: has no value, DC 0 assumed
