
Note: No compatibility mode selected!


Circuit: * gate-driver-core-drive @ tt_125c_vlogic3p30v-vdrv5p00v -- generated by sim/harness, do not edit

Doing analysis at TEMP = 125.000000 and TNOM = 27.000000

Using SPARSE 1.3 as Direct Linear Solver

Initial Transient Solution
--------------------------

Node                                   Voltage
----                                   -------
x1.inb                                     3.3
in                                           0
gnd_logic                                    0
vdd_logic                                  3.3
x1.na                                  2.41486
x1.nb                              6.90689e-10
x1.nca                                 4.99999
gnd_drv                            1.37362e-11
x1.ncb                             2.05193e-09
vdd_drv                                      5
x1.nbuf1                                     5
in_drv                             2.68985e-09
x1.nccomp1                         2.21141e-09
x1.nccomp2                         2.37089e-09
x1.nccomp3                         2.53037e-09
x2.n1                                        5
x2.n2                              5.63296e-09
x2.n3                                        5
x2.n4                              6.89203e-09
x2.n5                                        5
out                                 7.3089e-09
outcap                              7.3089e-09
vimeas#branch                                0
vin#branch                                   0
vgnd_logic#branch                  1.75376e-08
vsup_drv#branch                   -1.63972e-08
vsup_logic#branch                 -1.14092e-09

 Reference value :  1.60761e-07
 Reference value :  4.37228e-07
No. of Data Rows : 7189
trise10_90          =  6.17004e-09 targ=  2.93508e-08 trig=  2.31808e-08
tfall10_90          =  5.94513e-09 targ=  3.29745e-07 trig=  3.23800e-07
tpdlh               =  5.00154e-09 targ=  2.55015e-08 trig=  2.05000e-08
tpdhl               =  4.81701e-09 targ=  3.26317e-07 trig=  3.21500e-07
m_trise_s = 6.1700360000e-09
m_tfall_s = 5.9451270000e-09
m_tpdlh_s = 5.0015400000e-09
m_tpdhl_s = 4.8170080000e-09
m_ipeak_source_a = 9.0052778437e-01
m_ipeak_sink_a = 8.1696373018e-01
m_vout_max_v = 5.0042660828e+00
m_vout_min_v = -2.601260698e-03
m_vin_max_v = 3.3000000000e+00
m_vin_min_v = 0.0000000000e+00
m_indrv_max_v = 5.0012027954e+00
m_indrv_min_v = -6.002713036e-04
m_n1_max_v = 5.0900462714e+00
m_n1_min_v = -4.500720673e-02
m_n2_max_v = 5.0710509995e+00
m_n2_min_v = -3.902795685e-02
m_n3_max_v = 5.0521691281e+00
m_n3_min_v = -2.860815432e-02
m_n4_max_v = 5.0486107654e+00
m_n4_min_v = -2.741371266e-02
m_n5_max_v = 5.0491315516e+00
m_n5_min_v = -2.710149362e-02
Note: Simulation executed from .control section 

Note: vimeas: has no value, DC 0 assumed
