
Note: No compatibility mode selected!


Circuit: * gate-driver-core-drive @ tt_125c_vlogic3p63v-vdrv5p50v -- generated by sim/harness, do not edit

Doing analysis at TEMP = 125.000000 and TNOM = 27.000000

Using SPARSE 1.3 as Direct Linear Solver

Initial Transient Solution
--------------------------

Node                                   Voltage
----                                   -------
x1.inb                                    3.63
in                                           0
gnd_logic                                    0
vdd_logic                                 3.63
x1.na                                  2.68944
x1.nb                              7.23467e-10
x1.nca                                 5.49999
gnd_drv                            1.54562e-11
x1.ncb                              2.1112e-09
vdd_drv                                    5.5
x1.nbuf1                                   5.5
in_drv                             2.82073e-09
x1.nccomp1                         2.28858e-09
x1.nccomp2                         2.46596e-09
x1.nccomp3                         2.64335e-09
x2.n1                                      5.5
x2.n2                               5.9028e-09
x2.n3                                      5.5
x2.n4                              7.23217e-09
x2.n5                                      5.5
out                                7.66954e-09
outcap                             7.66954e-09
vimeas#branch                     -6.77626e-21
vin#branch                                   0
vgnd_logic#branch                  2.00844e-08
vsup_drv#branch                   -1.86351e-08
vsup_logic#branch                 -1.45219e-09

 Reference value :  1.86709e-07
 Reference value :  4.17135e-07
No. of Data Rows : 7193
trise10_90          =  5.73022e-09 targ=  2.87460e-08 trig=  2.30158e-08
tfall10_90          =  5.72207e-09 targ=  3.29384e-07 trig=  3.23662e-07
tpdlh               =  4.66836e-09 targ=  2.51684e-08 trig=  2.05000e-08
tpdhl               =  4.58785e-09 targ=  3.26088e-07 trig=  3.21500e-07
m_trise_s = 5.7302160000e-09
m_tfall_s = 5.7220680000e-09
m_tpdlh_s = 4.6683600000e-09
m_tpdhl_s = 4.5878480000e-09
m_ipeak_source_a = 1.0694535045e+00
m_ipeak_sink_a = 9.3277272137e-01
m_vout_max_v = 5.5043168445e+00
m_vout_min_v = -2.609763515e-03
m_vin_max_v = 3.6300000000e+00
m_vin_min_v = 0.0000000000e+00
m_indrv_max_v = 5.5009210177e+00
m_indrv_min_v = -6.164270752e-04
m_n1_max_v = 5.5906639323e+00
m_n1_min_v = -4.460777581e-02
m_n2_max_v = 5.5737743105e+00
m_n2_min_v = -4.064015121e-02
m_n3_max_v = 5.5520087895e+00
m_n3_min_v = -2.910091513e-02
m_n4_max_v = 5.5486846197e+00
m_n4_min_v = -2.797388137e-02
m_n5_max_v = 5.5483633506e+00
m_n5_min_v = -2.747823728e-02
Note: Simulation executed from .control section 

Note: vimeas: has no value, DC 0 assumed
