
Note: No compatibility mode selected!


Circuit: * gate-driver-core-drive @ tt_27c_vlogic3p63v-vdrv5p50v -- generated by sim/harness, do not edit

Doing analysis at TEMP = 27.000000 and TNOM = 27.000000

Using SPARSE 1.3 as Direct Linear Solver

Initial Transient Solution
--------------------------

Node                                   Voltage
----                                   -------
x1.inb                                    3.63
in                                           0
gnd_logic                                    0
vdd_logic                                 3.63
x1.na                                  2.70975
x1.nb                              4.55705e-10
x1.nca                                     5.5
gnd_drv                            4.03831e-12
x1.ncb                             1.26306e-09
vdd_drv                                    5.5
x1.nbuf1                                   5.5
in_drv                             1.05314e-09
x1.nccomp1                         1.21058e-09
x1.nccomp2                          1.1581e-09
x1.nccomp3                         1.10562e-09
x2.n1                                      5.5
x2.n2                              2.07133e-09
x2.n3                                      5.5
x2.n4                              3.09032e-09
x2.n5                                      5.5
out                                3.27737e-09
outcap                             3.27737e-09
vimeas#branch                                0
vin#branch                                   0
vgnd_logic#branch                  4.06717e-09
vsup_drv#branch                   -4.05476e-09
vsup_logic#branch                 -9.28929e-12

 Reference value :  1.79340e-07
 Reference value :  4.20360e-07
No. of Data Rows : 7214
trise10_90          =  4.74197e-09 targ=  2.73406e-08 trig=  2.25987e-08
tfall10_90          =  4.61415e-09 targ=  3.27939e-07 trig=  3.23324e-07
tpdlh               =  3.94445e-09 targ=  2.44445e-08 trig=  2.05000e-08
tpdhl               =  3.86776e-09 targ=  3.25368e-07 trig=  3.21500e-07
m_trise_s = 4.7419750000e-09
m_tfall_s = 4.6141500000e-09
m_tpdlh_s = 3.9444530000e-09
m_tpdhl_s = 3.8677580000e-09
m_ipeak_source_a = 1.2360674243e+00
m_ipeak_sink_a = 1.0976747241e+00
m_vout_max_v = 5.5047711814e+00
m_vout_min_v = -2.903018396e-03
m_vin_max_v = 3.6300000000e+00
m_vin_min_v = 0.0000000000e+00
m_indrv_max_v = 5.5003719757e+00
m_indrv_min_v = -4.808848080e-04
m_n1_max_v = 5.6001967910e+00
m_n1_min_v = -4.772218153e-02
m_n2_max_v = 5.5755257958e+00
m_n2_min_v = -4.203846193e-02
m_n3_max_v = 5.5556724406e+00
m_n3_min_v = -2.991781581e-02
m_n4_max_v = 5.5520421403e+00
m_n4_min_v = -2.903413308e-02
m_n5_max_v = 5.5523714270e+00
m_n5_min_v = -2.907189374e-02
Note: Simulation executed from .control section 

Note: vimeas: has no value, DC 0 assumed
