
Note: No compatibility mode selected!


Circuit: * gate-driver-core-drive-postlayout @ ff_-40c_vlogic3p30v-vdrv6p00v -- generated by sim/harness, do not edit

Doing analysis at TEMP = -40.000000 and TNOM = 27.000000

Using SPARSE 1.3 as Direct Linear Solver

Initial Transient Solution
--------------------------

Node                                   Voltage
----                                   -------
x1_inb                                     3.3
in                                           0
gnd_logic                                    0
x1_na                                  2.40694
x1_nb                             -4.58936e-07
gnd_drv                           -6.66714e-08
x2_n3                                        6
x2_n4                             -2.44842e-08
x2_n5                                        6
out                               -6.40652e-08
in_drv                            -1.35697e-07
x1_nbuf1                                     6
x1_ncb                             1.64924e-07
x1_nca                                       6
vdd_logic                                  3.3
x2_n1                                        6
x2_n2                             -2.21212e-08
vdd_drv                                      6
anon18                             8.91307e-08
anon19                              1.3796e-08
anon20                            -6.11299e-08
outcap                            -6.40652e-08
vimeas#branch                     -3.97914e-05
vin#branch                         5.66541e-08
vgnd_logic#branch                 -6.63782e-05
vsup_drv#branch                    6.61783e-05
vsup_logic#branch                  1.99932e-07

 Reference value :  7.50596e-08
 Reference value :  2.52560e-07
 Reference value :  3.96014e-07
 Reference value :  5.76814e-07
No. of Data Rows : 7229
trise10_90          =  3.26202e-09 targ=  2.52237e-08 trig=  2.19616e-08
tfall10_90          =  3.29725e-09 targ=  3.26122e-07 trig=  3.22824e-07
tpdlh               =  2.77287e-09 targ=  2.32729e-08 trig=  2.05000e-08
tpdhl               =  2.81840e-09 targ=  3.24318e-07 trig=  3.21500e-07
m_trise_s = 3.2620160000e-09
m_tfall_s = 3.2972470000e-09
m_tpdlh_s = 2.7728730000e-09
m_tpdhl_s = 2.8184000000e-09
m_ipeak_source_a = 1.8883285025e+00
m_ipeak_sink_a = 1.6480714062e+00
m_vout_max_v = 6.0042407159e+00
m_vout_min_v = -2.501717737e-03
m_vin_max_v = 3.3000000000e+00
m_vin_min_v = 0.0000000000e+00
m_indrv_max_v = 6.0000987944e+00
m_indrv_min_v = -2.550126852e-04
m_n1_max_v = 6.0848564190e+00
m_n1_min_v = -3.643290685e-02
m_n2_max_v = 6.0669789963e+00
m_n2_min_v = -3.842849318e-02
m_n3_max_v = 6.0455165906e+00
m_n3_min_v = -2.601254213e-02
m_n4_max_v = 6.0421866912e+00
m_n4_min_v = -2.545833661e-02
m_n5_max_v = 6.0428740246e+00
m_n5_min_v = -2.522993949e-02
Note: Simulation executed from .control section 

Note: vimeas: has no value, DC 0 assumed
Warning: singular matrix:  check node anon18

Note: Starting dynamic gmin stepping
Warning: singular matrix:  check node anon19

Warning: Dynamic gmin stepping failed
Note: Starting true gmin stepping
Warning: singular matrix:  check node anon19

Warning: singular matrix:  check node anon19

Warning: singular matrix:  check node anon19

Warning: singular matrix:  check node anon19

Warning: True gmin stepping failed
Note: Starting source stepping
Warning: source stepping failed
Note: Transient op started
Note: Transient op finished successfully
