
Note: No compatibility mode selected!


Circuit: * gate-driver-core-drive-postlayout @ ff_-40c_vlogic3p30v-vdrv5p00v -- generated by sim/harness, do not edit

Doing analysis at TEMP = -40.000000 and TNOM = 27.000000

Using SPARSE 1.3 as Direct Linear Solver

Initial Transient Solution
--------------------------

Node                                   Voltage
----                                   -------
x1_inb                                     3.3
in                                           0
gnd_logic                                    0
x1_na                                  2.39147
x1_nb                             -2.95047e-07
gnd_drv                           -5.51956e-08
x2_n3                                        5
x2_n4                             -2.00411e-08
x2_n5                                        5
out                               -5.28888e-08
in_drv                            -9.57024e-08
x1_nbuf1                                     5
x1_ncb                             9.50393e-08
x1_nca                                       5
vdd_logic                                  3.3
x2_n1                                        5
x2_n2                             -1.79804e-08
vdd_drv                                      5
anon18                             4.67727e-08
anon19                            -1.07536e-09
anon20                            -4.85515e-08
outcap                            -5.28888e-08
vimeas#branch                     -3.35521e-05
vin#branch                         4.35116e-08
vgnd_logic#branch                 -5.49703e-05
vsup_drv#branch                    5.47649e-05
vsup_logic#branch                  2.05339e-07

 Reference value :  7.79036e-08
 Reference value :  2.27204e-07
 Reference value :  3.76272e-07
 Reference value :  5.54972e-07
No. of Data Rows : 7222
trise10_90          =  3.58509e-09 targ=  2.57091e-08 trig=  2.21240e-08
tfall10_90          =  3.50115e-09 targ=  3.26414e-07 trig=  3.22913e-07
tpdlh               =  3.06427e-09 targ=  2.35643e-08 trig=  2.05000e-08
tpdhl               =  2.99467e-09 targ=  3.24495e-07 trig=  3.21500e-07
m_trise_s = 3.5850930000e-09
m_tfall_s = 3.5011470000e-09
m_tpdlh_s = 3.0642750000e-09
m_tpdhl_s = 2.9946730000e-09
m_ipeak_source_a = 1.4308550655e+00
m_ipeak_sink_a = 1.2811368667e+00
m_vout_max_v = 5.0042746682e+00
m_vout_min_v = -2.541843494e-03
m_vin_max_v = 3.3000000000e+00
m_vin_min_v = 0.0000000000e+00
m_indrv_max_v = 5.0000878652e+00
m_indrv_min_v = -2.764917137e-04
m_n1_max_v = 5.0867952510e+00
m_n1_min_v = -4.002746359e-02
m_n2_max_v = 5.0640790386e+00
m_n2_min_v = -3.640185972e-02
m_n3_max_v = 5.0466044824e+00
m_n3_min_v = -2.633819192e-02
m_n4_max_v = 5.0448210457e+00
m_n4_min_v = -2.599077471e-02
m_n5_max_v = 5.0455726014e+00
m_n5_min_v = -2.607817030e-02
Note: Simulation executed from .control section 

Note: vimeas: has no value, DC 0 assumed
Warning: singular matrix:  check node anon18

Note: Starting dynamic gmin stepping
Warning: singular matrix:  check node anon18

Warning: Dynamic gmin stepping failed
Note: Starting true gmin stepping
Warning: singular matrix:  check node anon18

Warning: singular matrix:  check node anon18

Warning: singular matrix:  check node anon18

Warning: singular matrix:  check node anon18

Warning: True gmin stepping failed
Note: Starting source stepping
Warning: source stepping failed
Note: Transient op started
Note: Transient op finished successfully
