
Note: No compatibility mode selected!


Circuit: * gate-driver-core-drive-postlayout @ ff_-40c_vlogic3p63v-vdrv5p50v -- generated by sim/harness, do not edit

Doing analysis at TEMP = -40.000000 and TNOM = 27.000000

Using SPARSE 1.3 as Direct Linear Solver

Initial Transient Solution
--------------------------

Node                                   Voltage
----                                   -------
x1_inb                                    3.63
in                                           0
gnd_logic                                    0
x1_na                                   2.6808
x1_nb                             -2.38145e-07
gnd_drv                           -6.14215e-08
x2_n3                                      5.5
x2_n4                             -2.24614e-08
x2_n5                                      5.5
out                               -5.89599e-08
in_drv                            -1.81345e-07
x1_nbuf1                                   5.5
x1_ncb                             3.77507e-08
x1_nca                                     5.5
vdd_logic                                 3.63
x2_n1                                      5.5
x2_n2                             -2.06773e-08
vdd_drv                                    5.5
anon18                            -1.76374e-08
anon19                            -7.25828e-08
anon20                            -1.27135e-07
outcap                            -5.89599e-08
vimeas#branch                     -3.69195e-05
vin#branch                         5.46731e-08
vgnd_logic#branch                 -6.11475e-05
vsup_drv#branch                    6.09862e-05
vsup_logic#branch                  1.61342e-07

 Reference value :  7.03871e-08
 Reference value :  2.47687e-07
 Reference value :  3.83552e-07
 Reference value :  5.61652e-07
No. of Data Rows : 7226
trise10_90          =  3.40504e-09 targ=  2.54592e-08 trig=  2.20541e-08
tfall10_90          =  3.38441e-09 targ=  3.26229e-07 trig=  3.22844e-07
tpdlh               =  2.92221e-09 targ=  2.34222e-08 trig=  2.05000e-08
tpdhl               =  2.87586e-09 targ=  3.24376e-07 trig=  3.21500e-07
m_trise_s = 3.4050430000e-09
m_tfall_s = 3.3844150000e-09
m_tpdlh_s = 2.9222100000e-09
m_tpdhl_s = 2.8758630000e-09
m_ipeak_source_a = 1.6672572299e+00
m_ipeak_sink_a = 1.4627689612e+00
m_vout_max_v = 5.5042962076e+00
m_vout_min_v = -2.508843236e-03
m_vin_max_v = 3.6300000000e+00
m_vin_min_v = 0.0000000000e+00
m_indrv_max_v = 5.5000982883e+00
m_indrv_min_v = -2.766919664e-04
m_n1_max_v = 5.5847034853e+00
m_n1_min_v = -3.836134615e-02
m_n2_max_v = 5.5656639860e+00
m_n2_min_v = -3.741561821e-02
m_n3_max_v = 5.5459547940e+00
m_n3_min_v = -2.611413926e-02
m_n4_max_v = 5.5438976503e+00
m_n4_min_v = -2.579465592e-02
m_n5_max_v = 5.5443404758e+00
m_n5_min_v = -2.567309039e-02
Note: Simulation executed from .control section 

Note: vimeas: has no value, DC 0 assumed
Warning: singular matrix:  check node anon18

Note: Starting dynamic gmin stepping
Warning: singular matrix:  check node anon19

Warning: Dynamic gmin stepping failed
Note: Starting true gmin stepping
Warning: singular matrix:  check node anon19

Warning: singular matrix:  check node anon19

Warning: singular matrix:  check node anon19

Warning: singular matrix:  check node anon19

Warning: True gmin stepping failed
Note: Starting source stepping
Warning: source stepping failed
Note: Transient op started
Note: Transient op finished successfully
