
Note: No compatibility mode selected!


Circuit: * gate-driver-core-drive-postlayout @ ff_-40c_vlogic2p97v-vdrv4p50v -- generated by sim/harness, do not edit

Doing analysis at TEMP = -40.000000 and TNOM = 27.000000

Using SPARSE 1.3 as Direct Linear Solver

Initial Transient Solution
--------------------------

Node                                   Voltage
----                                   -------
x1_inb                                    2.97
in                                           0
gnd_logic                                    0
x1_na                                  2.10608
x1_nb                             -3.51683e-07
gnd_drv                            -4.9595e-08
x2_n3                                      4.5
x2_n4                             -1.78569e-08
x2_n5                                      4.5
out                               -4.74109e-08
in_drv                            -5.96938e-08
x1_nbuf1                                   4.5
x1_ncb                             1.34189e-07
x1_nca                                     4.5
vdd_logic                                 2.97
x2_n1                                      4.5
x2_n2                             -1.58749e-08
vdd_drv                                    4.5
anon18                             8.51673e-08
anon19                              3.6542e-08
anon20                            -1.17305e-08
outcap                            -4.74109e-08
vimeas#branch                      -3.0421e-05
vin#branch                         3.78129e-08
vgnd_logic#branch                 -4.93966e-05
vsup_drv#branch                     4.9195e-05
vsup_logic#branch                   2.0153e-07

 Reference value :  7.55897e-08
 Reference value :  2.29290e-07
 Reference value :  3.55341e-07
 Reference value :  5.34541e-07
No. of Data Rows : 7209
trise10_90          =  3.82017e-09 targ=  2.60372e-08 trig=  2.22170e-08
tfall10_90          =  3.65918e-09 targ=  3.26660e-07 trig=  3.23001e-07
tpdlh               =  3.25166e-09 targ=  2.37517e-08 trig=  2.05000e-08
tpdhl               =  3.14924e-09 targ=  3.24649e-07 trig=  3.21500e-07
m_trise_s = 3.8201690000e-09
m_tfall_s = 3.6591820000e-09
m_tpdlh_s = 3.2516640000e-09
m_tpdhl_s = 3.1492430000e-09
m_ipeak_source_a = 1.2110570799e+00
m_ipeak_sink_a = 1.1198176776e+00
m_vout_max_v = 4.5041414810e+00
m_vout_min_v = -2.547580671e-03
m_vin_max_v = 2.9700000000e+00
m_vin_min_v = 0.0000000000e+00
m_indrv_max_v = 4.5000793132e+00
m_indrv_min_v = -3.523848583e-03
m_n1_max_v = 4.5835587076e+00
m_n1_min_v = -4.037512804e-02
m_n2_max_v = 4.5616614493e+00
m_n2_min_v = -3.503336347e-02
m_n3_max_v = 4.5466005936e+00
m_n3_min_v = -2.597093110e-02
m_n4_max_v = 4.5452843209e+00
m_n4_min_v = -2.590200920e-02
m_n5_max_v = 4.5458486648e+00
m_n5_min_v = -2.610019268e-02
Note: Simulation executed from .control section 

Note: vimeas: has no value, DC 0 assumed
Warning: singular matrix:  check node anon18

Note: Starting dynamic gmin stepping
Warning: singular matrix:  check node anon18

Warning: Dynamic gmin stepping failed
Note: Starting true gmin stepping
Warning: singular matrix:  check node anon18

Warning: singular matrix:  check node anon18

Warning: singular matrix:  check node anon18

Warning: singular matrix:  check node anon18

Warning: True gmin stepping failed
Note: Starting source stepping
Warning: source stepping failed
Note: Transient op started
Note: Transient op finished successfully
