
Note: No compatibility mode selected!


Circuit: * gate-driver-core-drive-postlayout @ ff_125c_vlogic3p63v-vdrv5p50v -- generated by sim/harness, do not edit

Doing analysis at TEMP = 125.000000 and TNOM = 27.000000

Using SPARSE 1.3 as Direct Linear Solver

Initial Transient Solution
--------------------------

Node                                   Voltage
----                                   -------
x1_inb                                 3.62999
in                                           0
gnd_logic                                    0
x1_na                                  2.73094
x1_nb                              1.77152e-07
gnd_drv                            5.66798e-08
x2_n3                                      5.5
x2_n4                              5.80675e-08
x2_n5                                      5.5
out                                9.37584e-08
in_drv                             1.04039e-08
x1_nbuf1                                   5.5
x1_ncb                            -5.63954e-08
x1_nca                                 5.49992
vdd_logic                                 3.63
x2_n1                                      5.5
x2_n2                              5.44587e-08
vdd_drv                                    5.5
anon18                            -4.07664e-08
anon19                            -2.43787e-08
anon20                            -7.29948e-09
outcap                             9.37584e-08
vimeas#branch                      3.44335e-05
vin#branch                         -3.3684e-08
vgnd_logic#branch                  5.65257e-05
vsup_drv#branch                   -5.61674e-05
vsup_logic#branch                 -3.58281e-07

 Reference value :  8.06758e-08
 Reference value :  2.56576e-07
 Reference value :  4.12031e-07
 Reference value :  5.85331e-07
No. of Data Rows : 7190
trise10_90          =  4.82906e-09 targ=  2.74674e-08 trig=  2.26384e-08
tfall10_90          =  4.97159e-09 targ=  3.28287e-07 trig=  3.23315e-07
tpdlh               =  3.93531e-09 targ=  2.44353e-08 trig=  2.05000e-08
tpdhl               =  3.90110e-09 targ=  3.25401e-07 trig=  3.21500e-07
m_trise_s = 4.8290570000e-09
m_tfall_s = 4.9715930000e-09
m_tpdlh_s = 3.9353070000e-09
m_tpdhl_s = 3.9010990000e-09
m_ipeak_source_a = 1.2850189790e+00
m_ipeak_sink_a = 1.0878155344e+00
m_vout_max_v = 5.5035347343e+00
m_vout_min_v = -2.069754976e-03
m_vin_max_v = 3.6300000000e+00
m_vin_min_v = 0.0000000000e+00
m_indrv_max_v = 5.5001656320e+00
m_indrv_min_v = -3.992553231e-04
m_n1_max_v = 5.5688571925e+00
m_n1_min_v = -3.230036764e-02
m_n2_max_v = 5.5630901758e+00
m_n2_min_v = -3.399667761e-02
m_n3_max_v = 5.5404014830e+00
m_n3_min_v = -2.395350876e-02
m_n4_max_v = 5.5378176142e+00
m_n4_min_v = -2.281289287e-02
m_n5_max_v = 5.5378732731e+00
m_n5_min_v = -2.213674400e-02
Note: Simulation executed from .control section 

Note: vimeas: has no value, DC 0 assumed
Warning: singular matrix:  check node anon20

Note: Starting dynamic gmin stepping
Warning: singular matrix:  check node anon18

Warning: Dynamic gmin stepping failed
Note: Starting true gmin stepping
Warning: singular matrix:  check node anon18

Warning: singular matrix:  check node anon18

Warning: singular matrix:  check node anon18

Warning: singular matrix:  check node anon18

Warning: True gmin stepping failed
Note: Starting source stepping
Warning: source stepping failed
Note: Transient op started
Note: Transient op finished successfully
