
Note: No compatibility mode selected!


Circuit: * gate-driver-core-drive-postlayout @ ff_125c_vlogic3p30v-vdrv6p00v -- generated by sim/harness, do not edit

Doing analysis at TEMP = 125.000000 and TNOM = 27.000000

Using SPARSE 1.3 as Direct Linear Solver

Initial Transient Solution
--------------------------

Node                                   Voltage
----                                   -------
x1_inb                                 3.29999
in                                           0
gnd_logic                                    0
x1_na                                  2.47236
x1_nb                              1.41567e-07
gnd_drv                            6.15764e-08
x2_n3                                        6
x2_n4                              6.38213e-08
x2_n5                                        6
out                                1.02579e-07
in_drv                             2.50549e-08
x1_nbuf1                                     6
x1_ncb                            -2.85205e-08
x1_nca                                 5.99994
vdd_logic                                  3.3
x2_n1                                        6
x2_n2                               6.0016e-08
vdd_drv                                      6
anon18                            -1.62485e-08
anon19                            -3.18319e-09
anon20                             1.06073e-08
outcap                             1.02579e-07
vimeas#branch                      3.71206e-05
vin#branch                        -3.71049e-08
vgnd_logic#branch                   6.1386e-05
vsup_drv#branch                    -6.1015e-05
vsup_logic#branch                 -3.71028e-07

 Reference value :  6.71783e-08
 Reference value :  2.42778e-07
 Reference value :  3.98851e-07
 Reference value :  5.79151e-07
No. of Data Rows : 7192
trise10_90          =  4.55225e-09 targ=  2.70498e-08 trig=  2.24976e-08
tfall10_90          =  4.86156e-09 targ=  3.28141e-07 trig=  3.23279e-07
tpdlh               =  3.69239e-09 targ=  2.41924e-08 trig=  2.05000e-08
tpdhl               =  3.82035e-09 targ=  3.25320e-07 trig=  3.21500e-07
m_trise_s = 4.5522490000e-09
m_tfall_s = 4.8615610000e-09
m_tpdlh_s = 3.6923890000e-09
m_tpdhl_s = 3.8203500000e-09
m_ipeak_source_a = 1.4816269891e+00
m_ipeak_sink_a = 1.2158704509e+00
m_vout_max_v = 6.0034406569e+00
m_vout_min_v = -2.040385389e-03
m_vin_max_v = 3.3000000000e+00
m_vin_min_v = 0.0000000000e+00
m_indrv_max_v = 6.0001828637e+00
m_indrv_min_v = -3.823845154e-04
m_n1_max_v = 6.0647191786e+00
m_n1_min_v = -3.041963075e-02
m_n2_max_v = 6.0637231938e+00
m_n2_min_v = -3.549981639e-02
m_n3_max_v = 6.0387791897e+00
m_n3_min_v = -2.418246748e-02
m_n4_max_v = 6.0358776885e+00
m_n4_min_v = -2.271924709e-02
m_n5_max_v = 6.0359845100e+00
m_n5_min_v = -2.223882769e-02
Note: Simulation executed from .control section 

Note: vimeas: has no value, DC 0 assumed
Warning: singular matrix:  check node anon20

Note: Starting dynamic gmin stepping
Warning: singular matrix:  check node anon18

Warning: Dynamic gmin stepping failed
Note: Starting true gmin stepping
Warning: singular matrix:  check node anon18

Warning: singular matrix:  check node anon18

Warning: singular matrix:  check node anon18

Warning: singular matrix:  check node anon18

Warning: True gmin stepping failed
Note: Starting source stepping
Warning: source stepping failed
Note: Transient op started
Note: Transient op finished successfully
