
Note: No compatibility mode selected!


Circuit: * gate-driver-core-drive-postlayout @ ff_125c_vlogic2p97v-vdrv4p50v -- generated by sim/harness, do not edit

Doing analysis at TEMP = 125.000000 and TNOM = 27.000000

Using SPARSE 1.3 as Direct Linear Solver

Initial Transient Solution
--------------------------

Node                                   Voltage
----                                   -------
x1_inb                                    2.97
in                                           0
gnd_logic                                    0
x1_na                                  2.18079
x1_nb                              5.39407e-08
gnd_drv                            4.59988e-08
x2_n3                                      4.5
x2_n4                              4.91619e-08
x2_n5                                      4.5
out                                 7.8335e-08
in_drv                             3.07873e-08
x1_nbuf1                                   4.5
x1_ncb                             9.89555e-09
x1_nca                                 4.49994
vdd_logic                                 2.97
x2_n1                                      4.5
x2_n2                              4.64013e-08
vdd_drv                                    4.5
anon18                             1.41473e-08
anon19                             1.90881e-08
anon20                             2.46555e-08
outcap                              7.8335e-08
vimeas#branch                      2.85423e-05
vin#branch                        -2.65536e-08
vgnd_logic#branch                  4.58638e-05
vsup_drv#branch                   -4.55614e-05
vsup_logic#branch                 -3.02429e-07

 Reference value :  9.08335e-08
 Reference value :  2.69234e-07
 Reference value :  4.24727e-07
 Reference value :  5.98327e-07
No. of Data Rows : 7176
trise10_90          =  5.58472e-09 targ=  2.85017e-08 trig=  2.29170e-08
tfall10_90          =  5.34085e-09 targ=  3.28887e-07 trig=  3.23547e-07
tpdlh               =  4.49568e-09 targ=  2.49957e-08 trig=  2.05000e-08
tpdhl               =  4.28078e-09 targ=  3.25781e-07 trig=  3.21500e-07
m_trise_s = 5.5847240000e-09
m_tfall_s = 5.3408500000e-09
m_tpdlh_s = 4.4956810000e-09
m_tpdhl_s = 4.2807750000e-09
m_ipeak_source_a = 9.0983640680e-01
m_ipeak_sink_a = 8.2949433748e-01
m_vout_max_v = 4.5034502235e+00
m_vout_min_v = -2.060277841e-03
m_vin_max_v = 2.9700000000e+00
m_vin_min_v = 0.0000000000e+00
m_indrv_max_v = 4.5001097215e+00
m_indrv_min_v = -4.054638985e-04
m_n1_max_v = 4.5672805729e+00
m_n1_min_v = -3.382359373e-02
m_n2_max_v = 4.5587935981e+00
m_n2_min_v = -3.250382513e-02
m_n3_max_v = 4.5402730886e+00
m_n3_min_v = -2.323147999e-02
m_n4_max_v = 4.5393857869e+00
m_n4_min_v = -2.245741517e-02
m_n5_max_v = 4.5402915024e+00
m_n5_min_v = -2.236951816e-02
Note: Simulation executed from .control section 

Note: vimeas: has no value, DC 0 assumed
Warning: singular matrix:  check node anon20

Note: Starting dynamic gmin stepping
Warning: singular matrix:  check node anon18

Warning: Dynamic gmin stepping failed
Note: Starting true gmin stepping
Warning: singular matrix:  check node anon18

Warning: singular matrix:  check node anon18

Warning: singular matrix:  check node anon18

Warning: singular matrix:  check node anon18

Warning: True gmin stepping failed
Note: Starting source stepping
Warning: source stepping failed
Note: Transient op started
Note: Transient op finished successfully
