
Note: No compatibility mode selected!


Circuit: * gate-driver-core-drive-postlayout @ ff_27c_vlogic2p97v-vdrv4p50v -- generated by sim/harness, do not edit

Doing analysis at TEMP = 27.000000 and TNOM = 27.000000

Using SPARSE 1.3 as Direct Linear Solver

Initial Transient Solution
--------------------------

Node                                   Voltage
----                                   -------
x1_inb                                    2.97
in                                           0
gnd_logic                                    0
x1_na                                   2.1967
x1_nb                              3.76824e-07
gnd_drv                            4.92425e-08
x2_n3                                      4.5
x2_n4                              2.22497e-08
x2_n5                                      4.5
out                                5.18074e-08
in_drv                            -5.25339e-08
x1_nbuf1                                   4.5
x1_ncb                            -1.82748e-07
x1_nca                                     4.5
vdd_logic                                 2.97
x2_n1                                      4.5
x2_n2                              1.79988e-08
vdd_drv                                    4.5
anon18                            -1.50902e-07
anon19                            -1.18551e-07
anon20                            -8.57444e-08
outcap                             5.18074e-08
vimeas#branch                      3.02048e-05
vin#branch                        -3.60199e-08
vgnd_logic#branch                  4.90468e-05
vsup_drv#branch                   -4.88328e-05
vsup_logic#branch                 -2.14068e-07

 Reference value :  8.37703e-08
 Reference value :  2.60470e-07
 Reference value :  4.11093e-07
 Reference value :  5.88293e-07
No. of Data Rows : 7196
trise10_90          =  4.58942e-09 targ=  2.70935e-08 trig=  2.25040e-08
tfall10_90          =  4.28417e-09 targ=  3.27505e-07 trig=  3.23221e-07
tpdlh               =  3.77787e-09 targ=  2.42779e-08 trig=  2.05000e-08
tpdhl               =  3.58618e-09 targ=  3.25086e-07 trig=  3.21500e-07
m_trise_s = 4.5894230000e-09
m_tfall_s = 4.2841740000e-09
m_tpdlh_s = 3.7778650000e-09
m_tpdhl_s = 3.5861750000e-09
m_ipeak_source_a = 1.0596646878e+00
m_ipeak_sink_a = 9.8671033579e-01
m_vout_max_v = 4.5039050262e+00
m_vout_min_v = -2.339648639e-03
m_vin_max_v = 2.9700000000e+00
m_vin_min_v = 0.0000000000e+00
m_indrv_max_v = 4.5000736912e+00
m_indrv_min_v = -3.413547687e-04
m_n1_max_v = 4.5784075264e+00
m_n1_min_v = -3.855573388e-02
m_n2_max_v = 4.5610844320e+00
m_n2_min_v = -3.431859968e-02
m_n3_max_v = 4.5455291264e+00
m_n3_min_v = -2.489941351e-02
m_n4_max_v = 4.5436933186e+00
m_n4_min_v = -2.474906985e-02
m_n5_max_v = 4.5446178852e+00
m_n5_min_v = -2.484064559e-02
Note: Simulation executed from .control section 

Note: vimeas: has no value, DC 0 assumed
Warning: singular matrix:  check node anon18

Note: Starting dynamic gmin stepping
Warning: singular matrix:  check node anon18

Warning: Dynamic gmin stepping failed
Note: Starting true gmin stepping
Warning: singular matrix:  check node anon18

Warning: singular matrix:  check node anon18

Warning: singular matrix:  check node anon18

Warning: singular matrix:  check node anon18

Warning: True gmin stepping failed
Note: Starting source stepping
Warning: source stepping failed
Note: Transient op started
Note: Transient op finished successfully
