
Note: No compatibility mode selected!


Circuit: * gate-driver-core-drive-postlayout @ ff_27c_vlogic3p30v-vdrv6p00v -- generated by sim/harness, do not edit

Doing analysis at TEMP = 27.000000 and TNOM = 27.000000

Using SPARSE 1.3 as Direct Linear Solver

Initial Transient Solution
--------------------------

Node                                   Voltage
----                                   -------
x1_inb                                     3.3
in                                           0
gnd_logic                                    0
x1_na                                  2.49365
x1_nb                             -5.90766e-07
gnd_drv                           -6.57132e-08
x2_n3                                        6
x2_n4                             -2.34163e-08
x2_n5                                        6
out                               -6.23492e-08
in_drv                             7.38704e-08
x1_nbuf1                                     6
x1_ncb                             2.99591e-07
x1_nca                                       6
vdd_logic                                  3.3
x2_n1                                        6
x2_n2                             -1.98144e-08
vdd_drv                                      6
anon18                             2.42341e-07
anon19                             1.85676e-07
anon20                             1.29538e-07
outcap                            -6.23492e-08
vimeas#branch                      -3.9227e-05
vin#branch                          4.8941e-08
vgnd_logic#branch                 -6.54461e-05
vsup_drv#branch                    6.51856e-05
vsup_logic#branch                  2.60482e-07

 Reference value :  6.92202e-08
 Reference value :  2.26420e-07
 Reference value :  3.70016e-07
 Reference value :  5.46716e-07
No. of Data Rows : 7207
trise10_90          =  3.85217e-09 targ=  2.60353e-08 trig=  2.21831e-08
tfall10_90          =  3.87606e-09 targ=  3.26885e-07 trig=  3.23009e-07
tpdlh               =  3.17185e-09 targ=  2.36718e-08 trig=  2.05000e-08
tpdhl               =  3.20397e-09 targ=  3.24704e-07 trig=  3.21500e-07
m_trise_s = 3.8521730000e-09
m_tfall_s = 3.8760570000e-09
m_tpdlh_s = 3.1718480000e-09
m_tpdhl_s = 3.2039720000e-09
m_ipeak_source_a = 1.6735050603e+00
m_ipeak_sink_a = 1.4418984651e+00
m_vout_max_v = 6.0039144547e+00
m_vout_min_v = -2.347268579e-03
m_vin_max_v = 3.3000000000e+00
m_vin_min_v = 0.0000000000e+00
m_indrv_max_v = 6.0000800446e+00
m_indrv_min_v = -2.879151499e-04
m_n1_max_v = 6.0782327074e+00
m_n1_min_v = -3.443945371e-02
m_n2_max_v = 6.0666738259e+00
m_n2_min_v = -3.776963583e-02
m_n3_max_v = 6.0439100201e+00
m_n3_min_v = -2.554941279e-02
m_n4_max_v = 6.0410017571e+00
m_n4_min_v = -2.470416462e-02
m_n5_max_v = 6.0408989773e+00
m_n5_min_v = -2.431615585e-02
Note: Simulation executed from .control section 

Note: vimeas: has no value, DC 0 assumed
Warning: singular matrix:  check node anon18

Note: Starting dynamic gmin stepping
Warning: singular matrix:  check node anon18

Warning: Dynamic gmin stepping failed
Note: Starting true gmin stepping
Warning: singular matrix:  check node anon18

Warning: singular matrix:  check node anon18

Warning: singular matrix:  check node anon18

Warning: singular matrix:  check node anon18

Warning: True gmin stepping failed
Note: Starting source stepping
Warning: source stepping failed
Note: Transient op started
Note: Transient op finished successfully
