
Note: No compatibility mode selected!


Circuit: * gate-driver-core-drive-postlayout @ ff_27c_vlogic3p30v-vdrv5p00v -- generated by sim/harness, do not edit

Doing analysis at TEMP = 27.000000 and TNOM = 27.000000

Using SPARSE 1.3 as Direct Linear Solver

Initial Transient Solution
--------------------------

Node                                   Voltage
----                                   -------
x1_inb                                     3.3
in                                           0
gnd_logic                                    0
x1_na                                  2.47675
x1_nb                              4.28231e-07
gnd_drv                            5.49872e-08
x2_n3                                        5
x2_n4                               2.4723e-08
x2_n5                                        5
out                                 5.7696e-08
in_drv                            -5.81698e-08
x1_nbuf1                                     5
x1_ncb                             -2.1384e-07
x1_nca                                       5
vdd_logic                                  3.3
x2_n1                                        5
x2_n2                              2.00299e-08
vdd_drv                                      5
anon18                            -1.75668e-07
anon19                            -1.36963e-07
anon20                            -9.77785e-08
outcap                              5.7696e-08
vimeas#branch                      3.33722e-05
vin#branch                        -4.19675e-08
vgnd_logic#branch                   5.4764e-05
vsup_drv#branch                   -5.45473e-05
vsup_logic#branch                 -2.16723e-07

 Reference value :  8.57336e-08
 Reference value :  2.61934e-07
 Reference value :  4.02151e-07
 Reference value :  5.72551e-07
No. of Data Rows : 7200
trise10_90          =  4.28390e-09 targ=  2.66689e-08 trig=  2.23850e-08
tfall10_90          =  4.10305e-09 targ=  3.27220e-07 trig=  3.23117e-07
tpdlh               =  3.53955e-09 targ=  2.40396e-08 trig=  2.05000e-08
tpdhl               =  3.40715e-09 targ=  3.24907e-07 trig=  3.21500e-07
m_trise_s = 4.2838990000e-09
m_tfall_s = 4.1030510000e-09
m_tpdlh_s = 3.5395520000e-09
m_tpdhl_s = 3.4071450000e-09
m_ipeak_source_a = 1.2552990544e+00
m_ipeak_sink_a = 1.1359681163e+00
m_vout_max_v = 5.0039856545e+00
m_vout_min_v = -2.360704263e-03
m_vin_max_v = 3.3000000000e+00
m_vin_min_v = 0.0000000000e+00
m_indrv_max_v = 5.0000777070e+00
m_indrv_min_v = -3.290047190e-04
m_n1_max_v = 5.0807213472e+00
m_n1_min_v = -3.808374935e-02
m_n2_max_v = 5.0633695479e+00
m_n2_min_v = -3.598807170e-02
m_n3_max_v = 5.0462073831e+00
m_n3_min_v = -2.535992744e-02
m_n4_max_v = 5.0441474238e+00
m_n4_min_v = -2.506010906e-02
m_n5_max_v = 5.0443935801e+00
m_n5_min_v = -2.498689005e-02
Note: Simulation executed from .control section 

Note: vimeas: has no value, DC 0 assumed
Warning: singular matrix:  check node anon18

Note: Starting dynamic gmin stepping
Warning: singular matrix:  check node anon18

Warning: Dynamic gmin stepping failed
Note: Starting true gmin stepping
Warning: singular matrix:  check node anon18

Warning: singular matrix:  check node anon18

Warning: singular matrix:  check node anon18

Warning: singular matrix:  check node anon18

Warning: True gmin stepping failed
Note: Starting source stepping
Warning: source stepping failed
Note: Transient op started
Note: Transient op finished successfully
