
Note: No compatibility mode selected!


Circuit: * gate-driver-core-drive-postlayout @ fs_-40c_vlogic3p63v-vdrv5p50v -- generated by sim/harness, do not edit

Doing analysis at TEMP = -40.000000 and TNOM = 27.000000

Using SPARSE 1.3 as Direct Linear Solver

Initial Transient Solution
--------------------------

Node                                   Voltage
----                                   -------
x1_inb                                    3.63
in                                           0
gnd_logic                                    0
x1_na                                  2.64528
x1_nb                             -3.25335e-07
gnd_drv                           -6.59895e-08
x2_n3                                      5.5
x2_n4                             -2.35582e-08
x2_n5                                      5.5
out                               -6.35196e-08
in_drv                            -1.49825e-07
x1_nbuf1                                   5.5
x1_ncb                             9.05322e-08
x1_nca                                     5.5
vdd_logic                                 3.63
x2_n1                                      5.5
x2_n2                             -2.12001e-08
vdd_drv                                    5.5
anon18                             2.98016e-08
anon19                            -3.04673e-08
anon20                            -9.03258e-08
outcap                            -6.35196e-08
vimeas#branch                     -3.95373e-05
vin#branch                         5.51864e-08
vgnd_logic#branch                 -6.57243e-05
vsup_drv#branch                    6.55257e-05
vsup_logic#branch                  1.98581e-07

 Reference value :  6.88370e-08
 Reference value :  2.46537e-07
 Reference value :  3.95578e-07
 Reference value :  5.75978e-07
No. of Data Rows : 7230
trise10_90          =  4.43053e-09 targ=  2.68263e-08 trig=  2.23958e-08
tfall10_90          =  3.54688e-09 targ=  3.26662e-07 trig=  3.23116e-07
tpdlh               =  3.69110e-09 targ=  2.41911e-08 trig=  2.05000e-08
tpdhl               =  3.22748e-09 targ=  3.24727e-07 trig=  3.21500e-07
m_trise_s = 4.4305340000e-09
m_tfall_s = 3.5468850000e-09
m_tpdlh_s = 3.6911040000e-09
m_tpdhl_s = 3.2274830000e-09
m_ipeak_source_a = 1.2607615854e+00
m_ipeak_sink_a = 1.3950656667e+00
m_vout_max_v = 5.5045156339e+00
m_vout_min_v = -3.373630146e-03
m_vin_max_v = 3.6300000000e+00
m_vin_min_v = 0.0000000000e+00
m_indrv_max_v = 5.5000910879e+00
m_indrv_min_v = -3.308043888e-03
m_n1_max_v = 5.5891488479e+00
m_n1_min_v = -4.672023287e-02
m_n2_max_v = 5.5658333676e+00
m_n2_min_v = -4.191734518e-02
m_n3_max_v = 5.5525600843e+00
m_n3_min_v = -2.908612350e-02
m_n4_max_v = 5.5503617074e+00
m_n4_min_v = -2.907930680e-02
m_n5_max_v = 5.5506357545e+00
m_n5_min_v = -2.954213950e-02
Note: Simulation executed from .control section 

Note: vimeas: has no value, DC 0 assumed
Warning: singular matrix:  check node anon18

Note: Starting dynamic gmin stepping
Warning: singular matrix:  check node anon18

Warning: Dynamic gmin stepping failed
Note: Starting true gmin stepping
Warning: singular matrix:  check node anon18

Warning: singular matrix:  check node anon18

Warning: singular matrix:  check node anon18

Warning: singular matrix:  check node anon18

Warning: True gmin stepping failed
Note: Starting source stepping
Warning: source stepping failed
Note: Transient op started
Note: Transient op finished successfully
