
Note: No compatibility mode selected!


Circuit: * gate-driver-core-drive-postlayout @ fs_-40c_vlogic3p30v-vdrv6p00v -- generated by sim/harness, do not edit

Doing analysis at TEMP = -40.000000 and TNOM = 27.000000

Using SPARSE 1.3 as Direct Linear Solver

Initial Transient Solution
--------------------------

Node                                   Voltage
----                                   -------
x1_inb                                     3.3
in                                           0
gnd_logic                                    0
x1_na                                  2.37181
x1_nb                             -5.21933e-07
gnd_drv                           -7.16416e-08
x2_n3                                        6
x2_n4                             -2.56751e-08
x2_n5                                        6
out                               -6.90271e-08
in_drv                            -1.09603e-07
x1_nbuf1                                     6
x1_ncb                             2.00628e-07
x1_nca                                       6
vdd_logic                                  3.3
x2_n1                                        6
x2_n2                             -2.27563e-08
vdd_drv                                      6
anon18                             1.22402e-07
anon19                             4.46567e-08
anon20                            -3.26611e-08
outcap                            -6.90271e-08
vimeas#branch                     -4.26372e-05
vin#branch                         5.77187e-08
vgnd_logic#branch                 -7.13553e-05
vsup_drv#branch                    7.11201e-05
vsup_logic#branch                  2.35189e-07

 Reference value :  7.00732e-08
 Reference value :  2.46073e-07
 Reference value :  4.00369e-07
 Reference value :  5.72569e-07
No. of Data Rows : 7232
trise10_90          =  4.19555e-09 targ=  2.64589e-08 trig=  2.22634e-08
tfall10_90          =  3.45153e-09 targ=  3.26531e-07 trig=  3.23079e-07
tpdlh               =  3.46171e-09 targ=  2.39617e-08 trig=  2.05000e-08
tpdhl               =  3.14942e-09 targ=  3.24649e-07 trig=  3.21500e-07
m_trise_s = 4.1955490000e-09
m_tfall_s = 3.4515260000e-09
m_tpdlh_s = 3.4617060000e-09
m_tpdhl_s = 3.1494200000e-09
m_ipeak_source_a = 1.4639070403e+00
m_ipeak_sink_a = 1.5507299899e+00
m_vout_max_v = 6.0044865993e+00
m_vout_min_v = -3.361352602e-03
m_vin_max_v = 3.3000000000e+00
m_vin_min_v = 0.0000000000e+00
m_indrv_max_v = 6.0000914864e+00
m_indrv_min_v = -2.464839371e-03
m_n1_max_v = 6.0900796126e+00
m_n1_min_v = -4.500049973e-02
m_n2_max_v = 6.0674098133e+00
m_n2_min_v = -4.311878177e-02
m_n3_max_v = 6.0510305537e+00
m_n3_min_v = -2.887285731e-02
m_n4_max_v = 6.0492034523e+00
m_n4_min_v = -2.900837857e-02
m_n5_max_v = 6.0497803755e+00
m_n5_min_v = -2.929017536e-02
Note: Simulation executed from .control section 

Note: vimeas: has no value, DC 0 assumed
Warning: singular matrix:  check node anon18

Note: Starting dynamic gmin stepping
Warning: singular matrix:  check node anon18

Warning: Dynamic gmin stepping failed
Note: Starting true gmin stepping
Warning: singular matrix:  check node anon18

Warning: singular matrix:  check node anon18

Warning: singular matrix:  check node anon18

Warning: singular matrix:  check node anon18

Warning: True gmin stepping failed
Note: Starting source stepping
Warning: source stepping failed
Note: Transient op started
Note: Transient op finished successfully
