
Note: No compatibility mode selected!


Circuit: * gate-driver-core-drive-postlayout @ fs_125c_vlogic3p63v-vdrv5p50v -- generated by sim/harness, do not edit

Doing analysis at TEMP = 125.000000 and TNOM = 27.000000

Using SPARSE 1.3 as Direct Linear Solver

Initial Transient Solution
--------------------------

Node                                   Voltage
----                                   -------
x1_inb                                    3.63
in                                           0
gnd_logic                                    0
x1_na                                  2.71649
x1_nb                              1.36327e-07
gnd_drv                            5.85532e-08
x2_n3                                      5.5
x2_n4                              2.74551e-08
x2_n5                                      5.5
out                                 6.3118e-08
in_drv                             8.68534e-09
x1_nbuf1                                   5.5
x1_ncb                            -3.54919e-08
x1_nca                                 5.49994
vdd_logic                                 3.63
x2_n1                                      5.5
x2_n2                               2.2923e-08
vdd_drv                                    5.5
anon18                            -2.55722e-08
anon19                             -1.4856e-08
anon20                            -3.41344e-09
outcap                              6.3118e-08
vimeas#branch                      3.56446e-05
vin#branch                        -3.51137e-08
vgnd_logic#branch                  5.83798e-05
vsup_drv#branch                    -5.8015e-05
vsup_logic#branch                 -3.64818e-07

 Reference value :  8.57542e-08
 Reference value :  2.63754e-07
 Reference value :  4.20718e-07
 Reference value :  5.99518e-07
No. of Data Rows : 7193
trise10_90          =  6.49683e-09 targ=  2.96760e-08 trig=  2.31791e-08
tfall10_90          =  5.18356e-09 targ=  3.28884e-07 trig=  3.23701e-07
tpdlh               =  5.13676e-09 targ=  2.56368e-08 trig=  2.05000e-08
tpdhl               =  4.38139e-09 targ=  3.25881e-07 trig=  3.21500e-07
m_trise_s = 6.4968350000e-09
m_tfall_s = 5.1835580000e-09
m_tpdlh_s = 5.1367640000e-09
m_tpdhl_s = 4.3813900000e-09
m_ipeak_source_a = 9.3479948223e-01
m_ipeak_sink_a = 1.0387775569e+00
m_vout_max_v = 5.5037100153e+00
m_vout_min_v = -2.972316986e-03
m_vin_max_v = 3.6300000000e+00
m_vin_min_v = 0.0000000000e+00
m_indrv_max_v = 5.5003762741e+00
m_indrv_min_v = -3.211386061e-03
m_n1_max_v = 5.5741308470e+00
m_n1_min_v = -4.288686285e-02
m_n2_max_v = 5.5622563272e+00
m_n2_min_v = -4.139859115e-02
m_n3_max_v = 5.5468895543e+00
m_n3_min_v = -2.831040525e-02
m_n4_max_v = 5.5441852771e+00
m_n4_min_v = -2.807784480e-02
m_n5_max_v = 5.5448542679e+00
m_n5_min_v = -2.817809141e-02
Note: Simulation executed from .control section 

Note: vimeas: has no value, DC 0 assumed
Warning: singular matrix:  check node anon20

Note: Starting dynamic gmin stepping
Warning: singular matrix:  check node anon18

Warning: Dynamic gmin stepping failed
Note: Starting true gmin stepping
Warning: singular matrix:  check node anon18

Warning: singular matrix:  check node anon18

Warning: singular matrix:  check node anon18

Warning: singular matrix:  check node anon18

Warning: True gmin stepping failed
Note: Starting source stepping
Warning: source stepping failed
Note: Transient op started
Note: Transient op finished successfully
