
Note: No compatibility mode selected!


Circuit: * gate-driver-core-drive-postlayout @ fs_125c_vlogic3p30v-vdrv6p00v -- generated by sim/harness, do not edit

Doing analysis at TEMP = 125.000000 and TNOM = 27.000000

Using SPARSE 1.3 as Direct Linear Solver

Initial Transient Solution
--------------------------

Node                                   Voltage
----                                   -------
x1_inb                                     3.3
in                                           0
gnd_logic                                    0
x1_na                                  2.45795
x1_nb                              8.97003e-08
gnd_drv                            6.37033e-08
x2_n3                                        6
x2_n4                              2.98011e-08
x2_n5                                        6
out                                6.85495e-08
in_drv                             2.50588e-08
x1_nbuf1                                     6
x1_ncb                            -1.88576e-09
x1_nca                                 5.99996
vdd_logic                                  3.3
x2_n1                                        6
x2_n2                              2.49533e-08
vdd_drv                                      6
anon18                             3.67076e-09
anon19                             1.00619e-08
anon20                             1.72153e-08
outcap                             6.85495e-08
vimeas#branch                       3.8497e-05
vin#branch                        -3.84012e-08
vgnd_logic#branch                  6.34984e-05
vsup_drv#branch                   -6.31159e-05
vsup_logic#branch                 -3.82493e-07

 Reference value :  7.07114e-08
 Reference value :  2.45811e-07
 Reference value :  4.03022e-07
 Reference value :  5.88922e-07
No. of Data Rows : 7195
trise10_90          =  6.06555e-09 targ=  2.90407e-08 trig=  2.29752e-08
tfall10_90          =  5.05957e-09 targ=  3.28698e-07 trig=  3.23638e-07
tpdlh               =  4.76638e-09 targ=  2.52664e-08 trig=  2.05000e-08
tpdhl               =  4.26829e-09 targ=  3.25768e-07 trig=  3.21500e-07
m_trise_s = 6.0655450000e-09
m_tfall_s = 5.0595660000e-09
m_tpdlh_s = 4.7663750000e-09
m_tpdhl_s = 4.2682930000e-09
m_ipeak_source_a = 1.0941561370e+00
m_ipeak_sink_a = 1.1589747157e+00
m_vout_max_v = 6.0037166781e+00
m_vout_min_v = -2.967567540e-03
m_vin_max_v = 3.3000000000e+00
m_vin_min_v = 0.0000000000e+00
m_indrv_max_v = 6.0002425146e+00
m_indrv_min_v = -4.708830993e-04
m_n1_max_v = 6.0741267363e+00
m_n1_min_v = -4.234950348e-02
m_n2_max_v = 6.0643004727e+00
m_n2_min_v = -4.304052522e-02
m_n3_max_v = 6.0459639847e+00
m_n3_min_v = -2.888526898e-02
m_n4_max_v = 6.0426317616e+00
m_n4_min_v = -2.815092818e-02
m_n5_max_v = 6.0430744094e+00
m_n5_min_v = -2.806822103e-02
Note: Simulation executed from .control section 

Note: vimeas: has no value, DC 0 assumed
Warning: singular matrix:  check node anon20

Note: Starting dynamic gmin stepping
Warning: singular matrix:  check node anon18

Warning: Dynamic gmin stepping failed
Note: Starting true gmin stepping
Warning: singular matrix:  check node anon18

Warning: singular matrix:  check node anon18

Warning: singular matrix:  check node anon18

Warning: singular matrix:  check node anon18

Warning: True gmin stepping failed
Note: Starting source stepping
Warning: source stepping failed
Note: Transient op started
Note: Transient op finished successfully
