
Note: No compatibility mode selected!


Circuit: * gate-driver-core-drive-postlayout @ fs_125c_vlogic2p97v-vdrv4p50v -- generated by sim/harness, do not edit

Doing analysis at TEMP = 125.000000 and TNOM = 27.000000

Using SPARSE 1.3 as Direct Linear Solver

Initial Transient Solution
--------------------------

Node                                   Voltage
----                                   -------
x1_inb                                    2.97
in                                           0
gnd_logic                                    0
x1_na                                  2.16821
x1_nb                              1.65558e-08
gnd_drv                            4.72434e-08
x2_n3                                      4.5
x2_n4                              2.24932e-08
x2_n5                                      4.5
out                                 5.1355e-08
in_drv                             2.73048e-08
x1_nbuf1                                   4.5
x1_ncb                             2.64661e-08
x1_nca                                 4.49995
vdd_logic                                 2.97
x2_n1                                      4.5
x2_n2                               1.8957e-08
vdd_drv                                    4.5
anon18                             2.56512e-08
anon19                             2.55623e-08
anon20                              2.6135e-08
outcap                              5.1355e-08
vimeas#branch                      2.93625e-05
vin#branch                        -2.82806e-08
vgnd_logic#branch                  4.70931e-05
vsup_drv#branch                   -4.67888e-05
vsup_logic#branch                 -3.04314e-07

 Reference value :  8.24479e-08
 Reference value :  2.60448e-07
 Reference value :  4.14016e-07
 Reference value :  5.93016e-07
No. of Data Rows : 7176
trise10_90          =  7.70817e-09 targ=  3.13273e-08 trig=  2.36191e-08
tfall10_90          =  5.59383e-09 targ=  3.29619e-07 trig=  3.24025e-07
tpdlh               =  6.05153e-09 targ=  2.65515e-08 trig=  2.05000e-08
tpdhl               =  4.87173e-09 targ=  3.26372e-07 trig=  3.21500e-07
m_trise_s = 7.7081690000e-09
m_tfall_s = 5.5938280000e-09
m_tpdlh_s = 6.0515270000e-09
m_tpdhl_s = 4.8717290000e-09
m_ipeak_source_a = 6.4441230951e-01
m_ipeak_sink_a = 7.8936238841e-01
m_vout_max_v = 4.5036070583e+00
m_vout_min_v = -2.900563555e-03
m_vin_max_v = 2.9700000000e+00
m_vin_min_v = 0.0000000000e+00
m_indrv_max_v = 4.5003578943e+00
m_indrv_min_v = -4.163548708e-03
m_n1_max_v = 4.5717508958e+00
m_n1_min_v = -4.271794116e-02
m_n2_max_v = 4.5578240606e+00
m_n2_min_v = -3.850175415e-02
m_n3_max_v = 4.5452793077e+00
m_n3_min_v = -2.657471987e-02
m_n4_max_v = 4.5440478539e+00
m_n4_min_v = -2.679738035e-02
m_n5_max_v = 4.5454232658e+00
m_n5_min_v = -2.689509993e-02
Note: Simulation executed from .control section 

Note: vimeas: has no value, DC 0 assumed
Warning: singular matrix:  check node anon20

Note: Starting dynamic gmin stepping
Warning: singular matrix:  check node anon20

Warning: Dynamic gmin stepping failed
Note: Starting true gmin stepping
Warning: singular matrix:  check node anon20

Warning: singular matrix:  check node anon20

Warning: singular matrix:  check node anon20

Warning: singular matrix:  check node anon20

Warning: True gmin stepping failed
Note: Starting source stepping
Warning: source stepping failed
Note: Transient op started
Note: Transient op finished successfully
