
Note: No compatibility mode selected!


Circuit: * gate-driver-core-drive-postlayout @ fs_27c_vlogic3p30v-vdrv6p00v -- generated by sim/harness, do not edit

Doing analysis at TEMP = 27.000000 and TNOM = 27.000000

Using SPARSE 1.3 as Direct Linear Solver

Initial Transient Solution
--------------------------

Node                                   Voltage
----                                   -------
x1_inb                                     3.3
in                                           0
gnd_logic                                    0
x1_na                                  2.46762
x1_nb                             -5.39719e-07
gnd_drv                            -6.9314e-08
x2_n3                                        6
x2_n4                             -2.40974e-08
x2_n5                                        6
out                               -6.59615e-08
in_drv                              6.7181e-08
x1_nbuf1                                     6
x1_ncb                             2.65453e-07
x1_nca                                       6
vdd_logic                                  3.3
x2_n1                                        6
x2_n2                             -2.03474e-08
vdd_drv                                      6
anon18                             2.15025e-07
anon19                              1.6521e-07
anon20                             1.15949e-07
outcap                            -6.59615e-08
vimeas#branch                     -4.13618e-05
vin#branch                         4.92219e-08
vgnd_logic#branch                 -6.90555e-05
vsup_drv#branch                    6.87576e-05
vsup_logic#branch                  2.97878e-07

 Reference value :  7.31585e-08
 Reference value :  2.53858e-07
 Reference value :  3.97026e-07
 Reference value :  5.75926e-07
No. of Data Rows : 7211
trise10_90          =  5.02433e-09 targ=  2.75816e-08 trig=  2.25572e-08
tfall10_90          =  4.04507e-09 targ=  3.27351e-07 trig=  3.23306e-07
tpdlh               =  4.02048e-09 targ=  2.45205e-08 trig=  2.05000e-08
tpdhl               =  3.58195e-09 targ=  3.25082e-07 trig=  3.21500e-07
m_trise_s = 5.0243310000e-09
m_tfall_s = 4.0450710000e-09
m_tpdlh_s = 4.0204760000e-09
m_tpdhl_s = 3.5819540000e-09
m_ipeak_source_a = 1.2746077210e+00
m_ipeak_sink_a = 1.3841820824e+00
m_vout_max_v = 6.0042328272e+00
m_vout_min_v = -3.216161767e-03
m_vin_max_v = 3.3000000000e+00
m_vin_min_v = 0.0000000000e+00
m_indrv_max_v = 6.0000735038e+00
m_indrv_min_v = -3.880227792e-04
m_n1_max_v = 6.0855792468e+00
m_n1_min_v = -4.451712129e-02
m_n2_max_v = 6.0669598164e+00
m_n2_min_v = -4.379675733e-02
m_n3_max_v = 6.0506857315e+00
m_n3_min_v = -2.928259105e-02
m_n4_max_v = 6.0471207478e+00
m_n4_min_v = -2.901778570e-02
m_n5_max_v = 6.0481422442e+00
m_n5_min_v = -2.900670045e-02
Note: Simulation executed from .control section 

Note: vimeas: has no value, DC 0 assumed
Warning: singular matrix:  check node anon18

Note: Starting dynamic gmin stepping
Warning: singular matrix:  check node anon18

Warning: Dynamic gmin stepping failed
Note: Starting true gmin stepping
Warning: singular matrix:  check node anon18

Warning: singular matrix:  check node anon18

Warning: singular matrix:  check node anon18

Warning: singular matrix:  check node anon18

Warning: True gmin stepping failed
Note: Starting source stepping
Warning: source stepping failed
Note: Transient op started
Note: Transient op finished successfully
