
Note: No compatibility mode selected!


Circuit: * gate-driver-core-drive-postlayout @ fs_27c_vlogic3p30v-vdrv5p00v -- generated by sim/harness, do not edit

Doing analysis at TEMP = 27.000000 and TNOM = 27.000000

Using SPARSE 1.3 as Direct Linear Solver

Initial Transient Solution
--------------------------

Node                                   Voltage
----                                   -------
x1_inb                                     3.3
in                                           0
gnd_logic                                    0
x1_na                                  2.45155
x1_nb                             -4.00713e-07
gnd_drv                           -5.78786e-08
x2_n3                                        5
x2_n4                             -1.98807e-08
x2_n5                                        5
out                               -5.48881e-08
in_drv                             5.44663e-08
x1_nbuf1                                     5
x1_ncb                             1.95265e-07
x1_nca                                       5
vdd_logic                                  3.3
x2_n1                                        5
x2_n2                             -1.68113e-08
vdd_drv                                      5
anon18                             1.59283e-07
anon19                              1.2386e-07
anon20                             8.89393e-08
outcap                            -5.48881e-08
vimeas#branch                     -3.50999e-05
vin#branch                          4.2027e-08
vgnd_logic#branch                 -5.76633e-05
vsup_drv#branch                     5.7414e-05
vsup_logic#branch                  2.49293e-07

 Reference value :  7.94980e-08
 Reference value :  2.57398e-07
 Reference value :  4.06579e-07
 Reference value :  5.84079e-07
No. of Data Rows : 7205
trise10_90          =  5.72579e-09 targ=  2.85896e-08 trig=  2.28638e-08
tfall10_90          =  4.29712e-09 targ=  3.27764e-07 trig=  3.23467e-07
tpdlh               =  4.60933e-09 targ=  2.51093e-08 trig=  2.05000e-08
tpdhl               =  3.84891e-09 targ=  3.25349e-07 trig=  3.21500e-07
m_trise_s = 5.7257870000e-09
m_tfall_s = 4.2971150000e-09
m_tpdlh_s = 4.6093280000e-09
m_tpdhl_s = 3.8489100000e-09
m_ipeak_source_a = 9.2631127023e-01
m_ipeak_sink_a = 1.0887706558e+00
m_vout_max_v = 5.0041867356e+00
m_vout_min_v = -3.215273283e-03
m_vin_max_v = 3.3000000000e+00
m_vin_min_v = 0.0000000000e+00
m_indrv_max_v = 5.0000715186e+00
m_indrv_min_v = -4.018280353e-03
m_n1_max_v = 5.0800459840e+00
m_n1_min_v = -4.623990541e-02
m_n2_max_v = 5.0634834920e+00
m_n2_min_v = -4.097267897e-02
m_n3_max_v = 5.0505016984e+00
m_n3_min_v = -2.869949355e-02
m_n4_max_v = 5.0477574641e+00
m_n4_min_v = -2.864427476e-02
m_n5_max_v = 5.0499362292e+00
m_n5_min_v = -2.908040095e-02
Note: Simulation executed from .control section 

Note: vimeas: has no value, DC 0 assumed
Warning: singular matrix:  check node anon18

Note: Starting dynamic gmin stepping
Warning: singular matrix:  check node anon18

Warning: Dynamic gmin stepping failed
Note: Starting true gmin stepping
Warning: singular matrix:  check node anon18

Warning: singular matrix:  check node anon18

Warning: singular matrix:  check node anon18

Warning: singular matrix:  check node anon18

Warning: True gmin stepping failed
Note: Starting source stepping
Warning: source stepping failed
Note: Transient op started
Note: Transient op finished successfully
