
Note: No compatibility mode selected!


Circuit: * gate-driver-core-drive-postlayout @ fs_27c_vlogic3p63v-vdrv5p50v -- generated by sim/harness, do not edit

Doing analysis at TEMP = 27.000000 and TNOM = 27.000000

Using SPARSE 1.3 as Direct Linear Solver

Initial Transient Solution
--------------------------

Node                                   Voltage
----                                   -------
x1_inb                                    3.63
in                                           0
gnd_logic                                    0
x1_na                                  2.73534
x1_nb                             -4.95638e-07
gnd_drv                           -6.37658e-08
x2_n3                                      5.5
x2_n4                             -2.20597e-08
x2_n5                                      5.5
out                               -6.06021e-08
in_drv                             6.58176e-08
x1_nbuf1                                   5.5
x1_ncb                              2.5078e-07
x1_nca                                     5.5
vdd_logic                                 3.63
x2_n1                                      5.5
x2_n2                             -1.86112e-08
vdd_drv                                    5.5
anon18                             2.03716e-07
anon19                              1.5724e-07
anon20                             1.11294e-07
outcap                            -6.06021e-08
vimeas#branch                      -3.8337e-05
vin#branch                         4.65522e-08
vgnd_logic#branch                 -6.35302e-05
vsup_drv#branch                    6.32628e-05
vsup_logic#branch                  2.67398e-07

 Reference value :  7.84582e-08
 Reference value :  2.56258e-07
 Reference value :  4.09161e-07
 Reference value :  5.69761e-07
No. of Data Rows : 7209
trise10_90          =  5.33408e-09 targ=  2.80526e-08 trig=  2.27185e-08
tfall10_90          =  4.15204e-09 targ=  3.27505e-07 trig=  3.23353e-07
tpdlh               =  4.30586e-09 targ=  2.48059e-08 trig=  2.05000e-08
tpdhl               =  3.67390e-09 targ=  3.25174e-07 trig=  3.21500e-07
m_trise_s = 5.3340790000e-09
m_tfall_s = 4.1520400000e-09
m_tpdlh_s = 4.3058580000e-09
m_tpdhl_s = 3.6738980000e-09
m_ipeak_source_a = 1.0953988139e+00
m_ipeak_sink_a = 1.2287004400e+00
m_vout_max_v = 5.5042404946e+00
m_vout_min_v = -3.229883760e-03
m_vin_max_v = 3.6300000000e+00
m_vin_min_v = 0.0000000000e+00
m_indrv_max_v = 5.5000738622e+00
m_indrv_min_v = -3.995532203e-03
m_n1_max_v = 5.5848313116e+00
m_n1_min_v = -4.590096978e-02
m_n2_max_v = 5.5652216798e+00
m_n2_min_v = -4.239916583e-02
m_n3_max_v = 5.5513630578e+00
m_n3_min_v = -2.906102032e-02
m_n4_max_v = 5.5484670433e+00
m_n4_min_v = -2.887375944e-02
m_n5_max_v = 5.5496539155e+00
m_n5_min_v = -2.929448393e-02
Note: Simulation executed from .control section 

Note: vimeas: has no value, DC 0 assumed
Warning: singular matrix:  check node anon18

Note: Starting dynamic gmin stepping
Warning: singular matrix:  check node anon18

Warning: Dynamic gmin stepping failed
Note: Starting true gmin stepping
Warning: singular matrix:  check node anon18

Warning: singular matrix:  check node anon18

Warning: singular matrix:  check node anon18

Warning: singular matrix:  check node anon18

Warning: True gmin stepping failed
Note: Starting source stepping
Warning: source stepping failed
Note: Transient op started
Note: Transient op finished successfully
