
Note: No compatibility mode selected!


Circuit: * gate-driver-core-drive-postlayout @ sf_-40c_vlogic2p97v-vdrv4p50v -- generated by sim/harness, do not edit

Doing analysis at TEMP = -40.000000 and TNOM = 27.000000

Using SPARSE 1.3 as Direct Linear Solver

Initial Transient Solution
--------------------------

Node                                   Voltage
----                                   -------
x1_inb                                    2.97
in                                           0
gnd_logic                                    0
x1_na                                  1.89667
x1_nb                             -4.46096e-07
gnd_drv                           -5.04783e-08
x2_n3                                      4.5
x2_n4                             -1.86399e-08
x2_n5                                      4.5
out                               -4.78149e-08
in_drv                             8.71487e-09
x1_nbuf1                                   4.5
x1_ncb                             1.90355e-07
x1_nca                                     4.5
vdd_logic                                 2.97
x2_n1                                      4.5
x2_n2                             -1.63148e-08
vdd_drv                                    4.5
anon18                             1.44257e-07
anon19                             9.86531e-08
anon20                             5.34898e-08
outcap                            -4.78149e-08
vimeas#branch                     -3.04293e-05
vin#branch                          3.5797e-08
vgnd_logic#branch                 -5.03023e-05
vsup_drv#branch                    5.00487e-05
vsup_logic#branch                  2.53589e-07

 Reference value :  7.16065e-08
 Reference value :  2.49107e-07
 Reference value :  4.04840e-07
 Reference value :  5.83940e-07
No. of Data Rows : 7207
trise10_90          =  4.03772e-09 targ=  2.66329e-08 trig=  2.25952e-08
tfall10_90          =  5.03694e-09 targ=  3.28436e-07 trig=  3.23399e-07
tpdlh               =  3.72086e-09 targ=  2.42209e-08 trig=  2.05000e-08
tpdhl               =  4.22430e-09 targ=  3.25724e-07 trig=  3.21500e-07
m_trise_s = 4.0377160000e-09
m_tfall_s = 5.0369380000e-09
m_tpdlh_s = 3.7208590000e-09
m_tpdhl_s = 4.2243040000e-09
m_ipeak_source_a = 1.1465815622e+00
m_ipeak_sink_a = 7.8943550577e-01
m_vout_max_v = 4.5055195772e+00
m_vout_min_v = -2.795272002e-03
m_vin_max_v = 2.9700000000e+00
m_vin_min_v = 0.0000000000e+00
m_indrv_max_v = 4.5288846327e+00
m_indrv_min_v = -1.064749510e-02
m_n1_max_v = 4.6035494295e+00
m_n1_min_v = -4.630621223e-02
m_n2_max_v = 4.5734633914e+00
m_n2_min_v = -3.482356977e-02
m_n3_max_v = 4.5535684934e+00
m_n3_min_v = -2.804518111e-02
m_n4_max_v = 4.5529147732e+00
m_n4_min_v = -2.840892906e-02
m_n5_max_v = 4.5542196643e+00
m_n5_min_v = -2.851500466e-02
Note: Simulation executed from .control section 

Note: vimeas: has no value, DC 0 assumed
Warning: singular matrix:  check node anon18

Note: Starting dynamic gmin stepping
Warning: singular matrix:  check node anon18

Warning: Dynamic gmin stepping failed
Note: Starting true gmin stepping
Warning: singular matrix:  check node anon18

Warning: singular matrix:  check node anon18

Warning: singular matrix:  check node anon18

Warning: singular matrix:  check node anon18

Warning: True gmin stepping failed
Note: Starting source stepping
Warning: source stepping failed
Note: Transient op started
Note: Transient op finished successfully
