
Note: No compatibility mode selected!


Circuit: * gate-driver-core-drive-postlayout @ sf_-40c_vlogic3p30v-vdrv6p00v -- generated by sim/harness, do not edit

Doing analysis at TEMP = -40.000000 and TNOM = 27.000000

Using SPARSE 1.3 as Direct Linear Solver

Initial Transient Solution
--------------------------

Node                                   Voltage
----                                   -------
x1_inb                                     3.3
in                                           0
gnd_logic                                    0
x1_na                                  2.18596
x1_nb                              7.25721e-07
gnd_drv                            6.84021e-08
x2_n3                                        6
x2_n4                              3.13567e-08
x2_n5                                        6
out                                7.10771e-08
in_drv                             5.86717e-08
x1_nbuf1                                     6
x1_ncb                            -3.03311e-07
x1_nca                                       6
vdd_logic                                  3.3
x2_n1                                        6
x2_n2                              2.68346e-08
vdd_drv                                      6
anon18                            -2.13597e-07
anon19                            -1.23321e-07
anon20                            -3.25438e-08
outcap                             7.10771e-08
vimeas#branch                      4.00767e-05
vin#branch                        -4.91334e-08
vgnd_logic#branch                  6.81603e-05
vsup_drv#branch                   -6.78399e-05
vsup_logic#branch                 -3.20462e-07

 Reference value :  7.93295e-08
 Reference value :  2.59829e-07
 Reference value :  3.92168e-07
 Reference value :  5.75768e-07
No. of Data Rows : 7232
trise10_90          =  3.41952e-09 targ=  2.56806e-08 trig=  2.22610e-08
tfall10_90          =  4.39716e-09 targ=  3.27539e-07 trig=  3.23142e-07
tpdlh               =  3.13732e-09 targ=  2.36373e-08 trig=  2.05000e-08
tpdhl               =  3.68325e-09 targ=  3.25183e-07 trig=  3.21500e-07
m_trise_s = 3.4195190000e-09
m_tfall_s = 4.3971600000e-09
m_tpdlh_s = 3.1373190000e-09
m_tpdhl_s = 3.6832480000e-09
m_ipeak_source_a = 1.7963468371e+00
m_ipeak_sink_a = 1.1998529590e+00
m_vout_max_v = 6.0055917967e+00
m_vout_min_v = -2.815263964e-03
m_vin_max_v = 3.3000000000e+00
m_vin_min_v = 0.0000000000e+00
m_indrv_max_v = 6.0005560950e+00
m_indrv_min_v = -2.930857977e-04
m_n1_max_v = 6.1066910671e+00
m_n1_min_v = -4.329085678e-02
m_n2_max_v = 6.0808083185e+00
m_n2_min_v = -3.848341827e-02
m_n3_max_v = 6.0527958903e+00
m_n3_min_v = -2.919018251e-02
m_n4_max_v = 6.0504773750e+00
m_n4_min_v = -2.857270481e-02
m_n5_max_v = 6.0523340955e+00
m_n5_min_v = -2.866478955e-02
Note: Simulation executed from .control section 

Note: vimeas: has no value, DC 0 assumed
Warning: singular matrix:  check node anon18

Note: Starting dynamic gmin stepping
Warning: singular matrix:  check node anon19

Warning: Dynamic gmin stepping failed
Note: Starting true gmin stepping
Warning: singular matrix:  check node anon19

Warning: singular matrix:  check node anon19

Warning: singular matrix:  check node anon19

Warning: singular matrix:  check node anon19

Warning: True gmin stepping failed
Note: Starting source stepping
Warning: source stepping failed
Note: Transient op started
Note: Transient op finished successfully
