
Note: No compatibility mode selected!


Circuit: * gate-driver-core-drive-postlayout @ sf_-40c_vlogic3p30v-vdrv5p00v -- generated by sim/harness, do not edit

Doing analysis at TEMP = -40.000000 and TNOM = 27.000000

Using SPARSE 1.3 as Direct Linear Solver

Initial Transient Solution
--------------------------

Node                                   Voltage
----                                   -------
x1_inb                                     3.3
in                                           0
gnd_logic                                    0
x1_na                                  2.17496
x1_nb                             -5.52315e-07
gnd_drv                           -5.66539e-08
x2_n3                                        5
x2_n4                              -2.1173e-08
x2_n5                                        5
out                               -5.38761e-08
in_drv                            -1.89798e-08
x1_nbuf1                                     5
x1_ncb                             2.37402e-07
x1_nca                                       5
vdd_logic                                  3.3
x2_n1                                        5
x2_n2                              -1.8737e-08
vdd_drv                                      5
anon18                             1.72591e-07
anon19                             1.08294e-07
anon20                             4.44556e-08
outcap                            -5.38761e-08
vimeas#branch                     -3.37787e-05
vin#branch                         4.16207e-08
vgnd_logic#branch                 -5.64538e-05
vsup_drv#branch                    5.61862e-05
vsup_logic#branch                  2.67572e-07

 Reference value :  7.84700e-08
 Reference value :  2.56170e-07
 Reference value :  4.04630e-07
 Reference value :  5.77130e-07
No. of Data Rows : 7217
trise10_90          =  3.77720e-09 targ=  2.62460e-08 trig=  2.24688e-08
tfall10_90          =  4.75922e-09 targ=  3.28031e-07 trig=  3.23272e-07
tpdlh               =  3.48878e-09 targ=  2.39888e-08 trig=  2.05000e-08
tpdhl               =  3.97511e-09 targ=  3.25475e-07 trig=  3.21500e-07
m_trise_s = 3.7772040000e-09
m_tfall_s = 4.7592180000e-09
m_tpdlh_s = 3.4887810000e-09
m_tpdhl_s = 3.9751070000e-09
m_ipeak_source_a = 1.3623625605e+00
m_ipeak_sink_a = 9.1871976690e-01
m_vout_max_v = 5.0055591783e+00
m_vout_min_v = -2.782538466e-03
m_vin_max_v = 3.3000000000e+00
m_vin_min_v = 0.0000000000e+00
m_indrv_max_v = 5.0164913611e+00
m_indrv_min_v = -6.930625621e-03
m_n1_max_v = 5.1042357014e+00
m_n1_min_v = -4.622711615e-02
m_n2_max_v = 5.0762334564e+00
m_n2_min_v = -3.643538681e-02
m_n3_max_v = 5.0537198473e+00
m_n3_min_v = -2.884386489e-02
m_n4_max_v = 5.0526702136e+00
m_n4_min_v = -2.861406452e-02
m_n5_max_v = 5.0539340857e+00
m_n5_min_v = -2.895606121e-02
Note: Simulation executed from .control section 

Note: vimeas: has no value, DC 0 assumed
Warning: singular matrix:  check node anon18

Note: Starting dynamic gmin stepping
Warning: singular matrix:  check node anon18

Warning: Dynamic gmin stepping failed
Note: Starting true gmin stepping
Warning: singular matrix:  check node anon18

Warning: singular matrix:  check node anon18

Warning: singular matrix:  check node anon18

Warning: singular matrix:  check node anon18

Warning: True gmin stepping failed
Note: Starting source stepping
Warning: source stepping failed
Note: Transient op started
Note: Transient op finished successfully
