
Note: No compatibility mode selected!


Circuit: * gate-driver-core-drive-postlayout @ sf_-40c_vlogic3p63v-vdrv5p50v -- generated by sim/harness, do not edit

Doing analysis at TEMP = -40.000000 and TNOM = 27.000000

Using SPARSE 1.3 as Direct Linear Solver

Initial Transient Solution
--------------------------

Node                                   Voltage
----                                   -------
x1_inb                                    3.63
in                                           0
gnd_logic                                    0
x1_na                                  2.45709
x1_nb                              -6.1561e-07
gnd_drv                           -6.28888e-08
x2_n3                                      5.5
x2_n4                             -2.37139e-08
x2_n5                                      5.5
out                               -5.99796e-08
in_drv                            -4.34038e-08
x1_nbuf1                                   5.5
x1_ncb                             2.67426e-07
x1_nca                                     5.5
vdd_logic                                 3.63
x2_n1                                      5.5
x2_n2                             -2.11369e-08
vdd_drv                                    5.5
anon18                             1.88971e-07
anon19                             1.11054e-07
anon20                             3.36149e-08
outcap                            -5.99796e-08
vimeas#branch                      -3.7098e-05
vin#branch                         4.90221e-08
vgnd_logic#branch                 -6.26588e-05
vsup_drv#branch                    6.23906e-05
vsup_logic#branch                  2.68149e-07

 Reference value :  7.66752e-08
 Reference value :  2.16775e-07
 Reference value :  3.53284e-07
 Reference value :  5.31684e-07
No. of Data Rows : 7228
trise10_90          =  3.57740e-09 targ=  2.59516e-08 trig=  2.23742e-08
tfall10_90          =  4.55418e-09 targ=  3.27727e-07 trig=  3.23173e-07
tpdlh               =  3.31378e-09 targ=  2.38138e-08 trig=  2.05000e-08
tpdhl               =  3.78508e-09 targ=  3.25285e-07 trig=  3.21500e-07
m_trise_s = 3.5774040000e-09
m_tfall_s = 4.5541850000e-09
m_tpdlh_s = 3.3137810000e-09
m_tpdhl_s = 3.7850840000e-09
m_ipeak_source_a = 1.5739504494e+00
m_ipeak_sink_a = 1.0659719270e+00
m_vout_max_v = 5.5056777559e+00
m_vout_min_v = -2.834975639e-03
m_vin_max_v = 3.6300000000e+00
m_vin_min_v = 0.0000000000e+00
m_indrv_max_v = 5.5028707597e+00
m_indrv_min_v = -2.669071533e-03
m_n1_max_v = 5.6053704211e+00
m_n1_min_v = -4.545268453e-02
m_n2_max_v = 5.5790825510e+00
m_n2_min_v = -3.748725998e-02
m_n3_max_v = 5.5537776009e+00
m_n3_min_v = -2.899770780e-02
m_n4_max_v = 5.5522517997e+00
m_n4_min_v = -2.874511601e-02
m_n5_max_v = 5.5534077927e+00
m_n5_min_v = -2.899465548e-02
Note: Simulation executed from .control section 

Note: vimeas: has no value, DC 0 assumed
Warning: singular matrix:  check node anon18

Note: Starting dynamic gmin stepping
Warning: singular matrix:  check node anon19

Warning: Dynamic gmin stepping failed
Note: Starting true gmin stepping
Warning: singular matrix:  check node anon19

Warning: singular matrix:  check node anon19

Warning: singular matrix:  check node anon19

Warning: singular matrix:  check node anon19

Warning: True gmin stepping failed
Note: Starting source stepping
Warning: source stepping failed
Note: Transient op started
Note: Transient op finished successfully
