
Note: No compatibility mode selected!


Circuit: * gate-driver-core-drive-postlayout @ sf_125c_vlogic3p63v-vdrv5p50v -- generated by sim/harness, do not edit

Doing analysis at TEMP = 125.000000 and TNOM = 27.000000

Using SPARSE 1.3 as Direct Linear Solver

Initial Transient Solution
--------------------------

Node                                   Voltage
----                                   -------
x1_inb                                    3.63
in                                           0
gnd_logic                                    0
x1_na                                  2.65334
x1_nb                             -1.25363e-08
gnd_drv                            5.65297e-08
x2_n3                                      5.5
x2_n4                               4.4405e-08
x2_n5                                      5.5
out                                7.83562e-08
in_drv                             5.60864e-08
x1_nbuf1                                   5.5
x1_ncb                             5.60277e-08
x1_nca                                     5.5
vdd_logic                                 3.63
x2_n1                                      5.5
x2_n2                              4.06054e-08
vdd_drv                                    5.5
anon18                             5.46853e-08
anon19                             5.43034e-08
anon20                             5.47983e-08
outcap                             7.83562e-08
vimeas#branch                      3.40367e-05
vin#branch                         -3.4329e-08
vgnd_logic#branch                  5.63405e-05
vsup_drv#branch                   -5.59769e-05
vsup_logic#branch                 -3.63671e-07

 Reference value :  1.76874e-07
 Reference value :  4.45205e-07
No. of Data Rows : 7190
trise10_90          =  5.10763e-09 targ=  2.81655e-08 trig=  2.30579e-08
tfall10_90          =  6.42917e-09 targ=  3.30172e-07 trig=  3.23743e-07
tpdlh               =  4.46387e-09 targ=  2.49639e-08 trig=  2.05000e-08
tpdhl               =  4.98538e-09 targ=  3.26485e-07 trig=  3.21500e-07
m_trise_s = 5.1076260000e-09
m_tfall_s = 6.4291690000e-09
m_tpdlh_s = 4.4638720000e-09
m_tpdhl_s = 4.9853820000e-09
m_ipeak_source_a = 1.2074171097e+00
m_ipeak_sink_a = 8.2463090121e-01
m_vout_max_v = 5.5049893492e+00
m_vout_min_v = -2.330613822e-03
m_vin_max_v = 3.6300000000e+00
m_vin_min_v = 0.0000000000e+00
m_indrv_max_v = 5.5016155051e+00
m_indrv_min_v = -6.040161890e-04
m_n1_max_v = 5.5965697115e+00
m_n1_min_v = -3.976942721e-02
m_n2_max_v = 5.5789171331e+00
m_n2_min_v = -3.696747825e-02
m_n3_max_v = 5.5524131969e+00
m_n3_min_v = -2.807960318e-02
m_n4_max_v = 5.5494127432e+00
m_n4_min_v = -2.696288859e-02
m_n5_max_v = 5.5508772092e+00
m_n5_min_v = -2.682175994e-02
Note: Simulation executed from .control section 

Note: vimeas: has no value, DC 0 assumed
Warning: singular matrix:  check node anon20

Note: Starting dynamic gmin stepping
Warning: singular matrix:  check node anon19

Warning: Dynamic gmin stepping failed
Note: Starting true gmin stepping
Warning: singular matrix:  check node anon19

Warning: singular matrix:  check node anon19

Warning: singular matrix:  check node anon19

Warning: singular matrix:  check node anon19

Warning: True gmin stepping failed
Note: Starting source stepping
Warning: source stepping failed
Note: Transient op started
Note: Transient op finished successfully
