
Note: No compatibility mode selected!


Circuit: * gate-driver-core-drive-postlayout @ sf_125c_vlogic2p97v-vdrv4p50v -- generated by sim/harness, do not edit

Doing analysis at TEMP = 125.000000 and TNOM = 27.000000

Using SPARSE 1.3 as Direct Linear Solver

Initial Transient Solution
--------------------------

Node                                   Voltage
----                                   -------
x1_inb                                    2.97
in                                           0
gnd_logic                                    0
x1_na                                  2.11155
x1_nb                             -7.70629e-08
gnd_drv                            4.48657e-08
x2_n3                                      4.5
x2_n4                              3.75479e-08
x2_n5                                      4.5
out                                6.47104e-08
in_drv                             5.68718e-08
x1_nbuf1                                   4.5
x1_ncb                             7.97152e-08
x1_nca                                     4.5
vdd_logic                                 2.97
x2_n1                                      4.5
x2_n2                              3.46105e-08
vdd_drv                                    4.5
anon18                             7.27412e-08
anon19                             6.66619e-08
anon20                             6.13984e-08
outcap                             6.47104e-08
vimeas#branch                       2.7753e-05
vin#branch                         -2.7145e-08
vgnd_logic#branch                  4.47074e-05
vsup_drv#branch                   -4.44045e-05
vsup_logic#branch                 -3.02994e-07

 Reference value :  8.18583e-08
 Reference value :  3.21672e-07
 Reference value :  5.87298e-07
No. of Data Rows : 7175
trise10_90          =  5.93561e-09 targ=  2.93616e-08 trig=  2.34260e-08
tfall10_90          =  7.11214e-09 targ=  3.31185e-07 trig=  3.24073e-07
tpdlh               =  5.14385e-09 targ=  2.56439e-08 trig=  2.05000e-08
tpdhl               =  5.59986e-09 targ=  3.27100e-07 trig=  3.21500e-07
m_trise_s = 5.9356080000e-09
m_tfall_s = 7.1121400000e-09
m_tpdlh_s = 5.1438500000e-09
m_tpdhl_s = 5.5998620000e-09
m_ipeak_source_a = 8.4903049810e-01
m_ipeak_sink_a = 6.1275517889e-01
m_vout_max_v = 4.5047461439e+00
m_vout_min_v = -2.279376527e-03
m_vin_max_v = 2.9700000000e+00
m_vin_min_v = 0.0000000000e+00
m_indrv_max_v = 4.5007178832e+00
m_indrv_min_v = -2.202518740e-03
m_n1_max_v = 4.5920209679e+00
m_n1_min_v = -3.995639274e-02
m_n2_max_v = 4.5720210166e+00
m_n2_min_v = -3.425661564e-02
m_n3_max_v = 4.5515946334e+00
m_n3_min_v = -2.678894313e-02
m_n4_max_v = 4.5504125657e+00
m_n4_min_v = -2.607982462e-02
m_n5_max_v = 4.5518315136e+00
m_n5_min_v = -2.629002222e-02
Note: Simulation executed from .control section 

Note: vimeas: has no value, DC 0 assumed
Warning: singular matrix:  check node anon20

Note: Starting dynamic gmin stepping
Warning: singular matrix:  check node anon19

Warning: Dynamic gmin stepping failed
Note: Starting true gmin stepping
Warning: singular matrix:  check node anon19

Warning: singular matrix:  check node anon19

Warning: singular matrix:  check node anon19

Warning: singular matrix:  check node anon19

Warning: True gmin stepping failed
Note: Starting source stepping
Warning: source stepping failed
Note: Transient op started
Note: Transient op finished successfully
