
Note: No compatibility mode selected!


Circuit: * gate-driver-core-drive-postlayout @ sf_125c_vlogic3p30v-vdrv5p00v -- generated by sim/harness, do not edit

Doing analysis at TEMP = 125.000000 and TNOM = 27.000000

Using SPARSE 1.3 as Direct Linear Solver

Initial Transient Solution
--------------------------

Node                                   Voltage
----                                   -------
x1_inb                                     3.3
in                                           0
gnd_logic                                    0
x1_na                                  2.38092
x1_nb                             -5.05945e-08
gnd_drv                            5.07598e-08
x2_n3                                        5
x2_n4                              4.08061e-08
x2_n5                                        5
out                                7.13891e-08
in_drv                             5.55446e-08
x1_nbuf1                                     5
x1_ncb                             6.87786e-08
x1_nca                                       5
vdd_logic                                  3.3
x2_n1                                        5
x2_n2                              3.74182e-08
vdd_drv                                      5
anon18                             6.41633e-08
anon19                             6.04734e-08
anon20                             5.76276e-08
outcap                             7.13891e-08
vimeas#branch                      3.09425e-05
vin#branch                         -3.1426e-08
vgnd_logic#branch                  5.05834e-05
vsup_drv#branch                   -5.02547e-05
vsup_logic#branch                 -3.28681e-07

 Reference value :  1.09083e-07
 Reference value :  3.70542e-07
 Reference value :  6.56042e-07
No. of Data Rows : 7182
trise10_90          =  5.47549e-09 targ=  2.86936e-08 trig=  2.32181e-08
tfall10_90          =  6.71906e-09 targ=  3.30606e-07 trig=  3.23887e-07
tpdlh               =  4.76192e-09 targ=  2.52619e-08 trig=  2.05000e-08
tpdhl               =  5.25058e-09 targ=  3.26751e-07 trig=  3.21500e-07
m_trise_s = 5.4754940000e-09
m_tfall_s = 6.7190600000e-09
m_tpdlh_s = 4.7619240000e-09
m_tpdhl_s = 5.2505810000e-09
m_ipeak_source_a = 1.0238110364e+00
m_ipeak_sink_a = 7.2036130082e-01
m_vout_max_v = 5.0048838775e+00
m_vout_min_v = -2.311419545e-03
m_vin_max_v = 3.3000000000e+00
m_vin_min_v = 0.0000000000e+00
m_indrv_max_v = 5.0008581765e+00
m_indrv_min_v = -6.124748187e-04
m_n1_max_v = 5.0944966355e+00
m_n1_min_v = -4.068243705e-02
m_n2_max_v = 5.0754105483e+00
m_n2_min_v = -3.548342581e-02
m_n3_max_v = 5.0524989287e+00
m_n3_min_v = -2.726002215e-02
m_n4_max_v = 5.0510839656e+00
m_n4_min_v = -2.681601633e-02
m_n5_max_v = 5.0517423782e+00
m_n5_min_v = -2.677412845e-02
Note: Simulation executed from .control section 

Note: vimeas: has no value, DC 0 assumed
Warning: singular matrix:  check node anon20

Note: Starting dynamic gmin stepping
Warning: singular matrix:  check node anon19

Warning: Dynamic gmin stepping failed
Note: Starting true gmin stepping
Warning: singular matrix:  check node anon19

Warning: singular matrix:  check node anon19

Warning: singular matrix:  check node anon19

Warning: singular matrix:  check node anon19

Warning: True gmin stepping failed
Note: Starting source stepping
Warning: source stepping failed
Note: Transient op started
Note: Transient op finished successfully
