
Note: No compatibility mode selected!


Circuit: * gate-driver-core-drive-postlayout @ sf_27c_vlogic3p63v-vdrv5p50v -- generated by sim/harness, do not edit

Doing analysis at TEMP = 27.000000 and TNOM = 27.000000

Using SPARSE 1.3 as Direct Linear Solver

Initial Transient Solution
--------------------------

Node                                   Voltage
----                                   -------
x1_inb                                    3.63
in                                           0
gnd_logic                                    0
x1_na                                  2.55992
x1_nb                             -3.81125e-07
gnd_drv                           -6.04835e-08
x2_n3                                      5.5
x2_n4                             -2.18297e-08
x2_n5                                      5.5
out                               -5.66795e-08
in_drv                             6.65104e-08
x1_nbuf1                                   5.5
x1_ncb                             1.85409e-07
x1_nca                                     5.5
vdd_logic                                 3.63
x2_n1                                      5.5
x2_n2                               -1.877e-08
vdd_drv                                    5.5
anon18                             1.54708e-07
anon19                             1.24704e-07
anon20                             9.53279e-08
outcap                            -5.66795e-08
vimeas#branch                     -3.59659e-05
vin#branch                         4.23409e-08
vgnd_logic#branch                 -6.02718e-05
vsup_drv#branch                    5.99618e-05
vsup_logic#branch                  3.09893e-07

 Reference value :  7.31645e-08
 Reference value :  2.51665e-07
 Reference value :  3.77727e-07
 Reference value :  5.61427e-07
No. of Data Rows : 7212
trise10_90          =  4.26074e-09 targ=  2.69142e-08 trig=  2.26535e-08
tfall10_90          =  5.23510e-09 targ=  3.28636e-07 trig=  3.23401e-07
tpdlh               =  3.80301e-09 targ=  2.43030e-08 trig=  2.05000e-08
tpdhl               =  4.24155e-09 targ=  3.25742e-07 trig=  3.21500e-07
m_trise_s = 4.2607410000e-09
m_tfall_s = 5.2351020000e-09
m_tpdlh_s = 3.8030130000e-09
m_tpdhl_s = 4.2415550000e-09
m_ipeak_source_a = 1.3859169790e+00
m_ipeak_sink_a = 9.5992558249e-01
m_vout_max_v = 5.5054124061e+00
m_vout_min_v = -2.644817084e-03
m_vin_max_v = 3.6300000000e+00
m_vin_min_v = 0.0000000000e+00
m_indrv_max_v = 5.5003268810e+00
m_indrv_min_v = -4.113321146e-04
m_n1_max_v = 5.6009572901e+00
m_n1_min_v = -4.349997240e-02
m_n2_max_v = 5.5801776298e+00
m_n2_min_v = -3.802874917e-02
m_n3_max_v = 5.5545080173e+00
m_n3_min_v = -2.917808847e-02
m_n4_max_v = 5.5534188672e+00
m_n4_min_v = -2.825502044e-02
m_n5_max_v = 5.5541329243e+00
m_n5_min_v = -2.854144535e-02
Note: Simulation executed from .control section 

Note: vimeas: has no value, DC 0 assumed
Warning: singular matrix:  check node anon18

Note: Starting dynamic gmin stepping
Warning: singular matrix:  check node anon18

Warning: Dynamic gmin stepping failed
Note: Starting true gmin stepping
Warning: singular matrix:  check node anon18

Warning: singular matrix:  check node anon18

Warning: singular matrix:  check node anon18

Warning: singular matrix:  check node anon18

Warning: True gmin stepping failed
Note: Starting source stepping
Warning: source stepping failed
Note: Transient op started
Note: Transient op finished successfully
