
Note: No compatibility mode selected!


Circuit: * gate-driver-core-drive-postlayout @ sf_27c_vlogic2p97v-vdrv4p50v -- generated by sim/harness, do not edit

Doing analysis at TEMP = 27.000000 and TNOM = 27.000000

Using SPARSE 1.3 as Direct Linear Solver

Initial Transient Solution
--------------------------

Node                                   Voltage
----                                   -------
x1_inb                                    2.97
in                                           0
gnd_logic                                    0
x1_na                                  2.00241
x1_nb                             -1.35786e-07
gnd_drv                           -4.80955e-08
x2_n3                                      4.5
x2_n4                              -1.6866e-08
x2_n5                                      4.5
out                               -4.46136e-08
in_drv                             1.79328e-08
x1_nbuf1                                   4.5
x1_ncb                             4.64641e-08
x1_nca                                     4.5
vdd_logic                                 2.97
x2_n1                                      4.5
x2_n2                             -1.47889e-08
vdd_drv                                    4.5
anon18                             3.84283e-08
anon19                             3.10366e-08
anon20                             2.42257e-08
outcap                            -4.46136e-08
vimeas#branch                     -2.93473e-05
vin#branch                         2.97121e-08
vgnd_logic#branch                 -4.79357e-05
vsup_drv#branch                    4.76442e-05
vsup_logic#branch                  2.91438e-07

 Reference value :  7.59458e-08
 Reference value :  2.53446e-07
 Reference value :  3.94710e-07
 Reference value :  5.75010e-07
No. of Data Rows : 7194
trise10_90          =  4.86243e-09 targ=  2.77961e-08 trig=  2.29336e-08
tfall10_90          =  5.79743e-09 targ=  3.29466e-07 trig=  3.23668e-07
tpdlh               =  4.31895e-09 targ=  2.48189e-08 trig=  2.05000e-08
tpdhl               =  4.74985e-09 targ=  3.26250e-07 trig=  3.21500e-07
m_trise_s = 4.8624310000e-09
m_tfall_s = 5.7974260000e-09
m_tpdlh_s = 4.3189490000e-09
m_tpdhl_s = 4.7498510000e-09
m_ipeak_source_a = 9.9583618819e-01
m_ipeak_sink_a = 7.1473990120e-01
m_vout_max_v = 4.5051781739e+00
m_vout_min_v = -2.591654255e-03
m_vin_max_v = 2.9700000000e+00
m_vin_min_v = 0.0000000000e+00
m_indrv_max_v = 4.5170013318e+00
m_indrv_min_v = -8.056248640e-03
m_n1_max_v = 4.6006332722e+00
m_n1_min_v = -4.490707054e-02
m_n2_max_v = 4.5736738414e+00
m_n2_min_v = -3.550281314e-02
m_n3_max_v = 4.5540834757e+00
m_n3_min_v = -2.822397834e-02
m_n4_max_v = 4.5533054948e+00
m_n4_min_v = -2.810847159e-02
m_n5_max_v = 4.5539752190e+00
m_n5_min_v = -2.845722809e-02
Note: Simulation executed from .control section 

Note: vimeas: has no value, DC 0 assumed
Warning: singular matrix:  check node anon18

Note: Starting dynamic gmin stepping
Warning: singular matrix:  check node anon18

Warning: Dynamic gmin stepping failed
Note: Starting true gmin stepping
Warning: singular matrix:  check node anon18

Warning: singular matrix:  check node anon18

Warning: singular matrix:  check node anon18

Warning: singular matrix:  check node anon18

Warning: True gmin stepping failed
Note: Starting source stepping
Warning: source stepping failed
Note: Transient op started
Note: Transient op finished successfully
