
Note: No compatibility mode selected!


Circuit: * gate-driver-core-drive-postlayout @ ss_-40c_vlogic3p30v-vdrv6p00v -- generated by sim/harness, do not edit

Doing analysis at TEMP = -40.000000 and TNOM = 27.000000

Using SPARSE 1.3 as Direct Linear Solver

Initial Transient Solution
--------------------------

Node                                   Voltage
----                                   -------
x1_inb                                     3.3
in                                           0
gnd_logic                                    0
x1_na                                  2.15054
x1_nb                              -6.4026e-07
gnd_drv                           -7.38213e-08
x2_n3                                        6
x2_n4                             -2.72228e-08
x2_n5                                        6
out                               -7.07327e-08
in_drv                            -2.54466e-08
x1_nbuf1                                     6
x1_ncb                             2.66402e-07
x1_nca                                       6
vdd_logic                                  3.3
x2_n1                                        6
x2_n2                             -2.38362e-08
vdd_drv                                      6
anon18                             1.92608e-07
anon19                             1.19413e-07
anon20                             4.67495e-08
outcap                            -7.07327e-08
vimeas#branch                     -4.31221e-05
vin#branch                         4.94639e-08
vgnd_logic#branch                 -7.35846e-05
vsup_drv#branch                    7.32265e-05
vsup_logic#branch                  3.58058e-07

 Reference value :  7.19177e-08
 Reference value :  2.40018e-07
 Reference value :  3.46917e-07
 Reference value :  5.23617e-07
No. of Data Rows : 7230
trise10_90          =  4.47352e-09 targ=  2.71345e-08 trig=  2.26610e-08
tfall10_90          =  4.67400e-09 targ=  3.28153e-07 trig=  3.23479e-07
tpdlh               =  3.97247e-09 targ=  2.44725e-08 trig=  2.05000e-08
tpdhl               =  4.15795e-09 targ=  3.25658e-07 trig=  3.21500e-07
m_trise_s = 4.4735170000e-09
m_tfall_s = 4.6740040000e-09
m_tpdlh_s = 3.9724690000e-09
m_tpdhl_s = 4.1579450000e-09
m_ipeak_source_a = 1.3676781999e+00
m_ipeak_sink_a = 1.1353529417e+00
m_vout_max_v = 6.0060142078e+00
m_vout_min_v = -3.723363616e-03
m_vin_max_v = 3.3000000000e+00
m_vin_min_v = 0.0000000000e+00
m_indrv_max_v = 6.0005085599e+00
m_indrv_min_v = -8.701476421e-03
m_n1_max_v = 6.1142499637e+00
m_n1_min_v = -5.221357251e-02
m_n2_max_v = 6.0809592517e+00
m_n2_min_v = -4.225950410e-02
m_n3_max_v = 6.0594264263e+00
m_n3_min_v = -3.156802654e-02
m_n4_max_v = 6.0592676429e+00
m_n4_min_v = -3.151225651e-02
m_n5_max_v = 6.0598893359e+00
m_n5_min_v = -3.211137366e-02
Note: Simulation executed from .control section 

Note: vimeas: has no value, DC 0 assumed
Warning: singular matrix:  check node anon18

Note: Starting dynamic gmin stepping
Warning: singular matrix:  check node anon18

Warning: Dynamic gmin stepping failed
Note: Starting true gmin stepping
Warning: singular matrix:  check node anon18

Warning: singular matrix:  check node anon18

Warning: singular matrix:  check node anon18

Warning: singular matrix:  check node anon18

Warning: True gmin stepping failed
Note: Starting source stepping
Warning: source stepping failed
Note: Transient op started
Note: Transient op finished successfully
