
Note: No compatibility mode selected!


Circuit: * gate-driver-core-drive-postlayout @ ss_-40c_vlogic3p63v-vdrv5p50v -- generated by sim/harness, do not edit

Doing analysis at TEMP = -40.000000 and TNOM = 27.000000

Using SPARSE 1.3 as Direct Linear Solver

Initial Transient Solution
--------------------------

Node                                   Voltage
----                                   -------
x1_inb                                    3.63
in                                           0
gnd_logic                                    0
x1_na                                  2.42101
x1_nb                             -5.73547e-07
gnd_drv                            -6.7895e-08
x2_n3                                      5.5
x2_n4                              -2.4897e-08
x2_n5                                      5.5
out                               -6.49444e-08
in_drv                            -1.40497e-08
x1_nbuf1                                   5.5
x1_ncb                             2.47861e-07
x1_nca                                     5.5
vdd_logic                                 3.63
x2_n1                                      5.5
x2_n2                             -2.17529e-08
vdd_drv                                    5.5
anon18                              1.8159e-07
anon19                             1.15888e-07
anon20                             5.06958e-08
outcap                            -6.49444e-08
vimeas#branch                     -3.99237e-05
vin#branch                         4.83112e-08
vgnd_logic#branch                  -6.7674e-05
vsup_drv#branch                    6.73641e-05
vsup_logic#branch                  3.09849e-07

 Reference value :  6.83213e-08
 Reference value :  2.44621e-07
 Reference value :  3.90726e-07
 Reference value :  5.69926e-07
No. of Data Rows : 7226
trise10_90          =  4.73736e-09 targ=  2.75631e-08 trig=  2.28257e-08
tfall10_90          =  4.84698e-09 targ=  3.28380e-07 trig=  3.23533e-07
tpdlh               =  4.24649e-09 targ=  2.47465e-08 trig=  2.05000e-08
tpdhl               =  4.29030e-09 targ=  3.25790e-07 trig=  3.21500e-07
m_trise_s = 4.7373560000e-09
m_tfall_s = 4.8469830000e-09
m_tpdlh_s = 4.2464880000e-09
m_tpdhl_s = 4.2903030000e-09
m_ipeak_source_a = 1.1841267997e+00
m_ipeak_sink_a = 9.9789591622e-01
m_vout_max_v = 5.5060122201e+00
m_vout_min_v = -3.713877064e-03
m_vin_max_v = 3.6300000000e+00
m_vin_min_v = 0.0000000000e+00
m_indrv_max_v = 5.5226200960e+00
m_indrv_min_v = -1.029948955e-02
m_n1_max_v = 5.6157870996e+00
m_n1_min_v = -5.296299165e-02
m_n2_max_v = 5.5791166829e+00
m_n2_min_v = -4.062981923e-02
m_n3_max_v = 5.5601641014e+00
m_n3_min_v = -3.091058628e-02
m_n4_max_v = 5.5600810778e+00
m_n4_min_v = -3.140944326e-02
m_n5_max_v = 5.5604945447e+00
m_n5_min_v = -3.215456110e-02
Note: Simulation executed from .control section 

Note: vimeas: has no value, DC 0 assumed
Warning: singular matrix:  check node anon18

Note: Starting dynamic gmin stepping
Warning: singular matrix:  check node anon18

Warning: Dynamic gmin stepping failed
Note: Starting true gmin stepping
Warning: singular matrix:  check node anon18

Warning: singular matrix:  check node anon18

Warning: singular matrix:  check node anon18

Warning: singular matrix:  check node anon18

Warning: True gmin stepping failed
Note: Starting source stepping
Warning: source stepping failed
Note: Transient op started
Note: Transient op finished successfully
