
Note: No compatibility mode selected!


Circuit: * gate-driver-core-drive-postlayout @ ss_-40c_vlogic3p30v-vdrv5p00v -- generated by sim/harness, do not edit

Doing analysis at TEMP = -40.000000 and TNOM = 27.000000

Using SPARSE 1.3 as Direct Linear Solver

Initial Transient Solution
--------------------------

Node                                   Voltage
----                                   -------
x1_inb                                     3.3
in                                           0
gnd_logic                                    0
x1_na                                  2.14052
x1_nb                             -5.05791e-07
gnd_drv                           -6.06108e-08
x2_n3                                        5
x2_n4                             -2.20099e-08
x2_n5                                        5
out                               -5.77832e-08
in_drv                             4.92888e-09
x1_nbuf1                                     5
x1_ncb                              2.1641e-07
x1_nca                                       5
vdd_logic                                  3.3
x2_n1                                        5
x2_n2                             -1.91364e-08
vdd_drv                                      5
anon18                             1.62779e-07
anon19                             1.09693e-07
anon20                              5.7096e-08
outcap                            -5.77832e-08
vimeas#branch                     -3.60553e-05
vin#branch                         4.10341e-08
vgnd_logic#branch                 -6.04184e-05
vsup_drv#branch                    6.01135e-05
vsup_logic#branch                  3.04873e-07

 Reference value :  8.28749e-08
 Reference value :  2.61875e-07
 Reference value :  4.01345e-07
 Reference value :  5.79745e-07
No. of Data Rows : 7217
trise10_90          =  5.07552e-09 targ=  2.80521e-08 trig=  2.29766e-08
tfall10_90          =  5.07295e-09 targ=  3.28741e-07 trig=  3.23668e-07
tpdlh               =  4.53881e-09 targ=  2.50388e-08 trig=  2.05000e-08
tpdhl               =  4.52642e-09 targ=  3.26026e-07 trig=  3.21500e-07
m_trise_s = 5.0755240000e-09
m_tfall_s = 5.0729530000e-09
m_tpdlh_s = 4.5388140000e-09
m_tpdhl_s = 4.5264180000e-09
m_ipeak_source_a = 9.9972813896e-01
m_ipeak_sink_a = 8.6668940540e-01
m_vout_max_v = 5.0059741414e+00
m_vout_min_v = -3.683266383e-03
m_vin_max_v = 3.3000000000e+00
m_vin_min_v = 0.0000000000e+00
m_indrv_max_v = 5.0380777372e+00
m_indrv_min_v = -1.417419669e-02
m_n1_max_v = 5.1085233066e+00
m_n1_min_v = -5.294467827e-02
m_n2_max_v = 5.0755951534e+00
m_n2_min_v = -3.985781883e-02
m_n3_max_v = 5.0602154990e+00
m_n3_min_v = -3.103916775e-02
m_n4_max_v = 5.0597271791e+00
m_n4_min_v = -3.114839013e-02
m_n5_max_v = 5.0606525663e+00
m_n5_min_v = -3.206976725e-02
Note: Simulation executed from .control section 

Note: vimeas: has no value, DC 0 assumed
Warning: singular matrix:  check node anon18

Note: Starting dynamic gmin stepping
Warning: singular matrix:  check node anon18

Warning: Dynamic gmin stepping failed
Note: Starting true gmin stepping
Warning: singular matrix:  check node anon18

Warning: singular matrix:  check node anon18

Warning: singular matrix:  check node anon18

Warning: singular matrix:  check node anon18

Warning: True gmin stepping failed
Note: Starting source stepping
Warning: source stepping failed
Note: Transient op started
Note: Transient op finished successfully
