
Note: No compatibility mode selected!


Circuit: * gate-driver-core-drive-postlayout @ ss_125c_vlogic3p30v-vdrv6p00v -- generated by sim/harness, do not edit

Doing analysis at TEMP = 125.000000 and TNOM = 27.000000

Using SPARSE 1.3 as Direct Linear Solver

Initial Transient Solution
--------------------------

Node                                   Voltage
----                                   -------
x1_inb                                     3.3
in                                           0
gnd_logic                                    0
x1_na                                  2.37359
x1_nb                             -9.34074e-08
gnd_drv                            6.39629e-08
x2_n3                                        6
x2_n4                              3.15439e-08
x2_n5                                        6
out                                6.96589e-08
in_drv                             7.72513e-08
x1_nbuf1                                     6
x1_ncb                              1.0367e-07
x1_nca                                       6
vdd_logic                                  3.3
x2_n1                                        6
x2_n2                              2.68319e-08
vdd_drv                                      6
anon18                             9.55341e-08
anon19                             8.84831e-08
anon20                             8.24208e-08
outcap                             6.96589e-08
vimeas#branch                       3.8281e-05
vin#branch                        -3.89046e-08
vgnd_logic#branch                   6.3746e-05
vsup_drv#branch                   -6.33411e-05
vsup_logic#branch                 -4.04916e-07

 Reference value :  8.39922e-08
 Reference value :  2.60992e-07
 Reference value :  4.05870e-07
 Reference value :  5.83070e-07
No. of Data Rows : 7194
trise10_90          =  6.52401e-09 targ=  3.00281e-08 trig=  2.35041e-08
tfall10_90          =  6.52591e-09 targ=  3.30681e-07 trig=  3.24155e-07
tpdlh               =  5.47449e-09 targ=  2.59745e-08 trig=  2.05000e-08
tpdhl               =  5.44635e-09 targ=  3.26946e-07 trig=  3.21500e-07
m_trise_s = 6.5240130000e-09
m_tfall_s = 6.5259150000e-09
m_tpdlh_s = 5.4744920000e-09
m_tpdhl_s = 5.4463480000e-09
m_ipeak_source_a = 1.0151367065e+00
m_ipeak_sink_a = 8.8278930106e-01
m_vout_max_v = 6.0053325484e+00
m_vout_min_v = -3.291459236e-03
m_vin_max_v = 3.3000000000e+00
m_vin_min_v = 0.0000000000e+00
m_indrv_max_v = 6.0019403503e+00
m_indrv_min_v = -2.880412566e-03
m_n1_max_v = 6.1024053789e+00
m_n1_min_v = -5.013790084e-02
m_n2_max_v = 6.0806095736e+00
m_n2_min_v = -4.462399452e-02
m_n3_max_v = 6.0580888732e+00
m_n3_min_v = -3.290422350e-02
m_n4_max_v = 6.0565205111e+00
m_n4_min_v = -3.225669587e-02
m_n5_max_v = 6.0570507264e+00
m_n5_min_v = -3.270824469e-02
Note: Simulation executed from .control section 

Note: vimeas: has no value, DC 0 assumed
Warning: singular matrix:  check node anon20

Note: Starting dynamic gmin stepping
Warning: singular matrix:  check node anon19

Warning: Dynamic gmin stepping failed
Note: Starting true gmin stepping
Warning: singular matrix:  check node anon19

Warning: singular matrix:  check node anon19

Warning: singular matrix:  check node anon19

Warning: singular matrix:  check node anon19

Warning: True gmin stepping failed
Note: Starting source stepping
Warning: source stepping failed
Note: Transient op started
Note: Transient op finished successfully
