
Note: No compatibility mode selected!


Circuit: * gate-driver-core-drive-postlayout @ ss_125c_vlogic3p63v-vdrv5p50v -- generated by sim/harness, do not edit

Doing analysis at TEMP = 125.000000 and TNOM = 27.000000

Using SPARSE 1.3 as Direct Linear Solver

Initial Transient Solution
--------------------------

Node                                   Voltage
----                                   -------
x1_inb                                    3.63
in                                           0
gnd_logic                                    0
x1_na                                   2.6331
x1_nb                             -4.47073e-08
gnd_drv                             5.8074e-08
x2_n3                                      5.5
x2_n4                              2.88519e-08
x2_n5                                      5.5
out                                 6.3511e-08
in_drv                             5.43624e-08
x1_nbuf1                                   5.5
x1_ncb                             7.03422e-08
x1_nca                                     5.5
vdd_logic                                 3.63
x2_n1                                      5.5
x2_n2                              2.44551e-08
vdd_drv                                    5.5
anon18                             6.48949e-08
anon19                             6.04738e-08
anon20                             5.69919e-08
outcap                              6.3511e-08
vimeas#branch                      3.51133e-05
vin#branch                        -3.46425e-08
vgnd_logic#branch                  5.78863e-05
vsup_drv#branch                   -5.74987e-05
vsup_logic#branch                 -3.87725e-07

 Reference value :  8.53037e-08
 Reference value :  2.63204e-07
 Reference value :  4.16988e-07
 Reference value :  5.95688e-07
No. of Data Rows : 7194
trise10_90          =  7.00378e-09 targ=  3.07637e-08 trig=  2.37600e-08
tfall10_90          =  6.76677e-09 targ=  3.31012e-07 trig=  3.24245e-07
tpdlh               =  5.91704e-09 targ=  2.64170e-08 trig=  2.05000e-08
tpdhl               =  5.63798e-09 targ=  3.27138e-07 trig=  3.21500e-07
m_trise_s = 7.0037790000e-09
m_tfall_s = 6.7667730000e-09
m_tpdlh_s = 5.9170400000e-09
m_tpdhl_s = 5.6379780000e-09
m_ipeak_source_a = 8.6261544214e-01
m_ipeak_sink_a = 7.7835165041e-01
m_vout_max_v = 5.5053132146e+00
m_vout_min_v = -3.259299044e-03
m_vin_max_v = 3.6300000000e+00
m_vin_min_v = 0.0000000000e+00
m_indrv_max_v = 5.5011100485e+00
m_indrv_min_v = -3.583107542e-03
m_n1_max_v = 5.6002624310e+00
m_n1_min_v = -5.147086947e-02
m_n2_max_v = 5.5777181158e+00
m_n2_min_v = -4.346213176e-02
m_n3_max_v = 5.5583632628e+00
m_n3_min_v = -3.242469195e-02
m_n4_max_v = 5.5570133698e+00
m_n4_min_v = -3.214443019e-02
m_n5_max_v = 5.5581328684e+00
m_n5_min_v = -3.225127448e-02
Note: Simulation executed from .control section 

Note: vimeas: has no value, DC 0 assumed
Warning: singular matrix:  check node anon20

Note: Starting dynamic gmin stepping
Warning: singular matrix:  check node anon19

Warning: Dynamic gmin stepping failed
Note: Starting true gmin stepping
Warning: singular matrix:  check node anon19

Warning: singular matrix:  check node anon19

Warning: singular matrix:  check node anon19

Warning: singular matrix:  check node anon19

Warning: True gmin stepping failed
Note: Starting source stepping
Warning: source stepping failed
Note: Transient op started
Note: Transient op finished successfully
