
Note: No compatibility mode selected!


Circuit: * gate-driver-core-drive-postlayout @ ss_125c_vlogic2p97v-vdrv4p50v -- generated by sim/harness, do not edit

Doing analysis at TEMP = 125.000000 and TNOM = 27.000000

Using SPARSE 1.3 as Direct Linear Solver

Initial Transient Solution
--------------------------

Node                                   Voltage
----                                   -------
x1_inb                                    2.97
in                                           0
gnd_logic                                    0
x1_na                                  2.09182
x1_nb                             -8.53305e-08
gnd_drv                            4.64485e-08
x2_n3                                      4.5
x2_n4                              2.36581e-08
x2_n5                                      4.5
out                                5.14796e-08
in_drv                             5.09533e-08
x1_nbuf1                                   4.5
x1_ncb                             8.19081e-08
x1_nca                                     4.5
vdd_logic                                 2.97
x2_n1                                      4.5
x2_n2                               2.0148e-08
vdd_drv                                    4.5
anon18                             7.28101e-08
anon19                             6.46724e-08
anon20                             5.74138e-08
outcap                             5.14796e-08
vimeas#branch                      2.87042e-05
vin#branch                        -2.84181e-08
vgnd_logic#branch                  4.62865e-05
vsup_drv#branch                   -4.59761e-05
vsup_logic#branch                 -3.10478e-07

 Reference value :  8.13271e-08
 Reference value :  2.62227e-07
 Reference value :  4.21903e-07
 Reference value :  5.92803e-07
No. of Data Rows : 7171
trise10_90          =  8.35829e-09 targ=  3.26960e-08 trig=  2.43377e-08
tfall10_90          =  7.52089e-09 targ=  3.32226e-07 trig=  3.24705e-07
tpdlh               =  7.03081e-09 targ=  2.75308e-08 trig=  2.05000e-08
tpdhl               =  6.41323e-09 targ=  3.27913e-07 trig=  3.21500e-07
m_trise_s = 8.3582870000e-09
m_tfall_s = 7.5208920000e-09
m_tpdlh_s = 7.0308150000e-09
m_tpdhl_s = 6.4132290000e-09
m_ipeak_source_a = 5.8887667547e-01
m_ipeak_sink_a = 5.7253761999e-01
m_vout_max_v = 4.5049552242e+00
m_vout_min_v = -3.177447779e-03
m_vin_max_v = 2.9700000000e+00
m_vin_min_v = 0.0000000000e+00
m_indrv_max_v = 4.5153660170e+00
m_indrv_min_v = -1.030721257e-02
m_n1_max_v = 4.5945993936e+00
m_n1_min_v = -5.025081001e-02
m_n2_max_v = 4.5712297565e+00
m_n2_min_v = -4.021792010e-02
m_n3_max_v = 4.5551659023e+00
m_n3_min_v = -3.057766382e-02
m_n4_max_v = 4.5562901503e+00
m_n4_min_v = -3.067031546e-02
m_n5_max_v = 4.5573487150e+00
m_n5_min_v = -3.116411078e-02
Note: Simulation executed from .control section 

Note: vimeas: has no value, DC 0 assumed
Warning: singular matrix:  check node anon20

Note: Starting dynamic gmin stepping
Warning: singular matrix:  check node anon18

Warning: Dynamic gmin stepping failed
Note: Starting true gmin stepping
Warning: singular matrix:  check node anon18

Warning: singular matrix:  check node anon18

Warning: singular matrix:  check node anon18

Warning: singular matrix:  check node anon18

Warning: True gmin stepping failed
Note: Starting source stepping
Warning: source stepping failed
Note: Transient op started
Note: Transient op finished successfully
