
Note: No compatibility mode selected!


Circuit: * gate-driver-core-drive-postlayout @ ss_27c_vlogic3p30v-vdrv6p00v -- generated by sim/harness, do not edit

Doing analysis at TEMP = 27.000000 and TNOM = 27.000000

Using SPARSE 1.3 as Direct Linear Solver

Initial Transient Solution
--------------------------

Node                                   Voltage
----                                   -------
x1_inb                                     3.3
in                                           0
gnd_logic                                    0
x1_na                                  2.25601
x1_nb                             -2.21788e-07
gnd_drv                           -6.93744e-08
x2_n3                                        6
x2_n4                             -2.44931e-08
x2_n5                                        6
out                               -6.53264e-08
in_drv                             1.72246e-08
x1_nbuf1                                     6
x1_ncb                             7.82724e-08
x1_nca                                       6
vdd_logic                                  3.3
x2_n1                                        6
x2_n2                              -2.1303e-08
vdd_drv                                      6
anon18                             6.19165e-08
anon19                             4.63418e-08
anon20                             3.14703e-08
outcap                            -6.53264e-08
vimeas#branch                     -4.10024e-05
vin#branch                         4.31931e-08
vgnd_logic#branch                 -6.91515e-05
vsup_drv#branch                    6.87616e-05
vsup_logic#branch                  3.89868e-07

 Reference value :  7.40670e-08
 Reference value :  2.26767e-07
 Reference value :  3.65716e-07
 Reference value :  5.42016e-07
No. of Data Rows : 7218
trise10_90          =  5.37647e-09 targ=  2.83823e-08 trig=  2.30058e-08
tfall10_90          =  5.34035e-09 targ=  3.29090e-07 trig=  3.23749e-07
tpdlh               =  4.60990e-09 targ=  2.51099e-08 trig=  2.05000e-08
tpdhl               =  4.64903e-09 targ=  3.26149e-07 trig=  3.21500e-07
m_trise_s = 5.3764670000e-09
m_tfall_s = 5.3403470000e-09
m_tpdlh_s = 4.6099020000e-09
m_tpdhl_s = 4.6490280000e-09
m_ipeak_source_a = 1.1815091740e+00
m_ipeak_sink_a = 1.0254703434e+00
m_vout_max_v = 6.0057760090e+00
m_vout_min_v = -3.587370275e-03
m_vin_max_v = 3.3000000000e+00
m_vin_min_v = 0.0000000000e+00
m_indrv_max_v = 6.0008791301e+00
m_indrv_min_v = -7.175315446e-03
m_n1_max_v = 6.1116132844e+00
m_n1_min_v = -5.248254251e-02
m_n2_max_v = 6.0817290640e+00
m_n2_min_v = -4.387948758e-02
m_n3_max_v = 6.0612984406e+00
m_n3_min_v = -3.281768750e-02
m_n4_max_v = 6.0592286380e+00
m_n4_min_v = -3.224286416e-02
m_n5_max_v = 6.0604607906e+00
m_n5_min_v = -3.289164536e-02
Note: Simulation executed from .control section 

Note: vimeas: has no value, DC 0 assumed
Warning: singular matrix:  check node anon18

Note: Starting dynamic gmin stepping
Warning: singular matrix:  check node anon18

Warning: Dynamic gmin stepping failed
Note: Starting true gmin stepping
Warning: singular matrix:  check node anon18

Warning: singular matrix:  check node anon18

Warning: singular matrix:  check node anon18

Warning: singular matrix:  check node anon18

Warning: True gmin stepping failed
Note: Starting source stepping
Warning: source stepping failed
Note: Transient op started
Note: Transient op finished successfully
