
Note: No compatibility mode selected!


Circuit: * gate-driver-core-drive-postlayout @ ss_27c_vlogic3p63v-vdrv5p50v -- generated by sim/harness, do not edit

Doing analysis at TEMP = 27.000000 and TNOM = 27.000000

Using SPARSE 1.3 as Direct Linear Solver

Initial Transient Solution
--------------------------

Node                                   Voltage
----                                   -------
x1_inb                                    3.63
in                                           0
gnd_logic                                    0
x1_na                                  2.52372
x1_nb                              -3.0011e-07
gnd_drv                           -6.38668e-08
x2_n3                                      5.5
x2_n4                              -2.2386e-08
x2_n5                                      5.5
out                               -6.00058e-08
in_drv                             3.87328e-08
x1_nbuf1                                   5.5
x1_ncb                             1.29046e-07
x1_nca                                     5.5
vdd_logic                                 3.63
x2_n1                                      5.5
x2_n2                             -1.93604e-08
vdd_drv                                    5.5
anon18                             1.05427e-07
anon19                             8.25499e-08
anon20                             6.03423e-08
outcap                            -6.00058e-08
vimeas#branch                     -3.79893e-05
vin#branch                         4.10582e-08
vgnd_logic#branch                 -6.36647e-05
vsup_drv#branch                    6.33121e-05
vsup_logic#branch                  3.52569e-07

 Reference value :  8.02300e-08
 Reference value :  2.24830e-07
 Reference value :  3.80813e-07
 Reference value :  5.63813e-07
No. of Data Rows : 7216
trise10_90          =  5.72270e-09 targ=  2.89299e-08 trig=  2.32072e-08
tfall10_90          =  5.53901e-09 targ=  3.29357e-07 trig=  3.23818e-07
tpdlh               =  4.95111e-09 targ=  2.54511e-08 trig=  2.05000e-08
tpdhl               =  4.80420e-09 targ=  3.26304e-07 trig=  3.21500e-07
m_trise_s = 5.7227000000e-09
m_tfall_s = 5.5390090000e-09
m_tpdlh_s = 4.9511070000e-09
m_tpdhl_s = 4.8041970000e-09
m_ipeak_source_a = 1.0151369118e+00
m_ipeak_sink_a = 8.9969269880e-01
m_vout_max_v = 5.5056920745e+00
m_vout_min_v = -3.572002178e-03
m_vin_max_v = 3.6300000000e+00
m_vin_min_v = 0.0000000000e+00
m_indrv_max_v = 5.5060405877e+00
m_indrv_min_v = -7.880510499e-03
m_n1_max_v = 5.6109284579e+00
m_n1_min_v = -5.360222647e-02
m_n2_max_v = 5.5799591818e+00
m_n2_min_v = -4.309400814e-02
m_n3_max_v = 5.5615690679e+00
m_n3_min_v = -3.241234691e-02
m_n4_max_v = 5.5605018891e+00
m_n4_min_v = -3.233501054e-02
m_n5_max_v = 5.5614016098e+00
m_n5_min_v = -3.292064565e-02
Note: Simulation executed from .control section 

Note: vimeas: has no value, DC 0 assumed
Warning: singular matrix:  check node anon18

Note: Starting dynamic gmin stepping
Warning: singular matrix:  check node anon18

Warning: Dynamic gmin stepping failed
Note: Starting true gmin stepping
Warning: singular matrix:  check node anon18

Warning: singular matrix:  check node anon18

Warning: singular matrix:  check node anon18

Warning: singular matrix:  check node anon18

Warning: True gmin stepping failed
Note: Starting source stepping
Warning: source stepping failed
Note: Transient op started
Note: Transient op finished successfully
