
Note: No compatibility mode selected!


Circuit: * gate-driver-core-drive-postlayout @ ss_27c_vlogic2p97v-vdrv4p50v -- generated by sim/harness, do not edit

Doing analysis at TEMP = 27.000000 and TNOM = 27.000000

Using SPARSE 1.3 as Direct Linear Solver

Initial Transient Solution
--------------------------

Node                                   Voltage
----                                   -------
x1_inb                                    2.97
in                                           0
gnd_logic                                    0
x1_na                                  1.96942
x1_nb                              7.77529e-08
gnd_drv                            4.99245e-08
x2_n3                                      4.5
x2_n4                              2.33864e-08
x2_n5                                      4.5
out                                5.31899e-08
in_drv                            -1.98344e-09
x1_nbuf1                                   4.5
x1_ncb                            -1.01275e-08
x1_nca                                     4.5
vdd_logic                                 2.97
x2_n1                                      4.5
x2_n2                              1.91938e-08
vdd_drv                                    4.5
anon18                            -9.05894e-09
anon19                            -7.30189e-09
anon20                            -4.92164e-09
outcap                             5.31899e-08
vimeas#branch                      3.04959e-05
vin#branch                        -2.99994e-08
vgnd_logic#branch                  4.97668e-05
vsup_drv#branch                   -4.94518e-05
vsup_logic#branch                 -3.14954e-07

 Reference value :  8.26295e-08
 Reference value :  2.60829e-07
 Reference value :  4.16523e-07
 Reference value :  5.95023e-07
No. of Data Rows : 7192
trise10_90          =  6.73757e-09 targ=  3.03911e-08 trig=  2.36535e-08
tfall10_90          =  6.15758e-09 targ=  3.30348e-07 trig=  3.24191e-07
tpdlh               =  5.81306e-09 targ=  2.63131e-08 trig=  2.05000e-08
tpdhl               =  5.44292e-09 targ=  3.26943e-07 trig=  3.21500e-07
m_trise_s = 6.7375690000e-09
m_tfall_s = 6.1575770000e-09
m_tpdlh_s = 5.8130590000e-09
m_tpdhl_s = 5.4429220000e-09
m_ipeak_source_a = 7.0210033530e-01
m_ipeak_sink_a = 6.6600805384e-01
m_vout_max_v = 4.5054805695e+00
m_vout_min_v = -3.462039808e-03
m_vin_max_v = 2.9700000000e+00
m_vin_min_v = 0.0000000000e+00
m_indrv_max_v = 4.5351537014e+00
m_indrv_min_v = -1.559732147e-02
m_n1_max_v = 4.6011130495e+00
m_n1_min_v = -5.259835833e-02
m_n2_max_v = 4.5728886226e+00
m_n2_min_v = -4.025874771e-02
m_n3_max_v = 4.5591335536e+00
m_n3_min_v = -3.057545047e-02
m_n4_max_v = 4.5580314905e+00
m_n4_min_v = -3.130356752e-02
m_n5_max_v = 4.5601835215e+00
m_n5_min_v = -3.214856576e-02
Note: Simulation executed from .control section 

Note: vimeas: has no value, DC 0 assumed
Warning: singular matrix:  check node anon18

Note: Starting dynamic gmin stepping
Warning: singular matrix:  check node anon18

Warning: Dynamic gmin stepping failed
Note: Starting true gmin stepping
Warning: singular matrix:  check node anon18

Warning: singular matrix:  check node anon18

Warning: singular matrix:  check node anon18

Warning: singular matrix:  check node anon18

Warning: True gmin stepping failed
Note: Starting source stepping
Warning: source stepping failed
Note: Transient op started
Note: Transient op finished successfully
