
Note: No compatibility mode selected!


Circuit: * gate-driver-core-drive-postlayout @ ss_27c_vlogic3p30v-vdrv5p00v -- generated by sim/harness, do not edit

Doing analysis at TEMP = 27.000000 and TNOM = 27.000000

Using SPARSE 1.3 as Direct Linear Solver

Initial Transient Solution
--------------------------

Node                                   Voltage
----                                   -------
x1_inb                                     3.3
in                                           0
gnd_logic                                    0
x1_na                                  2.24477
x1_nb                             -1.90173e-07
gnd_drv                           -5.67387e-08
x2_n3                                        5
x2_n4                             -1.96123e-08
x2_n5                                        5
out                               -5.30479e-08
in_drv                             2.38584e-08
x1_nbuf1                                     5
x1_ncb                             7.05426e-08
x1_nca                                       5
vdd_logic                                  3.3
x2_n1                                        5
x2_n2                             -1.70622e-08
vdd_drv                                      5
anon18                             5.78704e-08
anon19                             4.59113e-08
anon20                             3.45967e-08
outcap                            -5.30479e-08
vimeas#branch                     -3.42025e-05
vin#branch                          3.5018e-08
vgnd_logic#branch                 -5.65605e-05
vsup_drv#branch                    5.62217e-05
vsup_logic#branch                  3.38773e-07

 Reference value :  7.48278e-08
 Reference value :  2.51728e-07
 Reference value :  4.03725e-07
 Reference value :  5.72125e-07
No. of Data Rows : 7203
trise10_90          =  6.16277e-09 targ=  2.95613e-08 trig=  2.33986e-08
tfall10_90          =  5.80199e-09 targ=  3.29781e-07 trig=  3.23979e-07
tpdlh               =  5.32133e-09 targ=  2.58213e-08 trig=  2.05000e-08
tpdhl               =  5.07860e-09 targ=  3.26579e-07 trig=  3.21500e-07
m_trise_s = 6.1627650000e-09
m_tfall_s = 5.8019880000e-09
m_tpdlh_s = 5.3213270000e-09
m_tpdhl_s = 5.0786030000e-09
m_ipeak_source_a = 8.5949926713e-01
m_ipeak_sink_a = 7.8127554436e-01
m_vout_max_v = 5.0056608070e+00
m_vout_min_v = -3.526214450e-03
m_vin_max_v = 3.3000000000e+00
m_vin_min_v = 0.0000000000e+00
m_indrv_max_v = 5.0229912790e+00
m_indrv_min_v = -1.182606271e-02
m_n1_max_v = 5.1056453310e+00
m_n1_min_v = -5.357775832e-02
m_n2_max_v = 5.0769688690e+00
m_n2_min_v = -4.165080312e-02
m_n3_max_v = 5.0604146397e+00
m_n3_min_v = -3.158372840e-02
m_n4_max_v = 5.0598566114e+00
m_n4_min_v = -3.180524457e-02
m_n5_max_v = 5.0608744998e+00
m_n5_min_v = -3.259489408e-02
Note: Simulation executed from .control section 

Note: vimeas: has no value, DC 0 assumed
Warning: singular matrix:  check node anon18

Note: Starting dynamic gmin stepping
Warning: singular matrix:  check node anon18

Warning: Dynamic gmin stepping failed
Note: Starting true gmin stepping
Warning: singular matrix:  check node anon18

Warning: singular matrix:  check node anon18

Warning: singular matrix:  check node anon18

Warning: singular matrix:  check node anon18

Warning: True gmin stepping failed
Note: Starting source stepping
Warning: source stepping failed
Note: Transient op started
Note: Transient op finished successfully
