
Note: No compatibility mode selected!


Circuit: * gate-driver-core-drive-postlayout @ tt_-40c_vlogic3p30v-vdrv6p00v -- generated by sim/harness, do not edit

Doing analysis at TEMP = -40.000000 and TNOM = 27.000000

Using SPARSE 1.3 as Direct Linear Solver

Initial Transient Solution
--------------------------

Node                                   Voltage
----                                   -------
x1_inb                                     3.3
in                                           0
gnd_logic                                    0
x1_na                                  2.28158
x1_nb                             -6.81414e-07
gnd_drv                            -6.9255e-08
x2_n3                                        6
x2_n4                              -2.5497e-08
x2_n5                                        6
out                               -6.64635e-08
in_drv                            -8.61709e-08
x1_nbuf1                                     6
x1_ncb                             2.85139e-07
x1_nca                                       6
vdd_logic                                  3.3
x2_n1                                        6
x2_n2                             -2.27378e-08
vdd_drv                                      6
anon18                             1.91599e-07
anon19                             9.85714e-08
anon20                             6.00031e-09
outcap                            -6.64635e-08
vimeas#branch                     -4.10053e-05
vin#branch                         5.26887e-08
vgnd_logic#branch                  -6.8995e-05
vsup_drv#branch                    6.87127e-05
vsup_logic#branch                  2.82352e-07

 Reference value :  6.77584e-08
 Reference value :  2.25458e-07
 Reference value :  3.46950e-07
 Reference value :  5.18350e-07
No. of Data Rows : 7231
trise10_90          =  3.76629e-09 targ=  2.60009e-08 trig=  2.22346e-08
tfall10_90          =  3.84332e-09 targ=  3.26925e-07 trig=  3.23082e-07
tpdlh               =  3.25512e-09 targ=  2.37551e-08 trig=  2.05000e-08
tpdhl               =  3.34760e-09 targ=  3.24848e-07 trig=  3.21500e-07
m_trise_s = 3.7662870000e-09
m_tfall_s = 3.8433170000e-09
m_tpdlh_s = 3.2551190000e-09
m_tpdhl_s = 3.3475970000e-09
m_ipeak_source_a = 1.6278942066e+00
m_ipeak_sink_a = 1.3829183907e+00
m_vout_max_v = 6.0050566848e+00
m_vout_min_v = -3.072990978e-03
m_vin_max_v = 3.3000000000e+00
m_vin_min_v = 0.0000000000e+00
m_indrv_max_v = 6.0000962854e+00
m_indrv_min_v = -1.361482534e-03
m_n1_max_v = 6.0973673033e+00
m_n1_min_v = -4.483487030e-02
m_n2_max_v = 6.0741926518e+00
m_n2_min_v = -4.081907267e-02
m_n3_max_v = 6.0528334257e+00
m_n3_min_v = -2.930201182e-02
m_n4_max_v = 6.0509943354e+00
m_n4_min_v = -2.892978967e-02
m_n5_max_v = 6.0517886298e+00
m_n5_min_v = -2.913459437e-02
Note: Simulation executed from .control section 

Note: vimeas: has no value, DC 0 assumed
Warning: singular matrix:  check node anon18

Note: Starting dynamic gmin stepping
Warning: singular matrix:  check node anon18

Warning: Dynamic gmin stepping failed
Note: Starting true gmin stepping
Warning: singular matrix:  check node anon18

Warning: singular matrix:  check node anon18

Warning: singular matrix:  check node anon18

Warning: singular matrix:  check node anon18

Warning: True gmin stepping failed
Note: Starting source stepping
Warning: source stepping failed
Note: Transient op started
Note: Transient op finished successfully
