
Note: No compatibility mode selected!


Circuit: * gate-driver-core-drive-postlayout @ tt_-40c_vlogic3p30v-vdrv5p00v -- generated by sim/harness, do not edit

Doing analysis at TEMP = -40.000000 and TNOM = 27.000000

Using SPARSE 1.3 as Direct Linear Solver

Initial Transient Solution
--------------------------

Node                                   Voltage
----                                   -------
x1_inb                                     3.3
in                                           0
gnd_logic                                    0
x1_na                                  2.26834
x1_nb                              -5.2923e-07
gnd_drv                           -5.81037e-08
x2_n3                                        5
x2_n4                             -2.11577e-08
x2_n5                                        5
out                               -5.55814e-08
in_drv                            -6.61483e-08
x1_nbuf1                                     5
x1_ncb                             2.17937e-07
x1_nca                                       5
vdd_logic                                  3.3
x2_n1                                        5
x2_n2                             -1.88414e-08
vdd_drv                                      5
anon18                             1.46265e-07
anon19                             7.50607e-08
anon20                             4.27352e-09
outcap                            -5.55814e-08
vimeas#branch                     -3.48875e-05
vin#branch                         4.76069e-08
vgnd_logic#branch                 -5.78772e-05
vsup_drv#branch                    5.76632e-05
vsup_logic#branch                  2.13936e-07

 Reference value :  7.66816e-08
 Reference value :  2.31482e-07
 Reference value :  3.57280e-07
 Reference value :  5.29080e-07
No. of Data Rows : 7222
trise10_90          =  4.20156e-09 targ=  2.66579e-08 trig=  2.24563e-08
tfall10_90          =  4.12730e-09 targ=  3.27337e-07 trig=  3.23210e-07
tpdlh               =  3.65451e-09 targ=  2.41545e-08 trig=  2.05000e-08
tpdhl               =  3.59998e-09 targ=  3.25100e-07 trig=  3.21500e-07
m_trise_s = 4.2015610000e-09
m_tfall_s = 4.1272990000e-09
m_tpdlh_s = 3.6545120000e-09
m_tpdhl_s = 3.5999810000e-09
m_ipeak_source_a = 1.2153479203e+00
m_ipeak_sink_a = 1.0828145107e+00
m_vout_max_v = 5.0050130099e+00
m_vout_min_v = -3.074224762e-03
m_vin_max_v = 3.3000000000e+00
m_vin_min_v = 0.0000000000e+00
m_indrv_max_v = 5.0020376904e+00
m_indrv_min_v = -6.682590533e-03
m_n1_max_v = 5.1005654168e+00
m_n1_min_v = -4.737635990e-02
m_n2_max_v = 5.0704571951e+00
m_n2_min_v = -3.777475356e-02
m_n3_max_v = 5.0540750771e+00
m_n3_min_v = -2.840165162e-02
m_n4_max_v = 5.0525828871e+00
m_n4_min_v = -2.899328297e-02
m_n5_max_v = 5.0530798938e+00
m_n5_min_v = -2.957529244e-02
Note: Simulation executed from .control section 

Note: vimeas: has no value, DC 0 assumed
Warning: singular matrix:  check node anon18

Note: Starting dynamic gmin stepping
Warning: singular matrix:  check node anon18

Warning: Dynamic gmin stepping failed
Note: Starting true gmin stepping
Warning: singular matrix:  check node anon18

Warning: singular matrix:  check node anon18

Warning: singular matrix:  check node anon18

Warning: singular matrix:  check node anon18

Warning: True gmin stepping failed
Note: Starting source stepping
Warning: source stepping failed
Note: Transient op started
Note: Transient op finished successfully
