
Note: No compatibility mode selected!


Circuit: * gate-driver-core-drive-postlayout @ tt_-40c_vlogic2p97v-vdrv4p50v -- generated by sim/harness, do not edit

Doing analysis at TEMP = -40.000000 and TNOM = 27.000000

Using SPARSE 1.3 as Direct Linear Solver

Initial Transient Solution
--------------------------

Node                                   Voltage
----                                   -------
x1_inb                                    2.97
in                                           0
gnd_logic                                    0
x1_na                                  1.98648
x1_nb                             -4.74379e-07
gnd_drv                           -5.20583e-08
x2_n3                                      4.5
x2_n4                             -1.87822e-08
x2_n5                                      4.5
out                               -4.96549e-08
in_drv                            -2.08296e-08
x1_nbuf1                                   4.5
x1_ncb                             2.01183e-07
x1_nca                                     4.5
vdd_logic                                 2.97
x2_n1                                      4.5
x2_n2                             -1.64645e-08
vdd_drv                                    4.5
anon18                             1.45059e-07
anon19                             8.93803e-08
anon20                             3.41003e-08
outcap                            -4.96549e-08
vimeas#branch                     -3.15457e-05
vin#branch                         4.23603e-08
vgnd_logic#branch                 -5.18544e-05
vsup_drv#branch                    5.16553e-05
vsup_logic#branch                  1.99075e-07

 Reference value :  7.87255e-08
 Reference value :  2.52826e-07
 Reference value :  3.92971e-07
 Reference value :  5.69271e-07
No. of Data Rows : 7209
trise10_90          =  4.52093e-09 targ=  2.71130e-08 trig=  2.25921e-08
tfall10_90          =  4.34469e-09 targ=  3.27676e-07 trig=  3.23331e-07
tpdlh               =  3.92215e-09 targ=  2.44222e-08 trig=  2.05000e-08
tpdhl               =  3.81615e-09 targ=  3.25316e-07 trig=  3.21500e-07
m_trise_s = 4.5209320000e-09
m_tfall_s = 4.3446910000e-09
m_tpdlh_s = 3.9221530000e-09
m_tpdhl_s = 3.8161460000e-09
m_ipeak_source_a = 1.0196216631e+00
m_ipeak_sink_a = 9.2562167268e-01
m_vout_max_v = 4.5048634940e+00
m_vout_min_v = -3.065887721e-03
m_vin_max_v = 2.9700000000e+00
m_vin_min_v = 0.0000000000e+00
m_indrv_max_v = 4.5190538837e+00
m_indrv_min_v = -1.110103363e-02
m_n1_max_v = 4.5953690849e+00
m_n1_min_v = -4.799991014e-02
m_n2_max_v = 4.5676551206e+00
m_n2_min_v = -3.714347999e-02
m_n3_max_v = 4.5534886064e+00
m_n3_min_v = -2.824653505e-02
m_n4_max_v = 4.5527664260e+00
m_n4_min_v = -2.869636057e-02
m_n5_max_v = 4.5534707027e+00
m_n5_min_v = -2.933518605e-02
Note: Simulation executed from .control section 

Note: vimeas: has no value, DC 0 assumed
Warning: singular matrix:  check node anon18

Note: Starting dynamic gmin stepping
Warning: singular matrix:  check node anon18

Warning: Dynamic gmin stepping failed
Note: Starting true gmin stepping
Warning: singular matrix:  check node anon18

Warning: singular matrix:  check node anon18

Warning: singular matrix:  check node anon18

Warning: singular matrix:  check node anon18

Warning: True gmin stepping failed
Note: Starting source stepping
Warning: source stepping failed
Note: Transient op started
Note: Transient op finished successfully
