
Note: No compatibility mode selected!


Circuit: * gate-driver-core-drive-postlayout @ tt_-40c_vlogic3p63v-vdrv5p50v -- generated by sim/harness, do not edit

Doing analysis at TEMP = -40.000000 and TNOM = 27.000000

Using SPARSE 1.3 as Direct Linear Solver

Initial Transient Solution
--------------------------

Node                                   Voltage
----                                   -------
x1_inb                                    3.63
in                                           0
gnd_logic                                    0
x1_na                                  2.55413
x1_nb                             -5.15753e-07
gnd_drv                           -6.36985e-08
x2_n3                                      5.5
x2_n4                             -2.33418e-08
x2_n5                                      5.5
out                               -6.10447e-08
in_drv                            -1.14646e-07
x1_nbuf1                                   5.5
x1_ncb                             1.98757e-07
x1_nca                                     5.5
vdd_logic                                 3.63
x2_n1                                      5.5
x2_n2                             -2.10622e-08
vdd_drv                                    5.5
anon18                             1.19723e-07
anon19                             4.11808e-08
anon20                            -3.69237e-08
outcap                            -6.10447e-08
vimeas#branch                     -3.79801e-05
vin#branch                         5.00044e-08
vgnd_logic#branch                   -6.346e-05
vsup_drv#branch                    6.32119e-05
vsup_logic#branch                   2.4815e-07

 Reference value :  7.40425e-08
 Reference value :  2.48143e-07
 Reference value :  3.87631e-07
 Reference value :  5.67431e-07
No. of Data Rows : 7231
trise10_90          =  3.95783e-09 targ=  2.63128e-08 trig=  2.23550e-08
tfall10_90          =  3.96574e-09 targ=  3.27081e-07 trig=  3.23115e-07
tpdlh               =  3.45341e-09 targ=  2.39534e-08 trig=  2.05000e-08
tpdhl               =  3.43490e-09 targ=  3.24935e-07 trig=  3.21500e-07
m_trise_s = 3.9578300000e-09
m_tfall_s = 3.9657430000e-09
m_tpdlh_s = 3.4534050000e-09
m_tpdhl_s = 3.4349040000e-09
m_ipeak_source_a = 1.4222678990e+00
m_ipeak_sink_a = 1.2244179641e+00
m_vout_max_v = 5.5050624083e+00
m_vout_min_v = -3.079702090e-03
m_vin_max_v = 3.6300000000e+00
m_vin_min_v = 0.0000000000e+00
m_indrv_max_v = 5.5000898386e+00
m_indrv_min_v = -2.737275577e-03
m_n1_max_v = 5.5985693574e+00
m_n1_min_v = -4.658003297e-02
m_n2_max_v = 5.5723693751e+00
m_n2_min_v = -3.955606041e-02
m_n3_max_v = 5.5532719279e+00
m_n3_min_v = -2.920204932e-02
m_n4_max_v = 5.5516036792e+00
m_n4_min_v = -2.912732322e-02
m_n5_max_v = 5.5523858760e+00
m_n5_min_v = -2.943026683e-02
Note: Simulation executed from .control section 

Note: vimeas: has no value, DC 0 assumed
Warning: singular matrix:  check node anon18

Note: Starting dynamic gmin stepping
Warning: singular matrix:  check node anon18

Warning: Dynamic gmin stepping failed
Note: Starting true gmin stepping
Warning: singular matrix:  check node anon18

Warning: singular matrix:  check node anon18

Warning: singular matrix:  check node anon18

Warning: singular matrix:  check node anon18

Warning: True gmin stepping failed
Note: Starting source stepping
Warning: source stepping failed
Note: Transient op started
Note: Transient op finished successfully
