
Note: No compatibility mode selected!


Circuit: * gate-driver-core-drive-postlayout @ tt_125c_vlogic3p30v-vdrv5p00v -- generated by sim/harness, do not edit

Doing analysis at TEMP = 125.000000 and TNOM = 27.000000

Using SPARSE 1.3 as Direct Linear Solver

Initial Transient Solution
--------------------------

Node                                   Voltage
----                                   -------
x1_inb                                     3.3
in                                           0
gnd_logic                                    0
x1_na                                  2.41482
x1_nb                              7.39706e-09
gnd_drv                            5.13861e-08
x2_n3                                        5
x2_n4                              2.73429e-08
x2_n5                                        5
out                                5.82114e-08
in_drv                              3.7135e-08
x1_nbuf1                                     5
x1_ncb                             3.65387e-08
x1_nca                                 4.99999
vdd_logic                                  3.3
x2_n1                                        5
x2_n2                               2.3518e-08
vdd_drv                                      5
anon18                             3.55218e-08
anon19                             3.53314e-08
anon20                             3.58937e-08
outcap                             5.82114e-08
vimeas#branch                      3.15293e-05
vin#branch                        -3.07809e-08
vgnd_logic#branch                  5.12131e-05
vsup_drv#branch                   -5.08792e-05
vsup_logic#branch                 -3.33945e-07

 Reference value :  6.88091e-08
 Reference value :  2.46509e-07
 Reference value :  3.90374e-07
 Reference value :  5.59874e-07
No. of Data Rows : 7186
trise10_90          =  6.16323e-09 targ=  2.94138e-08 trig=  2.32505e-08
tfall10_90          =  5.93781e-09 targ=  3.29765e-07 trig=  3.23827e-07
tpdlh               =  5.06890e-09 targ=  2.55689e-08 trig=  2.05000e-08
tpdhl               =  4.84212e-09 targ=  3.26342e-07 trig=  3.21500e-07
m_trise_s = 6.1632310000e-09
m_tfall_s = 5.9378060000e-09
m_tpdlh_s = 5.0688980000e-09
m_tpdhl_s = 4.8421160000e-09
m_ipeak_source_a = 9.0380470058e-01
m_ipeak_sink_a = 8.1782357931e-01
m_vout_max_v = 5.0042377036e+00
m_vout_min_v = -2.603591214e-03
m_vin_max_v = 3.3000000000e+00
m_vin_min_v = 0.0000000000e+00
m_indrv_max_v = 5.0006873286e+00
m_indrv_min_v = -5.407179393e-04
m_n1_max_v = 5.0849951556e+00
m_n1_min_v = -4.222410177e-02
m_n2_max_v = 5.0688565021e+00
m_n2_min_v = -3.736977857e-02
m_n3_max_v = 5.0493573234e+00
m_n3_min_v = -2.787204555e-02
m_n4_max_v = 5.0488509949e+00
m_n4_min_v = -2.739596708e-02
m_n5_max_v = 5.0495000891e+00
m_n5_min_v = -2.749167641e-02
Note: Simulation executed from .control section 

Note: vimeas: has no value, DC 0 assumed
Warning: singular matrix:  check node anon20

Note: Starting dynamic gmin stepping
Warning: singular matrix:  check node anon18

Warning: Dynamic gmin stepping failed
Note: Starting true gmin stepping
Warning: singular matrix:  check node anon18

Warning: singular matrix:  check node anon18

Warning: singular matrix:  check node anon18

Warning: singular matrix:  check node anon18

Warning: True gmin stepping failed
Note: Starting source stepping
Warning: source stepping failed
Note: Transient op started
Note: Transient op finished successfully
