
Note: No compatibility mode selected!


Circuit: * gate-driver-core-drive-postlayout @ tt_125c_vlogic3p30v-vdrv6p00v -- generated by sim/harness, do not edit

Doing analysis at TEMP = 125.000000 and TNOM = 27.000000

Using SPARSE 1.3 as Direct Linear Solver

Initial Transient Solution
--------------------------

Node                                   Voltage
----                                   -------
x1_inb                                     3.3
in                                           0
gnd_logic                                    0
x1_na                                  2.43089
x1_nb                              4.78674e-09
gnd_drv                            6.24295e-08
x2_n3                                        6
x2_n4                              3.27134e-08
x2_n5                                        6
out                                7.00816e-08
in_drv                             5.32877e-08
x1_nbuf1                                     6
x1_ncb                             4.99605e-08
x1_nca                                 5.99999
vdd_logic                                  3.3
x2_n1                                        6
x2_n2                              2.81366e-08
vdd_drv                                      6
anon18                             4.95138e-08
anon19                             4.99731e-08
anon20                             5.12579e-08
outcap                             7.00816e-08
vimeas#branch                      3.75296e-05
vin#branch                        -3.83602e-08
vgnd_logic#branch                  6.22114e-05
vsup_drv#branch                   -6.18357e-05
vsup_logic#branch                 -3.75707e-07

 Reference value :  7.25803e-08
 Reference value :  2.48680e-07
 Reference value :  3.95092e-07
 Reference value :  5.61992e-07
No. of Data Rows : 7194
trise10_90          =  5.36546e-09 targ=  2.82589e-08 trig=  2.28935e-08
tfall10_90          =  5.55040e-09 targ=  3.29181e-07 trig=  3.23631e-07
tpdlh               =  4.40810e-09 targ=  2.49081e-08 trig=  2.05000e-08
tpdhl               =  4.48505e-09 targ=  3.25985e-07 trig=  3.21500e-07
m_trise_s = 5.3654600000e-09
m_tfall_s = 5.5504000000e-09
m_tpdlh_s = 4.4080990000e-09
m_tpdhl_s = 4.4850550000e-09
m_ipeak_source_a = 1.2463853433e+00
m_ipeak_sink_a = 1.0484106467e+00
m_vout_max_v = 6.0043348872e+00
m_vout_min_v = -2.643402548e-03
m_vin_max_v = 3.3000000000e+00
m_vin_min_v = 0.0000000000e+00
m_indrv_max_v = 6.0004280352e+00
m_indrv_min_v = -5.222141652e-04
m_n1_max_v = 6.0859367463e+00
m_n1_min_v = -4.015033690e-02
m_n2_max_v = 6.0724924971e+00
m_n2_min_v = -4.014143831e-02
m_n3_max_v = 6.0494122098e+00
m_n3_min_v = -2.883735287e-02
m_n4_max_v = 6.0467392524e+00
m_n4_min_v = -2.769856610e-02
m_n5_max_v = 6.0469311185e+00
m_n5_min_v = -2.766651817e-02
Note: Simulation executed from .control section 

Note: vimeas: has no value, DC 0 assumed
Warning: singular matrix:  check node anon20

Note: Starting dynamic gmin stepping
Warning: singular matrix:  check node anon19

Warning: Dynamic gmin stepping failed
Note: Starting true gmin stepping
Warning: singular matrix:  check node anon19

Warning: singular matrix:  check node anon19

Warning: singular matrix:  check node anon19

Warning: singular matrix:  check node anon19

Warning: True gmin stepping failed
Note: Starting source stepping
Warning: source stepping failed
Note: Transient op started
Note: Transient op finished successfully
