
Note: No compatibility mode selected!


Circuit: * gate-driver-core-drive-postlayout @ tt_27c_vlogic3p30v-vdrv6p00v -- generated by sim/harness, do not edit

Doing analysis at TEMP = 27.000000 and TNOM = 27.000000

Using SPARSE 1.3 as Direct Linear Solver

Initial Transient Solution
--------------------------

Node                                   Voltage
----                                   -------
x1_inb                                     3.3
in                                           0
gnd_logic                                    0
x1_na                                  2.38653
x1_nb                             -4.73347e-07
gnd_drv                           -6.65991e-08
x2_n3                                        6
x2_n4                             -2.36511e-08
x2_n5                                        6
out                               -6.29839e-08
in_drv                             6.64145e-08
x1_nbuf1                                     6
x1_ncb                             2.27473e-07
x1_nca                                       6
vdd_logic                                  3.3
x2_n1                                        6
x2_n2                             -2.01531e-08
vdd_drv                                      6
anon18                             1.86283e-07
anon19                             1.45754e-07
anon20                              1.0582e-07
outcap                            -6.29839e-08
vimeas#branch                     -3.96708e-05
vin#branch                         4.36293e-08
vgnd_logic#branch                  -6.6367e-05
vsup_drv#branch                     6.6022e-05
vsup_logic#branch                  3.44919e-07

 Reference value :  7.88304e-08
 Reference value :  2.60930e-07
 Reference value :  4.10916e-07
 Reference value :  5.93116e-07
No. of Data Rows : 7212
trise10_90          =  4.48341e-09 targ=  2.69896e-08 trig=  2.25062e-08
tfall10_90          =  4.47059e-09 targ=  3.27774e-07 trig=  3.23303e-07
tpdlh               =  3.75023e-09 targ=  2.42502e-08 trig=  2.05000e-08
tpdhl               =  3.78502e-09 targ=  3.25285e-07 trig=  3.21500e-07
m_trise_s = 4.4834100000e-09
m_tfall_s = 4.4705930000e-09
m_tpdlh_s = 3.7502270000e-09
m_tpdhl_s = 3.7850220000e-09
m_ipeak_source_a = 1.4330379946e+00
m_ipeak_sink_a = 1.2382356156e+00
m_vout_max_v = 6.0047422690e+00
m_vout_min_v = -2.921126185e-03
m_vin_max_v = 3.3000000000e+00
m_vin_min_v = 0.0000000000e+00
m_indrv_max_v = 6.0001995064e+00
m_indrv_min_v = -3.763206632e-04
m_n1_max_v = 6.0892802887e+00
m_n1_min_v = -4.394218714e-02
m_n2_max_v = 6.0744512577e+00
m_n2_min_v = -4.105108078e-02
m_n3_max_v = 6.0531558196e+00
m_n3_min_v = -2.939171965e-02
m_n4_max_v = 6.0507065330e+00
m_n4_min_v = -2.888687877e-02
m_n5_max_v = 6.0509017684e+00
m_n5_min_v = -2.897915710e-02
Note: Simulation executed from .control section 

Note: vimeas: has no value, DC 0 assumed
Warning: singular matrix:  check node anon18

Note: Starting dynamic gmin stepping
Warning: singular matrix:  check node anon18

Warning: Dynamic gmin stepping failed
Note: Starting true gmin stepping
Warning: singular matrix:  check node anon18

Warning: singular matrix:  check node anon18

Warning: singular matrix:  check node anon18

Warning: singular matrix:  check node anon18

Warning: True gmin stepping failed
Note: Starting source stepping
Warning: source stepping failed
Note: Transient op started
Note: Transient op finished successfully
