
Note: No compatibility mode selected!


Circuit: * gate-driver-core-drive-postlayout @ tt_27c_vlogic2p97v-vdrv4p50v -- generated by sim/harness, do not edit

Doing analysis at TEMP = 27.000000 and TNOM = 27.000000

Using SPARSE 1.3 as Direct Linear Solver

Initial Transient Solution
--------------------------

Node                                   Voltage
----                                   -------
x1_inb                                    2.97
in                                           0
gnd_logic                                    0
x1_na                                  2.09147
x1_nb                              -2.3887e-07
gnd_drv                            -4.9564e-08
x2_n3                                      4.5
x2_n4                              -1.7127e-08
x2_n5                                      4.5
out                               -4.64629e-08
in_drv                             3.54353e-08
x1_nbuf1                                   4.5
x1_ncb                             1.04086e-07
x1_nca                                     4.5
vdd_logic                                 2.97
x2_n1                                      4.5
x2_n2                             -1.47255e-08
vdd_drv                                    4.5
anon18                             8.61151e-08
anon19                             6.87209e-08
anon20                             5.18467e-08
outcap                            -4.64629e-08
vimeas#branch                     -3.03268e-05
vin#branch                         3.30339e-08
vgnd_logic#branch                 -4.93899e-05
vsup_drv#branch                    4.91254e-05
vsup_logic#branch                  2.64473e-07

 Reference value :  7.88499e-08
 Reference value :  2.56750e-07
 Reference value :  4.01874e-07
 Reference value :  5.82874e-07
No. of Data Rows : 7196
trise10_90          =  5.46969e-09 targ=  2.84229e-08 trig=  2.29532e-08
tfall10_90          =  5.04753e-09 targ=  3.28651e-07 trig=  3.23604e-07
tpdlh               =  4.58967e-09 targ=  2.50897e-08 trig=  2.05000e-08
tpdhl               =  4.33020e-09 targ=  3.25830e-07 trig=  3.21500e-07
m_trise_s = 5.4696870000e-09
m_tfall_s = 5.0475330000e-09
m_tpdlh_s = 4.5896740000e-09
m_tpdhl_s = 4.3301970000e-09
m_ipeak_source_a = 8.8019839598e-01
m_ipeak_sink_a = 8.2973629887e-01
m_vout_max_v = 4.5045662499e+00
m_vout_min_v = -2.883324111e-03
m_vin_max_v = 2.9700000000e+00
m_vin_min_v = 0.0000000000e+00
m_indrv_max_v = 4.5017008155e+00
m_indrv_min_v = -7.877170901e-03
m_n1_max_v = 4.5921884575e+00
m_n1_min_v = -4.591146422e-02
m_n2_max_v = 4.5668193842e+00
m_n2_min_v = -3.748917317e-02
m_n3_max_v = 4.5529737481e+00
m_n3_min_v = -2.818345042e-02
m_n4_max_v = 4.5514954927e+00
m_n4_min_v = -2.838765696e-02
m_n5_max_v = 4.5524421519e+00
m_n5_min_v = -2.888370615e-02
Note: Simulation executed from .control section 

Note: vimeas: has no value, DC 0 assumed
Warning: singular matrix:  check node anon18

Note: Starting dynamic gmin stepping
Warning: singular matrix:  check node anon18

Warning: Dynamic gmin stepping failed
Note: Starting true gmin stepping
Warning: singular matrix:  check node anon18

Warning: singular matrix:  check node anon18

Warning: singular matrix:  check node anon18

Warning: singular matrix:  check node anon18

Warning: True gmin stepping failed
Note: Starting source stepping
Warning: source stepping failed
Note: Transient op started
Note: Transient op finished successfully
