
Note: No compatibility mode selected!


Circuit: * gate-driver-core-drive-postlayout @ tt_27c_vlogic3p30v-vdrv5p00v -- generated by sim/harness, do not edit

Doing analysis at TEMP = 27.000000 and TNOM = 27.000000

Using SPARSE 1.3 as Direct Linear Solver

Initial Transient Solution
--------------------------

Node                                   Voltage
----                                   -------
x1_inb                                     3.3
in                                           0
gnd_logic                                    0
x1_na                                  2.37176
x1_nb                             -3.62018e-07
gnd_drv                           -5.54464e-08
x2_n3                                        5
x2_n4                             -1.93951e-08
x2_n5                                        5
out                               -5.21942e-08
in_drv                             5.64948e-08
x1_nbuf1                                     5
x1_ncb                             1.73799e-07
x1_nca                                       5
vdd_logic                                  3.3
x2_n1                                        5
x2_n2                             -1.65456e-08
vdd_drv                                      5
anon18                             1.43629e-07
anon19                             1.14062e-07
anon20                             8.50369e-08
outcap                            -5.21942e-08
vimeas#branch                     -3.35772e-05
vin#branch                         3.76213e-08
vgnd_logic#branch                 -5.52522e-05
vsup_drv#branch                    5.49663e-05
vsup_logic#branch                   2.8589e-07

 Reference value :  7.77693e-08
 Reference value :  2.45669e-07
 Reference value :  3.65655e-07
 Reference value :  5.35955e-07
No. of Data Rows : 7205
trise10_90          =  5.05712e-09 targ=  2.78389e-08 trig=  2.27818e-08
tfall10_90          =  4.79409e-09 targ=  3.28252e-07 trig=  3.23458e-07
tpdlh               =  4.25268e-09 targ=  2.47527e-08 trig=  2.05000e-08
tpdhl               =  4.07821e-09 targ=  3.25578e-07 trig=  3.21500e-07
m_trise_s = 5.0571220000e-09
m_tfall_s = 4.7940860000e-09
m_tpdlh_s = 4.2526780000e-09
m_tpdhl_s = 4.0782110000e-09
m_ipeak_source_a = 1.0546507812e+00
m_ipeak_sink_a = 9.6118776327e-01
m_vout_max_v = 5.0047292428e+00
m_vout_min_v = -2.916988921e-03
m_vin_max_v = 3.3000000000e+00
m_vin_min_v = 0.0000000000e+00
m_indrv_max_v = 5.0000754376e+00
m_indrv_min_v = -3.633107134e-03
m_n1_max_v = 5.0913813049e+00
m_n1_min_v = -4.588639863e-02
m_n2_max_v = 5.0703893683e+00
m_n2_min_v = -3.914736504e-02
m_n3_max_v = 5.0529021249e+00
m_n3_min_v = -2.882427053e-02
m_n4_max_v = 5.0518577771e+00
m_n4_min_v = -2.862994135e-02
m_n5_max_v = 5.0527857303e+00
m_n5_min_v = -2.911515026e-02
Note: Simulation executed from .control section 

Note: vimeas: has no value, DC 0 assumed
Warning: singular matrix:  check node anon18

Note: Starting dynamic gmin stepping
Warning: singular matrix:  check node anon18

Warning: Dynamic gmin stepping failed
Note: Starting true gmin stepping
Warning: singular matrix:  check node anon18

Warning: singular matrix:  check node anon18

Warning: singular matrix:  check node anon18

Warning: singular matrix:  check node anon18

Warning: True gmin stepping failed
Note: Starting source stepping
Warning: source stepping failed
Note: Transient op started
Note: Transient op finished successfully
