
Note: Compatibility modes selected: hs a


Circuit: * level-shifter-oxide-safety @ fs_-40c_vlogic3p30v-vdrv6p00v -- generated by sim/harness, do not edit

Doing analysis at TEMP = -40.000000 and TNOM = 27.000000

Using SPARSE 1.3 as Direct Linear Solver

Initial Transient Solution
--------------------------

Node                                   Voltage
----                                   -------
inb                                        3.3
in                                           0
gnd_logic                                    0
vdd_logic                                  3.3
na                                     2.28525
nb                                 3.67456e-07
nca                                    5.99998
gnd_drv                            2.03027e-11
ncb                                9.75994e-07
vdd_drv                                      6
nbuf1                                  5.99999
out                                5.69522e-07
vin#branch                                   0
vgnd_logic#branch                  3.18888e-08
vsup_drv#branch                   -2.85886e-08
vsup_logic#branch                 -3.30011e-09

 Reference value :  3.94951e-08
 Reference value :  1.41079e-07
No. of Data Rows : 10060
mq1                 =  3.30000e+00 at=  1.67461e-07
mq2                 =  3.30000e+00 at=  2.00000e-07
mq3                 =  3.30000e+00 at=  1.80000e-07
mq4                 =  3.30000e+00 at=  6.05000e-08
mq5                 =  3.32465e+00 at=  2.00700e-08
mq6                 =  3.32473e+00 at=  1.80070e-07
na_peak             =  2.37903e+00 at=  2.00900e-08
nb_peak             =  2.34423e+00 at=  6.08100e-08
t_plh               =  4.90407e-10 targ=  2.07404e-08 trig=  2.02500e-08
t_phl               =  3.15047e-10 targ=  6.10650e-08 trig=  6.07500e-08
vout_hi_abs         =  6.00000e+00
vout_lo_abs         =  5.69522e-07
vdrv_now            =  6.00000e+00
m_vgate_thinox_max = 3.3247290000e+00
m_vna_peak = 2.3790270000e+00
m_vnb_peak = 2.3442330000e+00
m_t_plh_ns = 4.9040740000e-01
m_t_phl_ns = 3.1504650000e-01
m_vout_hi_ratio = 9.9999966667e-01
m_vout_lo_ratio = 9.4920250000e-08
Note: Simulation executed from .control section 

Warning: m=xx on .subckt line will override multiplier m hierarchy!

