
Note: Compatibility modes selected: hs a


Circuit: * level-shifter-oxide-safety @ fs_-40c_vlogic2p97v-vdrv4p50v -- generated by sim/harness, do not edit

Doing analysis at TEMP = -40.000000 and TNOM = 27.000000

Using SPARSE 1.3 as Direct Linear Solver

Initial Transient Solution
--------------------------

Node                                   Voltage
----                                   -------
inb                                       2.97
in                                           0
gnd_logic                                    0
vdd_logic                                 2.97
na                                     1.99047
nb                                 2.84956e-07
nca                                    4.49998
gnd_drv                            1.54921e-11
ncb                                7.84722e-07
vdd_drv                                    4.5
nbuf1                                  4.49999
out                                4.88462e-07
vin#branch                                   0
vgnd_logic#branch                  2.49532e-08
vsup_drv#branch                   -2.19831e-08
vsup_logic#branch                 -2.97008e-09

 Reference value :  4.21043e-08
 Reference value :  1.38679e-07
No. of Data Rows : 10052
mq1                 =  2.97000e+00 at=  9.72560e-09
mq2                 =  2.97000e+00 at=  2.00000e-07
mq3                 =  2.97000e+00 at=  1.80000e-07
mq4                 =  2.97000e+00 at=  6.05000e-08
mq5                 =  2.99497e+00 at=  2.00900e-08
mq6                 =  2.99502e+00 at=  2.00900e-08
na_peak             =  2.08234e+00 at=  2.00900e-08
nb_peak             =  2.04382e+00 at=  6.08300e-08
t_plh               =  6.06347e-10 targ=  2.08841e-08 trig=  2.02778e-08
t_phl               =  3.73404e-10 targ=  6.10956e-08 trig=  6.07222e-08
vout_hi_abs         =  4.50000e+00
vout_lo_abs         =  4.88462e-07
vdrv_now            =  4.50000e+00
m_vgate_thinox_max = 2.9950150000e+00
m_vna_peak = 2.0823390000e+00
m_vnb_peak = 2.0438180000e+00
m_t_plh_ns = 6.0634660000e-01
m_t_phl_ns = 3.7340440000e-01
m_vout_hi_ratio = 9.9999955556e-01
m_vout_lo_ratio = 1.0854711111e-07
Note: Simulation executed from .control section 

Warning: m=xx on .subckt line will override multiplier m hierarchy!

