
Note: Compatibility modes selected: hs a


Circuit: * level-shifter-oxide-safety @ fs_125c_vlogic3p30v-vdrv6p00v -- generated by sim/harness, do not edit

Doing analysis at TEMP = 125.000000 and TNOM = 27.000000

Using SPARSE 1.3 as Direct Linear Solver

Initial Transient Solution
--------------------------

Node                                   Voltage
----                                   -------
inb                                    3.29999
in                                           0
gnd_logic                                    0
vdd_logic                                  3.3
na                                     2.44766
nb                                 5.67382e-07
nca                                    5.99992
gnd_drv                            2.10781e-11
ncb                                1.63134e-06
vdd_drv                                      6
nbuf1                                  5.99999
out                                1.04852e-06
vin#branch                                   0
vgnd_logic#branch                  5.38149e-08
vsup_drv#branch                   -4.41069e-08
vsup_logic#branch                 -9.70789e-09

 Reference value :  4.34881e-08
 Reference value :  1.40348e-07
No. of Data Rows : 10040
mq1                 =  3.30000e+00 at=  1.40500e-07
mq2                 =  3.30000e+00 at=  2.00000e-07
mq3                 =  3.30000e+00 at=  1.80000e-07
mq4                 =  3.30000e+00 at=  1.40500e-07
mq5                 =  3.32924e+00 at=  2.00700e-08
mq6                 =  3.32935e+00 at=  1.00070e-07
na_peak             =  2.51031e+00 at=  2.00700e-08
nb_peak             =  2.48181e+00 at=  1.40790e-07
t_plh               =  6.96409e-10 targ=  2.09464e-08 trig=  2.02500e-08
t_phl               =  4.05299e-10 targ=  6.11553e-08 trig=  6.07500e-08
vout_hi_abs         =  6.00000e+00
vout_lo_abs         =  1.04852e-06
vdrv_now            =  6.00000e+00
m_vgate_thinox_max = 3.3293510000e+00
m_vna_peak = 2.5103070000e+00
m_vnb_peak = 2.4818090000e+00
m_t_plh_ns = 6.9640860000e-01
m_t_phl_ns = 4.0529880000e-01
m_vout_hi_ratio = 9.9999916667e-01
m_vout_lo_ratio = 1.7475383333e-07
Note: Simulation executed from .control section 

Warning: m=xx on .subckt line will override multiplier m hierarchy!

