
Note: Compatibility modes selected: hs a


Circuit: * level-shifter-oxide-safety @ fs_125c_vlogic3p30v-vdrv5p00v -- generated by sim/harness, do not edit

Doing analysis at TEMP = 125.000000 and TNOM = 27.000000

Using SPARSE 1.3 as Direct Linear Solver

Initial Transient Solution
--------------------------

Node                                   Voltage
----                                   -------
inb                                    3.29999
in                                           0
gnd_logic                                    0
vdd_logic                                  3.3
na                                     2.43036
nb                                 4.72821e-07
nca                                    4.99991
gnd_drv                            1.78664e-11
ncb                                1.35946e-06
vdd_drv                                      5
nbuf1                                  4.99999
out                                9.29361e-07
vin#branch                                   0
vgnd_logic#branch                  4.94111e-08
vsup_drv#branch                   -3.97032e-08
vsup_logic#branch                 -9.70789e-09

 Reference value :  4.23300e-08
 Reference value :  1.40890e-07
No. of Data Rows : 10038
mq1                 =  3.30000e+00 at=  1.40500e-07
mq2                 =  3.30000e+00 at=  2.00000e-07
mq3                 =  3.30000e+00 at=  1.80000e-07
mq4                 =  3.30000e+00 at=  6.05000e-08
mq5                 =  3.32924e+00 at=  2.00700e-08
mq6                 =  3.32935e+00 at=  1.00070e-07
na_peak             =  2.49315e+00 at=  2.00700e-08
nb_peak             =  2.46412e+00 at=  1.40790e-07
t_plh               =  8.53373e-10 targ=  2.11034e-08 trig=  2.02500e-08
t_phl               =  4.19573e-10 targ=  6.11696e-08 trig=  6.07500e-08
vout_hi_abs         =  5.00000e+00
vout_lo_abs         =  9.29361e-07
vdrv_now            =  5.00000e+00
m_vgate_thinox_max = 3.3293510000e+00
m_vna_peak = 2.4931470000e+00
m_vnb_peak = 2.4641170000e+00
m_t_plh_ns = 8.5337290000e-01
m_t_phl_ns = 4.1957280000e-01
m_vout_hi_ratio = 9.9999920000e-01
m_vout_lo_ratio = 1.8587210000e-07
Note: Simulation executed from .control section 

Warning: m=xx on .subckt line will override multiplier m hierarchy!

