
Note: Compatibility modes selected: hs a


Circuit: * level-shifter-oxide-safety @ sf_-40c_vlogic3p30v-vdrv6p00v -- generated by sim/harness, do not edit

Doing analysis at TEMP = -40.000000 and TNOM = 27.000000

Using SPARSE 1.3 as Direct Linear Solver

Initial Transient Solution
--------------------------

Node                                   Voltage
----                                   -------
inb                                        3.3
in                                           0
gnd_logic                                    0
vdd_logic                                  3.3
na                                     2.10144
nb                                 4.02685e-07
nca                                    5.99998
gnd_drv                            2.01276e-11
ncb                                1.15598e-06
vdd_drv                                      6
nbuf1                                  5.99999
out                                6.58066e-07
vin#branch                                   0
vgnd_logic#branch                  3.15297e-08
vsup_drv#branch                   -2.82297e-08
vsup_logic#branch                 -3.30001e-09

 Reference value :  4.67790e-08
 Reference value :  1.43469e-07
No. of Data Rows : 10057
mq1                 =  3.30000e+00 at=  4.56000e-11
mq2                 =  3.30000e+00 at=  2.00000e-07
mq3                 =  3.30000e+00 at=  1.80000e-07
mq4                 =  3.30000e+00 at=  1.40489e-07
mq5                 =  3.32164e+00 at=  2.01100e-08
mq6                 =  3.32167e+00 at=  1.80090e-07
na_peak             =  2.23075e+00 at=  2.01100e-08
nb_peak             =  2.18478e+00 at=  1.40790e-07
t_plh               =  4.85532e-10 targ=  2.07355e-08 trig=  2.02500e-08
t_phl               =  2.98923e-10 targ=  6.10489e-08 trig=  6.07500e-08
vout_hi_abs         =  6.00000e+00
vout_lo_abs         =  6.58066e-07
vdrv_now            =  6.00000e+00
m_vgate_thinox_max = 3.3216740000e+00
m_vna_peak = 2.2307540000e+00
m_vnb_peak = 2.1847790000e+00
m_t_plh_ns = 4.8553210000e-01
m_t_phl_ns = 2.9892300000e-01
m_vout_hi_ratio = 9.9999966667e-01
m_vout_lo_ratio = 1.0967765000e-07
Note: Simulation executed from .control section 

Warning: m=xx on .subckt line will override multiplier m hierarchy!

