
Note: Compatibility modes selected: hs a


Circuit: * level-shifter-oxide-safety @ sf_27c_vlogic2p97v-vdrv4p50v -- generated by sim/harness, do not edit

Doing analysis at TEMP = 27.000000 and TNOM = 27.000000

Using SPARSE 1.3 as Direct Linear Solver

Initial Transient Solution
--------------------------

Node                                   Voltage
----                                   -------
inb                                       2.97
in                                           0
gnd_logic                                    0
vdd_logic                                 2.97
na                                     1.90593
nb                                 3.90499e-07
nca                                    4.49998
gnd_drv                            1.54078e-11
ncb                                 1.2074e-06
vdd_drv                                    4.5
nbuf1                                  4.49999
out                                7.69219e-07
vin#branch                                   0
vgnd_logic#branch                  2.47853e-08
vsup_drv#branch                   -2.18149e-08
vsup_logic#branch                 -2.97035e-09

 Reference value :  4.40097e-08
 Reference value :  1.43238e-07
No. of Data Rows : 10040
mq1                 =  2.97000e+00 at=  8.67183e-08
mq2                 =  2.97000e+00 at=  2.00000e-07
mq3                 =  2.97000e+00 at=  1.80000e-07
mq4                 =  2.97000e+00 at=  6.05000e-08
mq5                 =  2.99505e+00 at=  2.01100e-08
mq6                 =  2.99508e+00 at=  1.80110e-07
na_peak             =  2.02075e+00 at=  2.01100e-08
nb_peak             =  1.96655e+00 at=  1.40790e-07
t_plh               =  6.74977e-10 targ=  2.09528e-08 trig=  2.02778e-08
t_phl               =  3.94331e-10 targ=  6.11166e-08 trig=  6.07222e-08
vout_hi_abs         =  4.50000e+00
vout_lo_abs         =  7.69219e-07
vdrv_now            =  4.50000e+00
m_vgate_thinox_max = 2.9950850000e+00
m_vna_peak = 2.0207470000e+00
m_vnb_peak = 1.9665490000e+00
m_t_plh_ns = 6.7497670000e-01
m_t_phl_ns = 3.9433130000e-01
m_vout_hi_ratio = 9.9999955556e-01
m_vout_lo_ratio = 1.7093751111e-07
Note: Simulation executed from .control section 

Warning: m=xx on .subckt line will override multiplier m hierarchy!

