
Note: Compatibility modes selected: hs a


Circuit: * level-shifter-oxide-safety @ sf_27c_vlogic3p30v-vdrv5p00v -- generated by sim/harness, do not edit

Doing analysis at TEMP = 27.000000 and TNOM = 27.000000

Using SPARSE 1.3 as Direct Linear Solver

Initial Transient Solution
--------------------------

Node                                   Voltage
----                                   -------
inb                                        3.3
in                                           0
gnd_logic                                    0
vdd_logic                                  3.3
na                                     2.17841
nb                                 4.12129e-07
nca                                    4.99998
gnd_drv                            1.71808e-11
ncb                                1.23183e-06
vdd_drv                                      5
nbuf1                                  4.99999
out                                  8.006e-07
vin#branch                                   0
vgnd_logic#branch                  2.76611e-08
vsup_drv#branch                   -2.43606e-08
vsup_logic#branch                 -3.30047e-09

 Reference value :  4.59474e-08
 Reference value :  1.42317e-07
No. of Data Rows : 10042
mq1                 =  3.30000e+00 at=  1.66157e-07
mq2                 =  3.30000e+00 at=  2.00000e-07
mq3                 =  3.30000e+00 at=  1.80000e-07
mq4                 =  3.30000e+00 at=  6.05000e-08
mq5                 =  3.32538e+00 at=  2.00900e-08
mq6                 =  3.32546e+00 at=  1.00090e-07
na_peak             =  2.29378e+00 at=  2.01100e-08
nb_peak             =  2.23053e+00 at=  6.07900e-08
t_plh               =  6.55429e-10 targ=  2.09054e-08 trig=  2.02500e-08
t_phl               =  3.39599e-10 targ=  6.10896e-08 trig=  6.07500e-08
vout_hi_abs         =  5.00000e+00
vout_lo_abs         =  8.00600e-07
vdrv_now            =  5.00000e+00
m_vgate_thinox_max = 3.3254620000e+00
m_vna_peak = 2.2937800000e+00
m_vnb_peak = 2.2305280000e+00
m_t_plh_ns = 6.5542900000e-01
m_t_phl_ns = 3.3959900000e-01
m_vout_hi_ratio = 9.9999960000e-01
m_vout_lo_ratio = 1.6011998000e-07
Note: Simulation executed from .control section 

Warning: m=xx on .subckt line will override multiplier m hierarchy!

