
Note: Compatibility modes selected: hs a


Circuit: * level-shifter-oxide-safety @ ss_27c_vlogic3p63v-vdrv5p50v -- generated by sim/harness, do not edit

Doing analysis at TEMP = 27.000000 and TNOM = 27.000000

Using SPARSE 1.3 as Direct Linear Solver

Initial Transient Solution
--------------------------

Node                                   Voltage
----                                   -------
inb                                       3.63
in                                           0
gnd_logic                                    0
vdd_logic                                 3.63
na                                     2.41942
nb                                 4.45814e-07
nca                                    5.49997
gnd_drv                             1.8923e-11
ncb                                1.31696e-06
vdd_drv                                    5.5
nbuf1                                  5.49999
out                                8.72494e-07
vin#branch                                   0
vgnd_logic#branch                  3.04737e-08
vsup_drv#branch                   -2.68434e-08
vsup_logic#branch                 -3.63032e-09

 Reference value :  3.61645e-08
 Reference value :  1.25444e-07
No. of Data Rows : 10042
mq1                 =  3.63000e+00 at=  1.41656e-08
mq2                 =  3.63000e+00 at=  2.00000e-07
mq3                 =  3.63000e+00 at=  1.80000e-07
mq4                 =  3.63000e+00 at=  6.05000e-08
mq5                 =  3.66198e+00 at=  2.00900e-08
mq6                 =  3.66209e+00 at=  1.00090e-07
na_peak             =  2.54068e+00 at=  2.00900e-08
nb_peak             =  2.49361e+00 at=  1.40810e-07
t_plh               =  8.08013e-10 targ=  2.10353e-08 trig=  2.02273e-08
t_phl               =  3.84013e-10 targ=  6.11567e-08 trig=  6.07727e-08
vout_hi_abs         =  5.50000e+00
vout_lo_abs         =  8.72494e-07
vdrv_now            =  5.50000e+00
m_vgate_thinox_max = 3.6620910000e+00
m_vna_peak = 2.5406780000e+00
m_vnb_peak = 2.4936070000e+00
m_t_plh_ns = 8.0801310000e-01
m_t_phl_ns = 3.8401300000e-01
m_vout_hi_ratio = 9.9999945455e-01
m_vout_lo_ratio = 1.5863523636e-07
Note: Simulation executed from .control section 

Warning: m=xx on .subckt line will override multiplier m hierarchy!

