
Note: Compatibility modes selected: hs a


Circuit: * level-shifter-oxide-safety @ tt_27c_vlogic3p30v-vdrv5p00v -- generated by sim/harness, do not edit

Doing analysis at TEMP = 27.000000 and TNOM = 27.000000

Using SPARSE 1.3 as Direct Linear Solver

Initial Transient Solution
--------------------------

Node                                   Voltage
----                                   -------
inb                                        3.3
in                                           0
gnd_logic                                    0
vdd_logic                                  3.3
na                                     2.27031
nb                                 3.90728e-07
nca                                    4.99998
gnd_drv                            1.72726e-11
ncb                                 1.1132e-06
vdd_drv                                      5
nbuf1                                  4.99999
out                                7.23853e-07
vin#branch                                   0
vgnd_logic#branch                  2.78551e-08
vsup_drv#branch                   -2.45509e-08
vsup_logic#branch                  -3.3042e-09

 Reference value :  4.96234e-08
 Reference value :  1.45679e-07
No. of Data Rows : 10047
mq1                 =  3.30000e+00 at=  1.76259e-07
mq2                 =  3.30000e+00 at=  2.00000e-07
mq3                 =  3.30000e+00 at=  1.80000e-07
mq4                 =  3.30000e+00 at=  6.05000e-08
mq5                 =  3.32637e+00 at=  2.00900e-08
mq6                 =  3.32641e+00 at=  2.00700e-08
na_peak             =  2.36996e+00 at=  2.00900e-08
nb_peak             =  2.31442e+00 at=  1.40790e-07
t_plh               =  6.66786e-10 targ=  2.09168e-08 trig=  2.02500e-08
t_phl               =  3.46684e-10 targ=  6.10967e-08 trig=  6.07500e-08
vout_hi_abs         =  5.00000e+00
vout_lo_abs         =  7.23853e-07
vdrv_now            =  5.00000e+00
m_vgate_thinox_max = 3.3264140000e+00
m_vna_peak = 2.3699640000e+00
m_vnb_peak = 2.3144170000e+00
m_t_plh_ns = 6.6678600000e-01
m_t_phl_ns = 3.4668380000e-01
m_vout_hi_ratio = 9.9999960000e-01
m_vout_lo_ratio = 1.4477056000e-07
Note: Simulation executed from .control section 

Warning: m=xx on .subckt line will override multiplier m hierarchy!

