
Note: No compatibility mode selected!


Circuit: * level-shifter-oxide-safety @ ff_-40c_vlogic3p30v-vdrv5p00v -- generated by sim/harness, do not edit

Doing analysis at TEMP = -40.000000 and TNOM = 27.000000

Using SPARSE 1.3 as Direct Linear Solver

Initial Transient Solution
--------------------------

Node                                   Voltage
----                                   -------
inb                                        3.3
in                                           0
gnd_logic                                    0
vdd_logic                                  3.3
na                                     2.30488
nb                                 3.00422e-07
nca                                    4.99998
gnd_drv                            1.73072e-11
ncb                                7.88578e-07
vdd_drv                                      5
nbuf1                                        5
out                                4.97383e-07
nccomp1                            7.15779e-07
nccomp2                            6.42981e-07
nccomp3                            5.70182e-07
vin#branch                                   0
vgnd_logic#branch                  2.79132e-08
vsup_drv#branch                   -2.46129e-08
vsup_logic#branch                 -3.30026e-09

 Reference value :  6.74361e-08
 Reference value :  1.50676e-07
No. of Data Rows : 10288
mq1                 =  3.30448e+00 at=  6.10741e-08
mq2                 =  3.30000e+00 at=  2.00000e-07
mq3                 =  3.30000e+00 at=  1.80000e-07
mq4                 =  3.30023e+00 at=  1.00877e-07
mq5                 =  3.31996e+00 at=  1.00070e-07
mq6                 =  3.32000e+00 at=  1.80070e-07
na_peak             =  2.39073e+00 at=  2.00788e-08
nb_peak             =  2.37093e+00 at=  6.07868e-08
mvc1                =  1.19802e+00 at=  6.09423e-08
mvc2                =  1.19802e+00 at=  6.09423e-08
mvc3                =  1.19802e+00 at=  6.09423e-08
mvc4                =  1.19802e+00 at=  6.09423e-08
vccomp_stack        =  4.79209e+00 at=  6.09423e-08
t_plh               =  5.22458e-10 targ=  2.07725e-08 trig=  2.02500e-08
t_phl               =  2.70270e-10 targ=  6.10203e-08 trig=  6.07500e-08
vout_hi_abs         =  5.00000e+00
vout_lo_abs         =  4.97383e-07
vdrv_now            =  5.00000e+00
m_vgate_thinox_max = 3.3200000000e+00
m_vna_peak = 2.3907310000e+00
m_vnb_peak = 2.3709320000e+00
m_vccomp_dev_max = 1.1980220000e+00
m_vccomp_stack_max = 4.7920900000e+00
m_t_plh_ns = 5.2245780000e-01
m_t_phl_ns = 2.7026950000e-01
m_vout_hi_ratio = 9.9999960000e-01
m_vout_lo_ratio = 9.9476660000e-08
Note: Simulation executed from .control section 

