
Note: No compatibility mode selected!


Circuit: * level-shifter-oxide-safety @ ff_-40c_vlogic3p63v-vdrv5p50v -- generated by sim/harness, do not edit

Doing analysis at TEMP = -40.000000 and TNOM = 27.000000

Using SPARSE 1.3 as Direct Linear Solver

Initial Transient Solution
--------------------------

Node                                   Voltage
----                                   -------
inb                                       3.63
in                                           0
gnd_logic                                    0
vdd_logic                                 3.63
na                                     2.59107
nb                                 3.23223e-07
nca                                    5.49998
gnd_drv                            1.90942e-11
ncb                                8.22339e-07
vdd_drv                                    5.5
nbuf1                                      5.5
out                                5.24603e-07
nccomp1                            7.47905e-07
nccomp2                            6.73471e-07
nccomp3                            5.99037e-07
vin#branch                                   0
vgnd_logic#branch                  3.08167e-08
vsup_drv#branch                   -2.71863e-08
vsup_logic#branch                  -3.6304e-09

 Reference value :  6.94657e-08
 Reference value :  1.52425e-07
No. of Data Rows : 10315
mq1                 =  3.63469e+00 at=  6.10565e-08
mq2                 =  3.63000e+00 at=  2.00000e-07
mq3                 =  3.63000e+00 at=  1.80000e-07
mq4                 =  3.63026e+00 at=  1.80844e-07
mq5                 =  3.65026e+00 at=  1.80055e-07
mq6                 =  3.65034e+00 at=  1.80055e-07
na_peak             =  2.67791e+00 at=  2.00722e-08
nb_peak             =  2.65671e+00 at=  6.07752e-08
mvc1                =  1.31112e+00 at=  6.09286e-08
mvc2                =  1.31112e+00 at=  6.09286e-08
mvc3                =  1.31112e+00 at=  6.09286e-08
mvc4                =  1.31112e+00 at=  6.09286e-08
vccomp_stack        =  5.24449e+00 at=  6.09286e-08
t_plh               =  5.22288e-10 targ=  2.07496e-08 trig=  2.02273e-08
t_phl               =  2.33762e-10 targ=  6.10065e-08 trig=  6.07727e-08
vout_hi_abs         =  5.50000e+00
vout_lo_abs         =  5.24603e-07
vdrv_now            =  5.50000e+00
m_vgate_thinox_max = 3.6503370000e+00
m_vna_peak = 2.6779080000e+00
m_vnb_peak = 2.6567140000e+00
m_vccomp_dev_max = 1.3111220000e+00
m_vccomp_stack_max = 5.2444890000e+00
m_t_plh_ns = 5.2228780000e-01
m_t_phl_ns = 2.3376210000e-01
m_vout_hi_ratio = 9.9999963636e-01
m_vout_lo_ratio = 9.5382454545e-08
Note: Simulation executed from .control section 

