
Note: No compatibility mode selected!


Circuit: * level-shifter-oxide-safety @ ff_-40c_vlogic2p97v-vdrv4p50v -- generated by sim/harness, do not edit

Doing analysis at TEMP = -40.000000 and TNOM = 27.000000

Using SPARSE 1.3 as Direct Linear Solver

Initial Transient Solution
--------------------------

Node                                   Voltage
----                                   -------
inb                                       2.97
in                                           0
gnd_logic                                    0
vdd_logic                                 2.97
na                                     2.02295
nb                                 2.78915e-07
nca                                    4.49999
gnd_drv                            1.55248e-11
ncb                                7.58786e-07
vdd_drv                                    4.5
nbuf1                                      4.5
out                                4.73138e-07
nccomp1                            6.87374e-07
nccomp2                            6.15962e-07
nccomp3                             5.4455e-07
vin#branch                                   0
vgnd_logic#branch                  2.50187e-08
vsup_drv#branch                   -2.20485e-08
vsup_logic#branch                 -2.97018e-09

 Reference value :  6.46111e-08
 Reference value :  1.48991e-07
No. of Data Rows : 10263
mq1                 =  2.97400e+00 at=  6.10987e-08
mq2                 =  2.97000e+00 at=  2.00000e-07
mq3                 =  2.97000e+00 at=  1.80000e-07
mq4                 =  2.97021e+00 at=  2.09060e-08
mq5                 =  2.98952e+00 at=  2.00826e-08
mq6                 =  2.98955e+00 at=  2.00826e-08
na_peak             =  2.10504e+00 at=  2.00826e-08
nb_peak             =  2.08431e+00 at=  6.07937e-08
mvc1                =  1.08283e+00 at=  6.09618e-08
mvc2                =  1.08283e+00 at=  6.09618e-08
mvc3                =  1.08283e+00 at=  6.09618e-08
mvc4                =  1.08283e+00 at=  6.09618e-08
vccomp_stack        =  4.33130e+00 at=  6.09618e-08
t_plh               =  5.25686e-10 targ=  2.08035e-08 trig=  2.02778e-08
t_phl               =  3.14926e-10 targ=  6.10371e-08 trig=  6.07222e-08
vout_hi_abs         =  4.50000e+00
vout_lo_abs         =  4.73137e-07
vdrv_now            =  4.50000e+00
m_vgate_thinox_max = 2.9895460000e+00
m_vna_peak = 2.1050430000e+00
m_vnb_peak = 2.0843130000e+00
m_vccomp_dev_max = 1.0828250000e+00
m_vccomp_stack_max = 4.3313020000e+00
m_t_plh_ns = 5.2568570000e-01
m_t_phl_ns = 3.1492600000e-01
m_vout_hi_ratio = 9.9999977778e-01
m_vout_lo_ratio = 1.0514166667e-07
Note: Simulation executed from .control section 

