
Note: No compatibility mode selected!


Circuit: * level-shifter-oxide-safety @ fs_-40c_vlogic3p30v-vdrv5p00v -- generated by sim/harness, do not edit

Doing analysis at TEMP = -40.000000 and TNOM = 27.000000

Using SPARSE 1.3 as Direct Linear Solver

Initial Transient Solution
--------------------------

Node                                   Voltage
----                                   -------
inb                                        3.3
in                                           0
gnd_logic                                    0
vdd_logic                                  3.3
na                                     2.27112
nb                                 3.06213e-07
nca                                    4.99998
gnd_drv                            1.72732e-11
ncb                                8.13328e-07
vdd_drv                                      5
nbuf1                                  4.99999
out                                5.12465e-07
nccomp1                            7.38113e-07
nccomp2                            6.62897e-07
nccomp3                            5.87681e-07
vin#branch                                   0
vgnd_logic#branch                   2.7845e-08
vsup_drv#branch                   -2.45449e-08
vsup_logic#branch                 -3.30011e-09

 Reference value :  6.32112e-08
 Reference value :  1.46571e-07
No. of Data Rows : 10288
mq1                 =  3.30481e+00 at=  1.41154e-07
mq2                 =  3.30000e+00 at=  2.00000e-07
mq3                 =  3.30000e+00 at=  1.80000e-07
mq4                 =  3.30013e+00 at=  1.01034e-07
mq5                 =  3.32492e+00 at=  2.00774e-08
mq6                 =  3.32498e+00 at=  2.00774e-08
na_peak             =  2.36021e+00 at=  2.00774e-08
nb_peak             =  2.34446e+00 at=  1.40820e-07
mvc1                =  1.21457e+00 at=  1.40993e-07
mvc2                =  1.21457e+00 at=  1.40993e-07
mvc3                =  1.21457e+00 at=  1.40993e-07
mvc4                =  1.21457e+00 at=  1.40993e-07
vccomp_stack        =  4.85829e+00 at=  1.40993e-07
t_plh               =  6.54369e-10 targ=  2.09044e-08 trig=  2.02500e-08
t_phl               =  3.40693e-10 targ=  6.10907e-08 trig=  6.07500e-08
vout_hi_abs         =  5.00000e+00
vout_lo_abs         =  5.12465e-07
vdrv_now            =  5.00000e+00
m_vgate_thinox_max = 3.3249830000e+00
m_vna_peak = 2.3602100000e+00
m_vnb_peak = 2.3444590000e+00
m_vccomp_dev_max = 1.2145720000e+00
m_vccomp_stack_max = 4.8582880000e+00
m_t_plh_ns = 6.5436920000e-01
m_t_phl_ns = 3.4069340000e-01
m_vout_hi_ratio = 9.9999960000e-01
m_vout_lo_ratio = 1.0249294000e-07
Note: Simulation executed from .control section 

