
Note: No compatibility mode selected!


Circuit: * level-shifter-oxide-safety @ fs_-40c_vlogic2p97v-vdrv4p50v -- generated by sim/harness, do not edit

Doing analysis at TEMP = -40.000000 and TNOM = 27.000000

Using SPARSE 1.3 as Direct Linear Solver

Initial Transient Solution
--------------------------

Node                                   Voltage
----                                   -------
inb                                       2.97
in                                           0
gnd_logic                                    0
vdd_logic                                 2.97
na                                     1.99048
nb                                 2.84956e-07
nca                                    4.49998
gnd_drv                            1.54921e-11
ncb                                7.84722e-07
vdd_drv                                    4.5
nbuf1                                  4.49999
out                                4.88462e-07
nccomp1                            7.10657e-07
nccomp2                            6.36592e-07
nccomp3                            5.62527e-07
vin#branch                                   0
vgnd_logic#branch                  2.49532e-08
vsup_drv#branch                   -2.19831e-08
vsup_logic#branch                 -2.97008e-09

 Reference value :  6.43883e-08
 Reference value :  1.47928e-07
No. of Data Rows : 10258
mq1                 =  2.97419e+00 at=  1.41189e-07
mq2                 =  2.97000e+00 at=  2.00000e-07
mq3                 =  2.97000e+00 at=  1.80000e-07
mq4                 =  2.97012e+00 at=  1.81101e-07
mq5                 =  2.99475e+00 at=  2.00815e-08
mq6                 =  2.99483e+00 at=  2.00815e-08
na_peak             =  2.08480e+00 at=  2.01015e-08
nb_peak             =  2.06034e+00 at=  1.40829e-07
mvc1                =  1.09861e+00 at=  6.10108e-08
mvc2                =  1.09861e+00 at=  6.10108e-08
mvc3                =  1.09861e+00 at=  6.10108e-08
mvc4                =  1.09861e+00 at=  6.10108e-08
vccomp_stack        =  4.39444e+00 at=  6.10108e-08
t_plh               =  6.80209e-10 targ=  2.09580e-08 trig=  2.02778e-08
t_phl               =  3.92799e-10 targ=  6.11150e-08 trig=  6.07222e-08
vout_hi_abs         =  4.50000e+00
vout_lo_abs         =  4.88462e-07
vdrv_now            =  4.50000e+00
m_vgate_thinox_max = 2.9948280000e+00
m_vna_peak = 2.0848020000e+00
m_vnb_peak = 2.0603430000e+00
m_vccomp_dev_max = 1.0986090000e+00
m_vccomp_stack_max = 4.3944380000e+00
m_t_plh_ns = 6.8020850000e-01
m_t_phl_ns = 3.9279930000e-01
m_vout_hi_ratio = 9.9999955556e-01
m_vout_lo_ratio = 1.0854711111e-07
Note: Simulation executed from .control section 

