
Note: No compatibility mode selected!


Circuit: * level-shifter-oxide-safety @ fs_-40c_vlogic3p30v-vdrv6p00v -- generated by sim/harness, do not edit

Doing analysis at TEMP = -40.000000 and TNOM = 27.000000

Using SPARSE 1.3 as Direct Linear Solver

Initial Transient Solution
--------------------------

Node                                   Voltage
----                                   -------
inb                                        3.3
in                                           0
gnd_logic                                    0
vdd_logic                                  3.3
na                                     2.28526
nb                                 3.67456e-07
nca                                    5.99998
gnd_drv                            2.03028e-11
ncb                                9.75994e-07
vdd_drv                                      6
nbuf1                                  5.99999
out                                5.69522e-07
nccomp1                            8.74376e-07
nccomp2                            7.72758e-07
nccomp3                             6.7114e-07
vin#branch                                   0
vgnd_logic#branch                  3.18888e-08
vsup_drv#branch                   -2.85887e-08
vsup_logic#branch                 -3.30011e-09

 Reference value :  6.25157e-08
 Reference value :  1.45596e-07
No. of Data Rows : 10297
mq1                 =  3.30614e+00 at=  1.41137e-07
mq2                 =  3.30000e+00 at=  2.00000e-07
mq3                 =  3.30000e+00 at=  1.80000e-07
mq4                 =  3.30022e+00 at=  1.00924e-07
mq5                 =  3.32629e+00 at=  1.41105e-07
mq6                 =  3.32498e+00 at=  2.00774e-08
na_peak             =  2.37440e+00 at=  2.00774e-08
nb_peak             =  2.35726e+00 at=  1.40821e-07
mvc1                =  1.43330e+00 at=  6.09908e-08
mvc2                =  1.43330e+00 at=  6.09908e-08
mvc3                =  1.43330e+00 at=  6.09908e-08
mvc4                =  1.43330e+00 at=  6.09908e-08
vccomp_stack        =  5.73318e+00 at=  6.09908e-08
t_plh               =  5.48351e-10 targ=  2.07984e-08 trig=  2.02500e-08
t_phl               =  3.36303e-10 targ=  6.10863e-08 trig=  6.07500e-08
vout_hi_abs         =  6.00000e+00
vout_lo_abs         =  5.69522e-07
vdrv_now            =  6.00000e+00
m_vgate_thinox_max = 3.3262880000e+00
m_vna_peak = 2.3743950000e+00
m_vnb_peak = 2.3572620000e+00
m_vccomp_dev_max = 1.4332960000e+00
m_vccomp_stack_max = 5.7331840000e+00
m_t_plh_ns = 5.4835070000e-01
m_t_phl_ns = 3.3630270000e-01
m_vout_hi_ratio = 9.9999966667e-01
m_vout_lo_ratio = 9.4920250000e-08
Note: Simulation executed from .control section 

