
Note: No compatibility mode selected!


Circuit: * level-shifter-oxide-safety @ fs_125c_vlogic3p30v-vdrv6p00v -- generated by sim/harness, do not edit

Doing analysis at TEMP = 125.000000 and TNOM = 27.000000

Using SPARSE 1.3 as Direct Linear Solver

Initial Transient Solution
--------------------------

Node                                   Voltage
----                                   -------
inb                                    3.29999
in                                           0
gnd_logic                                    0
vdd_logic                                  3.3
na                                     2.44766
nb                                 5.67382e-07
nca                                    5.99992
gnd_drv                            2.10782e-11
ncb                                1.63134e-06
vdd_drv                                      6
nbuf1                                  5.99999
out                                1.04852e-06
nccomp1                            1.48564e-06
nccomp2                            1.33993e-06
nccomp3                            1.19423e-06
vin#branch                                   0
vgnd_logic#branch                  5.38149e-08
vsup_drv#branch                    -4.4107e-08
vsup_logic#branch                  -9.7079e-09

 Reference value :  6.33240e-08
 Reference value :  1.46624e-07
No. of Data Rows : 10215
mq1                 =  3.30520e+00 at=  1.41260e-07
mq2                 =  3.30000e+00 at=  2.00000e-07
mq3                 =  3.30000e+00 at=  1.80000e-07
mq4                 =  3.30008e+00 at=  1.01251e-07
mq5                 =  3.32944e+00 at=  1.00057e-07
mq6                 =  3.32980e+00 at=  1.00057e-07
na_peak             =  2.51081e+00 at=  2.00562e-08
nb_peak             =  2.48505e+00 at=  6.08018e-08
mvc1                =  1.39887e+00 at=  6.10587e-08
mvc2                =  1.39887e+00 at=  6.10587e-08
mvc3                =  1.39887e+00 at=  6.10587e-08
mvc4                =  1.39887e+00 at=  6.10587e-08
vccomp_stack        =  5.59549e+00 at=  6.10587e-08
t_plh               =  7.71767e-10 targ=  2.10218e-08 trig=  2.02500e-08
t_phl               =  4.32435e-10 targ=  6.11824e-08 trig=  6.07500e-08
vout_hi_abs         =  6.00000e+00
vout_lo_abs         =  1.04852e-06
vdrv_now            =  6.00000e+00
m_vgate_thinox_max = 3.3297960000e+00
m_vna_peak = 2.5108120000e+00
m_vnb_peak = 2.4850530000e+00
m_vccomp_dev_max = 1.3988720000e+00
m_vccomp_stack_max = 5.5954890000e+00
m_t_plh_ns = 7.7176740000e-01
m_t_phl_ns = 4.3243500000e-01
m_vout_hi_ratio = 9.9999916667e-01
m_vout_lo_ratio = 1.7475383333e-07
Note: Simulation executed from .control section 

