
Note: No compatibility mode selected!


Circuit: * level-shifter-oxide-safety @ fs_27c_vlogic2p97v-vdrv4p50v -- generated by sim/harness, do not edit

Doing analysis at TEMP = 27.000000 and TNOM = 27.000000

Using SPARSE 1.3 as Direct Linear Solver

Initial Transient Solution
--------------------------

Node                                   Voltage
----                                   -------
inb                                       2.97
in                                           0
gnd_logic                                    0
vdd_logic                                 2.97
na                                     2.07875
nb                                 3.47971e-07
nca                                    4.49997
gnd_drv                            1.55816e-11
ncb                                9.87935e-07
vdd_drv                                    4.5
nbuf1                                  4.49999
out                                6.35683e-07
nccomp1                            8.99872e-07
nccomp2                            8.11809e-07
nccomp3                            7.23746e-07
vin#branch                                   0
vgnd_logic#branch                  2.52169e-08
vsup_drv#branch                   -2.22172e-08
vsup_logic#branch                 -2.99963e-09

 Reference value :  6.53254e-08
 Reference value :  1.49385e-07
No. of Data Rows : 10219
mq1                 =  2.97395e+00 at=  1.41251e-07
mq2                 =  2.97000e+00 at=  2.00000e-07
mq3                 =  2.97000e+00 at=  1.80000e-07
mq4                 =  2.97006e+00 at=  2.12965e-08
mq5                 =  2.99791e+00 at=  2.00810e-08
mq6                 =  2.99802e+00 at=  2.00810e-08
na_peak             =  2.15995e+00 at=  2.00810e-08
nb_peak             =  2.11636e+00 at=  6.08216e-08
mvc1                =  1.08895e+00 at=  1.41038e-07
mvc2                =  1.08895e+00 at=  1.41038e-07
mvc3                =  1.08895e+00 at=  1.41038e-07
mvc4                =  1.08895e+00 at=  1.41038e-07
vccomp_stack        =  4.35582e+00 at=  1.41038e-07
t_plh               =  8.15316e-10 targ=  2.10931e-08 trig=  2.02778e-08
t_phl               =  4.39748e-10 targ=  6.11620e-08 trig=  6.07222e-08
vout_hi_abs         =  4.50000e+00
vout_lo_abs         =  6.35683e-07
vdrv_now            =  4.50000e+00
m_vgate_thinox_max = 2.9980160000e+00
m_vna_peak = 2.1599530000e+00
m_vnb_peak = 2.1163620000e+00
m_vccomp_dev_max = 1.0889550000e+00
m_vccomp_stack_max = 4.3558180000e+00
m_t_plh_ns = 8.1531600000e-01
m_t_phl_ns = 4.3974830000e-01
m_vout_hi_ratio = 9.9999933333e-01
m_vout_lo_ratio = 1.4126293333e-07
Note: Simulation executed from .control section 

