
Note: No compatibility mode selected!


Circuit: * level-shifter-oxide-safety @ fs_27c_vlogic3p30v-vdrv5p00v -- generated by sim/harness, do not edit

Doing analysis at TEMP = 27.000000 and TNOM = 27.000000

Using SPARSE 1.3 as Direct Linear Solver

Initial Transient Solution
--------------------------

Node                                   Voltage
----                                   -------
inb                                        3.3
in                                           0
gnd_logic                                    0
vdd_logic                                  3.3
na                                     2.35717
nb                                 3.70895e-07
nca                                    4.99997
gnd_drv                            1.73605e-11
ncb                                1.02286e-06
vdd_drv                                      5
nbuf1                                  4.99999
out                                6.69867e-07
nccomp1                            9.34615e-07
nccomp2                            8.46366e-07
nccomp3                            7.58116e-07
vin#branch                                   0
vgnd_logic#branch                  2.81309e-08
vsup_drv#branch                   -2.47906e-08
vsup_logic#branch                 -3.34021e-09

 Reference value :  6.38969e-08
 Reference value :  1.47017e-07
No. of Data Rows : 10248
mq1                 =  3.30445e+00 at=  1.41212e-07
mq2                 =  3.30000e+00 at=  2.00000e-07
mq3                 =  3.30000e+00 at=  1.80000e-07
mq4                 =  3.30007e+00 at=  2.12081e-08
mq5                 =  3.32786e+00 at=  1.00068e-07
mq6                 =  3.32802e+00 at=  1.00068e-07
na_peak             =  2.43963e+00 at=  2.00770e-08
nb_peak             =  2.40244e+00 at=  6.08158e-08
mvc1                =  1.20315e+00 at=  1.41025e-07
mvc2                =  1.20315e+00 at=  1.41025e-07
mvc3                =  1.20315e+00 at=  1.41025e-07
mvc4                =  1.20315e+00 at=  1.41025e-07
vccomp_stack        =  4.81261e+00 at=  1.41025e-07
t_plh               =  7.73207e-10 targ=  2.10232e-08 trig=  2.02500e-08
t_phl               =  3.83656e-10 targ=  6.11337e-08 trig=  6.07500e-08
vout_hi_abs         =  5.00000e+00
vout_lo_abs         =  6.69867e-07
vdrv_now            =  5.00000e+00
m_vgate_thinox_max = 3.3280170000e+00
m_vna_peak = 2.4396330000e+00
m_vnb_peak = 2.4024400000e+00
m_vccomp_dev_max = 1.2031530000e+00
m_vccomp_stack_max = 4.8126140000e+00
m_t_plh_ns = 7.7320710000e-01
m_t_phl_ns = 3.8365600000e-01
m_vout_hi_ratio = 9.9999940000e-01
m_vout_lo_ratio = 1.3397340000e-07
Note: Simulation executed from .control section 

