
Note: No compatibility mode selected!


Circuit: * level-shifter-oxide-safety @ sf_-40c_vlogic3p30v-vdrv5p00v -- generated by sim/harness, do not edit

Doing analysis at TEMP = -40.000000 and TNOM = 27.000000

Using SPARSE 1.3 as Direct Linear Solver

Initial Transient Solution
--------------------------

Node                                   Voltage
----                                   -------
inb                                        3.3
in                                           0
gnd_logic                                    0
vdd_logic                                  3.3
na                                     2.09074
nb                                 3.35571e-07
nca                                    4.99998
gnd_drv                            1.70934e-11
ncb                                9.63315e-07
vdd_drv                                      5
nbuf1                                        5
out                                6.03849e-07
nccomp1                            8.73449e-07
nccomp2                            7.83582e-07
nccomp3                            6.93716e-07
vin#branch                                   0
vgnd_logic#branch                  2.74847e-08
vsup_drv#branch                   -2.41846e-08
vsup_logic#branch                     -3.3e-09

 Reference value :  6.17313e-08
 Reference value :  1.41451e-07
No. of Data Rows : 10276
mq1                 =  3.30436e+00 at=  6.11363e-08
mq2                 =  3.30000e+00 at=  2.00000e-07
mq3                 =  3.30000e+00 at=  1.80000e-07
mq4                 =  3.30046e+00 at=  1.80974e-07
mq5                 =  3.32179e+00 at=  2.00938e-08
mq6                 =  3.32183e+00 at=  2.00938e-08
na_peak             =  2.22127e+00 at=  2.01138e-08
nb_peak             =  2.19686e+00 at=  6.07923e-08
mvc1                =  1.19798e+00 at=  6.09873e-08
mvc2                =  1.19798e+00 at=  6.09873e-08
mvc3                =  1.19798e+00 at=  6.09873e-08
mvc4                =  1.19798e+00 at=  6.09873e-08
vccomp_stack        =  4.79190e+00 at=  6.09873e-08
t_plh               =  6.25521e-10 targ=  2.08755e-08 trig=  2.02500e-08
t_phl               =  3.22660e-10 targ=  6.10727e-08 trig=  6.07500e-08
vout_hi_abs         =  5.00000e+00
vout_lo_abs         =  6.03849e-07
vdrv_now            =  5.00000e+00
m_vgate_thinox_max = 3.3218340000e+00
m_vna_peak = 2.2212660000e+00
m_vnb_peak = 2.1968600000e+00
m_vccomp_dev_max = 1.1979760000e+00
m_vccomp_stack_max = 4.7919040000e+00
m_t_plh_ns = 6.2552150000e-01
m_t_phl_ns = 3.2266000000e-01
m_vout_hi_ratio = 9.9999960000e-01
m_vout_lo_ratio = 1.2076986000e-07
Note: Simulation executed from .control section 

