
Note: No compatibility mode selected!


Circuit: * level-shifter-oxide-safety @ sf_27c_vlogic2p97v-vdrv4p50v -- generated by sim/harness, do not edit

Doing analysis at TEMP = 27.000000 and TNOM = 27.000000

Using SPARSE 1.3 as Direct Linear Solver

Initial Transient Solution
--------------------------

Node                                   Voltage
----                                   -------
inb                                       2.97
in                                           0
gnd_logic                                    0
vdd_logic                                 2.97
na                                     1.90593
nb                                 3.90499e-07
nca                                    4.49998
gnd_drv                            1.54078e-11
ncb                                 1.2074e-06
vdd_drv                                    4.5
nbuf1                                  4.49999
out                                7.69219e-07
nccomp1                            1.09786e-06
nccomp2                             9.8831e-07
nccomp3                            8.78764e-07
vin#branch                                   0
vgnd_logic#branch                  2.47853e-08
vsup_drv#branch                   -2.18149e-08
vsup_logic#branch                 -2.97036e-09

 Reference value :  6.35715e-08
 Reference value :  1.46891e-07
No. of Data Rows : 10214
mq1                 =  2.97348e+00 at=  1.41229e-07
mq2                 =  2.97000e+00 at=  2.00000e-07
mq3                 =  2.97000e+00 at=  1.80000e-07
mq4                 =  2.97034e+00 at=  1.01168e-07
mq5                 =  2.99495e+00 at=  2.00978e-08
mq6                 =  2.99505e+00 at=  2.00978e-08
na_peak             =  2.02318e+00 at=  2.01178e-08
nb_peak             =  1.97713e+00 at=  1.40795e-07
mvc1                =  1.07154e+00 at=  1.41044e-07
mvc2                =  1.07154e+00 at=  1.41044e-07
mvc3                =  1.07154e+00 at=  1.41044e-07
mvc4                =  1.07154e+00 at=  1.41044e-07
vccomp_stack        =  4.28614e+00 at=  1.41044e-07
t_plh               =  7.51905e-10 targ=  2.10297e-08 trig=  2.02778e-08
t_phl               =  4.22402e-10 targ=  6.11446e-08 trig=  6.07222e-08
vout_hi_abs         =  4.50000e+00
vout_lo_abs         =  7.69219e-07
vdrv_now            =  4.50000e+00
m_vgate_thinox_max = 2.9950450000e+00
m_vna_peak = 2.0231800000e+00
m_vnb_peak = 1.9771310000e+00
m_vccomp_dev_max = 1.0715360000e+00
m_vccomp_stack_max = 4.2861450000e+00
m_t_plh_ns = 7.5190460000e-01
m_t_phl_ns = 4.2240220000e-01
m_vout_hi_ratio = 9.9999955556e-01
m_vout_lo_ratio = 1.7093748889e-07
Note: Simulation executed from .control section 

