
Note: No compatibility mode selected!


Circuit: * level-shifter-oxide-safety @ ss_-40c_vlogic3p30v-vdrv6p00v -- generated by sim/harness, do not edit

Doing analysis at TEMP = -40.000000 and TNOM = 27.000000

Using SPARSE 1.3 as Direct Linear Solver

Initial Transient Solution
--------------------------

Node                                   Voltage
----                                   -------
inb                                        3.3
in                                           0
gnd_logic                                    0
vdd_logic                                  3.3
na                                     2.06664
nb                                 4.11039e-07
nca                                    5.99998
gnd_drv                            2.00944e-11
ncb                                1.20194e-06
vdd_drv                                      6
nbuf1                                  5.99999
out                                6.82578e-07
nccomp1                             1.0721e-06
nccomp2                            9.42261e-07
nccomp3                            8.12419e-07
vin#branch                                   0
vgnd_logic#branch                  3.14615e-08
vsup_drv#branch                   -2.81615e-08
vsup_logic#branch                     -3.3e-09

 Reference value :  6.38687e-08
 Reference value :  1.47150e-07
No. of Data Rows : 10282
mq1                 =  3.30543e+00 at=  6.12199e-08
mq2                 =  3.30000e+00 at=  2.00000e-07
mq3                 =  3.30000e+00 at=  1.80000e-07
mq4                 =  3.30045e+00 at=  1.01049e-07
mq5                 =  3.32859e+00 at=  1.41181e-07
mq6                 =  3.32806e+00 at=  1.80110e-07
na_peak             =  2.20407e+00 at=  2.01129e-08
nb_peak             =  2.18084e+00 at=  1.40821e-07
mvc1                =  1.43433e+00 at=  1.41048e-07
mvc2                =  1.43433e+00 at=  1.41048e-07
mvc3                =  1.43433e+00 at=  1.41048e-07
mvc4                =  1.43433e+00 at=  1.41048e-07
vccomp_stack        =  5.73731e+00 at=  1.41048e-07
t_plh               =  6.70256e-10 targ=  2.09203e-08 trig=  2.02500e-08
t_phl               =  4.08350e-10 targ=  6.11583e-08 trig=  6.07500e-08
vout_hi_abs         =  6.00000e+00
vout_lo_abs         =  6.82578e-07
vdrv_now            =  6.00000e+00
m_vgate_thinox_max = 3.3285910000e+00
m_vna_peak = 2.2040710000e+00
m_vnb_peak = 2.1808370000e+00
m_vccomp_dev_max = 1.4343270000e+00
m_vccomp_stack_max = 5.7373070000e+00
m_t_plh_ns = 6.7025560000e-01
m_t_phl_ns = 4.0834950000e-01
m_vout_hi_ratio = 9.9999966667e-01
m_vout_lo_ratio = 1.1376303333e-07
Note: Simulation executed from .control section 

