
Note: No compatibility mode selected!


Circuit: * level-shifter-oxide-safety @ ss_-40c_vlogic2p97v-vdrv4p50v -- generated by sim/harness, do not edit

Doing analysis at TEMP = -40.000000 and TNOM = 27.000000

Using SPARSE 1.3 as Direct Linear Solver

Initial Transient Solution
--------------------------

Node                                   Voltage
----                                   -------
inb                                       2.97
in                                           0
gnd_logic                                    0
vdd_logic                                 2.97
na                                     1.78388
nb                                 3.22641e-07
nca                                    4.49998
gnd_drv                            1.52856e-11
ncb                                 9.8409e-07
vdd_drv                                    4.5
nbuf1                                  4.49999
out                                6.07408e-07
nccomp1                             8.8992e-07
nccomp2                            7.95749e-07
nccomp3                            7.01578e-07
vin#branch                                   0
vgnd_logic#branch                  2.45399e-08
vsup_drv#branch                   -2.15699e-08
vsup_logic#branch                 -2.97001e-09

 Reference value :  6.63488e-08
 Reference value :  1.50467e-07
No. of Data Rows : 10237
mq1                 =  2.97409e+00 at=  1.41284e-07
mq2                 =  2.97000e+00 at=  2.00000e-07
mq3                 =  2.97000e+00 at=  1.80000e-07
mq4                 =  2.97030e+00 at=  1.81264e-07
mq5                 =  2.99840e+00 at=  2.01164e-08
mq6                 =  2.99849e+00 at=  2.01164e-08
na_peak             =  1.92326e+00 at=  2.01364e-08
nb_peak             =  1.89318e+00 at=  6.08329e-08
mvc1                =  1.10466e+00 at=  1.41074e-07
mvc2                =  1.10466e+00 at=  1.41074e-07
mvc3                =  1.10466e+00 at=  1.41074e-07
mvc4                =  1.10466e+00 at=  1.41074e-07
vccomp_stack        =  4.41864e+00 at=  1.41074e-07
t_plh               =  8.42672e-10 targ=  2.11204e-08 trig=  2.02778e-08
t_phl               =  4.75078e-10 targ=  6.11973e-08 trig=  6.07222e-08
vout_hi_abs         =  4.50000e+00
vout_lo_abs         =  6.07408e-07
vdrv_now            =  4.50000e+00
m_vgate_thinox_max = 2.9984930000e+00
m_vna_peak = 1.9232580000e+00
m_vnb_peak = 1.8931850000e+00
m_vccomp_dev_max = 1.1046590000e+00
m_vccomp_stack_max = 4.4186360000e+00
m_t_plh_ns = 8.4267160000e-01
m_t_phl_ns = 4.7507800000e-01
m_vout_hi_ratio = 9.9999955556e-01
m_vout_lo_ratio = 1.3497944444e-07
Note: Simulation executed from .control section 

