
Note: No compatibility mode selected!


Circuit: * level-shifter-oxide-safety @ ss_125c_vlogic2p97v-vdrv4p50v -- generated by sim/harness, do not edit

Doing analysis at TEMP = 125.000000 and TNOM = 27.000000

Using SPARSE 1.3 as Direct Linear Solver

Initial Transient Solution
--------------------------

Node                                   Voltage
----                                   -------
inb                                       2.97
in                                           0
gnd_logic                                    0
vdd_logic                                 2.97
na                                     1.99854
nb                                 5.26769e-07
nca                                    4.49996
gnd_drv                            1.55115e-11
ncb                                1.71277e-06
vdd_drv                                    4.5
nbuf1                                  4.49999
out                                1.13115e-06
nccomp1                            1.56736e-06
nccomp2                            1.42196e-06
nccomp3                            1.27656e-06
vin#branch                                   0
vgnd_logic#branch                  2.53219e-08
vsup_drv#branch                   -2.22506e-08
vsup_logic#branch                 -3.07134e-09

 Reference value :  6.65430e-08
 Reference value :  1.51583e-07
No. of Data Rows : 10156
mq1                 =  2.97347e+00 at=  6.14772e-08
mq2                 =  2.97000e+00 at=  2.00000e-07
mq3                 =  2.97000e+00 at=  1.80000e-07
mq4                 =  2.97016e+00 at=  2.17967e-08
mq5                 =  3.00570e+00 at=  1.00100e-07
mq6                 =  3.00595e+00 at=  1.00100e-07
na_peak             =  2.10359e+00 at=  2.00982e-08
nb_peak             =  2.03620e+00 at=  6.08288e-08
mvc1                =  1.08343e+00 at=  6.11813e-08
mvc2                =  1.08343e+00 at=  6.11813e-08
mvc3                =  1.08343e+00 at=  6.11813e-08
mvc4                =  1.08343e+00 at=  6.11813e-08
vccomp_stack        =  4.33372e+00 at=  6.11813e-08
t_plh               =  1.24598e-09 targ=  2.15238e-08 trig=  2.02778e-08
t_phl               =  6.24206e-10 targ=  6.13464e-08 trig=  6.07222e-08
vout_hi_abs         =  4.50000e+00
vout_lo_abs         =  1.13115e-06
vdrv_now            =  4.50000e+00
m_vgate_thinox_max = 3.0059530000e+00
m_vna_peak = 2.1035900000e+00
m_vnb_peak = 2.0361970000e+00
m_vccomp_dev_max = 1.0834310000e+00
m_vccomp_stack_max = 4.3337220000e+00
m_t_plh_ns = 1.2459830000e+00
m_t_phl_ns = 6.2420590000e-01
m_vout_hi_ratio = 9.9999911111e-01
m_vout_lo_ratio = 2.5136755556e-07
Note: Simulation executed from .control section 

