
Note: No compatibility mode selected!


Circuit: * level-shifter-oxide-safety @ ss_125c_vlogic3p30v-vdrv5p00v -- generated by sim/harness, do not edit

Doing analysis at TEMP = 125.000000 and TNOM = 27.000000

Using SPARSE 1.3 as Direct Linear Solver

Initial Transient Solution
--------------------------

Node                                   Voltage
----                                   -------
inb                                        3.3
in                                           0
gnd_logic                                    0
vdd_logic                                  3.3
na                                     2.26621
nb                                  5.4865e-07
nca                                    4.99996
gnd_drv                            1.72802e-11
ncb                                1.74327e-06
vdd_drv                                      5
nbuf1                                  4.99999
out                                1.17983e-06
nccomp1                            1.60241e-06
nccomp2                            1.46155e-06
nccomp3                            1.32069e-06
vin#branch                                   0
vgnd_logic#branch                  2.82521e-08
vsup_drv#branch                   -2.48278e-08
vsup_logic#branch                 -3.42418e-09

 Reference value :  6.40268e-08
 Reference value :  1.47608e-07
No. of Data Rows : 10181
mq1                 =  3.30390e+00 at=  6.14194e-08
mq2                 =  3.30000e+00 at=  2.00000e-07
mq3                 =  3.30000e+00 at=  1.80000e-07
mq4                 =  3.30018e+00 at=  1.81649e-07
mq5                 =  3.33553e+00 at=  1.80093e-07
mq6                 =  3.33573e+00 at=  1.80093e-07
na_peak             =  2.37512e+00 at=  2.00946e-08
nb_peak             =  2.30697e+00 at=  6.08115e-08
mvc1                =  1.19788e+00 at=  1.41127e-07
mvc2                =  1.19788e+00 at=  1.41127e-07
mvc3                =  1.19788e+00 at=  1.41127e-07
mvc4                =  1.19788e+00 at=  1.41127e-07
vccomp_stack        =  4.79151e+00 at=  1.41127e-07
t_plh               =  1.15276e-09 targ=  2.14028e-08 trig=  2.02500e-08
t_phl               =  5.47191e-10 targ=  6.12972e-08 trig=  6.07500e-08
vout_hi_abs         =  5.00000e+00
vout_lo_abs         =  1.17983e-06
vdrv_now            =  5.00000e+00
m_vgate_thinox_max = 3.3357320000e+00
m_vna_peak = 2.3751190000e+00
m_vnb_peak = 2.3069670000e+00
m_vccomp_dev_max = 1.1978760000e+00
m_vccomp_stack_max = 4.7915050000e+00
m_t_plh_ns = 1.1527580000e+00
m_t_phl_ns = 5.4719120000e-01
m_vout_hi_ratio = 9.9999920000e-01
m_vout_lo_ratio = 2.3596580000e-07
Note: Simulation executed from .control section 

