
Note: No compatibility mode selected!


Circuit: * level-shifter-oxide-safety @ ss_27c_vlogic3p30v-vdrv6p00v -- generated by sim/harness, do not edit

Doing analysis at TEMP = 27.000000 and TNOM = 27.000000

Using SPARSE 1.3 as Direct Linear Solver

Initial Transient Solution
--------------------------

Node                                   Voltage
----                                   -------
inb                                        3.3
in                                           0
gnd_logic                                    0
vdd_logic                                  3.3
na                                     2.15541
nb                                 5.06876e-07
nca                                    5.99997
gnd_drv                             2.0178e-11
ncb                                1.54322e-06
vdd_drv                                      6
nbuf1                                  5.99999
out                                9.13803e-07
nccomp1                            1.38586e-06
nccomp2                            1.22851e-06
nccomp3                            1.07116e-06
vin#branch                                   0
vgnd_logic#branch                  3.16346e-08
vsup_drv#branch                   -2.83344e-08
vsup_logic#branch                 -3.30024e-09

 Reference value :  6.16297e-08
 Reference value :  1.44270e-07
No. of Data Rows : 10242
mq1                 =  3.30520e+00 at=  6.12851e-08
mq2                 =  3.30000e+00 at=  2.00000e-07
mq3                 =  3.30000e+00 at=  1.80000e-07
mq4                 =  3.30035e+00 at=  2.12051e-08
mq5                 =  3.33167e+00 at=  2.00935e-08
mq6                 =  3.33183e+00 at=  2.00935e-08
na_peak             =  2.28085e+00 at=  2.01135e-08
nb_peak             =  2.23737e+00 at=  1.40825e-07
mvc1                =  1.41924e+00 at=  1.41089e-07
mvc2                =  1.41924e+00 at=  1.41089e-07
mvc3                =  1.41924e+00 at=  1.41089e-07
mvc4                =  1.41924e+00 at=  1.41089e-07
vccomp_stack        =  5.67698e+00 at=  1.41089e-07
t_plh               =  7.82582e-10 targ=  2.10326e-08 trig=  2.02500e-08
t_phl               =  4.60572e-10 targ=  6.12106e-08 trig=  6.07500e-08
vout_hi_abs         =  6.00000e+00
vout_lo_abs         =  9.13803e-07
vdrv_now            =  6.00000e+00
m_vgate_thinox_max = 3.3318310000e+00
m_vna_peak = 2.2808490000e+00
m_vnb_peak = 2.2373720000e+00
m_vccomp_dev_max = 1.4192440000e+00
m_vccomp_stack_max = 5.6769780000e+00
m_t_plh_ns = 7.8258240000e-01
m_t_phl_ns = 4.6057230000e-01
m_vout_hi_ratio = 9.9999950000e-01
m_vout_lo_ratio = 1.5230048333e-07
Note: Simulation executed from .control section 

