
Note: No compatibility mode selected!


Circuit: * level-shifter-oxide-safety @ tt_-40c_vlogic2p97v-vdrv4p50v -- generated by sim/harness, do not edit

Doing analysis at TEMP = -40.000000 and TNOM = 27.000000

Using SPARSE 1.3 as Direct Linear Solver

Initial Transient Solution
--------------------------

Node                                   Voltage
----                                   -------
inb                                       2.97
in                                           0
gnd_logic                                    0
vdd_logic                                 2.97
na                                     1.90474
nb                                  2.9945e-07
nca                                    4.49998
gnd_drv                            1.54065e-11
ncb                                8.53556e-07
vdd_drv                                    4.5
nbuf1                                  4.49999
out                                 5.2768e-07
nccomp1                            7.72087e-07
nccomp2                            6.90618e-07
nccomp3                            6.09149e-07
vin#branch                                   0
vgnd_logic#branch                  2.47817e-08
vsup_drv#branch                   -2.18117e-08
vsup_logic#branch                    -2.97e-09

 Reference value :  6.47434e-08
 Reference value :  1.48663e-07
No. of Data Rows : 10261
mq1                 =  2.97421e+00 at=  1.41174e-07
mq2                 =  2.97000e+00 at=  2.00000e-07
mq3                 =  2.97000e+00 at=  1.80000e-07
mq4                 =  2.97027e+00 at=  1.81041e-07
mq5                 =  2.99346e+00 at=  1.80101e-07
mq6                 =  2.99351e+00 at=  1.80101e-07
na_peak             =  2.01418e+00 at=  2.01193e-08
nb_peak             =  1.98668e+00 at=  1.40819e-07
mvc1                =  1.09375e+00 at=  6.10046e-08
mvc2                =  1.09375e+00 at=  6.10046e-08
mvc3                =  1.09375e+00 at=  6.10046e-08
mvc4                =  1.09375e+00 at=  6.10046e-08
vccomp_stack        =  4.37500e+00 at=  6.10046e-08
t_plh               =  6.49568e-10 targ=  2.09273e-08 trig=  2.02778e-08
t_phl               =  3.78985e-10 targ=  6.11012e-08 trig=  6.07222e-08
vout_hi_abs         =  4.50000e+00
vout_lo_abs         =  5.27680e-07
vdrv_now            =  4.50000e+00
m_vgate_thinox_max = 2.9935080000e+00
m_vna_peak = 2.0141820000e+00
m_vnb_peak = 1.9866760000e+00
m_vccomp_dev_max = 1.0937500000e+00
m_vccomp_stack_max = 4.3749990000e+00
m_t_plh_ns = 6.4956810000e-01
m_t_phl_ns = 3.7898490000e-01
m_vout_hi_ratio = 9.9999955556e-01
m_vout_lo_ratio = 1.1726224444e-07
Note: Simulation executed from .control section 

