
Note: No compatibility mode selected!


Circuit: * level-shifter-oxide-safety @ tt_-40c_vlogic3p30v-vdrv6p00v -- generated by sim/harness, do not edit

Doing analysis at TEMP = -40.000000 and TNOM = 27.000000

Using SPARSE 1.3 as Direct Linear Solver

Initial Transient Solution
--------------------------

Node                                   Voltage
----                                   -------
inb                                        3.3
in                                           0
gnd_logic                                    0
vdd_logic                                  3.3
na                                     2.19588
nb                                 3.84388e-07
nca                                    5.99998
gnd_drv                            2.02172e-11
ncb                                1.05406e-06
vdd_drv                                      6
nbuf1                                  5.99999
out                                6.05655e-07
nccomp1                            9.41961e-07
nccomp2                            8.29859e-07
nccomp3                            7.17757e-07
vin#branch                                   0
vgnd_logic#branch                  3.17137e-08
vsup_drv#branch                   -2.84137e-08
vsup_logic#branch                     -3.3e-09

 Reference value :  6.48288e-08
 Reference value :  1.47569e-07
No. of Data Rows : 10301
mq1                 =  3.30567e+00 at=  1.41128e-07
mq2                 =  3.30000e+00 at=  2.00000e-07
mq3                 =  3.30000e+00 at=  1.80000e-07
mq4                 =  3.30041e+00 at=  1.80892e-07
mq5                 =  3.32423e+00 at=  6.10960e-08
mq6                 =  3.32345e+00 at=  1.80093e-07
na_peak             =  2.30643e+00 at=  2.00955e-08
nb_peak             =  2.28372e+00 at=  1.40808e-07
mvc1                =  1.42150e+00 at=  6.09886e-08
mvc2                =  1.42150e+00 at=  6.09886e-08
mvc3                =  1.42150e+00 at=  6.09886e-08
mvc4                =  1.42150e+00 at=  6.09886e-08
vccomp_stack        =  5.68599e+00 at=  6.09886e-08
t_plh               =  5.37479e-10 targ=  2.07875e-08 trig=  2.02500e-08
t_phl               =  3.27246e-10 targ=  6.10772e-08 trig=  6.07500e-08
vout_hi_abs         =  6.00000e+00
vout_lo_abs         =  6.05655e-07
vdrv_now            =  6.00000e+00
m_vgate_thinox_max = 3.3242330000e+00
m_vna_peak = 2.3064290000e+00
m_vnb_peak = 2.2837240000e+00
m_vccomp_dev_max = 1.4214970000e+00
m_vccomp_stack_max = 5.6859900000e+00
m_t_plh_ns = 5.3747920000e-01
m_t_phl_ns = 3.2724580000e-01
m_vout_hi_ratio = 9.9999966667e-01
m_vout_lo_ratio = 1.0094248333e-07
Note: Simulation executed from .control section 

