
Note: No compatibility mode selected!


Circuit: * level-shifter-oxide-safety @ tt_-40c_vlogic3p30v-vdrv5p00v -- generated by sim/harness, do not edit

Doing analysis at TEMP = -40.000000 and TNOM = 27.000000

Using SPARSE 1.3 as Direct Linear Solver

Initial Transient Solution
--------------------------

Node                                   Voltage
----                                   -------
inb                                        3.3
in                                           0
gnd_logic                                    0
vdd_logic                                  3.3
na                                     2.18302
nb                                 3.20323e-07
nca                                    4.99998
gnd_drv                            1.71853e-11
ncb                                8.78386e-07
vdd_drv                                      5
nbuf1                                  4.99999
out                                5.50354e-07
nccomp1                            7.96378e-07
nccomp2                             7.1437e-07
nccomp3                            6.32362e-07
vin#branch                                   0
vgnd_logic#branch                  2.76689e-08
vsup_drv#branch                   -2.43688e-08
vsup_logic#branch                     -3.3e-09

 Reference value :  6.42206e-08
 Reference value :  1.47761e-07
No. of Data Rows : 10278
mq1                 =  3.30476e+00 at=  6.11414e-08
mq2                 =  3.30000e+00 at=  2.00000e-07
mq3                 =  3.30000e+00 at=  1.80000e-07
mq4                 =  3.30029e+00 at=  1.00993e-07
mq5                 =  3.32329e+00 at=  2.00955e-08
mq6                 =  3.32330e+00 at=  2.00955e-08
na_peak             =  2.29355e+00 at=  2.00955e-08
nb_peak             =  2.27106e+00 at=  1.40802e-07
mvc1                =  1.20909e+00 at=  6.09867e-08
mvc2                =  1.20909e+00 at=  6.09867e-08
mvc3                =  1.20909e+00 at=  6.09867e-08
mvc4                =  1.20909e+00 at=  6.09867e-08
vccomp_stack        =  4.83636e+00 at=  6.09867e-08
t_plh               =  6.31465e-10 targ=  2.08815e-08 trig=  2.02500e-08
t_phl               =  3.27417e-10 targ=  6.10774e-08 trig=  6.07500e-08
vout_hi_abs         =  5.00000e+00
vout_lo_abs         =  5.50354e-07
vdrv_now            =  5.00000e+00
m_vgate_thinox_max = 3.3232970000e+00
m_vna_peak = 2.2935520000e+00
m_vnb_peak = 2.2710650000e+00
m_vccomp_dev_max = 1.2090900000e+00
m_vccomp_stack_max = 4.8363580000e+00
m_t_plh_ns = 6.3146520000e-01
m_t_phl_ns = 3.2741670000e-01
m_vout_hi_ratio = 9.9999960000e-01
m_vout_lo_ratio = 1.1007082000e-07
Note: Simulation executed from .control section 

