
Note: No compatibility mode selected!


Circuit: * level-shifter-oxide-safety @ tt_125c_vlogic3p30v-vdrv5p00v -- generated by sim/harness, do not edit

Doing analysis at TEMP = 125.000000 and TNOM = 27.000000

Using SPARSE 1.3 as Direct Linear Solver

Initial Transient Solution
--------------------------

Node                                   Voltage
----                                   -------
inb                                        3.3
in                                           0
gnd_logic                                    0
vdd_logic                                  3.3
na                                     2.37801
nb                                 5.01757e-07
nca                                    4.99996
gnd_drv                            1.74584e-11
ncb                                1.49064e-06
vdd_drv                                      5
nbuf1                                  4.99999
out                                1.01139e-06
nccomp1                            1.37083e-06
nccomp2                            1.25101e-06
nccomp3                             1.1312e-06
vin#branch                                   0
vgnd_logic#branch                  3.18648e-08
vsup_drv#branch                   -2.74271e-08
vsup_logic#branch                 -4.43762e-09

 Reference value :  6.70451e-08
 Reference value :  1.51287e-07
No. of Data Rows : 10196
mq1                 =  3.30399e+00 at=  1.41273e-07
mq2                 =  3.30000e+00 at=  2.00000e-07
mq3                 =  3.30000e+00 at=  1.80000e-07
mq4                 =  3.30015e+00 at=  1.81352e-07
mq5                 =  3.32960e+00 at=  1.80075e-07
mq6                 =  3.32978e+00 at=  1.80075e-07
na_peak             =  2.46067e+00 at=  2.00756e-08
nb_peak             =  2.40762e+00 at=  6.07912e-08
mvc1                =  1.18234e+00 at=  6.10530e-08
mvc2                =  1.18234e+00 at=  6.10530e-08
mvc3                =  1.18234e+00 at=  6.10530e-08
mvc4                =  1.18234e+00 at=  6.10530e-08
vccomp_stack        =  4.72937e+00 at=  6.10530e-08
t_plh               =  8.93035e-10 targ=  2.11430e-08 trig=  2.02500e-08
t_phl               =  4.29528e-10 targ=  6.11795e-08 trig=  6.07500e-08
vout_hi_abs         =  5.00000e+00
vout_lo_abs         =  1.01139e-06
vdrv_now            =  5.00000e+00
m_vgate_thinox_max = 3.3297810000e+00
m_vna_peak = 2.4606690000e+00
m_vnb_peak = 2.4076180000e+00
m_vccomp_dev_max = 1.1823420000e+00
m_vccomp_stack_max = 4.7293670000e+00
m_t_plh_ns = 8.9303460000e-01
m_t_phl_ns = 4.2952780000e-01
m_vout_hi_ratio = 9.9999940000e-01
m_vout_lo_ratio = 2.0227740000e-07
Note: Simulation executed from .control section 

