
Note: No compatibility mode selected!


Circuit: * level-shifter-oxide-safety @ tt_125c_vlogic3p30v-vdrv6p00v -- generated by sim/harness, do not edit

Doing analysis at TEMP = 125.000000 and TNOM = 27.000000

Using SPARSE 1.3 as Direct Linear Solver

Initial Transient Solution
--------------------------

Node                                   Voltage
----                                   -------
inb                                        3.3
in                                           0
gnd_logic                                    0
vdd_logic                                  3.3
na                                     2.39403
nb                                 6.02107e-07
nca                                    5.99996
gnd_drv                             2.0517e-11
ncb                                1.78877e-06
vdd_drv                                      6
nbuf1                                  5.99999
out                                1.12888e-06
nccomp1                            1.62379e-06
nccomp2                            1.45882e-06
nccomp3                            1.29385e-06
vin#branch                                   0
vgnd_logic#branch                  3.59667e-08
vsup_drv#branch                    -3.1529e-08
vsup_logic#branch                 -4.43762e-09

 Reference value :  6.46690e-08
 Reference value :  1.47469e-07
No. of Data Rows : 10218
mq1                 =  3.30469e+00 at=  1.41253e-07
mq2                 =  3.30000e+00 at=  2.00000e-07
mq3                 =  3.30000e+00 at=  1.80000e-07
mq4                 =  3.30025e+00 at=  2.11820e-08
mq5                 =  3.32963e+00 at=  1.00074e-07
mq6                 =  3.32983e+00 at=  1.00074e-07
na_peak             =  2.47667e+00 at=  2.00756e-08
nb_peak             =  2.42379e+00 at=  1.40792e-07
mvc1                =  1.38200e+00 at=  6.10558e-08
mvc2                =  1.38200e+00 at=  6.10558e-08
mvc3                =  1.38200e+00 at=  6.10558e-08
mvc4                =  1.38200e+00 at=  6.10558e-08
vccomp_stack        =  5.52799e+00 at=  6.10558e-08
t_plh               =  7.41932e-10 targ=  2.09919e-08 trig=  2.02500e-08
t_phl               =  4.24623e-10 targ=  6.11746e-08 trig=  6.07500e-08
vout_hi_abs         =  6.00000e+00
vout_lo_abs         =  1.12888e-06
vdrv_now            =  6.00000e+00
m_vgate_thinox_max = 3.3298330000e+00
m_vna_peak = 2.4766700000e+00
m_vnb_peak = 2.4237870000e+00
m_vccomp_dev_max = 1.3819970000e+00
m_vccomp_stack_max = 5.5279860000e+00
m_t_plh_ns = 7.4193230000e-01
m_t_phl_ns = 4.2462300000e-01
m_vout_hi_ratio = 9.9999950000e-01
m_vout_lo_ratio = 1.8814583333e-07
Note: Simulation executed from .control section 

