
Note: No compatibility mode selected!


Circuit: * level-shifter-oxide-safety @ tt_125c_vlogic2p97v-vdrv4p50v -- generated by sim/harness, do not edit

Doing analysis at TEMP = 125.000000 and TNOM = 27.000000

Using SPARSE 1.3 as Direct Linear Solver

Initial Transient Solution
--------------------------

Node                                   Voltage
----                                   -------
inb                                       2.97
in                                           0
gnd_logic                                    0
vdd_logic                                 2.97
na                                     2.10581
nb                                 4.78137e-07
nca                                    4.49996
gnd_drv                            1.56778e-11
ncb                                1.45018e-06
vdd_drv                                    4.5
nbuf1                                  4.49999
out                                9.61459e-07
nccomp1                              1.328e-06
nccomp2                            1.20582e-06
nccomp3                            1.08364e-06
vin#branch                                   0
vgnd_logic#branch                  2.83344e-08
vsup_drv#branch                   -2.44558e-08
vsup_logic#branch                 -3.87859e-09

 Reference value :  6.46370e-08
 Reference value :  1.48897e-07
No. of Data Rows : 10178
mq1                 =  2.97353e+00 at=  6.13184e-08
mq2                 =  2.97000e+00 at=  2.00000e-07
mq3                 =  2.97000e+00 at=  1.80000e-07
mq4                 =  2.97013e+00 at=  2.14447e-08
mq5                 =  2.99939e+00 at=  2.00794e-08
mq6                 =  2.99962e+00 at=  2.00794e-08
na_peak             =  2.18640e+00 at=  2.00794e-08
nb_peak             =  2.13044e+00 at=  1.40809e-07
mvc1                =  1.06929e+00 at=  1.41086e-07
mvc2                =  1.06929e+00 at=  1.41086e-07
mvc3                =  1.06929e+00 at=  1.41086e-07
mvc4                =  1.06929e+00 at=  1.41086e-07
vccomp_stack        =  4.27716e+00 at=  1.41086e-07
t_plh               =  9.46360e-10 targ=  2.12241e-08 trig=  2.02778e-08
t_phl               =  4.90449e-10 targ=  6.12127e-08 trig=  6.07222e-08
vout_hi_abs         =  4.50000e+00
vout_lo_abs         =  9.61459e-07
vdrv_now            =  4.50000e+00
m_vgate_thinox_max = 2.9996170000e+00
m_vna_peak = 2.1863960000e+00
m_vnb_peak = 2.1304370000e+00
m_vccomp_dev_max = 1.0692900000e+00
m_vccomp_stack_max = 4.2771580000e+00
m_t_plh_ns = 9.4636010000e-01
m_t_phl_ns = 4.9044910000e-01
m_vout_hi_ratio = 9.9999933333e-01
m_vout_lo_ratio = 2.1365751111e-07
Note: Simulation executed from .control section 

