
Note: No compatibility mode selected!


Circuit: * level-shifter-oxide-safety @ tt_27c_vlogic3p30v-vdrv6p00v -- generated by sim/harness, do not edit

Doing analysis at TEMP = 27.000000 and TNOM = 27.000000

Using SPARSE 1.3 as Direct Linear Solver

Initial Transient Solution
--------------------------

Node                                   Voltage
----                                   -------
inb                                        3.3
in                                           0
gnd_logic                                    0
vdd_logic                                  3.3
na                                     2.28459
nb                                 4.68874e-07
nca                                    5.99998
gnd_drv                             2.0302e-11
ncb                                1.33584e-06
vdd_drv                                      6
nbuf1                                  5.99999
out                                8.02366e-07
nccomp1                            1.20247e-06
nccomp2                             1.0691e-06
nccomp3                            9.35734e-07
vin#branch                                   0
vgnd_logic#branch                   3.1899e-08
vsup_drv#branch                   -2.85948e-08
vsup_logic#branch                  -3.3042e-09

 Reference value :  6.40726e-08
 Reference value :  1.46973e-07
No. of Data Rows : 10265
mq1                 =  3.30528e+00 at=  6.11783e-08
mq2                 =  3.30000e+00 at=  2.00000e-07
mq3                 =  3.30000e+00 at=  1.80000e-07
mq4                 =  3.30031e+00 at=  2.10152e-08
mq5                 =  3.32664e+00 at=  2.00755e-08
mq6                 =  3.32678e+00 at=  2.00755e-08
na_peak             =  2.38259e+00 at=  2.00955e-08
nb_peak             =  2.34204e+00 at=  6.08060e-08
mvc1                =  1.40421e+00 at=  6.10182e-08
mvc2                =  1.40421e+00 at=  6.10182e-08
mvc3                =  1.40421e+00 at=  6.10182e-08
mvc4                =  1.40421e+00 at=  6.10182e-08
vccomp_stack        =  5.61684e+00 at=  6.10182e-08
t_plh               =  6.22385e-10 targ=  2.08724e-08 trig=  2.02500e-08
t_phl               =  3.67535e-10 targ=  6.11175e-08 trig=  6.07500e-08
vout_hi_abs         =  6.00000e+00
vout_lo_abs         =  8.02366e-07
vdrv_now            =  6.00000e+00
m_vgate_thinox_max = 3.3267760000e+00
m_vna_peak = 2.3825940000e+00
m_vnb_peak = 2.3420380000e+00
m_vccomp_dev_max = 1.4042100000e+00
m_vccomp_stack_max = 5.6168390000e+00
m_t_plh_ns = 6.2238450000e-01
m_t_phl_ns = 3.6753450000e-01
m_vout_hi_ratio = 9.9999966667e-01
m_vout_lo_ratio = 1.3372766667e-07
Note: Simulation executed from .control section 

