
Note: No compatibility mode selected!


Circuit: * gate-driver-core-drive-postlayout @ ff_-40c_vlogic2p97v-vdrv4p50v -- generated by sim/harness, do not edit

Doing analysis at TEMP = -40.000000 and TNOM = 27.000000

Using SPARSE 1.3 as Direct Linear Solver

Initial Transient Solution
--------------------------

Node                                   Voltage
----                                   -------
x1_inb                                    2.97
in                                           0
gnd_logic                                    0
x1_na                                  2.16742
x1_nb                              3.08756e-10
gnd_drv                            3.34281e-12
x2_n3                                      4.5
x2_n4                              1.94896e-09
x2_n5                                      4.5
out                                2.06687e-09
in_drv                             6.68217e-10
x1_nbuf1                                   4.5
x1_ncb                             8.40422e-10
x1_nca                                     4.5
vdd_logic                                 2.97
x2_n1                                      4.5
x2_n2                              1.31289e-09
vdd_drv                                    4.5
outcap                             2.06687e-09
vimeas#branch                       2.7465e-25
vin#branch                                   0
vgnd_logic#branch                  3.35342e-09
vsup_drv#branch                   -3.35027e-09
vsup_logic#branch                 -3.14719e-12

 Reference value :  2.36515e-07
 Reference value :  5.21353e-07
No. of Data Rows : 7049
trise10_90          =  3.81658e-09 targ=  2.59842e-08 trig=  2.21676e-08
tfall10_90          =  3.65696e-09 targ=  3.26647e-07 trig=  3.22990e-07
tpdlh               =  3.20153e-09 targ=  2.37015e-08 trig=  2.05000e-08
tpdhl               =  3.13809e-09 targ=  3.24638e-07 trig=  3.21500e-07
m_trise_s = 3.8165790000e-09
m_tfall_s = 3.6569600000e-09
m_tpdlh_s = 3.2015330000e-09
m_tpdhl_s = 3.1380870000e-09
m_ipeak_source_a = 1.2319250684e+00
m_ipeak_sink_a = 1.1270538351e+00
m_vout_max_v = 4.5026995666e+00
m_vout_min_v = -2.004416190e-03
m_vin_max_v = 2.9700000000e+00
m_vin_min_v = 0.0000000000e+00
m_indrv_max_v = 4.5406409639e+00
m_indrv_min_v = -2.267548528e-02
m_n1_max_v = 4.5616512606e+00
m_n1_min_v = -1.011424886e-02
m_n2_max_v = 4.5526323385e+00
m_n2_min_v = -3.098421376e-02
m_n3_max_v = 4.5380196351e+00
m_n3_min_v = -2.511229601e-02
m_n4_max_v = 4.5335026278e+00
m_n4_min_v = -2.061111590e-02
m_n5_max_v = 4.5376862413e+00
m_n5_min_v = -2.025997937e-02
Note: Simulation executed from .control section 

Note: vimeas: has no value, DC 0 assumed
