
Note: No compatibility mode selected!


Circuit: * gate-driver-core-drive-postlayout @ ff_-40c_vlogic3p30v-vdrv5p00v -- generated by sim/harness, do not edit

Doing analysis at TEMP = -40.000000 and TNOM = 27.000000

Using SPARSE 1.3 as Direct Linear Solver

Initial Transient Solution
--------------------------

Node                                   Voltage
----                                   -------
x1_inb                                     3.3
in                                           0
gnd_logic                                    0
x1_na                                  2.45011
x1_nb                              3.32605e-10
gnd_drv                            3.71573e-12
x2_n3                                        5
x2_n4                              2.04959e-09
x2_n5                                        5
out                                2.17358e-09
in_drv                             7.02982e-10
x1_nbuf1                                     5
x1_ncb                             8.73492e-10
x1_nca                                       5
vdd_logic                                  3.3
x2_n1                                        5
x2_n2                              1.38096e-09
vdd_drv                                      5
outcap                             2.17358e-09
vimeas#branch                     -1.96294e-25
vin#branch                                   0
vgnd_logic#branch                  3.72771e-09
vsup_drv#branch                   -3.72414e-09
vsup_logic#branch                 -3.56226e-12

 Reference value :  2.36443e-07
 Reference value :  5.22411e-07
No. of Data Rows : 7055
trise10_90          =  3.58252e-09 targ=  2.56613e-08 trig=  2.20788e-08
tfall10_90          =  3.49913e-09 targ=  3.26400e-07 trig=  3.22900e-07
tpdlh               =  3.01849e-09 targ=  2.35185e-08 trig=  2.05000e-08
tpdhl               =  2.98129e-09 targ=  3.24481e-07 trig=  3.21500e-07
m_trise_s = 3.5825250000e-09
m_tfall_s = 3.4991330000e-09
m_tpdlh_s = 3.0184910000e-09
m_tpdhl_s = 2.9812880000e-09
m_ipeak_source_a = 1.4534621906e+00
m_ipeak_sink_a = 1.2871494509e+00
m_vout_max_v = 5.0028000890e+00
m_vout_min_v = -2.174389812e-03
m_vin_max_v = 3.3000000000e+00
m_vin_min_v = 0.0000000000e+00
m_indrv_max_v = 5.0067159621e+00
m_indrv_min_v = -1.790883782e-02
m_n1_max_v = 5.0873184359e+00
m_n1_min_v = -1.970250976e-02
m_n2_max_v = 5.0562095590e+00
m_n2_min_v = -3.449786602e-02
m_n3_max_v = 5.0381581348e+00
m_n3_min_v = -2.527058222e-02
m_n4_max_v = 5.0238009330e+00
m_n4_min_v = -1.666705337e-02
m_n5_max_v = 5.0380836685e+00
m_n5_min_v = -2.143392972e-02
Note: Simulation executed from .control section 

Note: vimeas: has no value, DC 0 assumed
