
Note: No compatibility mode selected!


Circuit: * gate-driver-core-drive-postlayout @ ff_125c_vlogic3p63v-vdrv5p50v -- generated by sim/harness, do not edit

Doing analysis at TEMP = 125.000000 and TNOM = 27.000000

Using SPARSE 1.3 as Direct Linear Solver

Initial Transient Solution
--------------------------

Node                                   Voltage
----                                   -------
x1_inb                                 3.62999
in                                           0
gnd_logic                                    0
x1_na                                  2.73089
x1_nb                               2.1928e-09
gnd_drv                            1.44149e-10
x2_n3                                      5.5
x2_n4                              3.52447e-08
x2_n5                                      5.5
out                                 3.7372e-08
in_drv                             1.60268e-08
x1_nbuf1                                   5.5
x1_ncb                             6.14541e-09
x1_nca                                 5.49992
vdd_logic                                 3.63
x2_n1                                      5.5
x2_n2                              3.52408e-08
vdd_drv                                    5.5
outcap                              3.7372e-08
vimeas#branch                       8.3752e-23
vin#branch                                   0
vgnd_logic#branch                  1.89833e-07
vsup_drv#branch                   -1.75108e-07
vsup_logic#branch                 -1.47243e-08

 Reference value :  2.33398e-07
 Reference value :  5.18176e-07
No. of Data Rows : 7043
trise10_90          =  4.82606e-09 targ=  2.74178e-08 trig=  2.25917e-08
tfall10_90          =  4.96914e-09 targ=  3.28267e-07 trig=  3.23298e-07
tpdlh               =  3.88793e-09 targ=  2.43879e-08 trig=  2.05000e-08
tpdhl               =  3.88339e-09 targ=  3.25383e-07 trig=  3.21500e-07
m_trise_s = 4.8260600000e-09
m_tfall_s = 4.9691430000e-09
m_tpdlh_s = 3.8879260000e-09
m_tpdhl_s = 3.8833920000e-09
m_ipeak_source_a = 1.2846467200e+00
m_ipeak_sink_a = 1.0953111237e+00
m_vout_max_v = 5.5023631184e+00
m_vout_min_v = -1.502473732e-03
m_vin_max_v = 3.6300000000e+00
m_vin_min_v = 0.0000000000e+00
m_indrv_max_v = 5.5126693353e+00
m_indrv_min_v = -1.216469850e-02
m_n1_max_v = 5.5248716355e+00
m_n1_min_v = -2.746510939e-02
m_n2_max_v = 5.5471011296e+00
m_n2_min_v = -2.126036010e-02
m_n3_max_v = 5.5342255652e+00
m_n3_min_v = -2.273169968e-02
m_n4_max_v = 5.5293677467e+00
m_n4_min_v = -1.897076677e-02
m_n5_max_v = 5.5301127700e+00
m_n5_min_v = -1.575541893e-02
Note: Simulation executed from .control section 

Note: vimeas: has no value, DC 0 assumed
