
Note: No compatibility mode selected!


Circuit: * gate-driver-core-drive-postlayout @ ff_125c_vlogic2p97v-vdrv4p50v -- generated by sim/harness, do not edit

Doing analysis at TEMP = 125.000000 and TNOM = 27.000000

Using SPARSE 1.3 as Direct Linear Solver

Initial Transient Solution
--------------------------

Node                                   Voltage
----                                   -------
x1_inb                                    2.97
in                                           0
gnd_logic                                    0
x1_na                                  2.18079
x1_nb                              1.94722e-09
gnd_drv                            1.11881e-10
x2_n3                                      4.5
x2_n4                              3.07184e-08
x2_n5                                      4.5
out                                3.25733e-08
in_drv                             1.39773e-08
x1_nbuf1                                   4.5
x1_ncb                             5.64866e-09
x1_nca                                 4.49994
vdd_logic                                 2.97
x2_n1                                      4.5
x2_n2                              3.07463e-08
vdd_drv                                    4.5
outcap                             3.25733e-08
vimeas#branch                     -1.53235e-22
vin#branch                                   0
vgnd_logic#branch                  1.41595e-07
vsup_drv#branch                   -1.32801e-07
vsup_logic#branch                 -8.79438e-09

 Reference value :  2.32017e-07
 Reference value :  5.15769e-07
No. of Data Rows : 7035
trise10_90          =  5.58033e-09 targ=  2.84344e-08 trig=  2.28540e-08
tfall10_90          =  5.33816e-09 targ=  3.28872e-07 trig=  3.23534e-07
tpdlh               =  4.43187e-09 targ=  2.49319e-08 trig=  2.05000e-08
tpdhl               =  4.26749e-09 targ=  3.25767e-07 trig=  3.21500e-07
m_trise_s = 5.5803330000e-09
m_tfall_s = 5.3381620000e-09
m_tpdlh_s = 4.4318690000e-09
m_tpdhl_s = 4.2674860000e-09
m_ipeak_source_a = 9.0977053228e-01
m_ipeak_sink_a = 8.2630783001e-01
m_vout_max_v = 4.5023676223e+00
m_vout_min_v = -1.621049879e-03
m_vin_max_v = 2.9700000000e+00
m_vin_min_v = 0.0000000000e+00
m_indrv_max_v = 4.5497115506e+00
m_indrv_min_v = -1.668373048e-02
m_n1_max_v = 4.5199671463e+00
m_n1_min_v = -2.714276598e-02
m_n2_max_v = 4.5540385276e+00
m_n2_min_v = -2.520044015e-02
m_n3_max_v = 4.5307014393e+00
m_n3_min_v = -2.050927678e-02
m_n4_max_v = 4.5304034144e+00
m_n4_min_v = -1.989219607e-02
m_n5_max_v = 4.5317385121e+00
m_n5_min_v = -1.747054561e-02
Note: Simulation executed from .control section 

Note: vimeas: has no value, DC 0 assumed
