
Note: No compatibility mode selected!


Circuit: * gate-driver-core-drive-postlayout @ ff_125c_vlogic3p30v-vdrv5p00v -- generated by sim/harness, do not edit

Doing analysis at TEMP = 125.000000 and TNOM = 27.000000

Using SPARSE 1.3 as Direct Linear Solver

Initial Transient Solution
--------------------------

Node                                   Voltage
----                                   -------
x1_inb                                 3.29999
in                                           0
gnd_logic                                    0
x1_na                                  2.45416
x1_nb                              2.05275e-09
gnd_drv                            1.25888e-10
x2_n3                                        5
x2_n4                              3.26113e-08
x2_n5                                        5
out                                3.45802e-08
in_drv                             1.48297e-08
x1_nbuf1                                     5
x1_ncb                             5.84513e-09
x1_nca                                 4.99993
vdd_logic                                  3.3
x2_n1                                        5
x2_n2                              3.26127e-08
vdd_drv                                      5
outcap                             3.45802e-08
vimeas#branch                      1.16607e-22
vin#branch                                   0
vgnd_logic#branch                  1.62577e-07
vsup_drv#branch                   -1.51306e-07
vsup_logic#branch                  -1.1271e-08

 Reference value :  2.37794e-07
 Reference value :  5.22806e-07
No. of Data Rows : 7040
trise10_90          =  5.16205e-09 targ=  2.78667e-08 trig=  2.27046e-08
tfall10_90          =  5.12366e-09 targ=  3.28524e-07 trig=  3.23400e-07
tpdlh               =  4.12575e-09 targ=  2.46258e-08 trig=  2.05000e-08
tpdhl               =  4.04791e-09 targ=  3.25548e-07 trig=  3.21500e-07
m_trise_s = 5.1620530000e-09
m_tfall_s = 5.1236620000e-09
m_tpdlh_s = 4.1257530000e-09
m_tpdhl_s = 4.0479070000e-09
m_ipeak_source_a = 1.0946343143e+00
m_ipeak_sink_a = 9.6374381496e-01
m_vout_max_v = 5.0023567741e+00
m_vout_min_v = -1.753417323e-03
m_vin_max_v = 3.3000000000e+00
m_vin_min_v = 0.0000000000e+00
m_indrv_max_v = 5.0536309575e+00
m_indrv_min_v = -1.517259049e-02
m_n1_max_v = 5.0082525319e+00
m_n1_min_v = -2.500844775e-02
m_n2_max_v = 5.0524488681e+00
m_n2_min_v = -2.296769464e-02
m_n3_max_v = 5.0346663424e+00
m_n3_min_v = -2.186920270e-02
m_n4_max_v = 5.0292453573e+00
m_n4_min_v = -1.563248606e-02
m_n5_max_v = 5.0318984353e+00
m_n5_min_v = -1.759195543e-02
Note: Simulation executed from .control section 

Note: vimeas: has no value, DC 0 assumed
