
Note: No compatibility mode selected!


Circuit: * gate-driver-core-drive-postlayout @ fs_-40c_vlogic2p97v-vdrv4p50v -- generated by sim/harness, do not edit

Doing analysis at TEMP = -40.000000 and TNOM = 27.000000

Using SPARSE 1.3 as Direct Linear Solver

Initial Transient Solution
--------------------------

Node                                   Voltage
----                                   -------
x1_inb                                    2.97
in                                           0
gnd_logic                                    0
x1_na                                  2.13592
x1_nb                              3.10153e-10
gnd_drv                            3.25436e-12
x2_n3                                      4.5
x2_n4                              1.95569e-09
x2_n5                                      4.5
out                                2.07401e-09
in_drv                             6.65574e-10
x1_nbuf1                                   4.5
x1_ncb                             8.54577e-10
x1_nca                                     4.5
vdd_logic                                 2.97
x2_n1                                      4.5
x2_n2                              1.30444e-09
vdd_drv                                    4.5
outcap                             2.07401e-09
vimeas#branch                     -2.94845e-25
vin#branch                                   0
vgnd_logic#branch                  3.26457e-09
vsup_drv#branch                   -3.26152e-09
vsup_logic#branch                  -3.0426e-12

 Reference value :  2.39369e-07
 Reference value :  5.25265e-07
No. of Data Rows : 7047
trise10_90          =  5.12664e-09 targ=  2.77266e-08 trig=  2.26000e-08
tfall10_90          =  3.84722e-09 targ=  3.27167e-07 trig=  3.23320e-07
tpdlh               =  4.18636e-09 targ=  2.46864e-08 trig=  2.05000e-08
tpdhl               =  3.56032e-09 targ=  3.25060e-07 trig=  3.21500e-07
m_trise_s = 5.1266400000e-09
m_tfall_s = 3.8472190000e-09
m_tpdlh_s = 4.1863570000e-09
m_tpdhl_s = 3.5603200000e-09
m_ipeak_source_a = 8.9983482967e-01
m_ipeak_sink_a = 1.0539464630e+00
m_vout_max_v = 4.5035240195e+00
m_vout_min_v = -2.958620393e-03
m_vin_max_v = 2.9700000000e+00
m_vin_min_v = 0.0000000000e+00
m_indrv_max_v = 4.5480817135e+00
m_indrv_min_v = -2.842731424e-02
m_n1_max_v = 4.5275170018e+00
m_n1_min_v = -3.336255461e-02
m_n2_max_v = 4.5585664166e+00
m_n2_min_v = -3.402134529e-02
m_n3_max_v = 4.5428593943e+00
m_n3_min_v = -2.148274055e-02
m_n4_max_v = 4.5352851777e+00
m_n4_min_v = -2.084916010e-02
m_n5_max_v = 4.5435040319e+00
m_n5_min_v = -2.206782644e-02
Note: Simulation executed from .control section 

Note: vimeas: has no value, DC 0 assumed
