
Note: No compatibility mode selected!


Circuit: * gate-driver-core-drive-postlayout @ fs_125c_vlogic2p97v-vdrv4p50v -- generated by sim/harness, do not edit

Doing analysis at TEMP = 125.000000 and TNOM = 27.000000

Using SPARSE 1.3 as Direct Linear Solver

Initial Transient Solution
--------------------------

Node                                   Voltage
----                                   -------
x1_inb                                    2.97
in                                           0
gnd_logic                                    0
x1_na                                  2.16822
x1_nb                              5.35903e-10
gnd_drv                             4.7048e-11
x2_n3                                      4.5
x2_n4                              4.04769e-09
x2_n5                                      4.5
out                                4.29015e-09
in_drv                             1.65067e-09
x1_nbuf1                                   4.5
x1_ncb                             1.57063e-09
x1_nca                                 4.49995
vdd_logic                                 2.97
x2_n1                                      4.5
x2_n2                              3.30695e-09
vdd_drv                                    4.5
outcap                             4.29015e-09
vimeas#branch                     -2.51385e-24
vin#branch                                   0
vgnd_logic#branch                  6.40842e-08
vsup_drv#branch                   -5.90522e-08
vsup_logic#branch                 -5.03206e-09

 Reference value :  2.36175e-07
 Reference value :  5.19069e-07
No. of Data Rows : 7033
trise10_90          =  7.70304e-09 targ=  3.12440e-08 trig=  2.35410e-08
tfall10_90          =  5.59216e-09 targ=  3.29599e-07 trig=  3.24007e-07
tpdlh               =  5.97242e-09 targ=  2.64724e-08 trig=  2.05000e-08
tpdhl               =  4.85335e-09 targ=  3.26353e-07 trig=  3.21500e-07
m_trise_s = 7.7030390000e-09
m_tfall_s = 5.5921560000e-09
m_tpdlh_s = 5.9724240000e-09
m_tpdhl_s = 4.8533520000e-09
m_ipeak_source_a = 6.4244649081e-01
m_ipeak_sink_a = 7.9281779034e-01
m_vout_max_v = 4.5026262235e+00
m_vout_min_v = -2.442163303e-03
m_vin_max_v = 2.9700000000e+00
m_vin_min_v = 0.0000000000e+00
m_indrv_max_v = 4.5860023481e+00
m_indrv_min_v = -2.010992437e-02
m_n1_max_v = 4.5365713770e+00
m_n1_min_v = -4.425346602e-02
m_n2_max_v = 4.5530939238e+00
m_n2_min_v = -3.293099074e-02
m_n3_max_v = 4.5380838940e+00
m_n3_min_v = -2.282119631e-02
m_n4_max_v = 4.5348504597e+00
m_n4_min_v = -2.512422132e-02
m_n5_max_v = 4.5322158340e+00
m_n5_min_v = -2.357184232e-02
Note: Simulation executed from .control section 

Note: vimeas: has no value, DC 0 assumed
