
Note: No compatibility mode selected!


Circuit: * gate-driver-core-drive-postlayout @ fs_27c_vlogic3p30v-vdrv6p00v -- generated by sim/harness, do not edit

Doing analysis at TEMP = 27.000000 and TNOM = 27.000000

Using SPARSE 1.3 as Direct Linear Solver

Initial Transient Solution
--------------------------

Node                                   Voltage
----                                   -------
x1_inb                                     3.3
in                                           0
gnd_logic                                    0
x1_na                                  2.48355
x1_nb                              4.84749e-10
gnd_drv                            4.55493e-12
x2_n3                                        6
x2_n4                              3.00575e-09
x2_n5                                        6
out                                3.18764e-09
in_drv                             1.02331e-09
x1_nbuf1                                     6
x1_ncb                             1.33748e-09
x1_nca                                       6
vdd_logic                                  3.3
x2_n1                                        6
x2_n2                              2.00503e-09
vdd_drv                                      6
outcap                             3.18764e-09
vimeas#branch                      6.70469e-26
vin#branch                                   0
vgnd_logic#branch                  4.68868e-09
vsup_drv#branch                   -4.64517e-09
vsup_logic#branch                 -4.35066e-11

 Reference value :  2.37664e-07
 Reference value :  5.23779e-07
No. of Data Rows : 7048
trise10_90          =  5.02151e-09 targ=  2.75231e-08 trig=  2.25016e-08
tfall10_90          =  4.04401e-09 targ=  3.27339e-07 trig=  3.23295e-07
tpdlh               =  3.96416e-09 targ=  2.44642e-08 trig=  2.05000e-08
tpdhl               =  3.57049e-09 targ=  3.25070e-07 trig=  3.21500e-07
m_trise_s = 5.0215110000e-09
m_tfall_s = 4.0440130000e-09
m_tpdlh_s = 3.9641630000e-09
m_tpdhl_s = 3.5704940000e-09
m_ipeak_source_a = 1.2781751858e+00
m_ipeak_sink_a = 1.3940456134e+00
m_vout_max_v = 6.0030243091e+00
m_vout_min_v = -2.763357898e-03
m_vin_max_v = 3.3000000000e+00
m_vin_min_v = 0.0000000000e+00
m_indrv_max_v = 6.0103115784e+00
m_indrv_min_v = -2.214396923e-02
m_n1_max_v = 6.0449813873e+00
m_n1_min_v = -3.833968361e-02
m_n2_max_v = 6.0621463340e+00
m_n2_min_v = -4.042625978e-02
m_n3_max_v = 6.0389410021e+00
m_n3_min_v = -2.726571669e-02
m_n4_max_v = 6.0356782960e+00
m_n4_min_v = -2.432549532e-02
m_n5_max_v = 6.0369301341e+00
m_n5_min_v = -2.331702134e-02
Note: Simulation executed from .control section 

Note: vimeas: has no value, DC 0 assumed
