
Note: No compatibility mode selected!


Circuit: * gate-driver-core-drive-postlayout @ sf_-40c_vlogic2p97v-vdrv4p50v -- generated by sim/harness, do not edit

Doing analysis at TEMP = -40.000000 and TNOM = 27.000000

Using SPARSE 1.3 as Direct Linear Solver

Initial Transient Solution
--------------------------

Node                                   Voltage
----                                   -------
x1_inb                                    2.97
in                                           0
gnd_logic                                    0
x1_na                                  1.96354
x1_nb                              3.47814e-10
gnd_drv                            3.32327e-12
x2_n3                                      4.5
x2_n4                              2.39122e-09
x2_n5                                      4.5
out                                2.53594e-09
in_drv                             8.15836e-10
x1_nbuf1                                   4.5
x1_ncb                             1.04152e-09
x1_nca                                     4.5
vdd_logic                                 2.97
x2_n1                                      4.5
x2_n2                              1.61054e-09
vdd_drv                                    4.5
outcap                             2.53594e-09
vimeas#branch                      5.58993e-25
vin#branch                                   0
vgnd_logic#branch                  3.33318e-09
vsup_drv#branch                   -3.33021e-09
vsup_logic#branch                 -2.97029e-12

 Reference value :  2.33317e-07
 Reference value :  5.18747e-07
No. of Data Rows : 7043
trise10_90          =  4.03243e-09 targ=  2.65734e-08 trig=  2.25409e-08
tfall10_90          =  5.03479e-09 targ=  3.28414e-07 trig=  3.23379e-07
tpdlh               =  3.66568e-09 targ=  2.41657e-08 trig=  2.05000e-08
tpdhl               =  4.20306e-09 targ=  3.25703e-07 trig=  3.21500e-07
m_trise_s = 4.0324310000e-09
m_tfall_s = 5.0347870000e-09
m_tpdlh_s = 3.6656840000e-09
m_tpdhl_s = 4.2030580000e-09
m_ipeak_source_a = 1.1408573928e+00
m_ipeak_sink_a = 7.8449172795e-01
m_vout_max_v = 4.5032713584e+00
m_vout_min_v = -2.432803711e-03
m_vin_max_v = 2.9700000000e+00
m_vin_min_v = 0.0000000000e+00
m_indrv_max_v = 4.5709270743e+00
m_indrv_min_v = -3.644717961e-02
m_n1_max_v = 4.5306933382e+00
m_n1_min_v = -3.675495209e-02
m_n2_max_v = 4.5619217582e+00
m_n2_min_v = -2.750824688e-02
m_n3_max_v = 4.5399120185e+00
m_n3_min_v = -2.704177679e-02
m_n4_max_v = 4.5398982379e+00
m_n4_min_v = -2.217734593e-02
m_n5_max_v = 4.5440816881e+00
m_n5_min_v = -1.940492082e-02
Note: Simulation executed from .control section 

Note: vimeas: has no value, DC 0 assumed
