
Note: No compatibility mode selected!


Circuit: * gate-driver-core-drive-postlayout @ sf_-40c_vlogic3p63v-vdrv5p50v -- generated by sim/harness, do not edit

Doing analysis at TEMP = -40.000000 and TNOM = 27.000000

Using SPARSE 1.3 as Direct Linear Solver

Initial Transient Solution
--------------------------

Node                                   Voltage
----                                   -------
x1_inb                                    3.63
in                                           0
gnd_logic                                    0
x1_na                                  2.51883
x1_nb                              3.94726e-10
gnd_drv                            4.06452e-12
x2_n3                                      5.5
x2_n4                              2.58502e-09
x2_n5                                      5.5
out                                2.74144e-09
in_drv                             8.82541e-10
x1_nbuf1                                   5.5
x1_ncb                             1.09315e-09
x1_nca                                     5.5
vdd_logic                                 3.63
x2_n1                                      5.5
x2_n2                              1.74168e-09
vdd_drv                                    5.5
outcap                             2.74144e-09
vimeas#branch                     -1.68021e-25
vin#branch                                   0
vgnd_logic#branch                  4.07675e-09
vsup_drv#branch                   -4.07312e-09
vsup_logic#branch                 -3.63575e-12

 Reference value :  2.34003e-07
 Reference value :  5.15776e-07
No. of Data Rows : 7049
trise10_90          =  3.57467e-09 targ=  2.59073e-08 trig=  2.23326e-08
tfall10_90          =  4.55244e-09 targ=  3.27715e-07 trig=  3.23163e-07
tpdlh               =  3.27173e-09 targ=  2.37717e-08 trig=  2.05000e-08
tpdhl               =  3.77426e-09 targ=  3.25274e-07 trig=  3.21500e-07
m_trise_s = 3.5746740000e-09
m_tfall_s = 4.5524390000e-09
m_tpdlh_s = 3.2717310000e-09
m_tpdhl_s = 3.7742590000e-09
m_ipeak_source_a = 1.5834841810e+00
m_ipeak_sink_a = 1.0673633921e+00
m_vout_max_v = 5.5045769937e+00
m_vout_min_v = -2.208727835e-03
m_vin_max_v = 3.6300000000e+00
m_vin_min_v = 0.0000000000e+00
m_indrv_max_v = 5.5262246393e+00
m_indrv_min_v = -1.903761874e-02
m_n1_max_v = 5.5720149448e+00
m_n1_min_v = -1.468935866e-02
m_n2_max_v = 5.5698464615e+00
m_n2_min_v = -3.283205272e-02
m_n3_max_v = 5.5338797061e+00
m_n3_min_v = -2.812749058e-02
m_n4_max_v = 5.5369877852e+00
m_n4_min_v = -1.199014381e-02
m_n5_max_v = 5.5437321078e+00
m_n5_min_v = -2.518526849e-02
Note: Simulation executed from .control section 

Note: vimeas: has no value, DC 0 assumed
