
Note: No compatibility mode selected!


Circuit: * gate-driver-core-drive-postlayout @ sf_125c_vlogic3p63v-vdrv5p50v -- generated by sim/harness, do not edit

Doing analysis at TEMP = 125.000000 and TNOM = 27.000000

Using SPARSE 1.3 as Direct Linear Solver

Initial Transient Solution
--------------------------

Node                                   Voltage
----                                   -------
x1_inb                                    3.63
in                                           0
gnd_logic                                    0
x1_na                                  2.65405
x1_nb                              1.40191e-09
gnd_drv                            1.78576e-11
x2_n3                                      5.5
x2_n4                              2.07384e-08
x2_n5                                      5.5
out                                2.19942e-08
in_drv                             9.17753e-09
x1_nbuf1                                   5.5
x1_ncb                             4.29256e-09
x1_nca                                     5.5
vdd_logic                                 3.63
x2_n1                                      5.5
x2_n2                              2.01279e-08
vdd_drv                                    5.5
outcap                             2.19942e-08
vimeas#branch                     -7.24688e-23
vin#branch                                   0
vgnd_logic#branch                  1.87253e-08
vsup_drv#branch                   -1.84605e-08
vsup_logic#branch                 -2.64788e-10

 Reference value :  2.37571e-07
 Reference value :  5.23576e-07
No. of Data Rows : 7039
trise10_90          =  5.10389e-09 targ=  2.80976e-08 trig=  2.29937e-08
tfall10_90          =  6.42719e-09 targ=  3.30147e-07 trig=  3.23720e-07
tpdlh               =  4.39906e-09 targ=  2.48991e-08 trig=  2.05000e-08
tpdhl               =  4.96205e-09 targ=  3.26462e-07 trig=  3.21500e-07
m_trise_s = 5.1038940000e-09
m_tfall_s = 6.4271880000e-09
m_tpdlh_s = 4.3990570000e-09
m_tpdhl_s = 4.9620490000e-09
m_ipeak_source_a = 1.2152105799e+00
m_ipeak_sink_a = 8.3185089379e-01
m_vout_max_v = 5.5035674734e+00
m_vout_min_v = -2.029259579e-03
m_vin_max_v = 3.6300000000e+00
m_vin_min_v = 0.0000000000e+00
m_indrv_max_v = 5.5663197249e+00
m_indrv_min_v = -2.522291431e-02
m_n1_max_v = 5.5262891199e+00
m_n1_min_v = -1.878391995e-02
m_n2_max_v = 5.5719653402e+00
m_n2_min_v = -2.980634888e-02
m_n3_max_v = 5.5405421968e+00
m_n3_min_v = -1.957949454e-02
m_n4_max_v = 5.5411477234e+00
m_n4_min_v = -2.259192468e-02
m_n5_max_v = 5.5402401025e+00
m_n5_min_v = -1.820073635e-02
Note: Simulation executed from .control section 

Note: vimeas: has no value, DC 0 assumed
