
Note: No compatibility mode selected!


Circuit: * gate-driver-core-drive-postlayout @ sf_27c_vlogic3p30v-vdrv5p00v -- generated by sim/harness, do not edit

Doing analysis at TEMP = 27.000000 and TNOM = 27.000000

Using SPARSE 1.3 as Direct Linear Solver

Initial Transient Solution
--------------------------

Node                                   Voltage
----                                   -------
x1_inb                                     3.3
in                                           0
gnd_logic                                    0
x1_na                                  2.36161
x1_nb                              4.55329e-10
gnd_drv                            3.70353e-12
x2_n3                                        5
x2_n4                              3.29522e-09
x2_n5                                        5
out                                 3.4947e-09
in_drv                             1.12498e-09
x1_nbuf1                                     5
x1_ncb                             1.36164e-09
x1_nca                                       5
vdd_logic                                  3.3
x2_n1                                        5
x2_n2                              2.22181e-09
vdd_drv                                      5
outcap                              3.4947e-09
vimeas#branch                     -8.94227e-25
vin#branch                                   0
vgnd_logic#branch                  3.71613e-09
vsup_drv#branch                   -3.71237e-09
vsup_logic#branch                 -3.76084e-12

 Reference value :  2.37809e-07
 Reference value :  5.23952e-07
No. of Data Rows : 7041
trise10_90          =  4.52113e-09 targ=  2.72441e-08 trig=  2.27230e-08
tfall10_90          =  5.47182e-09 targ=  3.28972e-07 trig=  3.23500e-07
tpdlh               =  3.97465e-09 targ=  2.44746e-08 trig=  2.05000e-08
tpdhl               =  4.44233e-09 targ=  3.25942e-07 trig=  3.21500e-07
m_trise_s = 4.5211280000e-09
m_tfall_s = 5.4718180000e-09
m_tpdlh_s = 3.9746460000e-09
m_tpdhl_s = 4.4423340000e-09
m_ipeak_source_a = 1.1937156693e+00
m_ipeak_sink_a = 8.4238685565e-01
m_vout_max_v = 5.0041840402e+00
m_vout_min_v = -2.121846388e-03
m_vin_max_v = 3.3000000000e+00
m_vin_min_v = 0.0000000000e+00
m_indrv_max_v = 5.0699301289e+00
m_indrv_min_v = -3.260968393e-02
m_n1_max_v = 5.0348321021e+00
m_n1_min_v = -2.357779241e-02
m_n2_max_v = 5.0721565426e+00
m_n2_min_v = -3.231062834e-02
m_n3_max_v = 5.0445284891e+00
m_n3_min_v = -2.322094592e-02
m_n4_max_v = 5.0447149548e+00
m_n4_min_v = -2.414609408e-02
m_n5_max_v = 5.0455590521e+00
m_n5_min_v = -1.832520880e-02
Note: Simulation executed from .control section 

Note: vimeas: has no value, DC 0 assumed
