
Note: No compatibility mode selected!


Circuit: * gate-driver-core-drive-postlayout @ sf_27c_vlogic2p97v-vdrv4p50v -- generated by sim/harness, do not edit

Doing analysis at TEMP = 27.000000 and TNOM = 27.000000

Using SPARSE 1.3 as Direct Linear Solver

Initial Transient Solution
--------------------------

Node                                   Voltage
----                                   -------
x1_inb                                    2.97
in                                           0
gnd_logic                                    0
x1_na                                  2.08834
x1_nb                              4.31381e-10
gnd_drv                            3.33175e-12
x2_n3                                      4.5
x2_n4                              3.16478e-09
x2_n5                                      4.5
out                                3.35638e-09
in_drv                              1.0801e-09
x1_nbuf1                                   4.5
x1_ncb                             1.33449e-09
x1_nca                                     4.5
vdd_logic                                 2.97
x2_n1                                      4.5
x2_n2                               2.1334e-09
vdd_drv                                    4.5
outcap                             3.35638e-09
vimeas#branch                      2.22951e-25
vin#branch                                   0
vgnd_logic#branch                   3.3429e-09
vsup_drv#branch                   -3.33958e-09
vsup_logic#branch                 -3.32461e-12

 Reference value :  2.30509e-07
 Reference value :  5.15169e-07
No. of Data Rows : 7036
trise10_90          =  4.85793e-09 targ=  2.77223e-08 trig=  2.28644e-08
tfall10_90          =  5.79490e-09 targ=  3.29438e-07 trig=  3.23643e-07
tpdlh               =  4.24898e-09 targ=  2.47490e-08 trig=  2.05000e-08
tpdhl               =  4.72344e-09 targ=  3.26223e-07 trig=  3.21500e-07
m_trise_s = 4.8579310000e-09
m_tfall_s = 5.7949000000e-09
m_tpdlh_s = 4.2489800000e-09
m_tpdhl_s = 4.7234410000e-09
m_ipeak_source_a = 9.9140207027e-01
m_ipeak_sink_a = 7.1692162916e-01
m_vout_max_v = 4.5038885533e+00
m_vout_min_v = -2.152661020e-03
m_vin_max_v = 2.9700000000e+00
m_vin_min_v = 0.0000000000e+00
m_indrv_max_v = 4.5613456558e+00
m_indrv_min_v = -3.195478349e-02
m_n1_max_v = 4.5595006328e+00
m_n1_min_v = -1.582060316e-02
m_n2_max_v = 4.5715968525e+00
m_n2_min_v = -3.246275963e-02
m_n3_max_v = 4.5409973452e+00
m_n3_min_v = -2.688121027e-02
m_n4_max_v = 4.5311320032e+00
m_n4_min_v = -2.479223131e-02
m_n5_max_v = 4.5386179302e+00
m_n5_min_v = -2.567487883e-02
Note: Simulation executed from .control section 

Note: vimeas: has no value, DC 0 assumed
