
Note: No compatibility mode selected!


Circuit: * gate-driver-core-drive-postlayout @ sf_27c_vlogic3p30v-vdrv6p00v -- generated by sim/harness, do not edit

Doing analysis at TEMP = 27.000000 and TNOM = 27.000000

Using SPARSE 1.3 as Direct Linear Solver

Initial Transient Solution
--------------------------

Node                                   Voltage
----                                   -------
x1_inb                                     3.3
in                                           0
gnd_logic                                    0
x1_na                                   2.3742
x1_nb                               5.4656e-10
gnd_drv                            4.44699e-12
x2_n3                                        6
x2_n4                              3.61708e-09
x2_n5                                        6
out                                3.83603e-09
in_drv                             1.23555e-09
x1_nbuf1                                     6
x1_ncb                             1.63447e-09
x1_nca                                       6
vdd_logic                                  3.3
x2_n1                                        6
x2_n2                              2.43961e-09
vdd_drv                                      6
outcap                             3.83603e-09
vimeas#branch                      3.18271e-25
vin#branch                                   0
vgnd_logic#branch                  4.46071e-09
vsup_drv#branch                   -4.45695e-09
vsup_logic#branch                 -3.76084e-12

 Reference value :  2.37448e-07
 Reference value :  5.21457e-07
No. of Data Rows : 7047
trise10_90          =  4.04655e-09 targ=  2.65083e-08 trig=  2.24618e-08
tfall10_90          =  5.05419e-09 targ=  3.28387e-07 trig=  3.23333e-07
tpdlh               =  3.52908e-09 targ=  2.40291e-08 trig=  2.05000e-08
tpdhl               =  4.09532e-09 targ=  3.25595e-07 trig=  3.21500e-07
m_trise_s = 4.0465540000e-09
m_tfall_s = 5.0541900000e-09
m_tpdlh_s = 3.5290820000e-09
m_tpdhl_s = 4.0953200000e-09
m_ipeak_source_a = 1.5953984741e+00
m_ipeak_sink_a = 1.0856309847e+00
m_vout_max_v = 6.0039358333e+00
m_vout_min_v = -2.241778804e-03
m_vin_max_v = 3.3000000000e+00
m_vin_min_v = 0.0000000000e+00
m_indrv_max_v = 6.0663519461e+00
m_indrv_min_v = -2.038553881e-02
m_n1_max_v = 6.0689299796e+00
m_n1_min_v = -3.148374498e-02
m_n2_max_v = 6.0643553941e+00
m_n2_min_v = -3.533278272e-02
m_n3_max_v = 6.0435475877e+00
m_n3_min_v = -2.793529394e-02
m_n4_max_v = 6.0411298305e+00
m_n4_min_v = -1.948563195e-02
m_n5_max_v = 6.0466476332e+00
m_n5_min_v = -1.538089285e-02
Note: Simulation executed from .control section 

Note: vimeas: has no value, DC 0 assumed
