
Note: No compatibility mode selected!


Circuit: * gate-driver-core-drive-postlayout @ ss_-40c_vlogic3p30v-vdrv5p00v -- generated by sim/harness, do not edit

Doing analysis at TEMP = -40.000000 and TNOM = 27.000000

Using SPARSE 1.3 as Direct Linear Solver

Initial Transient Solution
--------------------------

Node                                   Voltage
----                                   -------
x1_inb                                     3.3
in                                           0
gnd_logic                                    0
x1_na                                  2.20524
x1_nb                              3.71724e-10
gnd_drv                            3.59903e-12
x2_n3                                        5
x2_n4                              2.51077e-09
x2_n5                                        5
out                                2.66272e-09
in_drv                              8.5077e-10
x1_nbuf1                                     5
x1_ncb                             1.08761e-09
x1_nca                                       5
vdd_logic                                  3.3
x2_n1                                        5
x2_n2                               1.6753e-09
vdd_drv                                      5
outcap                             2.66272e-09
vimeas#branch                      4.40247e-25
vin#branch                                   0
vgnd_logic#branch                  3.60997e-09
vsup_drv#branch                   -3.60667e-09
vsup_logic#branch                 -3.30048e-12

 Reference value :  2.36827e-07
 Reference value :  5.24408e-07
No. of Data Rows : 7042
trise10_90          =  5.07193e-09 targ=  2.79735e-08 trig=  2.29016e-08
tfall10_90          =  5.07148e-09 targ=  3.28730e-07 trig=  3.23659e-07
tpdlh               =  4.46309e-09 targ=  2.49631e-08 trig=  2.05000e-08
tpdhl               =  4.51600e-09 targ=  3.26016e-07 trig=  3.21500e-07
m_trise_s = 5.0719320000e-09
m_tfall_s = 5.0714770000e-09
m_tpdlh_s = 4.4630890000e-09
m_tpdhl_s = 4.5160000000e-09
m_ipeak_source_a = 1.0087313964e+00
m_ipeak_sink_a = 8.7753628802e-01
m_vout_max_v = 5.0046312043e+00
m_vout_min_v = -3.234238047e-03
m_vin_max_v = 3.3000000000e+00
m_vin_min_v = 0.0000000000e+00
m_indrv_max_v = 5.1038159445e+00
m_indrv_min_v = -3.727048799e-02
m_n1_max_v = 5.0596160124e+00
m_n1_min_v = -3.276891235e-02
m_n2_max_v = 5.0741767119e+00
m_n2_min_v = -3.481174640e-02
m_n3_max_v = 5.0493883038e+00
m_n3_min_v = -3.013026994e-02
m_n4_max_v = 5.0494485884e+00
m_n4_min_v = -2.894432559e-02
m_n5_max_v = 5.0501124059e+00
m_n5_min_v = -2.357685228e-02
Note: Simulation executed from .control section 

Note: vimeas: has no value, DC 0 assumed
