
Note: No compatibility mode selected!


Circuit: * gate-driver-core-drive-postlayout @ ss_-40c_vlogic2p97v-vdrv4p50v -- generated by sim/harness, do not edit

Doing analysis at TEMP = -40.000000 and TNOM = 27.000000

Using SPARSE 1.3 as Direct Linear Solver

Initial Transient Solution
--------------------------

Node                                   Voltage
----                                   -------
x1_inb                                    2.97
in                                           0
gnd_logic                                    0
x1_na                                  1.93131
x1_nb                              3.50113e-10
gnd_drv                            3.23796e-12
x2_n3                                      4.5
x2_n4                              2.42584e-09
x2_n5                                      4.5
out                                2.57266e-09
in_drv                             8.21697e-10
x1_nbuf1                                   4.5
x1_ncb                             1.06853e-09
x1_nca                                     4.5
vdd_logic                                 2.97
x2_n1                                      4.5
x2_n2                              1.61829e-09
vdd_drv                                    4.5
outcap                             2.57266e-09
vimeas#branch                      7.67404e-27
vin#branch                                   0
vgnd_logic#branch                  3.24776e-09
vsup_drv#branch                   -3.24479e-09
vsup_logic#branch                 -2.97013e-12

 Reference value :  2.36415e-07
 Reference value :  5.22907e-07
No. of Data Rows : 7037
trise10_90          =  5.51928e-09 targ=  2.86169e-08 trig=  2.30976e-08
tfall10_90          =  5.37618e-09 targ=  3.29217e-07 trig=  3.23841e-07
tpdlh               =  4.84846e-09 targ=  2.53485e-08 trig=  2.05000e-08
tpdhl               =  4.83306e-09 targ=  3.26333e-07 trig=  3.21500e-07
m_trise_s = 5.5192780000e-09
m_tfall_s = 5.3761800000e-09
m_tpdlh_s = 4.8484570000e-09
m_tpdhl_s = 4.8330620000e-09
m_ipeak_source_a = 8.2547951527e-01
m_ipeak_sink_a = 7.4134630305e-01
m_vout_max_v = 4.5044248108e+00
m_vout_min_v = -3.245869075e-03
m_vin_max_v = 2.9700000000e+00
m_vin_min_v = 0.0000000000e+00
m_indrv_max_v = 4.6095831257e+00
m_indrv_min_v = -2.968032980e-02
m_n1_max_v = 4.5353665671e+00
m_n1_min_v = -4.672063859e-02
m_n2_max_v = 4.5720325757e+00
m_n2_min_v = -3.695808005e-02
m_n3_max_v = 4.5400162718e+00
m_n3_min_v = -3.000615412e-02
m_n4_max_v = 4.5478500783e+00
m_n4_min_v = -2.210586028e-02
m_n5_max_v = 4.5494821944e+00
m_n5_min_v = -1.970528028e-02
Note: Simulation executed from .control section 

Note: vimeas: has no value, DC 0 assumed
