
Note: No compatibility mode selected!


Circuit: * gate-driver-core-drive-postlayout @ ss_125c_vlogic3p30v-vdrv5p00v -- generated by sim/harness, do not edit

Doing analysis at TEMP = 125.000000 and TNOM = 27.000000

Using SPARSE 1.3 as Direct Linear Solver

Initial Transient Solution
--------------------------

Node                                   Voltage
----                                   -------
x1_inb                                     3.3
in                                           0
gnd_logic                                    0
x1_na                                    2.366
x1_nb                              6.36504e-10
gnd_drv                              4.577e-12
x2_n3                                        5
x2_n4                              5.05848e-09
x2_n5                                        5
out                                5.36477e-09
in_drv                             1.98024e-09
x1_nbuf1                                     5
x1_ncb                             2.02327e-09
x1_nca                                       5
vdd_logic                                  3.3
x2_n1                                        5
x2_n2                              4.00422e-09
vdd_drv                                      5
outcap                             5.36477e-09
vimeas#branch                     -3.78774e-24
vin#branch                                   0
vgnd_logic#branch                  5.01065e-09
vsup_drv#branch                   -4.88307e-09
vsup_logic#branch                 -1.27577e-10

 Reference value :  2.31299e-07
 Reference value :  5.14780e-07
No. of Data Rows : 7033
trise10_90          =  7.59295e-09 targ=  3.15056e-08 trig=  2.39126e-08
tfall10_90          =  7.08540e-09 targ=  3.31511e-07 trig=  3.24426e-07
tpdlh               =  6.30267e-09 targ=  2.68027e-08 trig=  2.05000e-08
tpdhl               =  5.95193e-09 targ=  3.27452e-07 trig=  3.21500e-07
m_trise_s = 7.5929510000e-09
m_tfall_s = 7.0853960000e-09
m_tpdlh_s = 6.3026720000e-09
m_tpdhl_s = 5.9519280000e-09
m_ipeak_source_a = 7.2148905549e-01
m_ipeak_sink_a = 6.7394672851e-01
m_vout_max_v = 5.0040268024e+00
m_vout_min_v = -2.998748119e-03
m_vin_max_v = 3.3000000000e+00
m_vin_min_v = 0.0000000000e+00
m_indrv_max_v = 5.1101180337e+00
m_indrv_min_v = -2.973566880e-02
m_n1_max_v = 5.0217277420e+00
m_n1_min_v = -4.057094455e-02
m_n2_max_v = 5.0651920086e+00
m_n2_min_v = -3.434137166e-02
m_n3_max_v = 5.0466526610e+00
m_n3_min_v = -2.263222506e-02
m_n4_max_v = 5.0461000214e+00
m_n4_min_v = -2.788918254e-02
m_n5_max_v = 5.0519338432e+00
m_n5_min_v = -2.886726952e-02
Note: Simulation executed from .control section 

Note: vimeas: has no value, DC 0 assumed
