
Note: No compatibility mode selected!


Circuit: * gate-driver-core-drive-postlayout @ ss_27c_vlogic2p97v-vdrv4p50v -- generated by sim/harness, do not edit

Doing analysis at TEMP = 27.000000 and TNOM = 27.000000

Using SPARSE 1.3 as Direct Linear Solver

Initial Transient Solution
--------------------------

Node                                   Voltage
----                                   -------
x1_inb                                    2.97
in                                           0
gnd_logic                                    0
x1_na                                  2.05813
x1_nb                              4.35628e-10
gnd_drv                            3.23873e-12
x2_n3                                      4.5
x2_n4                              3.21419e-09
x2_n5                                      4.5
out                                3.40879e-09
in_drv                             1.08826e-09
x1_nbuf1                                   4.5
x1_ncb                              1.3732e-09
x1_nca                                     4.5
vdd_logic                                 2.97
x2_n1                                      4.5
x2_n2                              2.14354e-09
vdd_drv                                    4.5
outcap                             3.40879e-09
vimeas#branch                     -2.87978e-25
vin#branch                                   0
vgnd_logic#branch                  3.24923e-09
vsup_drv#branch                   -3.24608e-09
vsup_logic#branch                 -3.15446e-12

 Reference value :  2.34340e-07
 Reference value :  5.13202e-07
No. of Data Rows : 7034
trise10_90          =  6.73312e-09 targ=  3.02972e-08 trig=  2.35640e-08
tfall10_90          =  6.15541e-09 targ=  3.30328e-07 trig=  3.24173e-07
tpdlh               =  5.72271e-09 targ=  2.62227e-08 trig=  2.05000e-08
tpdhl               =  5.42439e-09 targ=  3.26924e-07 trig=  3.21500e-07
m_trise_s = 6.7331160000e-09
m_tfall_s = 6.1554140000e-09
m_tpdlh_s = 5.7227070000e-09
m_tpdhl_s = 5.4243890000e-09
m_ipeak_source_a = 7.0615807810e-01
m_ipeak_sink_a = 6.7715372792e-01
m_vout_max_v = 4.5044605933e+00
m_vout_min_v = -3.057693636e-03
m_vin_max_v = 2.9700000000e+00
m_vin_min_v = 0.0000000000e+00
m_indrv_max_v = 4.6062609373e+00
m_indrv_min_v = -2.426634000e-02
m_n1_max_v = 4.5444975984e+00
m_n1_min_v = -4.840432913e-02
m_n2_max_v = 4.5704798619e+00
m_n2_min_v = -3.545751085e-02
m_n3_max_v = 4.5515710924e+00
m_n3_min_v = -2.940071152e-02
m_n4_max_v = 4.5481797547e+00
m_n4_min_v = -3.003940573e-02
m_n5_max_v = 4.5472825682e+00
m_n5_min_v = -2.386323237e-02
Note: Simulation executed from .control section 

Note: vimeas: has no value, DC 0 assumed
