
Note: No compatibility mode selected!


Circuit: * gate-driver-core-drive-postlayout @ tt_125c_vlogic3p30v-vdrv6p00v -- generated by sim/harness, do not edit

Doing analysis at TEMP = 125.000000 and TNOM = 27.000000

Using SPARSE 1.3 as Direct Linear Solver

Initial Transient Solution
--------------------------

Node                                   Voltage
----                                   -------
x1_inb                                     3.3
in                                           0
gnd_logic                                    0
x1_na                                  2.43087
x1_nb                              8.33323e-10
gnd_drv                            1.74369e-11
x2_n3                                        6
x2_n4                              7.38692e-09
x2_n5                                        6
out                                7.83355e-09
in_drv                               3.043e-09
x1_nbuf1                                     6
x1_ncb                             2.47669e-09
x1_nca                                 5.99999
vdd_logic                                  3.3
x2_n1                                        6
x2_n2                              6.37404e-09
vdd_drv                                      6
outcap                             7.83355e-09
vimeas#branch                      3.67368e-23
vin#branch                                   0
vgnd_logic#branch                  2.12677e-08
vsup_drv#branch                   -2.01267e-08
vsup_logic#branch                 -1.14103e-09

 Reference value :  2.34619e-07
 Reference value :  5.17565e-07
No. of Data Rows : 7039
trise10_90          =  5.36068e-09 targ=  2.81952e-08 trig=  2.28345e-08
tfall10_90          =  5.54778e-09 targ=  3.29164e-07 trig=  3.23616e-07
tpdlh               =  4.34837e-09 targ=  2.48484e-08 trig=  2.05000e-08
tpdhl               =  4.46977e-09 targ=  3.25970e-07 trig=  3.21500e-07
m_trise_s = 5.3606840000e-09
m_tfall_s = 5.5477820000e-09
m_tpdlh_s = 4.3483660000e-09
m_tpdhl_s = 4.4697730000e-09
m_ipeak_source_a = 1.2519942339e+00
m_ipeak_sink_a = 1.0537497457e+00
m_vout_max_v = 6.0025806939e+00
m_vout_min_v = -2.073507494e-03
m_vin_max_v = 3.3000000000e+00
m_vin_min_v = 0.0000000000e+00
m_indrv_max_v = 6.0518577987e+00
m_indrv_min_v = -2.409772118e-02
m_n1_max_v = 6.0081352728e+00
m_n1_min_v = -3.485165710e-02
m_n2_max_v = 6.0710008516e+00
m_n2_min_v = -2.825389363e-02
m_n3_max_v = 6.0366227497e+00
m_n3_min_v = -2.551739155e-02
m_n4_max_v = 6.0358016670e+00
m_n4_min_v = -2.432384554e-02
m_n5_max_v = 6.0355767681e+00
m_n5_min_v = -2.390632556e-02
Note: Simulation executed from .control section 

Note: vimeas: has no value, DC 0 assumed
