
Note: No compatibility mode selected!


Circuit: * gate-driver-core-drive-postlayout @ tt_125c_vlogic3p30v-vdrv5p00v -- generated by sim/harness, do not edit

Doing analysis at TEMP = 125.000000 and TNOM = 27.000000

Using SPARSE 1.3 as Direct Linear Solver

Initial Transient Solution
--------------------------

Node                                   Voltage
----                                   -------
x1_inb                                     3.3
in                                           0
gnd_logic                                    0
x1_na                                  2.41481
x1_nb                              6.96813e-10
gnd_drv                            1.34493e-11
x2_n3                                        5
x2_n4                              6.58032e-09
x2_n5                                        5
out                                6.97831e-09
in_drv                             2.73862e-09
x1_nbuf1                                     5
x1_ncb                             2.07097e-09
x1_nca                                 4.99999
vdd_logic                                  3.3
x2_n1                                        5
x2_n2                              5.74157e-09
vdd_drv                                      5
outcap                             6.97831e-09
vimeas#branch                     -7.25883e-24
vin#branch                                   0
vgnd_logic#branch                  1.72511e-08
vsup_drv#branch                     -1.611e-08
vsup_logic#branch                 -1.14103e-09

 Reference value :  2.37539e-07
 Reference value :  5.23600e-07
No. of Data Rows : 7035
trise10_90          =  6.15843e-09 targ=  2.93419e-08 trig=  2.31835e-08
tfall10_90          =  5.93610e-09 targ=  3.29750e-07 trig=  3.23814e-07
tpdlh               =  5.00108e-09 targ=  2.55011e-08 trig=  2.05000e-08
tpdhl               =  4.82777e-09 targ=  3.26328e-07 trig=  3.21500e-07
m_trise_s = 6.1584300000e-09
m_tfall_s = 5.9361050000e-09
m_tpdlh_s = 5.0010780000e-09
m_tpdhl_s = 4.8277690000e-09
m_ipeak_source_a = 9.1131769577e-01
m_ipeak_sink_a = 8.1334957766e-01
m_vout_max_v = 5.0029822119e+00
m_vout_min_v = -2.188511183e-03
m_vin_max_v = 3.3000000000e+00
m_vin_min_v = 0.0000000000e+00
m_indrv_max_v = 5.0801978736e+00
m_indrv_min_v = -2.150777370e-02
m_n1_max_v = 5.0212261314e+00
m_n1_min_v = -3.349109563e-02
m_n2_max_v = 5.0671678126e+00
m_n2_min_v = -3.037773640e-02
m_n3_max_v = 5.0340478919e+00
m_n3_min_v = -2.570187450e-02
m_n4_max_v = 5.0369513607e+00
m_n4_min_v = -2.195012361e-02
m_n5_max_v = 5.0419888846e+00
m_n5_min_v = -2.230302470e-02
Note: Simulation executed from .control section 

Note: vimeas: has no value, DC 0 assumed
