
Note: No compatibility mode selected!


Circuit: * gate-driver-core-drive-postlayout @ tt_125c_vlogic2p97v-vdrv4p50v -- generated by sim/harness, do not edit

Doing analysis at TEMP = 125.000000 and TNOM = 27.000000

Using SPARSE 1.3 as Direct Linear Solver

Initial Transient Solution
--------------------------

Node                                   Voltage
----                                   -------
x1_inb                                    2.97
in                                           0
gnd_logic                                    0
x1_na                                  2.14364
x1_nb                              6.69332e-10
gnd_drv                              1.206e-11
x2_n3                                      4.5
x2_n4                              6.30909e-09
x2_n5                                      4.5
out                                6.69073e-09
in_drv                             2.64765e-09
x1_nbuf1                                   4.5
x1_ncb                              2.0309e-09
x1_nca                                 4.49999
vdd_logic                                 2.97
x2_n1                                      4.5
x2_n2                              5.55831e-09
vdd_drv                                    4.5
outcap                             6.69073e-09
vimeas#branch                     -1.28795e-23
vin#branch                                   0
vgnd_logic#branch                  1.52049e-08
vsup_drv#branch                   -1.42932e-08
vsup_logic#branch                 -9.11668e-10

 Reference value :  2.35742e-07
 Reference value :  5.22419e-07
No. of Data Rows : 7033
trise10_90          =  6.71357e-09 targ=  3.01062e-08 trig=  2.33927e-08
tfall10_90          =  6.24124e-09 targ=  3.30236e-07 trig=  3.23994e-07
tpdlh               =  5.42426e-09 targ=  2.59243e-08 trig=  2.05000e-08
tpdhl               =  5.13318e-09 targ=  3.26633e-07 trig=  3.21500e-07
m_trise_s = 6.7135690000e-09
m_tfall_s = 6.2412430000e-09
m_tpdlh_s = 5.4242570000e-09
m_tpdhl_s = 5.1331850000e-09
m_ipeak_source_a = 7.4974381162e-01
m_ipeak_sink_a = 7.0460337932e-01
m_vout_max_v = 4.5030973848e+00
m_vout_min_v = -2.213078699e-03
m_vin_max_v = 2.9700000000e+00
m_vin_min_v = 0.0000000000e+00
m_indrv_max_v = 4.5693443481e+00
m_indrv_min_v = -2.393763865e-02
m_n1_max_v = 4.5203815655e+00
m_n1_min_v = -4.141633892e-02
m_n2_max_v = 4.5603572166e+00
m_n2_min_v = -3.127746478e-02
m_n3_max_v = 4.5375206991e+00
m_n3_min_v = -2.389090811e-02
m_n4_max_v = 4.5378760200e+00
m_n4_min_v = -2.028521229e-02
m_n5_max_v = 4.5402089473e+00
m_n5_min_v = -2.480122650e-02
Note: Simulation executed from .control section 

Note: vimeas: has no value, DC 0 assumed
