* ====================================================================
* record-id : 20260821-114210-83ad6ac
* testbench : sim/level-shifter-oxide-safety/testbench/level_shifter_tb.spice
* dut       : design/netlist/level_shifter.spice (schematic)
* corner    : ff_mc0016_-40c_vlogic3p63v-vdrv5p50v
* mismatch  : sw_stat_mismatch=1 (sample 16), sw_stat_global=0
* seed      : 20290320
* pdk       : gf180mcuD (/home/ubuntu/.volare/gf180mcuD)
* ngspice   : ngspice-46 : Circuit level simulation program
* run (UTC) : 2026-08-21T11:42:10Z
* ====================================================================

Note: No compatibility mode selected!


Circuit: * level-shifter-oxide-safety @ ff_mc0016_-40c_vlogic3p63v-vdrv5p50v -- generated by sim/harness, do not edit

Doing analysis at TEMP = -40.000000 and TNOM = 27.000000

Using SPARSE 1.3 as Direct Linear Solver

Initial Transient Solution
--------------------------

Node                                   Voltage
----                                   -------
inb                                       3.63
in                                           0
gnd_logic                                    0
vdd_logic                                 3.63
na                                     2.59026
nb                                 3.22644e-07
nca                                    5.49998
gnd_drv                            1.90933e-11
ncb                                8.22068e-07
vdd_drv                                    5.5
nbuf1                                      5.5
out                                5.23922e-07
nccomp1                            7.47531e-07
nccomp2                            6.72995e-07
nccomp3                            5.98459e-07
vin#branch                                   0
vgnd_logic#branch                  3.08151e-08
vsup_drv#branch                   -2.71847e-08
vsup_logic#branch                  -3.6304e-09

 Reference value :  6.28192e-08
 Reference value :  1.45955e-07
No. of Data Rows : 10314
mq1                 =  3.63474e+00 at=  6.10564e-08
mq2                 =  3.63000e+00 at=  2.00000e-07
mq3                 =  3.63000e+00 at=  1.80000e-07
mq4                 =  3.63025e+00 at=  2.08435e-08
mq5                 =  3.65065e+00 at=  1.00065e-07
mq6                 =  3.65068e+00 at=  1.00065e-07
na_peak             =  2.67738e+00 at=  2.00722e-08
nb_peak             =  2.65509e+00 at=  1.40776e-07
mvc1                =  1.31145e+00 at=  6.09295e-08
mvc2                =  1.31145e+00 at=  6.09295e-08
mvc3                =  1.31145e+00 at=  6.09295e-08
mvc4                =  1.31145e+00 at=  6.09295e-08
vccomp_stack        =  5.24579e+00 at=  6.09295e-08
t_plh               =  5.21739e-10 targ=  2.07490e-08 trig=  2.02273e-08
t_phl               =  2.35225e-10 targ=  6.10080e-08 trig=  6.07727e-08
vout_hi_abs         =  5.50000e+00
vout_lo_abs         =  5.23922e-07
vdrv_now            =  5.50000e+00
m_vgate_thinox_max = 3.6506840000e+00
m_vna_peak = 2.6773770000e+00
m_vnb_peak = 2.6550940000e+00
m_vccomp_dev_max = 1.3114480000e+00
m_vccomp_stack_max = 5.2457940000e+00
m_t_plh_ns = 5.2173920000e-01
m_t_phl_ns = 2.3522480000e-01
m_vout_hi_ratio = 9.9999963636e-01
m_vout_lo_ratio = 9.5258581818e-08
m_vinb_max_v = 3.6506840000e+00
Note: Simulation executed from .control section 

