* ====================================================================
* record-id : 20260821-114210-83ad6ac
* testbench : sim/level-shifter-oxide-safety/testbench/level_shifter_tb.spice
* dut       : design/netlist/level_shifter.spice (schematic)
* corner    : ff_mc0154_27c_vlogic3p63v-vdrv5p50v
* mismatch  : sw_stat_mismatch=1 (sample 154), sw_stat_global=0
* seed      : 20300458
* pdk       : gf180mcuD (/home/ubuntu/.volare/gf180mcuD)
* ngspice   : ngspice-46 : Circuit level simulation program
* run (UTC) : 2026-08-21T11:42:10Z
* ====================================================================

Note: No compatibility mode selected!


Circuit: * level-shifter-oxide-safety @ ff_mc0154_27c_vlogic3p63v-vdrv5p50v -- generated by sim/harness, do not edit

Doing analysis at TEMP = 27.000000 and TNOM = 27.000000

Using SPARSE 1.3 as Direct Linear Solver

Initial Transient Solution
--------------------------

Node                                   Voltage
----                                   -------
inb                                       3.63
in                                           0
gnd_logic                                    0
vdd_logic                                 3.63
na                                     2.67594
nb                                 3.87586e-07
nca                                    5.49998
gnd_drv                            1.91824e-11
ncb                                1.02817e-06
vdd_drv                                    5.5
nbuf1                                  5.49999
out                                6.86172e-07
nccomp1                            9.42668e-07
nccomp2                            8.57169e-07
nccomp3                            7.71671e-07
vin#branch                                   0
vgnd_logic#branch                  3.12696e-08
vsup_drv#branch                   -2.75501e-08
vsup_logic#branch                 -3.71952e-09

 Reference value :  6.49215e-08
 Reference value :  1.48842e-07
No. of Data Rows : 10276
mq1                 =  3.63470e+00 at=  6.10937e-08
mq2                 =  3.63000e+00 at=  2.00000e-07
mq3                 =  3.63000e+00 at=  1.80000e-07
mq4                 =  3.63016e+00 at=  2.09540e-08
mq5                 =  3.65327e+00 at=  1.00056e-07
mq6                 =  3.65341e+00 at=  1.00056e-07
na_peak             =  2.74422e+00 at=  2.00547e-08
nb_peak             =  2.71326e+00 at=  1.40762e-07
mvc1                =  1.29658e+00 at=  1.40952e-07
mvc2                =  1.29658e+00 at=  1.40952e-07
mvc3                =  1.29658e+00 at=  1.40952e-07
mvc4                =  1.29658e+00 at=  1.40952e-07
vccomp_stack        =  5.18630e+00 at=  1.40952e-07
t_plh               =  6.02090e-10 targ=  2.08294e-08 trig=  2.02273e-08
t_phl               =  2.63603e-10 targ=  6.10363e-08 trig=  6.07727e-08
vout_hi_abs         =  5.50000e+00
vout_lo_abs         =  6.86172e-07
vdrv_now            =  5.50000e+00
m_vgate_thinox_max = 3.6534070000e+00
m_vna_peak = 2.7442190000e+00
m_vnb_peak = 2.7132600000e+00
m_vccomp_dev_max = 1.2965760000e+00
m_vccomp_stack_max = 5.1863050000e+00
m_t_plh_ns = 6.0208960000e-01
m_t_phl_ns = 2.6360300000e-01
m_vout_hi_ratio = 9.9999963636e-01
m_vout_lo_ratio = 1.2475858182e-07
m_vinb_max_v = 3.6534070000e+00
Note: Simulation executed from .control section 

