* ====================================================================
* record-id : 20260821-114210-83ad6ac
* testbench : sim/level-shifter-oxide-safety/testbench/level_shifter_tb.spice
* dut       : design/netlist/level_shifter.spice (schematic)
* corner    : ff_mc0000_125c_vlogic3p63v-vdrv5p50v
* mismatch  : sw_stat_mismatch=0 (sample 0), sw_stat_global=0
* seed      : 20310304
* pdk       : gf180mcuD (/home/ubuntu/.volare/gf180mcuD)
* ngspice   : ngspice-46 : Circuit level simulation program
* run (UTC) : 2026-08-21T11:42:10Z
* ====================================================================

Note: No compatibility mode selected!


Circuit: * level-shifter-oxide-safety @ ff_mc0000_125c_vlogic3p63v-vdrv5p50v -- generated by sim/harness, do not edit

Doing analysis at TEMP = 125.000000 and TNOM = 27.000000

Using SPARSE 1.3 as Direct Linear Solver

Initial Transient Solution
--------------------------

Node                                   Voltage
----                                   -------
inb                                    3.62999
in                                           0
gnd_logic                                    0
vdd_logic                                 3.63
na                                      2.7251
nb                                 4.87214e-07
nca                                     5.4999
gnd_drv                            2.02819e-11
ncb                                1.36488e-06
vdd_drv                                    5.5
nbuf1                                  5.49999
out                                9.67939e-07
nccomp1                            1.26564e-06
nccomp2                            1.16641e-06
nccomp3                            1.06717e-06
vin#branch                                   0
vgnd_logic#branch                    7.768e-08
vsup_drv#branch                   -5.93294e-08
vsup_logic#branch                 -1.83505e-08

 Reference value :  1.15681e-07
No. of Data Rows : 10229
mq1                 =  3.63414e+00 at=  6.11511e-08
mq2                 =  3.63000e+00 at=  2.00000e-07
mq3                 =  3.63000e+00 at=  1.80000e-07
mq4                 =  3.63010e+00 at=  1.01101e-07
mq5                 =  3.65475e+00 at=  1.80050e-07
mq6                 =  3.65500e+00 at=  1.80050e-07
na_peak             =  2.78300e+00 at=  2.00536e-08
nb_peak             =  2.76510e+00 at=  1.40737e-07
mvc1                =  1.27726e+00 at=  1.40975e-07
mvc2                =  1.27726e+00 at=  1.40975e-07
mvc3                =  1.27726e+00 at=  1.40975e-07
mvc4                =  1.27726e+00 at=  1.40975e-07
vccomp_stack        =  5.10904e+00 at=  1.40975e-07
t_plh               =  7.04512e-10 targ=  2.09318e-08 trig=  2.02273e-08
t_phl               =  3.05784e-10 targ=  6.10785e-08 trig=  6.07727e-08
vout_hi_abs         =  5.50000e+00
vout_lo_abs         =  9.67939e-07
vdrv_now            =  5.50000e+00
m_vgate_thinox_max = 3.6549980000e+00
m_vna_peak = 2.7830040000e+00
m_vnb_peak = 2.7650960000e+00
m_vccomp_dev_max = 1.2772610000e+00
m_vccomp_stack_max = 5.1090420000e+00
m_t_plh_ns = 7.0451150000e-01
m_t_phl_ns = 3.0578410000e-01
m_vout_hi_ratio = 9.9999927273e-01
m_vout_lo_ratio = 1.7598887273e-07
m_vinb_max_v = 3.6549980000e+00
Note: Simulation executed from .control section 

