* ====================================================================
* record-id : 20260821-114210-83ad6ac
* testbench : sim/level-shifter-oxide-safety/testbench/level_shifter_tb.spice
* dut       : design/netlist/level_shifter.spice (schematic)
* corner    : fs_mc0017_125c_vlogic3p63v-vdrv5p50v
* mismatch  : sw_stat_mismatch=1 (sample 17), sw_stat_global=0
* seed      : 20370321
* pdk       : gf180mcuD (/home/ubuntu/.volare/gf180mcuD)
* ngspice   : ngspice-46 : Circuit level simulation program
* run (UTC) : 2026-08-21T11:42:10Z
* ====================================================================

Note: No compatibility mode selected!


Circuit: * level-shifter-oxide-safety @ fs_mc0017_125c_vlogic3p63v-vdrv5p50v -- generated by sim/harness, do not edit

Doing analysis at TEMP = 125.000000 and TNOM = 27.000000

Using SPARSE 1.3 as Direct Linear Solver

Initial Transient Solution
--------------------------

Node                                   Voltage
----                                   -------
inb                                    3.62999
in                                           0
gnd_logic                                    0
vdd_logic                                 3.63
na                                     2.70615
nb                                 5.00814e-07
nca                                    5.49991
gnd_drv                            1.97237e-11
ncb                                1.41163e-06
vdd_drv                                    5.5
nbuf1                                  5.49999
out                                9.86703e-07
nccomp1                            1.30539e-06
nccomp2                            1.19916e-06
nccomp3                            1.09293e-06
vin#branch                                   0
vgnd_logic#branch                  5.46356e-08
vsup_drv#branch                   -4.52273e-08
vsup_logic#branch                 -9.40831e-09

 Reference value :  6.40204e-08
 Reference value :  1.49539e-07
No. of Data Rows : 10215
mq1                 =  3.63456e+00 at=  6.12514e-08
mq2                 =  3.63000e+00 at=  2.00000e-07
mq3                 =  3.63000e+00 at=  1.80000e-07
mq4                 =  3.63002e+00 at=  1.01385e-07
mq5                 =  3.66022e+00 at=  1.00056e-07
mq6                 =  3.66055e+00 at=  1.00056e-07
na_peak             =  2.77069e+00 at=  2.00531e-08
nb_peak             =  2.74775e+00 at=  1.40787e-07
mvc1                =  1.30210e+00 at=  6.10302e-08
mvc2                =  1.30210e+00 at=  6.10302e-08
mvc3                =  1.30210e+00 at=  6.10302e-08
mvc4                =  1.30210e+00 at=  6.10302e-08
vccomp_stack        =  5.20841e+00 at=  6.10302e-08
t_plh               =  8.95133e-10 targ=  2.11224e-08 trig=  2.02273e-08
t_phl               =  3.91371e-10 targ=  6.11641e-08 trig=  6.07727e-08
vout_hi_abs         =  5.50000e+00
vout_lo_abs         =  9.86703e-07
vdrv_now            =  5.50000e+00
m_vgate_thinox_max = 3.6605490000e+00
m_vna_peak = 2.7706860000e+00
m_vnb_peak = 2.7477500000e+00
m_vccomp_dev_max = 1.3021030000e+00
m_vccomp_stack_max = 5.2084110000e+00
m_t_plh_ns = 8.9513320000e-01
m_t_phl_ns = 3.9137120000e-01
m_vout_hi_ratio = 9.9999927273e-01
m_vout_lo_ratio = 1.7940050909e-07
m_vinb_max_v = 3.6605490000e+00
Note: Simulation executed from .control section 

