* ====================================================================
* record-id : 20260821-114210-83ad6ac
* testbench : sim/level-shifter-oxide-safety/testbench/level_shifter_tb.spice
* dut       : design/netlist/level_shifter.spice (schematic)
* corner    : fs_mc0111_27c_vlogic3p63v-vdrv5p50v
* mismatch  : sw_stat_mismatch=1 (sample 111), sw_stat_global=0
* seed      : 20360415
* pdk       : gf180mcuD (/home/ubuntu/.volare/gf180mcuD)
* ngspice   : ngspice-46 : Circuit level simulation program
* run (UTC) : 2026-08-21T11:42:10Z
* ====================================================================

Note: No compatibility mode selected!


Circuit: * level-shifter-oxide-safety @ fs_mc0111_27c_vlogic3p63v-vdrv5p50v -- generated by sim/harness, do not edit

Doing analysis at TEMP = 27.000000 and TNOM = 27.000000

Using SPARSE 1.3 as Direct Linear Solver

Initial Transient Solution
--------------------------

Node                                   Voltage
----                                   -------
inb                                       3.63
in                                           0
gnd_logic                                    0
vdd_logic                                 3.63
na                                     2.64341
nb                                 3.95316e-07
nca                                    5.49997
gnd_drv                            1.91478e-11
ncb                                1.06315e-06
vdd_drv                                    5.5
nbuf1                                  5.49999
out                                7.07652e-07
nccomp1                            9.74277e-07
nccomp2                            8.85402e-07
nccomp3                            7.96527e-07
vin#branch                                   0
vgnd_logic#branch                   3.1047e-08
vsup_drv#branch                   -2.73736e-08
vsup_logic#branch                 -3.67337e-09

 Reference value :  6.38176e-08
 Reference value :  1.49058e-07
No. of Data Rows : 10264
mq1                 =  3.63503e+00 at=  6.11754e-08
mq2                 =  3.63000e+00 at=  2.00000e-07
mq3                 =  3.63000e+00 at=  1.80000e-07
mq4                 =  3.63007e+00 at=  1.81148e-07
mq5                 =  3.65817e+00 at=  1.00065e-07
mq6                 =  3.65830e+00 at=  1.00065e-07
na_peak             =  2.72449e+00 at=  2.00737e-08
nb_peak             =  2.68473e+00 at=  6.08011e-08
mvc1                =  1.31732e+00 at=  6.10000e-08
mvc2                =  1.31732e+00 at=  6.10000e-08
mvc3                =  1.31732e+00 at=  6.10000e-08
mvc4                =  1.31732e+00 at=  6.10000e-08
vccomp_stack        =  5.26926e+00 at=  6.10000e-08
t_plh               =  7.45316e-10 targ=  2.09726e-08 trig=  2.02273e-08
t_phl               =  3.35515e-10 targ=  6.11082e-08 trig=  6.07727e-08
vout_hi_abs         =  5.50000e+00
vout_lo_abs         =  7.07652e-07
vdrv_now            =  5.50000e+00
m_vgate_thinox_max = 3.6583020000e+00
m_vna_peak = 2.7244860000e+00
m_vnb_peak = 2.6847280000e+00
m_vccomp_dev_max = 1.3173160000e+00
m_vccomp_stack_max = 5.2692630000e+00
m_t_plh_ns = 7.4531620000e-01
m_t_phl_ns = 3.3551470000e-01
m_vout_hi_ratio = 9.9999945455e-01
m_vout_lo_ratio = 1.2866407273e-07
m_vinb_max_v = 3.6583020000e+00
Note: Simulation executed from .control section 

