* ====================================================================
* record-id : 20260821-114210-83ad6ac
* testbench : sim/level-shifter-oxide-safety/testbench/level_shifter_tb.spice
* dut       : design/netlist/level_shifter.spice (schematic)
* corner    : sf_mc0000_125c_vlogic3p63v-vdrv5p50v
* mismatch  : sw_stat_mismatch=0 (sample 0), sw_stat_global=0
* seed      : 20400304
* pdk       : gf180mcuD (/home/ubuntu/.volare/gf180mcuD)
* ngspice   : ngspice-46 : Circuit level simulation program
* run (UTC) : 2026-08-21T11:42:10Z
* ====================================================================

Note: No compatibility mode selected!


Circuit: * level-shifter-oxide-safety @ sf_mc0000_125c_vlogic3p63v-vdrv5p50v -- generated by sim/harness, do not edit

Doing analysis at TEMP = 125.000000 and TNOM = 27.000000

Using SPARSE 1.3 as Direct Linear Solver

Initial Transient Solution
--------------------------

Node                                   Voltage
----                                   -------
inb                                       3.63
in                                           0
gnd_logic                                    0
vdd_logic                                 3.63
na                                     2.57177
nb                                 5.58283e-07
nca                                    5.49997
gnd_drv                            1.91272e-11
ncb                                 1.7087e-06
vdd_drv                                    5.5
nbuf1                                  5.49999
out                                1.18905e-06
nccomp1                            1.57878e-06
nccomp2                            1.44887e-06
nccomp3                            1.31896e-06
vin#branch                                   0
vgnd_logic#branch                  3.16562e-08
vsup_drv#branch                   -2.77652e-08
vsup_logic#branch                 -3.89106e-09

 Reference value :  1.24512e-07
No. of Data Rows : 10208
mq1                 =  3.63393e+00 at=  6.12385e-08
mq2                 =  3.63000e+00 at=  2.00000e-07
mq3                 =  3.63000e+00 at=  1.80000e-07
mq4                 =  3.63034e+00 at=  1.81232e-07
mq5                 =  3.65921e+00 at=  2.00720e-08
mq6                 =  3.65943e+00 at=  2.00720e-08
na_peak             =  2.66669e+00 at=  2.00720e-08
nb_peak             =  2.61158e+00 at=  6.07673e-08
mvc1                =  1.27674e+00 at=  6.10248e-08
mvc2                =  1.27674e+00 at=  6.10248e-08
mvc3                =  1.27674e+00 at=  6.10248e-08
mvc4                =  1.27674e+00 at=  6.10248e-08
vccomp_stack        =  5.10698e+00 at=  6.10248e-08
t_plh               =  8.35492e-10 targ=  2.10628e-08 trig=  2.02273e-08
t_phl               =  3.77493e-10 targ=  6.11502e-08 trig=  6.07727e-08
vout_hi_abs         =  5.50000e+00
vout_lo_abs         =  1.18905e-06
vdrv_now            =  5.50000e+00
m_vgate_thinox_max = 3.6594350000e+00
m_vna_peak = 2.6666890000e+00
m_vnb_peak = 2.6115840000e+00
m_vccomp_dev_max = 1.2767440000e+00
m_vccomp_stack_max = 5.1069770000e+00
m_t_plh_ns = 8.3549170000e-01
m_t_phl_ns = 3.7749300000e-01
m_vout_hi_ratio = 9.9999945455e-01
m_vout_lo_ratio = 2.1619072727e-07
m_vinb_max_v = 3.6594350000e+00
Note: Simulation executed from .control section 

