* ====================================================================
* record-id : 20260821-114210-83ad6ac
* testbench : sim/level-shifter-oxide-safety/testbench/level_shifter_tb.spice
* dut       : design/netlist/level_shifter.spice (schematic)
* corner    : sf_mc0096_-40c_vlogic3p63v-vdrv5p50v
* mismatch  : sw_stat_mismatch=1 (sample 96), sw_stat_global=0
* seed      : 20380400
* pdk       : gf180mcuD (/home/ubuntu/.volare/gf180mcuD)
* ngspice   : ngspice-46 : Circuit level simulation program
* run (UTC) : 2026-08-21T11:42:10Z
* ====================================================================

Note: No compatibility mode selected!


Circuit: * level-shifter-oxide-safety @ sf_mc0096_-40c_vlogic3p63v-vdrv5p50v -- generated by sim/harness, do not edit

Doing analysis at TEMP = -40.000000 and TNOM = 27.000000

Using SPARSE 1.3 as Direct Linear Solver

Initial Transient Solution
--------------------------

Node                                   Voltage
----                                   -------
inb                                       3.63
in                                           0
gnd_logic                                    0
vdd_logic                                 3.63
na                                      2.3722
nb                                 3.58375e-07
nca                                    5.49998
gnd_drv                            1.88764e-11
ncb                                9.91188e-07
vdd_drv                                    5.5
nbuf1                                  5.49999
out                                6.29789e-07
nccomp1                            9.00838e-07
nccomp2                            8.10488e-07
nccomp3                            7.20139e-07
vin#branch                                   0
vgnd_logic#branch                  3.03792e-08
vsup_drv#branch                   -2.67492e-08
vsup_logic#branch                 -3.63001e-09

 Reference value :  6.43249e-08
 Reference value :  1.50225e-07
No. of Data Rows : 10295
mq1                 =  3.63491e+00 at=  6.11133e-08
mq2                 =  3.63000e+00 at=  2.00000e-07
mq3                 =  3.63000e+00 at=  1.80000e-07
mq4                 =  3.63051e+00 at=  2.09410e-08
mq5                 =  3.65256e+00 at=  2.00909e-08
mq6                 =  3.65259e+00 at=  2.00909e-08
na_peak             =  2.49760e+00 at=  2.01099e-08
nb_peak             =  2.47431e+00 at=  1.40786e-07
mvc1                =  1.31461e+00 at=  1.40966e-07
mvc2                =  1.31461e+00 at=  1.40966e-07
mvc3                =  1.31461e+00 at=  1.40966e-07
mvc4                =  1.31461e+00 at=  1.40966e-07
vccomp_stack        =  5.25843e+00 at=  1.40966e-07
t_plh               =  6.19386e-10 targ=  2.08467e-08 trig=  2.02273e-08
t_phl               =  2.82519e-10 targ=  6.10552e-08 trig=  6.07727e-08
vout_hi_abs         =  5.50000e+00
vout_lo_abs         =  6.29789e-07
vdrv_now            =  5.50000e+00
m_vgate_thinox_max = 3.6525910000e+00
m_vna_peak = 2.4975950000e+00
m_vnb_peak = 2.4743070000e+00
m_vccomp_dev_max = 1.3146080000e+00
m_vccomp_stack_max = 5.2584330000e+00
m_t_plh_ns = 6.1938570000e-01
m_t_phl_ns = 2.8251900000e-01
m_vout_hi_ratio = 9.9999963636e-01
m_vout_lo_ratio = 1.1450709091e-07
m_vinb_max_v = 3.6525910000e+00
Note: Simulation executed from .control section 

