* ====================================================================
* record-id : 20260821-114210-83ad6ac
* testbench : sim/level-shifter-oxide-safety/testbench/level_shifter_tb.spice
* dut       : design/netlist/level_shifter.spice (schematic)
* corner    : sf_mc0199_125c_vlogic3p63v-vdrv5p50v
* mismatch  : sw_stat_mismatch=1 (sample 199), sw_stat_global=0
* seed      : 20400503
* pdk       : gf180mcuD (/home/ubuntu/.volare/gf180mcuD)
* ngspice   : ngspice-46 : Circuit level simulation program
* run (UTC) : 2026-08-21T11:42:10Z
* ====================================================================

Note: No compatibility mode selected!


Circuit: * level-shifter-oxide-safety @ sf_mc0199_125c_vlogic3p63v-vdrv5p50v -- generated by sim/harness, do not edit

Doing analysis at TEMP = 125.000000 and TNOM = 27.000000

Using SPARSE 1.3 as Direct Linear Solver

Initial Transient Solution
--------------------------

Node                                   Voltage
----                                   -------
inb                                       3.63
in                                           0
gnd_logic                                    0
vdd_logic                                 3.63
na                                     2.57451
nb                                   5.579e-07
nca                                    5.49997
gnd_drv                            1.91288e-11
ncb                                1.70548e-06
vdd_drv                                    5.5
nbuf1                                  5.49999
out                                1.18774e-06
nccomp1                            1.57605e-06
nccomp2                            1.44661e-06
nccomp3                            1.31717e-06
vin#branch                                   0
vgnd_logic#branch                  3.15583e-08
vsup_drv#branch                   -2.77376e-08
vsup_logic#branch                 -3.82071e-09

 Reference value :  6.42276e-08
 Reference value :  1.49549e-07
No. of Data Rows : 10209
mq1                 =  3.63396e+00 at=  1.41238e-07
mq2                 =  3.63000e+00 at=  2.00000e-07
mq3                 =  3.63000e+00 at=  1.80000e-07
mq4                 =  3.63034e+00 at=  2.12352e-08
mq5                 =  3.65944e+00 at=  2.00720e-08
mq6                 =  3.65968e+00 at=  2.00720e-08
na_peak             =  2.66968e+00 at=  2.00920e-08
nb_peak             =  2.61609e+00 at=  6.07668e-08
mvc1                =  1.27752e+00 at=  1.41030e-07
mvc2                =  1.27752e+00 at=  1.41030e-07
mvc3                =  1.27752e+00 at=  1.41030e-07
mvc4                =  1.27752e+00 at=  1.41030e-07
vccomp_stack        =  5.11010e+00 at=  1.41030e-07
t_plh               =  8.38827e-10 targ=  2.10661e-08 trig=  2.02273e-08
t_phl               =  3.76819e-10 targ=  6.11495e-08 trig=  6.07727e-08
vout_hi_abs         =  5.50000e+00
vout_lo_abs         =  1.18774e-06
vdrv_now            =  5.50000e+00
m_vgate_thinox_max = 3.6596790000e+00
m_vna_peak = 2.6696750000e+00
m_vnb_peak = 2.6160890000e+00
m_vccomp_dev_max = 1.2775240000e+00
m_vccomp_stack_max = 5.1100960000e+00
m_t_plh_ns = 8.3882650000e-01
m_t_phl_ns = 3.7681900000e-01
m_vout_hi_ratio = 9.9999945455e-01
m_vout_lo_ratio = 2.1595254545e-07
m_vinb_max_v = 3.6596790000e+00
Note: Simulation executed from .control section 

