* ====================================================================
* record-id : 20260821-114210-83ad6ac
* testbench : sim/level-shifter-oxide-safety/testbench/level_shifter_tb.spice
* dut       : design/netlist/level_shifter.spice (schematic)
* corner    : sf_mc0000_27c_vlogic3p63v-vdrv5p50v
* mismatch  : sw_stat_mismatch=0 (sample 0), sw_stat_global=0
* seed      : 20390304
* pdk       : gf180mcuD (/home/ubuntu/.volare/gf180mcuD)
* ngspice   : ngspice-46 : Circuit level simulation program
* run (UTC) : 2026-08-21T11:42:10Z
* ====================================================================

Note: No compatibility mode selected!


Circuit: * level-shifter-oxide-safety @ sf_mc0000_27c_vlogic3p63v-vdrv5p50v -- generated by sim/harness, do not edit

Doing analysis at TEMP = 27.000000 and TNOM = 27.000000

Using SPARSE 1.3 as Direct Linear Solver

Initial Transient Solution
--------------------------

Node                                   Voltage
----                                   -------
inb                                       3.63
in                                           0
gnd_logic                                    0
vdd_logic                                 3.63
na                                     2.45497
nb                                 4.35937e-07
nca                                    5.49998
gnd_drv                            1.89586e-11
ncb                                1.26469e-06
vdd_drv                                    5.5
nbuf1                                  5.49999
out                                8.37139e-07
nccomp1                             1.1578e-06
nccomp2                            1.05092e-06
nccomp3                            9.44027e-07
vin#branch                                   0
vgnd_logic#branch                  3.05458e-08
vsup_drv#branch                   -2.69151e-08
vsup_logic#branch                 -3.63062e-09

 Reference value :  1.18743e-07
No. of Data Rows : 10261
mq1                 =  3.63457e+00 at=  1.41162e-07
mq2                 =  3.63000e+00 at=  2.00000e-07
mq3                 =  3.63000e+00 at=  1.80000e-07
mq4                 =  3.63040e+00 at=  2.10658e-08
mq5                 =  3.65585e+00 at=  1.80080e-07
mq6                 =  3.65595e+00 at=  1.80080e-07
na_peak             =  2.57168e+00 at=  2.00913e-08
nb_peak             =  2.53252e+00 at=  1.40782e-07
mvc1                =  1.30003e+00 at=  6.09880e-08
mvc2                =  1.30003e+00 at=  6.09880e-08
mvc3                =  1.30003e+00 at=  6.09880e-08
mvc4                =  1.30003e+00 at=  6.09880e-08
vccomp_stack        =  5.20012e+00 at=  6.09880e-08
t_plh               =  7.08621e-10 targ=  2.09359e-08 trig=  2.02273e-08
t_phl               =  3.20978e-10 targ=  6.10937e-08 trig=  6.07727e-08
vout_hi_abs         =  5.50000e+00
vout_lo_abs         =  8.37139e-07
vdrv_now            =  5.50000e+00
m_vgate_thinox_max = 3.6559480000e+00
m_vna_peak = 2.5716770000e+00
m_vnb_peak = 2.5325190000e+00
m_vccomp_dev_max = 1.3000310000e+00
m_vccomp_stack_max = 5.2001230000e+00
m_t_plh_ns = 7.0862140000e-01
m_t_phl_ns = 3.2097780000e-01
m_vout_hi_ratio = 9.9999963636e-01
m_vout_lo_ratio = 1.5220716364e-07
m_vinb_max_v = 3.6559480000e+00
Note: Simulation executed from .control section 

