* ====================================================================
* record-id : 20260821-114210-83ad6ac
* testbench : sim/level-shifter-oxide-safety/testbench/level_shifter_tb.spice
* dut       : design/netlist/level_shifter.spice (schematic)
* corner    : sf_mc0180_27c_vlogic3p63v-vdrv5p50v
* mismatch  : sw_stat_mismatch=1 (sample 180), sw_stat_global=0
* seed      : 20390484
* pdk       : gf180mcuD (/home/ubuntu/.volare/gf180mcuD)
* ngspice   : ngspice-46 : Circuit level simulation program
* run (UTC) : 2026-08-21T11:42:10Z
* ====================================================================

Note: No compatibility mode selected!


Circuit: * level-shifter-oxide-safety @ sf_mc0180_27c_vlogic3p63v-vdrv5p50v -- generated by sim/harness, do not edit

Doing analysis at TEMP = 27.000000 and TNOM = 27.000000

Using SPARSE 1.3 as Direct Linear Solver

Initial Transient Solution
--------------------------

Node                                   Voltage
----                                   -------
inb                                       3.63
in                                           0
gnd_logic                                    0
vdd_logic                                 3.63
na                                     2.46045
nb                                 4.35725e-07
nca                                    5.49998
gnd_drv                            1.89641e-11
ncb                                1.26394e-06
vdd_drv                                    5.5
nbuf1                                  5.49999
out                                8.35023e-07
nccomp1                            1.15671e-06
nccomp2                            1.04948e-06
nccomp3                            9.42252e-07
vin#branch                                   0
vgnd_logic#branch                  3.05566e-08
vsup_drv#branch                   -2.69261e-08
vsup_logic#branch                 -3.63046e-09

 Reference value :  6.46810e-08
 Reference value :  1.50478e-07
No. of Data Rows : 10257
mq1                 =  3.63456e+00 at=  6.11594e-08
mq2                 =  3.63000e+00 at=  2.00000e-07
mq3                 =  3.63000e+00 at=  1.80000e-07
mq4                 =  3.63041e+00 at=  1.81062e-07
mq5                 =  3.65604e+00 at=  1.80081e-07
mq6                 =  3.65614e+00 at=  1.80081e-07
na_peak             =  2.57722e+00 at=  2.00913e-08
nb_peak             =  2.53907e+00 at=  6.07775e-08
mvc1                =  1.29954e+00 at=  6.09901e-08
mvc2                =  1.29954e+00 at=  6.09901e-08
mvc3                =  1.29954e+00 at=  6.09901e-08
mvc4                =  1.29954e+00 at=  6.09901e-08
vccomp_stack        =  5.19815e+00 at=  6.09901e-08
t_plh               =  7.07948e-10 targ=  2.09352e-08 trig=  2.02273e-08
t_phl               =  3.21007e-10 targ=  6.10937e-08 trig=  6.07727e-08
vout_hi_abs         =  5.50000e+00
vout_lo_abs         =  8.35023e-07
vdrv_now            =  5.50000e+00
m_vgate_thinox_max = 3.6561410000e+00
m_vna_peak = 2.5772170000e+00
m_vnb_peak = 2.5390710000e+00
m_vccomp_dev_max = 1.2995370000e+00
m_vccomp_stack_max = 5.1981470000e+00
m_t_plh_ns = 7.0794840000e-01
m_t_phl_ns = 3.2100730000e-01
m_vout_hi_ratio = 9.9999963636e-01
m_vout_lo_ratio = 1.5182240000e-07
m_vinb_max_v = 3.6561410000e+00
Note: Simulation executed from .control section 

