* ====================================================================
* record-id : 20260821-114210-83ad6ac
* testbench : sim/level-shifter-oxide-safety/testbench/level_shifter_tb.spice
* dut       : design/netlist/level_shifter.spice (schematic)
* corner    : ss_mc0120_-40c_vlogic3p63v-vdrv5p50v
* mismatch  : sw_stat_mismatch=1 (sample 120), sw_stat_global=0
* seed      : 20320424
* pdk       : gf180mcuD (/home/ubuntu/.volare/gf180mcuD)
* ngspice   : ngspice-46 : Circuit level simulation program
* run (UTC) : 2026-08-21T11:42:10Z
* ====================================================================

Note: No compatibility mode selected!


Circuit: * level-shifter-oxide-safety @ ss_mc0120_-40c_vlogic3p63v-vdrv5p50v -- generated by sim/harness, do not edit

Doing analysis at TEMP = -40.000000 and TNOM = 27.000000

Using SPARSE 1.3 as Direct Linear Solver

Initial Transient Solution
--------------------------

Node                                   Voltage
----                                   -------
inb                                       3.63
in                                           0
gnd_logic                                    0
vdd_logic                                 3.63
na                                       2.328
nb                                 3.64334e-07
nca                                    5.49998
gnd_drv                            1.88323e-11
ncb                                1.02751e-06
vdd_drv                                    5.5
nbuf1                                  5.49999
out                                6.54529e-07
nccomp1                            9.34262e-07
nccomp2                            8.41018e-07
nccomp3                            7.47773e-07
vin#branch                                   0
vgnd_logic#branch                  3.02908e-08
vsup_drv#branch                   -2.66608e-08
vsup_logic#branch                    -3.63e-09

 Reference value :  6.44942e-08
 Reference value :  1.50655e-07
No. of Data Rows : 10278
mq1                 =  3.63524e+00 at=  1.41204e-07
mq2                 =  3.63000e+00 at=  2.00000e-07
mq3                 =  3.63000e+00 at=  1.80000e-07
mq4                 =  3.63036e+00 at=  2.11287e-08
mq5                 =  3.65820e+00 at=  1.80102e-07
mq6                 =  3.65825e+00 at=  1.80102e-07
na_peak             =  2.46874e+00 at=  2.01074e-08
nb_peak             =  2.45154e+00 at=  6.08113e-08
mvc1                =  1.33770e+00 at=  6.10190e-08
mvc2                =  1.33770e+00 at=  6.10190e-08
mvc3                =  1.33770e+00 at=  6.10190e-08
mvc4                =  1.33770e+00 at=  6.10190e-08
vccomp_stack        =  5.35082e+00 at=  6.10190e-08
t_plh               =  7.72773e-10 targ=  2.10000e-08 trig=  2.02273e-08
t_phl               =  3.63585e-10 targ=  6.11363e-08 trig=  6.07727e-08
vout_hi_abs         =  5.50000e+00
vout_lo_abs         =  6.54529e-07
vdrv_now            =  5.50000e+00
m_vgate_thinox_max = 3.6582480000e+00
m_vna_peak = 2.4687380000e+00
m_vnb_peak = 2.4515440000e+00
m_vccomp_dev_max = 1.3377050000e+00
m_vccomp_stack_max = 5.3508190000e+00
m_t_plh_ns = 7.7277290000e-01
m_t_phl_ns = 3.6358490000e-01
m_vout_hi_ratio = 9.9999963636e-01
m_vout_lo_ratio = 1.1900525455e-07
m_vinb_max_v = 3.6582480000e+00
Note: Simulation executed from .control section 

