* ====================================================================
* record-id : 20260821-114210-83ad6ac
* testbench : sim/level-shifter-oxide-safety/testbench/level_shifter_tb.spice
* dut       : design/netlist/level_shifter.spice (schematic)
* corner    : ss_mc0158_125c_vlogic3p63v-vdrv5p50v
* mismatch  : sw_stat_mismatch=1 (sample 158), sw_stat_global=0
* seed      : 20340462
* pdk       : gf180mcuD (/home/ubuntu/.volare/gf180mcuD)
* ngspice   : ngspice-46 : Circuit level simulation program
* run (UTC) : 2026-08-21T11:42:10Z
* ====================================================================

Note: No compatibility mode selected!


Circuit: * level-shifter-oxide-safety @ ss_mc0158_125c_vlogic3p63v-vdrv5p50v -- generated by sim/harness, do not edit

Doing analysis at TEMP = 125.000000 and TNOM = 27.000000

Using SPARSE 1.3 as Direct Linear Solver

Initial Transient Solution
--------------------------

Node                                   Voltage
----                                   -------
inb                                       3.63
in                                           0
gnd_logic                                    0
vdd_logic                                 3.63
na                                     2.53456
nb                                  5.7371e-07
nca                                    5.49996
gnd_drv                            1.90515e-11
ncb                                1.78512e-06
vdd_drv                                    5.5
nbuf1                                  5.49999
out                                 1.2375e-06
nccomp1                            1.64821e-06
nccomp2                            1.51131e-06
nccomp3                            1.37441e-06
vin#branch                                   0
vgnd_logic#branch                  3.11636e-08
vsup_drv#branch                   -2.74104e-08
vsup_logic#branch                  -3.7532e-09

 Reference value :  6.43719e-08
 Reference value :  1.51233e-07
No. of Data Rows : 10193
mq1                 =  3.63437e+00 at=  1.41358e-07
mq2                 =  3.63000e+00 at=  2.00000e-07
mq3                 =  3.63000e+00 at=  1.80000e-07
mq4                 =  3.63020e+00 at=  1.81560e-07
mq5                 =  3.66578e+00 at=  1.80085e-07
mq6                 =  3.66599e+00 at=  1.80085e-07
na_peak             =  2.64298e+00 at=  2.00917e-08
nb_peak             =  2.58592e+00 at=  6.08015e-08
mvc1                =  1.31090e+00 at=  1.41093e-07
mvc2                =  1.31090e+00 at=  1.41093e-07
mvc3                =  1.31090e+00 at=  1.41093e-07
mvc4                =  1.31090e+00 at=  1.41093e-07
vccomp_stack        =  5.24360e+00 at=  1.41093e-07
t_plh               =  1.08876e-09 targ=  2.13160e-08 trig=  2.02273e-08
t_phl               =  4.85999e-10 targ=  6.12587e-08 trig=  6.07727e-08
vout_hi_abs         =  5.50000e+00
vout_lo_abs         =  1.23750e-06
vdrv_now            =  5.50000e+00
m_vgate_thinox_max = 3.6659920000e+00
m_vna_peak = 2.6429830000e+00
m_vnb_peak = 2.5859180000e+00
m_vccomp_dev_max = 1.3108990000e+00
m_vccomp_stack_max = 5.2435960000e+00
m_t_plh_ns = 1.0887620000e+00
m_t_phl_ns = 4.8599880000e-01
m_vout_hi_ratio = 9.9999927273e-01
m_vout_lo_ratio = 2.2500090909e-07
m_vinb_max_v = 3.6659920000e+00
Note: Simulation executed from .control section 

