* ====================================================================
* record-id : 20260821-114210-83ad6ac
* testbench : sim/level-shifter-oxide-safety/testbench/level_shifter_tb.spice
* dut       : design/netlist/level_shifter.spice (schematic)
* corner    : tt_mc0000_-40c_vlogic3p63v-vdrv5p50v
* mismatch  : sw_stat_mismatch=0 (sample 0), sw_stat_global=0
* seed      : 20260304
* pdk       : gf180mcuD (/home/ubuntu/.volare/gf180mcuD)
* ngspice   : ngspice-46 : Circuit level simulation program
* run (UTC) : 2026-08-21T11:42:10Z
* ====================================================================

Note: No compatibility mode selected!


Circuit: * level-shifter-oxide-safety @ tt_mc0000_-40c_vlogic3p63v-vdrv5p50v -- generated by sim/harness, do not edit

Doing analysis at TEMP = -40.000000 and TNOM = 27.000000

Using SPARSE 1.3 as Direct Linear Solver

Initial Transient Solution
--------------------------

Node                                   Voltage
----                                   -------
inb                                       3.63
in                                           0
gnd_logic                                    0
vdd_logic                                 3.63
na                                     2.46555
nb                                 3.42764e-07
nca                                    5.49998
gnd_drv                             1.8969e-11
ncb                                9.08611e-07
vdd_drv                                    5.5
nbuf1                                  5.49999
out                                5.76456e-07
nccomp1                            8.25572e-07
nccomp2                            7.42533e-07
nccomp3                            6.59495e-07
vin#branch                                   0
vgnd_logic#branch                  3.05652e-08
vsup_drv#branch                   -2.69351e-08
vsup_logic#branch                 -3.63002e-09

 Reference value :  1.22855e-07
No. of Data Rows : 10307
mq1                 =  3.63541e+00 at=  6.11141e-08
mq2                 =  3.63000e+00 at=  2.00000e-07
mq3                 =  3.63000e+00 at=  1.80000e-07
mq4                 =  3.63032e+00 at=  1.00961e-07
mq5                 =  3.65373e+00 at=  1.80074e-07
mq6                 =  3.65379e+00 at=  1.80074e-07
na_peak             =  2.57853e+00 at=  2.00895e-08
nb_peak             =  2.55780e+00 at=  1.40793e-07
mvc1                =  1.32474e+00 at=  6.09656e-08
mvc2                =  1.32474e+00 at=  6.09656e-08
mvc3                =  1.32474e+00 at=  6.09656e-08
mvc4                =  1.32474e+00 at=  6.09656e-08
vccomp_stack        =  5.29895e+00 at=  6.09656e-08
t_plh               =  6.20760e-10 targ=  2.08480e-08 trig=  2.02273e-08
t_phl               =  2.86176e-10 targ=  6.10589e-08 trig=  6.07727e-08
vout_hi_abs         =  5.50000e+00
vout_lo_abs         =  5.76456e-07
vdrv_now            =  5.50000e+00
m_vgate_thinox_max = 3.6537890000e+00
m_vna_peak = 2.5785280000e+00
m_vnb_peak = 2.5578030000e+00
m_vccomp_dev_max = 1.3247380000e+00
m_vccomp_stack_max = 5.2989520000e+00
m_t_plh_ns = 6.2076020000e-01
m_t_phl_ns = 2.8617630000e-01
m_vout_hi_ratio = 9.9999963636e-01
m_vout_lo_ratio = 1.0481018182e-07
m_vinb_max_v = 3.6537890000e+00
Note: Simulation executed from .control section 

