* ====================================================================
* record-id : 20260821-114210-83ad6ac
* testbench : sim/level-shifter-oxide-safety/testbench/level_shifter_tb.spice
* dut       : design/netlist/level_shifter.spice (schematic)
* corner    : tt_mc0108_125c_vlogic3p63v-vdrv5p50v
* mismatch  : sw_stat_mismatch=1 (sample 108), sw_stat_global=0
* seed      : 20280412
* pdk       : gf180mcuD (/home/ubuntu/.volare/gf180mcuD)
* ngspice   : ngspice-46 : Circuit level simulation program
* run (UTC) : 2026-08-21T11:42:10Z
* ====================================================================

Note: No compatibility mode selected!


Circuit: * level-shifter-oxide-safety @ tt_mc0108_125c_vlogic3p63v-vdrv5p50v -- generated by sim/harness, do not edit

Doing analysis at TEMP = 125.000000 and TNOM = 27.000000

Using SPARSE 1.3 as Direct Linear Solver

Initial Transient Solution
--------------------------

Node                                   Voltage
----                                   -------
inb                                       3.63
in                                           0
gnd_logic                                    0
vdd_logic                                 3.63
na                                     2.65347
nb                                  5.2739e-07
nca                                    5.49996
gnd_drv                            1.92457e-11
ncb                                1.53783e-06
vdd_drv                                    5.5
nbuf1                                  5.49999
out                                1.06509e-06
nccomp1                            1.41964e-06
nccomp2                            1.30146e-06
nccomp3                            1.18328e-06
vin#branch                                   0
vgnd_logic#branch                   3.4827e-08
vsup_drv#branch                   -3.00939e-08
vsup_logic#branch                 -4.73315e-09

 Reference value :  6.43505e-08
 Reference value :  1.50531e-07
No. of Data Rows : 10210
mq1                 =  3.63441e+00 at=  6.12400e-08
mq2                 =  3.63000e+00 at=  2.00000e-07
mq3                 =  3.63000e+00 at=  1.80000e-07
mq4                 =  3.63017e+00 at=  1.81271e-07
mq5                 =  3.66018e+00 at=  1.80069e-07
mq6                 =  3.66037e+00 at=  1.80069e-07
na_peak             =  2.73701e+00 at=  2.00726e-08
nb_peak             =  2.68875e+00 at=  6.07785e-08
mvc1                =  1.29259e+00 at=  6.10261e-08
mvc2                =  1.29259e+00 at=  6.10261e-08
mvc3                =  1.29259e+00 at=  6.10261e-08
mvc4                =  1.29259e+00 at=  6.10261e-08
vccomp_stack        =  5.17034e+00 at=  6.10261e-08
t_plh               =  8.52756e-10 targ=  2.10800e-08 trig=  2.02273e-08
t_phl               =  3.79639e-10 targ=  6.11524e-08 trig=  6.07727e-08
vout_hi_abs         =  5.50000e+00
vout_lo_abs         =  1.06509e-06
vdrv_now            =  5.50000e+00
m_vgate_thinox_max = 3.6603730000e+00
m_vna_peak = 2.7370070000e+00
m_vnb_peak = 2.6887530000e+00
m_vccomp_dev_max = 1.2925860000e+00
m_vccomp_stack_max = 5.1703440000e+00
m_t_plh_ns = 8.5275640000e-01
m_t_phl_ns = 3.7963940000e-01
m_vout_hi_ratio = 9.9999945455e-01
m_vout_lo_ratio = 1.9365345455e-07
m_vinb_max_v = 3.6603730000e+00
Note: Simulation executed from .control section 

