
Note: Compatibility modes selected: hs a


Circuit: * output-stage-drive @ ff_-40c_vdrv5p00v -- generated by sim/harness, do not edit

Doing analysis at TEMP = -40.000000 and TNOM = 27.000000

Using SPARSE 1.3 as Direct Linear Solver

Initial Transient Solution
--------------------------

Node                                   Voltage
----                                   -------
n1                                           5
in_drv                                       0
vdd_drv                                      5
gnd_drv                                      0
n2                                 1.37958e-09
n3                                           5
n4                                 2.04934e-09
n5                                           5
out                                2.17354e-09
outcap                             2.17354e-09
vimeas#branch                       4.8006e-22
vin#branch                                   0
vgnd_drv#branch                    3.69623e-09
vsup_drv#branch                   -3.69785e-09

 Reference value :  4.74808e-08
No. of Data Rows : 3299
trise10_90          =  3.58617e-09 targ=  2.52489e-08 trig=  2.16628e-08
tfall10_90          =  3.50434e-09 targ=  1.26250e-07 trig=  1.22745e-07
tpdlh               =  2.60355e-09 targ=  2.31035e-08 trig=  2.05000e-08
tpdhl               =  2.82817e-09 targ=  1.24328e-07 trig=  1.21500e-07
ishoot_rise_a       =  2.41922e-01 at=  2.12824e-08
ishoot_fall_a       =  1.15618e-02 at=  1.30415e-07
m_trise_s = 3.5861670000e-09
m_tfall_s = 3.5043390000e-09
m_tpdlh_s = 2.6035490000e-09
m_tpdhl_s = 2.8281730000e-09
m_ipeak_source_a = 1.4303677831e+00
m_ipeak_sink_a = 1.2826302377e+00
m_ishoot_rise_a = 2.4192180000e-01
m_ishoot_fall_a = 1.1561830000e-02
m_energy_per_edge_j = 1.2868158066e-08
m_vout_max_v = 5.0040026643e+00
m_vout_min_v = -2.729576965e-03
m_vin_max_v = 5.0000000000e+00
m_vin_min_v = 0.0000000000e+00
m_n1_max_v = 5.0196916441e+00
m_n1_min_v = -9.657221214e-03
m_n2_max_v = 5.0157857895e+00
m_n2_min_v = -9.032977990e-03
m_n3_max_v = 5.0360105333e+00
m_n3_min_v = -2.003876169e-02
m_n4_max_v = 5.0437943286e+00
m_n4_min_v = -2.561437096e-02
m_n5_max_v = 5.0455460056e+00
m_n5_min_v = -2.581755501e-02
Note: Simulation executed from .control section 

Warning: m=xx on .subckt line will override multiplier m hierarchy!

