
Note: Compatibility modes selected: hs a


Circuit: * output-stage-drive @ ff_-40c_vdrv5p50v -- generated by sim/harness, do not edit

Doing analysis at TEMP = -40.000000 and TNOM = 27.000000

Using SPARSE 1.3 as Direct Linear Solver

Initial Transient Solution
--------------------------

Node                                   Voltage
----                                   -------
n1                                         5.5
in_drv                                       0
vdd_drv                                    5.5
gnd_drv                                      0
n2                                 1.45555e-09
n3                                         5.5
n4                                 2.16199e-09
n5                                         5.5
out                                2.29302e-09
outcap                             2.29302e-09
vimeas#branch                      5.28023e-22
vin#branch                                   0
vgnd_drv#branch                    4.06699e-09
vsup_drv#branch                   -4.06817e-09

 Reference value :  4.84369e-09
 Reference value :  1.48788e-08
 Reference value :  7.18799e-08
No. of Data Rows : 3544
trise10_90          =  3.40543e-09 targ=  2.50203e-08 trig=  2.16148e-08
tfall10_90          =  3.38781e-09 targ=  1.26083e-07 trig=  1.22696e-07
tpdlh               =  2.48338e-09 targ=  2.29834e-08 trig=  2.05000e-08
tpdhl               =  2.72881e-09 targ=  1.24229e-07 trig=  1.21500e-07
ishoot_rise_a       =  2.79888e-01 at=  2.12492e-08
ishoot_fall_a       =  9.89689e-03 at=  1.50965e-07
m_trise_s = 3.4054330000e-09
m_tfall_s = 3.3878110000e-09
m_tpdlh_s = 2.4833800000e-09
m_tpdhl_s = 2.7288090000e-09
m_ipeak_source_a = 1.6622274971e+00
m_ipeak_sink_a = 1.4570787946e+00
m_ishoot_rise_a = 2.7988770000e-01
m_ishoot_fall_a = 9.8968860000e-03
m_energy_per_edge_j = 1.5577882231e-08
m_vout_max_v = 5.5040657894e+00
m_vout_min_v = -2.749551650e-03
m_vin_max_v = 5.5000000000e+00
m_vin_min_v = 0.0000000000e+00
m_n1_max_v = 5.5194653438e+00
m_n1_min_v = -1.010344645e-02
m_n2_max_v = 5.5138675765e+00
m_n2_min_v = -8.304206972e-03
m_n3_max_v = 5.5328801532e+00
m_n3_min_v = -1.883646584e-02
m_n4_max_v = 5.5427100762e+00
m_n4_min_v = -2.523705099e-02
m_n5_max_v = 5.5442792917e+00
m_n5_min_v = -2.557467873e-02
Note: Simulation executed from .control section 

Warning: m=xx on .subckt line will override multiplier m hierarchy!

