
Note: Compatibility modes selected: hs a


Circuit: * output-stage-drive @ ff_-40c_vdrv4p50v -- generated by sim/harness, do not edit

Doing analysis at TEMP = -40.000000 and TNOM = 27.000000

Using SPARSE 1.3 as Direct Linear Solver

Initial Transient Solution
--------------------------

Node                                   Voltage
----                                   -------
n1                                         4.5
in_drv                                       0
vdd_drv                                    4.5
gnd_drv                                      0
n2                                 1.31165e-09
n3                                         4.5
n4                                 1.94873e-09
n5                                         4.5
out                                2.06684e-09
outcap                             2.06684e-09
vimeas#branch                      2.62883e-23
vin#branch                                   0
vgnd_drv#branch                     3.3253e-09
vsup_drv#branch                   -3.32597e-09

 Reference value :  5.75213e-08
No. of Data Rows : 3301
trise10_90          =  3.82083e-09 targ=  2.55466e-08 trig=  2.17258e-08
tfall10_90          =  3.66310e-09 targ=  1.26472e-07 trig=  1.22809e-07
tpdlh               =  2.76107e-09 targ=  2.32611e-08 trig=  2.05000e-08
tpdhl               =  2.95922e-09 targ=  1.24459e-07 trig=  1.21500e-07
ishoot_rise_a       =  2.09148e-01 at=  2.13297e-08
ishoot_fall_a       =  6.64306e-03 at=  1.31592e-07
m_trise_s = 3.8208250000e-09
m_tfall_s = 3.6630960000e-09
m_tpdlh_s = 2.7610660000e-09
m_tpdhl_s = 2.9592220000e-09
m_ipeak_source_a = 1.2116754325e+00
m_ipeak_sink_a = 1.1177436391e+00
m_ishoot_rise_a = 2.0914780000e-01
m_ishoot_fall_a = 6.6430630000e-03
m_energy_per_edge_j = 1.0418141880e-08
m_vout_max_v = 4.5039911675e+00
m_vout_min_v = -2.693721997e-03
m_vin_max_v = 4.5000000000e+00
m_vin_min_v = 0.0000000000e+00
m_n1_max_v = 4.5190902367e+00
m_n1_min_v = -9.421804578e-03
m_n2_max_v = 4.5183289991e+00
m_n2_min_v = -1.091157573e-02
m_n3_max_v = 4.5377815759e+00
m_n3_min_v = -2.133167948e-02
m_n4_max_v = 4.5450623536e+00
m_n4_min_v = -2.578832994e-02
m_n5_max_v = 4.5453794290e+00
m_n5_min_v = -2.612785462e-02
Note: Simulation executed from .control section 

Warning: m=xx on .subckt line will override multiplier m hierarchy!

