
Note: Compatibility modes selected: hs a


Circuit: * output-stage-drive @ ff_125c_vdrv4p50v -- generated by sim/harness, do not edit

Doing analysis at TEMP = 125.000000 and TNOM = 27.000000

Using SPARSE 1.3 as Direct Linear Solver

Initial Transient Solution
--------------------------

Node                                   Voltage
----                                   -------
n1                                         4.5
in_drv                                       0
vdd_drv                                    4.5
gnd_drv                                      0
n2                                 3.05566e-08
n3                                         4.5
n4                                 3.09179e-08
n5                                         4.5
out                                3.27917e-08
outcap                             3.27917e-08
vimeas#branch                      -8.6269e-22
vin#branch                                   0
vgnd_drv#branch                    1.11339e-07
vsup_drv#branch                   -1.11343e-07

 Reference value :  1.11640e-08
No. of Data Rows : 3270
trise10_90          =  5.58732e-09 targ=  2.77494e-08 trig=  2.21621e-08
tfall10_90          =  5.34689e-09 targ=  1.28611e-07 trig=  1.23264e-07
tpdlh               =  3.74189e-09 targ=  2.42419e-08 trig=  2.05000e-08
tpdhl               =  4.00087e-09 targ=  1.25501e-07 trig=  1.21500e-07
ishoot_rise_a       =  1.42309e-01 at=  2.16023e-08
ishoot_fall_a       =  5.98845e-03 at=  1.36162e-07
m_trise_s = 5.5873250000e-09
m_tfall_s = 5.3468880000e-09
m_tpdlh_s = 3.7418870000e-09
m_tpdhl_s = 4.0008730000e-09
m_ipeak_source_a = 9.0954677788e-01
m_ipeak_sink_a = 8.3055637718e-01
m_ishoot_rise_a = 1.4230920000e-01
m_ishoot_fall_a = 5.9884480000e-03
m_energy_per_edge_j = 1.0434907309e-08
m_vout_max_v = 4.5032802254e+00
m_vout_min_v = -2.152680618e-03
m_vin_max_v = 4.5000000000e+00
m_vin_min_v = 0.0000000000e+00
m_n1_max_v = 4.5262427719e+00
m_n1_min_v = -1.432326005e-02
m_n2_max_v = 4.5176290226e+00
m_n2_min_v = -1.036490809e-02
m_n3_max_v = 4.5335820923e+00
m_n3_min_v = -1.881048028e-02
m_n4_max_v = 4.5393897578e+00
m_n4_min_v = -2.234890893e-02
m_n5_max_v = 4.5399089665e+00
m_n5_min_v = -2.222264916e-02
Note: Simulation executed from .control section 

Warning: m=xx on .subckt line will override multiplier m hierarchy!

