
Note: Compatibility modes selected: hs a


Circuit: * output-stage-drive @ ff_125c_vdrv6p00v -- generated by sim/harness, do not edit

Doing analysis at TEMP = 125.000000 and TNOM = 27.000000

Using SPARSE 1.3 as Direct Linear Solver

Initial Transient Solution
--------------------------

Node                                   Voltage
----                                   -------
n1                                           6
in_drv                                       0
vdd_drv                                      6
gnd_drv                                      0
n2                                 3.87779e-08
n3                                           6
n4                                 3.91045e-08
n5                                           6
out                                4.14744e-08
outcap                             4.14744e-08
vimeas#branch                      5.97781e-21
vin#branch                                   0
vgnd_drv#branch                    1.68417e-07
vsup_drv#branch                   -1.68416e-07

 Reference value :  4.55058e-08
No. of Data Rows : 3282
trise10_90          =  4.55410e-09 targ=  2.64713e-08 trig=  2.19172e-08
tfall10_90          =  4.86760e-09 targ=  1.27903e-07 trig=  1.23036e-07
tpdlh               =  3.11292e-09 targ=  2.36129e-08 trig=  2.05000e-08
tpdhl               =  3.57875e-09 targ=  1.25079e-07 trig=  1.21500e-07
ishoot_rise_a       =  2.19727e-01 at=  2.14665e-08
ishoot_fall_a       =  9.47571e-03 at=  1.33975e-07
m_trise_s = 4.5541000000e-09
m_tfall_s = 4.8676050000e-09
m_tpdlh_s = 3.1129160000e-09
m_tpdhl_s = 3.5787460000e-09
m_ipeak_source_a = 1.4818178669e+00
m_ipeak_sink_a = 1.2132163009e+00
m_ishoot_rise_a = 2.1972740000e-01
m_ishoot_fall_a = 9.4757080000e-03
m_energy_per_edge_j = 1.8571940974e-08
m_vout_max_v = 6.0031892288e+00
m_vout_min_v = -2.201111018e-03
m_vin_max_v = 6.0000000000e+00
m_vin_min_v = 0.0000000000e+00
m_n1_max_v = 6.0250253571e+00
m_n1_min_v = -1.519317898e-02
m_n2_max_v = 6.0132095669e+00
m_n2_min_v = -8.636366720e-03
m_n3_max_v = 6.0266115502e+00
m_n3_min_v = -1.534313370e-02
m_n4_max_v = 6.0347787708e+00
m_n4_min_v = -2.186477331e-02
m_n5_max_v = 6.0358590269e+00
m_n5_min_v = -2.227198189e-02
Note: Simulation executed from .control section 

Warning: m=xx on .subckt line will override multiplier m hierarchy!

