
Note: Compatibility modes selected: hs a


Circuit: * output-stage-drive @ ff_125c_vdrv5p00v -- generated by sim/harness, do not edit

Doing analysis at TEMP = 125.000000 and TNOM = 27.000000

Using SPARSE 1.3 as Direct Linear Solver

Initial Transient Solution
--------------------------

Node                                   Voltage
----                                   -------
n1                                           5
in_drv                                       0
vdd_drv                                      5
gnd_drv                                      0
n2                                 3.24168e-08
n3                                           5
n4                                 3.27871e-08
n5                                           5
out                                3.47742e-08
outcap                             3.47742e-08
vimeas#branch                      1.08885e-20
vin#branch                                   0
vgnd_drv#branch                     1.2524e-07
vsup_drv#branch                   -1.25247e-07

 Reference value :  1.25640e-08
No. of Data Rows : 3275
trise10_90          =  5.16818e-09 targ=  2.72286e-08 trig=  2.20605e-08
tfall10_90          =  5.13147e-09 targ=  1.28301e-07 trig=  1.23170e-07
tpdlh               =  3.48322e-09 targ=  2.39832e-08 trig=  2.05000e-08
tpdhl               =  3.82006e-09 targ=  1.25320e-07 trig=  1.21500e-07
ishoot_rise_a       =  1.68340e-01 at=  2.15539e-08
ishoot_fall_a       =  4.40384e-03 at=  1.39773e-07
m_trise_s = 5.1681770000e-09
m_tfall_s = 5.1314750000e-09
m_tpdlh_s = 3.4832170000e-09
m_tpdhl_s = 3.8200580000e-09
m_ipeak_source_a = 1.0918696041e+00
m_ipeak_sink_a = 9.5605876046e-01
m_ishoot_rise_a = 1.6834030000e-01
m_ishoot_fall_a = 4.4038390000e-03
m_energy_per_edge_j = 1.2887559751e-08
m_vout_max_v = 5.0033706125e+00
m_vout_min_v = -2.201816085e-03
m_vin_max_v = 5.0000000000e+00
m_vin_min_v = 0.0000000000e+00
m_n1_max_v = 5.0261573960e+00
m_n1_min_v = -1.484697810e-02
m_n2_max_v = 5.0160935465e+00
m_n2_min_v = -9.301775211e-03
m_n3_max_v = 5.0320486146e+00
m_n3_min_v = -1.770966497e-02
m_n4_max_v = 5.0384684526e+00
m_n4_min_v = -2.244419498e-02
m_n5_max_v = 5.0392332824e+00
m_n5_min_v = -2.251680862e-02
Note: Simulation executed from .control section 

Warning: m=xx on .subckt line will override multiplier m hierarchy!

