
Note: Compatibility modes selected: hs a


Circuit: * output-stage-drive @ ff_125c_vdrv5p50v -- generated by sim/harness, do not edit

Doing analysis at TEMP = 125.000000 and TNOM = 27.000000

Using SPARSE 1.3 as Direct Linear Solver

Initial Transient Solution
--------------------------

Node                                   Voltage
----                                   -------
n1                                         5.5
in_drv                                       0
vdd_drv                                    5.5
gnd_drv                                      0
n2                                 3.50336e-08
n3                                         5.5
n4                                 3.53967e-08
n5                                         5.5
out                                 3.7542e-08
outcap                              3.7542e-08
vimeas#branch                      4.96952e-21
vin#branch                                   0
vgnd_drv#branch                    1.43361e-07
vsup_drv#branch                   -1.43364e-07

 Reference value :  1.04140e-08
No. of Data Rows : 3277
trise10_90          =  4.83128e-09 targ=  2.68126e-08 trig=  2.19813e-08
tfall10_90          =  4.97720e-09 targ=  1.28073e-07 trig=  1.23096e-07
tpdlh               =  3.27907e-09 targ=  2.37791e-08 trig=  2.05000e-08
tpdhl               =  3.68385e-09 targ=  1.25184e-07 trig=  1.21500e-07
ishoot_rise_a       =  1.93808e-01 at=  2.15010e-08
ishoot_fall_a       =  7.55751e-03 at=  1.34334e-07
m_trise_s = 4.8312790000e-09
m_tfall_s = 4.9772020000e-09
m_tpdlh_s = 3.2790660000e-09
m_tpdhl_s = 3.6838490000e-09
m_ipeak_source_a = 1.2831620012e+00
m_ipeak_sink_a = 1.0874501571e+00
m_ishoot_rise_a = 1.9380790000e-01
m_ishoot_fall_a = 7.5575130000e-03
m_energy_per_edge_j = 1.5599722321e-08
m_vout_max_v = 5.5032668717e+00
m_vout_min_v = -2.195558655e-03
m_vin_max_v = 5.5000000000e+00
m_vin_min_v = 0.0000000000e+00
m_n1_max_v = 5.5248469674e+00
m_n1_min_v = -1.495832478e-02
m_n2_max_v = 5.5150763787e+00
m_n2_min_v = -9.195438512e-03
m_n3_max_v = 5.5290929193e+00
m_n3_min_v = -1.661143683e-02
m_n4_max_v = 5.5373158828e+00
m_n4_min_v = -2.231267099e-02
m_n5_max_v = 5.5380852566e+00
m_n5_min_v = -2.215940006e-02
Note: Simulation executed from .control section 

Warning: m=xx on .subckt line will override multiplier m hierarchy!

