
Note: Compatibility modes selected: hs a


Circuit: * output-stage-drive @ ff_27c_vdrv5p50v -- generated by sim/harness, do not edit

Doing analysis at TEMP = 27.000000 and TNOM = 27.000000

Using SPARSE 1.3 as Direct Linear Solver

Initial Transient Solution
--------------------------

Node                                   Voltage
----                                   -------
n1                                         5.5
in_drv                                       0
vdd_drv                                    5.5
gnd_drv                                      0
n2                                 1.92573e-09
n3                                         5.5
n4                                 2.85015e-09
n5                                         5.5
out                                3.02289e-09
outcap                             3.02289e-09
vimeas#branch                     -2.81184e-21
vin#branch                                   0
vgnd_drv#branch                     4.5114e-09
vsup_drv#branch                   -4.50852e-09

 Reference value :  5.97100e-09
 Reference value :  1.46541e-07
No. of Data Rows : 3299
trise10_90          =  4.04561e-09 targ=  2.58093e-08 trig=  2.17637e-08
tfall10_90          =  3.97580e-09 targ=  1.26832e-07 trig=  1.22856e-07
tpdlh               =  2.82661e-09 targ=  2.33266e-08 trig=  2.05000e-08
tpdhl               =  3.09311e-09 targ=  1.24593e-07 trig=  1.21500e-07
ishoot_rise_a       =  2.39969e-01 at=  2.13783e-08
ishoot_fall_a       =  6.90185e-05 at=  1.33691e-07
m_trise_s = 4.0456120000e-09
m_tfall_s = 3.9757960000e-09
m_tpdlh_s = 2.8266100000e-09
m_tpdhl_s = 3.0931140000e-09
m_ipeak_source_a = 1.4665555833e+00
m_ipeak_sink_a = 1.2912037226e+00
m_ishoot_rise_a = 2.3996920000e-01
m_ishoot_fall_a = 6.9018500000e-05
m_energy_per_edge_j = 1.5586550143e-08
m_vout_max_v = 5.5037045151e+00
m_vout_min_v = -2.554581695e-03
m_vin_max_v = 5.5000000000e+00
m_vin_min_v = 0.0000000000e+00
m_n1_max_v = 5.5225729310e+00
m_n1_min_v = -1.256412295e-02
m_n2_max_v = 5.5144299549e+00
m_n2_min_v = -8.551347985e-03
m_n3_max_v = 5.5330204786e+00
m_n3_min_v = -1.820733293e-02
m_n4_max_v = 5.5414615200e+00
m_n4_min_v = -2.444039211e-02
m_n5_max_v = 5.5427427766e+00
m_n5_min_v = -2.456571199e-02
Note: Simulation executed from .control section 

Warning: m=xx on .subckt line will override multiplier m hierarchy!

