
Note: Compatibility modes selected: hs a


Circuit: * output-stage-drive @ ff_27c_vdrv4p50v -- generated by sim/harness, do not edit

Doing analysis at TEMP = 27.000000 and TNOM = 27.000000

Using SPARSE 1.3 as Direct Linear Solver

Initial Transient Solution
--------------------------

Node                                   Voltage
----                                   -------
n1                                         4.5
in_drv                                       0
vdd_drv                                    4.5
gnd_drv                                      0
n2                                 1.71907e-09
n3                                         4.5
n4                                 2.54552e-09
n5                                         4.5
out                                2.69979e-09
outcap                             2.69979e-09
vimeas#branch                     -1.10527e-21
vin#branch                                   0
vgnd_drv#branch                    3.66285e-09
vsup_drv#branch                   -3.66711e-09

 Reference value :  6.42025e-09
 Reference value :  1.41278e-07
No. of Data Rows : 3284
trise10_90          =  4.59100e-09 targ=  2.64947e-08 trig=  2.19037e-08
tfall10_90          =  4.28912e-09 targ=  1.27281e-07 trig=  1.22992e-07
tpdlh               =  3.17836e-09 targ=  2.36784e-08 trig=  2.05000e-08
tpdhl               =  3.35843e-09 targ=  1.24858e-07 trig=  1.21500e-07
ishoot_rise_a       =  1.78243e-01 at=  2.14360e-08
ishoot_fall_a       =  5.16979e-03 at=  1.21000e-07
m_trise_s = 4.5910030000e-09
m_tfall_s = 4.2891220000e-09
m_tpdlh_s = 3.1783580000e-09
m_tpdhl_s = 3.3584310000e-09
m_ipeak_source_a = 1.0588318921e+00
m_ipeak_sink_a = 9.8180212757e-01
m_ishoot_rise_a = 1.7824330000e-01
m_ishoot_fall_a = 5.1697900000e-03
m_energy_per_edge_j = 1.0424800785e-08
m_vout_max_v = 4.5037046841e+00
m_vout_min_v = -2.497318564e-03
m_vin_max_v = 4.5000000000e+00
m_vin_min_v = 0.0000000000e+00
m_n1_max_v = 4.5228624104e+00
m_n1_min_v = -1.149710436e-02
m_n2_max_v = 4.5187655863e+00
m_n2_min_v = -1.069865411e-02
m_n3_max_v = 4.5366144216e+00
m_n3_min_v = -2.053067015e-02
m_n4_max_v = 4.5439411563e+00
m_n4_min_v = -2.437291396e-02
m_n5_max_v = 4.5444977133e+00
m_n5_min_v = -2.492322030e-02
Note: Simulation executed from .control section 

Warning: m=xx on .subckt line will override multiplier m hierarchy!

