
Note: Compatibility modes selected: hs a


Circuit: * output-stage-drive @ fs_-40c_vdrv5p50v -- generated by sim/harness, do not edit

Doing analysis at TEMP = -40.000000 and TNOM = 27.000000

Using SPARSE 1.3 as Direct Linear Solver

Initial Transient Solution
--------------------------

Node                                   Voltage
----                                   -------
n1                                         5.5
in_drv                                       0
vdd_drv                                    5.5
gnd_drv                                      0
n2                                 1.44065e-09
n3                                         5.5
n4                                 2.16117e-09
n5                                         5.5
out                                2.29215e-09
outcap                             2.29215e-09
vimeas#branch                     -4.69925e-22
vin#branch                                   0
vgnd_drv#branch                    3.95884e-09
vsup_drv#branch                   -3.95915e-09

 Reference value :  9.09409e-08
No. of Data Rows : 3310
trise10_90          =  4.43214e-09 targ=  2.62588e-08 trig=  2.18266e-08
tfall10_90          =  3.55059e-09 targ=  1.26461e-07 trig=  1.22910e-07
tpdlh               =  3.12272e-09 targ=  2.36227e-08 trig=  2.05000e-08
tpdhl               =  3.02355e-09 targ=  1.24524e-07 trig=  1.21500e-07
ishoot_rise_a       =  2.57876e-01 at=  2.13760e-08
ishoot_fall_a       =  1.87630e-02 at=  1.30395e-07
m_trise_s = 4.4321430000e-09
m_tfall_s = 3.5505910000e-09
m_tpdlh_s = 3.1227240000e-09
m_tpdhl_s = 3.0235510000e-09
m_ipeak_source_a = 1.2710494959e+00
m_ipeak_sink_a = 1.3930638843e+00
m_ishoot_rise_a = 2.5787590000e-01
m_ishoot_fall_a = 1.8763000000e-02
m_energy_per_edge_j = 1.5579927061e-08
m_vout_max_v = 5.5043029948e+00
m_vout_min_v = -3.544916911e-03
m_vin_max_v = 5.5000000000e+00
m_vin_min_v = 0.0000000000e+00
m_n1_max_v = 5.5258487846e+00
m_n1_min_v = -1.103051603e-02
m_n2_max_v = 5.5199667961e+00
m_n2_min_v = -1.305502293e-02
m_n3_max_v = 5.5427767312e+00
m_n3_min_v = -2.461939512e-02
m_n4_max_v = 5.5500915646e+00
m_n4_min_v = -2.903948375e-02
m_n5_max_v = 5.5502546748e+00
m_n5_min_v = -2.943374151e-02
Note: Simulation executed from .control section 

Warning: m=xx on .subckt line will override multiplier m hierarchy!

