
Note: Compatibility modes selected: hs a


Circuit: * output-stage-drive @ fs_-40c_vdrv4p50v -- generated by sim/harness, do not edit

Doing analysis at TEMP = -40.000000 and TNOM = 27.000000

Using SPARSE 1.3 as Direct Linear Solver

Initial Transient Solution
--------------------------

Node                                   Voltage
----                                   -------
n1                                         4.5
in_drv                                       0
vdd_drv                                    4.5
gnd_drv                                      0
n2                                  1.3032e-09
n3                                         4.5
n4                                 1.95546e-09
n5                                         4.5
out                                2.07397e-09
outcap                             2.07397e-09
vimeas#branch                      6.51041e-23
vin#branch                                   0
vgnd_drv#branch                    3.23711e-09
vsup_drv#branch                   -3.23658e-09

 Reference value :  5.75748e-08
No. of Data Rows : 3290
trise10_90          =  5.13097e-09 targ=  2.71349e-08 trig=  2.20040e-08
tfall10_90          =  3.85307e-09 targ=  1.26923e-07 trig=  1.23070e-07
tpdlh               =  3.59195e-09 targ=  2.40920e-08 trig=  2.05000e-08
tpdhl               =  3.31224e-09 targ=  1.24812e-07 trig=  1.21500e-07
ishoot_rise_a       =  1.84794e-01 at=  2.14789e-08
ishoot_fall_a       =  9.14337e-03 at=  1.32155e-07
m_trise_s = 5.1309750000e-09
m_tfall_s = 3.8530710000e-09
m_tpdlh_s = 3.5919540000e-09
m_tpdhl_s = 3.3122440000e-09
m_ipeak_source_a = 8.9266071700e-01
m_ipeak_sink_a = 1.0555079406e+00
m_ishoot_rise_a = 1.8479360000e-01
m_ishoot_fall_a = 9.1433740000e-03
m_energy_per_edge_j = 1.0419385490e-08
m_vout_max_v = 4.5042116530e+00
m_vout_min_v = -3.493335011e-03
m_vin_max_v = 4.5000000000e+00
m_vin_min_v = 0.0000000000e+00
m_n1_max_v = 4.5244938547e+00
m_n1_min_v = -1.058149266e-02
m_n2_max_v = 4.5249752381e+00
m_n2_min_v = -1.612797361e-02
m_n3_max_v = 4.5452265352e+00
m_n3_min_v = -2.578271396e-02
m_n4_max_v = 4.5501703557e+00
m_n4_min_v = -2.878552027e-02
m_n5_max_v = 4.5504163347e+00
m_n5_min_v = -2.903581932e-02
Note: Simulation executed from .control section 

Warning: m=xx on .subckt line will override multiplier m hierarchy!

