
Note: Compatibility modes selected: hs a


Circuit: * output-stage-drive @ fs_125c_vdrv5p00v -- generated by sim/harness, do not edit

Doing analysis at TEMP = 125.000000 and TNOM = 27.000000

Using SPARSE 1.3 as Direct Linear Solver

Initial Transient Solution
--------------------------

Node                                   Voltage
----                                   -------
n1                                           5
in_drv                                       0
vdd_drv                                      5
gnd_drv                                      0
n2                                 3.28143e-09
n3                                           5
n4                                 4.49633e-09
n5                                           5
out                                4.76883e-09
outcap                             4.76883e-09
vimeas#branch                      2.37635e-21
vin#branch                                   0
vgnd_drv#branch                     5.2815e-08
vsup_drv#branch                    -5.2816e-08

 Reference value :  1.22450e-07
No. of Data Rows : 3274
trise10_90          =  7.03436e-09 targ=  2.94717e-08 trig=  2.24374e-08
tfall10_90          =  5.36173e-09 targ=  1.28858e-07 trig=  1.23497e-07
tpdlh               =  4.60444e-09 targ=  2.51044e-08 trig=  2.05000e-08
tpdhl               =  4.24979e-09 targ=  1.25750e-07 trig=  1.21500e-07
ishoot_rise_a       =  1.51101e-01 at=  2.17448e-08
ishoot_fall_a       =  3.86532e-03 at=  1.36012e-07
m_trise_s = 7.0343620000e-09
m_tfall_s = 5.3617270000e-09
m_tpdlh_s = 4.6044350000e-09
m_tpdhl_s = 4.2497860000e-09
m_ipeak_source_a = 7.8339027567e-01
m_ipeak_sink_a = 9.1120433784e-01
m_ishoot_rise_a = 1.5110070000e-01
m_ishoot_fall_a = 3.8653200000e-03
m_energy_per_edge_j = 1.2887967642e-08
m_vout_max_v = 5.0036058180e+00
m_vout_min_v = -3.059794404e-03
m_vin_max_v = 5.0000000000e+00
m_vin_min_v = 0.0000000000e+00
m_n1_max_v = 5.0329713561e+00
m_n1_min_v = -1.719479772e-02
m_n2_max_v = 5.0235492595e+00
m_n2_min_v = -1.608033968e-02
m_n3_max_v = 5.0404477244e+00
m_n3_min_v = -2.515191638e-02
m_n4_max_v = 5.0445532370e+00
m_n4_min_v = -2.765850492e-02
m_n5_max_v = 5.0451994245e+00
m_n5_min_v = -2.759706863e-02
Note: Simulation executed from .control section 

Warning: m=xx on .subckt line will override multiplier m hierarchy!

