
Note: Compatibility modes selected: hs a


Circuit: * output-stage-drive @ fs_27c_vdrv5p00v -- generated by sim/harness, do not edit

Doing analysis at TEMP = 27.000000 and TNOM = 27.000000

Using SPARSE 1.3 as Direct Linear Solver

Initial Transient Solution
--------------------------

Node                                   Voltage
----                                   -------
n1                                           5
in_drv                                       0
vdd_drv                                      5
gnd_drv                                      0
n2                                 1.78736e-09
n3                                           5
n4                                 2.68205e-09
n5                                           5
out                                2.84467e-09
outcap                             2.84467e-09
vimeas#branch                      -2.1676e-21
vin#branch                                   0
vgnd_drv#branch                    3.75057e-09
vsup_drv#branch                   -3.74969e-09

 Reference value :  1.31490e-07
No. of Data Rows : 3287
trise10_90          =  5.72853e-09 targ=  2.78497e-08 trig=  2.21212e-08
tfall10_90          =  4.30186e-09 targ=  1.27489e-07 trig=  1.23188e-07
tpdlh               =  3.86801e-09 targ=  2.43680e-08 trig=  2.05000e-08
tpdhl               =  3.57154e-09 targ=  1.25072e-07 trig=  1.21500e-07
ishoot_rise_a       =  1.86072e-01 at=  2.15447e-08
ishoot_fall_a       =  8.30375e-03 at=  1.35690e-07
m_trise_s = 5.7285290000e-09
m_tfall_s = 4.3018590000e-09
m_tpdlh_s = 3.8680140000e-09
m_tpdhl_s = 3.5715360000e-09
m_ipeak_source_a = 9.2474976933e-01
m_ipeak_sink_a = 1.0842840074e+00
m_ishoot_rise_a = 1.8607150000e-01
m_ishoot_fall_a = 8.3037470000e-03
m_energy_per_edge_j = 1.2877195954e-08
m_vout_max_v = 5.0039722993e+00
m_vout_min_v = -3.360254110e-03
m_vin_max_v = 5.0000000000e+00
m_vin_min_v = 0.0000000000e+00
m_n1_max_v = 5.0294481071e+00
m_n1_min_v = -1.348152414e-02
m_n2_max_v = 5.0241349412e+00
m_n2_min_v = -1.540650420e-02
m_n3_max_v = 5.0445373752e+00
m_n3_min_v = -2.546038514e-02
m_n4_max_v = 5.0484934371e+00
m_n4_min_v = -2.835842159e-02
m_n5_max_v = 5.0495564544e+00
m_n5_min_v = -2.892842416e-02
Note: Simulation executed from .control section 

Warning: m=xx on .subckt line will override multiplier m hierarchy!

