
Note: Compatibility modes selected: hs a


Circuit: * output-stage-drive @ sf_-40c_vdrv5p00v -- generated by sim/harness, do not edit

Doing analysis at TEMP = -40.000000 and TNOM = 27.000000

Using SPARSE 1.3 as Direct Linear Solver

Initial Transient Solution
--------------------------

Node                                   Voltage
----                                   -------
n1                                           5
in_drv                                       0
vdd_drv                                      5
gnd_drv                                      0
n2                                 1.66942e-09
n3                                           5
n4                                 2.47991e-09
n5                                           5
out                                2.63021e-09
outcap                             2.63021e-09
vimeas#branch                      3.20964e-22
vin#branch                                   0
vgnd_drv#branch                    3.67475e-09
vsup_drv#branch                   -3.67536e-09

 Reference value :  5.74986e-08
No. of Data Rows : 3316
trise10_90          =  3.77773e-09 targ=  2.56970e-08 trig=  2.19193e-08
tfall10_90          =  4.76438e-09 targ=  1.27802e-07 trig=  1.23038e-07
tpdlh               =  2.93985e-09 targ=  2.34398e-08 trig=  2.05000e-08
tpdhl               =  3.74267e-09 targ=  1.25243e-07 trig=  1.21500e-07
ishoot_rise_a       =  1.81746e-01 at=  2.15265e-08
ishoot_fall_a       =  3.84171e-03 at=  1.21000e-07
m_trise_s = 3.7777270000e-09
m_tfall_s = 4.7643820000e-09
m_tpdlh_s = 2.9398470000e-09
m_tpdhl_s = 3.7426720000e-09
m_ipeak_source_a = 1.3576080688e+00
m_ipeak_sink_a = 9.2275140662e-01
m_ishoot_rise_a = 1.8174560000e-01
m_ishoot_fall_a = 3.8417120000e-03
m_energy_per_edge_j = 1.2868155898e-08
m_vout_max_v = 5.0053237188e+00
m_vout_min_v = -2.961779944e-03
m_vin_max_v = 5.0000000000e+00
m_vin_min_v = 0.0000000000e+00
m_n1_max_v = 5.0223080242e+00
m_n1_min_v = -1.243010483e-02
m_n2_max_v = 5.0273141008e+00
m_n2_min_v = -1.270150725e-02
m_n3_max_v = 5.0466569626e+00
m_n3_min_v = -2.460050319e-02
m_n4_max_v = 5.0532686592e+00
m_n4_min_v = -2.845179681e-02
m_n5_max_v = 5.0534323701e+00
m_n5_min_v = -2.869395095e-02
Note: Simulation executed from .control section 

Warning: m=xx on .subckt line will override multiplier m hierarchy!

