
Note: Compatibility modes selected: hs a


Circuit: * output-stage-drive @ sf_-40c_vdrv5p50v -- generated by sim/harness, do not edit

Doing analysis at TEMP = -40.000000 and TNOM = 27.000000

Using SPARSE 1.3 as Direct Linear Solver

Initial Transient Solution
--------------------------

Node                                   Voltage
----                                   -------
n1                                         5.5
in_drv                                       0
vdd_drv                                    5.5
gnd_drv                                      0
n2                                 1.74017e-09
n3                                         5.5
n4                                 2.58475e-09
n5                                         5.5
out                                 2.7414e-09
outcap                              2.7414e-09
vimeas#branch                      2.09561e-22
vin#branch                                   0
vgnd_drv#branch                     4.0433e-09
vsup_drv#branch                   -4.04401e-09

 Reference value :  3.86805e-08
 Reference value :  1.43601e-07
No. of Data Rows : 3310
trise10_90          =  3.57779e-09 targ=  2.54315e-08 trig=  2.18537e-08
tfall10_90          =  4.55826e-09 targ=  1.27521e-07 trig=  1.22963e-07
tpdlh               =  2.79375e-09 targ=  2.32938e-08 trig=  2.05000e-08
tpdhl               =  3.57640e-09 targ=  1.25076e-07 trig=  1.21500e-07
ishoot_rise_a       =  2.09613e-01 at=  2.14842e-08
ishoot_fall_a       =  1.18633e-02 at=  1.32501e-07
m_trise_s = 3.5777860000e-09
m_tfall_s = 4.5582620000e-09
m_tpdlh_s = 2.7937540000e-09
m_tpdhl_s = 3.5764010000e-09
m_ipeak_source_a = 1.5713607290e+00
m_ipeak_sink_a = 1.0633138598e+00
m_ishoot_rise_a = 2.0961300000e-01
m_ishoot_fall_a = 1.1863340000e-02
m_energy_per_edge_j = 1.5577926312e-08
m_vout_max_v = 5.5054338389e+00
m_vout_min_v = -2.976978099e-03
m_vin_max_v = 5.5000000000e+00
m_vin_min_v = 0.0000000000e+00
m_n1_max_v = 5.5219900962e+00
m_n1_min_v = -1.278658217e-02
m_n2_max_v = 5.5240782855e+00
m_n2_min_v = -1.182636079e-02
m_n3_max_v = 5.5458341656e+00
m_n3_min_v = -2.375516155e-02
m_n4_max_v = 5.5526725046e+00
m_n4_min_v = -2.859695819e-02
m_n5_max_v = 5.5532517153e+00
m_n5_min_v = -2.777521360e-02
Note: Simulation executed from .control section 

Warning: m=xx on .subckt line will override multiplier m hierarchy!

