
Note: Compatibility modes selected: hs a


Circuit: * output-stage-drive @ sf_-40c_vdrv4p50v -- generated by sim/harness, do not edit

Doing analysis at TEMP = -40.000000 and TNOM = 27.000000

Using SPARSE 1.3 as Direct Linear Solver

Initial Transient Solution
--------------------------

Node                                   Voltage
----                                   -------
n1                                         4.5
in_drv                                       0
vdd_drv                                    4.5
gnd_drv                                      0
n2                                 1.60912e-09
n3                                         4.5
n4                                 2.39099e-09
n5                                         4.5
out                                2.53591e-09
outcap                             2.53591e-09
vimeas#branch                      5.08979e-22
vin#branch                                   0
vgnd_drv#branch                    3.30601e-09
vsup_drv#branch                   -3.30676e-09

 Reference value :  4.59269e-08
 Reference value :  1.50987e-07
No. of Data Rows : 3289
trise10_90          =  4.03853e-09 targ=  2.60451e-08 trig=  2.20066e-08
tfall10_90          =  5.04228e-09 targ=  1.28177e-07 trig=  1.23135e-07
tpdlh               =  3.13293e-09 targ=  2.36329e-08 trig=  2.05000e-08
tpdhl               =  3.96224e-09 targ=  1.25462e-07 trig=  1.21500e-07
ishoot_rise_a       =  1.53796e-01 at=  2.15907e-08
ishoot_fall_a       =  5.59866e-04 at=  1.21000e-07
m_trise_s = 4.0385260000e-09
m_tfall_s = 5.0422790000e-09
m_tpdlh_s = 3.1329340000e-09
m_tpdhl_s = 3.9622420000e-09
m_ipeak_source_a = 1.1405259082e+00
m_ipeak_sink_a = 7.8452182150e-01
m_ishoot_rise_a = 1.5379570000e-01
m_ishoot_fall_a = 5.5986640000e-04
m_energy_per_edge_j = 1.0418146481e-08
m_vout_max_v = 4.5052903454e+00
m_vout_min_v = -2.927152284e-03
m_vin_max_v = 4.5000000000e+00
m_vin_min_v = 0.0000000000e+00
m_n1_max_v = 4.5217632547e+00
m_n1_min_v = -1.260132541e-02
m_n2_max_v = 4.5281091906e+00
m_n2_min_v = -1.441310485e-02
m_n3_max_v = 4.5479528493e+00
m_n3_min_v = -2.509632703e-02
m_n4_max_v = 4.5530462579e+00
m_n4_min_v = -2.847627828e-02
m_n5_max_v = 4.5531392574e+00
m_n5_min_v = -2.856255002e-02
Note: Simulation executed from .control section 

Warning: m=xx on .subckt line will override multiplier m hierarchy!

