
Note: Compatibility modes selected: hs a


Circuit: * output-stage-drive @ sf_125c_vdrv6p00v -- generated by sim/harness, do not edit

Doing analysis at TEMP = 125.000000 and TNOM = 27.000000

Using SPARSE 1.3 as Direct Linear Solver

Initial Transient Solution
--------------------------

Node                                   Voltage
----                                   -------
n1                                           6
in_drv                                       0
vdd_drv                                      6
gnd_drv                                      0
n2                                 2.16508e-08
n3                                           6
n4                                 2.27366e-08
n5                                           6
out                                2.41146e-08
outcap                             2.41146e-08
vimeas#branch                      1.35612e-20
vin#branch                                   0
vgnd_drv#branch                    2.03007e-08
vsup_drv#branch                   -2.03058e-08

 Reference value :  6.70150e-09
No. of Data Rows : 3290
trise10_90          =  4.80799e-09 targ=  2.70025e-08 trig=  2.21945e-08
tfall10_90          =  6.21931e-09 targ=  1.29568e-07 trig=  1.23348e-07
tpdlh               =  3.48925e-09 targ=  2.39893e-08 trig=  2.05000e-08
tpdhl               =  4.50258e-09 targ=  1.26003e-07 trig=  1.21500e-07
ishoot_rise_a       =  1.73925e-01 at=  2.17283e-08
ishoot_fall_a       =  8.98945e-03 at=  1.36549e-07
m_trise_s = 4.8079870000e-09
m_tfall_s = 6.2193090000e-09
m_tpdlh_s = 3.4892520000e-09
m_tpdhl_s = 4.5025800000e-09
m_ipeak_source_a = 1.3964474709e+00
m_ipeak_sink_a = 9.3333974777e-01
m_ishoot_rise_a = 1.7392510000e-01
m_ishoot_fall_a = 8.9894460000e-03
m_energy_per_edge_j = 1.8569135761e-08
m_vout_max_v = 6.0047806818e+00
m_vout_min_v = -2.479474291e-03
m_vin_max_v = 6.0000000000e+00
m_vin_min_v = 0.0000000000e+00
m_n1_max_v = 6.0325329020e+00
m_n1_min_v = -1.950448973e-02
m_n2_max_v = 6.0234041654e+00
m_n2_min_v = -1.145174070e-02
m_n3_max_v = 6.0426234440e+00
m_n3_min_v = -2.193464216e-02
m_n4_max_v = 6.0485883431e+00
m_n4_min_v = -2.670610545e-02
m_n5_max_v = 6.0491170897e+00
m_n5_min_v = -2.659171339e-02
Note: Simulation executed from .control section 

Warning: m=xx on .subckt line will override multiplier m hierarchy!

