
Note: Compatibility modes selected: hs a


Circuit: * output-stage-drive @ sf_125c_vdrv5p00v -- generated by sim/harness, do not edit

Doing analysis at TEMP = 125.000000 and TNOM = 27.000000

Using SPARSE 1.3 as Direct Linear Solver

Initial Transient Solution
--------------------------

Node                                   Voltage
----                                   -------
n1                                           5
in_drv                                       0
vdd_drv                                      5
gnd_drv                                      0
n2                                 1.89161e-08
n3                                           5
n4                                 1.99352e-08
n5                                           5
out                                2.11434e-08
outcap                             2.11434e-08
vimeas#branch                     -4.66779e-22
vin#branch                                   0
vgnd_drv#branch                    1.62794e-08
vsup_drv#branch                   -1.62802e-08

 Reference value :  7.86400e-09
 Reference value :  1.45943e-07
No. of Data Rows : 3270
trise10_90          =  5.47847e-09 targ=  2.78633e-08 trig=  2.23849e-08
tfall10_90          =  6.72667e-09 targ=  1.30271e-07 trig=  1.23545e-07
tpdlh               =  3.92988e-09 targ=  2.44299e-08 trig=  2.05000e-08
tpdhl               =  4.91105e-09 targ=  1.26411e-07 trig=  1.21500e-07
ishoot_rise_a       =  1.29913e-01 at=  2.17962e-08
ishoot_fall_a       =  5.26269e-03 at=  1.38893e-07
m_trise_s = 5.4784740000e-09
m_tfall_s = 6.7266680000e-09
m_tpdlh_s = 3.9298810000e-09
m_tpdhl_s = 4.9110500000e-09
m_ipeak_source_a = 1.0230293833e+00
m_ipeak_sink_a = 7.1917062133e-01
m_ishoot_rise_a = 1.2991340000e-01
m_ishoot_fall_a = 5.2626850000e-03
m_energy_per_edge_j = 1.2885624441e-08
m_vout_max_v = 5.0047195104e+00
m_vout_min_v = -2.428471077e-03
m_vin_max_v = 5.0000000000e+00
m_vin_min_v = 0.0000000000e+00
m_n1_max_v = 5.0326600876e+00
m_n1_min_v = -1.871309189e-02
m_n2_max_v = 5.0297057291e+00
m_n2_min_v = -1.372512423e-02
m_n3_max_v = 5.0475593264e+00
m_n3_min_v = -2.353894941e-02
m_n4_max_v = 5.0508114903e+00
m_n4_min_v = -2.656544179e-02
m_n5_max_v = 5.0510278818e+00
m_n5_min_v = -2.640818629e-02
Note: Simulation executed from .control section 

Warning: m=xx on .subckt line will override multiplier m hierarchy!

