
Note: Compatibility modes selected: hs a


Circuit: * output-stage-drive @ sf_125c_vdrv4p50v -- generated by sim/harness, do not edit

Doing analysis at TEMP = 125.000000 and TNOM = 27.000000

Using SPARSE 1.3 as Direct Linear Solver

Initial Transient Solution
--------------------------

Node                                   Voltage
----                                   -------
n1                                         4.5
in_drv                                       0
vdd_drv                                    4.5
gnd_drv                                      0
n2                                 1.82249e-08
n3                                         4.5
n4                                 1.92016e-08
n5                                         4.5
out                                2.03653e-08
outcap                             2.03653e-08
vimeas#branch                        1.351e-20
vin#branch                                   0
vgnd_drv#branch                    1.47382e-08
vsup_drv#branch                   -1.47359e-08

 Reference value :  1.64000e-10
 Reference value :  1.12906e-07
No. of Data Rows : 3271
trise10_90          =  5.93926e-09 targ=  2.84603e-08 trig=  2.25211e-08
tfall10_90          =  7.12044e-09 targ=  1.30805e-07 trig=  1.23685e-07
tpdlh               =  4.24034e-09 targ=  2.47403e-08 trig=  2.05000e-08
tpdhl               =  5.21447e-09 targ=  1.26714e-07 trig=  1.21500e-07
ishoot_rise_a       =  1.10401e-01 at=  2.19039e-08
ishoot_fall_a       =  6.16742e-03 at=  1.38084e-07
m_trise_s = 5.9392600000e-09
m_tfall_s = 7.1204430000e-09
m_tpdlh_s = 4.2403420000e-09
m_tpdhl_s = 5.2144710000e-09
m_ipeak_source_a = 8.4832074222e-01
m_ipeak_sink_a = 6.1257780179e-01
m_ishoot_rise_a = 1.1040090000e-01
m_ishoot_fall_a = 6.1674160000e-03
m_energy_per_edge_j = 1.0433284894e-08
m_vout_max_v = 4.5046516593e+00
m_vout_min_v = -2.372822438e-03
m_vin_max_v = 4.5000000000e+00
m_vin_min_v = 0.0000000000e+00
m_n1_max_v = 4.5324830922e+00
m_n1_min_v = -1.777878001e-02
m_n2_max_v = 4.5305439105e+00
m_n2_min_v = -1.443423381e-02
m_n3_max_v = 4.5490542472e+00
m_n3_min_v = -2.374368119e-02
m_n4_max_v = 4.5506512368e+00
m_n4_min_v = -2.600570396e-02
m_n5_max_v = 4.5508839261e+00
m_n5_min_v = -2.591231069e-02
Note: Simulation executed from .control section 

Warning: m=xx on .subckt line will override multiplier m hierarchy!

