
Note: Compatibility modes selected: hs a


Circuit: * output-stage-drive @ sf_27c_vdrv4p50v -- generated by sim/harness, do not edit

Doing analysis at TEMP = 27.000000 and TNOM = 27.000000

Using SPARSE 1.3 as Direct Linear Solver

Initial Transient Solution
--------------------------

Node                                   Voltage
----                                   -------
n1                                         4.5
in_drv                                       0
vdd_drv                                    4.5
gnd_drv                                      0
n2                                 2.13216e-09
n3                                         4.5
n4                                 3.16455e-09
n5                                         4.5
out                                3.35634e-09
outcap                             3.35634e-09
vimeas#branch                      1.48621e-21
vin#branch                                   0
vgnd_drv#branch                    3.31434e-09
vsup_drv#branch                   -3.31506e-09

 Reference value :  1.63328e-08
 Reference value :  1.34677e-07
No. of Data Rows : 3315
trise10_90          =  4.86421e-09 targ=  2.70788e-08 trig=  2.22146e-08
tfall10_90          =  5.80341e-09 targ=  1.29157e-07 trig=  1.23353e-07
tpdlh               =  3.60080e-09 targ=  2.41008e-08 trig=  2.05000e-08
tpdhl               =  4.43745e-09 targ=  1.25937e-07 trig=  1.21500e-07
ishoot_rise_a       =  1.35257e-01 at=  2.17099e-08
ishoot_fall_a       =  1.01412e-02 at=  1.34477e-07
m_trise_s = 4.8642110000e-09
m_tfall_s = 5.8034130000e-09
m_tpdlh_s = 3.6008040000e-09
m_tpdhl_s = 4.4374520000e-09
m_ipeak_source_a = 9.9583737492e-01
m_ipeak_sink_a = 7.1708332065e-01
m_ishoot_rise_a = 1.3525690000e-01
m_ishoot_fall_a = 1.0141160000e-02
m_energy_per_edge_j = 1.0424144944e-08
m_vout_max_v = 4.5050446868e+00
m_vout_min_v = -2.695639437e-03
m_vin_max_v = 4.5000000000e+00
m_vin_min_v = 0.0000000000e+00
m_n1_max_v = 4.5269208154e+00
m_n1_min_v = -1.537116511e-02
m_n2_max_v = 4.5298202834e+00
m_n2_min_v = -1.485042045e-02
m_n3_max_v = 4.5495636435e+00
m_n3_min_v = -2.459042019e-02
m_n4_max_v = 4.5533975452e+00
m_n4_min_v = -2.788842003e-02
m_n5_max_v = 4.5536787132e+00
m_n5_min_v = -2.768829097e-02
Note: Simulation executed from .control section 

Warning: m=xx on .subckt line will override multiplier m hierarchy!

