
Note: Compatibility modes selected: hs a


Circuit: * output-stage-drive @ sf_27c_vdrv5p00v -- generated by sim/harness, do not edit

Doing analysis at TEMP = 27.000000 and TNOM = 27.000000

Using SPARSE 1.3 as Direct Linear Solver

Initial Transient Solution
--------------------------

Node                                   Voltage
----                                   -------
n1                                           5
in_drv                                       0
vdd_drv                                      5
gnd_drv                                      0
n2                                 2.22015e-09
n3                                           5
n4                                  3.2948e-09
n5                                           5
out                                3.49454e-09
outcap                             3.49454e-09
vimeas#branch                      8.31095e-22
vin#branch                                   0
vgnd_drv#branch                    3.68414e-09
vsup_drv#branch                   -3.68895e-09

 Reference value :  1.61140e-08
 Reference value :  1.41841e-07
No. of Data Rows : 3288
trise10_90          =  4.52566e-09 targ=  2.66327e-08 trig=  2.21070e-08
tfall10_90          =  5.47980e-09 targ=  1.28719e-07 trig=  1.23239e-07
tpdlh               =  3.36004e-09 targ=  2.38600e-08 trig=  2.05000e-08
tpdhl               =  4.18464e-09 targ=  1.25685e-07 trig=  1.21500e-07
ishoot_rise_a       =  1.58146e-01 at=  2.16530e-08
ishoot_fall_a       =  7.10759e-03 at=  1.34691e-07
m_trise_s = 4.5256630000e-09
m_tfall_s = 5.4797960000e-09
m_tpdlh_s = 3.3600400000e-09
m_tpdhl_s = 4.1846420000e-09
m_ipeak_source_a = 1.1843568363e+00
m_ipeak_sink_a = 8.3925969806e-01
m_ishoot_rise_a = 1.5814630000e-01
m_ishoot_fall_a = 7.1075900000e-03
m_energy_per_edge_j = 1.2875133110e-08
m_vout_max_v = 5.0051214306e+00
m_vout_min_v = -2.756481677e-03
m_vin_max_v = 5.0000000000e+00
m_vin_min_v = 0.0000000000e+00
m_n1_max_v = 5.0274494844e+00
m_n1_min_v = -1.524819466e-02
m_n2_max_v = 5.0291087474e+00
m_n2_min_v = -1.351847308e-02
m_n3_max_v = 5.0487337557e+00
m_n3_min_v = -2.426883929e-02
m_n4_max_v = 5.0538522058e+00
m_n4_min_v = -2.826176794e-02
m_n5_max_v = 5.0543880467e+00
m_n5_min_v = -2.800479170e-02
Note: Simulation executed from .control section 

Warning: m=xx on .subckt line will override multiplier m hierarchy!

