
Note: Compatibility modes selected: hs a


Circuit: * output-stage-drive @ ss_-40c_vdrv5p50v -- generated by sim/harness, do not edit

Doing analysis at TEMP = -40.000000 and TNOM = 27.000000

Using SPARSE 1.3 as Direct Linear Solver

Initial Transient Solution
--------------------------

Node                                   Voltage
----                                   -------
n1                                         5.5
in_drv                                       0
vdd_drv                                    5.5
gnd_drv                                      0
n2                                  1.7417e-09
n3                                         5.5
n4                                 2.61189e-09
n5                                         5.5
out                                2.77019e-09
outcap                             2.77019e-09
vimeas#branch                      6.71013e-22
vin#branch                                   0
vgnd_drv#branch                    3.93903e-09
vsup_drv#branch                   -3.93676e-09

 Reference value :  3.75259e-08
No. of Data Rows : 3299
trise10_90          =  4.73864e-09 targ=  2.68769e-08 trig=  2.21383e-08
tfall10_90          =  4.85131e-09 targ=  1.28104e-07 trig=  1.23253e-07
tpdlh               =  3.55999e-09 targ=  2.40600e-08 trig=  2.05000e-08
tpdhl               =  4.01213e-09 targ=  1.25512e-07 trig=  1.21500e-07
ishoot_rise_a       =  1.92868e-01 at=  2.16422e-08
ishoot_fall_a       =  6.18246e-03 at=  1.34889e-07
m_trise_s = 4.7386430000e-09
m_tfall_s = 4.8513140000e-09
m_tpdlh_s = 3.5599850000e-09
m_tpdhl_s = 4.0121260000e-09
m_ipeak_source_a = 1.1859764761e+00
m_ipeak_sink_a = 9.8613757699e-01
m_ishoot_rise_a = 1.9286780000e-01
m_ishoot_fall_a = 6.1824640000e-03
m_energy_per_edge_j = 1.5584471616e-08
m_vout_max_v = 5.5058590465e+00
m_vout_min_v = -3.832411520e-03
m_vin_max_v = 5.5000000000e+00
m_vin_min_v = 0.0000000000e+00
m_n1_max_v = 5.5306286985e+00
m_n1_min_v = -1.440769508e-02
m_n2_max_v = 5.5334467508e+00
m_n2_min_v = -1.712933385e-02
m_n3_max_v = 5.5547632036e+00
m_n3_min_v = -2.791974066e-02
m_n4_max_v = 5.5602096281e+00
m_n4_min_v = -3.139772874e-02
m_n5_max_v = 5.5609359140e+00
m_n5_min_v = -3.167663086e-02
Note: Simulation executed from .control section 

Warning: m=xx on .subckt line will override multiplier m hierarchy!

