
Note: Compatibility modes selected: hs a


Circuit: * output-stage-drive @ ss_125c_vdrv4p50v -- generated by sim/harness, do not edit

Doing analysis at TEMP = 125.000000 and TNOM = 27.000000

Using SPARSE 1.3 as Direct Linear Solver

Initial Transient Solution
--------------------------

Node                                   Voltage
----                                   -------
n1                                         4.5
in_drv                                       0
vdd_drv                                    4.5
gnd_drv                                      0
n2                                 3.77112e-09
n3                                         4.5
n4                                 5.25126e-09
n5                                         4.5
out                                5.56952e-09
outcap                             5.56952e-09
vimeas#branch                     -4.00866e-21
vin#branch                                   0
vgnd_drv#branch                    4.39128e-09
vsup_drv#branch                   -4.39141e-09

 Reference value :  2.13086e-08
No. of Data Rows : 3254
trise10_90          =  8.36367e-09 targ=  3.14476e-08 trig=  2.30839e-08
tfall10_90          =  7.52947e-09 targ=  1.31702e-07 trig=  1.24172e-07
tpdlh               =  5.77925e-09 targ=  2.62793e-08 trig=  2.05000e-08
tpdhl               =  5.88354e-09 targ=  1.27384e-07 trig=  1.21500e-07
ishoot_rise_a       =  9.75587e-02 at=  2.22472e-08
ishoot_fall_a       =  3.58585e-03 at=  1.41728e-07
m_trise_s = 8.3636660000e-09
m_tfall_s = 7.5294740000e-09
m_tpdlh_s = 5.7792530000e-09
m_tpdhl_s = 5.8835440000e-09
m_ipeak_source_a = 5.8689156249e-01
m_ipeak_sink_a = 5.7441948222e-01
m_ishoot_rise_a = 9.7558740000e-02
m_ishoot_fall_a = 3.5858460000e-03
m_energy_per_edge_j = 1.0436901920e-08
m_vout_max_v = 4.5048650091e+00
m_vout_min_v = -3.263421040e-03
m_vin_max_v = 4.5000000000e+00
m_vin_min_v = 0.0000000000e+00
m_n1_max_v = 4.5423803456e+00
m_n1_min_v = -2.204224219e-02
m_n2_max_v = 4.5423186421e+00
m_n2_min_v = -2.295806657e-02
m_n3_max_v = 4.5555840469e+00
m_n3_min_v = -3.024651581e-02
m_n4_max_v = 4.5556486968e+00
m_n4_min_v = -3.085714884e-02
m_n5_max_v = 4.5566987380e+00
m_n5_min_v = -3.029190522e-02
Note: Simulation executed from .control section 

Warning: m=xx on .subckt line will override multiplier m hierarchy!

