
Note: Compatibility modes selected: hs a


Circuit: * output-stage-drive @ ss_125c_vdrv5p50v -- generated by sim/harness, do not edit

Doing analysis at TEMP = 125.000000 and TNOM = 27.000000

Using SPARSE 1.3 as Direct Linear Solver

Initial Transient Solution
--------------------------

Node                                   Voltage
----                                   -------
n1                                         5.5
in_drv                                       0
vdd_drv                                    5.5
gnd_drv                                      0
n2                                 4.00023e-09
n3                                         5.5
n4                                 5.62117e-09
n5                                         5.5
out                                5.96185e-09
outcap                             5.96185e-09
vimeas#branch                      1.20799e-21
vin#branch                                   0
vgnd_drv#branch                    5.30264e-09
vsup_drv#branch                   -5.31257e-09

 Reference value :  3.36922e-09
 Reference value :  7.93135e-08
No. of Data Rows : 3459
trise10_90          =  7.00745e-09 targ=  2.97220e-08 trig=  2.27145e-08
tfall10_90          =  6.77429e-09 targ=  1.30605e-07 trig=  1.23830e-07
tpdlh               =  4.87329e-09 targ=  2.53733e-08 trig=  2.05000e-08
tpdhl               =  5.22659e-09 targ=  1.26727e-07 trig=  1.21500e-07
ishoot_rise_a       =  1.37175e-01 at=  2.19826e-08
ishoot_fall_a       =  2.26898e-03 at=  1.42147e-07
m_trise_s = 7.0074490000e-09
m_tfall_s = 6.7742940000e-09
m_tpdlh_s = 4.8732930000e-09
m_tpdhl_s = 5.2265860000e-09
m_ipeak_source_a = 8.6197288488e-01
m_ipeak_sink_a = 7.7443948911e-01
m_ishoot_rise_a = 1.3717480000e-01
m_ishoot_fall_a = 2.2689800000e-03
m_energy_per_edge_j = 1.5603289610e-08
m_vout_max_v = 5.5050692959e+00
m_vout_min_v = -3.355185092e-03
m_vin_max_v = 5.5000000000e+00
m_vin_min_v = 0.0000000000e+00
m_n1_max_v = 5.5425262021e+00
m_n1_min_v = -2.297568257e-02
m_n2_max_v = 5.5358613054e+00
m_n2_min_v = -2.029603225e-02
m_n3_max_v = 5.5556486585e+00
m_n3_min_v = -3.033279161e-02
m_n4_max_v = 5.5567886181e+00
m_n4_min_v = -3.219719386e-02
m_n5_max_v = 5.5578984858e+00
m_n5_min_v = -3.217654834e-02
Note: Simulation executed from .control section 

Warning: m=xx on .subckt line will override multiplier m hierarchy!

