
Note: Compatibility modes selected: hs a


Circuit: * output-stage-drive @ ss_125c_vdrv5p00v -- generated by sim/harness, do not edit

Doing analysis at TEMP = 125.000000 and TNOM = 27.000000

Using SPARSE 1.3 as Direct Linear Solver

Initial Transient Solution
--------------------------

Node                                   Voltage
----                                   -------
n1                                           5
in_drv                                       0
vdd_drv                                      5
gnd_drv                                      0
n2                                 3.86937e-09
n3                                           5
n4                                 5.41538e-09
n5                                           5
out                                5.74358e-09
outcap                             5.74358e-09
vimeas#branch                     -5.37125e-22
vin#branch                                   0
vgnd_drv#branch                    4.83277e-09
vsup_drv#branch                   -4.83848e-09

 Reference value :  1.84140e-08
No. of Data Rows : 3288
trise10_90          =  7.60300e-09 targ=  3.04780e-08 trig=  2.28750e-08
tfall10_90          =  7.09520e-09 targ=  1.31074e-07 trig=  1.23979e-07
tpdlh               =  5.26785e-09 targ=  2.57678e-08 trig=  2.05000e-08
tpdhl               =  5.50927e-09 targ=  1.27009e-07 trig=  1.21500e-07
ishoot_rise_a       =  1.17250e-01 at=  2.21149e-08
ishoot_fall_a       =  1.51350e-03 at=  1.39711e-07
m_trise_s = 7.6030040000e-09
m_tfall_s = 7.0951980000e-09
m_tpdlh_s = 5.2678490000e-09
m_tpdhl_s = 5.5092680000e-09
m_ipeak_source_a = 7.2178839081e-01
m_ipeak_sink_a = 6.7569051223e-01
m_ishoot_rise_a = 1.1725040000e-01
m_ishoot_fall_a = 1.5134980000e-03
m_energy_per_edge_j = 1.2890353597e-08
m_vout_max_v = 5.0050606495e+00
m_vout_min_v = -3.315088262e-03
m_vin_max_v = 5.0000000000e+00
m_vin_min_v = 0.0000000000e+00
m_n1_max_v = 5.0424807641e+00
m_n1_min_v = -2.239901476e-02
m_n2_max_v = 5.0400946841e+00
m_n2_min_v = -2.190692297e-02
m_n3_max_v = 5.0566069678e+00
m_n3_min_v = -3.019167554e-02
m_n4_max_v = 5.0575393926e+00
m_n4_min_v = -3.178190592e-02
m_n5_max_v = 5.0575667141e+00
m_n5_min_v = -3.117799240e-02
Note: Simulation executed from .control section 

Warning: m=xx on .subckt line will override multiplier m hierarchy!

