
Note: Compatibility modes selected: hs a


Circuit: * output-stage-drive @ ss_27c_vdrv4p50v -- generated by sim/harness, do not edit

Doing analysis at TEMP = 27.000000 and TNOM = 27.000000

Using SPARSE 1.3 as Direct Linear Solver

Initial Transient Solution
--------------------------

Node                                   Voltage
----                                   -------
n1                                         4.5
in_drv                                       0
vdd_drv                                    4.5
gnd_drv                                      0
n2                                 2.14231e-09
n3                                         4.5
n4                                 3.21396e-09
n5                                         4.5
out                                3.40875e-09
outcap                             3.40875e-09
vimeas#branch                     -1.29086e-21
vin#branch                                   0
vgnd_drv#branch                     3.2216e-09
vsup_drv#branch                    -3.2246e-09

 Reference value :  2.15241e-08
 Reference value :  1.50658e-07
No. of Data Rows : 3273
trise10_90          =  6.74053e-09 targ=  2.94056e-08 trig=  2.26650e-08
tfall10_90          =  6.16394e-09 targ=  1.29925e-07 trig=  1.23761e-07
tpdlh               =  4.82609e-09 targ=  2.53261e-08 trig=  2.05000e-08
tpdhl               =  5.01613e-09 targ=  1.26516e-07 trig=  1.21500e-07
ishoot_rise_a       =  1.19622e-01 at=  2.19403e-08
ishoot_fall_a       =  6.71635e-03 at=  1.36258e-07
m_trise_s = 6.7405270000e-09
m_tfall_s = 6.1639430000e-09
m_tpdlh_s = 4.8260860000e-09
m_tpdhl_s = 5.0161320000e-09
m_ipeak_source_a = 7.0013787257e-01
m_ipeak_sink_a = 6.6920410409e-01
m_ishoot_rise_a = 1.1962200000e-01
m_ishoot_fall_a = 6.7163530000e-03
m_energy_per_edge_j = 1.0428274205e-08
m_vout_max_v = 4.5052818032e+00
m_vout_min_v = -3.548760174e-03
m_vin_max_v = 4.5000000000e+00
m_vin_min_v = 0.0000000000e+00
m_n1_max_v = 4.5368191115e+00
m_n1_min_v = -1.790410358e-02
m_n2_max_v = 4.5401725299e+00
m_n2_min_v = -2.209578034e-02
m_n3_max_v = 4.5577371414e+00
m_n3_min_v = -3.018911943e-02
m_n4_max_v = 4.5595406733e+00
m_n4_min_v = -3.147004423e-02
m_n5_max_v = 4.5593964485e+00
m_n5_min_v = -3.078951893e-02
Note: Simulation executed from .control section 

Warning: m=xx on .subckt line will override multiplier m hierarchy!

