
Note: Compatibility modes selected: hs a


Circuit: * output-stage-drive @ tt_-40c_vdrv5p50v -- generated by sim/harness, do not edit

Doing analysis at TEMP = -40.000000 and TNOM = 27.000000

Using SPARSE 1.3 as Direct Linear Solver

Initial Transient Solution
--------------------------

Node                                   Voltage
----                                   -------
n1                                         5.5
in_drv                                       0
vdd_drv                                    5.5
gnd_drv                                      0
n2                                 1.56569e-09
n3                                         5.5
n4                                 2.33746e-09
n5                                         5.5
out                                2.47912e-09
outcap                             2.47912e-09
vimeas#branch                     -6.37339e-22
vin#branch                                   0
vgnd_drv#branch                    3.99947e-09
vsup_drv#branch                   -3.99748e-09

 Reference value :  1.46140e-08
 Reference value :  1.21882e-07
No. of Data Rows : 3307
trise10_90          =  3.95876e-09 targ=  2.57778e-08 trig=  2.18190e-08
tfall10_90          =  3.96911e-09 targ=  1.26881e-07 trig=  1.22912e-07
tpdlh               =  2.91814e-09 targ=  2.34181e-08 trig=  2.05000e-08
tpdhl               =  3.23357e-09 targ=  1.24734e-07 trig=  1.21500e-07
ishoot_rise_a       =  2.37207e-01 at=  2.13988e-08
ishoot_fall_a       =  2.67944e-03 at=  1.50931e-07
m_trise_s = 3.9587570000e-09
m_tfall_s = 3.9691060000e-09
m_tpdlh_s = 2.9181430000e-09
m_tpdhl_s = 3.2335720000e-09
m_ipeak_source_a = 1.4151724899e+00
m_ipeak_sink_a = 1.2246874887e+00
m_ishoot_rise_a = 2.3720690000e-01
m_ishoot_fall_a = 2.6794430000e-03
m_energy_per_edge_j = 1.5576251016e-08
m_vout_max_v = 5.5048945980e+00
m_vout_min_v = -3.261401169e-03
m_vin_max_v = 5.5000000000e+00
m_vin_min_v = 0.0000000000e+00
m_n1_max_v = 5.5240473846e+00
m_n1_min_v = -1.152589854e-02
m_n2_max_v = 5.5228108806e+00
m_n2_min_v = -1.190952083e-02
m_n3_max_v = 5.5439486630e+00
m_n3_min_v = -2.428095567e-02
m_n4_max_v = 5.5522011556e+00
m_n4_min_v = -2.877756197e-02
m_n5_max_v = 5.5519735150e+00
m_n5_min_v = -2.886776893e-02
Note: Simulation executed from .control section 

Warning: m=xx on .subckt line will override multiplier m hierarchy!

