
Note: Compatibility modes selected: hs a


Circuit: * output-stage-drive @ tt_-40c_vdrv6p00v -- generated by sim/harness, do not edit

Doing analysis at TEMP = -40.000000 and TNOM = 27.000000

Using SPARSE 1.3 as Direct Linear Solver

Initial Transient Solution
--------------------------

Node                                   Voltage
----                                   -------
n1                                           6
in_drv                                       0
vdd_drv                                      6
gnd_drv                                      0
n2                                 1.64532e-09
n3                                           6
n4                                  2.4562e-09
n5                                           6
out                                2.60507e-09
outcap                             2.60507e-09
vimeas#branch                      9.58478e-22
vin#branch                                   0
vgnd_drv#branch                    4.36388e-09
vsup_drv#branch                   -4.36348e-09

 Reference value :  1.85140e-08
 Reference value :  1.38677e-07
No. of Data Rows : 3309
trise10_90          =  3.76683e-09 targ=  2.55320e-08 trig=  2.17652e-08
tfall10_90          =  3.84697e-09 targ=  1.26701e-07 trig=  1.22854e-07
tpdlh               =  2.78643e-09 targ=  2.32864e-08 trig=  2.05000e-08
tpdhl               =  3.12185e-09 targ=  1.24622e-07 trig=  1.21500e-07
ishoot_rise_a       =  2.70160e-01 at=  2.13685e-08
ishoot_fall_a       =  1.53702e-02 at=  1.31477e-07
m_trise_s = 3.7668270000e-09
m_tfall_s = 3.8469740000e-09
m_tpdlh_s = 2.7864320000e-09
m_tpdhl_s = 3.1218460000e-09
m_ipeak_source_a = 1.6219917287e+00
m_ipeak_sink_a = 1.3888218158e+00
m_ishoot_rise_a = 2.7016000000e-01
m_ishoot_fall_a = 1.5370230000e-02
m_energy_per_edge_j = 1.8545531902e-08
m_vout_max_v = 6.0047949730e+00
m_vout_min_v = -3.237784490e-03
m_vin_max_v = 6.0000000000e+00
m_vin_min_v = 0.0000000000e+00
m_n1_max_v = 6.0247735952e+00
m_n1_min_v = -1.203046088e-02
m_n2_max_v = 6.0196280196e+00
m_n2_min_v = -1.094402489e-02
m_n3_max_v = 6.0418902108e+00
m_n3_min_v = -2.301414828e-02
m_n4_max_v = 6.0506629350e+00
m_n4_min_v = -2.860096702e-02
m_n5_max_v = 6.0516560161e+00
m_n5_min_v = -2.885985350e-02
Note: Simulation executed from .control section 

Warning: m=xx on .subckt line will override multiplier m hierarchy!

