
Note: Compatibility modes selected: hs a


Circuit: * output-stage-drive @ tt_-40c_vdrv5p00v -- generated by sim/harness, do not edit

Doing analysis at TEMP = -40.000000 and TNOM = 27.000000

Using SPARSE 1.3 as Direct Linear Solver

Initial Transient Solution
--------------------------

Node                                   Voltage
----                                   -------
n1                                           5
in_drv                                       0
vdd_drv                                      5
gnd_drv                                      0
n2                                 1.49432e-09
n3                                           5
n4                                 2.23112e-09
n5                                           5
out                                2.36634e-09
outcap                             2.36634e-09
vimeas#branch                      1.45992e-21
vin#branch                                   0
vgnd_drv#branch                    3.63495e-09
vsup_drv#branch                   -3.63239e-09

 Reference value :  1.82640e-08
 Reference value :  1.52599e-07
No. of Data Rows : 3302
trise10_90          =  4.20262e-09 targ=  2.60904e-08 trig=  2.18878e-08
tfall10_90          =  4.13101e-09 targ=  1.27113e-07 trig=  1.22982e-07
tpdlh               =  3.08666e-09 targ=  2.35867e-08 trig=  2.05000e-08
tpdhl               =  3.37421e-09 targ=  1.24874e-07 trig=  1.21500e-07
ishoot_rise_a       =  2.07419e-01 at=  2.14535e-08
ishoot_fall_a       =  1.41797e-02 at=  1.31399e-07
m_trise_s = 4.2026210000e-09
m_tfall_s = 4.1310140000e-09
m_tpdlh_s = 3.0866640000e-09
m_tpdhl_s = 3.3742080000e-09
m_ipeak_source_a = 1.2225594342e+00
m_ipeak_sink_a = 1.0830629345e+00
m_ishoot_rise_a = 2.0741870000e-01
m_ishoot_fall_a = 1.4179690000e-02
m_energy_per_edge_j = 1.2866989198e-08
m_vout_max_v = 5.0047905100e+00
m_vout_min_v = -3.204513498e-03
m_vin_max_v = 5.0000000000e+00
m_vin_min_v = 0.0000000000e+00
m_n1_max_v = 5.0230430324e+00
m_n1_min_v = -1.154010081e-02
m_n2_max_v = 5.0240318262e+00
m_n2_min_v = -1.364203550e-02
m_n3_max_v = 5.0464222556e+00
m_n3_min_v = -2.503214648e-02
m_n4_max_v = 5.0527872475e+00
m_n4_min_v = -2.900891066e-02
m_n5_max_v = 5.0529139907e+00
m_n5_min_v = -2.926785092e-02
Note: Simulation executed from .control section 

Warning: m=xx on .subckt line will override multiplier m hierarchy!

