
Note: Compatibility modes selected: hs a


Circuit: * output-stage-drive @ tt_125c_vdrv5p50v -- generated by sim/harness, do not edit

Doing analysis at TEMP = 125.000000 and TNOM = 27.000000

Using SPARSE 1.3 as Direct Linear Solver

Initial Transient Solution
--------------------------

Node                                   Voltage
----                                   -------
n1                                         5.5
in_drv                                       0
vdd_drv                                    5.5
gnd_drv                                      0
n2                                 5.88734e-09
n3                                         5.5
n4                                 7.21671e-09
n5                                         5.5
out                                7.65409e-09
outcap                             7.65409e-09
vimeas#branch                      7.22333e-22
vin#branch                                   0
vgnd_drv#branch                    1.53457e-08
vsup_drv#branch                   -1.53579e-08

 Reference value :  6.16377e-08
No. of Data Rows : 3279
trise10_90          =  5.72701e-09 targ=  2.79979e-08 trig=  2.22708e-08
tfall10_90          =  5.72168e-09 targ=  1.29109e-07 trig=  1.23387e-07
tpdlh               =  3.92248e-09 targ=  2.44225e-08 trig=  2.05000e-08
tpdhl               =  4.31264e-09 targ=  1.25813e-07 trig=  1.21500e-07
ishoot_rise_a       =  1.63923e-01 at=  2.16990e-08
ishoot_fall_a       =  6.43440e-03 at=  1.37423e-07
m_trise_s = 5.7270130000e-09
m_tfall_s = 5.7216780000e-09
m_tpdlh_s = 3.9224760000e-09
m_tpdhl_s = 4.3126380000e-09
m_ipeak_source_a = 1.0698371363e+00
m_ipeak_sink_a = 9.3202298335e-01
m_ishoot_rise_a = 1.6392330000e-01
m_ishoot_fall_a = 6.4344040000e-03
m_energy_per_edge_j = 1.5596178083e-08
m_vout_max_v = 5.5041743495e+00
m_vout_min_v = -2.752475574e-03
m_vin_max_v = 5.5000000000e+00
m_vin_min_v = 0.0000000000e+00
m_n1_max_v = 5.5329746974e+00
m_n1_min_v = -1.833799032e-02
m_n2_max_v = 5.5234250887e+00
m_n2_min_v = -1.351120713e-02
m_n3_max_v = 5.5429816626e+00
m_n3_min_v = -2.362783639e-02
m_n4_max_v = 5.5480360582e+00
m_n4_min_v = -2.751516942e-02
m_n5_max_v = 5.5483372288e+00
m_n5_min_v = -2.760891638e-02
Note: Simulation executed from .control section 

Warning: m=xx on .subckt line will override multiplier m hierarchy!

