
Note: Compatibility modes selected: hs a


Circuit: * output-stage-drive @ tt_125c_vdrv4p50v -- generated by sim/harness, do not edit

Doing analysis at TEMP = 125.000000 and TNOM = 27.000000

Using SPARSE 1.3 as Direct Linear Solver

Initial Transient Solution
--------------------------

Node                                   Voltage
----                                   -------
n1                                         4.5
in_drv                                       0
vdd_drv                                    4.5
gnd_drv                                      0
n2                                 5.43056e-09
n3                                         4.5
n4                                 6.62517e-09
n5                                         4.5
out                                 7.0267e-09
outcap                              7.0267e-09
vimeas#branch                     -2.93552e-21
vin#branch                                   0
vgnd_drv#branch                    1.22593e-08
vsup_drv#branch                   -1.22703e-08

 Reference value :  5.94927e-08
No. of Data Rows : 3264
trise10_90          =  6.72234e-09 targ=  2.92472e-08 trig=  2.25248e-08
tfall10_90          =  6.25087e-09 targ=  1.29874e-07 trig=  1.23623e-07
tpdlh               =  4.55893e-09 targ=  2.50589e-08 trig=  2.05000e-08
tpdhl               =  4.76540e-09 targ=  1.26265e-07 trig=  1.21500e-07
ishoot_rise_a       =  1.20675e-01 at=  2.18467e-08
ishoot_fall_a       =  8.58167e-04 at=  1.38650e-07
m_trise_s = 6.7223380000e-09
m_tfall_s = 6.2508720000e-09
m_tpdlh_s = 4.5589320000e-09
m_tpdhl_s = 4.7654020000e-09
m_ipeak_source_a = 7.4548096868e-01
m_ipeak_sink_a = 6.9972827861e-01
m_ishoot_rise_a = 1.2067460000e-01
m_ishoot_fall_a = 8.5816680000e-04
m_energy_per_edge_j = 1.0432410600e-08
m_vout_max_v = 4.5040700257e+00
m_vout_min_v = -2.676768799e-03
m_vin_max_v = 4.5000000000e+00
m_vin_min_v = 0.0000000000e+00
m_n1_max_v = 4.5330922817e+00
m_n1_min_v = -1.752860141e-02
m_n2_max_v = 4.5291907423e+00
m_n2_min_v = -1.622403148e-02
m_n3_max_v = 4.5445848038e+00
m_n3_min_v = -2.479447531e-02
m_n4_max_v = 4.5479476604e+00
m_n4_min_v = -2.669250432e-02
m_n5_max_v = 4.5487367712e+00
m_n5_min_v = -2.674771429e-02
Note: Simulation executed from .control section 

Warning: m=xx on .subckt line will override multiplier m hierarchy!

