
Note: Compatibility modes selected: hs a


Circuit: * output-stage-drive @ tt_27c_vdrv4p50v -- generated by sim/harness, do not edit

Doing analysis at TEMP = 27.000000 and TNOM = 27.000000

Using SPARSE 1.3 as Direct Linear Solver

Initial Transient Solution
--------------------------

Node                                   Voltage
----                                   -------
n1                                         4.5
in_drv                                       0
vdd_drv                                    4.5
gnd_drv                                      0
n2                                 1.87597e-09
n3                                         4.5
n4                                 2.80136e-09
n5                                         4.5
out                                2.97115e-09
outcap                             2.97115e-09
vimeas#branch                      1.62501e-21
vin#branch                                   0
vgnd_drv#branch                    3.28359e-09
vsup_drv#branch                   -3.28583e-09

 Reference value :  1.20113e-08
 Reference value :  1.48265e-07
No. of Data Rows : 3286
trise10_90          =  5.47213e-09 targ=  2.76742e-08 trig=  2.22021e-08
tfall10_90          =  5.05307e-09 targ=  1.28347e-07 trig=  1.23293e-07
tpdlh               =  3.83964e-09 targ=  2.43396e-08 trig=  2.05000e-08
tpdhl               =  4.02232e-09 targ=  1.25522e-07 trig=  1.21500e-07
ishoot_rise_a       =  1.49111e-01 at=  2.16500e-08
ishoot_fall_a       =  9.62587e-03 at=  1.33615e-07
m_trise_s = 5.4721330000e-09
m_tfall_s = 5.0530690000e-09
m_tpdlh_s = 3.8396380000e-09
m_tpdhl_s = 4.0223160000e-09
m_ipeak_source_a = 8.7984964739e-01
m_ipeak_sink_a = 8.2976874915e-01
m_ishoot_rise_a = 1.4911140000e-01
m_ishoot_fall_a = 9.6258670000e-03
m_energy_per_edge_j = 1.0423329982e-08
m_vout_max_v = 4.5044674979e+00
m_vout_min_v = -2.988720178e-03
m_vin_max_v = 4.5000000000e+00
m_vin_min_v = 0.0000000000e+00
m_n1_max_v = 4.5286478195e+00
m_n1_min_v = -1.409490770e-02
m_n2_max_v = 4.5290269374e+00
m_n2_min_v = -1.603007111e-02
m_n3_max_v = 4.5469006962e+00
m_n3_min_v = -2.525873025e-02
m_n4_max_v = 4.5519060806e+00
m_n4_min_v = -2.820368589e-02
m_n5_max_v = 4.5522096442e+00
m_n5_min_v = -2.848220486e-02
Note: Simulation executed from .control section 

Warning: m=xx on .subckt line will override multiplier m hierarchy!

