* ====================================================================
* record-id : 20260818-011754-03afe04
* testbench : tb_low_side_power_switch.spice
* corner    : ff
* temp      : -40 C
* supply    : n/a (no supply rail in this device-level testbench)
* pdk       : gf180mcuD (/home/ubuntu/.volare/gf180mcuD)
* ngspice   : ngspice-46 : Circuit level simulation program
* run (UTC) : 2026-08-18T01:17:54Z
* ====================================================================

Note: No compatibility mode selected!


Circuit: *include "corner.spice

Doing analysis at TEMP = -40.000000 and TNOM = 27.000000

Using SPARSE 1.3 as Direct Linear Solver

No. of Data Rows : 101
                                                                                                                                                                                                                                                     *include "corner.spice
                                                                                                                                                                                                                                                     DC transfer characteristic  Tue Aug 18 01:17:54  2026
--------------------------------------------------------------------------------------------------------------------------------------------------------------------------------------------------------------------------------------------------------------------------------------------------------------------------------------------------------------------------------------------------------------------------------------------------------------------------------------------------------------------------------
Index   v-sweep         v(vfracds)      ioc_n06_glo     ioc_n06_gmid    ioc_n06_ghi     
--------------------------------------------------------------------------------------------------------------------------------------------------------------------------------------------------------------------------------------------------------------------------------------------------------------------------------------------------------------------------------------------------------------------------------------------------------------------------------------------------------------------------------
0	0.0000000000e+00	0.0000000000e+00	-0.0000000000e+00	-0.0000000000e+00	-0.0000000000e+00	
1	1.0000000000e-02	1.0000000000e-02	3.5004369888e-04	3.9038196571e-04	4.3172823371e-04	
2	2.0000000000e-02	2.0000000000e-02	6.7573948575e-04	7.5649396244e-04	8.3990790397e-04	
3	3.0000000000e-02	3.0000000000e-02	9.7839439967e-04	1.0995807691e-03	1.2256624808e-03	
4	4.0000000000e-02	4.0000000000e-02	1.2592181536e-03	1.4207994425e-03	1.5900425223e-03	
5	5.0000000000e-02	5.0000000000e-02	1.5193274528e-03	1.7212231178e-03	1.9340287945e-03	
6	6.0000000000e-02	6.0000000000e-02	1.7597506751e-03	2.0018447355e-03	2.2585349943e-03	
7	7.0000000000e-02	7.0000000000e-02	1.9814336541e-03	2.2635816164e-03	2.5644108135e-03	
8	8.0000000000e-02	8.0000000000e-02	2.1852459391e-03	2.5072810225e-03	2.8524457116e-03	
9	9.0000000000e-02	9.0000000000e-02	2.3719856920e-03	2.7337261504e-03	3.1233733984e-03	
10	1.0000000000e-01	1.0000000000e-01	2.5423800341e-03	2.9436414544e-03	3.3778767377e-03	
11	1.1000000000e-01	1.1000000000e-01	2.6970754388e-03	3.1376956322e-03	3.6165925707e-03	
12	1.2000000000e-01	1.2000000000e-01	2.8366082831e-03	3.3164997426e-03	3.8401157831e-03	
13	1.3000000000e-01	1.3000000000e-01	2.9613374685e-03	3.4805962046e-03	4.0490017165e-03	
14	1.4000000000e-01	1.4000000000e-01	3.0713142414e-03	3.6304309378e-03	4.2437656396e-03	
15	1.5000000000e-01	1.5000000000e-01	3.1661063186e-03	3.7662946098e-03	4.4248772194e-03	
16	1.6000000000e-01	1.6000000000e-01	3.2448439067e-03	3.8882122461e-03	4.5927463843e-03	
17	1.7000000000e-01	1.7000000000e-01	3.3071343413e-03	3.9957775124e-03	4.7476940279e-03	
18	1.8000000000e-01	1.8000000000e-01	3.3545118152e-03	4.0880630997e-03	4.8898961399e-03	
19	1.9000000000e-01	1.9000000000e-01	3.3902703701e-03	4.1640719418e-03	5.0192853921e-03	
20	2.0000000000e-01	2.0000000000e-01	3.4178193881e-03	4.2240256787e-03	5.1354065849e-03	
21	2.1000000000e-01	2.1000000000e-01	3.4397261689e-03	4.2701729249e-03	5.2373111058e-03	
22	2.2000000000e-01	2.2000000000e-01	3.4577005034e-03	4.3058245728e-03	5.3238075388e-03	
23	2.3000000000e-01	2.3000000000e-01	3.4728518941e-03	4.3339866359e-03	5.3944161067e-03	
24	2.4000000000e-01	2.4000000000e-01	3.4859107765e-03	4.3568617139e-03	5.4503803538e-03	
25	2.5000000000e-01	2.5000000000e-01	3.4973717701e-03	4.3759420730e-03	5.4943994700e-03	
26	2.6000000000e-01	2.6000000000e-01	3.5075803119e-03	4.3922259633e-03	5.5294384295e-03	
27	2.7000000000e-01	2.7000000000e-01	3.5167848528e-03	4.4063912220e-03	5.5579364329e-03	
28	2.8000000000e-01	2.8000000000e-01	3.5251689091e-03	4.4189096202e-03	5.5816619491e-03	
29	2.9000000000e-01	2.9000000000e-01	3.5328712730e-03	4.4301183889e-03	5.6018438031e-03	
30	3.0000000000e-01	3.0000000000e-01	3.5399991183e-03	4.4402648372e-03	5.6193338024e-03	
31	3.1000000000e-01	3.1000000000e-01	3.5466367322e-03	4.4495346280e-03	5.6347312340e-03	
32	3.2000000000e-01	3.2000000000e-01	3.5528514816e-03	4.4580701028e-03	5.6484667174e-03	
33	3.3000000000e-01	3.3000000000e-01	3.5586979853e-03	4.4659824486e-03	5.6608566865e-03	
34	3.4000000000e-01	3.4000000000e-01	3.5642210924e-03	4.4733599712e-03	5.6721387425e-03	
35	3.5000000000e-01	3.5000000000e-01	3.5694580502e-03	4.4802738461e-03	5.6824948891e-03	
36	3.6000000000e-01	3.6000000000e-01	3.5744401098e-03	4.4867822019e-03	5.6920670886e-03	
37	3.7000000000e-01	3.7000000000e-01	3.5791937330e-03	4.4929330742e-03	5.7009678896e-03	
38	3.8000000000e-01	3.8000000000e-01	3.5837415130e-03	4.4987665799e-03	5.7092878339e-03	
39	3.9000000000e-01	3.9000000000e-01	3.5881028873e-03	4.5043165434e-03	5.7171007213e-03	
40	4.0000000000e-01	4.0000000000e-01	3.5922946939e-03	4.5096117315e-03	5.7244674184e-03	
41	4.1000000000e-01	4.1000000000e-01	3.5963316133e-03	4.5146768020e-03	5.7314386608e-03	
42	4.2000000000e-01	4.2000000000e-01	3.6002265219e-03	4.5195330430e-03	5.7380571476e-03	
43	4.3000000000e-01	4.3000000000e-01	3.6039907796e-03	4.5241989557e-03	5.7443591288e-03	
44	4.4000000000e-01	4.4000000000e-01	3.6076344662e-03	4.5286907183e-03	5.7503756245e-03	
45	4.5000000000e-01	4.5000000000e-01	3.6111665815e-03	4.5330225618e-03	5.7561333726e-03	
46	4.6000000000e-01	4.6000000000e-01	3.6145952159e-03	4.5372070767e-03	5.7616555745e-03	
47	4.7000000000e-01	4.7000000000e-01	3.6179277027e-03	4.5412554693e-03	5.7669624888e-03	
48	4.8000000000e-01	4.8000000000e-01	3.6211707571e-03	4.5451777802e-03	5.7720719094e-03	
49	4.9000000000e-01	4.9000000000e-01	3.6243306080e-03	4.5489830751e-03	5.7769995556e-03	
50	5.0000000000e-01	5.0000000000e-01	3.6274131281e-03	4.5526796180e-03	5.7817593969e-03	
51	5.1000000000e-01	5.1000000000e-01	3.6304239649e-03	4.5562750332e-03	5.7863639278e-03	
52	5.2000000000e-01	5.2000000000e-01	3.6333686772e-03	4.5597764627e-03	5.7908244075e-03	
53	5.3000000000e-01	5.3000000000e-01	3.6362528786e-03	4.5631907250e-03	5.7951510754e-03	
54	5.4000000000e-01	5.4000000000e-01	3.6390823904e-03	4.5665244780e-03	5.7993533516e-03	
55	5.5000000000e-01	5.5000000000e-01	3.6418634045e-03	4.5697843915e-03	5.8034400311e-03	
56	5.6000000000e-01	5.6000000000e-01	3.6446026574e-03	4.5729773293e-03	5.8074194784e-03	
57	5.7000000000e-01	5.7000000000e-01	3.6473076144e-03	4.5761105458e-03	5.8112998274e-03	
58	5.8000000000e-01	5.8000000000e-01	3.6499866644e-03	4.5791918944e-03	5.8150891920e-03	
59	5.9000000000e-01	5.9000000000e-01	3.6526493230e-03	4.5822300513e-03	5.8187958904e-03	
60	6.0000000000e-01	6.0000000000e-01	3.6553064434e-03	4.5852347513e-03	5.8224286855e-03	
61	6.1000000000e-01	6.1000000000e-01	3.6579704331e-03	4.5882170365e-03	5.8259970428e-03	
62	6.2000000000e-01	6.2000000000e-01	3.6606554739e-03	4.5911895154e-03	5.8295114065e-03	
63	6.3000000000e-01	6.3000000000e-01	3.6633777434e-03	4.5941666295e-03	5.8329834926e-03	
64	6.4000000000e-01	6.4000000000e-01	3.6661556359e-03	4.5971649270e-03	5.8364265984e-03	
65	6.5000000000e-01	6.5000000000e-01	3.6690099799e-03	4.6002033388e-03	5.8398559262e-03	
66	6.6000000000e-01	6.6000000000e-01	3.6719642508e-03	4.6033034551e-03	5.8432889185e-03	
67	6.7000000000e-01	6.7000000000e-01	3.6750447751e-03	4.6064897995e-03	5.8467456018e-03	
68	6.8000000000e-01	6.8000000000e-01	3.6782809266e-03	4.6097900982e-03	5.8502489357e-03	
69	6.9000000000e-01	6.9000000000e-01	3.6817053102e-03	4.6132355399e-03	5.8538251635e-03	
70	7.0000000000e-01	7.0000000000e-01	3.6853539331e-03	4.6168610267e-03	5.8575041607e-03	
71	7.1000000000e-01	7.1000000000e-01	3.6892663620e-03	4.6207054102e-03	5.8613197785e-03	
72	7.2000000000e-01	7.2000000000e-01	3.6934858644e-03	4.6248117136e-03	5.8653101767e-03	
73	7.3000000000e-01	7.3000000000e-01	3.6980595340e-03	4.6292273359e-03	5.8695181458e-03	
74	7.4000000000e-01	7.4000000000e-01	3.7030383985e-03	4.6340042377e-03	5.8739914115e-03	
75	7.5000000000e-01	7.5000000000e-01	3.7084775100e-03	4.6391991068e-03	5.8787829221e-03	
76	7.6000000000e-01	7.6000000000e-01	3.7144360172e-03	4.6448735023e-03	5.8839511137e-03	
77	7.7000000000e-01	7.7000000000e-01	3.7209772204e-03	4.6510939777e-03	5.8895601525e-03	
78	7.8000000000e-01	7.8000000000e-01	3.7281686076e-03	4.6579321807e-03	5.8956801523e-03	
79	7.9000000000e-01	7.9000000000e-01	3.7360818734e-03	4.6654649310e-03	5.9023873652e-03	
80	8.0000000000e-01	8.0000000000e-01	3.7447929211e-03	4.6737742754e-03	5.9097643443e-03	
81	8.1000000000e-01	8.1000000000e-01	3.7543818472e-03	4.6829475203e-03	5.9179000788e-03	
82	8.2000000000e-01	8.2000000000e-01	3.7649329107e-03	4.6930772429e-03	5.9268901003e-03	
83	8.3000000000e-01	8.3000000000e-01	3.7765344870e-03	4.7042612806e-03	5.9368365598e-03	
84	8.4000000000e-01	8.4000000000e-01	3.7892790066e-03	4.7166027000e-03	5.9478482770e-03	
85	8.5000000000e-01	8.5000000000e-01	3.8032628812e-03	4.7302097468e-03	5.9600407607e-03	
86	8.6000000000e-01	8.6000000000e-01	3.8185864165e-03	4.7451957760e-03	5.9735362031e-03	
87	8.7000000000e-01	8.7000000000e-01	3.8353537137e-03	4.7616791657e-03	5.9884634463e-03	
88	8.8000000000e-01	8.8000000000e-01	3.8536725601e-03	4.7797832139e-03	6.0049579246e-03	
89	8.9000000000e-01	8.9000000000e-01	3.8736543101e-03	4.7996360200e-03	6.0231615823e-03	
90	9.0000000000e-01	9.0000000000e-01	3.8954137574e-03	4.8213703530e-03	6.0432227688e-03	
91	9.1000000000e-01	9.1000000000e-01	3.9190689992e-03	4.8451235060e-03	6.0652961124e-03	
92	9.2000000000e-01	9.2000000000e-01	3.9447412944e-03	4.8710371399e-03	6.0895423745e-03	
93	9.3000000000e-01	9.3000000000e-01	3.9725549150e-03	4.8992571170e-03	6.1161282855e-03	
94	9.4000000000e-01	9.4000000000e-01	4.0026369933e-03	4.9299333248e-03	6.1452263639e-03	
95	9.5000000000e-01	9.5000000000e-01	4.0351173644e-03	4.9632194927e-03	6.1770147209e-03	
96	9.6000000000e-01	9.6000000000e-01	4.0701284060e-03	4.9992730018e-03	6.2116768508e-03	
97	9.7000000000e-01	9.7000000000e-01	4.1078048753e-03	5.0382546886e-03	6.2494014101e-03	
98	9.8000000000e-01	9.8000000000e-01	4.1482837444e-03	5.0803286452e-03	6.2903819858e-03	
99	9.9000000000e-01	9.9000000000e-01	4.1917040347e-03	5.1256620153e-03	6.3348168554e-03	
100	1.0000000000e+00	1.0000000000e+00	4.2382066507e-03	5.1744247875e-03	6.3829087384e-03	
                                                                                                                                                                                                                                                     *include "corner.spice
                                                                                                                                                                                                                                                     DC transfer characteristic  Tue Aug 18 01:17:54  2026
--------------------------------------------------------------------------------------------------------------------------------------------------------------------------------------------------------------------------------------------------------------------------------------------------------------------------------------------------------------------------------------------------------------------------------------------------------------------------------------------------------------------------------
Index   v-sweep         v(vfracds)      ioc_p06_glo     ioc_p06_gmid    ioc_p06_ghi     
--------------------------------------------------------------------------------------------------------------------------------------------------------------------------------------------------------------------------------------------------------------------------------------------------------------------------------------------------------------------------------------------------------------------------------------------------------------------------------------------------------------------------------
0	0.0000000000e+00	0.0000000000e+00	-0.0000000000e+00	-0.0000000000e+00	-0.0000000000e+00	
1	1.0000000000e-02	1.0000000000e-02	-1.105148072e-04	-1.236928527e-04	-1.381942488e-04	
2	2.0000000000e-02	2.0000000000e-02	-2.160869652e-04	-2.426283358e-04	-2.718775797e-04	
3	3.0000000000e-02	3.0000000000e-02	-3.168348983e-04	-3.569120163e-04	-4.011412521e-04	
4	4.0000000000e-02	4.0000000000e-02	-4.128732868e-04	-4.666463641e-04	-5.260740819e-04	
5	5.0000000000e-02	5.0000000000e-02	-5.043132120e-04	-5.719308628e-04	-6.467625209e-04	
6	6.0000000000e-02	6.0000000000e-02	-5.912622948e-04	-6.728621142e-04	-7.632907320e-04	
7	7.0000000000e-02	7.0000000000e-02	-6.738248270e-04	-7.695339392e-04	-8.757406622e-04	
8	8.0000000000e-02	8.0000000000e-02	-7.521018989e-04	-8.620374734e-04	-9.841921116e-04	
9	9.0000000000e-02	9.0000000000e-02	-8.261915206e-04	-9.504612598e-04	-1.088722800e-03	
10	1.0000000000e-01	1.0000000000e-01	-8.961887379e-04	-1.034891338e-03	-1.189408433e-03	
11	1.1000000000e-01	1.1000000000e-01	-9.621857425e-04	-1.115411327e-03	-1.286322761e-03	
12	1.2000000000e-01	1.2000000000e-01	-1.024271971e-03	-1.192102510e-03	-1.379537645e-03	
13	1.3000000000e-01	1.3000000000e-01	-1.082534192e-03	-1.265043903e-03	-1.469123108e-03	
14	1.4000000000e-01	1.4000000000e-01	-1.137056570e-03	-1.334312324e-03	-1.555147397e-03	
15	1.5000000000e-01	1.5000000000e-01	-1.187920695e-03	-1.399982445e-03	-1.637677028e-03	
16	1.6000000000e-01	1.6000000000e-01	-1.235205548e-03	-1.462126831e-03	-1.716776837e-03	
17	1.7000000000e-01	1.7000000000e-01	-1.278987356e-03	-1.520815946e-03	-1.792510018e-03	
18	1.8000000000e-01	1.8000000000e-01	-1.319339245e-03	-1.576118120e-03	-1.864938157e-03	
19	1.9000000000e-01	1.9000000000e-01	-1.356330513e-03	-1.628099444e-03	-1.934121254e-03	
20	2.0000000000e-01	2.0000000000e-01	-1.390025258e-03	-1.676823536e-03	-2.000117723e-03	
21	2.1000000000e-01	2.1000000000e-01	-1.420480062e-03	-1.722351095e-03	-2.062984370e-03	
22	2.2000000000e-01	2.2000000000e-01	-1.447741170e-03	-1.764739077e-03	-2.122776332e-03	
23	2.3000000000e-01	2.3000000000e-01	-1.471845359e-03	-1.804039178e-03	-2.179546947e-03	
24	2.4000000000e-01	2.4000000000e-01	-1.492838823e-03	-1.840295169e-03	-2.233347532e-03	
25	2.5000000000e-01	2.5000000000e-01	-1.510834731e-03	-1.873538443e-03	-2.284226975e-03	
26	2.6000000000e-01	2.6000000000e-01	-1.526088626e-03	-1.903781753e-03	-2.332231058e-03	
27	2.7000000000e-01	2.7000000000e-01	-1.539002655e-03	-1.931014546e-03	-2.377401276e-03	
28	2.8000000000e-01	2.8000000000e-01	-1.550032288e-03	-1.955213120e-03	-2.419772837e-03	
29	2.9000000000e-01	2.9000000000e-01	-1.559588752e-03	-1.976388962e-03	-2.459371284e-03	
30	3.0000000000e-01	3.0000000000e-01	-1.567999348e-03	-1.994672598e-03	-2.496207030e-03	
31	3.1000000000e-01	3.1000000000e-01	-1.575510556e-03	-2.010360134e-03	-2.530267406e-03	
32	3.2000000000e-01	3.2000000000e-01	-1.582305183e-03	-2.023859762e-03	-2.561508174e-03	
33	3.3000000000e-01	3.3000000000e-01	-1.588519408e-03	-2.035590912e-03	-2.589853648e-03	
34	3.4000000000e-01	3.4000000000e-01	-1.594256000e-03	-2.045917115e-03	-2.615225559e-03	
35	3.5000000000e-01	3.5000000000e-01	-1.599593756e-03	-2.055127242e-03	-2.637614970e-03	
36	3.6000000000e-01	3.6000000000e-01	-1.604594090e-03	-2.063442650e-03	-2.657161457e-03	
37	3.7000000000e-01	3.7000000000e-01	-1.609305621e-03	-2.071031459e-03	-2.674163767e-03	
38	3.8000000000e-01	3.8000000000e-01	-1.613767405e-03	-2.078021965e-03	-2.689008268e-03	
39	3.9000000000e-01	3.9000000000e-01	-1.618011230e-03	-2.084513144e-03	-2.702081960e-03	
40	4.0000000000e-01	4.0000000000e-01	-1.622063281e-03	-2.090582379e-03	-2.713721677e-03	
41	4.1000000000e-01	4.1000000000e-01	-1.625945369e-03	-2.096291007e-03	-2.724200277e-03	
42	4.2000000000e-01	4.2000000000e-01	-1.629675835e-03	-2.101688300e-03	-2.733731921e-03	
43	4.3000000000e-01	4.3000000000e-01	-1.633270244e-03	-2.106814336e-03	-2.742483143e-03	
44	4.4000000000e-01	4.4000000000e-01	-1.636741910e-03	-2.111702096e-03	-2.750583743e-03	
45	4.5000000000e-01	4.5000000000e-01	-1.640102310e-03	-2.116379011e-03	-2.758135709e-03	
46	4.6000000000e-01	4.6000000000e-01	-1.643361402e-03	-2.120868118e-03	-2.765220025e-03	
47	4.7000000000e-01	4.7000000000e-01	-1.646527879e-03	-2.125188934e-03	-2.771901738e-03	
48	4.8000000000e-01	4.8000000000e-01	-1.649609375e-03	-2.129358132e-03	-2.778233688e-03	
49	4.9000000000e-01	4.9000000000e-01	-1.652612628e-03	-2.133390059e-03	-2.784259272e-03	
50	5.0000000000e-01	5.0000000000e-01	-1.655543616e-03	-2.137297145e-03	-2.790014496e-03	
51	5.1000000000e-01	5.1000000000e-01	-1.658407665e-03	-2.141090229e-03	-2.795529522e-03	
52	5.2000000000e-01	5.2000000000e-01	-1.661209538e-03	-2.144778813e-03	-2.800829837e-03	
53	5.3000000000e-01	5.3000000000e-01	-1.663953517e-03	-2.148371274e-03	-2.805937154e-03	
54	5.4000000000e-01	5.4000000000e-01	-1.666643459e-03	-2.151875034e-03	-2.810870111e-03	
55	5.5000000000e-01	5.5000000000e-01	-1.669282856e-03	-2.155296696e-03	-2.815644813e-03	
56	5.6000000000e-01	5.6000000000e-01	-1.671874875e-03	-2.158642164e-03	-2.820275269e-03	
57	5.7000000000e-01	5.7000000000e-01	-1.674422400e-03	-2.161916732e-03	-2.824773733e-03	
58	5.8000000000e-01	5.8000000000e-01	-1.676928065e-03	-2.165125171e-03	-2.829150984e-03	
59	5.9000000000e-01	5.9000000000e-01	-1.679394283e-03	-2.168271791e-03	-2.833416551e-03	
60	6.0000000000e-01	6.0000000000e-01	-1.681823269e-03	-2.171360499e-03	-2.837578896e-03	
61	6.1000000000e-01	6.1000000000e-01	-1.684217068e-03	-2.174394850e-03	-2.841645567e-03	
62	6.2000000000e-01	6.2000000000e-01	-1.686577570e-03	-2.177378088e-03	-2.845623326e-03	
63	6.3000000000e-01	6.3000000000e-01	-1.688906535e-03	-2.180313180e-03	-2.849518250e-03	
64	6.4000000000e-01	6.4000000000e-01	-1.691205607e-03	-2.183202850e-03	-2.853335824e-03	
65	6.5000000000e-01	6.5000000000e-01	-1.693476335e-03	-2.186049610e-03	-2.857081010e-03	
66	6.6000000000e-01	6.6000000000e-01	-1.695720192e-03	-2.188855779e-03	-2.860758318e-03	
67	6.7000000000e-01	6.7000000000e-01	-1.697938592e-03	-2.191623515e-03	-2.864371855e-03	
68	6.8000000000e-01	6.8000000000e-01	-1.700132913e-03	-2.194354832e-03	-2.867925373e-03	
69	6.9000000000e-01	6.9000000000e-01	-1.702304518e-03	-2.197051627e-03	-2.871422312e-03	
70	7.0000000000e-01	7.0000000000e-01	-1.704454783e-03	-2.199715700e-03	-2.874865837e-03	
71	7.1000000000e-01	7.1000000000e-01	-1.706585118e-03	-2.202348781e-03	-2.878258869e-03	
72	7.2000000000e-01	7.2000000000e-01	-1.708697004e-03	-2.204952551e-03	-2.881604115e-03	
73	7.3000000000e-01	7.3000000000e-01	-1.710792023e-03	-2.207528677e-03	-2.884904102e-03	
74	7.4000000000e-01	7.4000000000e-01	-1.712871896e-03	-2.210078837e-03	-2.888161200e-03	
75	7.5000000000e-01	7.5000000000e-01	-1.714938523e-03	-2.212604755e-03	-2.891377653e-03	
76	7.6000000000e-01	7.6000000000e-01	-1.716994030e-03	-2.215108241e-03	-2.894555608e-03	
77	7.7000000000e-01	7.7000000000e-01	-1.719040814e-03	-2.217591233e-03	-2.897697147e-03	
78	7.8000000000e-01	7.8000000000e-01	-1.721081599e-03	-2.220055841e-03	-2.900804323e-03	
79	7.9000000000e-01	7.9000000000e-01	-1.723119491e-03	-2.222504399e-03	-2.903879194e-03	
80	8.0000000000e-01	8.0000000000e-01	-1.725158035e-03	-2.224939526e-03	-2.906923868e-03	
81	8.1000000000e-01	8.1000000000e-01	-1.727201285e-03	-2.227364180e-03	-2.909940549e-03	
82	8.2000000000e-01	8.2000000000e-01	-1.729253867e-03	-2.229781730e-03	-2.912931588e-03	
83	8.3000000000e-01	8.3000000000e-01	-1.731321049e-03	-2.232196026e-03	-2.915899542e-03	
84	8.4000000000e-01	8.4000000000e-01	-1.733408813e-03	-2.234611473e-03	-2.918847238e-03	
85	8.5000000000e-01	8.5000000000e-01	-1.735523932e-03	-2.237033117e-03	-2.921777841e-03	
86	8.6000000000e-01	8.6000000000e-01	-1.737674048e-03	-2.239466727e-03	-2.924694937e-03	
87	8.7000000000e-01	8.7000000000e-01	-1.739867746e-03	-2.241918882e-03	-2.927602608e-03	
88	8.8000000000e-01	8.8000000000e-01	-1.742114638e-03	-2.244397070e-03	-2.930505530e-03	
89	8.9000000000e-01	8.9000000000e-01	-1.744425438e-03	-2.246909779e-03	-2.933409067e-03	
90	9.0000000000e-01	9.0000000000e-01	-1.746812048e-03	-2.249466598e-03	-2.936319372e-03	
91	9.1000000000e-01	9.1000000000e-01	-1.749287636e-03	-2.252078317e-03	-2.939243501e-03	
92	9.2000000000e-01	9.2000000000e-01	-1.751866713e-03	-2.254757027e-03	-2.942189523e-03	
93	9.3000000000e-01	9.3000000000e-01	-1.754565211e-03	-2.257516228e-03	-2.945166639e-03	
94	9.4000000000e-01	9.4000000000e-01	-1.757400564e-03	-2.260370925e-03	-2.948185309e-03	
95	9.5000000000e-01	9.5000000000e-01	-1.760391777e-03	-2.263337739e-03	-2.951257379e-03	
96	9.6000000000e-01	9.6000000000e-01	-1.763559503e-03	-2.266435002e-03	-2.954396206e-03	
97	9.7000000000e-01	9.7000000000e-01	-1.766926107e-03	-2.269682862e-03	-2.957616796e-03	
98	9.8000000000e-01	9.8000000000e-01	-1.770515736e-03	-2.273103379e-03	-2.960935937e-03	
99	9.9000000000e-01	9.9000000000e-01	-1.774354382e-03	-2.276720625e-03	-2.964372332e-03	
100	1.0000000000e+00	1.0000000000e+00	-1.778469939e-03	-2.280560770e-03	-2.967946732e-03	
Doing analysis at TEMP = -40.000000 and TNOM = 27.000000

Using SPARSE 1.3 as Direct Linear Solver

No. of Data Rows : 501
                                                                                                                                                                                                                                                     *include "corner.spice
                                                                                                                                                                                                                                                     DC transfer characteristic  Tue Aug 18 01:17:54  2026
--------------------------------------------------------------------------------------------------------------------------------------------------------------------------------------------------------------------------------------------------------------------------------------------------------------------------------------------------------------------------------------------------------------------------------------------------------------------------------------------------------------------------------
Index   v-sweep         v(vfracdi)      ifb             
--------------------------------------------------------------------------------------------------------------------------------------------------------------------------------------------------------------------------------------------------------------------------------------------------------------------------------------------------------------------------------------------------------------------------------------------------------------------------------------------------------------------------------
0	0.0000000000e+00	0.0000000000e+00	-6.391661380e-85	
1	2.0000000000e-03	2.0000000000e-03	2.3592239273e-15	
2	4.0000000000e-03	4.0000000000e-03	4.7184478547e-15	
3	6.0000000000e-03	6.0000000000e-03	7.1609385088e-15	
4	8.0000000000e-03	8.0000000000e-03	9.4368957093e-15	
5	1.0000000000e-02	1.0000000000e-02	1.1990408666e-14	
6	1.2000000000e-02	1.2000000000e-02	1.4321877018e-14	
7	1.4000000000e-02	1.4000000000e-02	1.6653345369e-14	
8	1.6000000000e-02	1.6000000000e-02	1.8873791419e-14	
9	1.8000000000e-02	1.8000000000e-02	2.1760371283e-14	
10	2.0000000000e-02	2.0000000000e-02	2.3980817332e-14	
11	2.2000000000e-02	2.2000000000e-02	2.6423307986e-14	
12	2.4000000000e-02	2.4000000000e-02	2.8865798640e-14	
13	2.6000000000e-02	2.6000000000e-02	3.1086244690e-14	
14	2.8000000000e-02	2.8000000000e-02	3.3306690739e-14	
15	3.0000000000e-02	3.0000000000e-02	3.5971225998e-14	
16	3.2000000000e-02	3.2000000000e-02	3.7747582837e-14	
17	3.4000000000e-02	3.4000000000e-02	4.0856207306e-14	
18	3.6000000000e-02	3.6000000000e-02	4.3520742565e-14	
19	3.8000000000e-02	3.8000000000e-02	4.5297099405e-14	
20	4.0000000000e-02	4.0000000000e-02	4.7961634664e-14	
21	4.2000000000e-02	4.2000000000e-02	5.0182080713e-14	
22	4.4000000000e-02	4.4000000000e-02	5.2846615972e-14	
23	4.6000000000e-02	4.6000000000e-02	5.4622972812e-14	
24	4.8000000000e-02	4.8000000000e-02	5.7731597281e-14	
25	5.0000000000e-02	5.0000000000e-02	5.9952043330e-14	
26	5.2000000000e-02	5.2000000000e-02	6.2172489379e-14	
27	5.4000000000e-02	5.4000000000e-02	6.4837024638e-14	
28	5.6000000000e-02	5.6000000000e-02	6.6613381478e-14	
29	5.8000000000e-02	5.8000000000e-02	6.8389738317e-14	
30	6.0000000000e-02	6.0000000000e-02	7.1942451996e-14	
31	6.2000000000e-02	6.2000000000e-02	7.4606987255e-14	
32	6.4000000000e-02	6.4000000000e-02	7.5495165675e-14	
33	6.6000000000e-02	6.6000000000e-02	7.9047879353e-14	
34	6.8000000000e-02	6.8000000000e-02	8.1712414612e-14	
35	7.0000000000e-02	7.0000000000e-02	8.3488771452e-14	
36	7.2000000000e-02	7.2000000000e-02	8.6153306711e-14	
37	7.4000000000e-02	7.4000000000e-02	8.8817841970e-14	
38	7.6000000000e-02	7.6000000000e-02	9.0594198809e-14	
39	7.8000000000e-02	7.8000000000e-02	9.3258734069e-14	
40	8.0000000000e-02	8.0000000000e-02	9.6811447747e-14	
41	8.2000000000e-02	8.2000000000e-02	9.7699626167e-14	
42	8.4000000000e-02	8.4000000000e-02	1.0036416143e-13	
43	8.6000000000e-02	8.6000000000e-02	1.0302869669e-13	
44	8.8000000000e-02	8.8000000000e-02	1.0569323194e-13	
45	9.0000000000e-02	9.0000000000e-02	1.0746958878e-13	
46	9.2000000000e-02	9.2000000000e-02	1.0924594562e-13	
47	9.4000000000e-02	9.4000000000e-02	1.1279865930e-13	
48	9.6000000000e-02	9.6000000000e-02	1.1546319456e-13	
49	9.8000000000e-02	9.8000000000e-02	1.1635137298e-13	
50	1.0000000000e-01	1.0000000000e-01	1.1990408666e-13	
51	1.0200000000e-01	1.0200000000e-01	1.2256862192e-13	
52	1.0400000000e-01	1.0400000000e-01	1.2434497876e-13	
53	1.0600000000e-01	1.0600000000e-01	1.2612133560e-13	
54	1.0800000000e-01	1.0800000000e-01	1.2967404928e-13	
55	1.1000000000e-01	1.1000000000e-01	1.3145040612e-13	
56	1.1200000000e-01	1.1200000000e-01	1.3322676296e-13	
57	1.1400000000e-01	1.1400000000e-01	1.3677947663e-13	
58	1.1600000000e-01	1.1600000000e-01	1.3855583347e-13	
59	1.1800000000e-01	1.1800000000e-01	1.4210854715e-13	
60	1.2000000000e-01	1.2000000000e-01	1.4388490399e-13	
61	1.2200000000e-01	1.2200000000e-01	1.4566126083e-13	
62	1.2400000000e-01	1.2400000000e-01	1.4921397451e-13	
63	1.2600000000e-01	1.2600000000e-01	1.5099033135e-13	
64	1.2800000000e-01	1.2800000000e-01	1.5099033135e-13	
65	1.3000000000e-01	1.3000000000e-01	1.5454304503e-13	
66	1.3200000000e-01	1.3200000000e-01	1.5809575871e-13	
67	1.3400000000e-01	1.3400000000e-01	1.6164847239e-13	
68	1.3600000000e-01	1.3600000000e-01	1.6342482922e-13	
69	1.3800000000e-01	1.3800000000e-01	1.6520118606e-13	
70	1.4000000000e-01	1.4000000000e-01	1.6697754290e-13	
71	1.4200000000e-01	1.4200000000e-01	1.6875389974e-13	
72	1.4400000000e-01	1.4400000000e-01	1.7230661342e-13	
73	1.4600000000e-01	1.4600000000e-01	1.7585932710e-13	
74	1.4800000000e-01	1.4800000000e-01	1.7763568394e-13	
75	1.5000000000e-01	1.5000000000e-01	1.7941204078e-13	
76	1.5200000000e-01	1.5200000000e-01	1.8118839762e-13	
77	1.5400000000e-01	1.5400000000e-01	1.8296475446e-13	
78	1.5600000000e-01	1.5600000000e-01	1.8651746814e-13	
79	1.5800000000e-01	1.5800000000e-01	1.9007018182e-13	
80	1.6000000000e-01	1.6000000000e-01	1.9362289549e-13	
81	1.6200000000e-01	1.6200000000e-01	1.9362289549e-13	
82	1.6400000000e-01	1.6400000000e-01	1.9539925233e-13	
83	1.6600000000e-01	1.6600000000e-01	1.9895196601e-13	
84	1.6800000000e-01	1.6800000000e-01	2.0072832285e-13	
85	1.7000000000e-01	1.7000000000e-01	2.0428103653e-13	
86	1.7200000000e-01	1.7200000000e-01	2.0428103653e-13	
87	1.7400000000e-01	1.7400000000e-01	2.0961010705e-13	
88	1.7600000000e-01	1.7600000000e-01	2.1138646389e-13	
89	1.7800000000e-01	1.7800000000e-01	2.1493917757e-13	
90	1.8000000000e-01	1.8000000000e-01	2.1671553441e-13	
91	1.8200000000e-01	1.8200000000e-01	2.1849189125e-13	
92	1.8400000000e-01	1.8400000000e-01	2.2026824809e-13	
93	1.8600000000e-01	1.8600000000e-01	2.2382096176e-13	
94	1.8800000000e-01	1.8800000000e-01	2.2559731860e-13	
95	1.9000000000e-01	1.9000000000e-01	2.2737367544e-13	
96	1.9200000000e-01	1.9200000000e-01	2.3092638912e-13	
97	1.9400000000e-01	1.9400000000e-01	2.3092638912e-13	
98	1.9600000000e-01	1.9600000000e-01	2.3447910280e-13	
99	1.9800000000e-01	1.9800000000e-01	2.3803181648e-13	
100	2.0000000000e-01	2.0000000000e-01	2.3980817332e-13	
101	2.0200000000e-01	2.0200000000e-01	2.4336088700e-13	
102	2.0400000000e-01	2.0400000000e-01	2.4691360068e-13	
103	2.0600000000e-01	2.0600000000e-01	2.4691360068e-13	
104	2.0800000000e-01	2.0800000000e-01	2.4868995752e-13	
105	2.1000000000e-01	2.1000000000e-01	2.5579538487e-13	
106	2.1200000000e-01	2.1200000000e-01	2.5579538487e-13	
107	2.1400000000e-01	2.1400000000e-01	2.5934809855e-13	
108	2.1600000000e-01	2.1600000000e-01	2.6290081223e-13	
109	2.1800000000e-01	2.1800000000e-01	2.6290081223e-13	
110	2.2000000000e-01	2.2000000000e-01	2.6645352591e-13	
111	2.2200000000e-01	2.2200000000e-01	2.7000623959e-13	
112	2.2400000000e-01	2.2400000000e-01	2.7355895327e-13	
113	2.2600000000e-01	2.2600000000e-01	2.7711166695e-13	
114	2.2800000000e-01	2.2800000000e-01	2.7711166695e-13	
115	2.3000000000e-01	2.3000000000e-01	2.8066438063e-13	
116	2.3200000000e-01	2.3200000000e-01	2.7711166695e-13	
117	2.3400000000e-01	2.3400000000e-01	2.8421709430e-13	
118	2.3600000000e-01	2.3600000000e-01	2.8776980798e-13	
119	2.3800000000e-01	2.3800000000e-01	2.9487523534e-13	
120	2.4000000000e-01	2.4000000000e-01	2.9487523534e-13	
121	2.4200000000e-01	2.4200000000e-01	2.9842794902e-13	
122	2.4400000000e-01	2.4400000000e-01	3.0198066270e-13	
123	2.4600000000e-01	2.4600000000e-01	3.0553337638e-13	
124	2.4800000000e-01	2.4800000000e-01	3.0553337638e-13	
125	2.5000000000e-01	2.5000000000e-01	3.0908609006e-13	
126	2.5200000000e-01	2.5200000000e-01	3.1619151741e-13	
127	2.5400000000e-01	2.5400000000e-01	3.1974423109e-13	
128	2.5600000000e-01	2.5600000000e-01	3.2329694477e-13	
129	2.5800000000e-01	2.5800000000e-01	3.2684965845e-13	
130	2.6000000000e-01	2.6000000000e-01	3.2684965845e-13	
131	2.6200000000e-01	2.6200000000e-01	3.3750779949e-13	
132	2.6400000000e-01	2.6400000000e-01	3.4106051316e-13	
133	2.6600000000e-01	2.6600000000e-01	3.5171865420e-13	
134	2.6800000000e-01	2.6800000000e-01	3.5527136788e-13	
135	2.7000000000e-01	2.7000000000e-01	3.6237679524e-13	
136	2.7200000000e-01	2.7200000000e-01	3.6592950892e-13	
137	2.7400000000e-01	2.7400000000e-01	3.7303493627e-13	
138	2.7600000000e-01	2.7600000000e-01	3.8014036363e-13	
139	2.7800000000e-01	2.7800000000e-01	3.9079850467e-13	
140	2.8000000000e-01	2.8000000000e-01	4.0145664570e-13	
141	2.8200000000e-01	2.8200000000e-01	4.1211478674e-13	
142	2.8400000000e-01	2.8400000000e-01	4.2632564146e-13	
143	2.8600000000e-01	2.8600000000e-01	4.2987835513e-13	
144	2.8800000000e-01	2.8800000000e-01	4.5119463721e-13	
145	2.9000000000e-01	2.9000000000e-01	4.6540549192e-13	
146	2.9200000000e-01	2.9200000000e-01	4.8316906032e-13	
147	2.9400000000e-01	2.9400000000e-01	5.0448534239e-13	
148	2.9600000000e-01	2.9600000000e-01	5.2580162446e-13	
149	2.9800000000e-01	2.9800000000e-01	5.4711790654e-13	
150	3.0000000000e-01	3.0000000000e-01	5.7198690229e-13	
151	3.0200000000e-01	3.0200000000e-01	6.0751403907e-13	
152	3.0400000000e-01	3.0400000000e-01	6.3238303483e-13	
153	3.0600000000e-01	3.0600000000e-01	6.7501559897e-13	
154	3.0800000000e-01	3.0800000000e-01	7.1409544944e-13	
155	3.1000000000e-01	3.1000000000e-01	7.5672801358e-13	
156	3.1200000000e-01	3.1200000000e-01	8.1357143245e-13	
157	3.1400000000e-01	3.1400000000e-01	8.6330942395e-13	
158	3.1600000000e-01	3.1600000000e-01	9.3081098385e-13	
159	3.1800000000e-01	3.1800000000e-01	1.0018652574e-12	
160	3.2000000000e-01	3.2000000000e-01	1.0871303857e-12	
161	3.2200000000e-01	3.2200000000e-01	1.1759482277e-12	
162	3.2400000000e-01	3.2400000000e-01	1.2754242107e-12	
163	3.2600000000e-01	3.2600000000e-01	1.3926637621e-12	
164	3.2800000000e-01	3.2800000000e-01	1.5205614545e-12	
165	3.3000000000e-01	3.3000000000e-01	1.6626700017e-12	
166	3.3200000000e-01	3.3200000000e-01	1.8189894035e-12	
167	3.3400000000e-01	3.3400000000e-01	2.0037305148e-12	
168	3.3600000000e-01	3.3600000000e-01	2.2133406219e-12	
169	3.3800000000e-01	3.3800000000e-01	2.4442670110e-12	
170	3.4000000000e-01	3.4000000000e-01	2.7000623959e-12	
171	3.4200000000e-01	3.4200000000e-01	2.9949376312e-12	
172	3.4400000000e-01	3.4400000000e-01	3.3253400034e-12	
173	3.4600000000e-01	3.4600000000e-01	3.6948222260e-12	
174	3.4800000000e-01	3.4800000000e-01	4.1104897264e-12	
175	3.5000000000e-01	3.5000000000e-01	4.5758952183e-12	
176	3.5200000000e-01	3.5200000000e-01	5.0981441291e-12	
177	3.5400000000e-01	3.5400000000e-01	5.6914473134e-12	
178	3.5600000000e-01	3.5600000000e-01	6.3593574851e-12	
179	3.5800000000e-01	3.5800000000e-01	7.1089800713e-12	
180	3.6000000000e-01	3.6000000000e-01	7.9509732132e-12	
181	3.6200000000e-01	3.6200000000e-01	8.8995477654e-12	
182	3.6400000000e-01	3.6400000000e-01	9.9689145827e-12	
183	3.6600000000e-01	3.6600000000e-01	1.1169731806e-11	
184	3.6800000000e-01	3.6800000000e-01	1.2530421145e-11	
185	3.7000000000e-01	3.7000000000e-01	1.4061640741e-11	
186	3.7200000000e-01	3.7200000000e-01	1.5784706875e-11	
187	3.7400000000e-01	3.7400000000e-01	1.7720935830e-11	
188	3.7600000000e-01	3.7600000000e-01	1.9902302029e-11	
189	3.7800000000e-01	3.7800000000e-01	2.2346569040e-11	
190	3.8000000000e-01	3.8000000000e-01	2.5117685709e-11	
191	3.8200000000e-01	3.8200000000e-01	2.8229862892e-11	
192	3.8400000000e-01	3.8400000000e-01	3.1736391293e-11	
193	3.8600000000e-01	3.8600000000e-01	3.5676350763e-11	
194	3.8800000000e-01	3.8800000000e-01	4.0120795575e-11	
195	3.9000000000e-01	3.9000000000e-01	4.5119463721e-11	
196	3.9200000000e-01	3.9200000000e-01	5.0754067615e-11	
197	3.9400000000e-01	3.9400000000e-01	5.7095661532e-11	
198	3.9600000000e-01	3.9600000000e-01	6.4240168740e-11	
199	3.9800000000e-01	3.9800000000e-01	7.2283512509e-11	
200	4.0000000000e-01	4.0000000000e-01	8.1346485103e-11	
201	4.0200000000e-01	4.0200000000e-01	9.1549878789e-11	
202	4.0400000000e-01	4.0400000000e-01	1.0302514397e-10	
203	4.0600000000e-01	4.0600000000e-01	1.1596057448e-10	
204	4.0800000000e-01	4.0800000000e-01	1.3052314785e-10	
205	4.1000000000e-01	4.1000000000e-01	1.4691892147e-10	
206	4.1200000000e-01	4.1200000000e-01	1.6538237446e-10	
207	4.1400000000e-01	4.1400000000e-01	1.8617640762e-10	
208	4.1600000000e-01	4.1600000000e-01	2.0958879077e-10	
209	4.1800000000e-01	4.1800000000e-01	2.3594992626e-10	
210	4.2000000000e-01	4.2000000000e-01	2.6563995448e-10	
211	4.2200000000e-01	4.2200000000e-01	2.9908164834e-10	
212	4.2400000000e-01	4.2400000000e-01	3.3673330790e-10	
213	4.2600000000e-01	4.2600000000e-01	3.7911718209e-10	
214	4.2800000000e-01	4.2800000000e-01	4.2686565394e-10	
215	4.3000000000e-01	4.3000000000e-01	4.8061110647e-10	
216	4.3200000000e-01	4.3200000000e-01	5.4115645298e-10	
217	4.3400000000e-01	4.3400000000e-01	6.0931881762e-10	
218	4.3600000000e-01	4.3600000000e-01	6.8606453851e-10	
219	4.3800000000e-01	4.3800000000e-01	7.7249495689e-10	
220	4.4000000000e-01	4.4000000000e-01	8.6982510084e-10	
221	4.4200000000e-01	4.4200000000e-01	9.7941210697e-10	
222	4.4400000000e-01	4.4400000000e-01	1.1028191693e-09	
223	4.4600000000e-01	4.4600000000e-01	1.2417800122e-09	
224	4.4800000000e-01	4.4800000000e-01	1.3982557334e-09	
225	4.5000000000e-01	4.5000000000e-01	1.5744490156e-09	
226	4.5200000000e-01	4.5200000000e-01	1.7728467583e-09	
227	4.5400000000e-01	4.5400000000e-01	1.9962484998e-09	
228	4.5600000000e-01	4.5600000000e-01	2.2478019446e-09	
229	4.5800000000e-01	4.5800000000e-01	2.5310598062e-09	
230	4.6000000000e-01	4.6000000000e-01	2.8500082294e-09	
231	4.6200000000e-01	4.6200000000e-01	3.2091520552e-09	
232	4.6400000000e-01	4.6400000000e-01	3.6135290316e-09	
233	4.6600000000e-01	4.6600000000e-01	4.0688732383e-09	
234	4.6800000000e-01	4.6800000000e-01	4.5815795602e-09	
235	4.7000000000e-01	4.7000000000e-01	5.1588813221e-09	
236	4.7200000000e-01	4.7200000000e-01	5.8088858168e-09	
237	4.7400000000e-01	4.7400000000e-01	6.5407661509e-09	
238	4.7600000000e-01	4.7600000000e-01	7.3648394050e-09	
239	4.7800000000e-01	4.7800000000e-01	8.2926945311e-09	
240	4.8000000000e-01	4.8000000000e-01	9.3373913046e-09	
241	4.8200000000e-01	4.8200000000e-01	1.0513645066e-08	
242	4.8400000000e-01	4.8400000000e-01	1.1837990144e-08	
243	4.8600000000e-01	4.8600000000e-01	1.3329092496e-08	
244	4.8800000000e-01	4.8800000000e-01	1.5007877607e-08	
245	4.9000000000e-01	4.9000000000e-01	1.6897985233e-08	
246	4.9200000000e-01	4.9200000000e-01	1.9025975462e-08	
247	4.9400000000e-01	4.9400000000e-01	2.1421762142e-08	
248	4.9600000000e-01	4.9600000000e-01	2.4119003683e-08	
249	4.9800000000e-01	4.9800000000e-01	2.7155572013e-08	
250	5.0000000000e-01	5.0000000000e-01	3.0574128118e-08	
251	5.0200000000e-01	5.0200000000e-01	3.4422662054e-08	
252	5.0400000000e-01	5.0400000000e-01	3.8755139542e-08	
253	5.0600000000e-01	5.0600000000e-01	4.3632340407e-08	
254	5.0800000000e-01	5.0800000000e-01	4.9122668599e-08	
255	5.1000000000e-01	5.1000000000e-01	5.5303019053e-08	
256	5.1200000000e-01	5.1200000000e-01	6.2259985611e-08	
257	5.1400000000e-01	5.1400000000e-01	7.0090983684e-08	
258	5.1600000000e-01	5.1600000000e-01	7.8905557643e-08	
259	5.1800000000e-01	5.1800000000e-01	8.8826993760e-08	
260	5.2000000000e-01	5.2000000000e-01	9.9993954450e-08	
261	5.2200000000e-01	5.2200000000e-01	1.1256244647e-07	
262	5.2400000000e-01	5.2400000000e-01	1.2670786731e-07	
263	5.2600000000e-01	5.2600000000e-01	1.4262755599e-07	
264	5.2800000000e-01	5.2800000000e-01	1.6054337237e-07	
265	5.3000000000e-01	5.3000000000e-01	1.8070486618e-07	
266	5.3200000000e-01	5.3200000000e-01	2.0339258811e-07	
267	5.3400000000e-01	5.3400000000e-01	2.2892193385e-07	
268	5.3600000000e-01	5.3600000000e-01	2.5764752820e-07	
269	5.3800000000e-01	5.3800000000e-01	2.8996793588e-07	
270	5.4000000000e-01	5.4000000000e-01	3.2633118252e-07	
271	5.4200000000e-01	5.4200000000e-01	3.6724070895e-07	
272	5.4400000000e-01	5.4400000000e-01	4.1326224220e-07	
273	5.4600000000e-01	5.4600000000e-01	4.6503137696e-07	
274	5.4800000000e-01	5.4800000000e-01	5.2326216604e-07	
275	5.5000000000e-01	5.5000000000e-01	5.8875659903e-07	
276	5.5200000000e-01	5.5200000000e-01	6.6241538832e-07	
277	5.5400000000e-01	5.5400000000e-01	7.4524984939e-07	
278	5.5600000000e-01	5.5600000000e-01	8.3839537268e-07	
279	5.5800000000e-01	5.5800000000e-01	9.4312638765e-07	
280	5.6000000000e-01	5.6000000000e-01	1.0608731245e-06	
281	5.6200000000e-01	5.6200000000e-01	1.1932402870e-06	
282	5.6400000000e-01	5.6400000000e-01	1.3420279785e-06	
283	5.6600000000e-01	5.6600000000e-01	1.5092550782e-06	
284	5.6800000000e-01	5.6800000000e-01	1.6971851835e-06	
285	5.7000000000e-01	5.7000000000e-01	1.9083557063e-06	
286	5.7200000000e-01	5.7200000000e-01	2.1456101678e-06	
287	5.7400000000e-01	5.7400000000e-01	2.4121343216e-06	
288	5.7600000000e-01	5.7600000000e-01	2.7114961014e-06	
289	5.7800000000e-01	5.7800000000e-01	3.0476903490e-06	
290	5.8000000000e-01	5.8000000000e-01	3.4251883108e-06	
291	5.8200000000e-01	5.8200000000e-01	3.8489927050e-06	
292	5.8400000000e-01	5.8400000000e-01	4.3246988142e-06	
293	5.8600000000e-01	5.8600000000e-01	4.8585621713e-06	
294	5.8800000000e-01	5.8800000000e-01	5.4575735859e-06	
295	5.9000000000e-01	5.9000000000e-01	6.1295421574e-06	
296	5.9200000000e-01	5.9200000000e-01	6.8831870408e-06	
297	5.9400000000e-01	5.9400000000e-01	7.7282387352e-06	
298	5.9600000000e-01	5.9600000000e-01	8.6755509230e-06	
299	5.9800000000e-01	5.9800000000e-01	9.7372235714e-06	
300	6.0000000000e-01	6.0000000000e-01	1.0926738476e-05	
301	6.0200000000e-01	6.0200000000e-01	1.2259108104e-05	
302	6.0400000000e-01	6.0400000000e-01	1.3751039070e-05	
303	6.0600000000e-01	6.0600000000e-01	1.5421111179e-05	
304	6.0800000000e-01	6.0800000000e-01	1.7289973350e-05	
305	6.1000000000e-01	6.1000000000e-01	1.9380557610e-05	
306	6.1200000000e-01	6.1200000000e-01	2.1718312517e-05	
307	6.1400000000e-01	6.1400000000e-01	2.4331457226e-05	
308	6.1600000000e-01	6.1600000000e-01	2.7251257535e-05	
309	6.1800000000e-01	6.1800000000e-01	3.0512325360e-05	
310	6.2000000000e-01	6.2000000000e-01	3.4152942803e-05	
311	6.2200000000e-01	6.2200000000e-01	3.8215412140e-05	
312	6.2400000000e-01	6.2400000000e-01	4.2746433145e-05	
313	6.2600000000e-01	6.2600000000e-01	4.7797508756e-05	
314	6.2800000000e-01	6.2800000000e-01	5.3425380344e-05	
315	6.3000000000e-01	6.3000000000e-01	5.9692493537e-05	
316	6.3200000000e-01	6.3200000000e-01	6.6667495659e-05	
317	6.3400000000e-01	6.3400000000e-01	7.4425765341e-05	
318	6.3600000000e-01	6.3600000000e-01	8.3049975274e-05	
319	6.3800000000e-01	6.3800000000e-01	9.2630688385e-05	
320	6.4000000000e-01	6.4000000000e-01	1.0326698774e-04	
321	6.4200000000e-01	6.4200000000e-01	1.1506714067e-04	
322	6.4400000000e-01	6.4400000000e-01	1.2814929677e-04	
323	6.4600000000e-01	6.4600000000e-01	1.4264221989e-04	
324	6.4800000000e-01	6.4800000000e-01	1.5868605391e-04	
325	6.5000000000e-01	6.5000000000e-01	1.7643312191e-04	
326	6.5200000000e-01	6.5200000000e-01	1.9604875853e-04	
327	6.5400000000e-01	6.5400000000e-01	2.1771217538e-04	
328	6.5600000000e-01	6.5600000000e-01	2.4161735912e-04	
329	6.5800000000e-01	6.5800000000e-01	2.6797400277e-04	
330	6.6000000000e-01	6.6000000000e-01	2.9700847041e-04	
331	6.6200000000e-01	6.6200000000e-01	3.2896479661e-04	
332	6.6400000000e-01	6.6400000000e-01	3.6410572196e-04	
333	6.6600000000e-01	6.6600000000e-01	4.0271376741e-04	
334	6.6800000000e-01	6.6800000000e-01	4.4509235072e-04	
335	6.7000000000e-01	6.7000000000e-01	4.9156694971e-04	
336	6.7200000000e-01	6.7200000000e-01	5.4248631805e-04	
337	6.7400000000e-01	6.7400000000e-01	5.9822376134e-04	
338	6.7600000000e-01	6.7600000000e-01	6.5917848211e-04	
339	6.7800000000e-01	6.7800000000e-01	7.2577700513e-04	
340	6.8000000000e-01	6.8000000000e-01	7.9847469549e-04	
341	6.8200000000e-01	6.8200000000e-01	8.7775738501e-04	
342	6.8400000000e-01	6.8400000000e-01	9.6414312350e-04	
343	6.8600000000e-01	6.8600000000e-01	1.0581840755e-03	
344	6.8800000000e-01	6.8800000000e-01	1.1604685834e-03	
345	6.9000000000e-01	6.9000000000e-01	1.2716234225e-03	
346	6.9200000000e-01	6.9200000000e-01	1.3923162746e-03	
347	6.9400000000e-01	6.9400000000e-01	1.5232584503e-03	
348	6.9600000000e-01	6.9600000000e-01	1.6652078920e-03	
349	6.9800000000e-01	6.9800000000e-01	1.8189724939e-03	
350	7.0000000000e-01	7.0000000000e-01	1.9854137768e-03	
351	7.0200000000e-01	7.0200000000e-01	2.1654509595e-03	
352	7.0400000000e-01	7.0400000000e-01	2.3600654708e-03	
353	7.0600000000e-01	7.0600000000e-01	2.5703059529e-03	
354	7.0800000000e-01	7.0800000000e-01	2.7972938053e-03	
355	7.1000000000e-01	7.1000000000e-01	3.0422293294e-03	
356	7.1200000000e-01	7.1200000000e-01	3.3063985322e-03	
357	7.1400000000e-01	7.1400000000e-01	3.5911806585e-03	
358	7.1600000000e-01	7.1600000000e-01	3.8980565237e-03	
359	7.1800000000e-01	7.1800000000e-01	4.2286177262e-03	
360	7.2000000000e-01	7.2000000000e-01	4.5845768282e-03	
361	7.2200000000e-01	7.2200000000e-01	4.9677786000e-03	
362	7.2400000000e-01	7.2400000000e-01	5.3802124341e-03	
363	7.2600000000e-01	7.2600000000e-01	5.8240260440e-03	
364	7.2800000000e-01	7.2800000000e-01	6.3015405785e-03	
365	7.3000000000e-01	7.3000000000e-01	6.8152672900e-03	
366	7.3200000000e-01	7.3200000000e-01	7.3679259155e-03	
367	7.3400000000e-01	7.3400000000e-01	7.9624649406e-03	
368	7.3600000000e-01	7.3600000000e-01	8.6020839378e-03	
369	7.3800000000e-01	7.3800000000e-01	9.2902581856e-03	
370	7.4000000000e-01	7.4000000000e-01	1.0030765800e-02	
371	7.4200000000e-01	7.4200000000e-01	1.0827717626e-02	
372	7.4400000000e-01	7.4400000000e-01	1.1685590170e-02	
373	7.4600000000e-01	7.4600000000e-01	1.2609261862e-02	
374	7.4800000000e-01	7.4800000000e-01	1.3604052985e-02	
375	7.5000000000e-01	7.5000000000e-01	1.4675769611e-02	
376	7.5200000000e-01	7.5200000000e-01	1.5830751926e-02	
377	7.5400000000e-01	7.5400000000e-01	1.7075927360e-02	
378	7.5600000000e-01	7.5600000000e-01	1.8418868924e-02	
379	7.5800000000e-01	7.5800000000e-01	1.9867859246e-02	
380	7.6000000000e-01	7.6000000000e-01	2.1431960740e-02	
381	7.6200000000e-01	7.6200000000e-01	2.3121092433e-02	
382	7.6400000000e-01	7.6400000000e-01	2.4946113927e-02	
383	7.6600000000e-01	7.6600000000e-01	2.6918916996e-02	
384	7.6800000000e-01	7.6800000000e-01	2.9052525315e-02	
385	7.7000000000e-01	7.7000000000e-01	3.1361202768e-02	
386	7.7200000000e-01	7.7200000000e-01	3.3860570735e-02	
387	7.7400000000e-01	7.7400000000e-01	3.6567734713e-02	
388	7.7600000000e-01	7.7600000000e-01	3.9501420471e-02	
389	7.7800000000e-01	7.7800000000e-01	4.2682119839e-02	
390	7.8000000000e-01	7.8000000000e-01	4.6132246021e-02	
391	7.8200000000e-01	7.8200000000e-01	4.9876298063e-02	
392	7.8400000000e-01	7.8400000000e-01	5.3941033846e-02	
393	7.8600000000e-01	7.8600000000e-01	5.8355650530e-02	
394	7.8800000000e-01	7.8800000000e-01	6.3151970976e-02	
395	7.9000000000e-01	7.9000000000e-01	6.8364634084e-02	
396	7.9200000000e-01	7.9200000000e-01	7.4031286360e-02	
397	7.9400000000e-01	7.9400000000e-01	8.0192771282e-02	
398	7.9600000000e-01	7.9600000000e-01	8.6893312222e-02	
399	7.9800000000e-01	7.9800000000e-01	9.4180683742e-02	
400	8.0000000000e-01	8.0000000000e-01	1.0210636515e-01	
401	8.0200000000e-01	8.0200000000e-01	1.1072566919e-01	
402	8.0400000000e-01	8.0400000000e-01	1.2009783773e-01	
403	8.0600000000e-01	8.0600000000e-01	1.3028609554e-01	
404	8.0800000000e-01	8.0800000000e-01	1.4135765228e-01	
405	8.1000000000e-01	8.1000000000e-01	1.5338364274e-01	
406	8.1200000000e-01	8.1200000000e-01	1.6643899478e-01	
407	8.1400000000e-01	8.1400000000e-01	1.8060221521e-01	
408	8.1600000000e-01	8.1600000000e-01	1.9595508477e-01	
409	8.1800000000e-01	8.1800000000e-01	2.1258225465e-01	
410	8.2000000000e-01	8.2000000000e-01	2.3057074023e-01	
411	8.2200000000e-01	8.2200000000e-01	2.5000931013e-01	
412	8.2400000000e-01	8.2400000000e-01	2.7098777323e-01	
413	8.2600000000e-01	8.2600000000e-01	2.9359617081e-01	
414	8.2800000000e-01	8.2800000000e-01	3.1792388572e-01	
415	8.3000000000e-01	8.3000000000e-01	3.4405868613e-01	
416	8.3200000000e-01	8.3200000000e-01	3.7208572560e-01	
417	8.3400000000e-01	8.3400000000e-01	4.0208652606e-01	
418	8.3600000000e-01	8.3600000000e-01	4.3413797280e-01	
419	8.3800000000e-01	8.3800000000e-01	4.6831135254e-01	
420	8.4000000000e-01	8.4000000000e-01	5.0467146531e-01	
421	8.4200000000e-01	8.4200000000e-01	5.4327583910e-01	
422	8.4400000000e-01	8.4400000000e-01	5.8417407244e-01	
423	8.4600000000e-01	8.4600000000e-01	6.2740732472e-01	
424	8.4800000000e-01	8.4800000000e-01	6.7300796799e-01	
425	8.5000000000e-01	8.5000000000e-01	7.2099940639e-01	
426	8.5200000000e-01	8.5200000000e-01	7.7139606269e-01	
427	8.5400000000e-01	8.5400000000e-01	8.2420352425e-01	
428	8.5600000000e-01	8.5600000000e-01	8.7941883507e-01	
429	8.5800000000e-01	8.5800000000e-01	9.3703091565e-01	
430	8.6000000000e-01	8.6000000000e-01	9.9702108940e-01	
431	8.6200000000e-01	8.6200000000e-01	1.0593636922e+00	
432	8.6400000000e-01	8.6400000000e-01	1.1240267418e+00	
433	8.6600000000e-01	8.6600000000e-01	1.1909726432e+00	
434	8.6800000000e-01	8.6800000000e-01	1.2601589104e+00	
435	8.7000000000e-01	8.7000000000e-01	1.3315388847e+00	
436	8.7200000000e-01	8.7200000000e-01	1.4050624340e+00	
437	8.7400000000e-01	8.7400000000e-01	1.4806766204e+00	
438	8.7600000000e-01	8.7600000000e-01	1.5583263273e+00	
439	8.7800000000e-01	8.7800000000e-01	1.6379548374e+00	
440	8.8000000000e-01	8.8000000000e-01	1.7195043593e+00	
441	8.8200000000e-01	8.8200000000e-01	1.8029164994e+00	
442	8.8400000000e-01	8.8400000000e-01	1.8881326794e+00	
443	8.8600000000e-01	8.8600000000e-01	1.9750945006e+00	
444	8.8800000000e-01	8.8800000000e-01	2.0637440575e+00	
445	8.9000000000e-01	8.9000000000e-01	2.1540242033e+00	
446	8.9200000000e-01	8.9200000000e-01	2.2458787720e+00	
447	8.9400000000e-01	8.9400000000e-01	2.3392527601e+00	
448	8.9600000000e-01	8.9600000000e-01	2.4340924721e+00	
449	8.9800000000e-01	8.9800000000e-01	2.5303456342e+00	
450	9.0000000000e-01	9.0000000000e-01	2.6279614797e+00	
451	9.0200000000e-01	9.0200000000e-01	2.7268908098e+00	
452	9.0400000000e-01	9.0400000000e-01	2.8270860337e+00	
453	9.0600000000e-01	9.0600000000e-01	2.9285011899e+00	
454	9.0800000000e-01	9.0800000000e-01	3.0310919528e+00	
455	9.1000000000e-01	9.1000000000e-01	3.1348156264e+00	
456	9.1200000000e-01	9.1200000000e-01	3.2396311273e+00	
457	9.1400000000e-01	9.1400000000e-01	3.3454989598e+00	
458	9.1600000000e-01	9.1600000000e-01	3.4523811828e+00	
459	9.1800000000e-01	9.1800000000e-01	3.5602413730e+00	
460	9.2000000000e-01	9.2000000000e-01	3.6690445823e+00	
461	9.2200000000e-01	9.2200000000e-01	3.7787572935e+00	
462	9.2400000000e-01	9.2400000000e-01	3.8893473730e+00	
463	9.2600000000e-01	9.2600000000e-01	4.0007840224e+00	
464	9.2800000000e-01	9.2800000000e-01	4.1130377293e+00	
465	9.3000000000e-01	9.3000000000e-01	4.2260802181e+00	
466	9.3200000000e-01	9.3200000000e-01	4.3398844007e+00	
467	9.3400000000e-01	9.3400000000e-01	4.4544243278e+00	
468	9.3600000000e-01	9.3600000000e-01	4.5696751414e+00	
469	9.3800000000e-01	9.3800000000e-01	4.6856130280e+00	
470	9.4000000000e-01	9.4000000000e-01	4.8022151731e+00	
471	9.4200000000e-01	9.4200000000e-01	4.9194597171e+00	
472	9.4400000000e-01	9.4400000000e-01	5.0373257128e+00	
473	9.4600000000e-01	9.4600000000e-01	5.1557930841e+00	
474	9.4800000000e-01	9.4800000000e-01	5.2748425867e+00	
475	9.5000000000e-01	9.5000000000e-01	5.3944557696e+00	
476	9.5200000000e-01	9.5200000000e-01	5.5146149393e+00	
477	9.5400000000e-01	9.5400000000e-01	5.6353031242e+00	
478	9.5600000000e-01	9.5600000000e-01	5.7565040420e+00	
479	9.5800000000e-01	9.5800000000e-01	5.8782020671e+00	
480	9.6000000000e-01	9.6000000000e-01	6.0003822007e+00	
481	9.6200000000e-01	9.6200000000e-01	6.1230300418e+00	
482	9.6400000000e-01	9.6400000000e-01	6.2461317589e+00	
483	9.6600000000e-01	9.6600000000e-01	6.3696740648e+00	
484	9.6800000000e-01	9.6800000000e-01	6.4936441905e+00	
485	9.7000000000e-01	9.7000000000e-01	6.6180298620e+00	
486	9.7200000000e-01	9.7200000000e-01	6.7428192775e+00	
487	9.7400000000e-01	9.7400000000e-01	6.8680010856e+00	
488	9.7600000000e-01	9.7600000000e-01	6.9935643653e+00	
489	9.7800000000e-01	9.7800000000e-01	7.1194986059e+00	
490	9.8000000000e-01	9.8000000000e-01	7.2457936892e+00	
491	9.8200000000e-01	9.8200000000e-01	7.3724398713e+00	
492	9.8400000000e-01	9.8400000000e-01	7.4994277661e+00	
493	9.8600000000e-01	9.8600000000e-01	7.6267483294e+00	
494	9.8800000000e-01	9.8800000000e-01	7.7543928440e+00	
495	9.9000000000e-01	9.9000000000e-01	7.8823529050e+00	
496	9.9200000000e-01	9.9200000000e-01	8.0106204064e+00	
497	9.9400000000e-01	9.9400000000e-01	8.1391875280e+00	
498	9.9600000000e-01	9.9600000000e-01	8.2680467230e+00	
499	9.9800000000e-01	9.9800000000e-01	8.3971907065e+00	
500	1.0000000000e+00	1.0000000000e+00	8.5266124444e+00	
ngspice-46 done
Warning: diode_pd2nw_06v0: IKR too small - model effect disabled!
