* ====================================================================
* record-id : 20260818-011754-03afe04
* testbench : tb_low_side_power_switch.spice
* corner    : ff
* temp      : 125 C
* supply    : n/a (no supply rail in this device-level testbench)
* pdk       : gf180mcuD (/home/ubuntu/.volare/gf180mcuD)
* ngspice   : ngspice-46 : Circuit level simulation program
* run (UTC) : 2026-08-18T01:17:54Z
* ====================================================================

Note: No compatibility mode selected!


Circuit: *include "corner.spice

Doing analysis at TEMP = 125.000000 and TNOM = 27.000000

Using SPARSE 1.3 as Direct Linear Solver

No. of Data Rows : 101
                                                                                                                                                                                                                                                     *include "corner.spice
                                                                                                                                                                                                                                                     DC transfer characteristic  Tue Aug 18 01:17:54  2026
--------------------------------------------------------------------------------------------------------------------------------------------------------------------------------------------------------------------------------------------------------------------------------------------------------------------------------------------------------------------------------------------------------------------------------------------------------------------------------------------------------------------------------
Index   v-sweep         v(vfracds)      ioc_n06_glo     ioc_n06_gmid    ioc_n06_ghi     
--------------------------------------------------------------------------------------------------------------------------------------------------------------------------------------------------------------------------------------------------------------------------------------------------------------------------------------------------------------------------------------------------------------------------------------------------------------------------------------------------------------------------------
0	0.0000000000e+00	0.0000000000e+00	-0.0000000000e+00	-0.0000000000e+00	-0.0000000000e+00	
1	1.0000000000e-02	1.0000000000e-02	2.0171410951e-04	2.2172499142e-04	2.4128125667e-04	
2	2.0000000000e-02	2.0000000000e-02	3.9289779616e-04	4.3324498042e-04	4.7297036380e-04	
3	3.0000000000e-02	3.0000000000e-02	5.7388544695e-04	6.3486648368e-04	6.9533207981e-04	
4	4.0000000000e-02	4.0000000000e-02	7.4499741178e-04	8.2688382988e-04	9.0862148301e-04	
5	5.0000000000e-02	5.0000000000e-02	9.0654065685e-04	1.0095796931e-03	1.1130843643e-03	
6	6.0000000000e-02	6.0000000000e-02	1.0588093813e-03	1.1832255875e-03	1.3089575876e-03	
7	7.0000000000e-02	7.0000000000e-02	1.2020856284e-03	1.3480823460e-03	1.4964694316e-03	
8	8.0000000000e-02	8.0000000000e-02	1.3366399080e-03	1.5044005993e-03	1.6758399246e-03	
9	9.0000000000e-02	9.0000000000e-02	1.4627318343e-03	1.6524212643e-03	1.8472811800e-03	
10	1.0000000000e-01	1.0000000000e-01	1.5806107705e-03	1.7923760399e-03	2.0109977377e-03	
11	1.1000000000e-01	1.1000000000e-01	1.6905164629e-03	1.9244879061e-03	2.1671869098e-03	
12	1.2000000000e-01	1.2000000000e-01	1.7926796429e-03	2.0489716129e-03	2.3160391303e-03	
13	1.3000000000e-01	1.3000000000e-01	1.8873225669e-03	2.1660341453e-03	2.4577383018e-03	
14	1.4000000000e-01	1.4000000000e-01	1.9746594517e-03	2.2758751450e-03	2.5924621330e-03	
15	1.5000000000e-01	1.5000000000e-01	2.0548967298e-03	2.3786872639e-03	2.7203824611e-03	
16	1.6000000000e-01	1.6000000000e-01	2.1282329867e-03	2.4746564092e-03	2.8416655462e-03	
17	1.7000000000e-01	1.7000000000e-01	2.1948583168e-03	2.5639618150e-03	2.9564723296e-03	
18	1.8000000000e-01	1.8000000000e-01	2.2549527213e-03	2.6467758182e-03	3.0649586377e-03	
19	1.9000000000e-01	1.9000000000e-01	2.3086835848e-03	2.7232631034e-03	3.1672753081e-03	
20	2.0000000000e-01	2.0000000000e-01	2.3562058215e-03	2.7935789793e-03	3.2635681974e-03	
21	2.1000000000e-01	2.1000000000e-01	2.3976819182e-03	2.8578659434e-03	3.3539779993e-03	
22	2.2000000000e-01	2.2000000000e-01	2.4333600849e-03	2.9162476985e-03	3.4386397436e-03	
23	2.3000000000e-01	2.3000000000e-01	2.4637082818e-03	2.9688216258e-03	3.5176817370e-03	
24	2.4000000000e-01	2.4000000000e-01	2.4894601311e-03	3.0156599894e-03	3.5912235131e-03	
25	2.5000000000e-01	2.5000000000e-01	2.5114694899e-03	3.0568517790e-03	3.6593720563e-03	
26	2.6000000000e-01	2.6000000000e-01	2.5305228722e-03	3.0926173485e-03	3.7222152789e-03	
27	2.7000000000e-01	2.7000000000e-01	2.5472538296e-03	3.1234286565e-03	3.7798123116e-03	
28	2.8000000000e-01	2.8000000000e-01	2.5621437343e-03	3.1499834757e-03	3.8321845874e-03	
29	2.9000000000e-01	2.9000000000e-01	2.5755526351e-03	3.1730433121e-03	3.8793253390e-03	
30	3.0000000000e-01	3.0000000000e-01	2.5877510723e-03	3.1932923908e-03	3.9212616395e-03	
31	3.1000000000e-01	3.1000000000e-01	2.5989449851e-03	3.2112854352e-03	3.9581737081e-03	
32	3.2000000000e-01	3.2000000000e-01	2.6092936235e-03	3.2274528671e-03	3.9904784904e-03	
33	3.3000000000e-01	3.3000000000e-01	2.6189221161e-03	3.2421247069e-03	4.0187779173e-03	
34	3.4000000000e-01	3.4000000000e-01	2.6279302845e-03	3.2555549108e-03	4.0437230444e-03	
35	3.5000000000e-01	3.5000000000e-01	2.6363988826e-03	3.2679409532e-03	4.0659075225e-03	
36	3.6000000000e-01	3.6000000000e-01	2.6443940761e-03	3.2794383907e-03	4.0858258927e-03	
37	3.7000000000e-01	3.7000000000e-01	2.6519707055e-03	3.2901714174e-03	4.1038735477e-03	
38	3.8000000000e-01	3.8000000000e-01	2.6591747004e-03	3.3002404841e-03	4.1203622692e-03	
39	3.9000000000e-01	3.9000000000e-01	2.6660448910e-03	3.3097278312e-03	4.1355379510e-03	
40	4.0000000000e-01	4.0000000000e-01	2.6726143872e-03	3.3187015482e-03	4.1495958650e-03	
41	4.1000000000e-01	4.1000000000e-01	2.6789116412e-03	3.3272185892e-03	4.1626926130e-03	
42	4.2000000000e-01	4.2000000000e-01	2.6849612761e-03	3.3353270415e-03	4.1749551481e-03	
43	4.3000000000e-01	4.3000000000e-01	2.6907847396e-03	3.3430678531e-03	4.1864875072e-03	
44	4.4000000000e-01	4.4000000000e-01	2.6964008250e-03	3.3504761651e-03	4.1973758370e-03	
45	4.5000000000e-01	4.5000000000e-01	2.7018260899e-03	3.3575823506e-03	4.2076921686e-03	
46	4.6000000000e-01	4.6000000000e-01	2.7070751972e-03	3.3644128331e-03	4.2174972771e-03	
47	4.7000000000e-01	4.7000000000e-01	2.7121611937e-03	3.3709907382e-03	4.2268428704e-03	
48	4.8000000000e-01	4.8000000000e-01	2.7170957419e-03	3.3773364180e-03	4.2357732807e-03	
49	4.9000000000e-01	4.9000000000e-01	2.7218893141e-03	3.3834678754e-03	4.2443267863e-03	
50	5.0000000000e-01	5.0000000000e-01	2.7265513580e-03	3.3894011126e-03	4.2525366540e-03	
51	5.1000000000e-01	5.1000000000e-01	2.7310904403e-03	3.3951504186e-03	4.2604319691e-03	
52	5.2000000000e-01	5.2000000000e-01	2.7355143743e-03	3.4007286102e-03	4.2680383024e-03	
53	5.3000000000e-01	5.3000000000e-01	2.7398303365e-03	3.4061472361e-03	4.2753782513e-03	
54	5.4000000000e-01	5.4000000000e-01	2.7440449765e-03	3.4114167538e-03	4.2824718816e-03	
55	5.5000000000e-01	5.5000000000e-01	2.7481645239e-03	3.4165466853e-03	4.2893370931e-03	
56	5.6000000000e-01	5.6000000000e-01	2.7521948946e-03	3.4215457587e-03	4.2959899233e-03	
57	5.7000000000e-01	5.7000000000e-01	2.7561418002e-03	3.4264220406e-03	4.3024448056e-03	
58	5.8000000000e-01	5.8000000000e-01	2.7600108618e-03	3.4311830636e-03	4.3087147893e-03	
59	5.9000000000e-01	5.9000000000e-01	2.7638077303e-03	3.4358359540e-03	4.3148117339e-03	
60	6.0000000000e-01	6.0000000000e-01	2.7675382133e-03	3.4403875613e-03	4.3207464822e-03	
61	6.1000000000e-01	6.1000000000e-01	2.7712084105e-03	3.4448445934e-03	4.3265290219e-03	
62	6.2000000000e-01	6.2000000000e-01	2.7748248569e-03	3.4492137596e-03	4.3321686389e-03	
63	6.3000000000e-01	6.3000000000e-01	2.7783946738e-03	3.4535019224e-03	4.3376740695e-03	
64	6.4000000000e-01	6.4000000000e-01	2.7819257262e-03	3.4577162587e-03	4.3430536542e-03	
65	6.5000000000e-01	6.5000000000e-01	2.7854267876e-03	3.4618644324e-03	4.3483154975e-03	
66	6.6000000000e-01	6.6000000000e-01	2.7889077085e-03	3.4659547754e-03	4.3534676374e-03	
67	6.7000000000e-01	6.7000000000e-01	2.7923795889e-03	3.4699964797e-03	4.3585182243e-03	
68	6.8000000000e-01	6.8000000000e-01	2.7958549522e-03	3.4739997965e-03	4.3634757138e-03	
69	6.9000000000e-01	6.9000000000e-01	2.7993479199e-03	3.4779762426e-03	4.3683490722e-03	
70	7.0000000000e-01	7.0000000000e-01	2.8028743841e-03	3.4819388121e-03	4.3731479947e-03	
71	7.1000000000e-01	7.1000000000e-01	2.8064521769e-03	3.4859021908e-03	4.3778831375e-03	
72	7.2000000000e-01	7.2000000000e-01	2.8101012351e-03	3.4898829719e-03	4.3825663599e-03	
73	7.3000000000e-01	7.3000000000e-01	2.8138437580e-03	3.4938998707e-03	4.3872109780e-03	
74	7.4000000000e-01	7.4000000000e-01	2.8177043576e-03	3.4979739363e-03	4.3918320245e-03	
75	7.5000000000e-01	7.5000000000e-01	2.8217101992e-03	3.5021287572e-03	4.3964465161e-03	
76	7.6000000000e-01	7.6000000000e-01	2.8258911316e-03	3.5063906604e-03	4.4010737220e-03	
77	7.7000000000e-01	7.7000000000e-01	2.8302798064e-03	3.5107889009e-03	4.4057354341e-03	
78	7.8000000000e-01	7.8000000000e-01	2.8349117841e-03	3.5153558402e-03	4.4104562340e-03	
79	7.9000000000e-01	7.9000000000e-01	2.8398256285e-03	3.5201271127e-03	4.4152637554e-03	
80	8.0000000000e-01	8.0000000000e-01	2.8450629865e-03	3.5251417781e-03	4.4201889385e-03	
81	8.1000000000e-01	8.1000000000e-01	2.8506686551e-03	3.5304424587e-03	4.4252662743e-03	
82	8.2000000000e-01	8.2000000000e-01	2.8566906344e-03	3.5360754614e-03	4.4305340363e-03	
83	8.3000000000e-01	8.3000000000e-01	2.8631801667e-03	3.5420908831e-03	4.4360344976e-03	
84	8.4000000000e-01	8.4000000000e-01	2.8701917619e-03	3.5485426994e-03	4.4418141318e-03	
85	8.5000000000e-01	8.5000000000e-01	2.8777832091e-03	3.5554888353e-03	4.4479237958e-03	
86	8.6000000000e-01	8.6000000000e-01	2.8860155761e-03	3.5629912202e-03	4.4544188935e-03	
87	8.7000000000e-01	8.7000000000e-01	2.8949531952e-03	3.5711158241e-03	4.4613595192e-03	
88	8.8000000000e-01	8.8000000000e-01	2.9046636374e-03	3.5799326785e-03	4.4688105801e-03	
89	8.9000000000e-01	8.9000000000e-01	2.9152176747e-03	3.5895158793e-03	4.4768418970e-03	
90	9.0000000000e-01	9.0000000000e-01	2.9266892321e-03	3.5999435751e-03	4.4855282844e-03	
91	9.1000000000e-01	9.1000000000e-01	2.9391553287e-03	3.6112979392e-03	4.4949496074e-03	
92	9.2000000000e-01	9.2000000000e-01	2.9526960098e-03	3.6236651272e-03	4.5051908186e-03	
93	9.3000000000e-01	9.3000000000e-01	2.9673942700e-03	3.6371352213e-03	4.5163419730e-03	
94	9.4000000000e-01	9.4000000000e-01	2.9833359683e-03	3.6518021605e-03	4.5284982228e-03	
95	9.5000000000e-01	9.5000000000e-01	3.0006097360e-03	3.6677636599e-03	4.5417597924e-03	
96	9.6000000000e-01	9.6000000000e-01	3.0193068779e-03	3.6851211174e-03	4.5562319344e-03	
97	9.7000000000e-01	9.7000000000e-01	3.0395212681e-03	3.7039795115e-03	4.5720248676e-03	
98	9.8000000000e-01	9.8000000000e-01	3.0613492405e-03	3.7244472886e-03	4.5892536979e-03	
99	9.9000000000e-01	9.9000000000e-01	3.0848894747e-03	3.7466362426e-03	4.6080383233e-03	
100	1.0000000000e+00	1.0000000000e+00	3.1102428788e-03	3.7706613866e-03	4.6285033247e-03	
                                                                                                                                                                                                                                                     *include "corner.spice
                                                                                                                                                                                                                                                     DC transfer characteristic  Tue Aug 18 01:17:54  2026
--------------------------------------------------------------------------------------------------------------------------------------------------------------------------------------------------------------------------------------------------------------------------------------------------------------------------------------------------------------------------------------------------------------------------------------------------------------------------------------------------------------------------------
Index   v-sweep         v(vfracds)      ioc_p06_glo     ioc_p06_gmid    ioc_p06_ghi     
--------------------------------------------------------------------------------------------------------------------------------------------------------------------------------------------------------------------------------------------------------------------------------------------------------------------------------------------------------------------------------------------------------------------------------------------------------------------------------------------------------------------------------
0	0.0000000000e+00	0.0000000000e+00	-0.0000000000e+00	-0.0000000000e+00	-0.0000000000e+00	
1	1.0000000000e-02	1.0000000000e-02	-6.461998247e-05	-7.329018283e-05	-8.373708263e-05	
2	2.0000000000e-02	2.0000000000e-02	-1.271799180e-04	-1.445746796e-04	-1.655323409e-04	
3	3.0000000000e-02	3.0000000000e-02	-1.876978164e-04	-2.138702616e-04	-2.454012037e-04	
4	4.0000000000e-02	4.0000000000e-02	-2.461914841e-04	-2.811935168e-04	-3.233589389e-04	
5	5.0000000000e-02	5.0000000000e-02	-3.026785274e-04	-3.465608528e-04	-3.994206554e-04	
6	6.0000000000e-02	6.0000000000e-02	-3.571763571e-04	-4.099885002e-04	-4.736013054e-04	
7	7.0000000000e-02	7.0000000000e-02	-4.097021923e-04	-4.714925151e-04	-5.459156871e-04	
8	8.0000000000e-02	8.0000000000e-02	-4.602730649e-04	-5.310887823e-04	-6.163784461e-04	
9	9.0000000000e-02	9.0000000000e-02	-5.089058250e-04	-5.887930183e-04	-6.850040782e-04	
10	1.0000000000e-01	1.0000000000e-01	-5.556171458e-04	-6.446207751e-04	-7.518069316e-04	
11	1.1000000000e-01	1.1000000000e-01	-6.004235304e-04	-6.985874431e-04	-8.168012090e-04	
12	1.2000000000e-01	1.2000000000e-01	-6.433413191e-04	-7.507082556e-04	-8.800009701e-04	
13	1.3000000000e-01	1.3000000000e-01	-6.843866981e-04	-8.009982924e-04	-9.414201340e-04	
14	1.4000000000e-01	1.4000000000e-01	-7.235757104e-04	-8.494724846e-04	-1.001072482e-03	
15	1.5000000000e-01	1.5000000000e-01	-7.609242697e-04	-8.961456203e-04	-1.058971660e-03	
16	1.6000000000e-01	1.6000000000e-01	-7.964481783e-04	-9.410323500e-04	-1.115131181e-03	
17	1.7000000000e-01	1.7000000000e-01	-8.301631504e-04	-9.841471945e-04	-1.169564429e-03	
18	1.8000000000e-01	1.8000000000e-01	-8.620848450e-04	-1.025504553e-03	-1.222284664e-03	
19	1.9000000000e-01	1.9000000000e-01	-8.922289114e-04	-1.065118714e-03	-1.273305020e-03	
20	2.0000000000e-01	2.0000000000e-01	-9.206110557e-04	-1.103003868e-03	-1.322638515e-03	
21	2.1000000000e-01	2.1000000000e-01	-9.472471387e-04	-1.139174126e-03	-1.370298055e-03	
22	2.2000000000e-01	2.2000000000e-01	-9.721533268e-04	-1.173643541e-03	-1.416296434e-03	
23	2.3000000000e-01	2.3000000000e-01	-9.953463288e-04	-1.206426142e-03	-1.460646347e-03	
24	2.4000000000e-01	2.4000000000e-01	-1.016843781e-03	-1.237535970e-03	-1.503360393e-03	
25	2.5000000000e-01	2.5000000000e-01	-1.036664889e-03	-1.266987147e-03	-1.544451085e-03	
26	2.6000000000e-01	2.6000000000e-01	-1.054831531e-03	-1.294793956e-03	-1.583930862e-03	
27	2.7000000000e-01	2.7000000000e-01	-1.071370190e-03	-1.320970980e-03	-1.621812102e-03	
28	2.8000000000e-01	2.8000000000e-01	-1.086315357e-03	-1.345533295e-03	-1.658107140e-03	
29	2.9000000000e-01	2.9000000000e-01	-1.099715385e-03	-1.368496790e-03	-1.692828291e-03	
30	3.0000000000e-01	3.0000000000e-01	-1.111641654e-03	-1.389878663e-03	-1.725987883e-03	
31	3.1000000000e-01	3.1000000000e-01	-1.122199885e-03	-1.409698253e-03	-1.757598298e-03	
32	3.2000000000e-01	3.2000000000e-01	-1.131536769e-03	-1.427978409e-03	-1.787672034e-03	
33	3.3000000000e-01	3.3000000000e-01	-1.139830621e-03	-1.444747792e-03	-1.816221786e-03	
34	3.4000000000e-01	3.4000000000e-01	-1.147264808e-03	-1.460044638e-03	-1.843260573e-03	
35	3.5000000000e-01	3.5000000000e-01	-1.154001285e-03	-1.473922470e-03	-1.868801914e-03	
36	3.6000000000e-01	3.6000000000e-01	-1.160169611e-03	-1.486457365e-03	-1.892860104e-03	
37	3.7000000000e-01	3.7000000000e-01	-1.165869237e-03	-1.497753807e-03	-1.915450627e-03	
38	3.8000000000e-01	3.8000000000e-01	-1.171176259e-03	-1.507943303e-03	-1.936590808e-03	
39	3.9000000000e-01	3.9000000000e-01	-1.176149710e-03	-1.517172228e-03	-1.956300831e-03	
40	4.0000000000e-01	4.0000000000e-01	-1.180836216e-03	-1.525584289e-03	-1.974605343e-03	
41	4.1000000000e-01	4.1000000000e-01	-1.185273249e-03	-1.533307375e-03	-1.991535899e-03	
42	4.2000000000e-01	4.2000000000e-01	-1.189491389e-03	-1.540448727e-03	-2.007134476e-03	
43	4.3000000000e-01	4.3000000000e-01	-1.193515930e-03	-1.547095846e-03	-2.021457818e-03	
44	4.4000000000e-01	4.4000000000e-01	-1.197368034e-03	-1.553319589e-03	-2.034581335e-03	
45	4.5000000000e-01	4.5000000000e-01	-1.201065589e-03	-1.559177493e-03	-2.046599943e-03	
46	4.6000000000e-01	4.6000000000e-01	-1.204623852e-03	-1.564716607e-03	-2.057623562e-03	
47	4.7000000000e-01	4.7000000000e-01	-1.208055940e-03	-1.569975747e-03	-2.067768085e-03	
48	4.8000000000e-01	4.8000000000e-01	-1.211373214e-03	-1.574987229e-03	-2.077145750e-03	
49	4.9000000000e-01	4.9000000000e-01	-1.214585577e-03	-1.579778198e-03	-2.085858486e-03	
50	5.0000000000e-01	5.0000000000e-01	-1.217701714e-03	-1.584371650e-03	-2.093995073e-03	
51	5.1000000000e-01	5.1000000000e-01	-1.220729284e-03	-1.588787219e-03	-2.101631046e-03	
52	5.2000000000e-01	5.2000000000e-01	-1.223675073e-03	-1.593041793e-03	-2.108829972e-03	
53	5.3000000000e-01	5.3000000000e-01	-1.226545124e-03	-1.597149995e-03	-2.115645195e-03	
54	5.4000000000e-01	5.4000000000e-01	-1.229344840e-03	-1.601124568e-03	-2.122121551e-03	
55	5.5000000000e-01	5.5000000000e-01	-1.232079072e-03	-1.604976680e-03	-2.128296883e-03	
56	5.6000000000e-01	5.6000000000e-01	-1.234752191e-03	-1.608716169e-03	-2.134203304e-03	
57	5.7000000000e-01	5.7000000000e-01	-1.237368148e-03	-1.612351749e-03	-2.139868230e-03	
58	5.8000000000e-01	5.8000000000e-01	-1.239930529e-03	-1.615891171e-03	-2.145315214e-03	
59	5.9000000000e-01	5.9000000000e-01	-1.242442596e-03	-1.619341358e-03	-2.150564606e-03	
60	6.0000000000e-01	6.0000000000e-01	-1.244907325e-03	-1.622708520e-03	-2.155634098e-03	
61	6.1000000000e-01	6.1000000000e-01	-1.247327441e-03	-1.625998249e-03	-2.160539151e-03	
62	6.2000000000e-01	6.2000000000e-01	-1.249705441e-03	-1.629215596e-03	-2.165293352e-03	
63	6.3000000000e-01	6.3000000000e-01	-1.252043623e-03	-1.632365138e-03	-2.169908696e-03	
64	6.4000000000e-01	6.4000000000e-01	-1.254344104e-03	-1.635451038e-03	-2.174395825e-03	
65	6.5000000000e-01	6.5000000000e-01	-1.256608842e-03	-1.638477091e-03	-2.178764218e-03	
66	6.6000000000e-01	6.6000000000e-01	-1.258839648e-03	-1.641446766e-03	-2.183022357e-03	
67	6.7000000000e-01	6.7000000000e-01	-1.261038204e-03	-1.644363244e-03	-2.187177855e-03	
68	6.8000000000e-01	6.8000000000e-01	-1.263206076e-03	-1.647229447e-03	-2.191237576e-03	
69	6.9000000000e-01	6.9000000000e-01	-1.265344726e-03	-1.650048067e-03	-2.195207725e-03	
70	7.0000000000e-01	7.0000000000e-01	-1.267455526e-03	-1.652821589e-03	-2.199093930e-03	
71	7.1000000000e-01	7.1000000000e-01	-1.269539766e-03	-1.655552313e-03	-2.202901312e-03	
72	7.2000000000e-01	7.2000000000e-01	-1.271598670e-03	-1.658242372e-03	-2.206634542e-03	
73	7.3000000000e-01	7.3000000000e-01	-1.273633405e-03	-1.660893752e-03	-2.210297896e-03	
74	7.4000000000e-01	7.4000000000e-01	-1.275645097e-03	-1.663508304e-03	-2.213895291e-03	
75	7.5000000000e-01	7.5000000000e-01	-1.277634843e-03	-1.666087762e-03	-2.217430333e-03	
76	7.6000000000e-01	7.6000000000e-01	-1.279603727e-03	-1.668633760e-03	-2.220906341e-03	
77	7.7000000000e-01	7.7000000000e-01	-1.281552838e-03	-1.671147840e-03	-2.224326382e-03	
78	7.8000000000e-01	7.8000000000e-01	-1.283483289e-03	-1.673631476e-03	-2.227693297e-03	
79	7.9000000000e-01	7.9000000000e-01	-1.285396238e-03	-1.676086084e-03	-2.231009722e-03	
80	8.0000000000e-01	8.0000000000e-01	-1.287292914e-03	-1.678513043e-03	-2.234278112e-03	
81	8.1000000000e-01	8.1000000000e-01	-1.289174641e-03	-1.680913715e-03	-2.237500757e-03	
82	8.2000000000e-01	8.2000000000e-01	-1.291042870e-03	-1.683289462e-03	-2.240679808e-03	
83	8.3000000000e-01	8.3000000000e-01	-1.292899210e-03	-1.685641677e-03	-2.243817291e-03	
84	8.4000000000e-01	8.4000000000e-01	-1.294745465e-03	-1.687971807e-03	-2.246915127e-03	
85	8.5000000000e-01	8.5000000000e-01	-1.296583671e-03	-1.690281384e-03	-2.249975155e-03	
86	8.6000000000e-01	8.6000000000e-01	-1.298416137e-03	-1.692572061e-03	-2.252999149e-03	
87	8.7000000000e-01	8.7000000000e-01	-1.300245495e-03	-1.694845647e-03	-2.255988849e-03	
88	8.8000000000e-01	8.8000000000e-01	-1.302074739e-03	-1.697104148e-03	-2.258945979e-03	
89	8.9000000000e-01	8.9000000000e-01	-1.303907280e-03	-1.699349817e-03	-2.261872283e-03	
90	9.0000000000e-01	9.0000000000e-01	-1.305746999e-03	-1.701585197e-03	-2.264769554e-03	
91	9.1000000000e-01	9.1000000000e-01	-1.307598296e-03	-1.703813178e-03	-2.267639674e-03	
92	9.2000000000e-01	9.2000000000e-01	-1.309466153e-03	-1.706037056e-03	-2.270484653e-03	
93	9.3000000000e-01	9.3000000000e-01	-1.311356188e-03	-1.708260587e-03	-2.273306677e-03	
94	9.4000000000e-01	9.4000000000e-01	-1.313274714e-03	-1.710488059e-03	-2.276108157e-03	
95	9.5000000000e-01	9.5000000000e-01	-1.315228801e-03	-1.712724352e-03	-2.278891788e-03	
96	9.6000000000e-01	9.6000000000e-01	-1.317226337e-03	-1.714975015e-03	-2.281660610e-03	
97	9.7000000000e-01	9.7000000000e-01	-1.319276085e-03	-1.717246334e-03	-2.284418074e-03	
98	9.8000000000e-01	9.8000000000e-01	-1.321387751e-03	-1.719545410e-03	-2.287168113e-03	
99	9.9000000000e-01	9.9000000000e-01	-1.323572037e-03	-1.721880233e-03	-2.289915223e-03	
100	1.0000000000e+00	1.0000000000e+00	-1.325840707e-03	-1.724259763e-03	-2.292664541e-03	
Doing analysis at TEMP = 125.000000 and TNOM = 27.000000

Using SPARSE 1.3 as Direct Linear Solver

No. of Data Rows : 501
                                                                                                                                                                                                                                                     *include "corner.spice
                                                                                                                                                                                                                                                     DC transfer characteristic  Tue Aug 18 01:17:54  2026
--------------------------------------------------------------------------------------------------------------------------------------------------------------------------------------------------------------------------------------------------------------------------------------------------------------------------------------------------------------------------------------------------------------------------------------------------------------------------------------------------------------------------------
Index   v-sweep         v(vfracdi)      ifb             
--------------------------------------------------------------------------------------------------------------------------------------------------------------------------------------------------------------------------------------------------------------------------------------------------------------------------------------------------------------------------------------------------------------------------------------------------------------------------------------------------------------------------------
0	0.0000000000e+00	0.0000000000e+00	-1.297941730e-35	
1	2.0000000000e-03	2.0000000000e-03	3.6729799757e-11	
2	4.0000000000e-03	4.0000000000e-03	7.6101042135e-11	
3	6.0000000000e-03	6.0000000000e-03	1.1830486590e-10	
4	8.0000000000e-03	8.0000000000e-03	1.6354551047e-10	
5	1.0000000000e-02	1.0000000000e-02	2.1204182854e-10	
6	1.2000000000e-02	1.2000000000e-02	2.6402835474e-10	
7	1.4000000000e-02	1.4000000000e-02	3.1975633252e-10	
8	1.6000000000e-02	1.6000000000e-02	3.7949499099e-10	
9	1.8000000000e-02	1.8000000000e-02	4.4353298811e-10	
10	2.0000000000e-02	2.0000000000e-02	5.1218029817e-10	
11	2.2000000000e-02	2.2000000000e-02	5.8576787865e-10	
12	2.4000000000e-02	2.4000000000e-02	6.6465211113e-10	
13	2.6000000000e-02	2.6000000000e-02	7.4921358006e-10	
14	2.8000000000e-02	2.8000000000e-02	8.3986129162e-10	
15	3.0000000000e-02	3.0000000000e-02	9.3703311776e-10	
16	3.2000000000e-02	3.2000000000e-02	1.0411984608e-09	
17	3.4000000000e-02	3.4000000000e-02	1.1528604738e-09	
18	3.6000000000e-02	3.6000000000e-02	1.2725589471e-09	
19	3.8000000000e-02	3.8000000000e-02	1.4008718630e-09	
20	4.0000000000e-02	4.0000000000e-02	1.5384191698e-09	
21	4.2000000000e-02	4.2000000000e-02	1.6858647811e-09	
22	4.4000000000e-02	4.4000000000e-02	1.8439219041e-09	
23	4.6000000000e-02	4.6000000000e-02	2.0133534839e-09	
24	4.8000000000e-02	4.8000000000e-02	2.1949770890e-09	
25	5.0000000000e-02	5.0000000000e-02	2.3896715717e-09	
26	5.2000000000e-02	5.2000000000e-02	2.5983744045e-09	
27	5.4000000000e-02	5.4000000000e-02	2.8220967785e-09	
28	5.6000000000e-02	5.6000000000e-02	3.0619156099e-09	
29	5.8000000000e-02	5.8000000000e-02	3.3189913040e-09	
30	6.0000000000e-02	6.0000000000e-02	3.5945642018e-09	
31	6.2000000000e-02	6.2000000000e-02	3.8899639065e-09	
32	6.4000000000e-02	6.4000000000e-02	4.2066177208e-09	
33	6.6000000000e-02	6.6000000000e-02	4.5460528675e-09	
34	6.8000000000e-02	6.8000000000e-02	4.9099080357e-09	
35	7.0000000000e-02	7.0000000000e-02	5.2999395983e-09	
36	7.2000000000e-02	7.2000000000e-02	5.7180278290e-09	
37	7.4000000000e-02	7.4000000000e-02	6.1661920014e-09	
38	7.6000000000e-02	7.6000000000e-02	6.6465952742e-09	
39	7.8000000000e-02	7.8000000000e-02	7.1615513519e-09	
40	8.0000000000e-02	8.0000000000e-02	7.7135489107e-09	
41	8.2000000000e-02	8.2000000000e-02	8.3052462685e-09	
42	8.4000000000e-02	8.4000000000e-02	8.9395006952e-09	
43	8.6000000000e-02	8.6000000000e-02	9.6193666366e-09	
44	8.8000000000e-02	8.8000000000e-02	1.0348125024e-08	
45	9.0000000000e-02	9.0000000000e-02	1.1129288602e-08	
46	9.2000000000e-02	9.2000000000e-02	1.1966622360e-08	
47	9.4000000000e-02	9.4000000000e-02	1.2864161292e-08	
48	9.6000000000e-02	9.6000000000e-02	1.3826233491e-08	
49	9.8000000000e-02	9.8000000000e-02	1.4857469921e-08	
50	1.0000000000e-01	1.0000000000e-01	1.5962844380e-08	
51	1.0200000000e-01	1.0200000000e-01	1.7147677944e-08	
52	1.0400000000e-01	1.0400000000e-01	1.8417676273e-08	
53	1.0600000000e-01	1.0600000000e-01	1.9778958027e-08	
54	1.0800000000e-01	1.0800000000e-01	2.1238075298e-08	
55	1.1000000000e-01	1.1000000000e-01	2.2802051802e-08	
56	1.1200000000e-01	1.1200000000e-01	2.4478414851e-08	
57	1.1400000000e-01	1.1400000000e-01	2.6275232656e-08	
58	1.1600000000e-01	1.1600000000e-01	2.8201148972e-08	
59	1.1800000000e-01	1.1800000000e-01	3.0265426609e-08	
60	1.2000000000e-01	1.2000000000e-01	3.2477992740e-08	
61	1.2200000000e-01	1.2200000000e-01	3.4849489516e-08	
62	1.2400000000e-01	1.2400000000e-01	3.7391312269e-08	
63	1.2600000000e-01	1.2600000000e-01	4.0115679667e-08	
64	1.2800000000e-01	1.2800000000e-01	4.3035680797e-08	
65	1.3000000000e-01	1.3000000000e-01	4.6165341772e-08	
66	1.3200000000e-01	1.3200000000e-01	4.9519692347e-08	
67	1.3400000000e-01	1.3400000000e-01	5.3114839638e-08	
68	1.3600000000e-01	1.3600000000e-01	5.6968032958e-08	
69	1.3800000000e-01	1.3800000000e-01	6.1097772175e-08	
70	1.4000000000e-01	1.4000000000e-01	6.5523859227e-08	
71	1.4200000000e-01	1.4200000000e-01	7.0267523355e-08	
72	1.4400000000e-01	1.4400000000e-01	7.5351501039e-08	
73	1.4600000000e-01	1.4600000000e-01	8.0800164781e-08	
74	1.4800000000e-01	1.4800000000e-01	8.6639612817e-08	
75	1.5000000000e-01	1.5000000000e-01	9.2897817439e-08	
76	1.5200000000e-01	1.5200000000e-01	9.9604733350e-08	
77	1.5400000000e-01	1.5400000000e-01	1.0679246110e-07	
78	1.5600000000e-01	1.5600000000e-01	1.1449538562e-07	
79	1.5800000000e-01	1.5800000000e-01	1.2275033789e-07	
80	1.6000000000e-01	1.6000000000e-01	1.3159678502e-07	
81	1.6200000000e-01	1.6200000000e-01	1.4107698831e-07	
82	1.6400000000e-01	1.6400000000e-01	1.5123621999e-07	
83	1.6600000000e-01	1.6600000000e-01	1.6212298171e-07	
84	1.6800000000e-01	1.6800000000e-01	1.7378921946e-07	
85	1.7000000000e-01	1.7000000000e-01	1.8629056164e-07	
86	1.7200000000e-01	1.7200000000e-01	1.9968659970e-07	
87	1.7400000000e-01	1.7400000000e-01	2.1404115458e-07	
88	1.7600000000e-01	1.7600000000e-01	2.2942257516e-07	
89	1.7800000000e-01	1.7800000000e-01	2.4590405090e-07	
90	1.8000000000e-01	1.8000000000e-01	2.6356397598e-07	
91	1.8200000000e-01	1.8200000000e-01	2.8248628325e-07	
92	1.8400000000e-01	1.8400000000e-01	3.0276085639e-07	
93	1.8600000000e-01	1.8600000000e-01	3.2448393839e-07	
94	1.8800000000e-01	1.8800000000e-01	3.4775858104e-07	
95	1.9000000000e-01	1.9000000000e-01	3.7269512276e-07	
96	1.9200000000e-01	1.9200000000e-01	3.9941168595e-07	
97	1.9400000000e-01	1.9400000000e-01	4.2803474010e-07	
98	1.9600000000e-01	1.9600000000e-01	4.5869967025e-07	
99	1.9800000000e-01	1.9800000000e-01	4.9155140935e-07	
100	2.0000000000e-01	2.0000000000e-01	5.2674509199e-07	
101	2.0200000000e-01	2.0200000000e-01	5.6444677377e-07	
102	2.0400000000e-01	2.0400000000e-01	6.0483418807e-07	
103	2.0600000000e-01	2.0600000000e-01	6.4809755429e-07	
104	2.0800000000e-01	2.0800000000e-01	6.9444044470e-07	
105	2.1000000000e-01	2.1000000000e-01	7.4408070994e-07	
106	2.1200000000e-01	2.1200000000e-01	7.9725147017e-07	
107	2.1400000000e-01	2.1400000000e-01	8.5420216323e-07	
108	2.1600000000e-01	2.1600000000e-01	9.1519966006e-07	
109	2.1800000000e-01	2.1800000000e-01	9.8052949937e-07	
110	2.2000000000e-01	2.2000000000e-01	1.0504971293e-06	
111	2.2200000000e-01	2.2200000000e-01	1.1254292858e-06	
112	2.2400000000e-01	2.2400000000e-01	1.2056754795e-06	
113	2.2600000000e-01	2.2600000000e-01	1.2916095091e-06	
114	2.2800000000e-01	2.2800000000e-01	1.3836311616e-06	
115	2.3000000000e-01	2.3000000000e-01	1.4821679315e-06	
116	2.3200000000e-01	2.3200000000e-01	1.5876769606e-06	
117	2.3400000000e-01	2.3400000000e-01	1.7006470063e-06	
118	2.3600000000e-01	2.3600000000e-01	1.8216006126e-06	
119	2.3800000000e-01	2.3800000000e-01	1.9510963654e-06	
120	2.4000000000e-01	2.4000000000e-01	2.0897313444e-06	
121	2.4200000000e-01	2.4200000000e-01	2.2381437059e-06	
122	2.4400000000e-01	2.4400000000e-01	2.3970154253e-06	
123	2.4600000000e-01	2.4600000000e-01	2.5670752546e-06	
124	2.4800000000e-01	2.4800000000e-01	2.7491018173e-06	
125	2.5000000000e-01	2.5000000000e-01	2.9439269564e-06	
126	2.5200000000e-01	2.5200000000e-01	3.1524392394e-06	
127	2.5400000000e-01	2.5400000000e-01	3.3755877364e-06	
128	2.5600000000e-01	2.5600000000e-01	3.6143860047e-06	
129	2.5800000000e-01	2.5800000000e-01	3.8699163376e-06	
130	2.6000000000e-01	2.6000000000e-01	4.1433342517e-06	
131	2.6200000000e-01	2.6200000000e-01	4.4358733060e-06	
132	2.6400000000e-01	2.6400000000e-01	4.7488501771e-06	
133	2.6600000000e-01	2.6600000000e-01	5.0836700396e-06	
134	2.6800000000e-01	2.6800000000e-01	5.4418323199e-06	
135	2.7000000000e-01	2.7000000000e-01	5.8249367374e-06	
136	2.7200000000e-01	2.7200000000e-01	6.2346897867e-06	
137	2.7400000000e-01	2.7400000000e-01	6.6729115282e-06	
138	2.7600000000e-01	2.7600000000e-01	7.1415428415e-06	
139	2.7800000000e-01	2.7800000000e-01	7.6426530811e-06	
140	2.8000000000e-01	2.8000000000e-01	8.1784481996e-06	
141	2.8200000000e-01	2.8200000000e-01	8.7512793101e-06	
142	2.8400000000e-01	2.8400000000e-01	9.3636517953e-06	
143	2.8600000000e-01	2.8600000000e-01	1.0018234871e-05	
144	2.8800000000e-01	2.8800000000e-01	1.0717871788e-05	
145	2.9000000000e-01	2.9000000000e-01	1.1465590507e-05	
146	2.9200000000e-01	2.9200000000e-01	1.2264615027e-05	
147	2.9400000000e-01	2.9400000000e-01	1.3118377360e-05	
148	2.9600000000e-01	2.9600000000e-01	1.4030530103e-05	
149	2.9800000000e-01	2.9800000000e-01	1.5004959728e-05	
150	3.0000000000e-01	3.0000000000e-01	1.6045800603e-05	
151	3.0200000000e-01	3.0200000000e-01	1.7157449708e-05	
152	3.0400000000e-01	3.0400000000e-01	1.8344582177e-05	
153	3.0600000000e-01	3.0600000000e-01	1.9612167602e-05	
154	3.0800000000e-01	3.0800000000e-01	2.0965487217e-05	
155	3.1000000000e-01	3.1000000000e-01	2.2410151914e-05	
156	3.1200000000e-01	3.1200000000e-01	2.3952121168e-05	
157	3.1400000000e-01	3.1400000000e-01	2.5597722939e-05	
158	3.1600000000e-01	3.1600000000e-01	2.7353674461e-05	
159	3.1800000000e-01	3.1800000000e-01	2.9227104111e-05	
160	3.2000000000e-01	3.2000000000e-01	3.1225574247e-05	
161	3.2200000000e-01	3.2200000000e-01	3.3357105135e-05	
162	3.2400000000e-01	3.2400000000e-01	3.5630199978e-05	
163	3.2600000000e-01	3.2600000000e-01	3.8053871055e-05	
164	3.2800000000e-01	3.2800000000e-01	4.0637666999e-05	
165	3.3000000000e-01	3.3000000000e-01	4.3391701301e-05	
166	3.3200000000e-01	3.3200000000e-01	4.6326681971e-05	
167	3.3400000000e-01	3.3400000000e-01	4.9453942506e-05	
168	3.3600000000e-01	3.3600000000e-01	5.2785474033e-05	
169	3.3800000000e-01	3.3800000000e-01	5.6333958810e-05	
170	3.4000000000e-01	3.4000000000e-01	6.0112805045e-05	
171	3.4200000000e-01	3.4200000000e-01	6.4136182949e-05	
172	3.4400000000e-01	3.4400000000e-01	6.8419062270e-05	
173	3.4600000000e-01	3.4600000000e-01	7.2977251108e-05	
174	3.4800000000e-01	3.4800000000e-01	7.7827436115e-05	
175	3.5000000000e-01	3.5000000000e-01	8.2987224161e-05	
176	3.5200000000e-01	3.5200000000e-01	8.8475185301e-05	
177	3.5400000000e-01	3.5400000000e-01	9.4310897264e-05	
178	3.5600000000e-01	3.5600000000e-01	1.0051499130e-04	
179	3.5800000000e-01	3.5800000000e-01	1.0710919947e-04	
180	3.6000000000e-01	3.6000000000e-01	1.1411640340e-04	
181	3.6200000000e-01	3.6200000000e-01	1.2156068441e-04	
182	3.6400000000e-01	3.6400000000e-01	1.2946737512e-04	
183	3.6600000000e-01	3.6600000000e-01	1.3786311253e-04	
184	3.6800000000e-01	3.6800000000e-01	1.4677589242e-04	
185	3.7000000000e-01	3.7000000000e-01	1.5623512532e-04	
186	3.7200000000e-01	3.7200000000e-01	1.6627169379e-04	
187	3.7400000000e-01	3.7400000000e-01	1.7691801125e-04	
188	3.7600000000e-01	3.7600000000e-01	1.8820808210e-04	
189	3.7800000000e-01	3.7800000000e-01	2.0017756346e-04	
190	3.8000000000e-01	3.8000000000e-01	2.1286382818e-04	
191	3.8200000000e-01	3.8200000000e-01	2.2630602940e-04	
192	3.8400000000e-01	3.8400000000e-01	2.4054516658e-04	
193	3.8600000000e-01	3.8600000000e-01	2.5562415298e-04	
194	3.8800000000e-01	3.8800000000e-01	2.7158788466e-04	
195	3.9000000000e-01	3.9000000000e-01	2.8848331111e-04	
196	3.9200000000e-01	3.9200000000e-01	3.0635950737e-04	
197	3.9400000000e-01	3.9400000000e-01	3.2526774791e-04	
198	3.9600000000e-01	3.9600000000e-01	3.4526158215e-04	
199	3.9800000000e-01	3.9800000000e-01	3.6639691187e-04	
200	4.0000000000e-01	4.0000000000e-01	3.8873207046e-04	
201	4.0200000000e-01	4.0200000000e-01	4.1232790425e-04	
202	4.0400000000e-01	4.0400000000e-01	4.3724785595e-04	
203	4.0600000000e-01	4.0600000000e-01	4.6355805038e-04	
204	4.0800000000e-01	4.0800000000e-01	4.9132738280e-04	
205	4.1000000000e-01	4.1000000000e-01	5.2062760972e-04	
206	4.1200000000e-01	4.1200000000e-01	5.5153344277e-04	
207	4.1400000000e-01	4.1400000000e-01	5.8412264566e-04	
208	4.1600000000e-01	4.1600000000e-01	6.1847613452e-04	
209	4.1800000000e-01	4.1800000000e-01	6.5467808199e-04	
210	4.2000000000e-01	4.2000000000e-01	6.9281602539e-04	
211	4.2200000000e-01	4.2200000000e-01	7.3298097917e-04	
212	4.2400000000e-01	4.2400000000e-01	7.7526755237e-04	
213	4.2600000000e-01	4.2600000000e-01	8.1977407111e-04	
214	4.2800000000e-01	4.2800000000e-01	8.6660270692e-04	
215	4.3000000000e-01	4.3000000000e-01	9.1585961119e-04	
216	4.3200000000e-01	4.3200000000e-01	9.6765505636e-04	
217	4.3400000000e-01	4.3400000000e-01	1.0221035845e-03	
218	4.3600000000e-01	4.3600000000e-01	1.0793241636e-03	
219	4.3800000000e-01	4.3800000000e-01	1.1394403527e-03	
220	4.4000000000e-01	4.4000000000e-01	1.2025804761e-03	
221	4.4200000000e-01	4.4200000000e-01	1.2688778076e-03	
222	4.4400000000e-01	4.4400000000e-01	1.3384707654e-03	
223	4.4600000000e-01	4.4600000000e-01	1.4115031187e-03	
224	4.4800000000e-01	4.4800000000e-01	1.4881242072e-03	
225	4.5000000000e-01	4.5000000000e-01	1.5684891727e-03	
226	4.5200000000e-01	4.5200000000e-01	1.6527592064e-03	
227	4.5400000000e-01	4.5400000000e-01	1.7411018105e-03	
228	4.5600000000e-01	4.5600000000e-01	1.8336910770e-03	
229	4.5800000000e-01	4.5800000000e-01	1.9307079833e-03	
230	4.6000000000e-01	4.6000000000e-01	2.0323407064e-03	
231	4.6200000000e-01	4.6200000000e-01	2.1387849578e-03	
232	4.6400000000e-01	4.6400000000e-01	2.2502443384e-03	
233	4.6600000000e-01	4.6600000000e-01	2.3669307168e-03	
234	4.6800000000e-01	4.6800000000e-01	2.4890646307e-03	
235	4.7000000000e-01	4.7000000000e-01	2.6168757143e-03	
236	4.7200000000e-01	4.7200000000e-01	2.7506031523e-03	
237	4.7400000000e-01	4.7400000000e-01	2.8904961623e-03	
238	4.7600000000e-01	4.7600000000e-01	3.0368145078e-03	
239	4.7800000000e-01	4.7800000000e-01	3.1898290430e-03	
240	4.8000000000e-01	4.8000000000e-01	3.3498222916e-03	
241	4.8200000000e-01	4.8200000000e-01	3.5170890622e-03	
242	4.8400000000e-01	4.8400000000e-01	3.6919371003e-03	
243	4.8600000000e-01	4.8600000000e-01	3.8746877828e-03	
244	4.8800000000e-01	4.8800000000e-01	4.0656768534e-03	
245	4.9000000000e-01	4.9000000000e-01	4.2652552046e-03	
246	4.9200000000e-01	4.9200000000e-01	4.4737897065e-03	
247	4.9400000000e-01	4.9400000000e-01	4.6916640876e-03	
248	4.9600000000e-01	4.9600000000e-01	4.9192798683e-03	
249	4.9800000000e-01	4.9800000000e-01	5.1570573520e-03	
250	5.0000000000e-01	5.0000000000e-01	5.4054366764e-03	
251	5.0200000000e-01	5.0200000000e-01	5.6648789287e-03	
252	5.0400000000e-01	5.0400000000e-01	5.9358673282e-03	
253	5.0600000000e-01	5.0600000000e-01	6.2189084814e-03	
254	5.0800000000e-01	5.0800000000e-01	6.5145337122e-03	
255	5.1000000000e-01	5.1000000000e-01	6.8233004736e-03	
256	5.1200000000e-01	5.1200000000e-01	7.1457938441e-03	
257	5.1400000000e-01	5.1400000000e-01	7.4826281148e-03	
258	5.1600000000e-01	5.1600000000e-01	7.8344484728e-03	
259	5.1800000000e-01	5.1800000000e-01	8.2019327860e-03	
260	5.2000000000e-01	5.2000000000e-01	8.5857934957e-03	
261	5.2200000000e-01	5.2200000000e-01	8.9867796234e-03	
262	5.2400000000e-01	5.2400000000e-01	9.4056788993e-03	
263	5.2600000000e-01	5.2600000000e-01	9.8433200185e-03	
264	5.2800000000e-01	5.2800000000e-01	1.0300575033e-02	
265	5.3000000000e-01	5.3000000000e-01	1.0778361891e-02	
266	5.3200000000e-01	5.3200000000e-01	1.1277647121e-02	
267	5.3400000000e-01	5.3400000000e-01	1.1799448687e-02	
268	5.3600000000e-01	5.3600000000e-01	1.2344839012e-02	
269	5.3800000000e-01	5.3800000000e-01	1.2914948176e-02	
270	5.4000000000e-01	5.4000000000e-01	1.3510967314e-02	
271	5.4200000000e-01	5.4200000000e-01	1.4134152216e-02	
272	5.4400000000e-01	5.4400000000e-01	1.4785827135e-02	
273	5.4600000000e-01	5.4600000000e-01	1.5467388829e-02	
274	5.4800000000e-01	5.4800000000e-01	1.6180310833e-02	
275	5.5000000000e-01	5.5000000000e-01	1.6926147998e-02	
276	5.5200000000e-01	5.5200000000e-01	1.7706541277e-02	
277	5.5400000000e-01	5.5400000000e-01	1.8523222807e-02	
278	5.5600000000e-01	5.5600000000e-01	1.9378021279e-02	
279	5.5800000000e-01	5.5800000000e-01	2.0272867618e-02	
280	5.6000000000e-01	5.6000000000e-01	2.1209800993e-02	
281	5.6200000000e-01	5.6200000000e-01	2.2190975165e-02	
282	5.6400000000e-01	5.6400000000e-01	2.3218665197e-02	
283	5.6600000000e-01	5.6600000000e-01	2.4295274540e-02	
284	5.6800000000e-01	5.6800000000e-01	2.5423342506e-02	
285	5.7000000000e-01	5.7000000000e-01	2.6605552162e-02	
286	5.7200000000e-01	5.7200000000e-01	2.7844738638e-02	
287	5.7400000000e-01	5.7400000000e-01	2.9143897892e-02	
288	5.7600000000e-01	5.7600000000e-01	3.0506195930e-02	
289	5.7800000000e-01	5.7800000000e-01	3.1934978498e-02	
290	5.8000000000e-01	5.8000000000e-01	3.3433781282e-02	
291	5.8200000000e-01	5.8200000000e-01	3.5006340601e-02	
292	5.8400000000e-01	5.8400000000e-01	3.6656604631e-02	
293	5.8600000000e-01	5.8600000000e-01	3.8388745158e-02	
294	5.8800000000e-01	5.8800000000e-01	4.0207169876e-02	
295	5.9000000000e-01	5.9000000000e-01	4.2116535238e-02	
296	5.9200000000e-01	5.9200000000e-01	4.4121759855e-02	
297	5.9400000000e-01	5.9400000000e-01	4.6228038467e-02	
298	5.9600000000e-01	5.9600000000e-01	4.8440856455e-02	
299	5.9800000000e-01	5.9800000000e-01	5.0766004909e-02	
300	6.0000000000e-01	6.0000000000e-01	5.3209596231e-02	
301	6.0200000000e-01	6.0200000000e-01	5.5778080254e-02	
302	6.0400000000e-01	6.0400000000e-01	5.8478260859e-02	
303	6.0600000000e-01	6.0600000000e-01	6.1317313046e-02	
304	6.0800000000e-01	6.0800000000e-01	6.4302800430e-02	
305	6.1000000000e-01	6.1000000000e-01	6.7442693099e-02	
306	6.1200000000e-01	6.1200000000e-01	7.0745385782e-02	
307	6.1400000000e-01	6.1400000000e-01	7.4219716249e-02	
308	6.1600000000e-01	6.1600000000e-01	7.7874983849e-02	
309	6.1800000000e-01	6.1800000000e-01	8.1720968105e-02	
310	6.2000000000e-01	6.2000000000e-01	8.5767947222e-02	
311	6.2200000000e-01	6.2200000000e-01	9.0026716399e-02	
312	6.2400000000e-01	6.2400000000e-01	9.4508605782e-02	
313	6.2600000000e-01	6.2600000000e-01	9.9225497888e-02	
314	6.2800000000e-01	6.2800000000e-01	1.0418984432e-01	
315	6.3000000000e-01	6.3000000000e-01	1.0941468157e-01	
316	6.3200000000e-01	6.3200000000e-01	1.1491364565e-01	
317	6.3400000000e-01	6.3400000000e-01	1.2070098531e-01	
318	6.3600000000e-01	6.3600000000e-01	1.2679157369e-01	
319	6.3800000000e-01	6.3800000000e-01	1.3320091787e-01	
320	6.4000000000e-01	6.4000000000e-01	1.3994516623e-01	
321	6.4200000000e-01	6.4200000000e-01	1.4704111329e-01	
322	6.4400000000e-01	6.4400000000e-01	1.5450620150e-01	
323	6.4600000000e-01	6.4600000000e-01	1.6235851986e-01	
324	6.4800000000e-01	6.4800000000e-01	1.7061679891e-01	
325	6.5000000000e-01	6.5000000000e-01	1.7930040171e-01	
326	6.5200000000e-01	6.5200000000e-01	1.8842931054e-01	
327	6.5400000000e-01	6.5400000000e-01	1.9802410894e-01	
328	6.5600000000e-01	6.5600000000e-01	2.0810595876e-01	
329	6.5800000000e-01	6.5800000000e-01	2.1869657198e-01	
330	6.6000000000e-01	6.6000000000e-01	2.2981817692e-01	
331	6.6200000000e-01	6.6200000000e-01	2.4149347886e-01	
332	6.6400000000e-01	6.6400000000e-01	2.5374561461e-01	
333	6.6600000000e-01	6.6600000000e-01	2.6659810122e-01	
334	6.6800000000e-01	6.6800000000e-01	2.8007477864e-01	
335	6.7000000000e-01	6.7000000000e-01	2.9419974642e-01	
336	6.7200000000e-01	6.7200000000e-01	3.0899729466e-01	
337	6.7400000000e-01	6.7400000000e-01	3.2449182942e-01	
338	6.7600000000e-01	6.7600000000e-01	3.4070779296e-01	
339	6.7800000000e-01	6.7800000000e-01	3.5766957920e-01	
340	6.8000000000e-01	6.8000000000e-01	3.7540144511e-01	
341	6.8200000000e-01	6.8200000000e-01	3.9392741855e-01	
342	6.8400000000e-01	6.8400000000e-01	4.1327120335e-01	
343	6.8600000000e-01	6.8600000000e-01	4.3345608256e-01	
344	6.8800000000e-01	6.8800000000e-01	4.5450482071e-01	
345	6.9000000000e-01	6.9000000000e-01	4.7643956609e-01	
346	6.9200000000e-01	6.9200000000e-01	4.9928175413e-01	
347	6.9400000000e-01	6.9400000000e-01	5.2305201282e-01	
348	6.9600000000e-01	6.9600000000e-01	5.4777007139e-01	
349	6.9800000000e-01	6.9800000000e-01	5.7345467318e-01	
350	7.0000000000e-01	7.0000000000e-01	6.0012349376e-01	
351	7.0200000000e-01	7.0200000000e-01	6.2779306519e-01	
352	7.0400000000e-01	7.0400000000e-01	6.5647870736e-01	
353	7.0600000000e-01	7.0600000000e-01	6.8619446711e-01	
354	7.0800000000e-01	7.0800000000e-01	7.1695306579e-01	
355	7.1000000000e-01	7.1000000000e-01	7.4876585577e-01	
356	7.1200000000e-01	7.1200000000e-01	7.8164278628e-01	
357	7.1400000000e-01	7.1400000000e-01	8.1559237879e-01	
358	7.1600000000e-01	7.1600000000e-01	8.5062171204e-01	
359	7.1800000000e-01	7.1800000000e-01	8.8673641660e-01	
360	7.2000000000e-01	7.2000000000e-01	9.2394067878e-01	
361	7.2200000000e-01	7.2200000000e-01	9.6223725366e-01	
362	7.2400000000e-01	7.2400000000e-01	1.0016274865e+00	
363	7.2600000000e-01	7.2600000000e-01	1.0421113425e+00	
364	7.2800000000e-01	7.2800000000e-01	1.0836874434e+00	
365	7.3000000000e-01	7.3000000000e-01	1.1263531114e+00	
366	7.3200000000e-01	7.3200000000e-01	1.1701044186e+00	
367	7.3400000000e-01	7.3400000000e-01	1.2149362415e+00	
368	7.3600000000e-01	7.3600000000e-01	1.2608423203e+00	
369	7.3800000000e-01	7.3800000000e-01	1.3078153212e+00	
370	7.4000000000e-01	7.4000000000e-01	1.3558469015e+00	
371	7.4200000000e-01	7.4200000000e-01	1.4049277772e+00	
372	7.4400000000e-01	7.4400000000e-01	1.4550477911e+00	
373	7.4600000000e-01	7.4600000000e-01	1.5061959821e+00	
374	7.4800000000e-01	7.4800000000e-01	1.5583606540e+00	
375	7.5000000000e-01	7.5000000000e-01	1.6115294438e+00	
376	7.5200000000e-01	7.5200000000e-01	1.6656893890e+00	
377	7.5400000000e-01	7.5400000000e-01	1.7208269933e+00	
378	7.5600000000e-01	7.5600000000e-01	1.7769282902e+00	
379	7.5800000000e-01	7.5800000000e-01	1.8339789042e+00	
380	7.6000000000e-01	7.6000000000e-01	1.8919641101e+00	
381	7.6200000000e-01	7.6200000000e-01	1.9508688887e+00	
382	7.6400000000e-01	7.6400000000e-01	2.0106779803e+00	
383	7.6600000000e-01	7.6600000000e-01	2.0713759346e+00	
384	7.6800000000e-01	7.6800000000e-01	2.1329471583e+00	
385	7.7000000000e-01	7.7000000000e-01	2.1953759585e+00	
386	7.7200000000e-01	7.7200000000e-01	2.2586465844e+00	
387	7.7400000000e-01	7.7400000000e-01	2.3227432646e+00	
388	7.7600000000e-01	7.7600000000e-01	2.3876502420e+00	
389	7.7800000000e-01	7.7800000000e-01	2.4533518060e+00	
390	7.8000000000e-01	7.8000000000e-01	2.5198323218e+00	
391	7.8200000000e-01	7.8200000000e-01	2.5870762563e+00	
392	7.8400000000e-01	7.8400000000e-01	2.6550682023e+00	
393	7.8600000000e-01	7.8600000000e-01	2.7237928999e+00	
394	7.8800000000e-01	7.8800000000e-01	2.7932352554e+00	
395	7.9000000000e-01	7.9000000000e-01	2.8633803582e+00	
396	7.9200000000e-01	7.9200000000e-01	2.9342134957e+00	
397	7.9400000000e-01	7.9400000000e-01	3.0057201660e+00	
398	7.9600000000e-01	7.9600000000e-01	3.0778860893e+00	
399	7.9800000000e-01	7.9800000000e-01	3.1506972168e+00	
400	8.0000000000e-01	8.0000000000e-01	3.2241397394e+00	
401	8.0200000000e-01	8.0200000000e-01	3.2982000934e+00	
402	8.0400000000e-01	8.0400000000e-01	3.3728649662e+00	
403	8.0600000000e-01	8.0600000000e-01	3.4481213002e+00	
404	8.0800000000e-01	8.0800000000e-01	3.5239562959e+00	
405	8.1000000000e-01	8.1000000000e-01	3.6003574135e+00	
406	8.1200000000e-01	8.1200000000e-01	3.6773123744e+00	
407	8.1400000000e-01	8.1400000000e-01	3.7548091613e+00	
408	8.1600000000e-01	8.1600000000e-01	3.8328360177e+00	
409	8.1800000000e-01	8.1800000000e-01	3.9113814473e+00	
410	8.2000000000e-01	8.2000000000e-01	3.9904342119e+00	
411	8.2200000000e-01	8.2200000000e-01	4.0699833294e+00	
412	8.2400000000e-01	8.2400000000e-01	4.1500180714e+00	
413	8.2600000000e-01	8.2600000000e-01	4.2305279603e+00	
414	8.2800000000e-01	8.2800000000e-01	4.3115027656e+00	
415	8.3000000000e-01	8.3000000000e-01	4.3929325009e+00	
416	8.3200000000e-01	8.3200000000e-01	4.4748074197e+00	
417	8.3400000000e-01	8.3400000000e-01	4.5571180116e+00	
418	8.3600000000e-01	8.3600000000e-01	4.6398549978e+00	
419	8.3800000000e-01	8.3800000000e-01	4.7230093271e+00	
420	8.4000000000e-01	8.4000000000e-01	4.8065721713e+00	
421	8.4200000000e-01	8.4200000000e-01	4.8905349207e+00	
422	8.4400000000e-01	8.4400000000e-01	4.9748891794e+00	
423	8.4600000000e-01	8.4600000000e-01	5.0596267608e+00	
424	8.4800000000e-01	8.4800000000e-01	5.1447396829e+00	
425	8.5000000000e-01	8.5000000000e-01	5.2302201633e+00	
426	8.5200000000e-01	8.5200000000e-01	5.3160606151e+00	
427	8.5400000000e-01	8.5400000000e-01	5.4022536418e+00	
428	8.5600000000e-01	8.5600000000e-01	5.4887920329e+00	
429	8.5800000000e-01	8.5800000000e-01	5.5756687590e+00	
430	8.6000000000e-01	8.6000000000e-01	5.6628769679e+00	
431	8.6200000000e-01	8.6200000000e-01	5.7504099792e+00	
432	8.6400000000e-01	8.6400000000e-01	5.8382612809e+00	
433	8.6600000000e-01	8.6600000000e-01	5.9264245242e+00	
434	8.6800000000e-01	8.6800000000e-01	6.0148935197e+00	
435	8.7000000000e-01	8.7000000000e-01	6.1036622331e+00	
436	8.7200000000e-01	8.7200000000e-01	6.1927247810e+00	
437	8.7400000000e-01	8.7400000000e-01	6.2820754268e+00	
438	8.7600000000e-01	8.7600000000e-01	6.3717085771e+00	
439	8.7800000000e-01	8.7800000000e-01	6.4616187775e+00	
440	8.8000000000e-01	8.8000000000e-01	6.5518007089e+00	
441	8.8200000000e-01	8.8200000000e-01	6.6422491839e+00	
442	8.8400000000e-01	8.8400000000e-01	6.7329591430e+00	
443	8.8600000000e-01	8.8600000000e-01	6.8239256512e+00	
444	8.8800000000e-01	8.8800000000e-01	6.9151438949e+00	
445	8.9000000000e-01	8.9000000000e-01	7.0066091780e+00	
446	8.9200000000e-01	8.9200000000e-01	7.0983169188e+00	
447	8.9400000000e-01	8.9400000000e-01	7.1902626472e+00	
448	8.9600000000e-01	8.9600000000e-01	7.2824420011e+00	
449	8.9800000000e-01	8.9800000000e-01	7.3748507240e+00	
450	9.0000000000e-01	9.0000000000e-01	7.4674846613e+00	
451	9.0200000000e-01	9.0200000000e-01	7.5603397583e+00	
452	9.0400000000e-01	9.0400000000e-01	7.6534120568e+00	
453	9.0600000000e-01	9.0600000000e-01	7.7466976927e+00	
454	9.0800000000e-01	9.0800000000e-01	7.8401928934e+00	
455	9.1000000000e-01	9.1000000000e-01	7.9338939752e+00	
456	9.1200000000e-01	9.1200000000e-01	8.0277973410e+00	
457	9.1400000000e-01	9.1400000000e-01	8.1218994777e+00	
458	9.1600000000e-01	9.1600000000e-01	8.2161969540e+00	
459	9.1800000000e-01	9.1800000000e-01	8.3106864180e+00	
460	9.2000000000e-01	9.2000000000e-01	8.4053645953e+00	
461	9.2200000000e-01	9.2200000000e-01	8.5002282868e+00	
462	9.2400000000e-01	9.2400000000e-01	8.5952743662e+00	
463	9.2600000000e-01	9.2600000000e-01	8.6904997789e+00	
464	9.2800000000e-01	9.2800000000e-01	8.7859015391e+00	
465	9.3000000000e-01	9.3000000000e-01	8.8814767286e+00	
466	9.3200000000e-01	9.3200000000e-01	8.9772224946e+00	
467	9.3400000000e-01	9.3400000000e-01	9.0731360482e+00	
468	9.3600000000e-01	9.3600000000e-01	9.1692146624e+00	
469	9.3800000000e-01	9.3800000000e-01	9.2654556707e+00	
470	9.4000000000e-01	9.4000000000e-01	9.3618564653e+00	
471	9.4200000000e-01	9.4200000000e-01	9.4584144956e+00	
472	9.4400000000e-01	9.4400000000e-01	9.5551272668e+00	
473	9.4600000000e-01	9.4600000000e-01	9.6519923381e+00	
474	9.4800000000e-01	9.4800000000e-01	9.7490073216e+00	
475	9.5000000000e-01	9.5000000000e-01	9.8461698807e+00	
476	9.5200000000e-01	9.5200000000e-01	9.9434777289e+00	
477	9.5400000000e-01	9.5400000000e-01	1.0040928628e+01	
478	9.5600000000e-01	9.5600000000e-01	1.0138520389e+01	
479	9.5800000000e-01	9.5800000000e-01	1.0236250866e+01	
480	9.6000000000e-01	9.6000000000e-01	1.0334117961e+01	
481	9.6200000000e-01	9.6200000000e-01	1.0432119618e+01	
482	9.6400000000e-01	9.6400000000e-01	1.0530253825e+01	
483	9.6600000000e-01	9.6600000000e-01	1.0628518611e+01	
484	9.6800000000e-01	9.6800000000e-01	1.0726912046e+01	
485	9.7000000000e-01	9.7000000000e-01	1.0825432239e+01	
486	9.7200000000e-01	9.7200000000e-01	1.0924077337e+01	
487	9.7400000000e-01	9.7400000000e-01	1.1022845526e+01	
488	9.7600000000e-01	9.7600000000e-01	1.1121735028e+01	
489	9.7800000000e-01	9.7800000000e-01	1.1220744101e+01	
490	9.8000000000e-01	9.8000000000e-01	1.1319871037e+01	
491	9.8200000000e-01	9.8200000000e-01	1.1419114162e+01	
492	9.8400000000e-01	9.8400000000e-01	1.1518471837e+01	
493	9.8600000000e-01	9.8600000000e-01	1.1617942453e+01	
494	9.8800000000e-01	9.8800000000e-01	1.1717524433e+01	
495	9.9000000000e-01	9.9000000000e-01	1.1817216232e+01	
496	9.9200000000e-01	9.9200000000e-01	1.1917016333e+01	
497	9.9400000000e-01	9.9400000000e-01	1.2016923251e+01	
498	9.9600000000e-01	9.9600000000e-01	1.2116935527e+01	
499	9.9800000000e-01	9.9800000000e-01	1.2217051731e+01	
500	1.0000000000e+00	1.0000000000e+00	1.2317270460e+01	
ngspice-46 done
Warning: diode_pd2nw_06v0: IKR too small - model effect disabled!
