* ====================================================================
* record-id : 20260818-011754-03afe04
* testbench : tb_low_side_power_switch.spice
* corner    : sf
* temp      : 27 C
* supply    : n/a (no supply rail in this device-level testbench)
* pdk       : gf180mcuD (/home/ubuntu/.volare/gf180mcuD)
* ngspice   : ngspice-46 : Circuit level simulation program
* run (UTC) : 2026-08-18T01:17:54Z
* ====================================================================

Note: No compatibility mode selected!


Circuit: *include "corner.spice

Doing analysis at TEMP = 27.000000 and TNOM = 27.000000

Using SPARSE 1.3 as Direct Linear Solver

No. of Data Rows : 101
                                                                                                                                                                                                                                                     *include "corner.spice
                                                                                                                                                                                                                                                     DC transfer characteristic  Tue Aug 18 01:17:54  2026
--------------------------------------------------------------------------------------------------------------------------------------------------------------------------------------------------------------------------------------------------------------------------------------------------------------------------------------------------------------------------------------------------------------------------------------------------------------------------------------------------------------------------------
Index   v-sweep         v(vfracds)      ioc_n06_glo     ioc_n06_gmid    ioc_n06_ghi     
--------------------------------------------------------------------------------------------------------------------------------------------------------------------------------------------------------------------------------------------------------------------------------------------------------------------------------------------------------------------------------------------------------------------------------------------------------------------------------------------------------------------------------
0	0.0000000000e+00	0.0000000000e+00	-0.0000000000e+00	-0.0000000000e+00	-0.0000000000e+00	
1	1.0000000000e-02	1.0000000000e-02	2.0979109324e-04	2.3788968287e-04	2.6755588032e-04	
2	2.0000000000e-02	2.0000000000e-02	4.0522278573e-04	4.6134621861e-04	5.2096271911e-04	
3	3.0000000000e-02	3.0000000000e-02	5.8702614258e-04	6.7107003177e-04	7.6085879695e-04	
4	4.0000000000e-02	4.0000000000e-02	7.5588285824e-04	8.6771649962e-04	9.8784427442e-04	
5	5.0000000000e-02	5.0000000000e-02	9.1242890202e-04	1.0518991443e-03	1.2024837277e-03	
6	6.0000000000e-02	6.0000000000e-02	1.0572578067e-03	1.2241925206e-03	1.4053084396e-03	
7	7.0000000000e-02	7.0000000000e-02	1.1909236554e-03	1.3851348906e-03	1.5968185266e-03	
8	8.0000000000e-02	8.0000000000e-02	1.3139436816e-03	1.5352307026e-03	1.7774849481e-03	
9	9.0000000000e-02	9.0000000000e-02	1.4268002349e-03	1.6749528138e-03	1.9477514065e-03	
10	1.0000000000e-01	1.0000000000e-01	1.5299416272e-03	1.8047443191e-03	2.1080361136e-03	
11	1.1000000000e-01	1.1000000000e-01	1.6237809335e-03	1.9250197407e-03	2.2587333682e-03	
12	1.2000000000e-01	1.2000000000e-01	1.7086908969e-03	2.0361651546e-03	2.4002148563e-03	
13	1.3000000000e-01	1.3000000000e-01	1.7849912157e-03	2.1385364735e-03	2.5328305352e-03	
14	1.4000000000e-01	1.4000000000e-01	1.8529213332e-03	2.2324543917e-03	2.6569088782e-03	
15	1.5000000000e-01	1.5000000000e-01	1.9125905859e-03	2.3181930807e-03	2.7727560932e-03	
16	1.6000000000e-01	1.6000000000e-01	1.9639205624e-03	2.3959572108e-03	2.8806536248e-03	
17	1.7000000000e-01	1.7000000000e-01	2.0067041735e-03	2.4658390594e-03	2.9808526538e-03	
18	1.8000000000e-01	1.8000000000e-01	2.0410250012e-03	2.5277528991e-03	3.0735632004e-03	
19	1.9000000000e-01	1.9000000000e-01	2.0678114743e-03	2.5813921066e-03	3.1589335327e-03	
20	2.0000000000e-01	2.0000000000e-01	2.0886849080e-03	2.6263858705e-03	3.2370132009e-03	
21	2.1000000000e-01	2.1000000000e-01	2.1052705758e-03	2.6628210956e-03	3.3076942867e-03	
22	2.2000000000e-01	2.2000000000e-01	2.1188121809e-03	2.6916844722e-03	3.3706480625e-03	
23	2.3000000000e-01	2.3000000000e-01	2.1301643783e-03	2.7145646365e-03	3.4253542240e-03	
24	2.4000000000e-01	2.4000000000e-01	2.1399005329e-03	2.7330185237e-03	3.4714094435e-03	
25	2.5000000000e-01	2.5000000000e-01	2.1484098631e-03	2.7482552935e-03	3.5090654334e-03	
26	2.6000000000e-01	2.6000000000e-01	2.1559631302e-03	2.7611293669e-03	3.5394180895e-03	
27	2.7000000000e-01	2.7000000000e-01	2.1627539063e-03	2.7722301485e-03	3.5639802773e-03	
28	2.8000000000e-01	2.8000000000e-01	2.1689242699e-03	2.7819672924e-03	3.5841704483e-03	
29	2.9000000000e-01	2.9000000000e-01	2.1745810385e-03	2.7906312070e-03	3.6010983916e-03	
30	3.0000000000e-01	3.0000000000e-01	2.1798062598e-03	2.7984326247e-03	3.6155698459e-03	
31	3.1000000000e-01	3.1000000000e-01	2.1846641627e-03	2.8055280487e-03	3.6281579320e-03	
32	3.2000000000e-01	3.2000000000e-01	2.1892058779e-03	2.8120362488e-03	3.6392723160e-03	
33	3.3000000000e-01	3.3000000000e-01	2.1934727181e-03	2.8180491435e-03	3.6492104324e-03	
34	3.4000000000e-01	3.4000000000e-01	2.1974985065e-03	2.8236391321e-03	3.6581924337e-03	
35	3.5000000000e-01	3.5000000000e-01	2.2013112623e-03	2.8288641420e-03	3.6663845177e-03	
36	3.6000000000e-01	3.6000000000e-01	2.2049344425e-03	2.8337711749e-03	3.6739145323e-03	
37	3.7000000000e-01	3.7000000000e-01	2.2083878718e-03	2.8383988482e-03	3.6808825466e-03	
38	3.8000000000e-01	3.8000000000e-01	2.2116884494e-03	2.8427792489e-03	3.6873681322e-03	
39	3.9000000000e-01	3.9000000000e-01	2.2148506928e-03	2.8469393090e-03	3.6934354699e-03	
40	4.0000000000e-01	4.0000000000e-01	2.2178871622e-03	2.8509018404e-03	3.6991369953e-03	
41	4.1000000000e-01	4.1000000000e-01	2.2208087957e-03	2.8546863265e-03	3.7045160469e-03	
42	4.2000000000e-01	4.2000000000e-01	2.2236251760e-03	2.8583095330e-03	3.7096088212e-03	
43	4.3000000000e-01	4.3000000000e-01	2.2263447463e-03	2.8617859873e-03	3.7144458363e-03	
44	4.4000000000e-01	4.4000000000e-01	2.2289749868e-03	2.8651283571e-03	3.7190530451e-03	
45	4.5000000000e-01	4.5000000000e-01	2.2315225610e-03	2.8683477545e-03	3.7234526917e-03	
46	4.6000000000e-01	4.6000000000e-01	2.2339934398e-03	2.8714539819e-03	3.7276639778e-03	
47	4.7000000000e-01	4.7000000000e-01	2.2363930086e-03	2.8744557339e-03	3.7317035889e-03	
48	4.8000000000e-01	4.8000000000e-01	2.2387261632e-03	2.8773607667e-03	3.7355861124e-03	
49	4.9000000000e-01	4.9000000000e-01	2.2409973970e-03	2.8801760416e-03	3.7393243751e-03	
50	5.0000000000e-01	5.0000000000e-01	2.2432108854e-03	2.8829078510e-03	3.7429297183e-03	
51	5.1000000000e-01	5.1000000000e-01	2.2453705676e-03	2.8855619321e-03	3.7464122261e-03	
52	5.2000000000e-01	5.2000000000e-01	2.2474802305e-03	2.8881435727e-03	3.7497809172e-03	
53	5.3000000000e-01	5.3000000000e-01	2.2495435950e-03	2.8906577138e-03	3.7530439115e-03	
54	5.4000000000e-01	5.4000000000e-01	2.2515644070e-03	2.8931090516e-03	3.7562085775e-03	
55	5.5000000000e-01	5.5000000000e-01	2.2535465342e-03	2.8955021430e-03	3.7592816681e-03	
56	5.6000000000e-01	5.6000000000e-01	2.2554940689e-03	2.8978415151e-03	3.7622694499e-03	
57	5.7000000000e-01	5.7000000000e-01	2.2574114378e-03	2.9001317820e-03	3.7651778307e-03	
58	5.8000000000e-01	5.8000000000e-01	2.2593035177e-03	2.9023777691e-03	3.7680124895e-03	
59	5.9000000000e-01	5.9000000000e-01	2.2611757576e-03	2.9045846460e-03	3.7707790114e-03	
60	6.0000000000e-01	6.0000000000e-01	2.2630343062e-03	2.9067580679e-03	3.7734830312e-03	
61	6.1000000000e-01	6.1000000000e-01	2.2648861440e-03	2.9089043252e-03	3.7761303857e-03	
62	6.2000000000e-01	6.2000000000e-01	2.2667392178e-03	2.9110305014e-03	3.7787272776e-03	
63	6.3000000000e-01	6.3000000000e-01	2.2686025788e-03	2.9131446370e-03	3.7812804510e-03	
64	6.4000000000e-01	6.4000000000e-01	2.2704865200e-03	2.9152558991e-03	3.7837973776e-03	
65	6.5000000000e-01	6.5000000000e-01	2.2724027138e-03	2.9173747552e-03	3.7862864538e-03	
66	6.6000000000e-01	6.6000000000e-01	2.2743643471e-03	2.9195131482e-03	3.7887572082e-03	
67	6.7000000000e-01	6.7000000000e-01	2.2763862532e-03	2.9216846732e-03	3.7912205159e-03	
68	6.8000000000e-01	6.8000000000e-01	2.2784850386e-03	2.9239047516e-03	3.7936888201e-03	
69	6.9000000000e-01	6.9000000000e-01	2.2806792042e-03	2.9261908033e-03	3.7961763579e-03	
70	7.0000000000e-01	7.0000000000e-01	2.2829892594e-03	2.9285624128e-03	3.7986993871e-03	
71	7.1000000000e-01	7.1000000000e-01	2.2854378275e-03	2.9310414895e-03	3.8012764141e-03	
72	7.2000000000e-01	7.2000000000e-01	2.2880497431e-03	2.9336524194e-03	3.8039284177e-03	
73	7.3000000000e-01	7.3000000000e-01	2.2908521391e-03	2.9364222081e-03	3.8066790683e-03	
74	7.4000000000e-01	7.4000000000e-01	2.2938745238e-03	2.9393806116e-03	3.8095549406e-03	
75	7.5000000000e-01	7.5000000000e-01	2.2971488473e-03	2.9425602570e-03	3.8125857150e-03	
76	7.6000000000e-01	7.6000000000e-01	2.3007095570e-03	2.9459967494e-03	3.8158043699e-03	
77	7.7000000000e-01	7.7000000000e-01	2.3045936417e-03	2.9497287660e-03	3.8192473592e-03	
78	7.8000000000e-01	7.8000000000e-01	2.3088406652e-03	2.9537981360e-03	3.8229547761e-03	
79	7.9000000000e-01	7.9000000000e-01	2.3134927879e-03	2.9582499070e-03	3.8269705012e-03	
80	8.0000000000e-01	8.0000000000e-01	2.3185947782e-03	2.9631323964e-03	3.8313423329e-03	
81	8.1000000000e-01	8.1000000000e-01	2.3241940132e-03	2.9684972288e-03	3.8361221014e-03	
82	8.2000000000e-01	8.2000000000e-01	2.3303404684e-03	2.9743993593e-03	3.8413657637e-03	
83	8.3000000000e-01	8.3000000000e-01	2.3370866986e-03	2.9808970829e-03	3.8471334804e-03	
84	8.4000000000e-01	8.4000000000e-01	2.3444878083e-03	2.9880520299e-03	3.8534896737e-03	
85	8.5000000000e-01	8.5000000000e-01	2.3526014137e-03	2.9959291488e-03	3.8605030675e-03	
86	8.6000000000e-01	8.6000000000e-01	2.3614875965e-03	3.0045966764e-03	3.8682467082e-03	
87	8.7000000000e-01	8.7000000000e-01	2.3712088496e-03	3.0141260958e-03	3.8767979684e-03	
88	8.8000000000e-01	8.8000000000e-01	2.3818300153e-03	3.0245920837e-03	3.8862385334e-03	
89	8.9000000000e-01	8.9000000000e-01	2.3934182178e-03	3.0360724466e-03	3.8966543699e-03	
90	9.0000000000e-01	9.0000000000e-01	2.4060427890e-03	3.0486480477e-03	3.9081356803e-03	
91	9.1000000000e-01	9.1000000000e-01	2.4197751888e-03	3.0624027244e-03	3.9207768407e-03	
92	9.2000000000e-01	9.2000000000e-01	2.4346889214e-03	3.0774231981e-03	3.9346763251e-03	
93	9.3000000000e-01	9.3000000000e-01	2.4508594469e-03	3.0937989761e-03	3.9499366171e-03	
94	9.4000000000e-01	9.4000000000e-01	2.4683640893e-03	3.1116222473e-03	3.9666641082e-03	
95	9.5000000000e-01	9.5000000000e-01	2.4872819414e-03	3.1309877717e-03	3.9849689856e-03	
96	9.6000000000e-01	9.6000000000e-01	2.5076937677e-03	3.1519927649e-03	4.0049651101e-03	
97	9.7000000000e-01	9.7000000000e-01	2.5296819047e-03	3.1747367784e-03	4.0267698837e-03	
98	9.8000000000e-01	9.8000000000e-01	2.5533301601e-03	3.1993215764e-03	4.0505041107e-03	
99	9.9000000000e-01	9.9000000000e-01	2.5787237106e-03	3.2258510087e-03	4.0762918502e-03	
100	1.0000000000e+00	1.0000000000e+00	2.6059489996e-03	3.2544308827e-03	4.1042602632e-03	
                                                                                                                                                                                                                                                     *include "corner.spice
                                                                                                                                                                                                                                                     DC transfer characteristic  Tue Aug 18 01:17:54  2026
--------------------------------------------------------------------------------------------------------------------------------------------------------------------------------------------------------------------------------------------------------------------------------------------------------------------------------------------------------------------------------------------------------------------------------------------------------------------------------------------------------------------------------
Index   v-sweep         v(vfracds)      ioc_p06_glo     ioc_p06_gmid    ioc_p06_ghi     
--------------------------------------------------------------------------------------------------------------------------------------------------------------------------------------------------------------------------------------------------------------------------------------------------------------------------------------------------------------------------------------------------------------------------------------------------------------------------------------------------------------------------------
0	0.0000000000e+00	0.0000000000e+00	-0.0000000000e+00	-0.0000000000e+00	-0.0000000000e+00	
1	1.0000000000e-02	1.0000000000e-02	-8.023205582e-05	-9.061436987e-05	-1.024610516e-04	
2	2.0000000000e-02	2.0000000000e-02	-1.573948815e-04	-1.782610178e-04	-2.020852580e-04	
3	3.0000000000e-02	3.0000000000e-02	-2.315351307e-04	-2.629822904e-04	-2.989101384e-04	
4	4.0000000000e-02	4.0000000000e-02	-3.026985268e-04	-3.448197380e-04	-3.929725559e-04	
5	5.0000000000e-02	5.0000000000e-02	-3.709298870e-04	-4.238141334e-04	-4.843087323e-04	
6	6.0000000000e-02	6.0000000000e-02	-4.362731475e-04	-5.000054908e-04	-5.729542618e-04	
7	7.0000000000e-02	7.0000000000e-02	-4.987713875e-04	-5.734330842e-04	-6.589441244e-04	
8	8.0000000000e-02	8.0000000000e-02	-5.584668539e-04	-6.441354650e-04	-7.423126996e-04	
9	9.0000000000e-02	9.0000000000e-02	-6.154009870e-04	-7.121504807e-04	-8.230937789e-04	
10	1.0000000000e-01	1.0000000000e-01	-6.696144461e-04	-7.775152920e-04	-9.013205788e-04	
11	1.1000000000e-01	1.1000000000e-01	-7.211471379e-04	-8.402663918e-04	-9.770257539e-04	
12	1.2000000000e-01	1.2000000000e-01	-7.700382466e-04	-9.004396228e-04	-1.050241409e-03	
13	1.3000000000e-01	1.3000000000e-01	-8.163262678e-04	-9.580701972e-04	-1.120999112e-03	
14	1.4000000000e-01	1.4000000000e-01	-8.600490473e-04	-1.013192715e-03	-1.189329905e-03	
15	1.5000000000e-01	1.5000000000e-01	-9.012438287e-04	-1.065841186e-03	-1.255264322e-03	
16	1.6000000000e-01	1.6000000000e-01	-9.399473129e-04	-1.116049050e-03	-1.318832394e-03	
17	1.7000000000e-01	1.7000000000e-01	-9.761957385e-04	-1.163849201e-03	-1.380063667e-03	
18	1.8000000000e-01	1.8000000000e-01	-1.010024993e-03	-1.209274012e-03	-1.438987214e-03	
19	1.9000000000e-01	1.9000000000e-01	-1.041470782e-03	-1.252355369e-03	-1.495631646e-03	
20	2.0000000000e-01	2.0000000000e-01	-1.070568886e-03	-1.293124699e-03	-1.550025128e-03	
21	2.1000000000e-01	2.1000000000e-01	-1.097355592e-03	-1.331613023e-03	-1.602195390e-03	
22	2.2000000000e-01	2.2000000000e-01	-1.121868433e-03	-1.367851001e-03	-1.652169739e-03	
23	2.3000000000e-01	2.3000000000e-01	-1.144147524e-03	-1.401869017e-03	-1.699975077e-03	
24	2.4000000000e-01	2.4000000000e-01	-1.164238090e-03	-1.433697273e-03	-1.745637911e-03	
25	2.5000000000e-01	2.5000000000e-01	-1.182195317e-03	-1.463365945e-03	-1.789184368e-03	
26	2.6000000000e-01	2.6000000000e-01	-1.198093453e-03	-1.490905414e-03	-1.830640208e-03	
27	2.7000000000e-01	2.7000000000e-01	-1.212040841e-03	-1.516346642e-03	-1.870030832e-03	
28	2.8000000000e-01	2.8000000000e-01	-1.224197348e-03	-1.539721844e-03	-1.907381291e-03	
29	2.9000000000e-01	2.9000000000e-01	-1.234779178e-03	-1.561065797e-03	-1.942716282e-03	
30	3.0000000000e-01	3.0000000000e-01	-1.244035972e-03	-1.580418588e-03	-1.976060123e-03	
31	3.1000000000e-01	3.1000000000e-01	-1.252211569e-03	-1.597831532e-03	-2.007436702e-03	
32	3.2000000000e-01	3.2000000000e-01	-1.259515687e-03	-1.613378701e-03	-2.036869356e-03	
33	3.3000000000e-01	3.3000000000e-01	-1.266115937e-03	-1.627173502e-03	-2.064380659e-03	
34	3.4000000000e-01	3.4000000000e-01	-1.272142158e-03	-1.639379812e-03	-2.089992082e-03	
35	3.5000000000e-01	3.5000000000e-01	-1.277694303e-03	-1.650202125e-03	-2.113723594e-03	
36	3.6000000000e-01	3.6000000000e-01	-1.282849795e-03	-1.659856543e-03	-2.135593705e-03	
37	3.7000000000e-01	3.7000000000e-01	-1.287669293e-03	-1.668542702e-03	-2.155621536e-03	
38	3.8000000000e-01	3.8000000000e-01	-1.292200957e-03	-1.676429799e-03	-2.173834355e-03	
39	3.9000000000e-01	3.9000000000e-01	-1.296483533e-03	-1.683654885e-03	-2.190283662e-03	
40	4.0000000000e-01	4.0000000000e-01	-1.300548589e-03	-1.690326967e-03	-2.205065034e-03	
41	4.1000000000e-01	4.1000000000e-01	-1.304422148e-03	-1.696532497e-03	-2.218325628e-03	
42	4.2000000000e-01	4.2000000000e-01	-1.308125894e-03	-1.702340383e-03	-2.230248812e-03	
43	4.3000000000e-01	4.3000000000e-01	-1.311678071e-03	-1.707806030e-03	-2.241026486e-03	
44	4.4000000000e-01	4.4000000000e-01	-1.315094168e-03	-1.712974437e-03	-2.250836594e-03	
45	4.5000000000e-01	4.5000000000e-01	-1.318387440e-03	-1.717882535e-03	-2.259832524e-03	
46	4.6000000000e-01	4.6000000000e-01	-1.321569318e-03	-1.722560941e-03	-2.268141489e-03	
47	4.7000000000e-01	4.7000000000e-01	-1.324649721e-03	-1.727035279e-03	-2.275867221e-03	
48	4.8000000000e-01	4.8000000000e-01	-1.327637317e-03	-1.731327191e-03	-2.283093940e-03	
49	4.9000000000e-01	4.9000000000e-01	-1.330539715e-03	-1.735455101e-03	-2.289890192e-03	
50	5.0000000000e-01	5.0000000000e-01	-1.333363639e-03	-1.739434819e-03	-2.296312108e-03	
51	5.1000000000e-01	5.1000000000e-01	-1.336115053e-03	-1.743280000e-03	-2.302406000e-03	
52	5.2000000000e-01	5.2000000000e-01	-1.338799273e-03	-1.747002523e-03	-2.308210400e-03	
53	5.3000000000e-01	5.3000000000e-01	-1.341421058e-03	-1.750612776e-03	-2.313757631e-03	
54	5.4000000000e-01	5.4000000000e-01	-1.343984683e-03	-1.754119896e-03	-2.319075029e-03	
55	5.5000000000e-01	5.5000000000e-01	-1.346494005e-03	-1.757531962e-03	-2.324185888e-03	
56	5.6000000000e-01	5.6000000000e-01	-1.348952514e-03	-1.760856149e-03	-2.329110202e-03	
57	5.7000000000e-01	5.7000000000e-01	-1.351363377e-03	-1.764098858e-03	-2.333865245e-03	
58	5.8000000000e-01	5.8000000000e-01	-1.353729477e-03	-1.767265824e-03	-2.338466039e-03	
59	5.9000000000e-01	5.9000000000e-01	-1.356053450e-03	-1.770362203e-03	-2.342925720e-03	
60	6.0000000000e-01	6.0000000000e-01	-1.358337706e-03	-1.773392647e-03	-2.347255836e-03	
61	6.1000000000e-01	6.1000000000e-01	-1.360584461e-03	-1.776361370e-03	-2.351466596e-03	
62	6.2000000000e-01	6.2000000000e-01	-1.362795751e-03	-1.779272198e-03	-2.355567059e-03	
63	6.3000000000e-01	6.3000000000e-01	-1.364973459e-03	-1.782128616e-03	-2.359565307e-03	
64	6.4000000000e-01	6.4000000000e-01	-1.367119328e-03	-1.784933810e-03	-2.363468574e-03	
65	6.5000000000e-01	6.5000000000e-01	-1.369234977e-03	-1.787690697e-03	-2.367283361e-03	
66	6.6000000000e-01	6.6000000000e-01	-1.371321918e-03	-1.790401955e-03	-2.371015532e-03	
67	6.7000000000e-01	6.7000000000e-01	-1.373381567e-03	-1.793070054e-03	-2.374670394e-03	
68	6.8000000000e-01	6.8000000000e-01	-1.375415263e-03	-1.795697274e-03	-2.378252765e-03	
69	6.9000000000e-01	6.9000000000e-01	-1.377424279e-03	-1.798285726e-03	-2.381767032e-03	
70	7.0000000000e-01	7.0000000000e-01	-1.379409838e-03	-1.800837377e-03	-2.385217199e-03	
71	7.1000000000e-01	7.1000000000e-01	-1.381373133e-03	-1.803354063e-03	-2.388606934e-03	
72	7.2000000000e-01	7.2000000000e-01	-1.383315338e-03	-1.805837508e-03	-2.391939604e-03	
73	7.3000000000e-01	7.3000000000e-01	-1.385237635e-03	-1.808289347e-03	-2.395218310e-03	
74	7.4000000000e-01	7.4000000000e-01	-1.387141230e-03	-1.810711137e-03	-2.398445913e-03	
75	7.5000000000e-01	7.5000000000e-01	-1.389027382e-03	-1.813104383e-03	-2.401625064e-03	
76	7.6000000000e-01	7.6000000000e-01	-1.390897427e-03	-1.815470555e-03	-2.404758230e-03	
77	7.7000000000e-01	7.7000000000e-01	-1.392752809e-03	-1.817811117e-03	-2.407847711e-03	
78	7.8000000000e-01	7.8000000000e-01	-1.394595111e-03	-1.820127546e-03	-2.410895671e-03	
79	7.9000000000e-01	7.9000000000e-01	-1.396426095e-03	-1.822421368e-03	-2.413904153e-03	
80	8.0000000000e-01	8.0000000000e-01	-1.398247737e-03	-1.824694184e-03	-2.416875111e-03	
81	8.1000000000e-01	8.1000000000e-01	-1.400062271e-03	-1.826947709e-03	-2.419810428e-03	
82	8.2000000000e-01	8.2000000000e-01	-1.401872236e-03	-1.829183813e-03	-2.422711948e-03	
83	8.3000000000e-01	8.3000000000e-01	-1.403680521e-03	-1.831404560e-03	-2.425581501e-03	
84	8.4000000000e-01	8.4000000000e-01	-1.405490422e-03	-1.833612260e-03	-2.428420945e-03	
85	8.5000000000e-01	8.5000000000e-01	-1.407305689e-03	-1.835809519e-03	-2.431232193e-03	
86	8.6000000000e-01	8.6000000000e-01	-1.409130590e-03	-1.837999294e-03	-2.434017262e-03	
87	8.7000000000e-01	8.7000000000e-01	-1.410969966e-03	-1.840184956e-03	-2.436778314e-03	
88	8.8000000000e-01	8.8000000000e-01	-1.412829293e-03	-1.842370353e-03	-2.439517711e-03	
89	8.9000000000e-01	8.9000000000e-01	-1.414714744e-03	-1.844559877e-03	-2.442238071e-03	
90	9.0000000000e-01	9.0000000000e-01	-1.416633254e-03	-1.846758536e-03	-2.444942328e-03	
91	9.1000000000e-01	9.1000000000e-01	-1.418592583e-03	-1.848972032e-03	-2.447633801e-03	
92	9.2000000000e-01	9.2000000000e-01	-1.420601384e-03	-1.851206831e-03	-2.450316267e-03	
93	9.3000000000e-01	9.3000000000e-01	-1.422669267e-03	-1.853470251e-03	-2.452994041e-03	
94	9.4000000000e-01	9.4000000000e-01	-1.424806862e-03	-1.855770540e-03	-2.455672059e-03	
95	9.5000000000e-01	9.5000000000e-01	-1.427025891e-03	-1.858116959e-03	-2.458355966e-03	
96	9.6000000000e-01	9.6000000000e-01	-1.429339223e-03	-1.860519869e-03	-2.461052213e-03	
97	9.7000000000e-01	9.7000000000e-01	-1.431760943e-03	-1.862990814e-03	-2.463768152e-03	
98	9.8000000000e-01	9.8000000000e-01	-1.434306410e-03	-1.865542608e-03	-2.466512142e-03	
99	9.9000000000e-01	9.9000000000e-01	-1.436992321e-03	-1.868189420e-03	-2.469293649e-03	
100	1.0000000000e+00	1.0000000000e+00	-1.439836759e-03	-1.870946857e-03	-2.472123360e-03	
Doing analysis at TEMP = 27.000000 and TNOM = 27.000000

Using SPARSE 1.3 as Direct Linear Solver

No. of Data Rows : 501
                                                                                                                                                                                                                                                     *include "corner.spice
                                                                                                                                                                                                                                                     DC transfer characteristic  Tue Aug 18 01:17:54  2026
--------------------------------------------------------------------------------------------------------------------------------------------------------------------------------------------------------------------------------------------------------------------------------------------------------------------------------------------------------------------------------------------------------------------------------------------------------------------------------------------------------------------------------
Index   v-sweep         v(vfracdi)      ifb             
--------------------------------------------------------------------------------------------------------------------------------------------------------------------------------------------------------------------------------------------------------------------------------------------------------------------------------------------------------------------------------------------------------------------------------------------------------------------------------------------------------------------------------
0	0.0000000000e+00	0.0000000000e+00	-5.091271848e-47	
1	2.0000000000e-03	2.0000000000e-03	2.6645352591e-15	
2	4.0000000000e-03	4.0000000000e-03	5.4400928207e-15	
3	6.0000000000e-03	6.0000000000e-03	8.2156503822e-15	
4	8.0000000000e-03	8.0000000000e-03	1.0880185641e-14	
5	1.0000000000e-02	1.0000000000e-02	1.3766765505e-14	
6	1.2000000000e-02	1.2000000000e-02	1.6542323067e-14	
7	1.4000000000e-02	1.4000000000e-02	1.9317880628e-14	
8	1.6000000000e-02	1.6000000000e-02	2.2315482795e-14	
9	1.8000000000e-02	1.8000000000e-02	2.5757174171e-14	
10	2.0000000000e-02	2.0000000000e-02	2.8421709430e-14	
11	2.2000000000e-02	2.2000000000e-02	3.1530333899e-14	
12	2.4000000000e-02	2.4000000000e-02	3.4861002973e-14	
13	2.6000000000e-02	2.6000000000e-02	3.7969627442e-14	
14	2.8000000000e-02	2.8000000000e-02	4.1522341121e-14	
15	3.0000000000e-02	3.0000000000e-02	4.4630965590e-14	
16	3.2000000000e-02	3.2000000000e-02	4.8849813084e-14	
17	3.4000000000e-02	3.4000000000e-02	5.2402526762e-14	
18	3.6000000000e-02	3.6000000000e-02	5.5511151231e-14	
19	3.8000000000e-02	3.8000000000e-02	5.9507954120e-14	
20	4.0000000000e-02	4.0000000000e-02	6.3504757009e-14	
21	4.2000000000e-02	4.2000000000e-02	6.7945649107e-14	
22	4.4000000000e-02	4.4000000000e-02	7.2830630415e-14	
23	4.6000000000e-02	4.6000000000e-02	7.7715611724e-14	
24	4.8000000000e-02	4.8000000000e-02	8.1712414612e-14	
25	5.0000000000e-02	5.0000000000e-02	8.6597395921e-14	
26	5.2000000000e-02	5.2000000000e-02	9.1482377229e-14	
27	5.4000000000e-02	5.4000000000e-02	9.7255536957e-14	
28	5.6000000000e-02	5.6000000000e-02	1.0391687510e-13	
29	5.8000000000e-02	5.8000000000e-02	1.0924594562e-13	
30	6.0000000000e-02	6.0000000000e-02	1.1635137298e-13	
31	6.2000000000e-02	6.2000000000e-02	1.2301271113e-13	
32	6.4000000000e-02	6.4000000000e-02	1.3011813849e-13	
33	6.6000000000e-02	6.6000000000e-02	1.3899992268e-13	
34	6.8000000000e-02	6.8000000000e-02	1.4743761767e-13	
35	7.0000000000e-02	7.0000000000e-02	1.5631940187e-13	
36	7.2000000000e-02	7.2000000000e-02	1.6520118606e-13	
37	7.4000000000e-02	7.4000000000e-02	1.7585932710e-13	
38	7.6000000000e-02	7.6000000000e-02	1.8740564656e-13	
39	7.8000000000e-02	7.8000000000e-02	1.9895196601e-13	
40	8.0000000000e-02	8.0000000000e-02	2.1138646389e-13	
41	8.2000000000e-02	8.2000000000e-02	2.2559731860e-13	
42	8.4000000000e-02	8.4000000000e-02	2.4069635174e-13	
43	8.6000000000e-02	8.6000000000e-02	2.5668356329e-13	
44	8.8000000000e-02	8.8000000000e-02	2.7444713169e-13	
45	9.0000000000e-02	9.0000000000e-02	2.9309887850e-13	
46	9.2000000000e-02	9.2000000000e-02	3.1352698215e-13	
47	9.4000000000e-02	9.4000000000e-02	3.3661962107e-13	
48	9.6000000000e-02	9.6000000000e-02	3.6060043840e-13	
49	9.8000000000e-02	9.8000000000e-02	3.8813396941e-13	
50	1.0000000000e-01	1.0000000000e-01	4.1655567884e-13	
51	1.0200000000e-01	1.0200000000e-01	4.4675374511e-13	
52	1.0400000000e-01	1.0400000000e-01	4.8139270348e-13	
53	1.0600000000e-01	1.0600000000e-01	5.1869619710e-13	
54	1.0800000000e-01	1.0800000000e-01	5.5866422599e-13	
55	1.1000000000e-01	1.1000000000e-01	6.0307314698e-13	
56	1.1200000000e-01	1.1200000000e-01	6.5103478164e-13	
57	1.1400000000e-01	1.1400000000e-01	7.0432548682e-13	
58	1.1600000000e-01	1.1600000000e-01	7.6205708410e-13	
59	1.1800000000e-01	1.1800000000e-01	8.2422957348e-13	
60	1.2000000000e-01	1.2000000000e-01	8.9350749022e-13	
61	1.2200000000e-01	1.2200000000e-01	9.6900265589e-13	
62	1.2400000000e-01	1.2400000000e-01	1.0516032489e-12	
63	1.2600000000e-01	1.2600000000e-01	1.1413092693e-12	
64	1.2800000000e-01	1.2800000000e-01	1.2390088955e-12	
65	1.3000000000e-01	1.3000000000e-01	1.3455903058e-12	
66	1.3200000000e-01	1.3200000000e-01	1.4646062141e-12	
67	1.3400000000e-01	1.3400000000e-01	1.5933920849e-12	
68	1.3600000000e-01	1.3600000000e-01	1.7337242753e-12	
69	1.3800000000e-01	1.3800000000e-01	1.8882673203e-12	
70	1.4000000000e-01	1.4000000000e-01	2.0587975769e-12	
71	1.4200000000e-01	1.4200000000e-01	2.2435386882e-12	
72	1.4400000000e-01	1.4400000000e-01	2.4442670110e-12	
73	1.4600000000e-01	1.4600000000e-01	2.6680879728e-12	
74	1.4800000000e-01	1.4800000000e-01	2.9096725029e-12	
75	1.5000000000e-01	1.5000000000e-01	3.1761260288e-12	
76	1.5200000000e-01	1.5200000000e-01	3.4710012642e-12	
77	1.5400000000e-01	1.5400000000e-01	3.7907454953e-12	
78	1.5600000000e-01	1.5600000000e-01	4.1406877926e-12	
79	1.5800000000e-01	1.5800000000e-01	4.5279335836e-12	
80	1.6000000000e-01	1.6000000000e-01	4.9507065114e-12	
81	1.6200000000e-01	1.6200000000e-01	5.4107829328e-12	
82	1.6400000000e-01	1.6400000000e-01	5.9188209889e-12	
83	1.6600000000e-01	1.6600000000e-01	6.4730443228e-12	
84	1.6800000000e-01	1.6800000000e-01	7.0823347187e-12	
85	1.7000000000e-01	1.7000000000e-01	7.7520212471e-12	
86	1.7200000000e-01	1.7200000000e-01	8.4821039081e-12	
87	1.7400000000e-01	1.7400000000e-01	9.2867935564e-12	
88	1.7600000000e-01	1.7600000000e-01	1.0164313835e-11	
89	1.7800000000e-01	1.7800000000e-01	1.1130651956e-11	
90	1.8000000000e-01	1.8000000000e-01	1.2185807918e-11	
91	1.8200000000e-01	1.8200000000e-01	1.3347545291e-11	
92	1.8400000000e-01	1.8400000000e-01	1.4617640431e-11	
93	1.8600000000e-01	1.8600000000e-01	1.6012080550e-11	
94	1.8800000000e-01	1.8800000000e-01	1.7543300146e-11	
95	1.9000000000e-01	1.9000000000e-01	1.9216628289e-11	
96	1.9200000000e-01	1.9200000000e-01	2.1055157617e-11	
97	1.9400000000e-01	1.9400000000e-01	2.3069546273e-11	
98	1.9600000000e-01	1.9600000000e-01	2.5279334182e-11	
99	1.9800000000e-01	1.9800000000e-01	2.7702284910e-11	
100	2.0000000000e-01	2.0000000000e-01	3.0357938385e-11	
101	2.0200000000e-01	2.0200000000e-01	3.3271163602e-11	
102	2.0400000000e-01	2.0400000000e-01	3.6466829556e-11	
103	2.0600000000e-01	2.0600000000e-01	3.9969805243e-11	
104	2.0800000000e-01	2.0800000000e-01	4.3808512373e-11	
105	2.1000000000e-01	2.1000000000e-01	4.8025583510e-11	
106	2.1200000000e-01	2.1200000000e-01	5.2644111292e-11	
107	2.1400000000e-01	2.1400000000e-01	5.7710280998e-11	
108	2.1600000000e-01	2.1600000000e-01	6.3264948835e-11	
109	2.1800000000e-01	2.1800000000e-01	6.9352523724e-11	
110	2.2000000000e-01	2.2000000000e-01	7.6035178154e-11	
111	2.2200000000e-01	2.2200000000e-01	8.3359097403e-11	
112	2.2400000000e-01	2.2400000000e-01	9.1391783030e-11	
113	2.2600000000e-01	2.2600000000e-01	1.0020073660e-10	
114	2.2800000000e-01	2.2800000000e-01	1.0985701238e-10	
115	2.3000000000e-01	2.3000000000e-01	1.2045120457e-10	
116	2.3200000000e-01	2.3200000000e-01	1.3206680194e-10	
117	2.3400000000e-01	2.3400000000e-01	1.4480505683e-10	
118	2.3600000000e-01	2.3600000000e-01	1.5877255066e-10	
119	2.3800000000e-01	2.3800000000e-01	1.7408652297e-10	
120	2.4000000000e-01	2.4000000000e-01	1.9088908232e-10	
121	2.4200000000e-01	2.4200000000e-01	2.0930990274e-10	
122	2.4400000000e-01	2.4400000000e-01	2.2950885636e-10	
123	2.4600000000e-01	2.4600000000e-01	2.5165824979e-10	
124	2.4800000000e-01	2.4800000000e-01	2.7595170593e-10	
125	2.5000000000e-01	2.5000000000e-01	3.0258640038e-10	
126	2.5200000000e-01	2.5200000000e-01	3.3180214132e-10	
127	2.5400000000e-01	2.5400000000e-01	3.6383696056e-10	
128	2.5600000000e-01	2.5600000000e-01	3.9896441706e-10	
129	2.5800000000e-01	2.5800000000e-01	4.3748826783e-10	
130	2.6000000000e-01	2.6000000000e-01	4.7973003348e-10	
131	2.6200000000e-01	2.6200000000e-01	5.2606097256e-10	
132	2.6400000000e-01	2.6400000000e-01	5.7685944910e-10	
133	2.6600000000e-01	2.6600000000e-01	6.3256955229e-10	
134	2.6800000000e-01	2.6800000000e-01	6.9365668764e-10	
135	2.7000000000e-01	2.7000000000e-01	7.6064665677e-10	
136	2.7200000000e-01	2.7200000000e-01	8.3411322294e-10	
137	2.7400000000e-01	2.7400000000e-01	9.1467100560e-10	
138	2.7600000000e-01	2.7600000000e-01	1.0030127839e-09	
139	2.7800000000e-01	2.7800000000e-01	1.0998881805e-09	
140	2.8000000000e-01	2.8000000000e-01	1.2061178722e-09	
141	2.8200000000e-01	2.8200000000e-01	1.3226149065e-09	
142	2.8400000000e-01	2.8400000000e-01	1.4503562795e-09	
143	2.8600000000e-01	2.8600000000e-01	1.5904397799e-09	
144	2.8800000000e-01	2.8800000000e-01	1.7440591193e-09	
145	2.9000000000e-01	2.9000000000e-01	1.9125074857e-09	
146	2.9200000000e-01	2.9200000000e-01	2.0972272807e-09	
147	2.9400000000e-01	2.9400000000e-01	2.2997888038e-09	
148	2.9600000000e-01	2.9600000000e-01	2.5219044630e-09	
149	2.9800000000e-01	2.9800000000e-01	2.7654785129e-09	
150	3.0000000000e-01	3.0000000000e-01	3.0325715272e-09	
151	3.0200000000e-01	3.0200000000e-01	3.3254536902e-09	
152	3.0400000000e-01	3.0400000000e-01	3.6466190068e-09	
153	3.0600000000e-01	3.0600000000e-01	3.9987959610e-09	
154	3.0800000000e-01	3.0800000000e-01	4.3849723852e-09	
155	3.1000000000e-01	3.1000000000e-01	4.8084380921e-09	
156	3.1200000000e-01	3.1200000000e-01	5.2727884281e-09	
157	3.1400000000e-01	3.1400000000e-01	5.7819633525e-09	
158	3.1600000000e-01	3.1600000000e-01	6.3402900707e-09	
159	3.1800000000e-01	3.1800000000e-01	6.9525114554e-09	
160	3.2000000000e-01	3.2000000000e-01	7.6238322322e-09	
161	3.2200000000e-01	3.2200000000e-01	8.3599402956e-09	
162	3.2400000000e-01	3.2400000000e-01	9.1670919744e-09	
163	3.2600000000e-01	3.2600000000e-01	1.0052140453e-08	
164	3.2800000000e-01	3.2800000000e-01	1.1022603275e-08	
165	3.3000000000e-01	3.3000000000e-01	1.2086701418e-08	
166	3.3200000000e-01	3.3200000000e-01	1.3253472986e-08	
167	3.3400000000e-01	3.3400000000e-01	1.4532808734e-08	
168	3.3600000000e-01	3.3600000000e-01	1.5935565756e-08	
169	3.3800000000e-01	3.3800000000e-01	1.7473634983e-08	
170	3.4000000000e-01	3.4000000000e-01	1.9160058429e-08	
171	3.4200000000e-01	3.4200000000e-01	2.1009132212e-08	
172	3.4400000000e-01	3.4400000000e-01	2.3036516694e-08	
173	3.4600000000e-01	3.4600000000e-01	2.5259396352e-08	
174	3.4800000000e-01	3.4800000000e-01	2.7696597016e-08	
175	3.5000000000e-01	3.5000000000e-01	3.0368756399e-08	
176	3.5200000000e-01	3.5200000000e-01	3.3298491076e-08	
177	3.5400000000e-01	3.5400000000e-01	3.6510602541e-08	
178	3.5600000000e-01	3.5600000000e-01	4.0032269055e-08	
179	3.5800000000e-01	3.5800000000e-01	4.3893265911e-08	
180	3.6000000000e-01	3.6000000000e-01	4.8126242547e-08	
181	3.6200000000e-01	3.6200000000e-01	5.2766985448e-08	
182	3.6400000000e-01	3.6400000000e-01	5.7854695257e-08	
183	3.6600000000e-01	3.6600000000e-01	6.3432345598e-08	
184	3.6800000000e-01	3.6800000000e-01	6.9547027692e-08	
185	3.7000000000e-01	3.7000000000e-01	7.6250348258e-08	
186	3.7200000000e-01	3.7200000000e-01	8.3598855838e-08	
187	3.7400000000e-01	3.7400000000e-01	9.1654495549e-08	
188	3.7600000000e-01	3.7600000000e-01	1.0048517751e-07	
189	3.7800000000e-01	3.7800000000e-01	1.1016527424e-07	
190	3.8000000000e-01	3.8000000000e-01	1.2077629918e-07	
191	3.8200000000e-01	3.8200000000e-01	1.3240753205e-07	
192	3.8400000000e-01	3.8400000000e-01	1.4515679325e-07	
193	3.8600000000e-01	3.8600000000e-01	1.5913123264e-07	
194	3.8800000000e-01	3.8800000000e-01	1.7444825673e-07	
195	3.9000000000e-01	3.9000000000e-01	1.9123642048e-07	
196	3.9200000000e-01	3.9200000000e-01	2.0963655700e-07	
197	3.9400000000e-01	3.9400000000e-01	2.2980291092e-07	
198	3.9600000000e-01	3.9600000000e-01	2.5190440311e-07	
199	3.9800000000e-01	3.9800000000e-01	2.7612603404e-07	
200	4.0000000000e-01	4.0000000000e-01	3.0267034035e-07	
201	4.0200000000e-01	4.0200000000e-01	3.3175915348e-07	
202	4.0400000000e-01	4.0400000000e-01	3.6363530498e-07	
203	4.0600000000e-01	4.0600000000e-01	3.9856467637e-07	
204	4.0800000000e-01	4.0800000000e-01	4.3683831663e-07	
205	4.1000000000e-01	4.1000000000e-01	4.7877480114e-07	
206	4.1200000000e-01	4.1200000000e-01	5.2472286072e-07	
207	4.1400000000e-01	4.1400000000e-01	5.7506409945e-07	
208	4.1600000000e-01	4.1600000000e-01	6.3021619567e-07	
209	4.1800000000e-01	4.1800000000e-01	6.9063610653e-07	
210	4.2000000000e-01	4.2000000000e-01	7.5682383738e-07	
211	4.2200000000e-01	4.2200000000e-01	8.2932637469e-07	
212	4.2400000000e-01	4.2400000000e-01	9.0874208070e-07	
213	4.2600000000e-01	4.2600000000e-01	9.9572536527e-07	
214	4.2800000000e-01	4.2800000000e-01	1.0909919510e-06	
215	4.3000000000e-01	4.3000000000e-01	1.1953244119e-06	
216	4.3200000000e-01	4.3200000000e-01	1.3095784084e-06	
217	4.3400000000e-01	4.3400000000e-01	1.4346892954e-06	
218	4.3600000000e-01	4.3600000000e-01	1.5716794479e-06	
219	4.3800000000e-01	4.3800000000e-01	1.7216661590e-06	
220	4.4000000000e-01	4.4000000000e-01	1.8858703257e-06	
221	4.4200000000e-01	4.4200000000e-01	2.0656257327e-06	
222	4.4400000000e-01	4.4400000000e-01	2.2623893052e-06	
223	4.4600000000e-01	4.4600000000e-01	2.4777521972e-06	
224	4.4800000000e-01	4.4800000000e-01	2.7134518064e-06	
225	4.5000000000e-01	4.5000000000e-01	2.9713848591e-06	
226	4.5200000000e-01	4.5200000000e-01	3.2536216210e-06	
227	4.5400000000e-01	4.5400000000e-01	3.5624212380e-06	
228	4.5600000000e-01	4.5600000000e-01	3.9002484904e-06	
229	4.5800000000e-01	4.5800000000e-01	4.2697918587e-06	
230	4.6000000000e-01	4.6000000000e-01	4.6739831383e-06	
231	4.6200000000e-01	4.6200000000e-01	5.1160186239e-06	
232	4.6400000000e-01	4.6400000000e-01	5.5993821384e-06	
233	4.6600000000e-01	4.6600000000e-01	6.1278698098e-06	
234	4.6800000000e-01	4.6800000000e-01	6.7056169151e-06	
235	4.7000000000e-01	4.7000000000e-01	7.3371268670e-06	
236	4.7200000000e-01	4.7200000000e-01	8.0273025276e-06	
237	4.7400000000e-01	4.7400000000e-01	8.7814798775e-06	
238	4.7600000000e-01	4.7600000000e-01	9.6054644239e-06	
239	4.7800000000e-01	4.7800000000e-01	1.0505570334e-05	
240	4.8000000000e-01	4.8000000000e-01	1.1488662544e-05	
241	4.8200000000e-01	4.8200000000e-01	1.2562202095e-05	
242	4.8400000000e-01	4.8400000000e-01	1.3734294747e-05	
243	4.8600000000e-01	4.8600000000e-01	1.5013743198e-05	
244	4.8800000000e-01	4.8800000000e-01	1.6410103097e-05	
245	4.9000000000e-01	4.9000000000e-01	1.7933742978e-05	
246	4.9200000000e-01	4.9200000000e-01	1.9595908498e-05	
247	4.9400000000e-01	4.9400000000e-01	2.1408790989e-05	
248	4.9600000000e-01	4.9600000000e-01	2.3385600752e-05	
249	4.9800000000e-01	4.9800000000e-01	2.5540645222e-05	
250	5.0000000000e-01	5.0000000000e-01	2.7889412202e-05	
251	5.0200000000e-01	5.0200000000e-01	3.0448658546e-05	
252	5.0400000000e-01	5.0400000000e-01	3.3236504269e-05	
253	5.0600000000e-01	5.0600000000e-01	3.6272532608e-05	
254	5.0800000000e-01	5.0800000000e-01	3.9577895979e-05	
255	5.1000000000e-01	5.1000000000e-01	4.3175428260e-05	
256	5.1200000000e-01	5.1200000000e-01	4.7089763441e-05	
257	5.1400000000e-01	5.1400000000e-01	5.1347460928e-05	
258	5.1600000000e-01	5.1600000000e-01	5.5977137677e-05	
259	5.1800000000e-01	5.1800000000e-01	6.1009607201e-05	
260	5.2000000000e-01	5.2000000000e-01	6.6478025925e-05	
261	5.2200000000e-01	5.2200000000e-01	7.2418046472e-05	
262	5.2400000000e-01	5.2400000000e-01	7.8867978647e-05	
263	5.2600000000e-01	5.2600000000e-01	8.5868957669e-05	
264	5.2800000000e-01	5.2800000000e-01	9.3465119981e-05	
265	5.3000000000e-01	5.3000000000e-01	1.0170378680e-04	
266	5.3200000000e-01	5.3200000000e-01	1.1063565501e-04	
267	5.3400000000e-01	5.3400000000e-01	1.2031499599e-04	
268	5.3600000000e-01	5.3600000000e-01	1.3079986193e-04	
269	5.3800000000e-01	5.3800000000e-01	1.4215229975e-04	
270	5.4000000000e-01	5.4000000000e-01	1.5443857269e-04	
271	5.4200000000e-01	5.4200000000e-01	1.6772938945e-04	
272	5.4400000000e-01	5.4400000000e-01	1.8210014088e-04	
273	5.4600000000e-01	5.4600000000e-01	1.9763114413e-04	
274	5.4800000000e-01	5.4800000000e-01	2.1440789445e-04	
275	5.5000000000e-01	5.5000000000e-01	2.3252132444e-04	
276	5.5200000000e-01	5.5200000000e-01	2.5206807091e-04	
277	5.5400000000e-01	5.5400000000e-01	2.7315074959e-04	
278	5.5600000000e-01	5.5600000000e-01	2.9587823757e-04	
279	5.5800000000e-01	5.5800000000e-01	3.2036596412e-04	
280	5.6000000000e-01	5.6000000000e-01	3.4673620994e-04	
281	5.6200000000e-01	5.6200000000e-01	3.7511841543e-04	
282	5.6400000000e-01	5.6400000000e-01	4.0564949862e-04	
283	5.6600000000e-01	5.6600000000e-01	4.3847418348e-04	
284	5.6800000000e-01	5.6800000000e-01	4.7374533956e-04	
285	5.7000000000e-01	5.7000000000e-01	5.1162433398e-04	
286	5.7200000000e-01	5.7200000000e-01	5.5228139728e-04	
287	5.7400000000e-01	5.7400000000e-01	5.9589600443e-04	
288	5.7600000000e-01	5.7600000000e-01	6.4265727315e-04	
289	5.7800000000e-01	5.7800000000e-01	6.9276438110e-04	
290	5.8000000000e-01	5.8000000000e-01	7.4642700472e-04	
291	5.8200000000e-01	5.8200000000e-01	8.0386578212e-04	
292	5.8400000000e-01	5.8400000000e-01	8.6531280294e-04	
293	5.8600000000e-01	5.8600000000e-01	9.3101212848e-04	
294	5.8800000000e-01	5.8800000000e-01	1.0012203457e-03	
295	5.9000000000e-01	5.9000000000e-01	1.0762071587e-03	
296	5.9200000000e-01	5.9200000000e-01	1.1562560227e-03	
297	5.9400000000e-01	5.9400000000e-01	1.2416648240e-03	
298	5.9600000000e-01	5.9600000000e-01	1.3327466120e-03	
299	5.9800000000e-01	5.9800000000e-01	1.4298303879e-03	
300	6.0000000000e-01	6.0000000000e-01	1.5332619561e-03	
301	6.0200000000e-01	6.0200000000e-01	1.6434048449e-03	
302	6.0400000000e-01	6.0400000000e-01	1.7606413017e-03	
303	6.0600000000e-01	6.0600000000e-01	1.8853733712e-03	
304	6.0800000000e-01	6.0800000000e-01	2.0180240640e-03	
305	6.1000000000e-01	6.1000000000e-01	2.1590386212e-03	
306	6.1200000000e-01	6.1200000000e-01	2.3088858874e-03	
307	6.1400000000e-01	6.1400000000e-01	2.4680597968e-03	
308	6.1600000000e-01	6.1600000000e-01	2.6370809854e-03	
309	6.1800000000e-01	6.1800000000e-01	2.8164985372e-03	
310	6.2000000000e-01	6.2000000000e-01	3.0068918763e-03	
311	6.2200000000e-01	6.2200000000e-01	3.2088728162e-03	
312	6.2400000000e-01	6.2400000000e-01	3.4230877785e-03	
313	6.2600000000e-01	6.2600000000e-01	3.6502201948e-03	
314	6.2800000000e-01	6.2800000000e-01	3.8909931045e-03	
315	6.3000000000e-01	6.3000000000e-01	4.1461719664e-03	
316	6.3200000000e-01	6.3200000000e-01	4.4165676973e-03	
317	6.3400000000e-01	6.3400000000e-01	4.7030399579e-03	
318	6.3600000000e-01	6.3600000000e-01	5.0065007032e-03	
319	6.3800000000e-01	6.3800000000e-01	5.3279180193e-03	
320	6.4000000000e-01	6.4000000000e-01	5.6683202674e-03	
321	6.4200000000e-01	6.4200000000e-01	6.0288005595e-03	
322	6.4400000000e-01	6.4400000000e-01	6.4105215922e-03	
323	6.4600000000e-01	6.4600000000e-01	6.8147208653e-03	
324	6.4800000000e-01	6.4800000000e-01	7.2427163154e-03	
325	6.5000000000e-01	6.5000000000e-01	7.6959123978e-03	
326	6.5200000000e-01	6.5200000000e-01	8.1758066505e-03	
327	6.5400000000e-01	6.5400000000e-01	8.6839967790e-03	
328	6.5600000000e-01	6.5600000000e-01	9.2221883010e-03	
329	6.5800000000e-01	6.5800000000e-01	9.7922027962e-03	
330	6.6000000000e-01	6.6000000000e-01	1.0395986806e-02	
331	6.6200000000e-01	6.6200000000e-01	1.1035621435e-02	
332	6.6400000000e-01	6.6400000000e-01	1.1713332705e-02	
333	6.6600000000e-01	6.6600000000e-01	1.2431502727e-02	
334	6.6800000000e-01	6.6800000000e-01	1.3192681731e-02	
335	6.7000000000e-01	6.7000000000e-01	1.3999601053e-02	
336	6.7200000000e-01	6.7200000000e-01	1.4855187108e-02	
337	6.7400000000e-01	6.7400000000e-01	1.5762576452e-02	
338	6.7600000000e-01	6.7600000000e-01	1.6725131994e-02	
339	6.7800000000e-01	6.7800000000e-01	1.7746460436e-02	
340	6.8000000000e-01	6.8000000000e-01	1.8830431038e-02	
341	6.8200000000e-01	6.8200000000e-01	1.9981195774e-02	
342	6.8400000000e-01	6.8400000000e-01	2.1203210980e-02	
343	6.8600000000e-01	6.8600000000e-01	2.2501260582e-02	
344	6.8800000000e-01	6.8800000000e-01	2.3880480990e-02	
345	6.9000000000e-01	6.9000000000e-01	2.5346387752e-02	
346	6.9200000000e-01	6.9200000000e-01	2.6904904059e-02	
347	6.9400000000e-01	6.9400000000e-01	2.8562391179e-02	
348	6.9600000000e-01	6.9600000000e-01	3.0325680910e-02	
349	6.9800000000e-01	6.9800000000e-01	3.2202110117e-02	
350	7.0000000000e-01	7.0000000000e-01	3.4199557419e-02	
351	7.0200000000e-01	7.0200000000e-01	3.6326482077e-02	
352	7.0400000000e-01	7.0400000000e-01	3.8591965110e-02	
353	7.0600000000e-01	7.0600000000e-01	4.1005752650e-02	
354	7.0800000000e-01	7.0800000000e-01	4.3578301512e-02	
355	7.1000000000e-01	7.1000000000e-01	4.6320826937e-02	
356	7.1200000000e-01	7.1200000000e-01	4.9245352403e-02	
357	7.1400000000e-01	7.1400000000e-01	5.2364761371e-02	
358	7.1600000000e-01	7.1600000000e-01	5.5692850771e-02	
359	7.1800000000e-01	7.1800000000e-01	5.9244385956e-02	
360	7.2000000000e-01	7.2000000000e-01	6.3035156799e-02	
361	7.2200000000e-01	7.2200000000e-01	6.7082034501e-02	
362	7.2400000000e-01	7.2400000000e-01	7.1403028611e-02	
363	7.2600000000e-01	7.2600000000e-01	7.6017343604e-02	
364	7.2800000000e-01	7.2800000000e-01	8.0945434314e-02	
365	7.3000000000e-01	7.3000000000e-01	8.6209059335e-02	
366	7.3200000000e-01	7.3200000000e-01	9.1831331395e-02	
367	7.3400000000e-01	7.3400000000e-01	9.7836763579e-02	
368	7.3600000000e-01	7.3600000000e-01	1.0425131011e-01	
369	7.3800000000e-01	7.3800000000e-01	1.1110240030e-01	
370	7.4000000000e-01	7.4000000000e-01	1.1841896406e-01	
371	7.4200000000e-01	7.4200000000e-01	1.2623144737e-01	
372	7.4400000000e-01	7.4400000000e-01	1.3457181593e-01	
373	7.4600000000e-01	7.4600000000e-01	1.4347354511e-01	
374	7.4800000000e-01	7.4800000000e-01	1.5297159434e-01	
375	7.5000000000e-01	7.5000000000e-01	1.6310236416e-01	
376	7.5200000000e-01	7.5200000000e-01	1.7390363405e-01	
377	7.5400000000e-01	7.5400000000e-01	1.8541447948e-01	
378	7.5600000000e-01	7.5600000000e-01	1.9767516672e-01	
379	7.5800000000e-01	7.5800000000e-01	2.1072702433e-01	
380	7.6000000000e-01	7.6000000000e-01	2.2461229066e-01	
381	7.6200000000e-01	7.6200000000e-01	2.3937393699e-01	
382	7.6400000000e-01	7.6400000000e-01	2.5505546681e-01	
383	7.6600000000e-01	7.6600000000e-01	2.7170069206e-01	
384	7.6800000000e-01	7.6800000000e-01	2.8935348811e-01	
385	7.7000000000e-01	7.7000000000e-01	3.0805752972e-01	
386	7.7200000000e-01	7.7200000000e-01	3.2785601120e-01	
387	7.7400000000e-01	7.7400000000e-01	3.4879135452e-01	
388	7.7600000000e-01	7.7600000000e-01	3.7090490977e-01	
389	7.7800000000e-01	7.7800000000e-01	3.9423665303e-01	
390	7.8000000000e-01	7.8000000000e-01	4.1882488694e-01	
391	7.8200000000e-01	7.8200000000e-01	4.4470594950e-01	
392	7.8400000000e-01	7.8400000000e-01	4.7191393696e-01	
393	7.8600000000e-01	7.8600000000e-01	5.0048044601e-01	
394	7.8800000000e-01	7.8800000000e-01	5.3043434060e-01	
395	7.9000000000e-01	7.9000000000e-01	5.6180154784e-01	
396	7.9200000000e-01	7.9200000000e-01	5.9460488681e-01	
397	7.9400000000e-01	7.9400000000e-01	6.2886393336e-01	
398	7.9600000000e-01	7.9600000000e-01	6.6459492281e-01	
399	7.9800000000e-01	7.9800000000e-01	7.0181069155e-01	
400	8.0000000000e-01	8.0000000000e-01	7.4052065760e-01	
401	8.0200000000e-01	8.0200000000e-01	7.8073083903e-01	
402	8.0400000000e-01	8.0400000000e-01	8.2244390836e-01	
403	8.0600000000e-01	8.0600000000e-01	8.6565928035e-01	
404	8.0800000000e-01	8.0800000000e-01	9.1037322973e-01	
405	8.1000000000e-01	8.1000000000e-01	9.5657903516e-01	
406	8.1200000000e-01	8.1200000000e-01	1.0042671453e+00	
407	8.1400000000e-01	8.1400000000e-01	1.0534253627e+00	
408	8.1600000000e-01	8.1600000000e-01	1.1040390413e+00	
409	8.1800000000e-01	8.1800000000e-01	1.1560912930e+00	
410	8.2000000000e-01	8.2000000000e-01	1.2095632003e+00	
411	8.2200000000e-01	8.2200000000e-01	1.2644340305e+00	
412	8.2400000000e-01	8.2400000000e-01	1.3206814478e+00	
413	8.2600000000e-01	8.2600000000e-01	1.3782817226e+00	
414	8.2800000000e-01	8.2800000000e-01	1.4372099333e+00	
415	8.3000000000e-01	8.3000000000e-01	1.4974401594e+00	
416	8.3200000000e-01	8.3200000000e-01	1.5589456652e+00	
417	8.3400000000e-01	8.3400000000e-01	1.6216990718e+00	
418	8.3600000000e-01	8.3600000000e-01	1.6856725176e+00	
419	8.3800000000e-01	8.3800000000e-01	1.7508378054e+00	
420	8.4000000000e-01	8.4000000000e-01	1.8171665383e+00	
421	8.4200000000e-01	8.4200000000e-01	1.8846302414e+00	
422	8.4400000000e-01	8.4400000000e-01	1.9532004730e+00	
423	8.4600000000e-01	8.4600000000e-01	2.0228489219e+00	
424	8.4800000000e-01	8.4800000000e-01	2.0935474952e+00	
425	8.5000000000e-01	8.5000000000e-01	2.1652683939e+00	
426	8.5200000000e-01	8.5200000000e-01	2.2379841791e+00	
427	8.5400000000e-01	8.5400000000e-01	2.3116678289e+00	
428	8.5600000000e-01	8.5600000000e-01	2.3862927861e+00	
429	8.5800000000e-01	8.5800000000e-01	2.4618329984e+00	
430	8.6000000000e-01	8.6000000000e-01	2.5382629513e+00	
431	8.6200000000e-01	8.6200000000e-01	2.6155576944e+00	
432	8.6400000000e-01	8.6400000000e-01	2.6936928619e+00	
433	8.6600000000e-01	8.6600000000e-01	2.7726446878e+00	
434	8.6800000000e-01	8.6800000000e-01	2.8523900165e+00	
435	8.7000000000e-01	8.7000000000e-01	2.9329063094e+00	
436	8.7200000000e-01	8.7200000000e-01	3.0141716476e+00	
437	8.7400000000e-01	8.7400000000e-01	3.0961647320e+00	
438	8.7600000000e-01	8.7600000000e-01	3.1788648800e+00	
439	8.7800000000e-01	8.7800000000e-01	3.2622520204e+00	
440	8.8000000000e-01	8.8000000000e-01	3.3463066862e+00	
441	8.8200000000e-01	8.8200000000e-01	3.4310100058e+00	
442	8.8400000000e-01	8.8400000000e-01	3.5163436924e+00	
443	8.8600000000e-01	8.8600000000e-01	3.6022900327e+00	
444	8.8800000000e-01	8.8800000000e-01	3.6888318747e+00	
445	8.9000000000e-01	8.9000000000e-01	3.7759526145e+00	
446	8.9200000000e-01	8.9200000000e-01	3.8636361824e+00	
447	8.9400000000e-01	8.9400000000e-01	3.9518670292e+00	
448	8.9600000000e-01	8.9600000000e-01	4.0406301119e+00	
449	8.9800000000e-01	8.9800000000e-01	4.1299108786e+00	
450	9.0000000000e-01	9.0000000000e-01	4.2196952547e+00	
451	9.0200000000e-01	9.0200000000e-01	4.3099696275e+00	
452	9.0400000000e-01	9.0400000000e-01	4.4007208326e+00	
453	9.0600000000e-01	9.0600000000e-01	4.4919361388e+00	
454	9.0800000000e-01	9.0800000000e-01	4.5836032341e+00	
455	9.1000000000e-01	9.1000000000e-01	4.6757102122e+00	
456	9.1200000000e-01	9.1200000000e-01	4.7682455582e+00	
457	9.1400000000e-01	9.1400000000e-01	4.8611981357e+00	
458	9.1600000000e-01	9.1600000000e-01	4.9545571733e+00	
459	9.1800000000e-01	9.1800000000e-01	5.0483122525e+00	
460	9.2000000000e-01	9.2000000000e-01	5.1424532944e+00	
461	9.2200000000e-01	9.2200000000e-01	5.2369705487e+00	
462	9.2400000000e-01	9.2400000000e-01	5.3318545812e+00	
463	9.2600000000e-01	9.2600000000e-01	5.4270962629e+00	
464	9.2800000000e-01	9.2800000000e-01	5.5226867588e+00	
465	9.3000000000e-01	9.3000000000e-01	5.6186175176e+00	
466	9.3200000000e-01	9.3200000000e-01	5.7148802611e+00	
467	9.3400000000e-01	9.3400000000e-01	5.8114669747e+00	
468	9.3600000000e-01	9.3600000000e-01	5.9083698975e+00	
469	9.3800000000e-01	9.3800000000e-01	6.0055815132e+00	
470	9.4000000000e-01	9.4000000000e-01	6.1030945414e+00	
471	9.4200000000e-01	9.4200000000e-01	6.2009019289e+00	
472	9.4400000000e-01	9.4400000000e-01	6.2989968415e+00	
473	9.4600000000e-01	9.4600000000e-01	6.3973726559e+00	
474	9.4800000000e-01	9.4800000000e-01	6.4960229526e+00	
475	9.5000000000e-01	9.5000000000e-01	6.5949415077e+00	
476	9.5200000000e-01	9.5200000000e-01	6.6941222868e+00	
477	9.5400000000e-01	9.5400000000e-01	6.7935594375e+00	
478	9.5600000000e-01	9.5600000000e-01	6.8932472831e+00	
479	9.5800000000e-01	9.5800000000e-01	6.9931803165e+00	
480	9.6000000000e-01	9.6000000000e-01	7.0933531938e+00	
481	9.6200000000e-01	9.6200000000e-01	7.1937607289e+00	
482	9.6400000000e-01	9.6400000000e-01	7.2943978876e+00	
483	9.6600000000e-01	9.6600000000e-01	7.3952597823e+00	
484	9.6800000000e-01	9.6800000000e-01	7.4963416672e+00	
485	9.7000000000e-01	9.7000000000e-01	7.5976389328e+00	
486	9.7200000000e-01	9.7200000000e-01	7.6991471014e+00	
487	9.7400000000e-01	9.7400000000e-01	7.8008618228e+00	
488	9.7600000000e-01	9.7600000000e-01	7.9027788693e+00	
489	9.7800000000e-01	9.7800000000e-01	8.0048941321e+00	
490	9.8000000000e-01	9.8000000000e-01	8.1072036168e+00	
491	9.8200000000e-01	9.8200000000e-01	8.2097034396e+00	
492	9.8400000000e-01	9.8400000000e-01	8.3123898239e+00	
493	9.8600000000e-01	9.8600000000e-01	8.4152590959e+00	
494	9.8800000000e-01	9.8800000000e-01	8.5183076821e+00	
495	9.9000000000e-01	9.9000000000e-01	8.6215321051e+00	
496	9.9200000000e-01	9.9200000000e-01	8.7249289811e+00	
497	9.9400000000e-01	9.9400000000e-01	8.8284950162e+00	
498	9.9600000000e-01	9.9600000000e-01	8.9322270039e+00	
499	9.9800000000e-01	9.9800000000e-01	9.0361218221e+00	
500	1.0000000000e+00	1.0000000000e+00	9.1401764300e+00	
ngspice-46 done
Warning: diode_pd2nw_06v0: IKR too small - model effect disabled!
