
Note: Compatibility modes selected: hs a


Circuit: * level-shifter-oxide-safety @ ff_-40c_vlogic3p30v-vdrv5p00v -- generated by sim/harness, do not edit

Doing analysis at TEMP = -40.000000 and TNOM = 27.000000

Using SPARSE 1.3 as Direct Linear Solver

Initial Transient Solution
--------------------------

Node                                   Voltage
----                                   -------
inb                                        3.3
in                                           0
gnd_logic                                    0
vdd_logic                                  3.3
na                                     2.30488
nb                                 3.00422e-07
nca                                    4.99998
gnd_drv                            1.73072e-11
ncb                                7.88578e-07
vdd_drv                                      5
nbuf1                                        5
out                                4.97383e-07
vin#branch                                   0
vgnd_logic#branch                  2.79132e-08
vsup_drv#branch                   -2.46129e-08
vsup_logic#branch                 -3.30026e-09

 Reference value :  3.41008e-08
 Reference value :  1.13041e-07
No. of Data Rows : 10297
mq1                 =  3.30000e+00 at=  1.60491e-07
mq2                 =  3.30000e+00 at=  2.00000e-07
mq3                 =  3.30000e+00 at=  1.80000e-07
mq4                 =  3.30000e+00 at=  6.05000e-08
mq5                 =  3.31989e+00 at=  1.80074e-07
mq6                 =  3.31990e+00 at=  1.80074e-07
na_peak             =  2.39081e+00 at=  2.00790e-08
nb_peak             =  2.37090e+00 at=  6.07872e-08
t_plh               =  4.75336e-10 targ=  2.07253e-08 trig=  2.02500e-08
t_phl               =  2.55236e-10 targ=  6.10052e-08 trig=  6.07500e-08
vout_hi_abs         =  5.00000e+00
vout_lo_abs         =  4.97383e-07
vdrv_now            =  5.00000e+00
m_vgate_thinox_max = 3.3199040000e+00
m_vna_peak = 2.3908100000e+00
m_vnb_peak = 2.3708960000e+00
m_t_plh_ns = 4.7533580000e-01
m_t_phl_ns = 2.5523590000e-01
m_vout_hi_ratio = 9.9999960000e-01
m_vout_lo_ratio = 9.9476640000e-08
Note: Simulation executed from .control section 

Warning: m=xx on .subckt line will override multiplier m hierarchy!

