
Note: Compatibility modes selected: hs a


Circuit: * level-shifter-oxide-safety @ ff_-40c_vlogic3p30v-vdrv6p00v -- generated by sim/harness, do not edit

Doing analysis at TEMP = -40.000000 and TNOM = 27.000000

Using SPARSE 1.3 as Direct Linear Solver

Initial Transient Solution
--------------------------

Node                                   Voltage
----                                   -------
inb                                        3.3
in                                           0
gnd_logic                                    0
vdd_logic                                  3.3
na                                     2.31989
nb                                 3.60507e-07
nca                                    5.99998
gnd_drv                            2.03364e-11
ncb                                9.46294e-07
vdd_drv                                      6
nbuf1                                  5.99999
out                                5.54602e-07
vin#branch                                   0
vgnd_logic#branch                  3.19576e-08
vsup_drv#branch                   -2.86573e-08
vsup_logic#branch                 -3.30026e-09

 Reference value :  3.12772e-08
 Reference value :  1.06777e-07
No. of Data Rows : 10316
mq1                 =  3.30000e+00 at=  1.66674e-07
mq2                 =  3.30000e+00 at=  2.00000e-07
mq3                 =  3.30000e+00 at=  1.80000e-07
mq4                 =  3.30000e+00 at=  6.04886e-08
mq5                 =  3.31997e+00 at=  1.00072e-07
mq6                 =  3.31999e+00 at=  1.00072e-07
na_peak             =  2.40581e+00 at=  2.00790e-08
nb_peak             =  2.38531e+00 at=  6.07883e-08
t_plh               =  4.09487e-10 targ=  2.06595e-08 trig=  2.02500e-08
t_phl               =  2.53875e-10 targ=  6.10039e-08 trig=  6.07500e-08
vout_hi_abs         =  6.00000e+00
vout_lo_abs         =  5.54602e-07
vdrv_now            =  6.00000e+00
m_vgate_thinox_max = 3.3199900000e+00
m_vna_peak = 2.4058110000e+00
m_vnb_peak = 2.3853110000e+00
m_t_plh_ns = 4.0948680000e-01
m_t_phl_ns = 2.5387540000e-01
m_vout_hi_ratio = 9.9999966667e-01
m_vout_lo_ratio = 9.2433683333e-08
Note: Simulation executed from .control section 

Warning: m=xx on .subckt line will override multiplier m hierarchy!

