
Note: Compatibility modes selected: hs a


Circuit: * level-shifter-oxide-safety @ ff_27c_vlogic3p30v-vdrv5p00v -- generated by sim/harness, do not edit

Doing analysis at TEMP = 27.000000 and TNOM = 27.000000

Using SPARSE 1.3 as Direct Linear Solver

Initial Transient Solution
--------------------------

Node                                   Voltage
----                                   -------
inb                                        3.3
in                                           0
gnd_logic                                    0
vdd_logic                                  3.3
na                                     2.39034
nb                                 3.62308e-07
nca                                    4.99998
gnd_drv                            1.73958e-11
ncb                                9.87893e-07
vdd_drv                                      5
nbuf1                                  4.99999
out                                 6.4832e-07
vin#branch                                   0
vgnd_logic#branch                  2.83205e-08
vsup_drv#branch                   -2.49376e-08
vsup_logic#branch                 -3.38289e-09

 Reference value :  5.15071e-08
 Reference value :  1.54498e-07
No. of Data Rows : 10260
mq1                 =  3.30000e+00 at=  8.27778e-08
mq2                 =  3.30000e+00 at=  2.00000e-07
mq3                 =  3.30000e+00 at=  1.80000e-07
mq4                 =  3.30000e+00 at=  6.05000e-08
mq5                 =  3.32248e+00 at=  1.80068e-07
mq6                 =  3.32258e+00 at=  2.00582e-08
na_peak             =  2.46181e+00 at=  2.00782e-08
nb_peak             =  2.42458e+00 at=  6.07756e-08
t_plh               =  5.53534e-10 targ=  2.08035e-08 trig=  2.02500e-08
t_phl               =  2.86133e-10 targ=  6.10361e-08 trig=  6.07500e-08
vout_hi_abs         =  5.00000e+00
vout_lo_abs         =  6.48320e-07
vdrv_now            =  5.00000e+00
m_vgate_thinox_max = 3.3225770000e+00
m_vna_peak = 2.4618130000e+00
m_vnb_peak = 2.4245800000e+00
m_t_plh_ns = 5.5353420000e-01
m_t_phl_ns = 2.8613270000e-01
m_vout_hi_ratio = 9.9999960000e-01
m_vout_lo_ratio = 1.2966392000e-07
Note: Simulation executed from .control section 

Warning: m=xx on .subckt line will override multiplier m hierarchy!

