
Note: Compatibility modes selected: hs a


Circuit: * level-shifter-oxide-safety @ ff_27c_vlogic3p30v-vdrv6p00v -- generated by sim/harness, do not edit

Doing analysis at TEMP = 27.000000 and TNOM = 27.000000

Using SPARSE 1.3 as Direct Linear Solver

Initial Transient Solution
--------------------------

Node                                   Voltage
----                                   -------
inb                                        3.3
in                                           0
gnd_logic                                    0
vdd_logic                                  3.3
na                                      2.4069
nb                                  4.3477e-07
nca                                    5.99998
gnd_drv                            2.04251e-11
ncb                                1.18547e-06
vdd_drv                                      6
nbuf1                                  5.99999
out                                7.28781e-07
vin#branch                                   0
vgnd_logic#branch                  3.23688e-08
vsup_drv#branch                   -2.89859e-08
vsup_logic#branch                 -3.38289e-09

 Reference value :  5.21923e-08
 Reference value :  1.55140e-07
No. of Data Rows : 10280
mq1                 =  3.30000e+00 at=  9.96463e-08
mq2                 =  3.30000e+00 at=  2.00000e-07
mq3                 =  3.30000e+00 at=  1.80000e-07
mq4                 =  3.30000e+00 at=  6.05000e-08
mq5                 =  3.32263e+00 at=  1.80063e-07
mq6                 =  3.32273e+00 at=  1.80063e-07
na_peak             =  2.47822e+00 at=  2.00782e-08
nb_peak             =  2.44102e+00 at=  6.07751e-08
t_plh               =  4.71950e-10 targ=  2.07219e-08 trig=  2.02500e-08
t_phl               =  2.83185e-10 targ=  6.10332e-08 trig=  6.07500e-08
vout_hi_abs         =  6.00000e+00
vout_lo_abs         =  7.28781e-07
vdrv_now            =  6.00000e+00
m_vgate_thinox_max = 3.3227330000e+00
m_vna_peak = 2.4782210000e+00
m_vnb_peak = 2.4410190000e+00
m_t_plh_ns = 4.7194970000e-01
m_t_phl_ns = 2.8318480000e-01
m_vout_hi_ratio = 9.9999966667e-01
m_vout_lo_ratio = 1.2146350000e-07
Note: Simulation executed from .control section 

Warning: m=xx on .subckt line will override multiplier m hierarchy!

