
Note: Compatibility modes selected: hs a


Circuit: * level-shifter-oxide-safety @ ff_27c_vlogic3p63v-vdrv5p50v -- generated by sim/harness, do not edit

Doing analysis at TEMP = 27.000000 and TNOM = 27.000000

Using SPARSE 1.3 as Direct Linear Solver

Initial Transient Solution
--------------------------

Node                                   Voltage
----                                   -------
inb                                       3.63
in                                           0
gnd_logic                                    0
vdd_logic                                 3.63
na                                     2.67407
nb                                  3.8704e-07
nca                                    5.49998
gnd_drv                            1.91807e-11
ncb                                1.02904e-06
vdd_drv                                    5.5
nbuf1                                  5.49999
out                                6.86684e-07
vin#branch                                   0
vgnd_logic#branch                  3.12965e-08
vsup_drv#branch                   -2.75509e-08
vsup_logic#branch                 -3.74557e-09

 Reference value :  5.25220e-08
 Reference value :  1.53476e-07
No. of Data Rows : 10281
mq1                 =  3.63000e+00 at=  1.70176e-07
mq2                 =  3.63000e+00 at=  2.00000e-07
mq3                 =  3.63000e+00 at=  1.80000e-07
mq4                 =  3.63000e+00 at=  6.05000e-08
mq5                 =  3.65309e+00 at=  2.00548e-08
mq6                 =  3.65322e+00 at=  2.00548e-08
na_peak             =  2.74249e+00 at=  2.00548e-08
nb_peak             =  2.70833e+00 at=  1.40763e-07
t_plh               =  5.49141e-10 targ=  2.07764e-08 trig=  2.02273e-08
t_phl               =  2.47819e-10 targ=  6.10205e-08 trig=  6.07727e-08
vout_hi_abs         =  5.50000e+00
vout_lo_abs         =  6.86684e-07
vdrv_now            =  5.50000e+00
m_vgate_thinox_max = 3.6532230000e+00
m_vna_peak = 2.7424860000e+00
m_vnb_peak = 2.7083330000e+00
m_t_plh_ns = 5.4914120000e-01
m_t_phl_ns = 2.4781880000e-01
m_vout_hi_ratio = 9.9999963636e-01
m_vout_lo_ratio = 1.2485158182e-07
Note: Simulation executed from .control section 

Warning: m=xx on .subckt line will override multiplier m hierarchy!

