
Note: Compatibility modes selected: hs a


Circuit: * level-shifter-oxide-safety @ fs_-40c_vlogic3p63v-vdrv5p50v -- generated by sim/harness, do not edit

Doing analysis at TEMP = -40.000000 and TNOM = 27.000000

Using SPARSE 1.3 as Direct Linear Solver

Initial Transient Solution
--------------------------

Node                                   Voltage
----                                   -------
inb                                       3.63
in                                           0
gnd_logic                                    0
vdd_logic                                 3.63
na                                     2.55598
nb                                 3.28832e-07
nca                                    5.49998
gnd_drv                            1.90589e-11
ncb                                8.46239e-07
vdd_drv                                    5.5
nbuf1                                  5.49999
out                                 5.3956e-07
vin#branch                                   0
vgnd_logic#branch                  3.07458e-08
vsup_drv#branch                   -2.71156e-08
vsup_logic#branch                 -3.63016e-09

 Reference value :  5.48592e-08
 Reference value :  1.38531e-07
 Reference value :  1.93230e-07
No. of Data Rows : 10298
mq1                 =  3.63000e+00 at=  0.00000e+00
mq2                 =  3.63000e+00 at=  2.00000e-07
mq3                 =  3.63000e+00 at=  1.80000e-07
mq4                 =  3.63000e+00 at=  6.04896e-08
mq5                 =  3.65520e+00 at=  1.80068e-07
mq6                 =  3.65526e+00 at=  1.80068e-07
na_peak             =  2.64772e+00 at=  2.00720e-08
nb_peak             =  2.63215e+00 at=  6.08096e-08
t_plh               =  5.76669e-10 targ=  2.08039e-08 trig=  2.02273e-08
t_phl               =  2.82260e-10 targ=  6.10550e-08 trig=  6.07727e-08
vout_hi_abs         =  5.50000e+00
vout_lo_abs         =  5.39560e-07
vdrv_now            =  5.50000e+00
m_vgate_thinox_max = 3.6552610000e+00
m_vna_peak = 2.6477230000e+00
m_vnb_peak = 2.6321470000e+00
m_t_plh_ns = 5.7666860000e-01
m_t_phl_ns = 2.8226020000e-01
m_vout_hi_ratio = 9.9999963636e-01
m_vout_lo_ratio = 9.8101890909e-08
Note: Simulation executed from .control section 

Warning: m=xx on .subckt line will override multiplier m hierarchy!

