
Note: Compatibility modes selected: hs a


Circuit: * level-shifter-oxide-safety @ fs_-40c_vlogic3p30v-vdrv5p00v -- generated by sim/harness, do not edit

Doing analysis at TEMP = -40.000000 and TNOM = 27.000000

Using SPARSE 1.3 as Direct Linear Solver

Initial Transient Solution
--------------------------

Node                                   Voltage
----                                   -------
inb                                        3.3
in                                           0
gnd_logic                                    0
vdd_logic                                  3.3
na                                     2.27112
nb                                 3.06213e-07
nca                                    4.99998
gnd_drv                            1.72732e-11
ncb                                8.13328e-07
vdd_drv                                      5
nbuf1                                  4.99999
out                                5.12465e-07
vin#branch                                   0
vgnd_logic#branch                   2.7845e-08
vsup_drv#branch                   -2.45449e-08
vsup_logic#branch                  -3.3001e-09

 Reference value :  5.42397e-08
 Reference value :  1.43777e-07
No. of Data Rows : 10279
mq1                 =  3.30000e+00 at=  9.03423e-08
mq2                 =  3.30000e+00 at=  2.00000e-07
mq3                 =  3.30000e+00 at=  1.80000e-07
mq4                 =  3.30000e+00 at=  6.05000e-08
mq5                 =  3.32494e+00 at=  2.00776e-08
mq6                 =  3.32498e+00 at=  2.00776e-08
na_peak             =  2.36042e+00 at=  2.00776e-08
nb_peak             =  2.34440e+00 at=  1.40820e-07
t_plh               =  5.87695e-10 targ=  2.08377e-08 trig=  2.02500e-08
t_phl               =  3.23421e-10 targ=  6.10734e-08 trig=  6.07500e-08
vout_hi_abs         =  5.00000e+00
vout_lo_abs         =  5.12465e-07
vdrv_now            =  5.00000e+00
m_vgate_thinox_max = 3.3249850000e+00
m_vna_peak = 2.3604210000e+00
m_vnb_peak = 2.3443960000e+00
m_t_plh_ns = 5.8769530000e-01
m_t_phl_ns = 3.2342090000e-01
m_vout_hi_ratio = 9.9999960000e-01
m_vout_lo_ratio = 1.0249294000e-07
Note: Simulation executed from .control section 

Warning: m=xx on .subckt line will override multiplier m hierarchy!

