
Note: Compatibility modes selected: hs a


Circuit: * level-shifter-oxide-safety @ fs_125c_vlogic2p97v-vdrv4p50v -- generated by sim/harness, do not edit

Doing analysis at TEMP = 125.000000 and TNOM = 27.000000

Using SPARSE 1.3 as Direct Linear Solver

Initial Transient Solution
--------------------------

Node                                   Voltage
----                                   -------
inb                                       2.97
in                                           0
gnd_logic                                    0
vdd_logic                                 2.97
na                                     2.15734
nb                                 4.48421e-07
nca                                    4.49992
gnd_drv                            1.60443e-11
ncb                                1.31371e-06
vdd_drv                                    4.5
nbuf1                                  4.49999
out                                8.77901e-07
vin#branch                                   0
vgnd_logic#branch                  4.26066e-08
vsup_drv#branch                   -3.46076e-08
vsup_logic#branch                 -7.99898e-09

 Reference value :  1.09256e-08
 Reference value :  7.87732e-08
 Reference value :  1.43933e-07
No. of Data Rows : 10187
mq1                 =  2.97000e+00 at=  1.40500e-07
mq2                 =  2.97000e+00 at=  2.00000e-07
mq3                 =  2.97000e+00 at=  1.80000e-07
mq4                 =  2.97000e+00 at=  6.05000e-08
mq5                 =  2.99964e+00 at=  1.80074e-07
mq6                 =  2.99981e+00 at=  1.80074e-07
na_peak             =  2.21874e+00 at=  2.00803e-08
nb_peak             =  2.19297e+00 at=  1.40817e-07
t_plh               =  9.06821e-10 targ=  2.11846e-08 trig=  2.02778e-08
t_phl               =  4.80033e-10 targ=  6.12023e-08 trig=  6.07222e-08
vout_hi_abs         =  4.50000e+00
vout_lo_abs         =  8.77901e-07
vdrv_now            =  4.50000e+00
m_vgate_thinox_max = 2.9998140000e+00
m_vna_peak = 2.2187400000e+00
m_vnb_peak = 2.1929670000e+00
m_t_plh_ns = 9.0682060000e-01
m_t_phl_ns = 4.8003260000e-01
m_vout_hi_ratio = 9.9999911111e-01
m_vout_lo_ratio = 1.9508908889e-07
Note: Simulation executed from .control section 

Warning: m=xx on .subckt line will override multiplier m hierarchy!

