
Note: Compatibility modes selected: hs a


Circuit: * level-shifter-oxide-safety @ fs_125c_vlogic3p63v-vdrv5p50v -- generated by sim/harness, do not edit

Doing analysis at TEMP = 125.000000 and TNOM = 27.000000

Using SPARSE 1.3 as Direct Linear Solver

Initial Transient Solution
--------------------------

Node                                   Voltage
----                                   -------
inb                                    3.62999
in                                           0
gnd_logic                                    0
vdd_logic                                 3.63
na                                     2.70687
nb                                 4.98775e-07
nca                                    5.49991
gnd_drv                            1.97097e-11
ncb                                1.41121e-06
vdd_drv                                    5.5
nbuf1                                  5.49999
out                                9.86334e-07
vin#branch                                   0
vgnd_logic#branch                  5.73296e-08
vsup_drv#branch                   -4.53865e-08
vsup_logic#branch                 -1.19431e-08

 Reference value :  9.72560e-09
 Reference value :  7.53125e-08
 Reference value :  1.50113e-07
No. of Data Rows : 10216
mq1                 =  3.63000e+00 at=  6.05000e-08
mq2                 =  3.63000e+00 at=  2.00000e-07
mq3                 =  3.63000e+00 at=  1.80000e-07
mq4                 =  3.63000e+00 at=  6.05000e-08
mq5                 =  3.65969e+00 at=  2.00532e-08
mq6                 =  3.66006e+00 at=  2.00532e-08
na_peak             =  2.77140e+00 at=  2.00532e-08
nb_peak             =  2.74371e+00 at=  1.40775e-07
t_plh               =  8.13804e-10 targ=  2.10411e-08 trig=  2.02273e-08
t_phl               =  3.70090e-10 targ=  6.11428e-08 trig=  6.07727e-08
vout_hi_abs         =  5.50000e+00
vout_lo_abs         =  9.86334e-07
vdrv_now            =  5.50000e+00
m_vgate_thinox_max = 3.6600620000e+00
m_vna_peak = 2.7713990000e+00
m_vnb_peak = 2.7437090000e+00
m_t_plh_ns = 8.1380370000e-01
m_t_phl_ns = 3.7009000000e-01
m_vout_hi_ratio = 9.9999927273e-01
m_vout_lo_ratio = 1.7933338182e-07
Note: Simulation executed from .control section 

Warning: m=xx on .subckt line will override multiplier m hierarchy!

