
Note: Compatibility modes selected: hs a


Circuit: * level-shifter-oxide-safety @ fs_27c_vlogic3p30v-vdrv5p00v -- generated by sim/harness, do not edit

Doing analysis at TEMP = 27.000000 and TNOM = 27.000000

Using SPARSE 1.3 as Direct Linear Solver

Initial Transient Solution
--------------------------

Node                                   Voltage
----                                   -------
inb                                        3.3
in                                           0
gnd_logic                                    0
vdd_logic                                  3.3
na                                     2.35717
nb                                 3.70895e-07
nca                                    4.99997
gnd_drv                            1.73605e-11
ncb                                1.02286e-06
vdd_drv                                      5
nbuf1                                  4.99999
out                                6.69867e-07
vin#branch                                   0
vgnd_logic#branch                  2.81309e-08
vsup_drv#branch                   -2.47906e-08
vsup_logic#branch                 -3.34021e-09

 Reference value :  1.25256e-08
 Reference value :  6.88757e-08
 Reference value :  1.34939e-07
No. of Data Rows : 10252
mq1                 =  3.30000e+00 at=  9.96757e-08
mq2                 =  3.30000e+00 at=  2.00000e-07
mq3                 =  3.30000e+00 at=  1.80000e-07
mq4                 =  3.30000e+00 at=  6.05000e-08
mq5                 =  3.32791e+00 at=  1.00070e-07
mq6                 =  3.32804e+00 at=  1.00070e-07
na_peak             =  2.43963e+00 at=  2.00771e-08
nb_peak             =  2.40227e+00 at=  6.08137e-08
t_plh               =  6.97064e-10 targ=  2.09471e-08 trig=  2.02500e-08
t_phl               =  3.63970e-10 targ=  6.11140e-08 trig=  6.07500e-08
vout_hi_abs         =  5.00000e+00
vout_lo_abs         =  6.69867e-07
vdrv_now            =  5.00000e+00
m_vgate_thinox_max = 3.3280410000e+00
m_vna_peak = 2.4396300000e+00
m_vnb_peak = 2.4022730000e+00
m_t_plh_ns = 6.9706400000e-01
m_t_phl_ns = 3.6397040000e-01
m_vout_hi_ratio = 9.9999940000e-01
m_vout_lo_ratio = 1.3397342000e-07
Note: Simulation executed from .control section 

Warning: m=xx on .subckt line will override multiplier m hierarchy!

