
Note: Compatibility modes selected: hs a


Circuit: * level-shifter-oxide-safety @ sf_-40c_vlogic2p97v-vdrv4p50v -- generated by sim/harness, do not edit

Doing analysis at TEMP = -40.000000 and TNOM = 27.000000

Using SPARSE 1.3 as Direct Linear Solver

Initial Transient Solution
--------------------------

Node                                   Voltage
----                                   -------
inb                                       2.97
in                                           0
gnd_logic                                    0
vdd_logic                                 2.97
na                                     1.81612
nb                                 3.15253e-07
nca                                    4.49999
gnd_drv                            1.53181e-11
ncb                                9.43457e-07
vdd_drv                                    4.5
nbuf1                                      4.5
out                                5.82413e-07
vin#branch                                   0
vgnd_logic#branch                  2.46047e-08
vsup_drv#branch                   -2.16347e-08
vsup_logic#branch                    -2.97e-09

 Reference value :  1.65256e-08
 Reference value :  6.72814e-08
 Reference value :  1.20839e-07
 Reference value :  1.72944e-07
No. of Data Rows : 10255
mq1                 =  2.97000e+00 at=  9.53014e-08
mq2                 =  2.97000e+00 at=  2.00000e-07
mq3                 =  2.97000e+00 at=  1.80000e-07
mq4                 =  2.97000e+00 at=  6.05000e-08
mq5                 =  2.99188e+00 at=  2.01175e-08
mq6                 =  2.99192e+00 at=  2.01175e-08
na_peak             =  1.94116e+00 at=  2.01175e-08
nb_peak             =  1.91944e+00 at=  1.40800e-07
t_plh               =  5.70960e-10 targ=  2.08487e-08 trig=  2.02778e-08
t_phl               =  3.49690e-10 targ=  6.10719e-08 trig=  6.07222e-08
vout_hi_abs         =  4.50000e+00
vout_lo_abs         =  5.82413e-07
vdrv_now            =  4.50000e+00
m_vgate_thinox_max = 2.9919160000e+00
m_vna_peak = 1.9411590000e+00
m_vnb_peak = 1.9194380000e+00
m_t_plh_ns = 5.7095980000e-01
m_t_phl_ns = 3.4968960000e-01
m_vout_hi_ratio = 9.9999955556e-01
m_vout_lo_ratio = 1.2942515556e-07
Note: Simulation executed from .control section 

Warning: m=xx on .subckt line will override multiplier m hierarchy!

