
Note: Compatibility modes selected: hs a


Circuit: * level-shifter-oxide-safety @ sf_-40c_vlogic3p30v-vdrv5p00v -- generated by sim/harness, do not edit

Doing analysis at TEMP = -40.000000 and TNOM = 27.000000

Using SPARSE 1.3 as Direct Linear Solver

Initial Transient Solution
--------------------------

Node                                   Voltage
----                                   -------
inb                                        3.3
in                                           0
gnd_logic                                    0
vdd_logic                                  3.3
na                                     2.09074
nb                                 3.35571e-07
nca                                    4.99998
gnd_drv                            1.70934e-11
ncb                                9.63315e-07
vdd_drv                                      5
nbuf1                                        5
out                                6.03849e-07
vin#branch                                   0
vgnd_logic#branch                  2.74847e-08
vsup_drv#branch                   -2.41847e-08
vsup_logic#branch                     -3.3e-09

 Reference value :  5.36560e-09
 Reference value :  5.82503e-08
 Reference value :  1.09890e-07
 Reference value :  1.61790e-07
No. of Data Rows : 10275
mq1                 =  3.30000e+00 at=  1.70710e-07
mq2                 =  3.30000e+00 at=  2.00000e-07
mq3                 =  3.30000e+00 at=  1.80000e-07
mq4                 =  3.30000e+00 at=  6.05000e-08
mq5                 =  3.32201e+00 at=  1.00103e-07
mq6                 =  3.32204e+00 at=  1.00103e-07
na_peak             =  2.22127e+00 at=  2.01139e-08
nb_peak             =  2.19789e+00 at=  1.40792e-07
t_plh               =  5.63948e-10 targ=  2.08139e-08 trig=  2.02500e-08
t_phl               =  2.99050e-10 targ=  6.10490e-08 trig=  6.07500e-08
vout_hi_abs         =  5.00000e+00
vout_lo_abs         =  6.03849e-07
vdrv_now            =  5.00000e+00
m_vgate_thinox_max = 3.3220370000e+00
m_vna_peak = 2.2212720000e+00
m_vnb_peak = 2.1978890000e+00
m_t_plh_ns = 5.6394830000e-01
m_t_phl_ns = 2.9904960000e-01
m_vout_hi_ratio = 9.9999960000e-01
m_vout_lo_ratio = 1.2076986000e-07
Note: Simulation executed from .control section 

Warning: m=xx on .subckt line will override multiplier m hierarchy!

