
Note: Compatibility modes selected: hs a


Circuit: * level-shifter-oxide-safety @ sf_27c_vlogic3p30v-vdrv6p00v -- generated by sim/harness, do not edit

Doing analysis at TEMP = 27.000000 and TNOM = 27.000000

Using SPARSE 1.3 as Direct Linear Solver

Initial Transient Solution
--------------------------

Node                                   Voltage
----                                   -------
inb                                        3.3
in                                           0
gnd_logic                                    0
vdd_logic                                  3.3
na                                     2.19035
nb                                 4.94555e-07
nca                                    5.99998
gnd_drv                            2.02117e-11
ncb                                 1.4782e-06
vdd_drv                                      6
nbuf1                                  5.99999
out                                8.78265e-07
vin#branch                                   0
vgnd_logic#branch                  3.17039e-08
vsup_drv#branch                   -2.84035e-08
vsup_logic#branch                 -3.30047e-09

 Reference value :  2.30560e-09
 Reference value :  5.43951e-08
 Reference value :  1.02673e-07
 Reference value :  1.55709e-07
No. of Data Rows : 10258
mq1                 =  3.30000e+00 at=  9.95889e-08
mq2                 =  3.30000e+00 at=  2.00000e-07
mq3                 =  3.30000e+00 at=  1.80000e-07
mq4                 =  3.30000e+00 at=  6.05000e-08
mq5                 =  3.32540e+00 at=  1.00092e-07
mq6                 =  3.32547e+00 at=  1.80092e-07
na_peak             =  2.30207e+00 at=  2.00943e-08
nb_peak             =  2.26919e+00 at=  1.40787e-07
t_plh               =  5.59440e-10 targ=  2.08094e-08 trig=  2.02500e-08
t_phl               =  3.37381e-10 targ=  6.10874e-08 trig=  6.07500e-08
vout_hi_abs         =  6.00000e+00
vout_lo_abs         =  8.78265e-07
vdrv_now            =  6.00000e+00
m_vgate_thinox_max = 3.3254670000e+00
m_vna_peak = 2.3020740000e+00
m_vnb_peak = 2.2691900000e+00
m_t_plh_ns = 5.5944010000e-01
m_t_phl_ns = 3.3738090000e-01
m_vout_hi_ratio = 9.9999966667e-01
m_vout_lo_ratio = 1.4637748333e-07
Note: Simulation executed from .control section 

Warning: m=xx on .subckt line will override multiplier m hierarchy!

