
Note: Compatibility modes selected: hs a


Circuit: * level-shifter-oxide-safety @ ss_-40c_vlogic3p63v-vdrv5p50v -- generated by sim/harness, do not edit

Doing analysis at TEMP = -40.000000 and TNOM = 27.000000

Using SPARSE 1.3 as Direct Linear Solver

Initial Transient Solution
--------------------------

Node                                   Voltage
----                                   -------
inb                                       3.63
in                                           0
gnd_logic                                    0
vdd_logic                                 3.63
na                                     2.33405
nb                                 3.64364e-07
nca                                    5.49998
gnd_drv                            1.88383e-11
ncb                                 1.0268e-06
vdd_drv                                    5.5
nbuf1                                  5.49999
out                                6.53698e-07
vin#branch                                   0
vgnd_logic#branch                  3.03028e-08
vsup_drv#branch                   -2.66728e-08
vsup_logic#branch                 -3.63001e-09

 Reference value :  5.23466e-08
 Reference value :  1.59581e-07
No. of Data Rows : 10278
mq1                 =  3.63000e+00 at=  1.76261e-07
mq2                 =  3.63000e+00 at=  2.00000e-07
mq3                 =  3.63000e+00 at=  1.80000e-07
mq4                 =  3.63000e+00 at=  6.05000e-08
mq5                 =  3.65782e+00 at=  1.80092e-07
mq6                 =  3.65789e+00 at=  1.80092e-07
na_peak             =  2.47517e+00 at=  2.01075e-08
nb_peak             =  2.45273e+00 at=  1.40810e-07
t_plh               =  6.91175e-10 targ=  2.09184e-08 trig=  2.02273e-08
t_phl               =  3.35984e-10 targ=  6.11087e-08 trig=  6.07727e-08
vout_hi_abs         =  5.50000e+00
vout_lo_abs         =  6.53698e-07
vdrv_now            =  5.50000e+00
m_vgate_thinox_max = 3.6578880000e+00
m_vna_peak = 2.4751740000e+00
m_vnb_peak = 2.4527270000e+00
m_t_plh_ns = 6.9117530000e-01
m_t_phl_ns = 3.3598380000e-01
m_vout_hi_ratio = 9.9999963636e-01
m_vout_lo_ratio = 1.1885414545e-07
Note: Simulation executed from .control section 

Warning: m=xx on .subckt line will override multiplier m hierarchy!

