
Note: Compatibility modes selected: hs a


Circuit: * level-shifter-oxide-safety @ ss_125c_vlogic3p30v-vdrv5p00v -- generated by sim/harness, do not edit

Doing analysis at TEMP = 125.000000 and TNOM = 27.000000

Using SPARSE 1.3 as Direct Linear Solver

Initial Transient Solution
--------------------------

Node                                   Voltage
----                                   -------
inb                                        3.3
in                                           0
gnd_logic                                    0
vdd_logic                                  3.3
na                                     2.26621
nb                                  5.4865e-07
nca                                    4.99996
gnd_drv                            1.72802e-11
ncb                                1.74327e-06
vdd_drv                                      5
nbuf1                                  4.99999
out                                1.17983e-06
vin#branch                                   0
vgnd_logic#branch                  2.82521e-08
vsup_drv#branch                   -2.48279e-08
vsup_logic#branch                 -3.42417e-09

 Reference value :  5.28956e-08
 Reference value :  1.53096e-07
No. of Data Rows : 10182
mq1                 =  3.30000e+00 at=  1.76576e-07
mq2                 =  3.30000e+00 at=  2.00000e-07
mq3                 =  3.30000e+00 at=  1.80000e-07
mq4                 =  3.30000e+00 at=  6.05000e-08
mq5                 =  3.33547e+00 at=  2.00946e-08
mq6                 =  3.33566e+00 at=  1.80086e-07
na_peak             =  2.37512e+00 at=  2.00946e-08
nb_peak             =  2.30735e+00 at=  6.08216e-08
t_plh               =  1.03150e-09 targ=  2.12815e-08 trig=  2.02500e-08
t_phl               =  5.10707e-10 targ=  6.12607e-08 trig=  6.07500e-08
vout_hi_abs         =  5.00000e+00
vout_lo_abs         =  1.17983e-06
vdrv_now            =  5.00000e+00
m_vgate_thinox_max = 3.3356620000e+00
m_vna_peak = 2.3751240000e+00
m_vnb_peak = 2.3073460000e+00
m_t_plh_ns = 1.0314980000e+00
m_t_phl_ns = 5.1070710000e-01
m_vout_hi_ratio = 9.9999920000e-01
m_vout_lo_ratio = 2.3596580000e-07
Note: Simulation executed from .control section 

Warning: m=xx on .subckt line will override multiplier m hierarchy!

