
Note: Compatibility modes selected: hs a


Circuit: * level-shifter-oxide-safety @ ss_125c_vlogic3p63v-vdrv5p50v -- generated by sim/harness, do not edit

Doing analysis at TEMP = 125.000000 and TNOM = 27.000000

Using SPARSE 1.3 as Direct Linear Solver

Initial Transient Solution
--------------------------

Node                                   Voltage
----                                   -------
inb                                       3.63
in                                           0
gnd_logic                                    0
vdd_logic                                 3.63
na                                      2.5377
nb                                 5.73005e-07
nca                                    5.49996
gnd_drv                            1.90535e-11
ncb                                1.78448e-06
vdd_drv                                    5.5
nbuf1                                  5.49999
out                                1.23567e-06
vin#branch                                   0
vgnd_logic#branch                  3.12054e-08
vsup_drv#branch                   -2.74209e-08
vsup_logic#branch                 -3.78445e-09

 Reference value :  5.45905e-08
 Reference value :  1.45162e-07
No. of Data Rows : 10201
mq1                 =  3.63000e+00 at=  1.79942e-07
mq2                 =  3.63000e+00 at=  2.00000e-07
mq3                 =  3.63000e+00 at=  1.80000e-07
mq4                 =  3.63000e+00 at=  6.05000e-08
mq5                 =  3.66560e+00 at=  1.00083e-07
mq6                 =  3.66584e+00 at=  1.00083e-07
na_peak             =  2.64589e+00 at=  2.00917e-08
nb_peak             =  2.58557e+00 at=  1.40802e-07
t_plh               =  9.75804e-10 targ=  2.12031e-08 trig=  2.02273e-08
t_phl               =  4.51675e-10 targ=  6.12244e-08 trig=  6.07727e-08
vout_hi_abs         =  5.50000e+00
vout_lo_abs         =  1.23567e-06
vdrv_now            =  5.50000e+00
m_vgate_thinox_max = 3.6658360000e+00
m_vna_peak = 2.6458920000e+00
m_vnb_peak = 2.5855750000e+00
m_t_plh_ns = 9.7580380000e-01
m_t_phl_ns = 4.5167490000e-01
m_vout_hi_ratio = 9.9999927273e-01
m_vout_lo_ratio = 2.2466745455e-07
Note: Simulation executed from .control section 

Warning: m=xx on .subckt line will override multiplier m hierarchy!

