
Note: Compatibility modes selected: hs a


Circuit: * level-shifter-oxide-safety @ ss_27c_vlogic3p30v-vdrv5p00v -- generated by sim/harness, do not edit

Doing analysis at TEMP = 27.000000 and TNOM = 27.000000

Using SPARSE 1.3 as Direct Linear Solver

Initial Transient Solution
--------------------------

Node                                   Voltage
----                                   -------
inb                                        3.3
in                                           0
gnd_logic                                    0
vdd_logic                                  3.3
na                                     2.14451
nb                                 4.22396e-07
nca                                    4.99997
gnd_drv                            1.71468e-11
ncb                                1.28601e-06
vdd_drv                                      5
nbuf1                                  4.99999
out                                8.35998e-07
vin#branch                                   0
vgnd_logic#branch                  2.75924e-08
vsup_drv#branch                   -2.42921e-08
vsup_logic#branch                 -3.30024e-09

 Reference value :  5.24693e-08
 Reference value :  1.57957e-07
No. of Data Rows : 10222
mq1                 =  3.30000e+00 at=  8.76563e-08
mq2                 =  3.30000e+00 at=  2.00000e-07
mq3                 =  3.30000e+00 at=  1.80000e-07
mq4                 =  3.30000e+00 at=  6.05000e-08
mq5                 =  3.33183e+00 at=  1.80105e-07
mq6                 =  3.33189e+00 at=  1.80105e-07
na_peak             =  2.26995e+00 at=  2.01136e-08
nb_peak             =  2.22523e+00 at=  6.08259e-08
t_plh               =  8.42282e-10 targ=  2.10923e-08 trig=  2.02500e-08
t_phl               =  4.36900e-10 targ=  6.11869e-08 trig=  6.07500e-08
vout_hi_abs         =  5.00000e+00
vout_lo_abs         =  8.35998e-07
vdrv_now            =  5.00000e+00
m_vgate_thinox_max = 3.3318890000e+00
m_vna_peak = 2.2699510000e+00
m_vnb_peak = 2.2252260000e+00
m_t_plh_ns = 8.4228150000e-01
m_t_phl_ns = 4.3689990000e-01
m_vout_hi_ratio = 9.9999940000e-01
m_vout_lo_ratio = 1.6719960000e-07
Note: Simulation executed from .control section 

Warning: m=xx on .subckt line will override multiplier m hierarchy!

