
Note: Compatibility modes selected: hs a


Circuit: * level-shifter-oxide-safety @ tt_-40c_vlogic3p30v-vdrv6p00v -- generated by sim/harness, do not edit

Doing analysis at TEMP = -40.000000 and TNOM = 27.000000

Using SPARSE 1.3 as Direct Linear Solver

Initial Transient Solution
--------------------------

Node                                   Voltage
----                                   -------
inb                                        3.3
in                                           0
gnd_logic                                    0
vdd_logic                                  3.3
na                                     2.19588
nb                                 3.84388e-07
nca                                    5.99998
gnd_drv                            2.02172e-11
ncb                                1.05406e-06
vdd_drv                                      6
nbuf1                                  5.99999
out                                6.05655e-07
vin#branch                                   0
vgnd_logic#branch                  3.17137e-08
vsup_drv#branch                   -2.84137e-08
vsup_logic#branch                 -3.30001e-09

 Reference value :  9.45600e-10
 Reference value :  5.12479e-08
 Reference value :  1.14508e-07
No. of Data Rows : 10299
mq1                 =  3.30000e+00 at=  8.95984e-08
mq2                 =  3.30000e+00 at=  2.00000e-07
mq3                 =  3.30000e+00 at=  1.80000e-07
mq4                 =  3.30000e+00 at=  6.05000e-08
mq5                 =  3.32346e+00 at=  1.80085e-07
mq6                 =  3.32350e+00 at=  1.80085e-07
na_peak             =  2.30655e+00 at=  2.00957e-08
nb_peak             =  2.28411e+00 at=  6.08018e-08
t_plh               =  4.81994e-10 targ=  2.07320e-08 trig=  2.02500e-08
t_phl               =  3.03478e-10 targ=  6.10535e-08 trig=  6.07500e-08
vout_hi_abs         =  6.00000e+00
vout_lo_abs         =  6.05655e-07
vdrv_now            =  6.00000e+00
m_vgate_thinox_max = 3.3235030000e+00
m_vna_peak = 2.3065470000e+00
m_vnb_peak = 2.2841070000e+00
m_t_plh_ns = 4.8199390000e-01
m_t_phl_ns = 3.0347780000e-01
m_vout_hi_ratio = 9.9999966667e-01
m_vout_lo_ratio = 1.0094248333e-07
Note: Simulation executed from .control section 

Warning: m=xx on .subckt line will override multiplier m hierarchy!

