
Note: Compatibility modes selected: hs a


Circuit: * level-shifter-oxide-safety @ tt_-40c_vlogic3p63v-vdrv5p50v -- generated by sim/harness, do not edit

Doing analysis at TEMP = -40.000000 and TNOM = 27.000000

Using SPARSE 1.3 as Direct Linear Solver

Initial Transient Solution
--------------------------

Node                                   Voltage
----                                   -------
inb                                       3.63
in                                           0
gnd_logic                                    0
vdd_logic                                 3.63
na                                     2.46555
nb                                 3.42764e-07
nca                                    5.49998
gnd_drv                             1.8969e-11
ncb                                9.08611e-07
vdd_drv                                    5.5
nbuf1                                  5.49999
out                                5.76456e-07
vin#branch                                   0
vgnd_logic#branch                  3.05652e-08
vsup_drv#branch                   -2.69351e-08
vsup_logic#branch                 -3.63001e-09

 Reference value :  2.34560e-09
 Reference value :  5.37523e-08
 Reference value :  1.14906e-07
 Reference value :  1.97106e-07
No. of Data Rows : 10301
mq1                 =  3.63000e+00 at=  1.70916e-07
mq2                 =  3.63000e+00 at=  2.00000e-07
mq3                 =  3.63000e+00 at=  1.80000e-07
mq4                 =  3.63000e+00 at=  6.05000e-08
mq5                 =  3.65368e+00 at=  1.00085e-07
mq6                 =  3.65372e+00 at=  2.00725e-08
na_peak             =  2.57857e+00 at=  2.00897e-08
nb_peak             =  2.55893e+00 at=  6.07955e-08
t_plh               =  5.61889e-10 targ=  2.07892e-08 trig=  2.02273e-08
t_phl               =  2.67020e-10 targ=  6.10397e-08 trig=  6.07727e-08
vout_hi_abs         =  5.50000e+00
vout_lo_abs         =  5.76456e-07
vdrv_now            =  5.50000e+00
m_vgate_thinox_max = 3.6537160000e+00
m_vna_peak = 2.5785740000e+00
m_vnb_peak = 2.5589260000e+00
m_t_plh_ns = 5.6188890000e-01
m_t_phl_ns = 2.6701990000e-01
m_vout_hi_ratio = 9.9999963636e-01
m_vout_lo_ratio = 1.0481020000e-07
Note: Simulation executed from .control section 

Warning: m=xx on .subckt line will override multiplier m hierarchy!

