
Note: Compatibility modes selected: hs a


Circuit: * level-shifter-oxide-safety @ tt_-40c_vlogic3p30v-vdrv5p00v -- generated by sim/harness, do not edit

Doing analysis at TEMP = -40.000000 and TNOM = 27.000000

Using SPARSE 1.3 as Direct Linear Solver

Initial Transient Solution
--------------------------

Node                                   Voltage
----                                   -------
inb                                        3.3
in                                           0
gnd_logic                                    0
vdd_logic                                  3.3
na                                     2.18302
nb                                 3.20323e-07
nca                                    4.99998
gnd_drv                            1.71853e-11
ncb                                8.78386e-07
vdd_drv                                      5
nbuf1                                  4.99999
out                                5.50354e-07
vin#branch                                   0
vgnd_logic#branch                  2.76689e-08
vsup_drv#branch                   -2.43689e-08
vsup_logic#branch                 -3.30001e-09

 Reference value :  1.26560e-09
 Reference value :  4.95414e-08
 Reference value :  1.04541e-07
 Reference value :  1.93301e-07
No. of Data Rows : 10279
mq1                 =  3.30000e+00 at=  1.78654e-07
mq2                 =  3.30000e+00 at=  2.00000e-07
mq3                 =  3.30000e+00 at=  1.80000e-07
mq4                 =  3.30000e+00 at=  6.05000e-08
mq5                 =  3.32352e+00 at=  1.00090e-07
mq6                 =  3.32356e+00 at=  1.00090e-07
na_peak             =  2.29367e+00 at=  2.00957e-08
nb_peak             =  2.27144e+00 at=  1.40802e-07
t_plh               =  5.67716e-10 targ=  2.08177e-08 trig=  2.02500e-08
t_phl               =  3.07533e-10 targ=  6.10575e-08 trig=  6.07500e-08
vout_hi_abs         =  5.00000e+00
vout_lo_abs         =  5.50354e-07
vdrv_now            =  5.00000e+00
m_vgate_thinox_max = 3.3235560000e+00
m_vna_peak = 2.2936700000e+00
m_vnb_peak = 2.2714410000e+00
m_t_plh_ns = 5.6771640000e-01
m_t_phl_ns = 3.0753330000e-01
m_vout_hi_ratio = 9.9999960000e-01
m_vout_lo_ratio = 1.1007080000e-07
Note: Simulation executed from .control section 

Warning: m=xx on .subckt line will override multiplier m hierarchy!

