
Note: Compatibility modes selected: hs a


Circuit: * level-shifter-oxide-safety @ tt_125c_vlogic2p97v-vdrv4p50v -- generated by sim/harness, do not edit

Doing analysis at TEMP = 125.000000 and TNOM = 27.000000

Using SPARSE 1.3 as Direct Linear Solver

Initial Transient Solution
--------------------------

Node                                   Voltage
----                                   -------
inb                                       2.97
in                                           0
gnd_logic                                    0
vdd_logic                                 2.97
na                                     2.10581
nb                                 4.78137e-07
nca                                    4.49996
gnd_drv                            1.56778e-11
ncb                                1.45018e-06
vdd_drv                                    4.5
nbuf1                                  4.49999
out                                9.61459e-07
vin#branch                                   0
vgnd_logic#branch                  2.83344e-08
vsup_drv#branch                   -2.44558e-08
vsup_logic#branch                 -3.87859e-09

 Reference value :  3.63501e-08
 Reference value :  1.14073e-07
No. of Data Rows : 10187
mq1                 =  2.97000e+00 at=  0.00000e+00
mq2                 =  2.97000e+00 at=  2.00000e-07
mq3                 =  2.97000e+00 at=  1.80000e-07
mq4                 =  2.97000e+00 at=  6.05000e-08
mq5                 =  2.99943e+00 at=  1.80082e-07
mq6                 =  2.99962e+00 at=  1.80082e-07
na_peak             =  2.18644e+00 at=  2.00795e-08
nb_peak             =  2.13106e+00 at=  1.40808e-07
t_plh               =  8.51125e-10 targ=  2.11289e-08 trig=  2.02778e-08
t_phl               =  4.62210e-10 targ=  6.11844e-08 trig=  6.07222e-08
vout_hi_abs         =  4.50000e+00
vout_lo_abs         =  9.61459e-07
vdrv_now            =  4.50000e+00
m_vgate_thinox_max = 2.9996230000e+00
m_vna_peak = 2.1864410000e+00
m_vnb_peak = 2.1310580000e+00
m_t_plh_ns = 8.5112460000e-01
m_t_phl_ns = 4.6220990000e-01
m_vout_hi_ratio = 9.9999933333e-01
m_vout_lo_ratio = 2.1365746667e-07
Note: Simulation executed from .control section 

Warning: m=xx on .subckt line will override multiplier m hierarchy!

