
Note: Compatibility modes selected: hs a


Circuit: * level-shifter-oxide-safety @ tt_125c_vlogic3p30v-vdrv5p00v -- generated by sim/harness, do not edit

Doing analysis at TEMP = 125.000000 and TNOM = 27.000000

Using SPARSE 1.3 as Direct Linear Solver

Initial Transient Solution
--------------------------

Node                                   Voltage
----                                   -------
inb                                        3.3
in                                           0
gnd_logic                                    0
vdd_logic                                  3.3
na                                     2.37801
nb                                 5.01757e-07
nca                                    4.99996
gnd_drv                            1.74584e-11
ncb                                1.49064e-06
vdd_drv                                      5
nbuf1                                  4.99999
out                                1.01139e-06
vin#branch                                   0
vgnd_logic#branch                  3.18648e-08
vsup_drv#branch                   -2.74271e-08
vsup_logic#branch                 -4.43763e-09

 Reference value :  3.75452e-08
 Reference value :  1.12568e-07
No. of Data Rows : 10199
mq1                 =  3.30000e+00 at=  9.14006e-08
mq2                 =  3.30000e+00 at=  2.00000e-07
mq3                 =  3.30000e+00 at=  1.80000e-07
mq4                 =  3.30000e+00 at=  6.05000e-08
mq5                 =  3.32956e+00 at=  2.00757e-08
mq6                 =  3.32973e+00 at=  2.00757e-08
na_peak             =  2.46068e+00 at=  2.00757e-08
nb_peak             =  2.40753e+00 at=  1.40792e-07
t_plh               =  8.08431e-10 targ=  2.10584e-08 trig=  2.02500e-08
t_phl               =  4.02547e-10 targ=  6.11525e-08 trig=  6.07500e-08
vout_hi_abs         =  5.00000e+00
vout_lo_abs         =  1.01139e-06
vdrv_now            =  5.00000e+00
m_vgate_thinox_max = 3.3297290000e+00
m_vna_peak = 2.4606820000e+00
m_vnb_peak = 2.4075330000e+00
m_t_plh_ns = 8.0843110000e-01
m_t_phl_ns = 4.0254750000e-01
m_vout_hi_ratio = 9.9999940000e-01
m_vout_lo_ratio = 2.0227740000e-07
Note: Simulation executed from .control section 

Warning: m=xx on .subckt line will override multiplier m hierarchy!

