
Note: Compatibility modes selected: hs a


Circuit: * level-shifter-oxide-safety @ tt_125c_vlogic3p63v-vdrv5p50v -- generated by sim/harness, do not edit

Doing analysis at TEMP = 125.000000 and TNOM = 27.000000

Using SPARSE 1.3 as Direct Linear Solver

Initial Transient Solution
--------------------------

Node                                   Voltage
----                                   -------
inb                                       3.63
in                                           0
gnd_logic                                    0
vdd_logic                                 3.63
na                                     2.65393
nb                                 5.27258e-07
nca                                    5.49996
gnd_drv                            1.92458e-11
ncb                                1.53863e-06
vdd_drv                                    5.5
nbuf1                                  5.49999
out                                1.06734e-06
vin#branch                                   0
vgnd_logic#branch                  3.55742e-08
vsup_drv#branch                   -3.04956e-08
vsup_logic#branch                 -5.07855e-09

 Reference value :  3.73397e-08
 Reference value :  1.11760e-07
No. of Data Rows : 10226
mq1                 =  3.63000e+00 at=  9.97658e-08
mq2                 =  3.63000e+00 at=  2.00000e-07
mq3                 =  3.63000e+00 at=  1.80000e-07
mq4                 =  3.63000e+00 at=  6.05000e-08
mq5                 =  3.65942e+00 at=  1.80073e-07
mq6                 =  3.65952e+00 at=  1.80073e-07
na_peak             =  2.73604e+00 at=  2.00726e-08
nb_peak             =  2.68473e+00 at=  1.40775e-07
t_plh               =  7.77314e-10 targ=  2.10046e-08 trig=  2.02273e-08
t_phl               =  3.54187e-10 targ=  6.11269e-08 trig=  6.07727e-08
vout_hi_abs         =  5.50000e+00
vout_lo_abs         =  1.06734e-06
vdrv_now            =  5.50000e+00
m_vgate_thinox_max = 3.6595200000e+00
m_vna_peak = 2.7360430000e+00
m_vnb_peak = 2.6847250000e+00
m_t_plh_ns = 7.7731400000e-01
m_t_phl_ns = 3.5418730000e-01
m_vout_hi_ratio = 9.9999945455e-01
m_vout_lo_ratio = 1.9406163636e-07
Note: Simulation executed from .control section 

Warning: m=xx on .subckt line will override multiplier m hierarchy!

