
Note: Compatibility modes selected: hs a


Circuit: * level-shifter-oxide-safety @ tt_27c_vlogic3p30v-vdrv5p00v -- generated by sim/harness, do not edit

Doing analysis at TEMP = 27.000000 and TNOM = 27.000000

Using SPARSE 1.3 as Direct Linear Solver

Initial Transient Solution
--------------------------

Node                                   Voltage
----                                   -------
inb                                        3.3
in                                           0
gnd_logic                                    0
vdd_logic                                  3.3
na                                     2.27032
nb                                 3.90728e-07
nca                                    4.99998
gnd_drv                            1.72726e-11
ncb                                 1.1132e-06
vdd_drv                                      5
nbuf1                                  4.99999
out                                7.23853e-07
vin#branch                                   0
vgnd_logic#branch                  2.78551e-08
vsup_drv#branch                   -2.45509e-08
vsup_logic#branch                  -3.3042e-09

 Reference value :  2.14560e-09
 Reference value :  5.37225e-08
 Reference value :  1.12642e-07
 Reference value :  1.95422e-07
No. of Data Rows : 10244
mq1                 =  3.30000e+00 at=  9.62690e-08
mq2                 =  3.30000e+00 at=  2.00000e-07
mq3                 =  3.30000e+00 at=  1.80000e-07
mq4                 =  3.30000e+00 at=  6.05000e-08
mq5                 =  3.32666e+00 at=  2.00757e-08
mq6                 =  3.32678e+00 at=  2.00757e-08
na_peak             =  2.36830e+00 at=  2.00957e-08
nb_peak             =  2.32804e+00 at=  1.40797e-07
t_plh               =  6.66690e-10 targ=  2.09167e-08 trig=  2.02500e-08
t_phl               =  3.47444e-10 targ=  6.10974e-08 trig=  6.07500e-08
vout_hi_abs         =  5.00000e+00
vout_lo_abs         =  7.23853e-07
vdrv_now            =  5.00000e+00
m_vgate_thinox_max = 3.3267830000e+00
m_vna_peak = 2.3683020000e+00
m_vnb_peak = 2.3280430000e+00
m_t_plh_ns = 6.6669020000e-01
m_t_phl_ns = 3.4744360000e-01
m_vout_hi_ratio = 9.9999960000e-01
m_vout_lo_ratio = 1.4477056000e-07
Note: Simulation executed from .control section 

Warning: m=xx on .subckt line will override multiplier m hierarchy!

