
Note: Compatibility modes selected: hs a


Circuit: * level-shifter-oxide-safety @ tt_27c_vlogic3p63v-vdrv5p50v -- generated by sim/harness, do not edit

Doing analysis at TEMP = 27.000000 and TNOM = 27.000000

Using SPARSE 1.3 as Direct Linear Solver

Initial Transient Solution
--------------------------

Node                                   Voltage
----                                   -------
inb                                       3.63
in                                           0
gnd_logic                                    0
vdd_logic                                 3.63
na                                     2.55056
nb                                 4.14969e-07
nca                                    5.49998
gnd_drv                            1.90537e-11
ncb                                1.15015e-06
vdd_drv                                    5.5
nbuf1                                  5.49999
out                                7.61048e-07
vin#branch                                   0
vgnd_logic#branch                    3.075e-08
vsup_drv#branch                   -2.71143e-08
vsup_logic#branch                 -3.63567e-09

 Reference value :  1.18560e-09
 Reference value :  5.29985e-08
 Reference value :  1.16057e-07
No. of Data Rows : 10274
mq1                 =  3.63000e+00 at=  9.17987e-08
mq2                 =  3.63000e+00 at=  2.00000e-07
mq3                 =  3.63000e+00 at=  1.80000e-07
mq4                 =  3.63000e+00 at=  6.05000e-08
mq5                 =  3.65721e+00 at=  2.00726e-08
mq6                 =  3.65731e+00 at=  2.00726e-08
na_peak             =  2.64457e+00 at=  2.00726e-08
nb_peak             =  2.61424e+00 at=  1.40789e-07
t_plh               =  6.50904e-10 targ=  2.08782e-08 trig=  2.02273e-08
t_phl               =  3.03685e-10 targ=  6.10764e-08 trig=  6.07727e-08
vout_hi_abs         =  5.50000e+00
vout_lo_abs         =  7.61048e-07
vdrv_now            =  5.50000e+00
m_vgate_thinox_max = 3.6573120000e+00
m_vna_peak = 2.6445720000e+00
m_vnb_peak = 2.6142440000e+00
m_t_plh_ns = 6.5090430000e-01
m_t_phl_ns = 3.0368540000e-01
m_vout_hi_ratio = 9.9999963636e-01
m_vout_lo_ratio = 1.3837234545e-07
Note: Simulation executed from .control section 

Warning: m=xx on .subckt line will override multiplier m hierarchy!

