
Note: Compatibility modes selected: hs a


Circuit: * level-shifter-oxide-safety @ tt_27c_vlogic3p30v-vdrv6p00v -- generated by sim/harness, do not edit

Doing analysis at TEMP = 27.000000 and TNOM = 27.000000

Using SPARSE 1.3 as Direct Linear Solver

Initial Transient Solution
--------------------------

Node                                   Voltage
----                                   -------
inb                                        3.3
in                                           0
gnd_logic                                    0
vdd_logic                                  3.3
na                                     2.28459
nb                                 4.68874e-07
nca                                    5.99998
gnd_drv                             2.0302e-11
ncb                                1.33584e-06
vdd_drv                                      6
nbuf1                                  5.99999
out                                8.02366e-07
vin#branch                                   0
vgnd_logic#branch                   3.1899e-08
vsup_drv#branch                   -2.85948e-08
vsup_logic#branch                 -3.30421e-09

 Reference value :  1.62560e-09
 Reference value :  5.30111e-08
 Reference value :  1.13991e-07
 Reference value :  1.95711e-07
No. of Data Rows : 10256
mq1                 =  3.30000e+00 at=  1.71864e-07
mq2                 =  3.30000e+00 at=  2.00000e-07
mq3                 =  3.30000e+00 at=  1.80000e-07
mq4                 =  3.30000e+00 at=  6.05000e-08
mq5                 =  3.32670e+00 at=  1.00077e-07
mq6                 =  3.32683e+00 at=  1.00077e-07
na_peak             =  2.38249e+00 at=  2.00957e-08
nb_peak             =  2.34146e+00 at=  1.40796e-07
t_plh               =  5.59749e-10 targ=  2.08097e-08 trig=  2.02500e-08
t_phl               =  3.40740e-10 targ=  6.10907e-08 trig=  6.07500e-08
vout_hi_abs         =  6.00000e+00
vout_lo_abs         =  8.02366e-07
vdrv_now            =  6.00000e+00
m_vgate_thinox_max = 3.3268260000e+00
m_vna_peak = 2.3824890000e+00
m_vnb_peak = 2.3414610000e+00
m_t_plh_ns = 5.5974940000e-01
m_t_phl_ns = 3.4073960000e-01
m_vout_hi_ratio = 9.9999966667e-01
m_vout_lo_ratio = 1.3372766667e-07
Note: Simulation executed from .control section 

Warning: m=xx on .subckt line will override multiplier m hierarchy!

