
Note: No compatibility mode selected!


Circuit: * output-stage-drive @ ff_125c_vdrv6p00v -- generated by sim/harness, do not edit

Doing analysis at TEMP = 125.000000 and TNOM = 27.000000

Using SPARSE 1.3 as Direct Linear Solver

Initial Transient Solution
--------------------------

Node                                   Voltage
----                                   -------
n1                                           6
in_drv                                       0
vdd_drv                                      6
gnd_drv                                      0
n2                                 3.87779e-08
n3                                           6
n4                                 3.91045e-08
n5                                           6
out                                4.14744e-08
outcap                             4.14744e-08
vimeas#branch                     -2.71051e-20
vin#branch                                   0
vgnd_drv#branch                    1.68417e-07
vsup_drv#branch                   -1.68413e-07


No. of Data Rows : 3221
trise10_90          =  4.55225e-09 targ=  2.64722e-08 trig=  2.19199e-08
tfall10_90          =  4.86672e-09 targ=  1.27906e-07 trig=  1.23039e-07
tpdlh               =  3.11531e-09 targ=  2.36153e-08 trig=  2.05000e-08
tpdhl               =  3.58183e-09 targ=  1.25082e-07 trig=  1.21500e-07
ishoot_rise_a       =  2.17653e-01 at=  2.14894e-08
ishoot_fall_a       =  2.08575e-02 at=  1.32463e-07
m_trise_s = 4.5522530000e-09
m_tfall_s = 4.8667220000e-09
m_tpdlh_s = 3.1153110000e-09
m_tpdhl_s = 3.5818300000e-09
m_ipeak_source_a = 1.4867127556e+00
m_ipeak_sink_a = 1.2225309849e+00
m_ishoot_rise_a = 2.1765290000e-01
m_ishoot_fall_a = 2.0857500000e-02
m_energy_per_edge_j = 1.8573894594e-08
m_vout_max_v = 6.0023844190e+00
m_vout_min_v = -2.012777055e-03
m_vin_max_v = 6.0000000000e+00
m_vin_min_v = 0.0000000000e+00
m_n1_max_v = 6.0250271563e+00
m_n1_min_v = -1.488792867e-02
m_n2_max_v = 6.0135489813e+00
m_n2_min_v = -8.636371406e-03
m_n3_max_v = 6.0234656632e+00
m_n3_min_v = -1.392263428e-02
m_n4_max_v = 6.0328931688e+00
m_n4_min_v = -1.864665650e-02
m_n5_max_v = 6.0295256422e+00
m_n5_min_v = -1.803641123e-02
Note: Simulation executed from .control section 

