
Note: No compatibility mode selected!


Circuit: * output-stage-drive @ ff_125c_vdrv4p50v -- generated by sim/harness, do not edit

Doing analysis at TEMP = 125.000000 and TNOM = 27.000000

Using SPARSE 1.3 as Direct Linear Solver

Initial Transient Solution
--------------------------

Node                                   Voltage
----                                   -------
n1                                         4.5
in_drv                                       0
vdd_drv                                    4.5
gnd_drv                                      0
n2                                 3.05566e-08
n3                                         4.5
n4                                 3.09179e-08
n5                                         4.5
out                                3.27917e-08
outcap                             3.27917e-08
vimeas#branch                                0
vin#branch                                   0
vgnd_drv#branch                    1.11339e-07
vsup_drv#branch                   -1.11343e-07


No. of Data Rows : 3221
trise10_90          =  5.58529e-09 targ=  2.77497e-08 trig=  2.21644e-08
tfall10_90          =  5.34582e-09 targ=  1.28613e-07 trig=  1.23267e-07
tpdlh               =  3.74380e-09 targ=  2.42438e-08 trig=  2.05000e-08
tpdhl               =  4.00327e-09 targ=  1.25503e-07 trig=  1.21500e-07
ishoot_rise_a       =  1.44723e-01 at=  2.16095e-08
ishoot_fall_a       =  1.02541e-02 at=  1.34425e-07
m_trise_s = 5.5852910000e-09
m_tfall_s = 5.3458170000e-09
m_tpdlh_s = 3.7437990000e-09
m_tpdhl_s = 4.0032710000e-09
m_ipeak_source_a = 9.0936515735e-01
m_ipeak_sink_a = 8.3365759967e-01
m_ishoot_rise_a = 1.4472270000e-01
m_ishoot_fall_a = 1.0254140000e-02
m_energy_per_edge_j = 1.0435535762e-08
m_vout_max_v = 4.5027411198e+00
m_vout_min_v = -1.882248742e-03
m_vin_max_v = 4.5000000000e+00
m_vin_min_v = 0.0000000000e+00
m_n1_max_v = 4.5262427719e+00
m_n1_min_v = -1.432325470e-02
m_n2_max_v = 4.5176354454e+00
m_n2_min_v = -1.036490809e-02
m_n3_max_v = 4.5290044579e+00
m_n3_min_v = -1.584435944e-02
m_n4_max_v = 4.5352115711e+00
m_n4_min_v = -2.167620495e-02
m_n5_max_v = 4.5355481728e+00
m_n5_min_v = -2.053249725e-02
Note: Simulation executed from .control section 

