
Note: No compatibility mode selected!


Circuit: * output-stage-drive @ ff_27c_vdrv5p50v -- generated by sim/harness, do not edit

Doing analysis at TEMP = 27.000000 and TNOM = 27.000000

Using SPARSE 1.3 as Direct Linear Solver

Initial Transient Solution
--------------------------

Node                                   Voltage
----                                   -------
n1                                         5.5
in_drv                                       0
vdd_drv                                    5.5
gnd_drv                                      0
n2                                 1.92573e-09
n3                                         5.5
n4                                 2.85015e-09
n5                                         5.5
out                                3.02289e-09
outcap                             3.02289e-09
vimeas#branch                                0
vin#branch                                   0
vgnd_drv#branch                     4.5114e-09
vsup_drv#branch                   -4.50905e-09


No. of Data Rows : 3225
trise10_90          =  4.04325e-09 targ=  2.58108e-08 trig=  2.17675e-08
tfall10_90          =  3.97439e-09 targ=  1.26834e-07 trig=  1.22859e-07
tpdlh               =  2.83004e-09 targ=  2.33300e-08 trig=  2.05000e-08
tpdhl               =  3.09625e-09 targ=  1.24596e-07 trig=  1.21500e-07
ishoot_rise_a       =  2.44859e-01 at=  2.13564e-08
ishoot_fall_a       =  1.24497e-02 at=  1.31333e-07
m_trise_s = 4.0432490000e-09
m_tfall_s = 3.9743860000e-09
m_tpdlh_s = 2.8300420000e-09
m_tpdhl_s = 3.0962490000e-09
m_ipeak_source_a = 1.4604227561e+00
m_ipeak_sink_a = 1.3059300916e+00
m_ishoot_rise_a = 2.4485940000e-01
m_ishoot_fall_a = 1.2449660000e-02
m_energy_per_edge_j = 1.5588030164e-08
m_vout_max_v = 5.5026035021e+00
m_vout_min_v = -2.103979862e-03
m_vin_max_v = 5.5000000000e+00
m_vin_min_v = 0.0000000000e+00
m_n1_max_v = 5.5225761078e+00
m_n1_min_v = -1.256412479e-02
m_n2_max_v = 5.5144288452e+00
m_n2_min_v = -8.277674386e-03
m_n3_max_v = 5.5273987996e+00
m_n3_min_v = -1.571034384e-02
m_n4_max_v = 5.5356616836e+00
m_n4_min_v = -1.849667202e-02
m_n5_max_v = 5.5334520160e+00
m_n5_min_v = -2.060608270e-02
Note: Simulation executed from .control section 

