
Note: No compatibility mode selected!


Circuit: * output-stage-drive @ ff_27c_vdrv5p00v -- generated by sim/harness, do not edit

Doing analysis at TEMP = 27.000000 and TNOM = 27.000000

Using SPARSE 1.3 as Direct Linear Solver

Initial Transient Solution
--------------------------

Node                                   Voltage
----                                   -------
n1                                           5
in_drv                                       0
vdd_drv                                      5
gnd_drv                                      0
n2                                 1.81649e-09
n3                                           5
n4                                 2.68936e-09
n5                                           5
out                                2.85241e-09
outcap                             2.85241e-09
vimeas#branch                     -3.38813e-21
vin#branch                                   0
vgnd_drv#branch                    4.07972e-09
vsup_drv#branch                   -4.08556e-09


No. of Data Rows : 3222
trise10_90          =  4.28335e-09 targ=  2.61109e-08 trig=  2.18276e-08
tfall10_90          =  4.10625e-09 targ=  1.27025e-07 trig=  1.22919e-07
tpdlh               =  2.98257e-09 targ=  2.34826e-08 trig=  2.05000e-08
tpdhl               =  3.21061e-09 targ=  1.24711e-07 trig=  1.21500e-07
ishoot_rise_a       =  2.14476e-01 at=  2.13926e-08
ishoot_fall_a       =  8.02375e-03 at=  1.50952e-07
m_trise_s = 4.2833500000e-09
m_tfall_s = 4.1062540000e-09
m_tpdlh_s = 2.9825750000e-09
m_tpdhl_s = 3.2106100000e-09
m_ipeak_source_a = 1.2572023967e+00
m_ipeak_sink_a = 1.1399832619e+00
m_ishoot_rise_a = 2.1447640000e-01
m_ishoot_fall_a = 8.0237490000e-03
m_energy_per_edge_j = 1.2876914085e-08
m_vout_max_v = 5.0030969391e+00
m_vout_min_v = -2.057499471e-03
m_vin_max_v = 5.0000000000e+00
m_vin_min_v = 0.0000000000e+00
m_n1_max_v = 5.0232542345e+00
m_n1_min_v = -1.208592015e-02
m_n2_max_v = 5.0166690919e+00
m_n2_min_v = -9.574489533e-03
m_n3_max_v = 5.0266148929e+00
m_n3_min_v = -1.650369489e-02
m_n4_max_v = 5.0404764863e+00
m_n4_min_v = -2.285532131e-02
m_n5_max_v = 5.0359359264e+00
m_n5_min_v = -2.233932949e-02
Note: Simulation executed from .control section 

