
Note: No compatibility mode selected!


Circuit: * output-stage-drive @ ff_27c_vdrv4p50v -- generated by sim/harness, do not edit

Doing analysis at TEMP = 27.000000 and TNOM = 27.000000

Using SPARSE 1.3 as Direct Linear Solver

Initial Transient Solution
--------------------------

Node                                   Voltage
----                                   -------
n1                                         4.5
in_drv                                       0
vdd_drv                                    4.5
gnd_drv                                      0
n2                                 1.71907e-09
n3                                         4.5
n4                                 2.54552e-09
n5                                         4.5
out                                2.69979e-09
outcap                             2.69979e-09
vimeas#branch                                0
vin#branch                                   0
vgnd_drv#branch                    3.66285e-09
vsup_drv#branch                   -3.66717e-09


No. of Data Rows : 3221
trise10_90          =  4.58946e-09 targ=  2.64966e-08 trig=  2.19072e-08
tfall10_90          =  4.28854e-09 targ=  1.27284e-07 trig=  1.22995e-07
tpdlh               =  3.18160e-09 targ=  2.36816e-08 trig=  2.05000e-08
tpdhl               =  3.36181e-09 targ=  1.24862e-07 trig=  1.21500e-07
ishoot_rise_a       =  1.77405e-01 at=  2.14217e-08
ishoot_fall_a       =  7.95684e-03 at=  1.33610e-07
m_trise_s = 4.5894630000e-09
m_tfall_s = 4.2885420000e-09
m_tpdlh_s = 3.1815980000e-09
m_tpdhl_s = 3.3618130000e-09
m_ipeak_source_a = 1.0579918520e+00
m_ipeak_sink_a = 9.8904035457e-01
m_ishoot_rise_a = 1.7740520000e-01
m_ishoot_fall_a = 7.9568390000e-03
m_energy_per_edge_j = 1.0425683289e-08
m_vout_max_v = 4.5031814609e+00
m_vout_min_v = -2.304193574e-03
m_vin_max_v = 4.5000000000e+00
m_vin_min_v = 0.0000000000e+00
m_n1_max_v = 4.5228624104e+00
m_n1_min_v = -1.149710101e-02
m_n2_max_v = 4.5175723590e+00
m_n2_min_v = -9.839290814e-03
m_n3_max_v = 4.5313851425e+00
m_n3_min_v = -1.753378825e-02
m_n4_max_v = 4.5361591968e+00
m_n4_min_v = -2.231983527e-02
m_n5_max_v = 4.5370216980e+00
m_n5_min_v = -2.319117793e-02
Note: Simulation executed from .control section 

