
Note: No compatibility mode selected!


Circuit: * output-stage-drive @ fs_-40c_vdrv6p00v -- generated by sim/harness, do not edit

Doing analysis at TEMP = -40.000000 and TNOM = 27.000000

Using SPARSE 1.3 as Direct Linear Solver

Initial Transient Solution
--------------------------

Node                                   Voltage
----                                   -------
n1                                           6
in_drv                                       0
vdd_drv                                      6
gnd_drv                                      0
n2                                 1.52092e-09
n3                                           6
n4                                 2.28147e-09
n5                                           6
out                                2.41974e-09
outcap                             2.41974e-09
vimeas#branch                      1.69407e-21
vin#branch                                   0
vgnd_drv#branch                    4.31954e-09
vsup_drv#branch                   -4.32074e-09


No. of Data Rows : 3225
trise10_90          =  4.19416e-09 targ=  2.59650e-08 trig=  2.17708e-08
tfall10_90          =  3.45324e-09 targ=  1.26311e-07 trig=  1.22857e-07
tpdlh               =  2.96944e-09 targ=  2.34694e-08 trig=  2.05000e-08
tpdhl               =  2.92857e-09 targ=  1.24429e-07 trig=  1.21500e-07
ishoot_rise_a       =  2.94570e-01 at=  2.13489e-08
ishoot_fall_a       =  1.20219e-02 at=  1.30660e-07
m_trise_s = 4.1941580000e-09
m_tfall_s = 3.4532430000e-09
m_tpdlh_s = 2.9694430000e-09
m_tpdhl_s = 2.9285730000e-09
m_ipeak_source_a = 1.4788279536e+00
m_ipeak_sink_a = 1.5709426628e+00
m_ishoot_rise_a = 2.9456970000e-01
m_ishoot_fall_a = 1.2021850000e-02
m_energy_per_edge_j = 1.8551455855e-08
m_vout_max_v = 6.0028393686e+00
m_vout_min_v = -3.136758066e-03
m_vin_max_v = 6.0000000000e+00
m_vin_min_v = 0.0000000000e+00
m_n1_max_v = 6.0251501952e+00
m_n1_min_v = -1.118707012e-02
m_n2_max_v = 6.0172204120e+00
m_n2_min_v = -1.143729376e-02
m_n3_max_v = 6.0275429649e+00
m_n3_min_v = -2.128366871e-02
m_n4_max_v = 6.0458912413e+00
m_n4_min_v = -2.676810010e-02
m_n5_max_v = 6.0433093873e+00
m_n5_min_v = -2.540542297e-02
Note: Simulation executed from .control section 

