
Note: No compatibility mode selected!


Circuit: * output-stage-drive @ fs_-40c_vdrv5p00v -- generated by sim/harness, do not edit

Doing analysis at TEMP = -40.000000 and TNOM = 27.000000

Using SPARSE 1.3 as Direct Linear Solver

Initial Transient Solution
--------------------------

Node                                   Voltage
----                                   -------
n1                                           5
in_drv                                       0
vdd_drv                                      5
gnd_drv                                      0
n2                                 1.36789e-09
n3                                           5
n4                                 2.05222e-09
n5                                           5
out                                 2.1766e-09
outcap                              2.1766e-09
vimeas#branch                                0
vin#branch                                   0
vgnd_drv#branch                    3.59805e-09
vsup_drv#branch                   -3.59886e-09


No. of Data Rows : 3223
trise10_90          =  4.73105e-09 targ=  2.66366e-08 trig=  2.19055e-08
tfall10_90          =  3.67806e-09 targ=  1.26662e-07 trig=  1.22984e-07
tpdlh               =  3.32627e-09 targ=  2.38263e-08 trig=  2.05000e-08
tpdhl               =  3.15212e-09 targ=  1.24652e-07 trig=  1.21500e-07
ishoot_rise_a       =  2.28561e-01 at=  2.14117e-08
ishoot_fall_a       =  1.19781e-02 at=  1.30827e-07
m_trise_s = 4.7310480000e-09
m_tfall_s = 3.6780610000e-09
m_tpdlh_s = 3.3262680000e-09
m_tpdhl_s = 3.1521170000e-09
m_ipeak_source_a = 1.0968074365e+00
m_ipeak_sink_a = 1.2217273203e+00
m_ishoot_rise_a = 2.2856130000e-01
m_ishoot_fall_a = 1.1978100000e-02
m_energy_per_edge_j = 1.2871229793e-08
m_vout_max_v = 5.0034643850e+00
m_vout_min_v = -3.279498807e-03
m_vin_max_v = 5.0000000000e+00
m_vin_min_v = 0.0000000000e+00
m_n1_max_v = 5.0253177821e+00
m_n1_min_v = -1.064473825e-02
m_n2_max_v = 5.0219171973e+00
m_n2_min_v = -1.265081297e-02
m_n3_max_v = 5.0337845338e+00
m_n3_min_v = -2.243999307e-02
m_n4_max_v = 5.0402662340e+00
m_n4_min_v = -2.691395599e-02
m_n5_max_v = 5.0462290285e+00
m_n5_min_v = -2.238742834e-02
Note: Simulation executed from .control section 

