
Note: No compatibility mode selected!


Circuit: * output-stage-drive @ fs_125c_vdrv6p00v -- generated by sim/harness, do not edit

Doing analysis at TEMP = 125.000000 and TNOM = 27.000000

Using SPARSE 1.3 as Direct Linear Solver

Initial Transient Solution
--------------------------

Node                                   Voltage
----                                   -------
n1                                           6
in_drv                                       0
vdd_drv                                      6
gnd_drv                                      0
n2                                   3.627e-09
n3                                           6
n4                                 4.99995e-09
n5                                           6
out                                5.30298e-09
outcap                             5.30298e-09
vimeas#branch                                0
vin#branch                                   0
vgnd_drv#branch                    7.14414e-08
vsup_drv#branch                   -7.14518e-08


No. of Data Rows : 3221
trise10_90          =  6.06676e-09 targ=  2.82881e-08 trig=  2.22214e-08
tfall10_90          =  5.06426e-09 targ=  1.28378e-07 trig=  1.23314e-07
tpdlh               =  4.01352e-09 targ=  2.45135e-08 trig=  2.05000e-08
tpdhl               =  3.94597e-09 targ=  1.25446e-07 trig=  1.21500e-07
ishoot_rise_a       =  1.99613e-01 at=  2.16192e-08
ishoot_fall_a       =  9.07110e-03 at=  1.35425e-07
m_trise_s = 6.0667580000e-09
m_tfall_s = 5.0642610000e-09
m_tpdlh_s = 4.0135160000e-09
m_tpdhl_s = 3.9459670000e-09
m_ipeak_source_a = 1.0947416065e+00
m_ipeak_sink_a = 1.1610572186e+00
m_ishoot_rise_a = 1.9961290000e-01
m_ishoot_fall_a = 9.0710960000e-03
m_energy_per_edge_j = 1.8574168720e-08
m_vout_max_v = 6.0028788647e+00
m_vout_min_v = -2.723724150e-03
m_vin_max_v = 6.0000000000e+00
m_vin_min_v = 0.0000000000e+00
m_n1_max_v = 6.0311119474e+00
m_n1_min_v = -1.833945292e-02
m_n2_max_v = 6.0183561112e+00
m_n2_min_v = -1.335901501e-02
m_n3_max_v = 6.0324616054e+00
m_n3_min_v = -2.155223946e-02
m_n4_max_v = 6.0351509754e+00
m_n4_min_v = -2.688765643e-02
m_n5_max_v = 6.0375081373e+00
m_n5_min_v = -2.618769593e-02
Note: Simulation executed from .control section 

