
Note: No compatibility mode selected!


Circuit: * output-stage-drive @ fs_125c_vdrv5p00v -- generated by sim/harness, do not edit

Doing analysis at TEMP = 125.000000 and TNOM = 27.000000

Using SPARSE 1.3 as Direct Linear Solver

Initial Transient Solution
--------------------------

Node                                   Voltage
----                                   -------
n1                                           5
in_drv                                       0
vdd_drv                                      5
gnd_drv                                      0
n2                                 3.28143e-09
n3                                           5
n4                                 4.49633e-09
n5                                           5
out                                4.76883e-09
outcap                             4.76883e-09
vimeas#branch                     -3.38813e-21
vin#branch                                   0
vgnd_drv#branch                     5.2815e-08
vsup_drv#branch                   -5.28163e-08


No. of Data Rows : 3220
trise10_90          =  7.03232e-09 targ=  2.94723e-08 trig=  2.24400e-08
tfall10_90          =  5.36088e-09 targ=  1.28860e-07 trig=  1.23499e-07
tpdlh               =  4.60667e-09 targ=  2.51067e-08 trig=  2.05000e-08
tpdhl               =  4.25186e-09 targ=  1.25752e-07 trig=  1.21500e-07
ishoot_rise_a       =  1.49093e-01 at=  2.17133e-08
ishoot_fall_a       =  6.07513e-03 at=  1.35275e-07
m_trise_s = 7.0323170000e-09
m_tfall_s = 5.3608840000e-09
m_tpdlh_s = 4.6066740000e-09
m_tpdhl_s = 4.2518650000e-09
m_ipeak_source_a = 7.8853968560e-01
m_ipeak_sink_a = 9.1434046324e-01
m_ishoot_rise_a = 1.4909340000e-01
m_ishoot_fall_a = 6.0751270000e-03
m_energy_per_edge_j = 1.2888747841e-08
m_vout_max_v = 5.0031531568e+00
m_vout_min_v = -2.815079422e-03
m_vin_max_v = 5.0000000000e+00
m_vin_min_v = 0.0000000000e+00
m_n1_max_v = 5.0329713561e+00
m_n1_min_v = -1.719479584e-02
m_n2_max_v = 5.0235560084e+00
m_n2_min_v = -1.530874282e-02
m_n3_max_v = 5.0378719718e+00
m_n3_min_v = -2.423363785e-02
m_n4_max_v = 5.0379660083e+00
m_n4_min_v = -2.632697121e-02
m_n5_max_v = 5.0407946154e+00
m_n5_min_v = -2.617449797e-02
Note: Simulation executed from .control section 

