
Note: No compatibility mode selected!


Circuit: * output-stage-drive @ fs_125c_vdrv4p50v -- generated by sim/harness, do not edit

Doing analysis at TEMP = 125.000000 and TNOM = 27.000000

Using SPARSE 1.3 as Direct Linear Solver

Initial Transient Solution
--------------------------

Node                                   Voltage
----                                   -------
n1                                         4.5
in_drv                                       0
vdd_drv                                    4.5
gnd_drv                                      0
n2                                  3.1532e-09
n3                                         4.5
n4                                 4.29913e-09
n5                                         4.5
out                                4.55968e-09
outcap                             4.55968e-09
vimeas#branch                     -3.38813e-21
vin#branch                                   0
vgnd_drv#branch                    4.69323e-08
vsup_drv#branch                   -4.69406e-08


No. of Data Rows : 3220
trise10_90          =  7.71160e-09 targ=  3.03089e-08 trig=  2.25973e-08
tfall10_90          =  5.60019e-09 targ=  1.29231e-07 trig=  1.23631e-07
tpdlh               =  5.03147e-09 targ=  2.55315e-08 trig=  2.05000e-08
tpdhl               =  4.48009e-09 targ=  1.25980e-07 trig=  1.21500e-07
ishoot_rise_a       =  1.29687e-01 at=  2.18119e-08
ishoot_fall_a       =  2.29713e-03 at=  1.38375e-07
m_trise_s = 7.7115970000e-09
m_tfall_s = 5.6001940000e-09
m_tpdlh_s = 5.0314700000e-09
m_tpdhl_s = 4.4800910000e-09
m_ipeak_source_a = 6.4809100407e-01
m_ipeak_sink_a = 7.8820137151e-01
m_ishoot_rise_a = 1.2968720000e-01
m_ishoot_fall_a = 2.2971340000e-03
m_energy_per_edge_j = 1.0435451250e-08
m_vout_max_v = 4.5032538806e+00
m_vout_min_v = -2.837934524e-03
m_vin_max_v = 4.5000000000e+00
m_vin_min_v = 0.0000000000e+00
m_n1_max_v = 4.5320208327e+00
m_n1_min_v = -1.666942504e-02
m_n2_max_v = 4.5254461965e+00
m_n2_min_v = -1.733401248e-02
m_n3_max_v = 4.5359201561e+00
m_n3_min_v = -2.526527248e-02
m_n4_max_v = 4.5373653382e+00
m_n4_min_v = -2.527436779e-02
m_n5_max_v = 4.5414329685e+00
m_n5_min_v = -2.483281131e-02
Note: Simulation executed from .control section 

