
Note: No compatibility mode selected!


Circuit: * output-stage-drive @ fs_27c_vdrv6p00v -- generated by sim/harness, do not edit

Doing analysis at TEMP = 27.000000 and TNOM = 27.000000

Using SPARSE 1.3 as Direct Linear Solver

Initial Transient Solution
--------------------------

Node                                   Voltage
----                                   -------
n1                                           6
in_drv                                       0
vdd_drv                                      6
gnd_drv                                      0
n2                                 2.00317e-09
n3                                           6
n4                                 3.00524e-09
n5                                           6
out                                3.18737e-09
outcap                             3.18737e-09
vimeas#branch                                0
vin#branch                                   0
vgnd_drv#branch                    4.53026e-09
vsup_drv#branch                   -4.54455e-09


No. of Data Rows : 3221
trise10_90          =  5.02441e-09 targ=  2.69794e-08 trig=  2.19550e-08
tfall10_90          =  4.04829e-09 targ=  1.27091e-07 trig=  1.23042e-07
tpdlh               =  3.41882e-09 targ=  2.39188e-08 trig=  2.05000e-08
tpdhl               =  3.31957e-09 targ=  1.24820e-07 trig=  1.21500e-07
ishoot_rise_a       =  2.52230e-01 at=  2.14565e-08
ishoot_fall_a       =  1.35862e-02 at=  1.32300e-07
m_trise_s = 5.0244120000e-09
m_tfall_s = 4.0482850000e-09
m_tpdlh_s = 3.4188210000e-09
m_tpdhl_s = 3.3195700000e-09
m_ipeak_source_a = 1.2735475621e+00
m_ipeak_sink_a = 1.3905470988e+00
m_ishoot_rise_a = 2.5222970000e-01
m_ishoot_fall_a = 1.3586240000e-02
m_energy_per_edge_j = 1.8561011180e-08
m_vout_max_v = 6.0032345966e+00
m_vout_min_v = -2.921189202e-03
m_vin_max_v = 6.0000000000e+00
m_vin_min_v = 0.0000000000e+00
m_n1_max_v = 6.0286051433e+00
m_n1_min_v = -1.423092446e-02
m_n2_max_v = 6.0185403648e+00
m_n2_min_v = -1.191992424e-02
m_n3_max_v = 6.0330447948e+00
m_n3_min_v = -1.800331049e-02
m_n4_max_v = 6.0384225015e+00
m_n4_min_v = -2.635876108e-02
m_n5_max_v = 6.0427787009e+00
m_n5_min_v = -2.544204113e-02
Note: Simulation executed from .control section 

