
Note: No compatibility mode selected!


Circuit: * output-stage-drive @ fs_27c_vdrv4p50v -- generated by sim/harness, do not edit

Doing analysis at TEMP = 27.000000 and TNOM = 27.000000

Using SPARSE 1.3 as Direct Linear Solver

Initial Transient Solution
--------------------------

Node                                   Voltage
----                                   -------
n1                                         4.5
in_drv                                       0
vdd_drv                                    4.5
gnd_drv                                      0
n2                                 1.69561e-09
n3                                         4.5
n4                                 2.54453e-09
n5                                         4.5
out                                2.69875e-09
outcap                             2.69875e-09
vimeas#branch                                0
vin#branch                                   0
vgnd_drv#branch                    3.37155e-09
vsup_drv#branch                   -3.37529e-09


No. of Data Rows : 3222
trise10_90          =  6.23649e-09 targ=  2.84866e-08 trig=  2.22501e-08
tfall10_90          =  4.50112e-09 targ=  1.27800e-07 trig=  1.23298e-07
tpdlh               =  4.20497e-09 targ=  2.47050e-08 trig=  2.05000e-08
tpdhl               =  3.76508e-09 targ=  1.25265e-07 trig=  1.21500e-07
ishoot_rise_a       =  1.55763e-01 at=  2.16392e-08
ishoot_fall_a       =  3.08493e-03 at=  1.50972e-07
m_trise_s = 6.2364900000e-09
m_tfall_s = 4.5011210000e-09
m_tpdlh_s = 4.2049720000e-09
m_tpdhl_s = 3.7650830000e-09
m_ipeak_source_a = 7.7093289084e-01
m_ipeak_sink_a = 9.3326219845e-01
m_ishoot_rise_a = 1.5576350000e-01
m_ishoot_fall_a = 3.0849250000e-03
m_energy_per_edge_j = 1.0426428478e-08
m_vout_max_v = 4.5032760383e+00
m_vout_min_v = -2.917656013e-03
m_vin_max_v = 4.5000000000e+00
m_vin_min_v = 0.0000000000e+00
m_n1_max_v = 4.5283890801e+00
m_n1_min_v = -1.294588000e-02
m_n2_max_v = 4.5247213671e+00
m_n2_min_v = -1.688806799e-02
m_n3_max_v = 4.5359349994e+00
m_n3_min_v = -2.399979888e-02
m_n4_max_v = 4.5401739526e+00
m_n4_min_v = -2.659679582e-02
m_n5_max_v = 4.5423588427e+00
m_n5_min_v = -2.682459884e-02
Note: Simulation executed from .control section 

