
Note: No compatibility mode selected!


Circuit: * output-stage-drive @ sf_-40c_vdrv6p00v -- generated by sim/harness, do not edit

Doing analysis at TEMP = -40.000000 and TNOM = 27.000000

Using SPARSE 1.3 as Direct Linear Solver

Initial Transient Solution
--------------------------

Node                                   Voltage
----                                   -------
n1                                           6
in_drv                                       0
vdd_drv                                      6
gnd_drv                                      0
n2                                 1.82032e-09
n3                                           6
n4                                 2.70364e-09
n5                                           6
out                                 2.8675e-09
outcap                              2.8675e-09
vimeas#branch                                0
vin#branch                                   0
vgnd_drv#branch                    4.41174e-09
vsup_drv#branch                   -4.41678e-09


No. of Data Rows : 3231
trise10_90          =  3.41739e-09 targ=  2.52222e-08 trig=  2.18048e-08
tfall10_90          =  4.39977e-09 targ=  1.27304e-07 trig=  1.22905e-07
tpdlh               =  2.68120e-09 targ=  2.31812e-08 trig=  2.05000e-08
tpdhl               =  3.44764e-09 targ=  1.24948e-07 trig=  1.21500e-07
ishoot_rise_a       =  2.44579e-01 at=  2.14211e-08
ishoot_fall_a       =  1.45696e-02 at=  1.32375e-07
m_trise_s = 3.4173930000e-09
m_tfall_s = 4.3997690000e-09
m_tpdlh_s = 2.6812040000e-09
m_tpdhl_s = 3.4476400000e-09
m_ipeak_source_a = 1.7921037371e+00
m_ipeak_sink_a = 1.2139159224e+00
m_ishoot_rise_a = 2.4457910000e-01
m_ishoot_fall_a = 1.4569550000e-02
m_energy_per_edge_j = 1.8548828992e-08
m_vout_max_v = 6.0039465520e+00
m_vout_min_v = -2.516619188e-03
m_vin_max_v = 6.0000000000e+00
m_vin_min_v = 0.0000000000e+00
m_n1_max_v = 6.0229473247e+00
m_n1_min_v = -1.330080857e-02
m_n2_max_v = 6.0193582698e+00
m_n2_min_v = -9.674053667e-03
m_n3_max_v = 6.0296012654e+00
m_n3_min_v = -1.658931842e-02
m_n4_max_v = 6.0417444904e+00
m_n4_min_v = -2.736928059e-02
m_n5_max_v = 6.0469225388e+00
m_n5_min_v = -2.706651183e-02
Note: Simulation executed from .control section 

