
Note: No compatibility mode selected!


Circuit: * output-stage-drive @ sf_125c_vdrv4p50v -- generated by sim/harness, do not edit

Doing analysis at TEMP = 125.000000 and TNOM = 27.000000

Using SPARSE 1.3 as Direct Linear Solver

Initial Transient Solution
--------------------------

Node                                   Voltage
----                                   -------
n1                                         4.5
in_drv                                       0
vdd_drv                                    4.5
gnd_drv                                      0
n2                                 1.82249e-08
n3                                         4.5
n4                                 1.92016e-08
n5                                         4.5
out                                2.03653e-08
outcap                             2.03653e-08
vimeas#branch                                0
vin#branch                                   0
vgnd_drv#branch                    1.47382e-08
vsup_drv#branch                   -1.47386e-08


No. of Data Rows : 3220
trise10_90          =  5.93851e-09 targ=  2.84613e-08 trig=  2.25228e-08
tfall10_90          =  7.11964e-09 targ=  1.30806e-07 trig=  1.23686e-07
tpdlh               =  4.24188e-09 targ=  2.47419e-08 trig=  2.05000e-08
tpdhl               =  5.21611e-09 targ=  1.26716e-07 trig=  1.21500e-07
ishoot_rise_a       =  1.09395e-01 at=  2.19619e-08
ishoot_fall_a       =  4.07041e-03 at=  1.38325e-07
m_trise_s = 5.9385090000e-09
m_tfall_s = 7.1196410000e-09
m_tpdlh_s = 4.2418780000e-09
m_tpdhl_s = 5.2161060000e-09
m_ipeak_source_a = 8.4809863116e-01
m_ipeak_sink_a = 6.0799254164e-01
m_ishoot_rise_a = 1.0939490000e-01
m_ishoot_fall_a = 4.0704070000e-03
m_energy_per_edge_j = 1.0433708034e-08
m_vout_max_v = 4.5044931449e+00
m_vout_min_v = -2.202913628e-03
m_vin_max_v = 4.5000000000e+00
m_vin_min_v = 0.0000000000e+00
m_n1_max_v = 4.5324838220e+00
m_n1_min_v = -1.777877719e-02
m_n2_max_v = 4.5305454482e+00
m_n2_min_v = -1.443423510e-02
m_n3_max_v = 4.5476081020e+00
m_n3_min_v = -2.200116023e-02
m_n4_max_v = 4.5472061880e+00
m_n4_min_v = -2.496119561e-02
m_n5_max_v = 4.5485220748e+00
m_n5_min_v = -2.444997843e-02
Note: Simulation executed from .control section 

