
Note: No compatibility mode selected!


Circuit: * output-stage-drive @ ss_-40c_vdrv6p00v -- generated by sim/harness, do not edit

Doing analysis at TEMP = -40.000000 and TNOM = 27.000000

Using SPARSE 1.3 as Direct Linear Solver

Initial Transient Solution
--------------------------

Node                                   Voltage
----                                   -------
n1                                           6
in_drv                                       0
vdd_drv                                      6
gnd_drv                                      0
n2                                   1.819e-09
n3                                           6
n4                                 2.72766e-09
n5                                           6
out                                2.89297e-09
outcap                             2.89297e-09
vimeas#branch                                0
vin#branch                                   0
vgnd_drv#branch                    4.29789e-09
vsup_drv#branch                   -4.29747e-09


No. of Data Rows : 3222
trise10_90          =  4.47299e-09 targ=  2.65347e-08 trig=  2.20617e-08
tfall10_90          =  4.67672e-09 targ=  1.27850e-07 trig=  1.23174e-07
tpdlh               =  3.37359e-09 targ=  2.38736e-08 trig=  2.05000e-08
tpdhl               =  3.85467e-09 targ=  1.25355e-07 trig=  1.21500e-07
ishoot_rise_a       =  2.17293e-01 at=  2.15820e-08
ishoot_fall_a       =  9.52106e-03 at=  1.50901e-07
m_trise_s = 4.4729900000e-09
m_tfall_s = 4.6767190000e-09
m_tpdlh_s = 3.3735880000e-09
m_tpdhl_s = 3.8546690000e-09
m_ipeak_source_a = 1.3608798329e+00
m_ipeak_sink_a = 1.1247956199e+00
m_ishoot_rise_a = 2.1729330000e-01
m_ishoot_fall_a = 9.5210600000e-03
m_energy_per_edge_j = 1.8557311985e-08
m_vout_max_v = 6.0049462772e+00
m_vout_min_v = -3.327244812e-03
m_vin_max_v = 6.0000000000e+00
m_vin_min_v = 0.0000000000e+00
m_n1_max_v = 6.0295817359e+00
m_n1_min_v = -1.478158369e-02
m_n2_max_v = 6.0290967336e+00
m_n2_min_v = -1.437010434e-02
m_n3_max_v = 6.0451094133e+00
m_n3_min_v = -2.126830312e-02
m_n4_max_v = 6.0464927673e+00
m_n4_min_v = -2.943273360e-02
m_n5_max_v = 6.0496527481e+00
m_n5_min_v = -2.789136178e-02
Note: Simulation executed from .control section 

