
Note: No compatibility mode selected!


Circuit: * output-stage-drive @ ss_-40c_vdrv5p00v -- generated by sim/harness, do not edit

Doing analysis at TEMP = -40.000000 and TNOM = 27.000000

Using SPARSE 1.3 as Direct Linear Solver

Initial Transient Solution
--------------------------

Node                                   Voltage
----                                   -------
n1                                           5
in_drv                                       0
vdd_drv                                      5
gnd_drv                                      0
n2                                 1.67393e-09
n3                                           5
n4                                 2.51052e-09
n5                                           5
out                                2.66268e-09
outcap                             2.66268e-09
vimeas#branch                                0
vin#branch                                   0
vgnd_drv#branch                    3.58007e-09
vsup_drv#branch                   -3.57828e-09


No. of Data Rows : 3221
trise10_90          =  5.07493e-09 targ=  2.73185e-08 trig=  2.22435e-08
tfall10_90          =  5.07706e-09 targ=  1.28436e-07 trig=  1.23359e-07
tpdlh               =  3.80629e-09 targ=  2.43063e-08 trig=  2.05000e-08
tpdhl               =  4.21895e-09 targ=  1.25719e-07 trig=  1.21500e-07
ishoot_rise_a       =  1.60555e-01 at=  2.16721e-08
ishoot_fall_a       =  1.21380e-03 at=  1.50921e-07
m_trise_s = 5.0749330000e-09
m_tfall_s = 5.0770610000e-09
m_tpdlh_s = 3.8062900000e-09
m_tpdhl_s = 4.2189550000e-09
m_ipeak_source_a = 1.0056620741e+00
m_ipeak_sink_a = 8.6099462558e-01
m_ishoot_rise_a = 1.6055490000e-01
m_ishoot_fall_a = 1.2138000000e-03
m_energy_per_edge_j = 1.2874308088e-08
m_vout_max_v = 5.0050111624e+00
m_vout_min_v = -3.484024449e-03
m_vin_max_v = 5.0000000000e+00
m_vin_min_v = 0.0000000000e+00
m_n1_max_v = 5.0302573899e+00
m_n1_min_v = -1.416403335e-02
m_n2_max_v = 5.0338481518e+00
m_n2_min_v = -1.753575479e-02
m_n3_max_v = 5.0494184333e+00
m_n3_min_v = -2.809025150e-02
m_n4_max_v = 5.0513962729e+00
m_n4_min_v = -2.740984852e-02
m_n5_max_v = 5.0528209035e+00
m_n5_min_v = -2.789035210e-02
Note: Simulation executed from .control section 

