
Note: No compatibility mode selected!


Circuit: * output-stage-drive @ ss_125c_vdrv6p00v -- generated by sim/harness, do not edit

Doing analysis at TEMP = 125.000000 and TNOM = 27.000000

Using SPARSE 1.3 as Direct Linear Solver

Initial Transient Solution
--------------------------

Node                                   Voltage
----                                   -------
n1                                           6
in_drv                                       0
vdd_drv                                      6
gnd_drv                                      0
n2                                 4.16111e-09
n3                                           6
n4                                 5.86506e-09
n5                                           6
out                                6.22052e-09
outcap                             6.22052e-09
vimeas#branch                     -6.77626e-21
vin#branch                                   0
vgnd_drv#branch                    5.81903e-09
vsup_drv#branch                   -5.83228e-09


No. of Data Rows : 3220
trise10_90          =  6.52665e-09 targ=  2.91155e-08 trig=  2.25889e-08
tfall10_90          =  6.53276e-09 targ=  1.30246e-07 trig=  1.23714e-07
tpdlh               =  4.56066e-09 targ=  2.50607e-08 trig=  2.05000e-08
tpdhl               =  5.00793e-09 targ=  1.26508e-07 trig=  1.21500e-07
ishoot_rise_a       =  1.54774e-01 at=  2.19747e-08
ishoot_fall_a       =  2.23283e-03 at=  1.50923e-07
m_trise_s = 6.5266510000e-09
m_tfall_s = 6.5327580000e-09
m_tpdlh_s = 4.5606570000e-09
m_tpdhl_s = 5.0079310000e-09
m_ipeak_source_a = 1.0107881870e+00
m_ipeak_sink_a = 8.7533400413e-01
m_ishoot_rise_a = 1.5477380000e-01
m_ishoot_fall_a = 2.2328260000e-03
m_energy_per_edge_j = 1.8576983663e-08
m_vout_max_v = 6.0048876624e+00
m_vout_min_v = -3.194900036e-03
m_vin_max_v = 6.0000000000e+00
m_vin_min_v = 0.0000000000e+00
m_n1_max_v = 6.0406801156e+00
m_n1_min_v = -2.296146539e-02
m_n2_max_v = 6.0333631271e+00
m_n2_min_v = -1.837314359e-02
m_n3_max_v = 6.0518024260e+00
m_n3_min_v = -2.843793994e-02
m_n4_max_v = 6.0525724357e+00
m_n4_min_v = -3.057326236e-02
m_n5_max_v = 6.0504051082e+00
m_n5_min_v = -3.084254281e-02
Note: Simulation executed from .control section 

