
Note: No compatibility mode selected!


Circuit: * output-stage-drive @ ss_27c_vdrv5p50v -- generated by sim/harness, do not edit

Doing analysis at TEMP = 27.000000 and TNOM = 27.000000

Using SPARSE 1.3 as Direct Linear Solver

Initial Transient Solution
--------------------------

Node                                   Voltage
----                                   -------
n1                                         5.5
in_drv                                       0
vdd_drv                                    5.5
gnd_drv                                      0
n2                                 2.32386e-09
n3                                         5.5
n4                                 3.48545e-09
n5                                         5.5
out                                3.69668e-09
outcap                             3.69668e-09
vimeas#branch                      3.38813e-21
vin#branch                                   0
vgnd_drv#branch                    3.93985e-09
vsup_drv#branch                    -3.9403e-09


No. of Data Rows : 3220
trise10_90          =  5.72411e-09 targ=  2.80983e-08 trig=  2.23742e-08
tfall10_90          =  5.54343e-09 targ=  1.29029e-07 trig=  1.23486e-07
tpdlh               =  4.11894e-09 targ=  2.46189e-08 trig=  2.05000e-08
tpdhl               =  4.47402e-09 targ=  1.25974e-07 trig=  1.21500e-07
ishoot_rise_a       =  1.71665e-01 at=  2.17705e-08
ishoot_fall_a       =  4.27237e-03 at=  1.21000e-07
m_trise_s = 5.7241070000e-09
m_tfall_s = 5.5434270000e-09
m_tpdlh_s = 4.1189360000e-09
m_tpdhl_s = 4.4740180000e-09
m_ipeak_source_a = 1.0161318336e+00
m_ipeak_sink_a = 9.0269841532e-01
m_ishoot_rise_a = 1.7166500000e-01
m_ishoot_fall_a = 4.2723740000e-03
m_energy_per_edge_j = 1.5592930763e-08
m_vout_max_v = 5.5049890047e+00
m_vout_min_v = -3.383834003e-03
m_vin_max_v = 5.5000000000e+00
m_vin_min_v = 0.0000000000e+00
m_n1_max_v = 5.5367068304e+00
m_n1_min_v = -1.826427989e-02
m_n2_max_v = 5.5353033009e+00
m_n2_min_v = -1.894305053e-02
m_n3_max_v = 5.5494153189e+00
m_n3_min_v = -2.865886150e-02
m_n4_max_v = 5.5545355172e+00
m_n4_min_v = -3.014730939e-02
m_n5_max_v = 5.5550195901e+00
m_n5_min_v = -2.952116932e-02
Note: Simulation executed from .control section 

