
Note: No compatibility mode selected!


Circuit: * output-stage-drive @ ss_27c_vdrv5p00v -- generated by sim/harness, do not edit

Doing analysis at TEMP = 27.000000 and TNOM = 27.000000

Using SPARSE 1.3 as Direct Linear Solver

Initial Transient Solution
--------------------------

Node                                   Voltage
----                                   -------
n1                                           5
in_drv                                       0
vdd_drv                                      5
gnd_drv                                      0
n2                                 2.22574e-09
n3                                           5
n4                                  3.3388e-09
n5                                           5
out                                3.54122e-09
outcap                             3.54122e-09
vimeas#branch                                0
vin#branch                                   0
vgnd_drv#branch                    3.58079e-09
vsup_drv#branch                   -3.58163e-09


No. of Data Rows : 3220
trise10_90          =  6.16288e-09 targ=  2.86631e-08 trig=  2.25002e-08
tfall10_90          =  5.80617e-09 targ=  1.29413e-07 trig=  1.23607e-07
tpdlh               =  4.42383e-09 targ=  2.49238e-08 trig=  2.05000e-08
tpdhl               =  4.70802e-09 targ=  1.26208e-07 trig=  1.21500e-07
ishoot_rise_a       =  1.45777e-01 at=  2.18592e-08
ishoot_fall_a       =  3.48715e-03 at=  1.50920e-07
m_trise_s = 6.1628810000e-09
m_tfall_s = 5.8061710000e-09
m_tpdlh_s = 4.4238350000e-09
m_tpdhl_s = 4.7080190000e-09
m_ipeak_source_a = 8.5469506539e-01
m_ipeak_sink_a = 7.8136901669e-01
m_ishoot_rise_a = 1.4577700000e-01
m_ishoot_fall_a = 3.4871510000e-03
m_energy_per_edge_j = 1.2880935271e-08
m_vout_max_v = 5.0047959525e+00
m_vout_min_v = -3.216558238e-03
m_vin_max_v = 5.0000000000e+00
m_vin_min_v = 0.0000000000e+00
m_n1_max_v = 5.0363552748e+00
m_n1_min_v = -1.765877341e-02
m_n2_max_v = 5.0374600865e+00
m_n2_min_v = -1.930309938e-02
m_n3_max_v = 5.0541694986e+00
m_n3_min_v = -2.957439374e-02
m_n4_max_v = 5.0553614171e+00
m_n4_min_v = -2.976026299e-02
m_n5_max_v = 5.0555461629e+00
m_n5_min_v = -3.035649290e-02
Note: Simulation executed from .control section 

