
Note: No compatibility mode selected!


Circuit: * output-stage-drive @ ss_27c_vdrv4p50v -- generated by sim/harness, do not edit

Doing analysis at TEMP = 27.000000 and TNOM = 27.000000

Using SPARSE 1.3 as Direct Linear Solver

Initial Transient Solution
--------------------------

Node                                   Voltage
----                                   -------
n1                                         4.5
in_drv                                       0
vdd_drv                                    4.5
gnd_drv                                      0
n2                                 2.14231e-09
n3                                         4.5
n4                                 3.21397e-09
n5                                         4.5
out                                3.40875e-09
outcap                             3.40875e-09
vimeas#branch                                0
vin#branch                                   0
vgnd_drv#branch                     3.2216e-09
vsup_drv#branch                   -3.22648e-09


No. of Data Rows : 3220
trise10_90          =  6.73845e-09 targ=  2.94055e-08 trig=  2.26670e-08
tfall10_90          =  6.16247e-09 targ=  1.29926e-07 trig=  1.23764e-07
tpdlh               =  4.82764e-09 targ=  2.53276e-08 trig=  2.05000e-08
tpdhl               =  5.01834e-09 targ=  1.26518e-07 trig=  1.21500e-07
ishoot_rise_a       =  1.17923e-01 at=  2.19750e-08
ishoot_fall_a       =  5.83184e-04 at=  1.50925e-07
m_trise_s = 6.7384540000e-09
m_tfall_s = 6.1624700000e-09
m_tpdlh_s = 4.8276430000e-09
m_tpdhl_s = 5.0183360000e-09
m_ipeak_source_a = 7.0124749928e-01
m_ipeak_sink_a = 6.6259227317e-01
m_ishoot_rise_a = 1.1792290000e-01
m_ishoot_fall_a = 5.8318420000e-04
m_energy_per_edge_j = 1.0428756061e-08
m_vout_max_v = 4.5048211727e+00
m_vout_min_v = -3.247483384e-03
m_vin_max_v = 4.5000000000e+00
m_vin_min_v = 0.0000000000e+00
m_n1_max_v = 4.5368200099e+00
m_n1_min_v = -1.790409937e-02
m_n2_max_v = 4.5392993717e+00
m_n2_min_v = -2.209582921e-02
m_n3_max_v = 4.5565622861e+00
m_n3_min_v = -2.914375481e-02
m_n4_max_v = 4.5541619673e+00
m_n4_min_v = -3.074426760e-02
m_n5_max_v = 4.5560343782e+00
m_n5_min_v = -2.932360364e-02
Note: Simulation executed from .control section 

