
Note: No compatibility mode selected!


Circuit: * output-stage-drive @ tt_-40c_vdrv5p50v -- generated by sim/harness, do not edit

Doing analysis at TEMP = -40.000000 and TNOM = 27.000000

Using SPARSE 1.3 as Direct Linear Solver

Initial Transient Solution
--------------------------

Node                                   Voltage
----                                   -------
n1                                         5.5
in_drv                                       0
vdd_drv                                    5.5
gnd_drv                                      0
n2                                 1.56569e-09
n3                                         5.5
n4                                 2.33746e-09
n5                                         5.5
out                                2.47912e-09
outcap                             2.47912e-09
vimeas#branch                     -1.69407e-21
vin#branch                                   0
vgnd_drv#branch                    3.99947e-09
vsup_drv#branch                   -3.99885e-09


No. of Data Rows : 3223
trise10_90          =  3.95676e-09 targ=  2.57789e-08 trig=  2.18221e-08
tfall10_90          =  3.96840e-09 targ=  1.26884e-07 trig=  1.22916e-07
tpdlh               =  2.92090e-09 targ=  2.34209e-08 trig=  2.05000e-08
tpdhl               =  3.23697e-09 targ=  1.24737e-07 trig=  1.21500e-07
ishoot_rise_a       =  2.35316e-01 at=  2.14207e-08
ishoot_fall_a       =  1.02906e-02 at=  1.30954e-07
m_trise_s = 3.9567550000e-09
m_tfall_s = 3.9684050000e-09
m_tpdlh_s = 2.9208990000e-09
m_tpdhl_s = 3.2369700000e-09
m_ipeak_source_a = 1.4286844042e+00
m_ipeak_sink_a = 1.2388687576e+00
m_ishoot_rise_a = 2.3531630000e-01
m_ishoot_fall_a = 1.0290630000e-02
m_energy_per_edge_j = 1.5577044173e-08
m_vout_max_v = 5.5039036299e+00
m_vout_min_v = -2.985994130e-03
m_vin_max_v = 5.5000000000e+00
m_vin_min_v = 0.0000000000e+00
m_n1_max_v = 5.5240491584e+00
m_n1_min_v = -1.152567933e-02
m_n2_max_v = 5.5202418628e+00
m_n2_min_v = -1.223629266e-02
m_n3_max_v = 5.5358601246e+00
m_n3_min_v = -1.651113341e-02
m_n4_max_v = 5.5495438972e+00
m_n4_min_v = -2.190532755e-02
m_n5_max_v = 5.5455490716e+00
m_n5_min_v = -2.801143505e-02
Note: Simulation executed from .control section 

