
Note: No compatibility mode selected!


Circuit: * output-stage-drive @ tt_-40c_vdrv6p00v -- generated by sim/harness, do not edit

Doing analysis at TEMP = -40.000000 and TNOM = 27.000000

Using SPARSE 1.3 as Direct Linear Solver

Initial Transient Solution
--------------------------

Node                                   Voltage
----                                   -------
n1                                           6
in_drv                                       0
vdd_drv                                      6
gnd_drv                                      0
n2                                 1.64532e-09
n3                                           6
n4                                  2.4562e-09
n5                                           6
out                                2.60507e-09
outcap                             2.60507e-09
vimeas#branch                      1.69407e-21
vin#branch                                   0
vgnd_drv#branch                    4.36388e-09
vsup_drv#branch                   -4.36792e-09


No. of Data Rows : 3224
trise10_90          =  3.76479e-09 targ=  2.55335e-08 trig=  2.17687e-08
tfall10_90          =  3.84567e-09 targ=  1.26704e-07 trig=  1.22858e-07
tpdlh               =  2.78957e-09 targ=  2.32896e-08 trig=  2.05000e-08
tpdhl               =  3.12531e-09 targ=  1.24625e-07 trig=  1.21500e-07
ishoot_rise_a       =  2.75864e-01 at=  2.13733e-08
ishoot_fall_a       =  2.28582e-02 at=  1.21000e-07
m_trise_s = 3.7647920000e-09
m_tfall_s = 3.8456680000e-09
m_tpdlh_s = 2.7895730000e-09
m_tpdhl_s = 3.1253060000e-09
m_ipeak_source_a = 1.6431054495e+00
m_ipeak_sink_a = 1.4011960650e+00
m_ishoot_rise_a = 2.7586450000e-01
m_ishoot_fall_a = 2.2858230000e-02
m_energy_per_edge_j = 1.8547552956e-08
m_vout_max_v = 6.0036695805e+00
m_vout_min_v = -2.796598924e-03
m_vin_max_v = 6.0000000000e+00
m_vin_min_v = 0.0000000000e+00
m_n1_max_v = 6.0247756271e+00
m_n1_min_v = -1.203045802e-02
m_n2_max_v = 6.0196403776e+00
m_n2_min_v = -9.400786729e-03
m_n3_max_v = 6.0261619069e+00
m_n3_min_v = -2.091092936e-02
m_n4_max_v = 6.0429104057e+00
m_n4_min_v = -2.683833164e-02
m_n5_max_v = 6.0415877196e+00
m_n5_min_v = -2.427546658e-02
Note: Simulation executed from .control section 

