
Note: No compatibility mode selected!


Circuit: * output-stage-drive @ tt_-40c_vdrv5p00v -- generated by sim/harness, do not edit

Doing analysis at TEMP = -40.000000 and TNOM = 27.000000

Using SPARSE 1.3 as Direct Linear Solver

Initial Transient Solution
--------------------------

Node                                   Voltage
----                                   -------
n1                                           5
in_drv                                       0
vdd_drv                                      5
gnd_drv                                      0
n2                                 1.49432e-09
n3                                           5
n4                                 2.23112e-09
n5                                           5
out                                2.36634e-09
outcap                             2.36634e-09
vimeas#branch                                0
vin#branch                                   0
vgnd_drv#branch                    3.63495e-09
vsup_drv#branch                   -3.63694e-09


No. of Data Rows : 3223
trise10_90          =  4.19976e-09 targ=  2.60908e-08 trig=  2.18911e-08
tfall10_90          =  4.12973e-09 targ=  1.27117e-07 trig=  1.22987e-07
tpdlh               =  3.08943e-09 targ=  2.35894e-08 trig=  2.05000e-08
tpdhl               =  3.37854e-09 targ=  1.24879e-07 trig=  1.21500e-07
ishoot_rise_a       =  2.06014e-01 at=  2.14414e-08
ishoot_fall_a       =  1.22041e-02 at=  1.31578e-07
m_trise_s = 4.1997590000e-09
m_tfall_s = 4.1297350000e-09
m_tpdlh_s = 3.0894350000e-09
m_tpdhl_s = 3.3785430000e-09
m_ipeak_source_a = 1.2236496016e+00
m_ipeak_sink_a = 1.0832456390e+00
m_ishoot_rise_a = 2.0601400000e-01
m_ishoot_fall_a = 1.2204130000e-02
m_energy_per_edge_j = 1.2868219156e-08
m_vout_max_v = 5.0036446998e+00
m_vout_min_v = -2.887487192e-03
m_vin_max_v = 5.0000000000e+00
m_vin_min_v = 0.0000000000e+00
m_n1_max_v = 5.0230430324e+00
m_n1_min_v = -1.153989655e-02
m_n2_max_v = 5.0240339741e+00
m_n2_min_v = -1.312296837e-02
m_n3_max_v = 5.0377895469e+00
m_n3_min_v = -2.349715475e-02
m_n4_max_v = 5.0466929682e+00
m_n4_min_v = -2.831887921e-02
m_n5_max_v = 5.0418926808e+00
m_n5_min_v = -2.242793445e-02
Note: Simulation executed from .control section 

