
Note: No compatibility mode selected!


Circuit: * output-stage-drive @ tt_125c_vdrv5p00v -- generated by sim/harness, do not edit

Doing analysis at TEMP = 125.000000 and TNOM = 27.000000

Using SPARSE 1.3 as Direct Linear Solver

Initial Transient Solution
--------------------------

Node                                   Voltage
----                                   -------
n1                                           5
in_drv                                       0
vdd_drv                                      5
gnd_drv                                      0
n2                                 5.61923e-09
n3                                           5
n4                                  6.8783e-09
n5                                           5
out                                7.29516e-09
outcap                             7.29516e-09
vimeas#branch                                0
vin#branch                                   0
vgnd_drv#branch                    1.36385e-08
vsup_drv#branch                   -1.36445e-08


No. of Data Rows : 3220
trise10_90          =  6.16511e-09 targ=  2.85485e-08 trig=  2.23834e-08
tfall10_90          =  5.94381e-09 targ=  1.29436e-07 trig=  1.23493e-07
tpdlh               =  4.20279e-09 targ=  2.47028e-08 trig=  2.05000e-08
tpdhl               =  4.50968e-09 targ=  1.26010e-07 trig=  1.21500e-07
ishoot_rise_a       =  1.45187e-01 at=  2.17582e-08
ishoot_fall_a       =  7.29310e-03 at=  1.21000e-07
m_trise_s = 6.1651080000e-09
m_tfall_s = 5.9438150000e-09
m_tpdlh_s = 4.2027860000e-09
m_tpdhl_s = 4.5096810000e-09
m_ipeak_source_a = 9.0641739280e-01
m_ipeak_sink_a = 8.1743242058e-01
m_ishoot_rise_a = 1.4518710000e-01
m_ishoot_fall_a = 7.2931010000e-03
m_energy_per_edge_j = 1.2885224065e-08
m_vout_max_v = 5.0036223233e+00
m_vout_min_v = -2.431030942e-03
m_vin_max_v = 5.0000000000e+00
m_vin_min_v = 0.0000000000e+00
m_n1_max_v = 5.0319529070e+00
m_n1_min_v = -1.737197824e-02
m_n2_max_v = 5.0257545976e+00
m_n2_min_v = -1.457602949e-02
m_n3_max_v = 5.0408239883e+00
m_n3_min_v = -2.273524643e-02
m_n4_max_v = 5.0415886726e+00
m_n4_min_v = -2.488034960e-02
m_n5_max_v = 5.0432347636e+00
m_n5_min_v = -2.578430645e-02
Note: Simulation executed from .control section 

