
Note: No compatibility mode selected!


Circuit: * output-stage-drive @ tt_27c_vdrv5p50v -- generated by sim/harness, do not edit

Doing analysis at TEMP = 27.000000 and TNOM = 27.000000

Using SPARSE 1.3 as Direct Linear Solver

Initial Transient Solution
--------------------------

Node                                   Voltage
----                                   -------
n1                                         5.5
in_drv                                       0
vdd_drv                                    5.5
gnd_drv                                      0
n2                                 2.06729e-09
n3                                         5.5
n4                                 3.08628e-09
n5                                         5.5
out                                3.27333e-09
outcap                             3.27333e-09
vimeas#branch                     -3.38813e-21
vin#branch                                   0
vgnd_drv#branch                    4.01687e-09
vsup_drv#branch                   -4.02641e-09


No. of Data Rows : 3223
trise10_90          =  4.73691e-09 targ=  2.67428e-08 trig=  2.20059e-08
tfall10_90          =  4.61233e-09 targ=  1.27718e-07 trig=  1.23106e-07
tpdlh               =  3.35044e-09 targ=  2.38504e-08 trig=  2.05000e-08
tpdhl               =  3.64903e-09 targ=  1.25149e-07 trig=  1.21500e-07
ishoot_rise_a       =  2.07990e-01 at=  2.15241e-08
ishoot_fall_a       =  8.29017e-03 at=  1.33592e-07
m_trise_s = 4.7369060000e-09
m_tfall_s = 4.6123300000e-09
m_tpdlh_s = 3.3504440000e-09
m_tpdhl_s = 3.6490270000e-09
m_ipeak_source_a = 1.2396654026e+00
m_ipeak_sink_a = 1.1096728892e+00
m_ishoot_rise_a = 2.0798960000e-01
m_ishoot_fall_a = 8.2901660000e-03
m_energy_per_edge_j = 1.5585581200e-08
m_vout_max_v = 5.5035749875e+00
m_vout_min_v = -2.613594839e-03
m_vin_max_v = 5.5000000000e+00
m_vin_min_v = 0.0000000000e+00
m_n1_max_v = 5.5286514981e+00
m_n1_min_v = -1.450630716e-02
m_n2_max_v = 5.5228980682e+00
m_n2_min_v = -1.249854481e-02
m_n3_max_v = 5.5357046704e+00
m_n3_min_v = -2.260126568e-02
m_n4_max_v = 5.5448179437e+00
m_n4_min_v = -2.813972728e-02
m_n5_max_v = 5.5438703811e+00
m_n5_min_v = -2.628367794e-02
Note: Simulation executed from .control section 

