
Note: No compatibility mode selected!


Circuit: * output-stage-drive @ tt_27c_vdrv5p00v -- generated by sim/harness, do not edit

Doing analysis at TEMP = 27.000000 and TNOM = 27.000000

Using SPARSE 1.3 as Direct Linear Solver

Initial Transient Solution
--------------------------

Node                                   Voltage
----                                   -------
n1                                           5
in_drv                                       0
vdd_drv                                      5
gnd_drv                                      0
n2                                 1.96534e-09
n3                                           5
n4                                 2.93461e-09
n5                                           5
out                                3.11254e-09
outcap                             3.11254e-09
vimeas#branch                     -3.38813e-21
vin#branch                                   0
vgnd_drv#branch                    3.65002e-09
vsup_drv#branch                   -3.64536e-09


No. of Data Rows : 3221
trise10_90          =  5.05762e-09 targ=  2.71495e-08 trig=  2.20919e-08
tfall10_90          =  4.79858e-09 targ=  1.27988e-07 trig=  1.23189e-07
tpdlh               =  3.56343e-09 targ=  2.40634e-08 trig=  2.05000e-08
tpdhl               =  3.81102e-09 targ=  1.25311e-07 trig=  1.21500e-07
ishoot_rise_a       =  1.76986e-01 at=  2.15755e-08
ishoot_fall_a       =  5.59366e-04 at=  1.32775e-07
m_trise_s = 5.0576230000e-09
m_tfall_s = 4.7985820000e-09
m_tpdlh_s = 3.5634260000e-09
m_tpdhl_s = 3.8110220000e-09
m_ipeak_source_a = 1.0514048248e+00
m_ipeak_sink_a = 9.5996069475e-01
m_ishoot_rise_a = 1.7698630000e-01
m_ishoot_fall_a = 5.5936590000e-04
m_energy_per_edge_j = 1.2875111815e-08
m_vout_max_v = 5.0041031280e+00
m_vout_min_v = -2.638464525e-03
m_vin_max_v = 5.0000000000e+00
m_vin_min_v = 0.0000000000e+00
m_n1_max_v = 5.0275251773e+00
m_n1_min_v = -1.429774114e-02
m_n2_max_v = 5.0252153921e+00
m_n2_min_v = -1.419105317e-02
m_n3_max_v = 5.0406597251e+00
m_n3_min_v = -2.008498855e-02
m_n4_max_v = 5.0447767821e+00
m_n4_min_v = -2.799155318e-02
m_n5_max_v = 5.0430553045e+00
m_n5_min_v = -2.211269817e-02
Note: Simulation executed from .control section 

