
Note: No compatibility mode selected!


Circuit: * output-stage-drive @ tt_27c_vdrv6p00v -- generated by sim/harness, do not edit

Doing analysis at TEMP = 27.000000 and TNOM = 27.000000

Using SPARSE 1.3 as Direct Linear Solver

Initial Transient Solution
--------------------------

Node                                   Voltage
----                                   -------
n1                                           6
in_drv                                       0
vdd_drv                                      6
gnd_drv                                      0
n2                                 2.17997e-09
n3                                           6
n4                                 3.25432e-09
n5                                           6
out                                3.45155e-09
outcap                             3.45155e-09
vimeas#branch                                0
vin#branch                                   0
vgnd_drv#branch                    4.38455e-09
vsup_drv#branch                   -4.38911e-09


No. of Data Rows : 3221
trise10_90          =  4.48327e-09 targ=  2.64206e-08 trig=  2.19373e-08
tfall10_90          =  4.47424e-09 targ=  1.27513e-07 trig=  1.23039e-07
tpdlh               =  3.18192e-09 targ=  2.36819e-08 trig=  2.05000e-08
tpdhl               =  3.52254e-09 targ=  1.25023e-07 trig=  1.21500e-07
ishoot_rise_a       =  2.30251e-01 at=  2.14522e-08
ishoot_fall_a       =  3.52584e-03 at=  1.32066e-07
m_trise_s = 4.4832680000e-09
m_tfall_s = 4.4742370000e-09
m_tpdlh_s = 3.1819220000e-09
m_tpdhl_s = 3.5225380000e-09
m_ipeak_source_a = 1.4250043937e+00
m_ipeak_sink_a = 1.2417914065e+00
m_ishoot_rise_a = 2.3025120000e-01
m_ishoot_fall_a = 3.5258350000e-03
m_energy_per_edge_j = 1.8556079058e-08
m_vout_max_v = 6.0037941513e+00
m_vout_min_v = -2.880688317e-03
m_vin_max_v = 6.0000000000e+00
m_vin_min_v = 0.0000000000e+00
m_n1_max_v = 6.0291637229e+00
m_n1_min_v = -1.523465085e-02
m_n2_max_v = 6.0209886352e+00
m_n2_min_v = -1.138693720e-02
m_n3_max_v = 6.0357448810e+00
m_n3_min_v = -1.796613360e-02
m_n4_max_v = 6.0403746101e+00
m_n4_min_v = -2.744998122e-02
m_n5_max_v = 6.0418818010e+00
m_n5_min_v = -2.615325438e-02
Note: Simulation executed from .control section 

