
Note: No compatibility mode selected!


Circuit: * output-stage-drive @ tt_27c_vdrv4p50v -- generated by sim/harness, do not edit

Doing analysis at TEMP = 27.000000 and TNOM = 27.000000

Using SPARSE 1.3 as Direct Linear Solver

Initial Transient Solution
--------------------------

Node                                   Voltage
----                                   -------
n1                                         4.5
in_drv                                       0
vdd_drv                                    4.5
gnd_drv                                      0
n2                                 1.87597e-09
n3                                         4.5
n4                                 2.80136e-09
n5                                         4.5
out                                2.97115e-09
outcap                             2.97115e-09
vimeas#branch                     -3.38813e-21
vin#branch                                   0
vgnd_drv#branch                    3.28359e-09
vsup_drv#branch                   -3.28085e-09


No. of Data Rows : 3221
trise10_90          =  5.46931e-09 targ=  2.76746e-08 trig=  2.22053e-08
tfall10_90          =  5.05164e-09 targ=  1.28349e-07 trig=  1.23297e-07
tpdlh               =  3.84230e-09 targ=  2.43423e-08 trig=  2.05000e-08
tpdhl               =  4.02546e-09 targ=  1.25525e-07 trig=  1.21500e-07
ishoot_rise_a       =  1.48952e-01 at=  2.16613e-08
ishoot_fall_a       =  9.54263e-03 at=  1.21000e-07
m_trise_s = 5.4693140000e-09
m_tfall_s = 5.0516400000e-09
m_tpdlh_s = 3.8423010000e-09
m_tpdhl_s = 4.0254610000e-09
m_ipeak_source_a = 8.8143342992e-01
m_ipeak_sink_a = 8.3316467505e-01
m_ishoot_rise_a = 1.4895170000e-01
m_ishoot_fall_a = 9.5426250000e-03
m_energy_per_edge_j = 1.0423994726e-08
m_vout_max_v = 4.5036866654e+00
m_vout_min_v = -2.658271045e-03
m_vin_max_v = 4.5000000000e+00
m_vin_min_v = 0.0000000000e+00
m_n1_max_v = 4.5286495084e+00
m_n1_min_v = -1.409490268e-02
m_n2_max_v = 4.5286091860e+00
m_n2_min_v = -1.517650483e-02
m_n3_max_v = 4.5396329636e+00
m_n3_min_v = -2.375353738e-02
m_n4_max_v = 4.5454288999e+00
m_n4_min_v = -2.781021183e-02
m_n5_max_v = 4.5461637498e+00
m_n5_min_v = -2.564081310e-02
Note: Simulation executed from .control section 

