
Note: No compatibility mode selected!


Circuit: * gate-driver-core-drive-with-uvlo-postlayout @ ff_-40c_vlogic2p97v-vdrv3p30v -- generated by sim/harness, do not edit

Doing analysis at TEMP = -40.000000 and TNOM = 27.000000

Using SPARSE 1.3 as Direct Linear Solver

Initial Transient Solution
--------------------------

Node                                   Voltage
----                                   -------
x1_inb                                    2.97
in                                           0
gnd_logic                                    0
x1_na                                   2.0856
x1_nb                              2.05419e-07
gnd_drv                            4.57832e-08
x2_n3                                      3.3
x2_n4                              2.78865e-08
x2_n5                                      3.3
out                                4.72148e-08
x3_lockout                             3.29997
in_drv                             5.80095e-08
x1_nbuf1                                   3.3
x1_ncb                            -6.48402e-08
x1_nca                                     3.3
vdd_logic                                 2.97
x2_n1                                      3.3
x2_n2                              2.31455e-08
x3_ncompn                             0.484917
x3_nref                               0.664468
x3_ntail                             0.0273599
x3_ncompp                              2.50673
x3_ndiv                                0.60494
x3_uvlo_ok                         1.37743e-05
vdd_drv                                    3.3
anon293                           -3.46171e-08
anon294                           -4.04545e-09
anon295                            2.68413e-08
anon22                                 3.08037
anon23                                 2.86074
anon26                                 2.64112
anon27                                 2.42149
anon30                                 2.20186
anon31                                 1.98223
anon21                                0.884095
anon24                                 1.10372
anon25                                 1.32335
anon28                                 1.54298
anon29                                  1.7626
anon32                                 3.13156
anon33                                 2.96312
anon34                                 2.79467
anon35                                 2.62623
anon36                                 2.45779
anon37                                 2.28935
anon38                                 2.12091
anon39                                 1.95247
anon40                                0.773381
anon42                                0.941821
anon44                                 1.11026
anon45                                  1.2787
anon46                                 1.44714
anon47                                 1.61558
anon48                                 1.78403
anon49                              0.00253269
anon41                                0.403293
anon50                               0.0050516
anon43                                0.201647
anon51                              0.00757052
anon52                               0.0100894
anon53                               0.0126083
anon54                               0.0151273
anon55                               0.0176462
anon56                               0.0201651
anon57                               0.0403165
anon59                               0.0377976
anon60                               0.0352786
anon63                               0.0327597
anon65                               0.0302408
anon66                               0.0277219
anon69                               0.0252029
anon71                                0.022684
anon58                               0.0428355
anon61                               0.0453544
anon62                               0.0478733
anon64                               0.0503923
anon67                               0.0529112
anon68                               0.0554302
anon70                               0.0579491
anon72                               0.0604681
anon73                               0.0806199
anon74                               0.0781009
anon76                                0.075582
anon78                                0.073063
anon81                                0.070544
anon82                                0.068025
anon84                                0.065506
anon86                               0.0629871
anon75                               0.0831389
anon77                                0.085658
anon79                                0.088177
anon80                                0.090696
anon83                                0.093215
anon85                                0.095734
anon87                               0.0982531
anon88                                0.100772
anon89                                0.120925
anon90                                0.118406
anon91                                0.123444
anon93                                0.115887
anon94                                0.125963
anon96                                0.113367
anon97                                0.128482
anon100                               0.110848
anon99                                0.131001
anon102                                0.13352
anon103                               0.108329
anon105                                0.10581
anon106                                0.13604
anon108                               0.103291
anon109                               0.138559
anon111                               0.141078
anon112                               0.161232
anon113                               0.163751
anon92                                0.158712
anon115                                0.16627
anon95                                0.156193
anon117                               0.168789
anon98                                0.153674
anon101                               0.151155
anon119                               0.171309
anon121                               0.173828
anon104                               0.148635
anon107                               0.146116
anon123                               0.176347
anon110                               0.143597
anon125                               0.178867
anon127                               0.181386
anon128                               0.201541
anon114                               0.199022
anon129                               0.204061
anon116                               0.196502
anon131                                0.20658
anon133                                 0.2091
anon118                               0.193983
anon120                               0.191464
anon135                               0.211619
anon137                               0.214139
anon122                               0.188944
anon139                               0.216658
anon124                               0.186425
anon141                               0.219178
anon126                               0.183905
anon143                               0.221697
anon144                               0.241854
anon130                               0.239335
anon145                               0.244374
anon147                               0.246894
anon132                               0.236815
anon134                               0.234295
anon149                               0.249413
anon151                               0.251933
anon136                               0.231776
anon138                               0.229256
anon153                               0.254453
anon155                               0.256973
anon140                               0.226736
anon157                               0.259493
anon142                               0.224217
anon159                               0.262012
anon160                               0.282171
anon146                               0.279652
anon161                               0.284691
anon163                               0.287211
anon148                               0.277132
anon165                               0.289731
anon150                               0.274612
anon152                               0.272092
anon167                               0.292252
anon154                               0.269572
anon169                               0.294772
anon171                               0.297292
anon156                               0.267052
anon158                               0.264532
anon173                               0.299812
anon175                               0.302332
anon176                               0.322493
anon162                               0.319973
anon177                               0.325014
anon164                               0.317453
anon179                               0.327534
anon181                               0.330054
anon166                               0.314933
anon168                               0.312412
anon183                               0.332575
anon170                               0.309892
anon185                               0.335095
anon187                               0.337616
anon172                               0.307372
anon174                               0.304852
anon189                               0.340136
anon191                               0.342657
anon192                               0.362821
anon193                               0.365342
anon178                                 0.3603
anon195                               0.367862
anon180                                0.35778
anon182                               0.355259
anon197                               0.370383
anon184                               0.352739
anon199                               0.372904
anon201                               0.375425
anon186                               0.350218
anon188                               0.347697
anon203                               0.377945
anon190                               0.345177
anon205                               0.380466
anon207                               0.382987
anon208                               0.403155
anon209                               0.405676
anon194                               0.400634
anon211                               0.408197
anon196                               0.398113
anon198                               0.395592
anon213                               0.410718
anon215                               0.413239
anon200                               0.393071
anon202                                0.39055
anon217                                0.41576
anon219                               0.418282
anon204                               0.388029
anon221                               0.420803
anon206                               0.385508
anon223                               0.423324
anon224                               0.443495
anon210                               0.440974
anon225                               0.446017
anon227                               0.448538
anon212                               0.438452
anon214                               0.435931
anon229                                0.45106
anon231                               0.453582
anon216                               0.433409
anon218                               0.430888
anon233                               0.456103
anon235                               0.458625
anon220                               0.428367
anon237                               0.461147
anon222                               0.425845
anon239                               0.463668
anon240                               0.483843
anon241                               0.486365
anon226                               0.481321
anon243                               0.488887
anon228                               0.478799
anon230                               0.476278
anon245                                0.49141
anon247                               0.493932
anon232                               0.473756
anon249                               0.496454
anon234                               0.471234
anon236                               0.468712
anon251                               0.498976
anon253                               0.501498
anon238                                0.46619
anon255                               0.504021
anon256                                 0.5242
anon242                               0.521677
anon257                               0.526722
anon244                               0.519155
anon259                               0.529245
anon261                               0.531768
anon246                               0.516632
anon263                                0.53429
anon248                                0.51411
anon265                               0.536813
anon250                               0.511588
anon252                               0.509065
anon267                               0.539336
anon269                               0.541859
anon254                               0.506543
anon271                               0.544381
anon272                               0.564565
anon273                               0.567088
anon258                               0.562042
anon275                               0.569612
anon260                               0.559519
anon262                               0.556996
anon277                               0.572135
anon279                               0.574658
anon264                               0.554473
anon281                               0.577181
anon266                                0.55195
anon268                               0.549427
anon283                               0.579705
anon285                               0.582228
anon270                               0.546904
anon287                               0.584751
anon274                               0.602416
anon276                               0.599893
anon278                               0.597369
anon280                               0.594845
anon282                               0.592322
anon284                               0.589798
anon286                               0.587275
outcap                             4.72148e-08
vimeas#branch                      2.60927e-05
vin#branch                         -2.6996e-08
vgnd_logic#branch                   4.5647e-05
vsup_drv#branch                   -4.54853e-05
vsup_logic#branch                 -1.61812e-07

 Reference value :  3.31213e-08
 Reference value :  1.39021e-07
 Reference value :  2.57721e-07
 Reference value :  3.57957e-07
 Reference value :  4.69957e-07
 Reference value :  5.91657e-07
No. of Data Rows : 7197
trise10_90          =  7.32690e-10 targ=  2.29918e-08 trig=  2.22591e-08
tfall10_90          =  5.07331e-10 targ=  3.23206e-07 trig=  3.22698e-07
tpdlh               =  1.95290e-09 targ=  2.24529e-08 trig=  2.05000e-08
tpdhl               =  1.36097e-09 targ=  3.22861e-07 trig=  3.21500e-07
lockout_at_in_high  =  3.29998e+00
vout_at_in_high     =  1.92388e-01
vdrv_at_in_high     =  3.30000e+00
m_trise_s = 7.3268990000e-10
m_tfall_s = 5.0733070000e-10
m_tpdlh_s = 1.9528980000e-09
m_tpdhl_s = 1.3609670000e-09
m_ipeak_source_a = 4.5080535522e-01
m_ipeak_sink_a = 5.3461117904e-01
m_vout_max_v = 1.9315130356e-01
m_vout_min_v = -2.008465538e-03
m_vin_max_v = 2.9700000000e+00
m_vin_min_v = 0.0000000000e+00
m_indrv_max_v = 3.3260500699e+00
m_indrv_min_v = -8.906613130e-03
m_n1_max_v = 3.3722606124e+00
m_n1_min_v = -4.068992829e-02
m_n2_max_v = 3.3533385390e+00
m_n2_min_v = -3.125221517e-02
m_n3_max_v = 3.3437664412e+00
m_n3_min_v = -2.391473294e-02
m_n4_max_v = 3.3427385985e+00
m_n4_min_v = -2.512603251e-02
m_n5_max_v = 3.3444468148e+00
m_n5_min_v = -2.578421623e-02
m_uvlo_lockout_at_in_high = 3.2999750000e+00
m_uvlo_vout_at_in_high_v = 1.9238810000e-01
m_uvlo_vdrv_at_in_high_v = 3.3000000000e+00
Note: Simulation executed from .control section 

Note: vimeas: has no value, DC 0 assumed
Warning: singular matrix:  check node anon293

Note: Starting dynamic gmin stepping
Warning: singular matrix:  check node anon295

Warning: Dynamic gmin stepping failed
Note: Starting true gmin stepping
Warning: singular matrix:  check node anon295

Warning: singular matrix:  check node anon295

Warning: singular matrix:  check node anon295

Warning: singular matrix:  check node anon295

Warning: True gmin stepping failed
Note: Starting source stepping
Warning: source stepping failed
Note: Transient op started
Note: Transient op finished successfully
