
Note: No compatibility mode selected!


Circuit: * gate-driver-core-drive-with-uvlo-postlayout @ ff_-40c_vlogic3p63v-vdrv5p00v -- generated by sim/harness, do not edit

Doing analysis at TEMP = -40.000000 and TNOM = 27.000000

Using SPARSE 1.3 as Direct Linear Solver

Initial Transient Solution
--------------------------

Node                                   Voltage
----                                   -------
x1_inb                                    3.63
in                                           0
gnd_logic                                    0
x1_na                                  2.67202
x1_nb                              1.49675e-07
gnd_drv                            7.46802e-08
x2_n3                                        5
x2_n4                              4.27687e-08
x2_n5                                        5
out                                7.67061e-08
x3_lockout                         7.62973e-08
in_drv                              1.5105e-07
x1_nbuf1                                     5
x1_ncb                            -5.29765e-09
x1_nca                                       5
vdd_logic                                 3.63
x2_n1                                        5
x2_n2                              3.95492e-08
x3_ncompn                              4.99999
x3_nref                                0.68706
x3_ntail                               0.23982
x3_ncompp                              4.10731
x3_ndiv                               0.966955
x3_uvlo_ok                             4.99994
vdd_drv                                      5
anon293                            3.32001e-08
anon294                            7.21222e-08
anon295                            1.11421e-07
anon22                                 4.64059
anon23                                 4.28117
anon26                                 3.92176
anon27                                 3.56235
anon30                                 3.20294
anon31                                 2.84353
anon21                                 1.04647
anon24                                 1.40588
anon25                                 1.76529
anon28                                  2.1247
anon29                                 2.48411
anon32                                 4.74793
anon33                                 4.49587
anon34                                  4.2438
anon35                                 3.99173
anon36                                 3.73967
anon37                                  3.4876
anon38                                 3.23554
anon39                                 2.98347
anon40                                 1.21902
anon42                                 1.47108
anon44                                 1.72315
anon45                                 1.97521
anon46                                 2.22728
anon47                                 2.47934
anon48                                 2.73141
anon49                                 4.98311
anon41                                0.644637
anon50                                 4.96627
anon43                                0.322318
anon51                                 4.94944
anon52                                 4.93261
anon53                                 4.91578
anon54                                 4.89895
anon55                                 4.88212
anon56                                 4.86528
anon57                                 4.73065
anon59                                 4.74748
anon60                                 4.76431
anon63                                 4.78114
anon65                                 4.79796
anon66                                 4.81479
anon69                                 4.83162
anon71                                 4.84845
anon58                                 4.71382
anon61                                 4.69699
anon62                                 4.68017
anon64                                 4.66334
anon67                                 4.64651
anon68                                 4.62969
anon70                                 4.61286
anon72                                 4.59603
anon73                                 4.46144
anon74                                 4.47826
anon76                                 4.49509
anon78                                 4.51191
anon81                                 4.52873
anon82                                 4.54556
anon84                                 4.56238
anon86                                 4.57921
anon75                                 4.44462
anon77                                 4.42779
anon79                                 4.41097
anon80                                 4.39415
anon83                                 4.37733
anon85                                  4.3605
anon87                                 4.34368
anon88                                 4.32686
anon89                                  4.1923
anon90                                 4.20912
anon91                                 4.17549
anon93                                 4.22594
anon94                                 4.15867
anon96                                 4.24276
anon97                                 4.14185
anon100                                4.25958
anon99                                 4.12503
anon102                                4.10821
anon103                                 4.2764
anon105                                4.29322
anon106                                 4.0914
anon108                                4.31004
anon109                                4.07458
anon111                                4.05776
anon112                                3.92324
anon113                                3.90643
anon92                                 3.94005
anon115                                3.88961
anon95                                 3.95687
anon117                                 3.8728
anon98                                 3.97368
anon101                                 3.9905
anon119                                3.85599
anon121                                3.83917
anon104                                4.00732
anon107                                4.02413
anon123                                3.82236
anon110                                4.04095
anon125                                3.80555
anon127                                3.78873
anon128                                3.65424
anon114                                3.67105
anon129                                3.63743
anon116                                3.68787
anon131                                3.62062
anon133                                3.60381
anon118                                3.70468
anon120                                3.72149
anon135                                  3.587
anon137                                 3.5702
anon122                                 3.7383
anon139                                3.55339
anon124                                3.75511
anon141                                3.53658
anon126                                3.77192
anon143                                3.51977
anon144                                3.38531
anon130                                3.40212
anon145                                 3.3685
anon147                                 3.3517
anon132                                3.41892
anon134                                3.43573
anon149                                3.33489
anon151                                3.31809
anon136                                3.45254
anon138                                3.46935
anon153                                3.30128
anon155                                3.28448
anon140                                3.48615
anon157                                3.26767
anon142                                3.50296
anon159                                3.25087
anon160                                3.11643
anon146                                3.13324
anon161                                3.09963
anon163                                3.08283
anon148                                3.15004
anon165                                3.06603
anon150                                3.16684
anon152                                3.18365
anon167                                3.04922
anon154                                3.20045
anon169                                3.03242
anon171                                3.01562
anon156                                3.21726
anon158                                3.23406
anon173                                2.99882
anon175                                2.98202
anon176                                2.84761
anon162                                2.86441
anon177                                2.83081
anon164                                2.88121
anon179                                2.81401
anon181                                2.79721
anon166                                2.89801
anon168                                2.91481
anon183                                2.78041
anon170                                2.93161
anon185                                2.76361
anon187                                2.74682
anon172                                2.94841
anon174                                2.96521
anon189                                2.73002
anon191                                2.71322
anon192                                2.57884
anon193                                2.56204
anon178                                2.59563
anon195                                2.54524
anon180                                2.61243
anon182                                2.62923
anon197                                2.52845
anon184                                2.64603
anon199                                2.51165
anon201                                2.49485
anon186                                2.66282
anon188                                2.67962
anon203                                2.47806
anon190                                2.69642
anon205                                2.46126
anon207                                2.44447
anon208                                2.31011
anon209                                2.29331
anon194                                 2.3269
anon211                                2.27652
anon196                                 2.3437
anon198                                2.36049
anon213                                2.25972
anon215                                2.24293
anon200                                2.37729
anon202                                2.39408
anon217                                2.22614
anon219                                2.20934
anon204                                2.41088
anon221                                2.19255
anon206                                2.42767
anon223                                2.17576
anon224                                2.04142
anon210                                2.05821
anon225                                2.02462
anon227                                2.00783
anon212                                  2.075
anon214                                2.09179
anon229                                1.99104
anon231                                1.97425
anon216                                2.10859
anon218                                2.12538
anon233                                1.95746
anon235                                1.94067
anon220                                2.14217
anon237                                1.92387
anon222                                2.15896
anon239                                1.90708
anon240                                1.77276
anon241                                1.75597
anon226                                1.78955
anon243                                1.73918
anon228                                1.80634
anon230                                1.82313
anon245                                1.72239
anon247                                 1.7056
anon232                                1.83992
anon249                                1.68881
anon234                                1.85671
anon236                                 1.8735
anon251                                1.67202
anon253                                1.65523
anon238                                1.89029
anon255                                1.63844
anon256                                1.50413
anon242                                1.52092
anon257                                1.48735
anon244                                1.53771
anon259                                1.47056
anon261                                1.45377
anon246                                 1.5545
anon263                                1.43698
anon248                                1.57129
anon265                                1.42019
anon250                                1.58808
anon252                                1.60487
anon267                                1.40341
anon269                                1.38662
anon254                                1.62165
anon271                                1.36983
anon272                                1.23553
anon273                                1.21875
anon258                                1.25232
anon275                                1.20196
anon260                                1.26911
anon262                                1.28589
anon277                                1.18517
anon279                                1.16839
anon264                                1.30268
anon281                                 1.1516
anon266                                1.31947
anon268                                1.33626
anon283                                1.13481
anon285                                1.11803
anon270                                1.35304
anon287                                1.10124
anon274                               0.983741
anon276                                1.00053
anon278                                1.01731
anon280                                 1.0341
anon282                                1.05088
anon284                                1.06767
anon286                                1.08446
outcap                             7.67061e-08
vimeas#branch                      3.38325e-05
vin#branch                        -4.39656e-08
vgnd_logic#branch                  7.44561e-05
vsup_drv#branch                   -7.42532e-05
vsup_logic#branch                  -2.0372e-07

 Reference value :  3.52253e-08
 Reference value :  1.36725e-07
 Reference value :  2.53125e-07
 Reference value :  3.43286e-07
 Reference value :  4.51786e-07
 Reference value :  5.69586e-07
 Reference value :  6.88486e-07
No. of Data Rows : 7224
trise10_90          =  3.60007e-09 targ=  2.57477e-08 trig=  2.21477e-08
tfall10_90          =  3.51530e-09 targ=  3.26411e-07 trig=  3.22896e-07
tpdlh               =  3.09416e-09 targ=  2.35942e-08 trig=  2.05000e-08
tpdhl               =  2.98305e-09 targ=  3.24483e-07 trig=  3.21500e-07
lockout_at_in_high  =  3.31577e-07
vout_at_in_high     =  5.00000e+00
vdrv_at_in_high     =  5.00000e+00
m_trise_s = 3.6000720000e-09
m_tfall_s = 3.5153020000e-09
m_tpdlh_s = 3.0941640000e-09
m_tpdhl_s = 2.9830470000e-09
m_ipeak_source_a = 1.4235484249e+00
m_ipeak_sink_a = 1.2767937187e+00
m_vout_max_v = 5.0042494150e+00
m_vout_min_v = -2.527632868e-03
m_vin_max_v = 3.6300000000e+00
m_vin_min_v = 0.0000000000e+00
m_indrv_max_v = 5.0000895005e+00
m_indrv_min_v = -1.563908547e-03
m_n1_max_v = 5.0852864694e+00
m_n1_min_v = -4.053557367e-02
m_n2_max_v = 5.0638885037e+00
m_n2_min_v = -3.648049156e-02
m_n3_max_v = 5.0464416503e+00
m_n3_min_v = -2.606590208e-02
m_n4_max_v = 5.0450017026e+00
m_n4_min_v = -2.599089362e-02
m_n5_max_v = 5.0455761759e+00
m_n5_min_v = -2.611280751e-02
m_uvlo_lockout_at_in_high = 3.3157720000e-07
m_uvlo_vout_at_in_high_v = 5.0000000000e+00
m_uvlo_vdrv_at_in_high_v = 5.0000000000e+00
Note: Simulation executed from .control section 

Note: vimeas: has no value, DC 0 assumed
Warning: singular matrix:  check node anon293

Note: Starting dynamic gmin stepping
Warning: singular matrix:  check node anon293

Warning: Dynamic gmin stepping failed
Note: Starting true gmin stepping
Warning: singular matrix:  check node anon293

Warning: singular matrix:  check node anon293

Warning: singular matrix:  check node anon293

Warning: singular matrix:  check node anon293

Warning: True gmin stepping failed
Note: Starting source stepping
Warning: source stepping failed
Note: Transient op started
Note: Transient op finished successfully
