
Note: No compatibility mode selected!


Circuit: * gate-driver-core-drive-with-uvlo-postlayout @ ff_-40c_vlogic3p30v-vdrv4p15v -- generated by sim/harness, do not edit

Doing analysis at TEMP = -40.000000 and TNOM = 27.000000

Using SPARSE 1.3 as Direct Linear Solver

Initial Transient Solution
--------------------------

Node                                   Voltage
----                                   -------
x1_inb                                     3.3
in                                           0
gnd_logic                                    0
x1_na                                  2.37691
x1_nb                              2.25605e-07
gnd_drv                            6.10074e-08
x2_n3                                     4.15
x2_n4                              3.44357e-08
x2_n5                                     4.15
out                                6.28782e-08
x3_lockout                         6.21811e-08
in_drv                             1.09215e-07
x1_nbuf1                                  4.15
x1_ncb                            -5.95598e-08
x1_nca                                    4.15
vdd_logic                                  3.3
x2_n1                                     4.15
x2_n2                              3.17055e-08
x3_ncompn                              4.14778
x3_nref                               0.676883
x3_ntail                              0.126012
x3_ncompp                              3.27938
x3_ndiv                               0.802572
x3_uvlo_ok                             4.14994
vdd_drv                                   4.15
anon293                           -1.79031e-08
anon294                            2.41395e-08
anon295                            6.65262e-08
anon22                                 3.86057
anon23                                 3.57115
anon26                                 3.28172
anon27                                 2.99229
anon30                                 2.70286
anon31                                 2.41344
anon21                                0.966309
anon24                                 1.25573
anon25                                 1.54516
anon28                                 1.83459
anon29                                 2.12401
anon32                                 3.94078
anon33                                 3.73157
anon34                                 3.52235
anon35                                 3.31314
anon36                                 3.10392
anon37                                 2.89471
anon38                                  2.6855
anon39                                 2.47628
anon40                                 1.01179
anon42                                   1.221
anon44                                 1.43021
anon45                                 1.63943
anon46                                 1.84864
anon47                                 2.05785
anon48                                 2.26707
anon49                                 4.13597
anon41                                0.535048
anon50                                   4.122
anon43                                0.267524
anon51                                 4.10803
anon52                                 4.09406
anon53                                 4.08009
anon54                                 4.06612
anon55                                 4.05215
anon56                                 4.03818
anon57                                 3.92643
anon59                                  3.9404
anon60                                 3.95437
anon63                                 3.96834
anon65                                  3.9823
anon66                                 3.99627
anon69                                 4.01024
anon71                                 4.02421
anon58                                 3.91247
anon61                                  3.8985
anon62                                 3.88453
anon64                                 3.87057
anon67                                  3.8566
anon68                                 3.84263
anon70                                 3.82867
anon72                                  3.8147
anon73                                 3.70299
anon74                                 3.71695
anon76                                 3.73092
anon78                                 3.74488
anon81                                 3.75884
anon82                                 3.77281
anon84                                 3.78677
anon86                                 3.80074
anon75                                 3.68903
anon77                                 3.67506
anon79                                  3.6611
anon80                                 3.64714
anon83                                 3.63318
anon85                                 3.61921
anon87                                 3.60525
anon88                                 3.59129
anon89                                 3.47961
anon90                                 3.49357
anon91                                 3.46565
anon93                                 3.50753
anon94                                 3.45169
anon96                                 3.52149
anon97                                 3.43773
anon100                                3.53545
anon99                                 3.42377
anon102                                3.40981
anon103                                3.54941
anon105                                3.56337
anon106                                3.39585
anon108                                3.57733
anon109                                 3.3819
anon111                                3.36794
anon112                                3.25628
anon113                                3.24233
anon92                                 3.27024
anon115                                3.22837
anon95                                  3.2842
anon117                                3.21442
anon98                                 3.29815
anon101                                3.31211
anon119                                3.20046
anon121                                3.18651
anon104                                3.32607
anon107                                3.34002
anon123                                3.17255
anon110                                3.35398
anon125                                 3.1586
anon127                                3.14465
anon128                                3.03302
anon114                                3.04697
anon129                                3.01907
anon116                                3.06092
anon131                                3.00511
anon133                                2.99116
anon118                                3.07488
anon120                                3.08883
anon135                                2.97721
anon137                                2.96326
anon122                                3.10278
anon139                                2.94931
anon124                                3.11674
anon141                                2.93536
anon126                                3.13069
anon143                                 2.9214
anon144                                 2.8098
anon130                                2.82375
anon145                                2.79585
anon147                                2.78191
anon132                                 2.8377
anon134                                2.85165
anon149                                2.76796
anon151                                2.75401
anon136                                 2.8656
anon138                                2.87955
anon153                                2.74006
anon155                                2.72611
anon140                                 2.8935
anon157                                2.71216
anon142                                2.90745
anon159                                2.69821
anon160                                2.58664
anon146                                2.60058
anon161                                2.57269
anon163                                2.55874
anon148                                2.61453
anon165                                 2.5448
anon150                                2.62848
anon152                                2.64242
anon167                                2.53085
anon154                                2.65637
anon169                                2.51691
anon171                                2.50296
anon156                                2.67032
anon158                                2.68427
anon173                                2.48902
anon175                                2.47507
anon176                                2.36351
anon162                                2.37746
anon177                                2.34957
anon164                                 2.3914
anon179                                2.33563
anon181                                2.32168
anon166                                2.40535
anon168                                2.41929
anon183                                2.30774
anon170                                2.43324
anon185                                 2.2938
anon187                                2.27985
anon172                                2.44718
anon174                                2.46113
anon189                                2.26591
anon191                                2.25197
anon192                                2.14043
anon193                                2.12649
anon178                                2.15437
anon195                                2.11255
anon180                                2.16832
anon182                                2.18226
anon197                                2.09861
anon184                                 2.1962
anon199                                2.08467
anon201                                2.07073
anon186                                2.21014
anon188                                2.22408
anon203                                2.05679
anon190                                2.23803
anon205                                2.04285
anon207                                 2.0289
anon208                                1.91739
anon209                                1.90345
anon194                                1.93133
anon211                                1.88951
anon196                                1.94527
anon198                                 1.9592
anon213                                1.87557
anon215                                1.86163
anon200                                1.97314
anon202                                1.98708
anon217                                1.84769
anon219                                1.83375
anon204                                2.00102
anon221                                1.81981
anon206                                2.01496
anon223                                1.80588
anon224                                1.69437
anon210                                1.70831
anon225                                1.68044
anon227                                 1.6665
anon212                                1.72225
anon214                                1.73619
anon229                                1.65256
anon231                                1.63862
anon216                                1.75012
anon218                                1.76406
anon233                                1.62469
anon235                                1.61075
anon220                                  1.778
anon237                                1.59681
anon222                                1.79194
anon239                                1.58288
anon240                                1.47139
anon241                                1.45745
anon226                                1.48532
anon243                                1.44352
anon228                                1.49926
anon230                                 1.5132
anon245                                1.42958
anon247                                1.41565
anon232                                1.52713
anon249                                1.40171
anon234                                1.54107
anon236                                1.55501
anon251                                1.38778
anon253                                1.37384
anon238                                1.56894
anon255                                1.35991
anon256                                1.24843
anon242                                1.26236
anon257                                 1.2345
anon244                                 1.2763
anon259                                1.22056
anon261                                1.20663
anon246                                1.29023
anon263                                1.19269
anon248                                1.30417
anon265                                1.17876
anon250                                 1.3181
anon252                                1.33204
anon267                                1.16483
anon269                                1.15089
anon254                                1.34597
anon271                                1.13696
anon272                                1.02549
anon273                                1.01156
anon258                                1.03943
anon275                               0.997627
anon260                                1.05336
anon262                                1.06729
anon277                               0.983694
anon279                               0.969761
anon264                                1.08123
anon281                               0.955828
anon266                                1.09516
anon268                                1.10909
anon283                               0.941896
anon285                               0.927963
anon270                                1.12303
anon287                                0.91403
anon274                               0.816504
anon276                               0.830437
anon278                               0.844369
anon280                               0.858301
anon282                               0.872233
anon284                               0.886166
anon286                               0.900098
outcap                             6.28782e-08
vimeas#branch                      2.86673e-05
vin#branch                        -4.01873e-08
vgnd_logic#branch                  6.08076e-05
vsup_drv#branch                    -6.0664e-05
vsup_logic#branch                 -1.44296e-07

 Reference value :  4.02591e-08
 Reference value :  1.43059e-07
 Reference value :  2.61559e-07
 Reference value :  3.58974e-07
 Reference value :  4.62674e-07
 Reference value :  5.81574e-07
No. of Data Rows : 7204
trise10_90          =  4.04683e-09 targ=  2.63972e-08 trig=  2.23504e-08
tfall10_90          =  3.82124e-09 targ=  3.26862e-07 trig=  3.23041e-07
tpdlh               =  3.47762e-09 targ=  2.39776e-08 trig=  2.05000e-08
tpdhl               =  3.25742e-09 targ=  3.24757e-07 trig=  3.21500e-07
lockout_at_in_high  =  -3.69783e-07
vout_at_in_high     =  4.15000e+00
vdrv_at_in_high     =  4.15000e+00
m_trise_s = 4.0468280000e-09
m_tfall_s = 3.8212400000e-09
m_tpdlh_s = 3.4776220000e-09
m_tpdhl_s = 3.2574250000e-09
m_ipeak_source_a = 1.0508196934e+00
m_ipeak_sink_a = 9.9012438492e-01
m_vout_max_v = 4.1540517436e+00
m_vout_min_v = -2.486558402e-03
m_vin_max_v = 3.3000000000e+00
m_vin_min_v = 0.0000000000e+00
m_indrv_max_v = 4.1500788699e+00
m_indrv_min_v = -4.962645160e-03
m_n1_max_v = 4.2289566730e+00
m_n1_min_v = -4.062722548e-02
m_n2_max_v = 4.2091005698e+00
m_n2_min_v = -3.300008031e-02
m_n3_max_v = 4.1954696090e+00
m_n3_min_v = -2.529366640e-02
m_n4_max_v = 4.1948779326e+00
m_n4_min_v = -2.583699841e-02
m_n5_max_v = 4.1953337559e+00
m_n5_min_v = -2.593083407e-02
m_uvlo_lockout_at_in_high = -3.697831000e-07
m_uvlo_vout_at_in_high_v = 4.1500000000e+00
m_uvlo_vdrv_at_in_high_v = 4.1500000000e+00
Note: Simulation executed from .control section 

Note: vimeas: has no value, DC 0 assumed
Warning: singular matrix:  check node anon293

Note: Starting dynamic gmin stepping
Warning: singular matrix:  check node anon293

Warning: Dynamic gmin stepping failed
Note: Starting true gmin stepping
Warning: singular matrix:  check node anon293

Warning: singular matrix:  check node anon293

Warning: singular matrix:  check node anon293

Warning: singular matrix:  check node anon293

Warning: True gmin stepping failed
Note: Starting source stepping
Warning: source stepping failed
Note: Transient op started
Note: Transient op finished successfully
