
Note: No compatibility mode selected!


Circuit: * gate-driver-core-drive-with-uvlo-postlayout @ fs_-40c_vlogic3p63v-vdrv5p00v -- generated by sim/harness, do not edit

Doing analysis at TEMP = -40.000000 and TNOM = 27.000000

Using SPARSE 1.3 as Direct Linear Solver

Initial Transient Solution
--------------------------

Node                                   Voltage
----                                   -------
x1_inb                                    3.63
in                                           0
gnd_logic                                    0
x1_na                                    2.637
x1_nb                               2.3497e-07
gnd_drv                            7.82111e-08
x2_n3                                        5
x2_n4                              4.31491e-08
x2_n5                                        5
out                                8.02192e-08
x3_lockout                         7.92517e-08
in_drv                             1.28903e-07
x1_nbuf1                                     5
x1_ncb                            -5.56678e-08
x1_nca                                       5
vdd_logic                                 3.63
x2_n1                                        5
x2_n2                              3.96056e-08
x3_ncompn                              4.99994
x3_nref                               0.721442
x3_ntail                              0.211763
x3_ncompp                              3.87033
x3_ndiv                               0.966954
x3_uvlo_ok                             4.99992
vdd_drv                                      5
anon293                           -1.01399e-08
anon294                            3.58304e-08
anon295                            8.21943e-08
anon22                                 4.64345
anon23                                  4.2869
anon26                                 3.93036
anon27                                 3.57381
anon30                                 3.21726
anon31                                 2.86072
anon21                                 1.07799
anon24                                 1.43453
anon25                                 1.79108
anon28                                 2.14763
anon29                                 2.50417
anon32                                 4.74793
anon33                                 4.49587
anon34                                  4.2438
anon35                                 3.99173
anon36                                 3.73967
anon37                                  3.4876
anon38                                 3.23554
anon39                                 2.98347
anon40                                 1.21902
anon42                                 1.47108
anon44                                 1.72315
anon45                                 1.97521
anon46                                 2.22728
anon47                                 2.47934
anon48                                 2.73141
anon49                                 4.98309
anon41                                0.644636
anon50                                 4.96626
anon43                                0.322318
anon51                                 4.94943
anon52                                 4.93259
anon53                                 4.91576
anon54                                 4.89893
anon55                                  4.8821
anon56                                 4.86527
anon57                                 4.73063
anon59                                 4.74746
anon60                                 4.76429
anon63                                 4.78112
anon65                                 4.79795
anon66                                 4.81478
anon69                                 4.83161
anon71                                 4.84844
anon58                                 4.71381
anon61                                 4.69698
anon62                                 4.68015
anon64                                 4.66332
anon67                                  4.6465
anon68                                 4.62967
anon70                                 4.61284
anon72                                 4.59602
anon73                                 4.46142
anon74                                 4.47825
anon76                                 4.49507
anon78                                 4.51189
anon81                                 4.52872
anon82                                 4.54554
anon84                                 4.56237
anon86                                 4.57919
anon75                                  4.4446
anon77                                 4.42778
anon79                                 4.41095
anon80                                 4.39413
anon83                                 4.37731
anon85                                 4.36049
anon87                                 4.34367
anon88                                 4.32685
anon89                                 4.19229
anon90                                 4.20911
anon91                                 4.17547
anon93                                 4.22593
anon94                                 4.15865
anon96                                 4.24275
anon97                                 4.14184
anon100                                4.25957
anon99                                 4.12502
anon102                                 4.1082
anon103                                4.27639
anon105                                4.29321
anon106                                4.09138
anon108                                4.31003
anon109                                4.07457
anon111                                4.05775
anon112                                3.92323
anon113                                3.90641
anon92                                 3.94004
anon115                                 3.8896
anon95                                 3.95686
anon117                                3.87279
anon98                                 3.97367
anon101                                3.99049
anon119                                3.85597
anon121                                3.83916
anon104                                 4.0073
anon107                                4.02412
anon123                                3.82235
anon110                                4.04093
anon125                                3.80553
anon127                                3.78872
anon128                                3.65423
anon114                                3.67104
anon129                                3.63742
anon116                                3.68785
anon131                                3.62061
anon133                                 3.6038
anon118                                3.70466
anon120                                3.72148
anon135                                3.58699
anon137                                3.57018
anon122                                3.73829
anon139                                3.55338
anon124                                 3.7551
anon141                                3.53657
anon126                                3.77191
anon143                                3.51976
anon144                                 3.3853
anon130                                3.40211
anon145                                3.36849
anon147                                3.35169
anon132                                3.41891
anon134                                3.43572
anon149                                3.33488
anon151                                3.31808
anon136                                3.45253
anon138                                3.46933
anon153                                3.30127
anon155                                3.28446
anon140                                3.48614
anon157                                3.26766
anon142                                3.50295
anon159                                3.25086
anon160                                3.11642
anon146                                3.13323
anon161                                3.09962
anon163                                3.08282
anon148                                3.15003
anon165                                3.06602
anon150                                3.16683
anon152                                3.18364
anon167                                3.04921
anon154                                3.20044
anon169                                3.03241
anon171                                3.01561
anon156                                3.21725
anon158                                3.23405
anon173                                2.99881
anon175                                2.98201
anon176                                 2.8476
anon162                                 2.8644
anon177                                 2.8308
anon164                                 2.8812
anon179                                  2.814
anon181                                 2.7972
anon166                                  2.898
anon168                                 2.9148
anon183                                2.78041
anon170                                 2.9316
anon185                                2.76361
anon187                                2.74681
anon172                                 2.9484
anon174                                2.96521
anon189                                2.73001
anon191                                2.71321
anon192                                2.57883
anon193                                2.56203
anon178                                2.59563
anon195                                2.54524
anon180                                2.61242
anon182                                2.62922
anon197                                2.52844
anon184                                2.64602
anon199                                2.51164
anon201                                2.49485
anon186                                2.66282
anon188                                2.67961
anon203                                2.47805
anon190                                2.69641
anon205                                2.46126
anon207                                2.44446
anon208                                 2.3101
anon209                                2.29331
anon194                                2.32689
anon211                                2.27651
anon196                                2.34369
anon198                                2.36048
anon213                                2.25972
anon215                                2.24292
anon200                                2.37728
anon202                                2.39407
anon217                                2.22613
anon219                                2.20934
anon204                                2.41087
anon221                                2.19254
anon206                                2.42766
anon223                                2.17575
anon224                                2.04141
anon210                                 2.0582
anon225                                2.02462
anon227                                2.00783
anon212                                2.07499
anon214                                2.09179
anon229                                1.99104
anon231                                1.97424
anon216                                2.10858
anon218                                2.12537
anon233                                1.95745
anon235                                1.94066
anon220                                2.14216
anon237                                1.92387
anon222                                2.15896
anon239                                1.90708
anon240                                1.77276
anon241                                1.75597
anon226                                1.78955
anon243                                1.73918
anon228                                1.80634
anon230                                1.82313
anon245                                1.72239
anon247                                 1.7056
anon232                                1.83992
anon249                                1.68881
anon234                                1.85671
anon236                                 1.8735
anon251                                1.67202
anon253                                1.65523
anon238                                1.89029
anon255                                1.63844
anon256                                1.50413
anon242                                1.52092
anon257                                1.48734
anon244                                1.53771
anon259                                1.47055
anon261                                1.45377
anon246                                 1.5545
anon263                                1.43698
anon248                                1.57128
anon265                                1.42019
anon250                                1.58807
anon252                                1.60486
anon267                                 1.4034
anon269                                1.38662
anon254                                1.62165
anon271                                1.36983
anon272                                1.23553
anon273                                1.21875
anon258                                1.25232
anon275                                1.20196
anon260                                1.26911
anon262                                1.28589
anon277                                1.18517
anon279                                1.16839
anon264                                1.30268
anon281                                 1.1516
anon266                                1.31947
anon268                                1.33625
anon283                                1.13481
anon285                                1.11803
anon270                                1.35304
anon287                                1.10124
anon274                                0.98374
anon276                                1.00053
anon278                                1.01731
anon280                                 1.0341
anon282                                1.05088
anon284                                1.06767
anon286                                1.08445
outcap                             8.02192e-08
vimeas#branch                      3.60636e-05
vin#branch                        -4.69498e-08
vgnd_logic#branch                  7.79842e-05
vsup_drv#branch                   -7.77698e-05
vsup_logic#branch                 -2.15173e-07

 Reference value :  3.28997e-08
 Reference value :  1.45900e-07
 Reference value :  2.60300e-07
 Reference value :  3.31338e-07
 Reference value :  4.39238e-07
 Reference value :  5.58438e-07
 Reference value :  6.88038e-07
No. of Data Rows : 7224
trise10_90          =  4.75067e-09 targ=  2.72889e-08 trig=  2.25382e-08
tfall10_90          =  3.69072e-09 targ=  3.26882e-07 trig=  3.23192e-07
tpdlh               =  3.96693e-09 targ=  2.44669e-08 trig=  2.05000e-08
tpdhl               =  3.36455e-09 targ=  3.24865e-07 trig=  3.21500e-07
lockout_at_in_high  =  3.19662e-06
vout_at_in_high     =  5.00000e+00
vdrv_at_in_high     =  5.00000e+00
m_trise_s = 4.7506720000e-09
m_tfall_s = 3.6907250000e-09
m_tpdlh_s = 3.9669290000e-09
m_tpdhl_s = 3.3645490000e-09
m_ipeak_source_a = 1.0699019503e+00
m_ipeak_sink_a = 1.2210465843e+00
m_vout_max_v = 5.0044549132e+00
m_vout_min_v = -3.344359870e-03
m_vin_max_v = 3.6300000000e+00
m_vin_min_v = 0.0000000000e+00
m_indrv_max_v = 5.0000873467e+00
m_indrv_min_v = -6.731462385e-03
m_n1_max_v = 5.0900476834e+00
m_n1_min_v = -4.777737299e-02
m_n2_max_v = 5.0640976756e+00
m_n2_min_v = -4.040520991e-02
m_n3_max_v = 5.0522205497e+00
m_n3_min_v = -2.835614306e-02
m_n4_max_v = 5.0506785893e+00
m_n4_min_v = -2.889261221e-02
m_n5_max_v = 5.0513243839e+00
m_n5_min_v = -2.952833209e-02
m_uvlo_lockout_at_in_high = 3.1966190000e-06
m_uvlo_vout_at_in_high_v = 5.0000030000e+00
m_uvlo_vdrv_at_in_high_v = 5.0000000000e+00
Note: Simulation executed from .control section 

Note: vimeas: has no value, DC 0 assumed
Warning: singular matrix:  check node anon293

Note: Starting dynamic gmin stepping
Warning: singular matrix:  check node anon293

Warning: Dynamic gmin stepping failed
Note: Starting true gmin stepping
Warning: singular matrix:  check node anon293

Warning: singular matrix:  check node anon293

Warning: singular matrix:  check node anon293

Warning: singular matrix:  check node anon293

Warning: True gmin stepping failed
Note: Starting source stepping
Warning: source stepping failed
Note: Transient op started
Note: Transient op finished successfully
