
Note: No compatibility mode selected!


Circuit: * gate-driver-core-drive-with-uvlo-postlayout @ fs_-40c_vlogic2p97v-vdrv3p30v -- generated by sim/harness, do not edit

Doing analysis at TEMP = -40.000000 and TNOM = 27.000000

Using SPARSE 1.3 as Direct Linear Solver

Initial Transient Solution
--------------------------

Node                                   Voltage
----                                   -------
x1_inb                                    2.97
in                                           0
gnd_logic                                    0
x1_na                                  2.05377
x1_nb                              1.47157e-07
gnd_drv                            4.67466e-08
x2_n3                                      3.3
x2_n4                              2.48274e-08
x2_n5                                      3.3
out                                4.84255e-08
x3_lockout                                 3.3
in_drv                             1.09132e-08
x1_nbuf1                                   3.3
x1_ncb                            -5.25768e-08
x1_nca                                     3.3
vdd_logic                                 2.97
x2_n1                                      3.3
x2_n2                              2.16767e-08
x3_ncompn                            0.0275431
x3_nref                               0.698381
x3_ntail                             0.0124729
x3_ncompp                              2.30038
x3_ndiv                               0.604942
x3_uvlo_ok                         1.64342e-05
vdd_drv                                    3.3
anon293                            -3.7216e-08
anon294                           -2.14915e-08
anon295                           -5.43713e-09
anon22                                  3.0832
anon23                                  2.8664
anon26                                 2.64959
anon27                                 2.43279
anon30                                 2.21599
anon31                                 1.99919
anon21                                0.915182
anon24                                 1.13198
anon25                                 1.34878
anon28                                 1.56559
anon29                                 1.78239
anon32                                 3.13156
anon33                                 2.96312
anon34                                 2.79467
anon35                                 2.62623
anon36                                 2.45779
anon37                                 2.28935
anon38                                 2.12091
anon39                                 1.95247
anon40                                0.773383
anon42                                0.941823
anon44                                 1.11026
anon45                                  1.2787
anon46                                 1.44715
anon47                                 1.61559
anon48                                 1.78403
anon49                              0.00253535
anon41                                0.403295
anon50                              0.00505426
anon43                                0.201647
anon51                              0.00757317
anon52                               0.0100921
anon53                                0.012611
anon54                               0.0151299
anon55                               0.0176488
anon56                               0.0201677
anon57                               0.0403191
anon59                               0.0378002
anon60                               0.0352813
anon63                               0.0327623
anon65                               0.0302434
anon66                               0.0277245
anon69                               0.0252056
anon71                               0.0226867
anon58                               0.0428381
anon61                                0.045357
anon62                                0.047876
anon64                               0.0503949
anon67                               0.0529138
anon68                               0.0554328
anon70                               0.0579517
anon72                               0.0604707
anon73                               0.0806225
anon74                               0.0781035
anon76                               0.0755845
anon78                               0.0730656
anon81                               0.0705466
anon82                               0.0680276
anon84                               0.0655086
anon86                               0.0629897
anon75                               0.0831415
anon77                               0.0856605
anon79                               0.0881795
anon80                               0.0906986
anon83                               0.0932176
anon85                               0.0957366
anon87                               0.0982557
anon88                                0.100775
anon89                                0.120927
anon90                                0.118408
anon91                                0.123446
anon93                                0.115889
anon94                                0.125966
anon96                                 0.11337
anon97                                0.128485
anon100                               0.110851
anon99                                0.131004
anon102                               0.133523
anon103                               0.108332
anon105                               0.105813
anon106                               0.136042
anon108                               0.103294
anon109                               0.138561
anon111                                0.14108
anon112                               0.161234
anon113                               0.163753
anon92                                0.158715
anon115                               0.166273
anon95                                0.156196
anon117                               0.168792
anon98                                0.153676
anon101                               0.151157
anon119                               0.171311
anon121                               0.173831
anon104                               0.148638
anon107                               0.146119
anon123                                0.17635
anon110                                 0.1436
anon125                               0.178869
anon127                               0.181389
anon128                               0.201544
anon114                               0.199024
anon129                               0.204063
anon116                               0.196505
anon131                               0.206583
anon133                               0.209102
anon118                               0.193985
anon120                               0.191466
anon135                               0.211622
anon137                               0.214141
anon122                               0.188947
anon139                               0.216661
anon124                               0.186427
anon141                                0.21918
anon126                               0.183908
anon143                                 0.2217
anon144                               0.241857
anon130                               0.239337
anon145                               0.244376
anon147                               0.246896
anon132                               0.236817
anon134                               0.234298
anon149                               0.249416
anon151                               0.251936
anon136                               0.231778
anon138                               0.229259
anon153                               0.254455
anon155                               0.256975
anon140                               0.226739
anon157                               0.259495
anon142                               0.224219
anon159                               0.262015
anon160                               0.282174
anon146                               0.279654
anon161                               0.284694
anon163                               0.287214
anon148                               0.277134
anon165                               0.289734
anon150                               0.274614
anon152                               0.272094
anon167                               0.292254
anon154                               0.269574
anon169                               0.294774
anon171                               0.297294
anon156                               0.267054
anon158                               0.264535
anon173                               0.299814
anon175                               0.302334
anon176                               0.322496
anon162                               0.319976
anon177                               0.325016
anon164                               0.317455
anon179                               0.327536
anon181                               0.330057
anon166                               0.314935
anon168                               0.312415
anon183                               0.332577
anon170                               0.309895
anon185                               0.335098
anon187                               0.337618
anon172                               0.307375
anon174                               0.304854
anon189                               0.340138
anon191                               0.342659
anon192                               0.362823
anon193                               0.365344
anon178                               0.360303
anon195                               0.367865
anon180                               0.357782
anon182                               0.355261
anon197                               0.370385
anon184                               0.352741
anon199                               0.372906
anon201                               0.375427
anon186                                0.35022
anon188                                 0.3477
anon203                               0.377948
anon190                               0.345179
anon205                               0.380468
anon207                               0.382989
anon208                               0.403157
anon209                               0.405678
anon194                               0.400636
anon211                               0.408199
anon196                               0.398115
anon198                               0.395594
anon213                                0.41072
anon215                               0.413241
anon200                               0.393073
anon202                               0.390552
anon217                               0.415763
anon219                               0.418284
anon204                               0.388031
anon221                               0.420805
anon206                                0.38551
anon223                               0.423326
anon224                               0.443498
anon210                               0.440976
anon225                               0.446019
anon227                               0.448541
anon212                               0.438455
anon214                               0.435933
anon229                               0.451062
anon231                               0.453584
anon216                               0.433412
anon218                                0.43089
anon233                               0.456105
anon235                               0.458627
anon220                               0.428369
anon237                               0.461149
anon222                               0.425848
anon239                               0.463671
anon240                               0.483846
anon241                               0.486368
anon226                               0.481324
anon243                                0.48889
anon228                               0.478802
anon230                                0.47628
anon245                               0.491412
anon247                               0.493934
anon232                               0.473758
anon249                               0.496456
anon234                               0.471236
anon236                               0.468714
anon251                               0.498978
anon253                                 0.5015
anon238                               0.466192
anon255                               0.504023
anon256                               0.524202
anon242                               0.521679
anon257                               0.526725
anon244                               0.519157
anon259                               0.529247
anon261                                0.53177
anon246                               0.516635
anon263                               0.534292
anon248                               0.514112
anon265                               0.536815
anon250                                0.51159
anon252                               0.509067
anon267                               0.539338
anon269                               0.541861
anon254                               0.506545
anon271                               0.544384
anon272                               0.564567
anon273                                0.56709
anon258                               0.562044
anon275                               0.569614
anon260                               0.559521
anon262                               0.556998
anon277                               0.572137
anon279                                0.57466
anon264                               0.554475
anon281                               0.577183
anon266                               0.551952
anon268                               0.549429
anon283                               0.579707
anon285                                0.58223
anon270                               0.546906
anon287                               0.584754
anon274                               0.602419
anon276                               0.599895
anon278                               0.597371
anon280                               0.594848
anon282                               0.592324
anon284                                 0.5898
anon286                               0.587277
outcap                             4.84255e-08
vimeas#branch                      4.77201e-05
vin#branch                         -2.7326e-08
vgnd_logic#branch                  4.66141e-05
vsup_drv#branch                   -4.64305e-05
vsup_logic#branch                 -1.83839e-07

 Reference value :  3.18164e-08
 Reference value :  1.37716e-07
 Reference value :  2.55816e-07
 Reference value :  3.49483e-07
 Reference value :  4.63583e-07
 Reference value :  5.84383e-07
No. of Data Rows : 7200
trise10_90          =  7.12338e-10 targ=  2.35111e-08 trig=  2.27988e-08
tfall10_90          =  5.65480e-10 targ=  3.23653e-07 trig=  3.23087e-07
tpdlh               =  2.49423e-09 targ=  2.29942e-08 trig=  2.05000e-08
tpdhl               =  1.77287e-09 targ=  3.23273e-07 trig=  3.21500e-07
lockout_at_in_high  =  3.30000e+00
vout_at_in_high     =  1.31752e-01
vdrv_at_in_high     =  3.30000e+00
m_trise_s = 7.1233800000e-10
m_tfall_s = 5.6548000000e-10
m_tpdlh_s = 2.4942290000e-09
m_tpdhl_s = 1.7728670000e-09
m_ipeak_source_a = 3.0184943004e-01
m_ipeak_sink_a = 3.2355680701e-01
m_vout_max_v = 1.3261007750e-01
m_vout_min_v = -2.445264770e-03
m_vin_max_v = 2.9700000000e+00
m_vin_min_v = 0.0000000000e+00
m_indrv_max_v = 3.3375102490e+00
m_indrv_min_v = -1.369004866e-02
m_n1_max_v = 3.3725982717e+00
m_n1_min_v = -4.732307083e-02
m_n2_max_v = 3.3526751601e+00
m_n2_min_v = -3.564856047e-02
m_n3_max_v = 3.3473221357e+00
m_n3_min_v = -2.639839806e-02
m_n4_max_v = 3.3447557552e+00
m_n4_min_v = -2.758319974e-02
m_n5_max_v = 3.3485644947e+00
m_n5_min_v = -2.884356689e-02
m_uvlo_lockout_at_in_high = 3.2999980000e+00
m_uvlo_vout_at_in_high_v = 1.3175170000e-01
m_uvlo_vdrv_at_in_high_v = 3.3000000000e+00
Note: Simulation executed from .control section 

Note: vimeas: has no value, DC 0 assumed
Warning: singular matrix:  check node anon293

Note: Starting dynamic gmin stepping
Warning: singular matrix:  check node anon293

Warning: Dynamic gmin stepping failed
Note: Starting true gmin stepping
Warning: singular matrix:  check node anon293

Warning: singular matrix:  check node anon293

Warning: singular matrix:  check node anon293

Warning: singular matrix:  check node anon293

Warning: True gmin stepping failed
Note: Starting source stepping
Warning: source stepping failed
Note: Transient op started
Note: Transient op finished successfully
