
Note: No compatibility mode selected!


Circuit: * gate-driver-core-drive-with-uvlo-postlayout @ fs_125c_vlogic2p97v-vdrv3p30v -- generated by sim/harness, do not edit

Doing analysis at TEMP = 125.000000 and TNOM = 27.000000

Using SPARSE 1.3 as Direct Linear Solver

Initial Transient Solution
--------------------------

Node                                   Voltage
----                                   -------
x1_inb                                    2.97
in                                           0
gnd_logic                                    0
x1_na                                  2.14457
x1_nb                              2.06154e-08
gnd_drv                            4.70971e-08
x2_n3                                      3.3
x2_n4                              2.92267e-08
x2_n5                                      3.3
out                                5.08532e-08
x3_lockout                         5.09219e-08
in_drv                             3.13249e-08
x1_nbuf1                                   3.3
x1_ncb                             1.59735e-08
x1_nca                                 3.29994
vdd_logic                                 2.97
x2_n1                                      3.3
x2_n2                              2.66038e-08
x3_ncompn                              3.27994
x3_nref                               0.532646
x3_ntail                              0.110777
x3_ncompp                              2.40326
x3_ndiv                               0.638189
x3_uvlo_ok                             3.29987
vdd_drv                                    3.3
anon293                            1.89017e-08
anon294                            2.24685e-08
anon295                            2.66255e-08
anon22                                 3.06939
anon23                                 2.83877
anon26                                 2.60816
anon27                                 2.37755
anon30                                 2.14693
anon31                                 1.91632
anon21                                0.763258
anon24                                0.993871
anon25                                 1.22448
anon28                                  1.4551
anon29                                 1.68571
anon32                                 3.13364
anon33                                 2.96727
anon34                                 2.80091
anon35                                 2.63454
anon36                                 2.46818
anon37                                 2.30182
anon38                                 2.13545
anon39                                 1.96909
anon40                                0.804552
anon42                                0.970914
anon44                                 1.13728
anon45                                 1.30364
anon46                                    1.47
anon47                                 1.63637
anon48                                 1.80273
anon49                                 3.28877
anon41                                 0.42546
anon50                                 3.27766
anon43                                 0.21273
anon51                                 3.26655
anon52                                 3.25544
anon53                                 3.24433
anon54                                 3.23322
anon55                                 3.22211
anon56                                   3.211
anon57                                 3.12215
anon59                                 3.13325
anon60                                 3.14436
anon63                                 3.15547
anon65                                 3.16657
anon66                                 3.17768
anon69                                 3.18879
anon71                                  3.1999
anon58                                 3.11104
anon61                                 3.09994
anon62                                 3.08883
anon64                                 3.07772
anon67                                 3.06662
anon68                                 3.05551
anon70                                 3.04441
anon72                                  3.0333
anon73                                 2.94447
anon74                                 2.95558
anon76                                 2.96668
anon78                                 2.97778
anon81                                 2.98889
anon82                                 2.99999
anon84                                  3.0111
anon86                                  3.0222
anon75                                 2.93337
anon77                                 2.92227
anon79                                 2.91117
anon80                                 2.90006
anon83                                 2.88896
anon85                                 2.87786
anon87                                 2.86676
anon88                                 2.85566
anon89                                 2.76685
anon90                                 2.77795
anon91                                 2.75575
anon93                                 2.78905
anon94                                 2.74465
anon96                                 2.80015
anon97                                 2.73355
anon100                                2.81125
anon99                                 2.72245
anon102                                2.71135
anon103                                2.82235
anon105                                2.83345
anon106                                2.70025
anon108                                2.84456
anon109                                2.68916
anon111                                2.67806
anon112                                2.58928
anon113                                2.57818
anon92                                 2.60037
anon115                                2.56708
anon95                                 2.61147
anon117                                2.55598
anon98                                 2.62257
anon101                                2.63366
anon119                                2.54489
anon121                                2.53379
anon104                                2.64476
anon107                                2.65586
anon123                                 2.5227
anon110                                2.66696
anon125                                 2.5116
anon127                                 2.5005
anon128                                2.41174
anon114                                2.42284
anon129                                2.40065
anon116                                2.43393
anon131                                2.38955
anon133                                2.37846
anon118                                2.44503
anon120                                2.45612
anon135                                2.36737
anon137                                2.35627
anon122                                2.46722
anon139                                2.34518
anon124                                2.47831
anon141                                2.33409
anon126                                2.48941
anon143                                2.32299
anon144                                2.23425
anon130                                2.24534
anon145                                2.22316
anon147                                2.21207
anon132                                2.25644
anon134                                2.26753
anon149                                2.20098
anon151                                2.18989
anon136                                2.27862
anon138                                2.28971
anon153                                2.17879
anon155                                 2.1677
anon140                                2.30081
anon157                                2.15661
anon142                                 2.3119
anon159                                2.14552
anon160                                 2.0568
anon146                                2.06789
anon161                                2.04571
anon163                                2.03462
anon148                                2.07898
anon165                                2.02353
anon150                                2.09007
anon152                                2.10116
anon167                                2.01244
anon154                                2.11225
anon169                                2.00135
anon171                                1.99026
anon156                                2.12334
anon158                                2.13443
anon173                                1.97918
anon175                                1.96809
anon176                                1.87938
anon162                                1.89047
anon177                                 1.8683
anon164                                1.90156
anon179                                1.85721
anon181                                1.84612
anon166                                1.91265
anon168                                1.92373
anon183                                1.83503
anon170                                1.93482
anon185                                1.82395
anon187                                1.81286
anon172                                1.94591
anon174                                  1.957
anon189                                1.80177
anon191                                1.79069
anon192                                  1.702
anon193                                1.69091
anon178                                1.71308
anon195                                1.67983
anon180                                1.72417
anon182                                1.73525
anon197                                1.66874
anon184                                1.74634
anon199                                1.65766
anon201                                1.64657
anon186                                1.75743
anon188                                1.76851
anon203                                1.63549
anon190                                 1.7796
anon205                                 1.6244
anon207                                1.61332
anon208                                1.52464
anon209                                1.51356
anon194                                1.53573
anon211                                1.50247
anon196                                1.54681
anon198                                1.55789
anon213                                1.49139
anon215                                1.48031
anon200                                1.56898
anon202                                1.58006
anon217                                1.46922
anon219                                1.45814
anon204                                1.59115
anon221                                1.44706
anon206                                1.60223
anon223                                1.43597
anon224                                1.34731
anon210                                1.35839
anon225                                1.33623
anon227                                1.32515
anon212                                1.36948
anon214                                1.38056
anon229                                1.31406
anon231                                1.30298
anon216                                1.39164
anon218                                1.40272
anon233                                 1.2919
anon235                                1.28082
anon220                                1.41381
anon237                                1.26974
anon222                                1.42489
anon239                                1.25865
anon240                                   1.17
anon241                                1.15892
anon226                                1.18108
anon243                                1.14784
anon228                                1.19217
anon230                                1.20325
anon245                                1.13676
anon247                                1.12568
anon232                                1.21433
anon249                                 1.1146
anon234                                1.22541
anon236                                1.23649
anon251                                1.10352
anon253                                1.09244
anon238                                1.24757
anon255                                1.08136
anon256                               0.992716
anon242                                 1.0038
anon257                               0.981636
anon244                                1.01488
anon259                               0.970557
anon261                               0.959477
anon246                                1.02596
anon263                               0.948397
anon248                                1.03704
anon265                               0.937318
anon250                                1.04812
anon252                                 1.0592
anon267                               0.926238
anon269                               0.915158
anon254                                1.07028
anon271                               0.904079
anon272                               0.815446
anon273                               0.804367
anon258                               0.826525
anon275                               0.793288
anon260                               0.837604
anon262                               0.848683
anon277                               0.782209
anon279                                0.77113
anon264                               0.859762
anon281                               0.760052
anon266                               0.870841
anon268                                0.88192
anon283                               0.748973
anon285                               0.737895
anon270                                  0.893
anon287                               0.726816
anon274                               0.649268
anon276                               0.660346
anon278                               0.671424
anon280                               0.682502
anon282                               0.693581
anon284                               0.704659
anon286                               0.715738
outcap                             5.08532e-08
vimeas#branch                      2.21203e-05
vin#branch                        -2.07125e-08
vgnd_logic#branch                  4.69941e-05
vsup_drv#branch                   -4.67582e-05
vsup_logic#branch                 -2.36481e-07

 Reference value :  4.16730e-08
 Reference value :  1.53573e-07
 Reference value :  2.73473e-07
 Reference value :  3.64308e-07
 Reference value :  4.83108e-07
 Reference value :  6.03208e-07
No. of Data Rows : 7154
trise10_90          =  1.05486e-08 targ=  3.53772e-08 trig=  2.48285e-08
tfall10_90          =  6.69822e-09 targ=  3.31377e-07 trig=  3.24679e-07
tpdlh               =  8.40994e-09 targ=  2.89099e-08 trig=  2.05000e-08
tpdhl               =  5.96843e-09 targ=  3.27468e-07 trig=  3.21500e-07
lockout_at_in_high  =  -7.05416e-07
vout_at_in_high     =  3.30000e+00
vdrv_at_in_high     =  3.30000e+00
m_trise_s = 1.0548640000e-08
m_tfall_s = 6.6982150000e-09
m_tpdlh_s = 8.4099370000e-09
m_tpdhl_s = 5.9684320000e-09
m_ipeak_source_a = 3.3846363149e-01
m_ipeak_sink_a = 4.8985042418e-01
m_vout_max_v = 3.3032114237e+00
m_vout_min_v = -2.709630824e-03
m_vin_max_v = 2.9700000000e+00
m_vin_min_v = 0.0000000000e+00
m_indrv_max_v = 3.3010616841e+00
m_indrv_min_v = -9.205384386e-03
m_n1_max_v = 3.3585487568e+00
m_n1_min_v = -4.000185451e-02
m_n2_max_v = 3.3491030842e+00
m_n2_min_v = -3.312200035e-02
m_n3_max_v = 3.3408868101e+00
m_n3_min_v = -2.475819315e-02
m_n4_max_v = 3.3386404071e+00
m_n4_min_v = -2.495934673e-02
m_n5_max_v = 3.3427153803e+00
m_n5_min_v = -2.556965115e-02
m_uvlo_lockout_at_in_high = -7.054159000e-07
m_uvlo_vout_at_in_high_v = 3.2999970000e+00
m_uvlo_vdrv_at_in_high_v = 3.3000000000e+00
Note: Simulation executed from .control section 

Note: vimeas: has no value, DC 0 assumed
Warning: singular matrix:  check node anon295

Note: Starting dynamic gmin stepping
Warning: singular matrix:  check node anon293

Warning: Dynamic gmin stepping failed
Note: Starting true gmin stepping
Warning: singular matrix:  check node anon293

Warning: singular matrix:  check node anon293

Warning: singular matrix:  check node anon293

Warning: singular matrix:  check node anon293

Warning: True gmin stepping failed
Note: Starting source stepping
Warning: source stepping failed
Note: Transient op started
Note: Transient op finished successfully
