
Note: No compatibility mode selected!


Circuit: * gate-driver-core-drive-with-uvlo-postlayout @ fs_27c_vlogic2p97v-vdrv3p30v -- generated by sim/harness, do not edit

Doing analysis at TEMP = 27.000000 and TNOM = 27.000000

Using SPARSE 1.3 as Direct Linear Solver

Initial Transient Solution
--------------------------

Node                                   Voltage
----                                   -------
x1_inb                                    2.97
in                                           0
gnd_logic                                    0
x1_na                                  2.14918
x1_nb                             -2.36153e-07
gnd_drv                           -2.68242e-08
x2_n3                                      3.3
x2_n4                             -1.73492e-09
x2_n5                                      3.3
out                               -2.44028e-08
x3_lockout                         3.04257e-07
in_drv                             7.89488e-08
x1_nbuf1                                   3.3
x1_ncb                             1.24275e-07
x1_nca                                     3.3
vdd_logic                                 2.97
x2_n1                                      3.3
x2_n2                               3.5267e-10
x3_ncompn                               2.7043
x3_nref                               0.629905
x3_ntail                             0.0605786
x3_ncompp                              2.33235
x3_ndiv                               0.638189
x3_uvlo_ok                             3.29991
vdd_drv                                    3.3
anon293                            1.12283e-07
anon294                            1.00757e-07
anon295                            8.96594e-08
anon22                                 3.07749
anon23                                 2.85498
anon26                                 2.63247
anon27                                 2.40997
anon30                                 2.18746
anon31                                 1.96495
anon21                                0.852412
anon24                                 1.07492
anon25                                 1.29743
anon28                                 1.51993
anon29                                 1.74244
anon32                                 3.13364
anon33                                 2.96727
anon34                                 2.80091
anon35                                 2.63454
anon36                                 2.46818
anon37                                 2.30182
anon38                                 2.13545
anon39                                 1.96909
anon40                                0.804552
anon42                                0.970914
anon44                                 1.13728
anon45                                 1.30364
anon46                                    1.47
anon47                                 1.63637
anon48                                 1.80273
anon49                                  3.2888
anon41                                 0.42546
anon50                                 3.27769
anon43                                 0.21273
anon51                                 3.26658
anon52                                 3.25547
anon53                                 3.24436
anon54                                 3.23325
anon55                                 3.22214
anon56                                 3.21103
anon57                                 3.12218
anon59                                 3.13328
anon60                                 3.14439
anon63                                  3.1555
anon65                                  3.1666
anon66                                 3.17771
anon69                                 3.18882
anon71                                 3.19993
anon58                                 3.11107
anon61                                 3.09997
anon62                                 3.08886
anon64                                 3.07775
anon67                                 3.06665
anon68                                 3.05554
anon70                                 3.04444
anon72                                 3.03333
anon73                                  2.9445
anon74                                  2.9556
anon76                                 2.96671
anon78                                 2.97781
anon81                                 2.98892
anon82                                 3.00002
anon84                                 3.01112
anon86                                 3.02223
anon75                                  2.9334
anon77                                  2.9223
anon79                                 2.91119
anon80                                 2.90009
anon83                                 2.88899
anon85                                 2.87789
anon87                                 2.86678
anon88                                 2.85568
anon89                                 2.76688
anon90                                 2.77798
anon91                                 2.75578
anon93                                 2.78908
anon94                                 2.74468
anon96                                 2.80018
anon97                                 2.73358
anon100                                2.81128
anon99                                 2.72248
anon102                                2.71138
anon103                                2.82238
anon105                                2.83348
anon106                                2.70028
anon108                                2.84458
anon109                                2.68918
anon111                                2.67808
anon112                                 2.5893
anon113                                 2.5782
anon92                                  2.6004
anon115                                 2.5671
anon95                                 2.61149
anon117                                2.55601
anon98                                 2.62259
anon101                                2.63369
anon119                                2.54491
anon121                                2.53381
anon104                                2.64479
anon107                                2.65588
anon123                                2.52272
anon110                                2.66698
anon125                                2.51162
anon127                                2.50053
anon128                                2.41176
anon114                                2.42286
anon129                                2.40067
anon116                                2.43395
anon131                                2.38958
anon133                                2.37848
anon118                                2.44505
anon120                                2.45614
anon135                                2.36739
anon137                                2.35629
anon122                                2.46724
anon139                                 2.3452
anon124                                2.47833
anon141                                2.33411
anon126                                2.48943
anon143                                2.32301
anon144                                2.23427
anon130                                2.24536
anon145                                2.22318
anon147                                2.21209
anon132                                2.25646
anon134                                2.26755
anon149                                  2.201
anon151                                 2.1899
anon136                                2.27864
anon138                                2.28973
anon153                                2.17881
anon155                                2.16772
anon140                                2.30083
anon157                                2.15663
anon142                                2.31192
anon159                                2.14554
anon160                                2.05682
anon146                                2.06791
anon161                                2.04573
anon163                                2.03464
anon148                                  2.079
anon165                                2.02355
anon150                                2.09009
anon152                                2.10118
anon167                                2.01246
anon154                                2.11227
anon169                                2.00137
anon171                                1.99028
anon156                                2.12336
anon158                                2.13445
anon173                                1.97919
anon175                                 1.9681
anon176                                 1.8794
anon162                                1.89049
anon177                                1.86831
anon164                                1.90157
anon179                                1.85722
anon181                                1.84613
anon166                                1.91266
anon168                                1.92375
anon183                                1.83505
anon170                                1.93484
anon185                                1.82396
anon187                                1.81287
anon172                                1.94593
anon174                                1.95701
anon189                                1.80179
anon191                                 1.7907
anon192                                1.70201
anon193                                1.69092
anon178                                 1.7131
anon195                                1.67984
anon180                                1.72418
anon182                                1.73527
anon197                                1.66875
anon184                                1.74635
anon199                                1.65767
anon201                                1.64658
anon186                                1.75744
anon188                                1.76853
anon203                                 1.6355
anon190                                1.77961
anon205                                1.62441
anon207                                1.61333
anon208                                1.52465
anon209                                1.51357
anon194                                1.53574
anon211                                1.50248
anon196                                1.54682
anon198                                 1.5579
anon213                                 1.4914
anon215                                1.48032
anon200                                1.56899
anon202                                1.58007
anon217                                1.46923
anon219                                1.45815
anon204                                1.59116
anon221                                1.44707
anon206                                1.60224
anon223                                1.43598
anon224                                1.34732
anon210                                 1.3584
anon225                                1.33624
anon227                                1.32515
anon212                                1.36948
anon214                                1.38057
anon229                                1.31407
anon231                                1.30299
anon216                                1.39165
anon218                                1.40273
anon233                                1.29191
anon235                                1.28083
anon220                                1.41382
anon237                                1.26974
anon222                                 1.4249
anon239                                1.25866
anon240                                1.17001
anon241                                1.15893
anon226                                1.18109
anon243                                1.14785
anon228                                1.19217
anon230                                1.20325
anon245                                1.13677
anon247                                1.12569
anon232                                1.21434
anon249                                 1.1146
anon234                                1.22542
anon236                                 1.2365
anon251                                1.10352
anon253                                1.09244
anon238                                1.24758
anon255                                1.08136
anon256                                0.99272
anon242                                 1.0038
anon257                                0.98164
anon244                                1.01488
anon259                                0.97056
anon261                               0.959481
anon246                                1.02596
anon263                               0.948401
anon248                                1.03704
anon265                               0.937321
anon250                                1.04812
anon252                                 1.0592
anon267                               0.926241
anon269                               0.915162
anon254                                1.07028
anon271                               0.904082
anon272                               0.815448
anon273                               0.804369
anon258                               0.826527
anon275                                0.79329
anon260                               0.837606
anon262                               0.848685
anon277                               0.782211
anon279                               0.771132
anon264                               0.859765
anon281                               0.760053
anon266                               0.870844
anon268                               0.881923
anon283                               0.748975
anon285                               0.737896
anon270                               0.893003
anon287                               0.726817
anon274                               0.649268
anon276                               0.660346
anon278                               0.671424
anon280                               0.682503
anon282                               0.693581
anon284                                0.70466
anon286                               0.715738
outcap                            -2.44028e-08
vimeas#branch                     -2.32201e-05
vin#branch                          2.4335e-08
vgnd_logic#branch                 -2.66992e-05
vsup_drv#branch                    2.64888e-05
vsup_logic#branch                  2.09849e-07

 Reference value :  4.25572e-08
 Reference value :  1.61657e-07
 Reference value :  2.79557e-07
 Reference value :  3.75576e-07
 Reference value :  4.93876e-07
 Reference value :  6.14376e-07
No. of Data Rows : 7178
trise10_90          =  8.48827e-09 targ=  3.25413e-08 trig=  2.40531e-08
tfall10_90          =  5.41806e-09 targ=  3.29573e-07 trig=  3.24155e-07
tpdlh               =  6.95279e-09 targ=  2.74528e-08 trig=  2.05000e-08
tpdhl               =  4.99981e-09 targ=  3.26500e-07 trig=  3.21500e-07
lockout_at_in_high  =  4.08447e-07
vout_at_in_high     =  3.30000e+00
vdrv_at_in_high     =  3.30000e+00
m_trise_s = 8.4882660000e-09
m_tfall_s = 5.4180570000e-09
m_tpdlh_s = 6.9527930000e-09
m_tpdhl_s = 4.9998100000e-09
m_ipeak_source_a = 4.0292285387e-01
m_ipeak_sink_a = 5.7542841510e-01
m_vout_max_v = 3.3036298964e+00
m_vout_min_v = -3.038892103e-03
m_vin_max_v = 2.9700000000e+00
m_vin_min_v = 0.0000000000e+00
m_indrv_max_v = 3.3172790224e+00
m_indrv_min_v = -1.202337078e-02
m_n1_max_v = 3.3659630778e+00
m_n1_min_v = -4.443856656e-02
m_n2_max_v = 3.3519978216e+00
m_n2_min_v = -3.484235012e-02
m_n3_max_v = 3.3440262821e+00
m_n3_min_v = -2.648118029e-02
m_n4_max_v = 3.3454144305e+00
m_n4_min_v = -2.659966626e-02
m_n5_max_v = 3.3466863942e+00
m_n5_min_v = -2.755241072e-02
m_uvlo_lockout_at_in_high = 4.0844730000e-07
m_uvlo_vout_at_in_high_v = 3.3000000000e+00
m_uvlo_vdrv_at_in_high_v = 3.3000000000e+00
Note: Simulation executed from .control section 

Note: vimeas: has no value, DC 0 assumed
Warning: singular matrix:  check node anon295

Note: Starting dynamic gmin stepping
Warning: singular matrix:  check node anon293

Warning: Dynamic gmin stepping failed
Note: Starting true gmin stepping
Warning: singular matrix:  check node anon293

Warning: singular matrix:  check node anon293

Warning: singular matrix:  check node anon293

Warning: singular matrix:  check node anon293

Warning: True gmin stepping failed
Note: Starting source stepping
Warning: source stepping failed
Note: Transient op started
Note: Transient op finished successfully
