
Note: No compatibility mode selected!


Circuit: * gate-driver-core-drive-with-uvlo-postlayout @ sf_-40c_vlogic2p97v-vdrv3p30v -- generated by sim/harness, do not edit

Doing analysis at TEMP = -40.000000 and TNOM = 27.000000

Using SPARSE 1.3 as Direct Linear Solver

Initial Transient Solution
--------------------------

Node                                   Voltage
----                                   -------
x1_inb                                    2.97
in                                           0
gnd_logic                                    0
x1_na                                  1.88191
x1_nb                              9.54128e-08
gnd_drv                            4.21335e-08
x2_n3                                      3.3
x2_n4                              2.33289e-08
x2_n5                                      3.3
out                                4.23889e-08
x3_lockout                                 3.3
in_drv                             6.01584e-09
x1_nbuf1                                   3.3
x1_ncb                            -2.74817e-08
x1_nca                                     3.3
vdd_logic                                 2.97
x2_n1                                      3.3
x2_n2                              2.02684e-08
x3_ncompn                          0.000146074
x3_nref                               0.891073
x3_ntail                           7.34758e-05
x3_ncompp                              2.65748
x3_ndiv                                0.60494
x3_uvlo_ok                         2.10792e-06
vdd_drv                                    3.3
anon293                           -1.97236e-08
anon294                           -1.15294e-08
anon295                           -2.93705e-09
anon22                                 3.09926
anon23                                 2.89851
anon26                                 2.69777
anon27                                 2.49702
anon30                                 2.29628
anon31                                 2.09553
anon21                                 1.09182
anon24                                 1.29256
anon25                                  1.4933
anon28                                 1.69405
anon29                                 1.89479
anon32                                 3.13156
anon33                                 2.96312
anon34                                 2.79467
anon35                                 2.62623
anon36                                 2.45779
anon37                                 2.28935
anon38                                 2.12091
anon39                                 1.95247
anon40                                 0.77338
anon42                                0.941821
anon44                                 1.11026
anon45                                  1.2787
anon46                                 1.44714
anon47                                 1.61558
anon48                                 1.78403
anon49                              0.00252107
anon41                                0.403293
anon50                              0.00504003
anon43                                0.201647
anon51                              0.00755899
anon52                                0.010078
anon53                               0.0125969
anon54                               0.0151159
anon55                               0.0176348
anon56                               0.0201538
anon57                               0.0403056
anon59                               0.0377866
anon60                               0.0352676
anon63                               0.0327487
anon65                               0.0302297
anon66                               0.0277107
anon69                               0.0251917
anon71                               0.0226728
anon58                               0.0428246
anon61                               0.0453436
anon62                               0.0478626
anon64                               0.0503816
anon67                               0.0529006
anon68                               0.0554196
anon70                               0.0579386
anon72                               0.0604576
anon73                               0.0806098
anon74                               0.0780907
anon76                               0.0755717
anon78                               0.0730527
anon81                               0.0705336
anon82                               0.0680146
anon84                               0.0654956
anon86                               0.0629766
anon75                               0.0831288
anon77                               0.0856479
anon79                               0.0881669
anon80                                0.090686
anon83                               0.0932051
anon85                               0.0957242
anon87                               0.0982433
anon88                                0.100762
anon89                                0.120915
anon90                                0.118396
anon91                                0.123434
anon93                                0.115877
anon94                                0.125954
anon96                                0.113358
anon97                                0.128473
anon100                               0.110839
anon99                                0.130992
anon102                               0.133511
anon103                                0.10832
anon105                               0.105801
anon106                                0.13603
anon108                               0.103281
anon109                                0.13855
anon111                               0.141069
anon112                               0.161223
anon113                               0.163742
anon92                                0.158704
anon115                               0.166262
anon95                                0.156184
anon117                               0.168781
anon98                                0.153665
anon101                               0.151146
anon119                                 0.1713
anon121                                0.17382
anon104                               0.148627
anon107                               0.146107
anon123                               0.176339
anon110                               0.143588
anon125                               0.178858
anon127                               0.181378
anon128                               0.201533
anon114                               0.199014
anon129                               0.204053
anon116                               0.196494
anon131                               0.206572
anon133                               0.209092
anon118                               0.193975
anon120                               0.191455
anon135                               0.211611
anon137                               0.214131
anon122                               0.188936
anon139                               0.216651
anon124                               0.186417
anon141                                0.21917
anon126                               0.183897
anon143                                0.22169
anon144                               0.241847
anon130                               0.239327
anon145                               0.244367
anon147                               0.246887
anon132                               0.236808
anon134                               0.234288
anon149                               0.249406
anon151                               0.251926
anon136                               0.231768
anon138                               0.229249
anon153                               0.254446
anon155                               0.256966
anon140                               0.226729
anon157                               0.259486
anon142                               0.224209
anon159                               0.262006
anon160                               0.282165
anon146                               0.279645
anon161                               0.284685
anon163                               0.287205
anon148                               0.277125
anon165                               0.289725
anon150                               0.274605
anon152                               0.272085
anon167                               0.292245
anon154                               0.269565
anon169                               0.294765
anon171                               0.297286
anon156                               0.267045
anon158                               0.264525
anon173                               0.299806
anon175                               0.302326
anon176                               0.322488
anon162                               0.319968
anon177                               0.325008
anon164                               0.317447
anon179                               0.327529
anon181                               0.330049
anon166                               0.314927
anon168                               0.312407
anon183                               0.332569
anon170                               0.309886
anon185                                0.33509
anon187                                0.33761
anon172                               0.307366
anon174                               0.304846
anon189                               0.340131
anon191                               0.342651
anon192                               0.362816
anon193                               0.365337
anon178                               0.360295
anon195                               0.367858
anon180                               0.357775
anon182                               0.355254
anon197                               0.370378
anon184                               0.352733
anon199                               0.372899
anon201                                0.37542
anon186                               0.350213
anon188                               0.347692
anon203                               0.377941
anon190                               0.345172
anon205                               0.380462
anon207                               0.382982
anon208                               0.403151
anon209                               0.405672
anon194                               0.400629
anon211                               0.408193
anon196                               0.398108
anon198                               0.395587
anon213                               0.410714
anon215                               0.413235
anon200                               0.393066
anon202                               0.390545
anon217                               0.415756
anon219                               0.418278
anon204                               0.388024
anon221                               0.420799
anon206                               0.385503
anon223                                0.42332
anon224                               0.443492
anon210                                0.44097
anon225                               0.446013
anon227                               0.448535
anon212                               0.438449
anon214                               0.435927
anon229                               0.451057
anon231                               0.453578
anon216                               0.433406
anon218                               0.430884
anon233                                 0.4561
anon235                               0.458622
anon220                               0.428363
anon237                               0.461144
anon222                               0.425842
anon239                               0.463665
anon240                               0.483841
anon241                               0.486363
anon226                               0.481319
anon243                               0.488885
anon228                               0.478797
anon230                               0.476275
anon245                               0.491407
anon247                               0.493929
anon232                               0.473753
anon249                               0.496451
anon234                               0.471231
anon236                               0.468709
anon251                               0.498974
anon253                               0.501496
anon238                               0.466187
anon255                               0.504018
anon256                               0.524198
anon242                               0.521675
anon257                               0.526721
anon244                               0.519153
anon259                               0.529243
anon261                               0.531766
anon246                                0.51663
anon263                               0.534289
anon248                               0.514108
anon265                               0.536811
anon250                               0.511585
anon252                               0.509063
anon267                               0.539334
anon269                               0.541857
anon254                               0.506541
anon271                                0.54438
anon272                               0.564564
anon273                               0.567087
anon258                               0.562041
anon275                                0.56961
anon260                               0.559518
anon262                               0.556995
anon277                               0.572134
anon279                               0.574657
anon264                               0.554472
anon281                                0.57718
anon266                               0.551949
anon268                               0.549426
anon283                               0.579704
anon285                               0.582227
anon270                               0.546903
anon287                               0.584751
anon274                               0.602416
anon276                               0.599892
anon278                               0.597369
anon280                               0.594845
anon282                               0.592321
anon284                               0.589798
anon286                               0.587274
outcap                             4.23889e-08
vimeas#branch                      2.93972e-05
vin#branch                        -2.57948e-08
vgnd_logic#branch                  4.20108e-05
vsup_drv#branch                   -4.18224e-05
vsup_logic#branch                 -1.88524e-07

 Reference value :  3.75894e-08
 Reference value :  1.35589e-07
 Reference value :  2.51889e-07
 Reference value :  3.44512e-07
 Reference value :  4.61112e-07
 Reference value :  5.80512e-07
 Reference value :  6.98112e-07
No. of Data Rows : 7191
trise10_90          =  1.09570e-09 targ=  2.38690e-08 trig=  2.27733e-08
tfall10_90          =  6.58709e-10 targ=  3.23653e-07 trig=  3.22994e-07
tpdlh               =  2.54198e-09 targ=  2.30420e-08 trig=  2.05000e-08
tpdhl               =  1.70418e-09 targ=  3.23204e-07 trig=  3.21500e-07
lockout_at_in_high  =  3.30000e+00
vout_at_in_high     =  2.43743e-01
vdrv_at_in_high     =  3.30000e+00
m_trise_s = 1.0957000000e-09
m_tfall_s = 6.5870890000e-10
m_tpdlh_s = 2.5419840000e-09
m_tpdhl_s = 1.7041840000e-09
m_ipeak_source_a = 4.0810648186e-01
m_ipeak_sink_a = 5.2644801970e-01
m_vout_max_v = 2.4473942895e-01
m_vout_min_v = -2.217320214e-03
m_vin_max_v = 2.9700000000e+00
m_vin_min_v = 0.0000000000e+00
m_indrv_max_v = 3.3583358634e+00
m_indrv_min_v = -1.687264472e-02
m_n1_max_v = 3.3910441197e+00
m_n1_min_v = -4.619555547e-02
m_n2_max_v = 3.3644140686e+00
m_n2_min_v = -3.267373292e-02
m_n3_max_v = 3.3501305878e+00
m_n3_min_v = -2.617381007e-02
m_n4_max_v = 3.3472674189e+00
m_n4_min_v = -2.785087835e-02
m_n5_max_v = 3.3523434468e+00
m_n5_min_v = -2.898170029e-02
m_uvlo_lockout_at_in_high = 3.2999990000e+00
m_uvlo_vout_at_in_high_v = 2.4374350000e-01
m_uvlo_vdrv_at_in_high_v = 3.3000000000e+00
Note: Simulation executed from .control section 

Note: vimeas: has no value, DC 0 assumed
Warning: singular matrix:  check node anon293

Note: Starting dynamic gmin stepping
Warning: singular matrix:  check node anon294

Warning: Dynamic gmin stepping failed
Note: Starting true gmin stepping
Warning: singular matrix:  check node anon294

Warning: singular matrix:  check node anon294

Warning: singular matrix:  check node anon294

Warning: singular matrix:  check node anon294

Warning: True gmin stepping failed
Note: Starting source stepping
Warning: source stepping failed
Note: Transient op started
Note: Transient op finished successfully
