
Note: No compatibility mode selected!


Circuit: * gate-driver-core-drive-with-uvlo-postlayout @ sf_125c_vlogic3p30v-vdrv4p15v -- generated by sim/harness, do not edit

Doing analysis at TEMP = 125.000000 and TNOM = 27.000000

Using SPARSE 1.3 as Direct Linear Solver

Initial Transient Solution
--------------------------

Node                                   Voltage
----                                   -------
x1_inb                                     3.3
in                                           0
gnd_logic                                    0
x1_na                                  2.36786
x1_nb                             -2.72465e-08
gnd_drv                            5.71572e-08
x2_n3                                     4.15
x2_n4                              5.05443e-08
x2_n5                                     4.15
out                                7.66557e-08
x3_lockout                         9.36855e-08
in_drv                             5.74703e-08
x1_nbuf1                                  4.15
x1_ncb                              5.0819e-08
x1_nca                                    4.15
vdd_logic                                  3.3
x2_n1                                     4.15
x2_n2                              4.78082e-08
x3_ncompn                              4.10557
x3_nref                               0.744129
x3_ntail                             0.0919361
x3_ncompp                              3.45104
x3_ndiv                               0.802572
x3_uvlo_ok                              4.1499
vdd_drv                                   4.15
anon293                            5.12682e-08
anon294                            5.25728e-08
anon295                            5.46632e-08
anon22                                 3.86618
anon23                                 3.58235
anon26                                 3.29853
anon27                                 3.01471
anon30                                 2.73088
anon31                                 2.44706
anon21                                 1.02795
anon24                                 1.31177
anon25                                 1.59559
anon28                                 1.87942
anon29                                 2.16324
anon32                                 3.94078
anon33                                 3.73157
anon34                                 3.52235
anon35                                 3.31314
anon36                                 3.10392
anon37                                 2.89471
anon38                                  2.6855
anon39                                 2.47628
anon40                                 1.01179
anon42                                   1.221
anon44                                 1.43021
anon45                                 1.63943
anon46                                 1.84864
anon47                                 2.05785
anon48                                 2.26707
anon49                                 4.13593
anon41                                0.535048
anon50                                 4.12196
anon43                                0.267524
anon51                                 4.10799
anon52                                 4.09402
anon53                                 4.08005
anon54                                 4.06608
anon55                                 4.05211
anon56                                 4.03814
anon57                                 3.92639
anon59                                 3.94036
anon60                                 3.95433
anon63                                 3.96829
anon65                                 3.98226
anon66                                 3.99623
anon69                                  4.0102
anon71                                 4.02417
anon58                                 3.91243
anon61                                 3.89846
anon62                                 3.88449
anon64                                 3.87053
anon67                                 3.85656
anon68                                 3.84259
anon70                                 3.82863
anon72                                 3.81466
anon73                                 3.70295
anon74                                 3.71691
anon76                                 3.73088
anon78                                 3.74484
anon81                                  3.7588
anon82                                 3.77277
anon84                                 3.78673
anon86                                  3.8007
anon75                                 3.68899
anon77                                 3.67502
anon79                                 3.66106
anon80                                  3.6471
anon83                                 3.63314
anon85                                 3.61918
anon87                                 3.60521
anon88                                 3.59125
anon89                                 3.47957
anon90                                 3.49353
anon91                                 3.46561
anon93                                 3.50749
anon94                                 3.45165
anon96                                 3.52145
anon97                                  3.4377
anon100                                3.53541
anon99                                 3.42374
anon102                                3.40978
anon103                                3.54937
anon105                                3.56333
anon106                                3.39582
anon108                                3.57729
anon109                                3.38186
anon111                                3.36791
anon112                                3.25625
anon113                                 3.2423
anon92                                 3.27021
anon115                                3.22834
anon95                                 3.28416
anon117                                3.21439
anon98                                 3.29812
anon101                                3.31208
anon119                                3.20043
anon121                                3.18648
anon104                                3.32603
anon107                                3.33999
anon123                                3.17252
anon110                                3.35395
anon125                                3.15857
anon127                                3.14461
anon128                                3.03299
anon114                                3.04694
anon129                                3.01904
anon116                                3.06089
anon131                                3.00508
anon133                                2.99113
anon118                                3.07485
anon120                                 3.0888
anon135                                2.97718
anon137                                2.96323
anon122                                3.10275
anon139                                2.94928
anon124                                3.11671
anon141                                2.93533
anon126                                3.13066
anon143                                2.92138
anon144                                2.80978
anon130                                2.82373
anon145                                2.79583
anon147                                2.78188
anon132                                2.83768
anon134                                2.85163
anon149                                2.76793
anon151                                2.75398
anon136                                2.86558
anon138                                2.87953
anon153                                2.74003
anon155                                2.72609
anon140                                2.89348
anon157                                2.71214
anon142                                2.90743
anon159                                2.69819
anon160                                2.58661
anon146                                2.60056
anon161                                2.57267
anon163                                2.55872
anon148                                2.61451
anon165                                2.54478
anon150                                2.62845
anon152                                 2.6424
anon167                                2.53083
anon154                                2.65635
anon169                                2.51688
anon171                                2.50294
anon156                                2.67029
anon158                                2.68424
anon173                                2.48899
anon175                                2.47505
anon176                                2.36349
anon162                                2.37744
anon177                                2.34955
anon164                                2.39138
anon179                                2.33561
anon181                                2.32166
anon166                                2.40533
anon168                                2.41927
anon183                                2.30772
anon170                                2.43321
anon185                                2.29378
anon187                                2.27983
anon172                                2.44716
anon174                                 2.4611
anon189                                2.26589
anon191                                2.25195
anon192                                2.14041
anon193                                2.12647
anon178                                2.15436
anon195                                2.11253
anon180                                 2.1683
anon182                                2.18224
anon197                                2.09859
anon184                                2.19618
anon199                                2.08465
anon201                                2.07071
anon186                                2.21012
anon188                                2.22406
anon203                                2.05677
anon190                                2.23801
anon205                                2.04283
anon207                                2.02889
anon208                                1.91737
anon209                                1.90343
anon194                                1.93131
anon211                                1.88949
anon196                                1.94525
anon198                                1.95919
anon213                                1.87555
anon215                                1.86162
anon200                                1.97313
anon202                                1.98707
anon217                                1.84768
anon219                                1.83374
anon204                                2.00101
anon221                                 1.8198
anon206                                2.01495
anon223                                1.80586
anon224                                1.69436
anon210                                 1.7083
anon225                                1.68042
anon227                                1.66649
anon212                                1.72224
anon214                                1.73617
anon229                                1.65255
anon231                                1.63861
anon216                                1.75011
anon218                                1.76405
anon233                                1.62468
anon235                                1.61074
anon220                                1.77799
anon237                                 1.5968
anon222                                1.79192
anon239                                1.58287
anon240                                1.47138
anon241                                1.45744
anon226                                1.48532
anon243                                1.44351
anon228                                1.49925
anon230                                1.51319
anon245                                1.42957
anon247                                1.41564
anon232                                1.52712
anon249                                 1.4017
anon234                                1.54106
anon236                                1.55499
anon251                                1.38777
anon253                                1.37383
anon238                                1.56893
anon255                                 1.3599
anon256                                1.24842
anon242                                1.26236
anon257                                1.23449
anon244                                1.27629
anon259                                1.22056
anon261                                1.20662
anon246                                1.29023
anon263                                1.19269
anon248                                1.30416
anon265                                1.17875
anon250                                 1.3181
anon252                                1.33203
anon267                                1.16482
anon269                                1.15089
anon254                                1.34596
anon271                                1.13695
anon272                                1.02549
anon273                                1.01156
anon258                                1.03942
anon275                               0.997624
anon260                                1.05336
anon262                                1.06729
anon277                               0.983691
anon279                               0.969758
anon264                                1.08122
anon281                               0.955826
anon266                                1.09515
anon268                                1.10909
anon283                               0.941893
anon285                               0.927961
anon270                                1.12302
anon287                               0.914029
anon274                               0.816504
anon276                               0.830436
anon278                               0.844368
anon280                                 0.8583
anon282                               0.872232
anon284                               0.886164
anon286                               0.900096
outcap                             7.66557e-08
vimeas#branch                      2.61157e-05
vin#branch                        -2.63595e-08
vgnd_logic#branch                  5.70123e-05
vsup_drv#branch                   -5.67366e-05
vsup_logic#branch                 -2.76438e-07

 Reference value :  8.18647e-08
 Reference value :  2.73165e-07
 Reference value :  4.44228e-07
 Reference value :  6.19628e-07
No. of Data Rows : 7174
trise10_90          =  6.36531e-09 targ=  3.00440e-08 trig=  2.36787e-08
tfall10_90          =  7.51060e-09 targ=  3.31686e-07 trig=  3.24175e-07
tpdlh               =  5.56065e-09 targ=  2.60607e-08 trig=  2.05000e-08
tpdhl               =  5.86544e-09 targ=  3.27365e-07 trig=  3.21500e-07
lockout_at_in_high  =  -2.71304e-07
vout_at_in_high     =  4.15000e+00
vdrv_at_in_high     =  4.15000e+00
m_trise_s = 6.3653090000e-09
m_tfall_s = 7.5106030000e-09
m_tpdlh_s = 5.5606520000e-09
m_tpdhl_s = 5.8654390000e-09
m_ipeak_source_a = 7.2962291270e-01
m_ipeak_sink_a = 5.3612583424e-01
m_vout_max_v = 4.1546144763e+00
m_vout_min_v = -2.247209658e-03
m_vin_max_v = 3.3000000000e+00
m_vin_min_v = 0.0000000000e+00
m_indrv_max_v = 4.1626054413e+00
m_indrv_min_v = -1.578407364e-03
m_n1_max_v = 4.2372791756e+00
m_n1_min_v = -4.027963940e-02
m_n2_max_v = 4.2202855369e+00
m_n2_min_v = -3.316879470e-02
m_n3_max_v = 4.1998554171e+00
m_n3_min_v = -2.588989523e-02
m_n4_max_v = 4.2000301999e+00
m_n4_min_v = -2.591247883e-02
m_n5_max_v = 4.2012534155e+00
m_n5_min_v = -2.593529515e-02
m_uvlo_lockout_at_in_high = -2.713040000e-07
m_uvlo_vout_at_in_high_v = 4.1500000000e+00
m_uvlo_vdrv_at_in_high_v = 4.1500000000e+00
Note: Simulation executed from .control section 

Note: vimeas: has no value, DC 0 assumed
Warning: singular matrix:  check node anon295

Note: Starting dynamic gmin stepping
Warning: singular matrix:  check node anon293

Warning: Dynamic gmin stepping failed
Note: Starting true gmin stepping
Warning: singular matrix:  check node anon293

Warning: singular matrix:  check node anon293

Warning: singular matrix:  check node anon293

Warning: singular matrix:  check node anon293

Warning: True gmin stepping failed
Note: Starting source stepping
Warning: source stepping failed
Note: Transient op started
Note: Transient op finished successfully
