
Note: No compatibility mode selected!


Circuit: * gate-driver-core-drive-with-uvlo-postlayout @ ss_-40c_vlogic3p30v-vdrv4p15v -- generated by sim/harness, do not edit

Doing analysis at TEMP = -40.000000 and TNOM = 27.000000

Using SPARSE 1.3 as Direct Linear Solver

Initial Transient Solution
--------------------------

Node                                   Voltage
----                                   -------
x1_inb                                     3.3
in                                           0
gnd_logic                                    0
x1_na                                  2.13099
x1_nb                              1.23506e-07
gnd_drv                            5.83919e-08
x2_n3                                     4.15
x2_n4                              3.11923e-08
x2_n5                                     4.15
out                                6.03159e-08
x3_lockout                                4.15
in_drv                                1.04e-08
x1_nbuf1                                  4.15
x1_ncb                            -3.41287e-08
x1_nca                                    4.15
vdd_logic                                  3.3
x2_n1                                     4.15
x2_n2                              2.70495e-08
x3_ncompn                           0.00411511
x3_nref                                0.93867
x3_ntail                            0.00220475
x3_ncompp                              3.16571
x3_ndiv                               0.760763
x3_uvlo_ok                          1.1334e-05
vdd_drv                                   4.15
anon293                           -2.37042e-08
anon294                           -1.27755e-08
anon295                           -1.39127e-09
anon22                                 3.88239
anon23                                 3.61478
anon26                                 3.34717
anon27                                 3.07955
anon30                                 2.81194
anon31                                 2.54433
anon21                                 1.20628
anon24                                 1.47389
anon25                                  1.7415
anon28                                 2.00911
anon29                                 2.27672
anon32                                 3.93817
anon33                                 3.72634
anon34                                 3.51452
anon35                                 3.30269
anon36                                 3.09086
anon37                                 2.87903
anon38                                  2.6672
anon39                                 2.45538
anon40                                0.972589
anon42                                 1.18442
anon44                                 1.39624
anon45                                 1.60807
anon46                                  1.8199
anon47                                 2.03172
anon48                                 2.24355
anon49                               0.0031791
anon41                                0.507175
anon50                              0.00634688
anon43                                0.253588
anon51                              0.00951465
anon52                               0.0126824
anon53                               0.0158502
anon54                                0.019018
anon55                               0.0221857
anon56                               0.0253535
anon57                               0.0506958
anon59                                0.047528
anon60                               0.0443602
anon63                               0.0411924
anon65                               0.0380246
anon66                               0.0348569
anon69                               0.0316891
anon71                               0.0285213
anon58                               0.0538636
anon61                               0.0570314
anon62                               0.0601992
anon64                                0.063367
anon67                               0.0665348
anon68                               0.0697027
anon70                               0.0728705
anon72                               0.0760383
anon73                                0.101381
anon74                               0.0982133
anon76                               0.0950454
anon78                               0.0918775
anon81                               0.0887097
anon82                               0.0855418
anon84                                0.082374
anon86                               0.0792062
anon75                                0.104549
anon77                                0.107717
anon79                                0.110885
anon80                                0.114053
anon83                                0.117221
anon85                                0.120389
anon87                                0.123556
anon88                                0.126724
anon89                                0.152068
anon90                                  0.1489
anon91                                0.155236
anon93                                0.145732
anon94                                0.158404
anon96                                0.142564
anon97                                0.161572
anon100                               0.139396
anon99                                 0.16474
anon102                               0.167908
anon103                               0.136228
anon105                                0.13306
anon106                               0.171076
anon108                               0.129892
anon109                               0.174245
anon111                               0.177413
anon112                               0.202758
anon113                               0.205926
anon92                                 0.19959
anon115                               0.209094
anon95                                0.196422
anon117                               0.212263
anon98                                0.193253
anon101                               0.190085
anon119                               0.215431
anon121                               0.218599
anon104                               0.186917
anon107                               0.183749
anon123                               0.221767
anon110                               0.180581
anon125                               0.224936
anon127                               0.228104
anon128                               0.253451
anon114                               0.250283
anon129                               0.256619
anon116                               0.247114
anon131                               0.259788
anon133                               0.262956
anon118                               0.243946
anon120                               0.240777
anon135                               0.266125
anon137                               0.269293
anon122                               0.237609
anon139                               0.272462
anon124                               0.234441
anon141                               0.275631
anon126                               0.231272
anon143                               0.278799
anon144                               0.304148
anon130                                0.30098
anon145                               0.307317
anon147                               0.310486
anon132                               0.297811
anon134                               0.294642
anon149                               0.313655
anon151                               0.316824
anon136                               0.291474
anon138                               0.288305
anon153                               0.319992
anon155                               0.323161
anon140                               0.285136
anon157                                0.32633
anon142                               0.281968
anon159                               0.329499
anon160                               0.354851
anon146                               0.351682
anon161                                0.35802
anon163                               0.361189
anon148                               0.348513
anon165                               0.364358
anon150                               0.345344
anon152                               0.342175
anon167                               0.367528
anon154                               0.339006
anon169                               0.370697
anon171                               0.373866
anon156                               0.335837
anon158                               0.332668
anon173                               0.377035
anon175                               0.380205
anon176                                0.40556
anon162                                0.40239
anon177                               0.408729
anon164                               0.399221
anon179                               0.411899
anon181                               0.415068
anon166                               0.396051
anon168                               0.392882
anon183                               0.418238
anon170                               0.389713
anon185                               0.421408
anon187                               0.424577
anon172                               0.386543
anon174                               0.383374
anon189                               0.427747
anon191                               0.430917
anon192                               0.456275
anon193                               0.459445
anon178                               0.453105
anon195                               0.462615
anon180                               0.449936
anon182                               0.446766
anon197                               0.465785
anon184                               0.443596
anon199                               0.468956
anon201                               0.472126
anon186                               0.440426
anon188                               0.437256
anon203                               0.475296
anon190                               0.434086
anon205                               0.478466
anon207                               0.481636
anon208                               0.506999
anon209                               0.510169
anon194                               0.503828
anon211                                0.51334
anon196                               0.500658
anon198                               0.497488
anon213                                0.51651
anon215                               0.519681
anon200                               0.494317
anon202                               0.491147
anon217                               0.522852
anon219                               0.526022
anon204                               0.487977
anon221                               0.529193
anon206                               0.484806
anon223                               0.532364
anon224                               0.557731
anon210                                0.55456
anon225                               0.560902
anon227                               0.564073
anon212                               0.551389
anon214                               0.548218
anon229                               0.567244
anon231                               0.570415
anon216                               0.545047
anon218                               0.541876
anon233                               0.573587
anon235                               0.576758
anon220                               0.538705
anon237                               0.579929
anon222                               0.535534
anon239                                 0.5831
anon240                               0.608472
anon241                               0.611644
anon226                               0.605301
anon243                               0.614816
anon228                               0.602129
anon230                               0.598958
anon245                               0.617988
anon247                               0.621159
anon232                               0.595786
anon249                               0.624331
anon234                               0.592615
anon236                               0.589443
anon251                               0.627503
anon253                               0.630675
anon238                               0.586272
anon255                               0.633847
anon256                               0.659224
anon242                               0.656052
anon257                               0.662397
anon244                                0.65288
anon259                               0.665569
anon261                               0.668742
anon246                               0.649708
anon263                               0.671914
anon248                               0.646535
anon265                               0.675087
anon250                               0.643363
anon252                               0.640191
anon267                               0.678259
anon269                               0.681432
anon254                               0.637019
anon271                               0.684605
anon272                               0.709988
anon273                               0.713161
anon258                               0.706815
anon275                               0.716334
anon260                               0.703642
anon262                               0.700469
anon277                               0.719507
anon279                                0.72268
anon264                               0.697296
anon281                               0.725854
anon266                               0.694123
anon268                                0.69095
anon283                               0.729027
anon285                                 0.7322
anon270                               0.687777
anon287                               0.735374
anon274                               0.757589
anon276                               0.754415
anon278                               0.751242
anon280                               0.748068
anon282                               0.744894
anon284                               0.741721
anon286                               0.738547
outcap                             6.03159e-08
vimeas#branch                      6.01919e-05
vin#branch                        -3.35263e-08
vgnd_logic#branch                  5.82363e-05
vsup_drv#branch                   -5.79793e-05
vsup_logic#branch                 -2.57206e-07

 Reference value :  2.99569e-08
 Reference value :  1.40257e-07
 Reference value :  2.56157e-07
 Reference value :  3.54740e-07
 Reference value :  4.72240e-07
 Reference value :  5.90440e-07
No. of Data Rows : 7211
trise10_90          =  8.42413e-10 targ=  2.36944e-08 trig=  2.28520e-08
tfall10_90          =  5.86236e-10 targ=  3.23714e-07 trig=  3.23127e-07
tpdlh               =  2.57962e-09 targ=  2.30796e-08 trig=  2.05000e-08
tpdhl               =  1.82161e-09 targ=  3.23322e-07 trig=  3.21500e-07
lockout_at_in_high  =  4.15000e+00
vout_at_in_high     =  2.17482e-01
vdrv_at_in_high     =  4.15000e+00
m_trise_s = 8.4241350000e-10
m_tfall_s = 5.8623560000e-10
m_tpdlh_s = 2.5796200000e-09
m_tpdhl_s = 1.8216070000e-09
m_ipeak_source_a = 4.2819536706e-01
m_ipeak_sink_a = 5.1331133678e-01
m_vout_max_v = 2.1851452640e-01
m_vout_min_v = -2.770250075e-03
m_vin_max_v = 3.3000000000e+00
m_vin_min_v = 0.0000000000e+00
m_indrv_max_v = 4.2109526091e+00
m_indrv_min_v = -1.735379892e-02
m_n1_max_v = 4.2504834832e+00
m_n1_min_v = -5.393828748e-02
m_n2_max_v = 4.2206089890e+00
m_n2_min_v = -3.791870173e-02
m_n3_max_v = 4.2082602672e+00
m_n3_min_v = -2.942080225e-02
m_n4_max_v = 4.2086844012e+00
m_n4_min_v = -3.057147036e-02
m_n5_max_v = 4.2096745233e+00
m_n5_min_v = -3.195778898e-02
m_uvlo_lockout_at_in_high = 4.1500000000e+00
m_uvlo_vout_at_in_high_v = 2.1748160000e-01
m_uvlo_vdrv_at_in_high_v = 4.1500000000e+00
Note: Simulation executed from .control section 

Note: vimeas: has no value, DC 0 assumed
Warning: singular matrix:  check node anon293

Note: Starting dynamic gmin stepping
Warning: singular matrix:  check node anon293

Warning: Dynamic gmin stepping failed
Note: Starting true gmin stepping
Warning: singular matrix:  check node anon293

Warning: singular matrix:  check node anon293

Warning: singular matrix:  check node anon293

Warning: singular matrix:  check node anon293

Warning: True gmin stepping failed
Note: Starting source stepping
Warning: source stepping failed
Note: Transient op started
Note: Transient op finished successfully
