
Note: No compatibility mode selected!


Circuit: * gate-driver-core-drive-with-uvlo-postlayout @ ss_-40c_vlogic2p97v-vdrv3p30v -- generated by sim/harness, do not edit

Doing analysis at TEMP = -40.000000 and TNOM = 27.000000

Using SPARSE 1.3 as Direct Linear Solver

Initial Transient Solution
--------------------------

Node                                   Voltage
----                                   -------
x1_inb                                    2.97
in                                           0
gnd_logic                                    0
x1_na                                  1.85033
x1_nb                                7.799e-08
gnd_drv                            4.39661e-08
x2_n3                                      3.3
x2_n4                              2.35851e-08
x2_n5                                      3.3
out                                4.44039e-08
x3_lockout                                 3.3
in_drv                             1.04511e-08
x1_nbuf1                                   3.3
x1_ncb                             -1.6275e-08
x1_nca                                     3.3
vdd_logic                                 2.97
x2_n1                                      3.3
x2_n2                              2.04875e-08
x3_ncompn                          3.57796e-05
x3_nref                               0.924054
x3_ntail                           1.68324e-05
x3_ncompp                              2.48313
x3_ndiv                               0.604939
x3_uvlo_ok                         8.40499e-06
vdd_drv                                    3.3
anon293                           -1.02517e-08
anon294                           -3.76492e-09
anon295                            3.14831e-09
anon22                                   3.102
anon23                                 2.90401
anon26                                 2.70601
anon27                                 2.50802
anon30                                 2.31002
anon31                                 2.11202
anon21                                 1.12205
anon24                                 1.32004
anon25                                 1.51804
anon28                                 1.71603
anon29                                 1.91403
anon32                                 3.13156
anon33                                 2.96312
anon34                                 2.79467
anon35                                 2.62623
anon36                                 2.45779
anon37                                 2.28935
anon38                                 2.12091
anon39                                 1.95247
anon40                                 0.77338
anon42                                0.941821
anon44                                 1.11026
anon45                                  1.2787
anon46                                 1.44714
anon47                                 1.61558
anon48                                 1.78403
anon49                              0.00252734
anon41                                0.403293
anon50                              0.00504627
anon43                                0.201646
anon51                              0.00756521
anon52                               0.0100841
anon53                               0.0126031
anon54                                0.015122
anon55                               0.0176409
anon56                               0.0201599
anon57                               0.0403115
anon59                               0.0377925
anon60                               0.0352736
anon63                               0.0327546
anon65                               0.0302357
anon66                               0.0277167
anon69                               0.0251978
anon71                               0.0226788
anon58                               0.0428304
anon61                               0.0453494
anon62                               0.0478683
anon64                               0.0503873
anon67                               0.0529063
anon68                               0.0554252
anon70                               0.0579442
anon72                               0.0604632
anon73                               0.0806152
anon74                               0.0780962
anon76                               0.0755772
anon78                               0.0730582
anon81                               0.0705392
anon82                               0.0680202
anon84                               0.0655012
anon86                               0.0629822
anon75                               0.0831342
anon77                               0.0856532
anon79                               0.0881723
anon80                               0.0906913
anon83                               0.0932104
anon85                               0.0957294
anon87                               0.0982485
anon88                                0.100768
anon89                                 0.12092
anon90                                0.118401
anon91                                0.123439
anon93                                0.115882
anon94                                0.125959
anon96                                0.113363
anon97                                0.128478
anon100                               0.110844
anon99                                0.130997
anon102                               0.133516
anon103                               0.108325
anon105                               0.105806
anon106                               0.136035
anon108                               0.103287
anon109                               0.138554
anon111                               0.141074
anon112                               0.161227
anon113                               0.163747
anon92                                0.158708
anon115                               0.166266
anon95                                0.156189
anon117                               0.168785
anon98                                 0.15367
anon101                                0.15115
anon119                               0.171305
anon121                               0.173824
anon104                               0.148631
anon107                               0.146112
anon123                               0.176343
anon110                               0.143593
anon125                               0.178863
anon127                               0.181382
anon128                               0.201537
anon114                               0.199018
anon129                               0.204057
anon116                               0.196498
anon131                               0.206576
anon133                               0.209096
anon118                               0.193979
anon120                                0.19146
anon135                               0.211615
anon137                               0.214135
anon122                                0.18894
anon139                               0.216654
anon124                               0.186421
anon141                               0.219174
anon126                               0.183901
anon143                               0.221694
anon144                               0.241851
anon130                               0.239331
anon145                                0.24437
anon147                                0.24689
anon132                               0.236811
anon134                               0.234292
anon149                                0.24941
anon151                                0.25193
anon136                               0.231772
anon138                               0.229252
anon153                                0.25445
anon155                               0.256969
anon140                               0.226733
anon157                               0.259489
anon142                               0.224213
anon159                               0.262009
anon160                               0.282168
anon146                               0.279648
anon161                               0.284688
anon163                               0.287208
anon148                               0.277128
anon165                               0.289728
anon150                               0.274608
anon152                               0.272088
anon167                               0.292248
anon154                               0.269569
anon169                               0.294768
anon171                               0.297289
anon156                               0.267049
anon158                               0.264529
anon173                               0.299809
anon175                               0.302329
anon176                               0.322491
anon162                                0.31997
anon177                               0.325011
anon164                                0.31745
anon179                               0.327531
anon181                               0.330052
anon166                                0.31493
anon168                                0.31241
anon183                               0.332572
anon170                               0.309889
anon185                               0.335092
anon187                               0.337613
anon172                               0.307369
anon174                               0.304849
anon189                               0.340133
anon191                               0.342654
anon192                               0.362818
anon193                               0.365339
anon178                               0.360298
anon195                                0.36786
anon180                               0.357777
anon182                               0.355256
anon197                               0.370381
anon184                               0.352736
anon199                               0.372901
anon201                               0.375422
anon186                               0.350215
anon188                               0.347695
anon203                               0.377943
anon190                               0.345174
anon205                               0.380464
anon207                               0.382985
anon208                               0.403152
anon209                               0.405674
anon194                               0.400631
anon211                               0.408195
anon196                                0.39811
anon198                               0.395589
anon213                               0.410716
anon215                               0.413237
anon200                               0.393068
anon202                               0.390547
anon217                               0.415758
anon219                               0.418279
anon204                               0.388026
anon221                               0.420801
anon206                               0.385505
anon223                               0.423322
anon224                               0.443493
anon210                               0.440972
anon225                               0.446015
anon227                               0.448536
anon212                                0.43845
anon214                               0.435929
anon229                               0.451058
anon231                                0.45358
anon216                               0.433407
anon218                               0.430886
anon233                               0.456101
anon235                               0.458623
anon220                               0.428365
anon237                               0.461145
anon222                               0.425843
anon239                               0.463667
anon240                               0.483842
anon241                               0.486364
anon226                                0.48132
anon243                               0.488886
anon228                               0.478798
anon230                               0.476276
anon245                               0.491408
anon247                                0.49393
anon232                               0.473754
anon249                               0.496452
anon234                               0.471232
anon236                                0.46871
anon251                               0.498975
anon253                               0.501497
anon238                               0.466188
anon255                               0.504019
anon256                               0.524198
anon242                               0.521676
anon257                               0.526721
anon244                               0.519153
anon259                               0.529244
anon261                               0.531766
anon246                               0.516631
anon263                               0.534289
anon248                               0.514108
anon265                               0.536812
anon250                               0.511586
anon252                               0.509064
anon267                               0.539335
anon269                               0.541857
anon254                               0.506541
anon271                                0.54438
anon272                               0.564564
anon273                               0.567087
anon258                               0.562041
anon275                               0.569611
anon260                               0.559518
anon262                               0.556995
anon277                               0.572134
anon279                               0.574657
anon264                               0.554472
anon281                                0.57718
anon266                               0.551949
anon268                               0.549426
anon283                               0.579704
anon285                               0.582227
anon270                               0.546903
anon287                               0.584751
anon274                               0.602416
anon276                               0.599892
anon278                               0.597368
anon280                               0.594845
anon282                               0.592321
anon284                               0.589798
anon286                               0.587274
outcap                             4.44039e-08
vimeas#branch                      8.12614e-06
vin#branch                        -2.56893e-08
vgnd_logic#branch                  4.38464e-05
vsup_drv#branch                    -4.3637e-05
vsup_logic#branch                 -2.09549e-07

 Reference value :  3.33969e-08
 Reference value :  1.41097e-07
 Reference value :  2.59097e-07
 Reference value :  3.54936e-07
 Reference value :  4.76436e-07
 Reference value :  5.94636e-07
No. of Data Rows : 7189
trise10_90          =  1.02566e-09 targ=  2.45480e-08 trig=  2.35223e-08
tfall10_90          =  7.31258e-10 targ=  3.24248e-07 trig=  3.23517e-07
tpdlh               =  3.29251e-09 targ=  2.37925e-08 trig=  2.05000e-08
tpdhl               =  2.25428e-09 targ=  3.23754e-07 trig=  3.21500e-07
lockout_at_in_high  =  3.30000e+00
vout_at_in_high     =  1.61955e-01
vdrv_at_in_high     =  3.30000e+00
m_trise_s = 1.0256600000e-09
m_tfall_s = 7.3125840000e-10
m_tpdlh_s = 3.2925110000e-09
m_tpdhl_s = 2.2542780000e-09
m_ipeak_source_a = 2.7056252668e-01
m_ipeak_sink_a = 3.1041780380e-01
m_vout_max_v = 1.6314417977e-01
m_vout_min_v = -2.689729898e-03
m_vin_max_v = 2.9700000000e+00
m_vin_min_v = 0.0000000000e+00
m_indrv_max_v = 3.3693301644e+00
m_indrv_min_v = -2.094673263e-02
m_n1_max_v = 3.3944159221e+00
m_n1_min_v = -5.271059387e-02
m_n2_max_v = 3.3635696127e+00
m_n2_min_v = -3.664479114e-02
m_n3_max_v = 3.3526493953e+00
m_n3_min_v = -2.902680240e-02
m_n4_max_v = 3.3554747731e+00
m_n4_min_v = -3.101446081e-02
m_n5_max_v = 3.3582493651e+00
m_n5_min_v = -3.240641294e-02
m_uvlo_lockout_at_in_high = 3.2999960000e+00
m_uvlo_vout_at_in_high_v = 1.6195490000e-01
m_uvlo_vdrv_at_in_high_v = 3.3000000000e+00
Note: Simulation executed from .control section 

Note: vimeas: has no value, DC 0 assumed
Warning: singular matrix:  check node anon293

Note: Starting dynamic gmin stepping
Warning: singular matrix:  check node anon294

Warning: Dynamic gmin stepping failed
Note: Starting true gmin stepping
Warning: singular matrix:  check node anon294

Warning: singular matrix:  check node anon294

Warning: singular matrix:  check node anon294

Warning: singular matrix:  check node anon294

Warning: True gmin stepping failed
Note: Starting source stepping
Warning: source stepping failed
Note: Transient op started
Note: Transient op finished successfully
