
Note: No compatibility mode selected!


Circuit: * gate-driver-core-drive-with-uvlo-postlayout @ ss_125c_vlogic3p30v-vdrv4p15v -- generated by sim/harness, do not edit

Doing analysis at TEMP = 125.000000 and TNOM = 27.000000

Using SPARSE 1.3 as Direct Linear Solver

Initial Transient Solution
--------------------------

Node                                   Voltage
----                                   -------
x1_inb                                     3.3
in                                           0
gnd_logic                                    0
x1_na                                  2.34901
x1_nb                              6.21475e-08
gnd_drv                           -2.94288e-08
x2_n3                                     4.15
x2_n4                              1.28712e-09
x2_n5                                     4.15
out                               -2.42569e-08
x3_lockout                        -2.29831e-08
in_drv                            -2.43469e-08
x1_nbuf1                                  4.15
x1_ncb                             -6.4127e-08
x1_nca                                    4.15
vdd_logic                                  3.3
x2_n1                                     4.15
x2_n2                              2.70392e-09
x3_ncompn                               4.0459
x3_nref                               0.777352
x3_ntail                             0.0765522
x3_ncompp                              3.22736
x3_ndiv                               0.802572
x3_uvlo_ok                             4.14986
vdd_drv                                   4.15
anon293                           -5.54861e-08
anon294                           -4.59296e-08
anon295                           -3.55269e-08
anon22                                 3.86894
anon23                                 3.58789
anon26                                 3.30684
anon27                                 3.02578
anon30                                 2.74473
anon31                                 2.46367
anon21                                 1.05841
anon24                                 1.33946
anon25                                 1.62051
anon28                                 1.90157
anon29                                 2.18262
anon32                                 3.94078
anon33                                 3.73157
anon34                                 3.52235
anon35                                 3.31314
anon36                                 3.10392
anon37                                 2.89471
anon38                                  2.6855
anon39                                 2.47628
anon40                                 1.01179
anon42                                   1.221
anon44                                 1.43021
anon45                                 1.63943
anon46                                 1.84864
anon47                                 2.05785
anon48                                 2.26707
anon49                                 4.13589
anon41                                0.535048
anon50                                 4.12192
anon43                                0.267524
anon51                                 4.10795
anon52                                 4.09398
anon53                                 4.08001
anon54                                 4.06604
anon55                                 4.05207
anon56                                  4.0381
anon57                                 3.92636
anon59                                 3.94032
anon60                                 3.95429
anon63                                 3.96826
anon65                                 3.98223
anon66                                  3.9962
anon69                                 4.01016
anon71                                 4.02413
anon58                                 3.91239
anon61                                 3.89842
anon62                                 3.88446
anon64                                 3.87049
anon67                                 3.85653
anon68                                 3.84256
anon70                                 3.82859
anon72                                 3.81463
anon73                                 3.70292
anon74                                 3.71688
anon76                                 3.73084
anon78                                 3.74481
anon81                                 3.75877
anon82                                 3.77274
anon84                                  3.7867
anon86                                 3.80066
anon75                                 3.68896
anon77                                 3.67499
anon79                                 3.66103
anon80                                 3.64707
anon83                                 3.63311
anon85                                 3.61914
anon87                                 3.60518
anon88                                 3.59122
anon89                                 3.47954
anon90                                  3.4935
anon91                                 3.46558
anon93                                 3.50746
anon94                                 3.45162
anon96                                 3.52142
anon97                                 3.43767
anon100                                3.53538
anon99                                 3.42371
anon102                                3.40975
anon103                                3.54934
anon105                                 3.5633
anon106                                3.39579
anon108                                3.57726
anon109                                3.38183
anon111                                3.36788
anon112                                3.25623
anon113                                3.24227
anon92                                 3.27018
anon115                                3.22831
anon95                                 3.28414
anon117                                3.21436
anon98                                 3.29809
anon101                                3.31205
anon119                                3.20041
anon121                                3.18645
anon104                                3.32601
anon107                                3.33996
anon123                                 3.1725
anon110                                3.35392
anon125                                3.15854
anon127                                3.14459
anon128                                3.03296
anon114                                3.04692
anon129                                3.01901
anon116                                3.06087
anon131                                3.00506
anon133                                2.99111
anon118                                3.07482
anon120                                3.08877
anon135                                2.97716
anon137                                2.96321
anon122                                3.10273
anon139                                2.94925
anon124                                3.11668
anon141                                 2.9353
anon126                                3.13063
anon143                                2.92135
anon144                                2.80975
anon130                                 2.8237
anon145                                2.79581
anon147                                2.78186
anon132                                2.83765
anon134                                 2.8516
anon149                                2.76791
anon151                                2.75396
anon136                                2.86555
anon138                                 2.8795
anon153                                2.74001
anon155                                2.72606
anon140                                2.89345
anon157                                2.71212
anon142                                 2.9074
anon159                                2.69817
anon160                                2.58659
anon146                                2.60054
anon161                                2.57265
anon163                                 2.5587
anon148                                2.61449
anon165                                2.54476
anon150                                2.62843
anon152                                2.64238
anon167                                2.53081
anon154                                2.65633
anon169                                2.51686
anon171                                2.50292
anon156                                2.67027
anon158                                2.68422
anon173                                2.48897
anon175                                2.47503
anon176                                2.36348
anon162                                2.37742
anon177                                2.34953
anon164                                2.39136
anon179                                2.33559
anon181                                2.32165
anon166                                2.40531
anon168                                2.41925
anon183                                 2.3077
anon170                                 2.4332
anon185                                2.29376
anon187                                2.27982
anon172                                2.44714
anon174                                2.46108
anon189                                2.26588
anon191                                2.25193
anon192                                 2.1404
anon193                                2.12646
anon178                                2.15434
anon195                                2.11252
anon180                                2.16828
anon182                                2.18222
anon197                                2.09858
anon184                                2.19616
anon199                                2.08464
anon201                                 2.0707
anon186                                2.21011
anon188                                2.22405
anon203                                2.05676
anon190                                2.23799
anon205                                2.04281
anon207                                2.02887
anon208                                1.91736
anon209                                1.90342
anon194                                 1.9313
anon211                                1.88948
anon196                                1.94524
anon198                                1.95918
anon213                                1.87554
anon215                                 1.8616
anon200                                1.97312
anon202                                1.98706
anon217                                1.84767
anon219                                1.83373
anon204                                  2.001
anon221                                1.81979
anon206                                2.01493
anon223                                1.80585
anon224                                1.69435
anon210                                1.70829
anon225                                1.68041
anon227                                1.66648
anon212                                1.72223
anon214                                1.73616
anon229                                1.65254
anon231                                 1.6386
anon216                                 1.7501
anon218                                1.76404
anon233                                1.62467
anon235                                1.61073
anon220                                1.77798
anon237                                1.59679
anon222                                1.79191
anon239                                1.58286
anon240                                1.47137
anon241                                1.45744
anon226                                1.48531
anon243                                 1.4435
anon228                                1.49924
anon230                                1.51318
anon245                                1.42957
anon247                                1.41563
anon232                                1.52711
anon249                                 1.4017
anon234                                1.54105
anon236                                1.55499
anon251                                1.38776
anon253                                1.37383
anon238                                1.56892
anon255                                1.35989
anon256                                1.24842
anon242                                1.26235
anon257                                1.23449
anon244                                1.27629
anon259                                1.22055
anon261                                1.20662
anon246                                1.29022
anon263                                1.19268
anon248                                1.30416
anon265                                1.17875
anon250                                1.31809
anon252                                1.33202
anon267                                1.16482
anon269                                1.15088
anon254                                1.34596
anon271                                1.13695
anon272                                1.02549
anon273                                1.01155
anon258                                1.03942
anon275                               0.997621
anon260                                1.05335
anon262                                1.06728
anon277                               0.983689
anon279                               0.969756
anon264                                1.08122
anon281                               0.955824
anon266                                1.09515
anon268                                1.10908
anon283                               0.941892
anon285                               0.927959
anon270                                1.12302
anon287                               0.914027
anon274                               0.816503
anon276                               0.830435
anon278                               0.844367
anon280                               0.858299
anon282                               0.872231
anon284                               0.886163
anon286                               0.900095
outcap                            -2.42569e-08
vimeas#branch                     -2.65974e-05
vin#branch                           2.527e-08
vgnd_logic#branch                 -2.92874e-05
vsup_drv#branch                    2.89787e-05
vsup_logic#branch                  3.08069e-07

 Reference value :  4.02148e-08
 Reference value :  1.53015e-07
 Reference value :  2.70715e-07
 Reference value :  3.63879e-07
 Reference value :  4.76879e-07
 Reference value :  5.96279e-07
No. of Data Rows : 7170
trise10_90          =  9.07423e-09 targ=  3.38025e-08 trig=  2.47283e-08
tfall10_90          =  7.95850e-09 targ=  3.32823e-07 trig=  3.24864e-07
tpdlh               =  7.70979e-09 targ=  2.82098e-08 trig=  2.05000e-08
tpdhl               =  6.75279e-09 targ=  3.28253e-07 trig=  3.21500e-07
lockout_at_in_high  =  3.16818e-07
vout_at_in_high     =  4.15000e+00
vdrv_at_in_high     =  4.15000e+00
m_trise_s = 9.0742340000e-09
m_tfall_s = 7.9585020000e-09
m_tpdlh_s = 7.7097850000e-09
m_tpdhl_s = 6.7527870000e-09
m_ipeak_source_a = 4.9561951540e-01
m_ipeak_sink_a = 5.0181001312e-01
m_vout_max_v = 4.1548295005e+00
m_vout_min_v = -3.117363915e-03
m_vin_max_v = 3.3000000000e+00
m_vin_min_v = 0.0000000000e+00
m_indrv_max_v = 4.1765984587e+00
m_indrv_min_v = -9.086116622e-03
m_n1_max_v = 4.2409042442e+00
m_n1_min_v = -4.968213817e-02
m_n2_max_v = 4.2189552410e+00
m_n2_min_v = -3.857319263e-02
m_n3_max_v = 4.2053215255e+00
m_n3_min_v = -3.008742992e-02
m_n4_max_v = 4.2055023291e+00
m_n4_min_v = -3.027718040e-02
m_n5_max_v = 4.2067931118e+00
m_n5_min_v = -3.078119605e-02
m_uvlo_lockout_at_in_high = 3.1681780000e-07
m_uvlo_vout_at_in_high_v = 4.1500000000e+00
m_uvlo_vdrv_at_in_high_v = 4.1500000000e+00
Note: Simulation executed from .control section 

Note: vimeas: has no value, DC 0 assumed
Warning: singular matrix:  check node anon295

Note: Starting dynamic gmin stepping
Warning: singular matrix:  check node anon293

Warning: Dynamic gmin stepping failed
Note: Starting true gmin stepping
Warning: singular matrix:  check node anon293

Warning: singular matrix:  check node anon293

Warning: singular matrix:  check node anon293

Warning: singular matrix:  check node anon293

Warning: True gmin stepping failed
Note: Starting source stepping
Warning: source stepping failed
Note: Transient op started
Note: Transient op finished successfully
