
Note: No compatibility mode selected!


Circuit: * gate-driver-core-drive-with-uvlo-postlayout @ ss_125c_vlogic2p97v-vdrv3p30v -- generated by sim/harness, do not edit

Doing analysis at TEMP = 125.000000 and TNOM = 27.000000

Using SPARSE 1.3 as Direct Linear Solver

Initial Transient Solution
--------------------------

Node                                   Voltage
----                                   -------
x1_inb                                    2.97
in                                           0
gnd_logic                                    0
x1_na                                  2.07452
x1_nb                             -3.08714e-08
gnd_drv                            4.07192e-08
x2_n3                                      3.3
x2_n4                              2.55406e-08
x2_n5                                      3.3
out                                4.18936e-08
x3_lockout                                 3.3
in_drv                             3.51684e-08
x1_nbuf1                                   3.3
x1_ncb                             4.11746e-08
x1_nca                                     3.3
vdd_logic                                 2.97
x2_n1                                      3.3
x2_n2                              2.28726e-08
x3_ncompn                            0.0246438
x3_nref                               0.757262
x3_ntail                             0.0127279
x3_ncompp                              2.49899
x3_ndiv                                0.60494
x3_uvlo_ok                         2.17947e-05
vdd_drv                                    3.3
anon293                             3.8447e-08
anon294                            3.65704e-08
anon295                            3.54943e-08
anon22                                  3.0881
anon23                                 2.87621
anon26                                 2.66431
anon27                                 2.45242
anon30                                 2.24052
anon31                                 2.02863
anon21                                0.969156
anon24                                 1.18105
anon25                                 1.39294
anon28                                 1.60484
anon29                                 1.81673
anon32                                 3.13156
anon33                                 2.96312
anon34                                 2.79467
anon35                                 2.62623
anon36                                 2.45779
anon37                                 2.28935
anon38                                 2.12091
anon39                                 1.95247
anon40                                0.773381
anon42                                0.941821
anon44                                 1.11026
anon45                                  1.2787
anon46                                 1.44714
anon47                                 1.61558
anon48                                 1.78403
anon49                              0.00254068
anon41                                0.403293
anon50                              0.00505956
anon43                                0.201647
anon51                              0.00757844
anon52                               0.0100973
anon53                               0.0126162
anon54                               0.0151351
anon55                                0.017654
anon56                               0.0201729
anon57                                0.040324
anon59                               0.0378051
anon60                               0.0352862
anon63                               0.0327673
anon65                               0.0302484
anon66                               0.0277295
anon69                               0.0252106
anon71                               0.0226917
anon58                               0.0428429
anon61                               0.0453618
anon62                               0.0478807
anon64                               0.0503996
anon67                               0.0529186
anon68                               0.0554375
anon70                               0.0579564
anon72                               0.0604753
anon73                               0.0806269
anon74                               0.0781079
anon76                                0.075589
anon78                                 0.07307
anon81                               0.0705511
anon82                               0.0680321
anon84                               0.0655132
anon86                               0.0629943
anon75                               0.0831459
anon77                               0.0856649
anon79                               0.0881838
anon80                               0.0907028
anon83                               0.0932218
anon85                               0.0957408
anon87                               0.0982598
anon88                                0.100779
anon89                                0.120931
anon90                                0.118412
anon91                                 0.12345
anon93                                0.115893
anon94                                0.125969
anon96                                0.113374
anon97                                0.128488
anon100                               0.110855
anon99                                0.131008
anon102                               0.133527
anon103                               0.108336
anon105                               0.105817
anon106                               0.136046
anon108                               0.103298
anon109                               0.138565
anon111                               0.141084
anon112                               0.161238
anon113                               0.163757
anon92                                0.158718
anon115                               0.166276
anon95                                0.156199
anon117                               0.168795
anon98                                 0.15368
anon101                               0.151161
anon119                               0.171315
anon121                               0.173834
anon104                               0.148642
anon107                               0.146122
anon123                               0.176353
anon110                               0.143603
anon125                               0.178872
anon127                               0.181392
anon128                               0.201547
anon114                               0.199027
anon129                               0.204066
anon116                               0.196508
anon131                               0.206585
anon133                               0.209105
anon118                               0.193988
anon120                               0.191469
anon135                               0.211624
anon137                               0.214144
anon122                                0.18895
anon139                               0.216663
anon124                                0.18643
anon141                               0.219183
anon126                               0.183911
anon143                               0.221702
anon144                               0.241859
anon130                               0.239339
anon145                               0.244379
anon147                               0.246898
anon132                                0.23682
anon134                                 0.2343
anon149                               0.249418
anon151                               0.251938
anon136                               0.231781
anon138                               0.229261
anon153                               0.254458
anon155                               0.256977
anon140                               0.226741
anon157                               0.259497
anon142                               0.224222
anon159                               0.262017
anon160                               0.282176
anon146                               0.279656
anon161                               0.284696
anon163                               0.287216
anon148                               0.277136
anon165                               0.289736
anon150                               0.274616
anon152                               0.272096
anon167                               0.292256
anon154                               0.269576
anon169                               0.294776
anon171                               0.297296
anon156                               0.267057
anon158                               0.264537
anon173                               0.299816
anon175                               0.302336
anon176                               0.322497
anon162                               0.319977
anon177                               0.325018
anon164                               0.317457
anon179                               0.327538
anon181                               0.330058
anon166                               0.314937
anon168                               0.312416
anon183                               0.332578
anon170                               0.309896
anon185                               0.335099
anon187                               0.337619
anon172                               0.307376
anon174                               0.304856
anon189                                0.34014
anon191                                0.34266
anon192                               0.362824
anon193                               0.365345
anon178                               0.360304
anon195                               0.367866
anon180                               0.357783
anon182                               0.355262
anon197                               0.370386
anon184                               0.352742
anon199                               0.372907
anon201                               0.375428
anon186                               0.350221
anon188                               0.347701
anon203                               0.377948
anon190                                0.34518
anon205                               0.380469
anon207                                0.38299
anon208                               0.403157
anon209                               0.405678
anon194                               0.400636
anon211                                 0.4082
anon196                               0.398115
anon198                               0.395594
anon213                               0.410721
anon215                               0.413242
anon200                               0.393074
anon202                               0.390553
anon217                               0.415763
anon219                               0.418284
anon204                               0.388032
anon221                               0.420805
anon206                               0.385511
anon223                               0.423327
anon224                               0.443497
anon210                               0.440976
anon225                               0.446019
anon227                               0.448541
anon212                               0.438455
anon214                               0.435933
anon229                               0.451062
anon231                               0.453584
anon216                               0.433412
anon218                                0.43089
anon233                               0.456105
anon235                               0.458627
anon220                               0.428369
anon237                               0.461149
anon222                               0.425848
anon239                                0.46367
anon240                               0.483845
anon241                               0.486367
anon226                               0.481323
anon243                               0.488889
anon228                               0.478801
anon230                               0.476279
anon245                               0.491411
anon247                               0.493933
anon232                               0.473757
anon249                               0.496455
anon234                               0.471236
anon236                               0.468714
anon251                               0.498978
anon253                                 0.5015
anon238                               0.466192
anon255                               0.504022
anon256                               0.524201
anon242                               0.521678
anon257                               0.526724
anon244                               0.519156
anon259                               0.529246
anon261                               0.531769
anon246                               0.516634
anon263                               0.534291
anon248                               0.514111
anon265                               0.536814
anon250                               0.511589
anon252                               0.509067
anon267                               0.539337
anon269                               0.541859
anon254                               0.506544
anon271                               0.544382
anon272                               0.564566
anon273                               0.567089
anon258                               0.562043
anon275                               0.569612
anon260                                0.55952
anon262                               0.556997
anon277                               0.572135
anon279                               0.574658
anon264                               0.554474
anon281                               0.577182
anon266                               0.551951
anon268                               0.549428
anon283                               0.579705
anon285                               0.582228
anon270                               0.546905
anon287                               0.584752
anon274                               0.602417
anon276                               0.599893
anon278                               0.597369
anon280                               0.594846
anon282                               0.592322
anon284                               0.589799
anon286                               0.587275
outcap                             4.18936e-08
vimeas#branch                      2.12171e-05
vin#branch                        -1.84175e-08
vgnd_logic#branch                  4.06081e-05
vsup_drv#branch                   -4.03632e-05
vsup_logic#branch                    -2.45e-07

 Reference value :  3.54747e-08
 Reference value :  1.47875e-07
 Reference value :  2.64175e-07
 Reference value :  3.60072e-07
 Reference value :  4.69972e-07
 Reference value :  5.89472e-07
No. of Data Rows : 7144
trise10_90          =  1.80106e-09 targ=  2.67035e-08 trig=  2.49024e-08
tfall10_90          =  1.26309e-09 targ=  3.25616e-07 trig=  3.24353e-07
tpdlh               =  4.87249e-09 targ=  2.53725e-08 trig=  2.05000e-08
tpdhl               =  3.25462e-09 targ=  3.24755e-07 trig=  3.21500e-07
lockout_at_in_high  =  3.30015e+00
vout_at_in_high     =  2.03076e-01
vdrv_at_in_high     =  3.30000e+00
m_trise_s = 1.8010610000e-09
m_tfall_s = 1.2630920000e-09
m_tpdlh_s = 4.8724910000e-09
m_tpdhl_s = 3.2546210000e-09
m_ipeak_source_a = 1.9460144452e-01
m_ipeak_sink_a = 2.2747304541e-01
m_vout_max_v = 2.0419991371e-01
m_vout_min_v = -2.384249582e-03
m_vin_max_v = 2.9700000000e+00
m_vin_min_v = 0.0000000000e+00
m_indrv_max_v = 3.3475182012e+00
m_indrv_min_v = -1.290196475e-02
m_n1_max_v = 3.3799836376e+00
m_n1_min_v = -4.640464962e-02
m_n2_max_v = 3.3611222797e+00
m_n2_min_v = -3.573791420e-02
m_n3_max_v = 3.3502641634e+00
m_n3_min_v = -2.783157568e-02
m_n4_max_v = 3.3497977719e+00
m_n4_min_v = -2.837952452e-02
m_n5_max_v = 3.3534015913e+00
m_n5_min_v = -2.979197191e-02
m_uvlo_lockout_at_in_high = 3.3001460000e+00
m_uvlo_vout_at_in_high_v = 2.0307580000e-01
m_uvlo_vdrv_at_in_high_v = 3.3000000000e+00
Note: Simulation executed from .control section 

Note: vimeas: has no value, DC 0 assumed
Warning: singular matrix:  check node anon295

Note: Starting dynamic gmin stepping
Warning: singular matrix:  check node anon293

Warning: Dynamic gmin stepping failed
Note: Starting true gmin stepping
Warning: singular matrix:  check node anon293

Warning: singular matrix:  check node anon293

Warning: singular matrix:  check node anon293

Warning: singular matrix:  check node anon293

Warning: True gmin stepping failed
Note: Starting source stepping
Warning: source stepping failed
Note: Transient op started
Note: Transient op finished successfully
