
Note: No compatibility mode selected!


Circuit: * gate-driver-core-drive-with-uvlo-postlayout @ ss_27c_vlogic2p97v-vdrv3p30v -- generated by sim/harness, do not edit

Doing analysis at TEMP = 27.000000 and TNOM = 27.000000

Using SPARSE 1.3 as Direct Linear Solver

Initial Transient Solution
--------------------------

Node                                   Voltage
----                                   -------
x1_inb                                    2.97
in                                           0
gnd_logic                                    0
x1_na                                  1.95411
x1_nb                             -2.85658e-08
gnd_drv                           -2.97935e-08
x2_n3                                      3.3
x2_n4                             -4.95386e-09
x2_n5                                      3.3
out                                -2.9154e-08
x3_lockout                                 3.3
in_drv                             -7.4127e-09
x1_nbuf1                                   3.3
x1_ncb                            -7.95354e-09
x1_nca                                     3.3
vdd_logic                                 2.97
x2_n1                                      3.3
x2_n2                             -4.07238e-09
x3_ncompn                           0.00137567
x3_nref                               0.855101
x3_ntail                           0.000761764
x3_ncompp                              2.48241
x3_ndiv                                0.60494
x3_uvlo_ok                         1.76891e-05
vdd_drv                                    3.3
anon293                           -8.68865e-09
anon294                           -8.81514e-09
anon295                           -8.37564e-09
anon22                                 3.09626
anon23                                 2.89252
anon26                                 2.68877
anon27                                 2.48503
anon30                                 2.28129
anon31                                 2.07755
anon21                                 1.05884
anon24                                 1.26258
anon25                                 1.46632
anon28                                 1.67007
anon29                                 1.87381
anon32                                 3.13156
anon33                                 2.96312
anon34                                 2.79467
anon35                                 2.62623
anon36                                 2.45779
anon37                                 2.28935
anon38                                 2.12091
anon39                                 1.95247
anon40                                0.773381
anon42                                0.941821
anon44                                 1.11026
anon45                                  1.2787
anon46                                 1.44714
anon47                                 1.61558
anon48                                 1.78403
anon49                              0.00253659
anon41                                0.403293
anon50                              0.00505548
anon43                                0.201647
anon51                              0.00757438
anon52                               0.0100933
anon53                               0.0126122
anon54                               0.0151311
anon55                                 0.01765
anon56                               0.0201689
anon57                               0.0403202
anon59                               0.0378012
anon60                               0.0352823
anon63                               0.0327634
anon65                               0.0302445
anon66                               0.0277256
anon69                               0.0252067
anon71                               0.0226878
anon58                               0.0428391
anon61                                0.045358
anon62                               0.0478769
anon64                               0.0503959
anon67                               0.0529148
anon68                               0.0554337
anon70                               0.0579527
anon72                               0.0604716
anon73                               0.0806233
anon74                               0.0781044
anon76                               0.0755854
anon78                               0.0730664
anon81                               0.0705474
anon82                               0.0680285
anon84                               0.0655095
anon86                               0.0629906
anon75                               0.0831423
anon77                               0.0856613
anon79                               0.0881803
anon80                               0.0906993
anon83                               0.0932183
anon85                               0.0957373
anon87                               0.0982564
anon88                                0.100775
anon89                                0.120928
anon90                                0.118409
anon91                                0.123447
anon93                                 0.11589
anon94                                0.125966
anon96                                0.113371
anon97                                0.128485
anon100                               0.110852
anon99                                0.131004
anon102                               0.133523
anon103                               0.108333
anon105                               0.105813
anon106                               0.136043
anon108                               0.103294
anon109                               0.138562
anon111                               0.141081
anon112                               0.161234
anon113                               0.163754
anon92                                0.158715
anon115                               0.166273
anon95                                0.156196
anon117                               0.168792
anon98                                0.153677
anon101                               0.151158
anon119                               0.171312
anon121                               0.173831
anon104                               0.148638
anon107                               0.146119
anon123                                0.17635
anon110                                 0.1436
anon125                               0.178869
anon127                               0.181389
anon128                               0.201544
anon114                               0.199024
anon129                               0.204063
anon116                               0.196505
anon131                               0.206583
anon133                               0.209102
anon118                               0.193986
anon120                               0.191466
anon135                               0.211622
anon137                               0.214141
anon122                               0.188947
anon139                               0.216661
anon124                               0.186427
anon141                                0.21918
anon126                               0.183908
anon143                                 0.2217
anon144                               0.241857
anon130                               0.239337
anon145                               0.244376
anon147                               0.246896
anon132                               0.236817
anon134                               0.234298
anon149                               0.249416
anon151                               0.251935
anon136                               0.231778
anon138                               0.229258
anon153                               0.254455
anon155                               0.256975
anon140                               0.226739
anon157                               0.259495
anon142                               0.224219
anon159                               0.262015
anon160                               0.282174
anon146                               0.279654
anon161                               0.284694
anon163                               0.287214
anon148                               0.277134
anon165                               0.289733
anon150                               0.274614
anon152                               0.272094
anon167                               0.292254
anon154                               0.269574
anon169                               0.294774
anon171                               0.297294
anon156                               0.267054
anon158                               0.264534
anon173                               0.299814
anon175                               0.302334
anon176                               0.322495
anon162                               0.319975
anon177                               0.325016
anon164                               0.317455
anon179                               0.327536
anon181                               0.330056
anon166                               0.314935
anon168                               0.312414
anon183                               0.332577
anon170                               0.309894
anon185                               0.335097
anon187                               0.337617
anon172                               0.307374
anon174                               0.304854
anon189                               0.340138
anon191                               0.342658
anon192                               0.362823
anon193                               0.365343
anon178                               0.360302
anon195                               0.367864
anon180                               0.357781
anon182                               0.355261
anon197                               0.370385
anon184                                0.35274
anon199                               0.372905
anon201                               0.375426
anon186                                0.35022
anon188                               0.347699
anon203                               0.377947
anon190                               0.345179
anon205                               0.380468
anon207                               0.382988
anon208                               0.403156
anon209                               0.405677
anon194                               0.400635
anon211                               0.408198
anon196                               0.398114
anon198                               0.395593
anon213                               0.410719
anon215                                0.41324
anon200                               0.393072
anon202                               0.390551
anon217                               0.415762
anon219                               0.418283
anon204                                0.38803
anon221                               0.420804
anon206                               0.385509
anon223                               0.423325
anon224                               0.443496
anon210                               0.440975
anon225                               0.446018
anon227                               0.448539
anon212                               0.438453
anon214                               0.435932
anon229                               0.451061
anon231                               0.453583
anon216                               0.433411
anon218                               0.430889
anon233                               0.456104
anon235                               0.458626
anon220                               0.428368
anon237                               0.461148
anon222                               0.425847
anon239                               0.463669
anon240                               0.483844
anon241                               0.486366
anon226                               0.481322
anon243                               0.488888
anon228                                 0.4788
anon230                               0.476278
anon245                                0.49141
anon247                               0.493932
anon232                               0.473756
anon249                               0.496455
anon234                               0.471235
anon236                               0.468713
anon251                               0.498977
anon253                               0.501499
anon238                               0.466191
anon255                               0.504021
anon256                                 0.5242
anon242                               0.521678
anon257                               0.526723
anon244                               0.519155
anon259                               0.529245
anon261                               0.531768
anon246                               0.516633
anon263                               0.534291
anon248                                0.51411
anon265                               0.536813
anon250                               0.511588
anon252                               0.509066
anon267                               0.539336
anon269                               0.541859
anon254                               0.506543
anon271                               0.544382
anon272                               0.564565
anon273                               0.567089
anon258                               0.562042
anon275                               0.569612
anon260                               0.559519
anon262                               0.556996
anon277                               0.572135
anon279                               0.574658
anon264                               0.554473
anon281                               0.577181
anon266                                0.55195
anon268                               0.549427
anon283                               0.579705
anon285                               0.582228
anon270                               0.546905
anon287                               0.584752
anon274                               0.602416
anon276                               0.599893
anon278                               0.597369
anon280                               0.594846
anon282                               0.592322
anon284                               0.589798
anon286                               0.587275
outcap                             -2.9154e-08
vimeas#branch                     -1.70651e-05
vin#branch                         2.25439e-08
vgnd_logic#branch                 -2.96788e-05
vsup_drv#branch                    2.94516e-05
vsup_logic#branch                  2.27032e-07

 Reference value :  3.42874e-08
 Reference value :  1.38687e-07
 Reference value :  2.56787e-07
 Reference value :  3.53515e-07
 Reference value :  4.65115e-07
 Reference value :  5.83215e-07
No. of Data Rows : 7173
trise10_90          =  1.31503e-09 targ=  2.54089e-08 trig=  2.40939e-08
tfall10_90          =  9.35690e-10 targ=  3.24801e-07 trig=  3.23865e-07
tpdlh               =  3.93976e-09 targ=  2.44398e-08 trig=  2.05000e-08
tpdhl               =  2.66639e-09 targ=  3.24166e-07 trig=  3.21500e-07
lockout_at_in_high  =  3.30002e+00
vout_at_in_high     =  1.77376e-01
vdrv_at_in_high     =  3.30000e+00
m_trise_s = 1.3150260000e-09
m_tfall_s = 9.3568980000e-10
m_tpdlh_s = 3.9397600000e-09
m_tpdhl_s = 2.6663870000e-09
m_ipeak_source_a = 2.3003163657e-01
m_ipeak_sink_a = 2.6483224750e-01
m_vout_max_v = 1.7848600892e-01
m_vout_min_v = -2.602795411e-03
m_vin_max_v = 2.9700000000e+00
m_vin_min_v = 0.0000000000e+00
m_indrv_max_v = 3.3623280001e+00
m_indrv_min_v = -1.712424762e-02
m_n1_max_v = 3.3880519710e+00
m_n1_min_v = -5.040419430e-02
m_n2_max_v = 3.3619050782e+00
m_n2_min_v = -3.703685745e-02
m_n3_max_v = 3.3538086012e+00
m_n3_min_v = -2.971454750e-02
m_n4_max_v = 3.3539961650e+00
m_n4_min_v = -3.040242774e-02
m_n5_max_v = 3.3564165717e+00
m_n5_min_v = -3.186946465e-02
m_uvlo_lockout_at_in_high = 3.3000160000e+00
m_uvlo_vout_at_in_high_v = 1.7737570000e-01
m_uvlo_vdrv_at_in_high_v = 3.3000000000e+00
Note: Simulation executed from .control section 

Note: vimeas: has no value, DC 0 assumed
Warning: singular matrix:  check node anon293

Note: Starting dynamic gmin stepping
Warning: singular matrix:  check node anon293

Warning: Dynamic gmin stepping failed
Note: Starting true gmin stepping
Warning: singular matrix:  check node anon293

Warning: singular matrix:  check node anon293

Warning: singular matrix:  check node anon293

Warning: singular matrix:  check node anon293

Warning: True gmin stepping failed
Note: Starting source stepping
Warning: source stepping failed
Note: Transient op started
Note: Transient op finished successfully
