
Note: No compatibility mode selected!


Circuit: * gate-driver-core-drive-with-uvlo-postlayout @ ss_27c_vlogic3p30v-vdrv4p15v -- generated by sim/harness, do not edit

Doing analysis at TEMP = 27.000000 and TNOM = 27.000000

Using SPARSE 1.3 as Direct Linear Solver

Initial Transient Solution
--------------------------

Node                                   Voltage
----                                   -------
x1_inb                                     3.3
in                                           0
gnd_logic                                    0
x1_na                                  2.23404
x1_nb                             -7.51375e-08
gnd_drv                           -3.73237e-08
x2_n3                                     4.15
x2_n4                             -5.97925e-09
x2_n5                                     4.15
out                               -3.69351e-08
x3_lockout                                4.15
in_drv                             6.49561e-10
x1_nbuf1                                  4.15
x1_ncb                             1.03723e-08
x1_nca                                    4.15
vdd_logic                                  3.3
x2_n1                                     4.15
x2_n2                             -4.12319e-09
x3_ncompn                            0.0361742
x3_nref                               0.871938
x3_ntail                             0.0167183
x3_ncompp                              3.18313
x3_ndiv                               0.760755
x3_uvlo_ok                         1.30198e-05
vdd_drv                                   4.15
anon293                            7.01061e-09
anon294                             4.3075e-09
anon295                            2.20609e-09
anon22                                 3.87683
anon23                                 3.60365
anon26                                 3.33048
anon27                                 3.05731
anon30                                 2.78414
anon31                                 2.51097
anon21                                 1.14511
anon24                                 1.41828
anon25                                 1.69145
anon28                                 1.96462
anon29                                 2.23779
anon32                                 3.93817
anon33                                 3.72634
anon34                                 3.51451
anon35                                 3.30269
anon36                                 3.09086
anon37                                 2.87903
anon38                                  2.6672
anon39                                 2.45537
anon40                                0.972582
anon42                                 1.18441
anon44                                 1.39624
anon45                                 1.60806
anon46                                 1.81989
anon47                                 2.03172
anon48                                 2.24355
anon49                              0.00318075
anon41                                 0.50717
anon50                              0.00634848
anon43                                0.253585
anon51                              0.00951621
anon52                               0.0126839
anon53                               0.0158517
anon54                               0.0190194
anon55                               0.0221871
anon56                               0.0253549
anon57                               0.0506968
anon59                               0.0475291
anon60                               0.0443613
anon63                               0.0411936
anon65                               0.0380258
anon66                               0.0348581
anon69                               0.0316904
anon71                               0.0285226
anon58                               0.0538646
anon61                               0.0570324
anon62                               0.0602001
anon64                               0.0633679
anon67                               0.0665357
anon68                               0.0697034
anon70                               0.0728712
anon72                                0.076039
anon73                                0.101382
anon74                               0.0982137
anon76                               0.0950459
anon78                                0.091878
anon81                               0.0887102
anon82                               0.0855424
anon84                               0.0823746
anon86                               0.0792068
anon75                                0.104549
anon77                                0.107717
anon79                                0.110885
anon80                                0.114053
anon83                                0.117221
anon85                                0.120389
anon87                                0.123557
anon88                                0.126724
anon89                                0.152068
anon90                                  0.1489
anon91                                0.155236
anon93                                0.145732
anon94                                0.158404
anon96                                0.142564
anon97                                0.161572
anon100                               0.139396
anon99                                 0.16474
anon102                               0.167908
anon103                               0.136228
anon105                                0.13306
anon106                               0.171076
anon108                               0.129892
anon109                               0.174244
anon111                               0.177412
anon112                               0.202757
anon113                               0.205925
anon92                                0.199589
anon115                               0.209093
anon95                                0.196421
anon117                               0.212261
anon98                                0.193253
anon101                               0.190084
anon119                                0.21543
anon121                               0.218598
anon104                               0.186916
anon107                               0.183748
anon123                               0.221766
anon110                                0.18058
anon125                               0.224934
anon127                               0.228103
anon128                               0.253449
anon114                               0.250281
anon129                               0.256618
anon116                               0.247113
anon131                               0.259786
anon133                               0.262955
anon118                               0.243944
anon120                               0.240776
anon135                               0.266123
anon137                               0.269292
anon122                               0.237608
anon139                                0.27246
anon124                               0.234439
anon141                               0.275629
anon126                               0.231271
anon143                               0.278797
anon144                               0.304146
anon130                               0.300978
anon145                               0.307315
anon147                               0.310484
anon132                               0.297809
anon134                                0.29464
anon149                               0.313652
anon151                               0.316821
anon136                               0.291472
anon138                               0.288303
anon153                                0.31999
anon155                               0.323159
anon140                               0.285134
anon157                               0.326328
anon142                               0.281966
anon159                               0.329497
anon160                               0.354848
anon146                               0.351679
anon161                               0.358017
anon163                               0.361186
anon148                                0.34851
anon165                               0.364355
anon150                               0.345341
anon152                               0.342172
anon167                               0.367525
anon154                               0.339003
anon169                               0.370694
anon171                               0.373863
anon156                               0.335834
anon158                               0.332665
anon173                               0.377032
anon175                               0.380201
anon176                               0.405556
anon162                               0.402387
anon177                               0.408726
anon164                               0.399217
anon179                               0.411895
anon181                               0.415065
anon166                               0.396048
anon168                               0.392879
anon183                               0.418234
anon170                               0.389709
anon185                               0.421404
anon187                               0.424573
anon172                                0.38654
anon174                               0.383371
anon189                               0.427743
anon191                               0.430913
anon192                               0.456271
anon193                               0.459441
anon178                               0.453101
anon195                               0.462611
anon180                               0.449931
anon182                               0.446762
anon197                               0.465781
anon184                               0.443592
anon199                               0.468951
anon201                               0.472121
anon186                               0.440422
anon188                               0.437252
anon203                               0.475291
anon190                               0.434083
anon205                               0.478461
anon207                               0.481632
anon208                               0.506994
anon209                               0.510164
anon194                               0.503824
anon211                               0.513335
anon196                               0.500653
anon198                               0.497483
anon213                               0.516505
anon215                               0.519676
anon200                               0.494312
anon202                               0.491142
anon217                               0.522847
anon219                               0.526017
anon204                               0.487972
anon221                               0.529188
anon206                               0.484802
anon223                               0.532359
anon224                               0.557725
anon210                               0.554554
anon225                               0.560896
anon227                               0.564067
anon212                               0.551383
anon214                               0.548213
anon229                               0.567239
anon231                                0.57041
anon216                               0.545042
anon218                               0.541871
anon233                               0.573581
anon235                               0.576752
anon220                                 0.5387
anon237                               0.579923
anon222                               0.535529
anon239                               0.583095
anon240                               0.608466
anon241                               0.611638
anon226                               0.605295
anon243                                0.61481
anon228                               0.602123
anon230                               0.598952
anon245                               0.617981
anon247                               0.621153
anon232                                0.59578
anon249                               0.624325
anon234                               0.592609
anon236                               0.589437
anon251                               0.627497
anon253                               0.630669
anon238                               0.586266
anon255                               0.633841
anon256                               0.659218
anon242                               0.656045
anon257                                0.66239
anon244                               0.652873
anon259                               0.665562
anon261                               0.668735
anon246                               0.649701
anon263                               0.671907
anon248                               0.646529
anon265                                0.67508
anon250                               0.643357
anon252                               0.640185
anon267                               0.678252
anon269                               0.681425
anon254                               0.637013
anon271                               0.684597
anon272                                0.70998
anon273                               0.713153
anon258                               0.706807
anon275                               0.716326
anon260                               0.703634
anon262                               0.700461
anon277                               0.719499
anon279                               0.722673
anon264                               0.697288
anon281                               0.725846
anon266                               0.694116
anon268                               0.690943
anon283                               0.729019
anon285                               0.732193
anon270                                0.68777
anon287                               0.735366
anon274                               0.757581
anon276                               0.754407
anon278                               0.751234
anon280                                0.74806
anon282                               0.744886
anon284                               0.741713
anon286                               0.738539
outcap                            -3.69351e-08
vimeas#branch                     -3.76405e-05
vin#branch                         2.99367e-08
vgnd_logic#branch                 -3.71755e-05
vsup_drv#branch                    3.68954e-05
vsup_logic#branch                  2.79923e-07

 Reference value :  3.35337e-08
 Reference value :  1.41034e-07
 Reference value :  2.59134e-07
 Reference value :  3.59506e-07
 Reference value :  4.66606e-07
 Reference value :  5.84406e-07
No. of Data Rows : 7191
trise10_90          =  1.08881e-09 targ=  2.43701e-08 trig=  2.32813e-08
tfall10_90          =  7.60236e-10 targ=  3.24160e-07 trig=  3.23399e-07
tpdlh               =  3.07199e-09 targ=  2.35720e-08 trig=  2.05000e-08
tpdhl               =  2.14606e-09 targ=  3.23646e-07 trig=  3.21500e-07
lockout_at_in_high  =  4.15000e+00
vout_at_in_high     =  2.41004e-01
vdrv_at_in_high     =  4.15000e+00
m_trise_s = 1.0888080000e-09
m_tfall_s = 7.6023590000e-10
m_tpdlh_s = 3.0719920000e-09
m_tpdhl_s = 2.1460630000e-09
m_ipeak_source_a = 3.7021330129e-01
m_ipeak_sink_a = 4.4197819460e-01
m_vout_max_v = 2.4206727331e-01
m_vout_min_v = -2.686639838e-03
m_vin_max_v = 3.3000000000e+00
m_vin_min_v = 0.0000000000e+00
m_indrv_max_v = 4.1931453486e+00
m_indrv_min_v = -1.354010630e-02
m_n1_max_v = 4.2474013744e+00
m_n1_min_v = -5.110744552e-02
m_n2_max_v = 4.2196640547e+00
m_n2_min_v = -3.846090871e-02
m_n3_max_v = 4.2082578414e+00
m_n3_min_v = -3.011171679e-02
m_n4_max_v = 4.2076022691e+00
m_n4_min_v = -3.095913536e-02
m_n5_max_v = 4.2097616059e+00
m_n5_min_v = -3.201176055e-02
m_uvlo_lockout_at_in_high = 4.1500030000e+00
m_uvlo_vout_at_in_high_v = 2.4100390000e-01
m_uvlo_vdrv_at_in_high_v = 4.1500000000e+00
Note: Simulation executed from .control section 

Note: vimeas: has no value, DC 0 assumed
Warning: singular matrix:  check node anon293

Note: Starting dynamic gmin stepping
Warning: singular matrix:  check node anon293

Warning: Dynamic gmin stepping failed
Note: Starting true gmin stepping
Warning: singular matrix:  check node anon293

Warning: singular matrix:  check node anon293

Warning: singular matrix:  check node anon293

Warning: singular matrix:  check node anon293

Warning: True gmin stepping failed
Note: Starting source stepping
Warning: source stepping failed
Note: Transient op started
Note: Transient op finished successfully
