
Note: No compatibility mode selected!


Circuit: * gate-driver-core-drive-with-uvlo-postlayout @ tt_-40c_vlogic3p30v-vdrv4p15v -- generated by sim/harness, do not edit

Doing analysis at TEMP = -40.000000 and TNOM = 27.000000

Using SPARSE 1.3 as Direct Linear Solver

Initial Transient Solution
--------------------------

Node                                   Voltage
----                                   -------
x1_inb                                     3.3
in                                           0
gnd_logic                                    0
x1_na                                  2.25583
x1_nb                             -3.41258e-07
gnd_drv                            3.26392e-08
x2_n3                                     4.15
x2_n4                              6.38866e-08
x2_n5                                     4.15
out                                3.50369e-08
x3_lockout                           0.0364852
in_drv                             6.35332e-08
x1_nbuf1                                  4.15
x1_ncb                             1.45748e-07
x1_nca                                    4.15
vdd_logic                                  3.3
x2_n1                                     4.15
x2_n2                              6.59765e-08
x3_ncompn                              2.82033
x3_nref                               0.809741
x3_ntail                             0.0536188
x3_ncompp                              3.18696
x3_ndiv                               0.802572
x3_uvlo_ok                             4.14993
vdd_drv                                   4.15
anon293                            1.24584e-07
anon294                            1.03854e-07
anon295                            8.35177e-08
anon22                                 3.87164
anon23                                 3.59329
anon26                                 3.31493
anon27                                 3.03658
anon30                                 2.75822
anon31                                 2.47987
anon21                                  1.0881
anon24                                 1.36645
anon25                                  1.6448
anon28                                 1.92316
anon29                                 2.20151
anon32                                 3.94078
anon33                                 3.73157
anon34                                 3.52235
anon35                                 3.31314
anon36                                 3.10392
anon37                                 2.89471
anon38                                  2.6855
anon39                                 2.47628
anon40                                 1.01179
anon42                                   1.221
anon44                                 1.43021
anon45                                 1.63943
anon46                                 1.84864
anon47                                 2.05785
anon48                                 2.26707
anon49                                 4.13596
anon41                                0.535048
anon50                                 4.12199
anon43                                0.267524
anon51                                 4.10802
anon52                                 4.09405
anon53                                 4.08008
anon54                                 4.06611
anon55                                 4.05214
anon56                                 4.03817
anon57                                 3.92642
anon59                                 3.94039
anon60                                 3.95436
anon63                                 3.96833
anon65                                  3.9823
anon66                                 3.99626
anon69                                 4.01023
anon71                                  4.0242
anon58                                 3.91246
anon61                                 3.89849
anon62                                 3.88452
anon64                                 3.87056
anon67                                 3.85659
anon68                                 3.84262
anon70                                 3.82866
anon72                                 3.81469
anon73                                 3.70298
anon74                                 3.71694
anon76                                 3.73091
anon78                                 3.74487
anon81                                 3.75883
anon82                                  3.7728
anon84                                 3.78676
anon86                                 3.80073
anon75                                 3.68902
anon77                                 3.67505
anon79                                 3.66109
anon80                                 3.64713
anon83                                 3.63317
anon85                                  3.6192
anon87                                 3.60524
anon88                                 3.59128
anon89                                  3.4796
anon90                                 3.49356
anon91                                 3.46564
anon93                                 3.50752
anon94                                 3.45168
anon96                                 3.52148
anon97                                 3.43772
anon100                                3.53544
anon99                                 3.42376
anon102                                 3.4098
anon103                                 3.5494
anon105                                3.56336
anon106                                3.39585
anon108                                3.57732
anon109                                3.38189
anon111                                3.36793
anon112                                3.25628
anon113                                3.24232
anon92                                 3.27023
anon115                                3.22837
anon95                                 3.28419
anon117                                3.21441
anon98                                 3.29815
anon101                                 3.3121
anon119                                3.20046
anon121                                 3.1865
anon104                                3.32606
anon107                                3.34002
anon123                                3.17255
anon110                                3.35397
anon125                                3.15859
anon127                                3.14464
anon128                                3.03301
anon114                                3.04696
anon129                                3.01906
anon116                                3.06092
anon131                                3.00511
anon133                                2.99116
anon118                                3.07487
anon120                                3.08882
anon135                                 2.9772
anon137                                2.96325
anon122                                3.10278
anon139                                 2.9493
anon124                                3.11673
anon141                                2.93535
anon126                                3.13068
anon143                                 2.9214
anon144                                 2.8098
anon130                                2.82375
anon145                                2.79585
anon147                                 2.7819
anon132                                 2.8377
anon134                                2.85165
anon149                                2.76795
anon151                                  2.754
anon136                                 2.8656
anon138                                2.87955
anon153                                2.74005
anon155                                2.72611
anon140                                 2.8935
anon157                                2.71216
anon142                                2.90745
anon159                                2.69821
anon160                                2.58663
anon146                                2.60058
anon161                                2.57269
anon163                                2.55874
anon148                                2.61452
anon165                                2.54479
anon150                                2.62847
anon152                                2.64242
anon167                                2.53085
anon154                                2.65637
anon169                                 2.5169
anon171                                2.50296
anon156                                2.67031
anon158                                2.68426
anon173                                2.48901
anon175                                2.47507
anon176                                2.36351
anon162                                2.37745
anon177                                2.34957
anon164                                 2.3914
anon179                                2.33562
anon181                                2.32168
anon166                                2.40534
anon168                                2.41929
anon183                                2.30774
anon170                                2.43323
anon185                                2.29379
anon187                                2.27985
anon172                                2.44718
anon174                                2.46112
anon189                                2.26591
anon191                                2.25196
anon192                                2.14043
anon193                                2.12649
anon178                                2.15437
anon195                                2.11255
anon180                                2.16831
anon182                                2.18225
anon197                                 2.0986
anon184                                2.19619
anon199                                2.08466
anon201                                2.07072
anon186                                2.21014
anon188                                2.22408
anon203                                2.05678
anon190                                2.23802
anon205                                2.04284
anon207                                 2.0289
anon208                                1.91738
anon209                                1.90344
anon194                                1.93132
anon211                                 1.8895
anon196                                1.94526
anon198                                 1.9592
anon213                                1.87557
anon215                                1.86163
anon200                                1.97314
anon202                                1.98708
anon217                                1.84769
anon219                                1.83375
anon204                                2.00102
anon221                                1.81981
anon206                                2.01496
anon223                                1.80587
anon224                                1.69437
anon210                                1.70831
anon225                                1.68043
anon227                                 1.6665
anon212                                1.72225
anon214                                1.73618
anon229                                1.65256
anon231                                1.63862
anon216                                1.75012
anon218                                1.76406
anon233                                1.62469
anon235                                1.61075
anon220                                  1.778
anon237                                1.59681
anon222                                1.79193
anon239                                1.58288
anon240                                1.47139
anon241                                1.45745
anon226                                1.48532
anon243                                1.44352
anon228                                1.49926
anon230                                1.51319
anon245                                1.42958
anon247                                1.41565
anon232                                1.52713
anon249                                1.40171
anon234                                1.54107
anon236                                  1.555
anon251                                1.38778
anon253                                1.37384
anon238                                1.56894
anon255                                1.35991
anon256                                1.24843
anon242                                1.26236
anon257                                1.23449
anon244                                 1.2763
anon259                                1.22056
anon261                                1.20663
anon246                                1.29023
anon263                                1.19269
anon248                                1.30417
anon265                                1.17876
anon250                                 1.3181
anon252                                1.33204
anon267                                1.16483
anon269                                1.15089
anon254                                1.34597
anon271                                1.13696
anon272                                1.02549
anon273                                1.01156
anon258                                1.03942
anon275                               0.997626
anon260                                1.05336
anon262                                1.06729
anon277                               0.983693
anon279                                0.96976
anon264                                1.08122
anon281                               0.955828
anon266                                1.09516
anon268                                1.10909
anon283                               0.941895
anon285                               0.927963
anon270                                1.12302
anon287                                0.91403
anon274                               0.816504
anon276                               0.830436
anon278                               0.844369
anon280                               0.858301
anon282                               0.872233
anon284                               0.886165
anon286                               0.900098
outcap                             3.50369e-08
vimeas#branch                      -2.9213e-05
vin#branch                          3.8083e-08
vgnd_logic#branch                  3.28183e-05
vsup_drv#branch                   -3.30127e-05
vsup_logic#branch                  1.93682e-07

 Reference value :  3.84828e-08
 Reference value :  1.46683e-07
 Reference value :  2.64283e-07
 Reference value :  3.60068e-07
 Reference value :  4.81168e-07
 Reference value :  5.99768e-07
No. of Data Rows : 7210
trise10_90          =  4.83114e-09 targ=  2.76046e-08 trig=  2.27735e-08
tfall10_90          =  4.56512e-09 targ=  3.27960e-07 trig=  3.23395e-07
tpdlh               =  4.23326e-09 targ=  2.47333e-08 trig=  2.05000e-08
tpdhl               =  3.97428e-09 targ=  3.25474e-07 trig=  3.21500e-07
lockout_at_in_high  =  3.65496e-02
vout_at_in_high     =  4.15000e+00
vdrv_at_in_high     =  4.15000e+00
m_trise_s = 4.8311360000e-09
m_tfall_s = 4.5651160000e-09
m_tpdlh_s = 4.2332610000e-09
m_tpdhl_s = 3.9742840000e-09
m_ipeak_source_a = 8.7196193144e-01
m_ipeak_sink_a = 8.1770869676e-01
m_vout_max_v = 4.1547958147e+00
m_vout_min_v = -3.025331293e-03
m_vin_max_v = 3.3000000000e+00
m_vin_min_v = 0.0000000000e+00
m_indrv_max_v = 4.1802283990e+00
m_indrv_min_v = -1.012160849e-02
m_n1_max_v = 4.2384465902e+00
m_n1_min_v = -4.672332078e-02
m_n2_max_v = 4.2153065938e+00
m_n2_min_v = -3.651383970e-02
m_n3_max_v = 4.2020942284e+00
m_n3_min_v = -2.808290207e-02
m_n4_max_v = 4.2020290236e+00
m_n4_min_v = -2.846450639e-02
m_n5_max_v = 4.2025926670e+00
m_n5_min_v = -2.906084022e-02
m_uvlo_lockout_at_in_high = 3.6549570000e-02
m_uvlo_vout_at_in_high_v = 4.1500000000e+00
m_uvlo_vdrv_at_in_high_v = 4.1500000000e+00
Note: Simulation executed from .control section 

Note: vimeas: has no value, DC 0 assumed
Warning: singular matrix:  check node anon293

Note: Starting dynamic gmin stepping
Warning: singular matrix:  check node anon293

Warning: Dynamic gmin stepping failed
Note: Starting true gmin stepping
Warning: singular matrix:  check node anon293

Warning: singular matrix:  check node anon293

Warning: singular matrix:  check node anon293

Warning: singular matrix:  check node anon293

Warning: True gmin stepping failed
Note: Starting source stepping
Warning: source stepping failed
Note: Transient op started
Note: Transient op finished successfully
