
Note: No compatibility mode selected!


Circuit: * gate-driver-core-drive-with-uvlo-postlayout @ tt_125c_vlogic2p97v-vdrv3p30v -- generated by sim/harness, do not edit

Doing analysis at TEMP = 125.000000 and TNOM = 27.000000

Using SPARSE 1.3 as Direct Linear Solver

Initial Transient Solution
--------------------------

Node                                   Voltage
----                                   -------
x1_inb                                    2.97
in                                           0
gnd_logic                                    0
x1_na                                  2.12166
x1_nb                              3.92199e-08
gnd_drv                           -2.29298e-08
x2_n3                                      3.3
x2_n4                              3.37862e-09
x2_n5                                      3.3
out                               -1.64882e-08
x3_lockout                         1.57082e-05
in_drv                            -1.93032e-08
x1_nbuf1                                   3.3
x1_ncb                            -4.75044e-08
x1_nca                                 3.29999
vdd_logic                                 2.97
x2_n1                                      3.3
x2_n2                              4.68373e-09
x3_ncompn                              2.84144
x3_nref                               0.630171
x3_ntail                             0.0690072
x3_ncompp                              2.54853
x3_ndiv                               0.638189
x3_uvlo_ok                             3.29989
vdd_drv                                    3.3
anon293                           -4.14539e-08
anon294                           -3.47026e-08
anon295                            -2.7302e-08
anon22                                 3.07751
anon23                                 2.85503
anon26                                 2.63254
anon27                                 2.41005
anon30                                 2.18757
anon31                                 1.96508
anon21                                0.852656
anon24                                 1.07514
anon25                                 1.29763
anon28                                 1.52011
anon29                                  1.7426
anon32                                 3.13364
anon33                                 2.96727
anon34                                 2.80091
anon35                                 2.63454
anon36                                 2.46818
anon37                                 2.30182
anon38                                 2.13545
anon39                                 1.96909
anon40                                0.804552
anon42                                0.970914
anon44                                 1.13728
anon45                                 1.30364
anon46                                    1.47
anon47                                 1.63637
anon48                                 1.80273
anon49                                 3.28878
anon41                                 0.42546
anon50                                 3.27767
anon43                                 0.21273
anon51                                 3.26656
anon52                                 3.25545
anon53                                 3.24435
anon54                                 3.23324
anon55                                 3.22213
anon56                                 3.21102
anon57                                 3.12216
anon59                                 3.13327
anon60                                 3.14438
anon63                                 3.15548
anon65                                 3.16659
anon66                                  3.1777
anon69                                 3.18881
anon71                                 3.19991
anon58                                 3.11106
anon61                                 3.09995
anon62                                 3.08885
anon64                                 3.07774
anon67                                 3.06663
anon68                                 3.05553
anon70                                 3.04442
anon72                                 3.03332
anon73                                 2.94449
anon74                                 2.95559
anon76                                  2.9667
anon78                                  2.9778
anon81                                  2.9889
anon82                                 3.00001
anon84                                 3.01111
anon86                                 3.02222
anon75                                 2.93339
anon77                                 2.92228
anon79                                 2.91118
anon80                                 2.90008
anon83                                 2.88898
anon85                                 2.87787
anon87                                 2.86677
anon88                                 2.85567
anon89                                 2.76686
anon90                                 2.77796
anon91                                 2.75576
anon93                                 2.78906
anon94                                 2.74466
anon96                                 2.80017
anon97                                 2.73357
anon100                                2.81127
anon99                                 2.72247
anon102                                2.71137
anon103                                2.82237
anon105                                2.83347
anon106                                2.70027
anon108                                2.84457
anon109                                2.68917
anon111                                2.67807
anon112                                2.58929
anon113                                2.57819
anon92                                 2.60038
anon115                                2.56709
anon95                                 2.61148
anon117                                  2.556
anon98                                 2.62258
anon101                                2.63368
anon119                                 2.5449
anon121                                 2.5338
anon104                                2.64478
anon107                                2.65587
anon123                                2.52271
anon110                                2.66697
anon125                                2.51161
anon127                                2.50052
anon128                                2.41175
anon114                                2.42285
anon129                                2.40066
anon116                                2.43394
anon131                                2.38957
anon133                                2.37847
anon118                                2.44504
anon120                                2.45613
anon135                                2.36738
anon137                                2.35628
anon122                                2.46723
anon139                                2.34519
anon124                                2.47832
anon141                                 2.3341
anon126                                2.48942
anon143                                  2.323
anon144                                2.23426
anon130                                2.24535
anon145                                2.22317
anon147                                2.21208
anon132                                2.25645
anon134                                2.26754
anon149                                2.20099
anon151                                 2.1899
anon136                                2.27863
anon138                                2.28972
anon153                                 2.1788
anon155                                2.16771
anon140                                2.30082
anon157                                2.15662
anon142                                2.31191
anon159                                2.14553
anon160                                2.05681
anon146                                 2.0679
anon161                                2.04572
anon163                                2.03463
anon148                                2.07899
anon165                                2.02354
anon150                                2.09008
anon152                                2.10117
anon167                                2.01245
anon154                                2.11226
anon169                                2.00136
anon171                                1.99027
anon156                                2.12335
anon158                                2.13444
anon173                                1.97918
anon175                                 1.9681
anon176                                1.87939
anon162                                1.89048
anon177                                 1.8683
anon164                                1.90157
anon179                                1.85722
anon181                                1.84613
anon166                                1.91265
anon168                                1.92374
anon183                                1.83504
anon170                                1.93483
anon185                                1.82395
anon187                                1.81287
anon172                                1.94592
anon174                                1.95701
anon189                                1.80178
anon191                                1.79069
anon192                                  1.702
anon193                                1.69092
anon178                                1.71309
anon195                                1.67983
anon180                                1.72418
anon182                                1.73526
anon197                                1.66875
anon184                                1.74635
anon199                                1.65766
anon201                                1.64658
anon186                                1.75743
anon188                                1.76852
anon203                                1.63549
anon190                                1.77961
anon205                                1.62441
anon207                                1.61332
anon208                                1.52465
anon209                                1.51356
anon194                                1.53573
anon211                                1.50248
anon196                                1.54681
anon198                                 1.5579
anon213                                 1.4914
anon215                                1.48031
anon200                                1.56898
anon202                                1.58007
anon217                                1.46923
anon219                                1.45814
anon204                                1.59115
anon221                                1.44706
anon206                                1.60224
anon223                                1.43598
anon224                                1.34732
anon210                                 1.3584
anon225                                1.33623
anon227                                1.32515
anon212                                1.36948
anon214                                1.38056
anon229                                1.31407
anon231                                1.30299
anon216                                1.39165
anon218                                1.40273
anon233                                 1.2919
anon235                                1.28082
anon220                                1.41381
anon237                                1.26974
anon222                                1.42489
anon239                                1.25866
anon240                                1.17001
anon241                                1.15893
anon226                                1.18109
anon243                                1.14784
anon228                                1.19217
anon230                                1.20325
anon245                                1.13676
anon247                                1.12568
anon232                                1.21433
anon249                                 1.1146
anon234                                1.22541
anon236                                 1.2365
anon251                                1.10352
anon253                                1.09244
anon238                                1.24758
anon255                                1.08136
anon256                               0.992718
anon242                                 1.0038
anon257                               0.981639
anon244                                1.01488
anon259                               0.970559
anon261                               0.959479
anon246                                1.02596
anon263                               0.948399
anon248                                1.03704
anon265                               0.937319
anon250                                1.04812
anon252                                 1.0592
anon267                                0.92624
anon269                                0.91516
anon254                                1.07028
anon271                               0.904081
anon272                               0.815447
anon273                               0.804368
anon258                               0.826526
anon275                               0.793289
anon260                               0.837605
anon262                               0.848684
anon277                                0.78221
anon279                               0.771131
anon264                               0.859763
anon281                               0.760053
anon266                               0.870843
anon268                               0.881922
anon283                               0.748974
anon285                               0.737895
anon270                               0.893001
anon287                               0.726817
anon274                               0.649268
anon276                               0.660346
anon278                               0.671424
anon280                               0.682503
anon282                               0.693581
anon284                                0.70466
anon286                               0.715738
outcap                            -1.64882e-08
vimeas#branch                     -2.12416e-05
vin#branch                         1.94114e-08
vgnd_logic#branch                 -2.28134e-05
vsup_drv#branch                    2.25766e-05
vsup_logic#branch                  2.36283e-07

 Reference value :  4.09475e-08
 Reference value :  1.49248e-07
 Reference value :  2.64748e-07
 Reference value :  3.56239e-07
 Reference value :  4.75339e-07
 Reference value :  5.95239e-07
No. of Data Rows : 7156
trise10_90          =  8.99010e-09 targ=  3.35490e-08 trig=  2.45589e-08
tfall10_90          =  7.64107e-09 targ=  3.32281e-07 trig=  3.24640e-07
tpdlh               =  7.49016e-09 targ=  2.79902e-08 trig=  2.05000e-08
tpdhl               =  6.35072e-09 targ=  3.27851e-07 trig=  3.21500e-07
lockout_at_in_high  =  1.59690e-05
vout_at_in_high     =  3.30000e+00
vdrv_at_in_high     =  3.30000e+00
m_trise_s = 8.9900990000e-09
m_tfall_s = 7.6410740000e-09
m_tpdlh_s = 7.4901640000e-09
m_tpdhl_s = 6.3507190000e-09
m_ipeak_source_a = 4.0373073331e-01
m_ipeak_sink_a = 4.2626246445e-01
m_vout_max_v = 3.3037238220e+00
m_vout_min_v = -2.436359631e-03
m_vin_max_v = 2.9700000000e+00
m_vin_min_v = 0.0000000000e+00
m_indrv_max_v = 3.3185573742e+00
m_indrv_min_v = -7.971867920e-03
m_n1_max_v = 3.3679769109e+00
m_n1_min_v = -4.011557947e-02
m_n2_max_v = 3.3562548980e+00
m_n2_min_v = -3.201377015e-02
m_n3_max_v = 3.3437766639e+00
m_n3_min_v = -2.467537980e-02
m_n4_max_v = 3.3432602204e+00
m_n4_min_v = -2.517845433e-02
m_n5_max_v = 3.3467771832e+00
m_n5_min_v = -2.564408217e-02
m_uvlo_lockout_at_in_high = 1.5969020000e-05
m_uvlo_vout_at_in_high_v = 3.3000000000e+00
m_uvlo_vdrv_at_in_high_v = 3.3000000000e+00
Note: Simulation executed from .control section 

Note: vimeas: has no value, DC 0 assumed
Warning: singular matrix:  check node anon295

Note: Starting dynamic gmin stepping
Warning: singular matrix:  check node anon293

Warning: Dynamic gmin stepping failed
Note: Starting true gmin stepping
Warning: singular matrix:  check node anon293

Warning: singular matrix:  check node anon293

Warning: singular matrix:  check node anon293

Warning: singular matrix:  check node anon293

Warning: True gmin stepping failed
Note: Starting source stepping
Warning: source stepping failed
Note: Transient op started
Note: Transient op finished successfully
