
Note: No compatibility mode selected!


Circuit: * gate-driver-core-drive-with-uvlo-postlayout @ tt_125c_vlogic3p30v-vdrv4p15v -- generated by sim/harness, do not edit

Doing analysis at TEMP = 125.000000 and TNOM = 27.000000

Using SPARSE 1.3 as Direct Linear Solver

Initial Transient Solution
--------------------------

Node                                   Voltage
----                                   -------
x1_inb                                     3.3
in                                           0
gnd_logic                                    0
x1_na                                  2.39952
x1_nb                              2.51382e-08
gnd_drv                            5.88721e-08
x2_n3                                     4.15
x2_n4                              3.88361e-08
x2_n5                                     4.15
out                                6.52764e-08
x3_lockout                         6.53135e-08
in_drv                             4.16347e-08
x1_nbuf1                                  4.15
x1_ncb                             1.97712e-08
x1_nca                                 4.14999
vdd_logic                                  3.3
x2_n1                                     4.15
x2_n2                              3.56058e-08
x3_ncompn                              4.14051
x3_nref                               0.648733
x3_ntail                                0.1453
x3_ncompp                              3.32319
x3_ndiv                               0.802572
x3_uvlo_ok                             4.14989
vdd_drv                                   4.15
anon293                            2.41576e-08
anon294                            2.93065e-08
anon295                            3.51536e-08
anon22                                 3.85823
anon23                                 3.56645
anon26                                 3.27468
anon27                                 2.98291
anon30                                 2.69114
anon31                                 2.39936
anon21                                0.940505
anon24                                 1.23228
anon25                                 1.52405
anon28                                 1.81582
anon29                                 2.10759
anon32                                 3.94078
anon33                                 3.73157
anon34                                 3.52235
anon35                                 3.31314
anon36                                 3.10392
anon37                                 2.89471
anon38                                  2.6855
anon39                                 2.47628
anon40                                 1.01179
anon42                                   1.221
anon44                                 1.43021
anon45                                 1.63943
anon46                                 1.84864
anon47                                 2.05785
anon48                                 2.26707
anon49                                 4.13592
anon41                                0.535048
anon50                                 4.12195
anon43                                0.267524
anon51                                 4.10798
anon52                                 4.09401
anon53                                 4.08004
anon54                                 4.06607
anon55                                  4.0521
anon56                                 4.03813
anon57                                 3.92638
anon59                                 3.94035
anon60                                 3.95432
anon63                                 3.96828
anon65                                 3.98225
anon66                                 3.99622
anon69                                 4.01019
anon71                                 4.02416
anon58                                 3.91241
anon61                                 3.89845
anon62                                 3.88448
anon64                                 3.87051
anon67                                 3.85655
anon68                                 3.84258
anon70                                 3.82862
anon72                                 3.81465
anon73                                 3.70294
anon74                                  3.7169
anon76                                 3.73087
anon78                                 3.74483
anon81                                 3.75879
anon82                                 3.77276
anon84                                 3.78672
anon86                                 3.80069
anon75                                 3.68898
anon77                                 3.67501
anon79                                 3.66105
anon80                                 3.64709
anon83                                 3.63313
anon85                                 3.61917
anon87                                  3.6052
anon88                                 3.59124
anon89                                 3.47956
anon90                                 3.49352
anon91                                  3.4656
anon93                                 3.50748
anon94                                 3.45164
anon96                                 3.52144
anon97                                 3.43769
anon100                                 3.5354
anon99                                 3.42373
anon102                                3.40977
anon103                                3.54936
anon105                                3.56332
anon106                                3.39581
anon108                                3.57728
anon109                                3.38185
anon111                                 3.3679
anon112                                3.25624
anon113                                3.24229
anon92                                  3.2702
anon115                                3.22833
anon95                                 3.28416
anon117                                3.21438
anon98                                 3.29811
anon101                                3.31207
anon119                                3.20042
anon121                                3.18647
anon104                                3.32602
anon107                                3.33998
anon123                                3.17251
anon110                                3.35394
anon125                                3.15856
anon127                                3.14461
anon128                                3.03298
anon114                                3.04693
anon129                                3.01903
anon116                                3.06089
anon131                                3.00508
anon133                                2.99113
anon118                                3.07484
anon120                                3.08879
anon135                                2.97717
anon137                                2.96322
anon122                                3.10274
anon139                                2.94927
anon124                                 3.1167
anon141                                2.93532
anon126                                3.13065
anon143                                2.92137
anon144                                2.80977
anon130                                2.82372
anon145                                2.79582
anon147                                2.78187
anon132                                2.83767
anon134                                2.85162
anon149                                2.76792
anon151                                2.75397
anon136                                2.86557
anon138                                2.87952
anon153                                2.74003
anon155                                2.72608
anon140                                2.89347
anon157                                2.71213
anon142                                2.90742
anon159                                2.69818
anon160                                2.58661
anon146                                2.60055
anon161                                2.57266
anon163                                2.55871
anon148                                 2.6145
anon165                                2.54477
anon150                                2.62845
anon152                                2.64239
anon167                                2.53082
anon154                                2.65634
anon169                                2.51688
anon171                                2.50293
anon156                                2.67029
anon158                                2.68424
anon173                                2.48899
anon175                                2.47504
anon176                                2.36349
anon162                                2.37743
anon177                                2.34954
anon164                                2.39138
anon179                                 2.3356
anon181                                2.32166
anon166                                2.40532
anon168                                2.41926
anon183                                2.30771
anon170                                2.43321
anon185                                2.29377
anon187                                2.27983
anon172                                2.44715
anon174                                 2.4611
anon189                                2.26589
anon191                                2.25194
anon192                                2.14041
anon193                                2.12647
anon178                                2.15435
anon195                                2.11253
anon180                                2.16829
anon182                                2.18223
anon197                                2.09859
anon184                                2.19618
anon199                                2.08465
anon201                                2.07071
anon186                                2.21012
anon188                                2.22406
anon203                                2.05676
anon190                                  2.238
anon205                                2.04282
anon207                                2.02888
anon208                                1.91737
anon209                                1.90343
anon194                                1.93131
anon211                                1.88949
anon196                                1.94525
anon198                                1.95919
anon213                                1.87555
anon215                                1.86161
anon200                                1.97312
anon202                                1.98706
anon217                                1.84767
anon219                                1.83374
anon204                                  2.001
anon221                                 1.8198
anon206                                2.01494
anon223                                1.80586
anon224                                1.69436
anon210                                 1.7083
anon225                                1.68042
anon227                                1.66648
anon212                                1.72223
anon214                                1.73617
anon229                                1.65255
anon231                                1.63861
anon216                                1.75011
anon218                                1.76405
anon233                                1.62467
anon235                                1.61074
anon220                                1.77798
anon237                                 1.5968
anon222                                1.79192
anon239                                1.58286
anon240                                1.47138
anon241                                1.45744
anon226                                1.48531
anon243                                1.44351
anon228                                1.49925
anon230                                1.51318
anon245                                1.42957
anon247                                1.41564
anon232                                1.52712
anon249                                 1.4017
anon234                                1.54106
anon236                                1.55499
anon251                                1.38777
anon253                                1.37383
anon238                                1.56893
anon255                                 1.3599
anon256                                1.24842
anon242                                1.26236
anon257                                1.23449
anon244                                1.27629
anon259                                1.22055
anon261                                1.20662
anon246                                1.29022
anon263                                1.19269
anon248                                1.30416
anon265                                1.17875
anon250                                1.31809
anon252                                1.33203
anon267                                1.16482
anon269                                1.15089
anon254                                1.34596
anon271                                1.13695
anon272                                1.02549
anon273                                1.01156
anon258                                1.03942
anon275                               0.997623
anon260                                1.05335
anon262                                1.06729
anon277                                0.98369
anon279                               0.969758
anon264                                1.08122
anon281                               0.955825
anon266                                1.09515
anon268                                1.10909
anon283                               0.941893
anon285                               0.927961
anon270                                1.12302
anon287                               0.914028
anon274                               0.816504
anon276                               0.830436
anon278                               0.844368
anon280                                 0.8583
anon282                               0.872232
anon284                               0.886164
anon286                               0.900096
outcap                             6.52764e-08
vimeas#branch                      2.68331e-05
vin#branch                        -2.71701e-08
vgnd_logic#branch                  5.87255e-05
vsup_drv#branch                   -5.84536e-05
vsup_logic#branch                 -2.72601e-07

 Reference value :  4.11456e-08
 Reference value :  1.54946e-07
 Reference value :  2.76346e-07
 Reference value :  3.80519e-07
 Reference value :  5.02319e-07
 Reference value :  6.25519e-07
No. of Data Rows : 7173
trise10_90          =  7.23932e-09 targ=  3.09837e-08 trig=  2.37444e-08
tfall10_90          =  6.55686e-09 targ=  3.30666e-07 trig=  3.24109e-07
tpdlh               =  5.97950e-09 targ=  2.64795e-08 trig=  2.05000e-08
tpdhl               =  5.37551e-09 targ=  3.26876e-07 trig=  3.21500e-07
lockout_at_in_high  =  1.85004e-07
vout_at_in_high     =  4.15000e+00
vdrv_at_in_high     =  4.15000e+00
m_trise_s = 7.2393170000e-09
m_tfall_s = 6.5568640000e-09
m_tpdlh_s = 5.9795000000e-09
m_tpdhl_s = 5.3755110000e-09
m_ipeak_source_a = 6.3603046024e-01
m_ipeak_sink_a = 6.1583527714e-01
m_vout_max_v = 4.1539934684e+00
m_vout_min_v = -2.528280277e-03
m_vin_max_v = 3.3000000000e+00
m_vin_min_v = 0.0000000000e+00
m_indrv_max_v = 4.1511837937e+00
m_indrv_min_v = -4.875458579e-03
m_n1_max_v = 4.2257171204e+00
m_n1_min_v = -4.211188821e-02
m_n2_max_v = 4.2131390337e+00
m_n2_min_v = -3.509765543e-02
m_n3_max_v = 4.1979125663e+00
m_n3_min_v = -2.639259826e-02
m_n4_max_v = 4.1959649631e+00
m_n4_min_v = -2.645651470e-02
m_n5_max_v = 4.1988333056e+00
m_n5_min_v = -2.684339855e-02
m_uvlo_lockout_at_in_high = 1.8500360000e-07
m_uvlo_vout_at_in_high_v = 4.1500000000e+00
m_uvlo_vdrv_at_in_high_v = 4.1500000000e+00
Note: Simulation executed from .control section 

Note: vimeas: has no value, DC 0 assumed
Warning: singular matrix:  check node anon295

Note: Starting dynamic gmin stepping
Warning: singular matrix:  check node anon293

Warning: Dynamic gmin stepping failed
Note: Starting true gmin stepping
Warning: singular matrix:  check node anon293

Warning: singular matrix:  check node anon293

Warning: singular matrix:  check node anon293

Warning: singular matrix:  check node anon293

Warning: True gmin stepping failed
Note: Starting source stepping
Warning: source stepping failed
Note: Transient op started
Note: Transient op finished successfully
