
Note: No compatibility mode selected!


Circuit: * gate-driver-core-drive-with-uvlo-postlayout @ tt_125c_vlogic3p63v-vdrv5p00v -- generated by sim/harness, do not edit

Doing analysis at TEMP = 125.000000 and TNOM = 27.000000

Using SPARSE 1.3 as Direct Linear Solver

Initial Transient Solution
--------------------------

Node                                   Voltage
----                                   -------
x1_inb                                    3.63
in                                           0
gnd_logic                                    0
x1_na                                  2.68039
x1_nb                              6.07536e-08
gnd_drv                            7.23764e-08
x2_n3                                        5
x2_n4                              4.72971e-08
x2_n5                                        5
out                                7.91974e-08
x3_lockout                         7.87228e-08
in_drv                             4.42666e-08
x1_nbuf1                                     5
x1_ncb                             6.42573e-09
x1_nca                                 4.99999
vdd_logic                                 3.63
x2_n1                                        5
x2_n2                              4.32761e-08
x3_ncompn                               4.9993
x3_nref                               0.663929
x3_ntail                              0.250932
x3_ncompp                              4.13858
x3_ndiv                               0.966954
x3_uvlo_ok                             4.99988
vdd_drv                                      5
anon293                            1.47194e-08
anon294                            2.38391e-08
anon295                            3.37122e-08
anon22                                 4.63866
anon23                                 4.27732
anon26                                 3.91598
anon27                                 3.55464
anon30                                  3.1933
anon31                                 2.83196
anon21                                 1.02527
anon24                                 1.38661
anon25                                 1.74794
anon28                                 2.10928
anon29                                 2.47062
anon32                                 4.74793
anon33                                 4.49587
anon34                                  4.2438
anon35                                 3.99173
anon36                                 3.73967
anon37                                  3.4876
anon38                                 3.23554
anon39                                 2.98347
anon40                                 1.21902
anon42                                 1.47108
anon44                                 1.72315
anon45                                 1.97521
anon46                                 2.22728
anon47                                 2.47934
anon48                                 2.73141
anon49                                 4.98305
anon41                                0.644636
anon50                                 4.96622
anon43                                0.322318
anon51                                 4.94939
anon52                                 4.93255
anon53                                 4.91572
anon54                                 4.89889
anon55                                 4.88206
anon56                                 4.86523
anon57                                  4.7306
anon59                                 4.74742
anon60                                 4.76425
anon63                                 4.78108
anon65                                 4.79791
anon66                                 4.81474
anon69                                 4.83157
anon71                                  4.8484
anon58                                 4.71377
anon61                                 4.69694
anon62                                 4.68011
anon64                                 4.66329
anon67                                 4.64646
anon68                                 4.62963
anon70                                 4.61281
anon72                                 4.59598
anon73                                 4.46139
anon74                                 4.47821
anon76                                 4.49504
anon78                                 4.51186
anon81                                 4.52868
anon82                                 4.54551
anon84                                 4.56233
anon86                                 4.57916
anon75                                 4.44457
anon77                                 4.42774
anon79                                 4.41092
anon80                                  4.3941
anon83                                 4.37728
anon85                                 4.36046
anon87                                 4.34364
anon88                                 4.32681
anon89                                 4.19226
anon90                                 4.20908
anon91                                 4.17544
anon93                                  4.2259
anon94                                 4.15862
anon96                                 4.24272
anon97                                  4.1418
anon100                                4.25953
anon99                                 4.12499
anon102                                4.10817
anon103                                4.27635
anon105                                4.29317
anon106                                4.09135
anon108                                4.30999
anon109                                4.07454
anon111                                4.05772
anon112                                 3.9232
anon113                                3.90639
anon92                                 3.94001
anon115                                3.88957
anon95                                 3.95683
anon117                                3.87276
anon98                                 3.97364
anon101                                3.99046
anon119                                3.85594
anon121                                3.83913
anon104                                4.00727
anon107                                4.02409
anon123                                3.82232
anon110                                 4.0409
anon125                                3.80551
anon127                                3.78869
anon128                                3.65421
anon114                                3.67102
anon129                                 3.6374
anon116                                3.68783
anon131                                3.62059
anon133                                3.60378
anon118                                3.70464
anon120                                3.72145
anon135                                3.58697
anon137                                3.57016
anon122                                3.73826
anon139                                3.55335
anon124                                3.75507
anon141                                3.53654
anon126                                3.77188
anon143                                3.51973
anon144                                3.38528
anon130                                3.40208
anon145                                3.36847
anon147                                3.35166
anon132                                3.41889
anon134                                 3.4357
anon149                                3.33486
anon151                                3.31805
anon136                                 3.4525
anon138                                3.46931
anon153                                3.30125
anon155                                3.28444
anon140                                3.48612
anon157                                3.26764
anon142                                3.50293
anon159                                3.25083
anon160                                 3.1164
anon146                                3.13321
anon161                                 3.0996
anon163                                 3.0828
anon148                                3.15001
anon165                                  3.066
anon150                                3.16681
anon152                                3.18362
anon167                                3.04919
anon154                                3.20042
anon169                                3.03239
anon171                                3.01559
anon156                                3.21722
anon158                                3.23403
anon173                                2.99879
anon175                                2.98199
anon176                                2.84758
anon162                                2.86438
anon177                                2.83079
anon164                                2.88118
anon179                                2.81399
anon181                                2.79719
anon166                                2.89798
anon168                                2.91478
anon183                                2.78039
anon170                                2.93159
anon185                                2.76359
anon187                                2.74679
anon172                                2.94839
anon174                                2.96519
anon189                                2.72999
anon191                                2.71319
anon192                                2.57881
anon193                                2.56202
anon178                                2.59561
anon195                                2.54522
anon180                                2.61241
anon182                                2.62921
anon197                                2.52842
anon184                                  2.646
anon199                                2.51163
anon201                                2.49483
anon186                                 2.6628
anon188                                 2.6796
anon203                                2.47804
anon190                                 2.6964
anon205                                2.46124
anon207                                2.44445
anon208                                2.31009
anon209                                2.29329
anon194                                2.32688
anon211                                 2.2765
anon196                                2.34368
anon198                                2.36047
anon213                                2.25971
anon215                                2.24291
anon200                                2.37727
anon202                                2.39406
anon217                                2.22612
anon219                                2.20933
anon204                                2.41086
anon221                                2.19253
anon206                                2.42765
anon223                                2.17574
anon224                                 2.0414
anon210                                2.05819
anon225                                2.02461
anon227                                2.00782
anon212                                2.07498
anon214                                2.09178
anon229                                1.99103
anon231                                1.97423
anon216                                2.10857
anon218                                2.12536
anon233                                1.95744
anon235                                1.94065
anon220                                2.14215
anon237                                1.92386
anon222                                2.15895
anon239                                1.90707
anon240                                1.77275
anon241                                1.75596
anon226                                1.78954
anon243                                1.73917
anon228                                1.80633
anon230                                1.82312
anon245                                1.72238
anon247                                1.70559
anon232                                1.83991
anon249                                 1.6888
anon234                                 1.8567
anon236                                1.87349
anon251                                1.67201
anon253                                1.65522
anon238                                1.89028
anon255                                1.63843
anon256                                1.50413
anon242                                1.52091
anon257                                1.48734
anon244                                 1.5377
anon259                                1.47055
anon261                                1.45376
anon246                                1.55449
anon263                                1.43697
anon248                                1.57128
anon265                                1.42019
anon250                                1.58807
anon252                                1.60486
anon267                                 1.4034
anon269                                1.38661
anon254                                1.62164
anon271                                1.36982
anon272                                1.23553
anon273                                1.21874
anon258                                1.25232
anon275                                1.20196
anon260                                 1.2691
anon262                                1.28589
anon277                                1.18517
anon279                                1.16838
anon264                                1.30268
anon281                                 1.1516
anon266                                1.31946
anon268                                1.33625
anon283                                1.13481
anon285                                1.11803
anon270                                1.35304
anon287                                1.10124
anon274                                0.98374
anon276                                1.00053
anon278                                1.01731
anon280                                 1.0341
anon282                                1.05088
anon284                                1.06767
anon286                                1.08445
outcap                             7.91974e-08
vimeas#branch                      3.19656e-05
vin#branch                        -3.20118e-08
vgnd_logic#branch                  7.22042e-05
vsup_drv#branch                   -7.18721e-05
vsup_logic#branch                 -3.33004e-07

 Reference value :  4.11402e-08
 Reference value :  1.47540e-07
 Reference value :  2.67340e-07
 Reference value :  3.59486e-07
 Reference value :  4.79786e-07
 Reference value :  5.99486e-07
No. of Data Rows : 7187
trise10_90          =  6.20164e-09 targ=  2.94866e-08 trig=  2.32849e-08
tfall10_90          =  5.96523e-09 targ=  3.29767e-07 trig=  3.23802e-07
tpdlh               =  5.11455e-09 targ=  2.56145e-08 trig=  2.05000e-08
tpdhl               =  4.82678e-09 targ=  3.26327e-07 trig=  3.21500e-07
lockout_at_in_high  =  3.31008e-07
vout_at_in_high     =  5.00000e+00
vdrv_at_in_high     =  5.00000e+00
m_trise_s = 6.2016430000e-09
m_tfall_s = 5.9652270000e-09
m_tpdlh_s = 5.1145480000e-09
m_tpdhl_s = 4.8267790000e-09
m_ipeak_source_a = 8.9844263947e-01
m_ipeak_sink_a = 8.1523423524e-01
m_vout_max_v = 5.0042916054e+00
m_vout_min_v = -2.585345860e-03
m_vin_max_v = 3.6300000000e+00
m_vin_min_v = 0.0000000000e+00
m_indrv_max_v = 5.0008489207e+00
m_indrv_min_v = -1.893461396e-03
m_n1_max_v = 5.0812671884e+00
m_n1_min_v = -4.237442713e-02
m_n2_max_v = 5.0685370688e+00
m_n2_min_v = -3.731334581e-02
m_n3_max_v = 5.0494251463e+00
m_n3_min_v = -2.787937114e-02
m_n4_max_v = 5.0483174342e+00
m_n4_min_v = -2.740162803e-02
m_n5_max_v = 5.0495013543e+00
m_n5_min_v = -2.757029616e-02
m_uvlo_lockout_at_in_high = 3.3100830000e-07
m_uvlo_vout_at_in_high_v = 5.0000000000e+00
m_uvlo_vdrv_at_in_high_v = 5.0000000000e+00
Note: Simulation executed from .control section 

Note: vimeas: has no value, DC 0 assumed
Warning: singular matrix:  check node anon295

Note: Starting dynamic gmin stepping
Warning: singular matrix:  check node anon293

Warning: Dynamic gmin stepping failed
Note: Starting true gmin stepping
Warning: singular matrix:  check node anon293

Warning: singular matrix:  check node anon293

Warning: singular matrix:  check node anon293

Warning: singular matrix:  check node anon293

Warning: True gmin stepping failed
Note: Starting source stepping
Warning: source stepping failed
Note: Transient op started
Note: Transient op finished successfully
