
Note: No compatibility mode selected!


Circuit: * gate-driver-core-drive-with-uvlo-postlayout @ tt_27c_vlogic3p30v-vdrv4p15v -- generated by sim/harness, do not edit

Doing analysis at TEMP = 27.000000 and TNOM = 27.000000

Using SPARSE 1.3 as Direct Linear Solver

Initial Transient Solution
--------------------------

Node                                   Voltage
----                                   -------
x1_inb                                     3.3
in                                           0
gnd_logic                                    0
x1_na                                  2.35774
x1_nb                             -2.72692e-07
gnd_drv                           -3.26824e-08
x2_n3                                     4.15
x2_n4                             -2.01867e-09
x2_n5                                     4.15
out                               -2.96691e-08
x3_lockout                        -2.91023e-08
in_drv                             6.12056e-08
x1_nbuf1                                  4.15
x1_ncb                             1.29554e-07
x1_nca                                    4.15
vdd_logic                                  3.3
x2_n1                                     4.15
x2_n2                              1.23262e-10
x3_ncompn                              4.12093
x3_nref                               0.743182
x3_ntail                             0.0884252
x3_ncompp                              3.23754
x3_ndiv                               0.802572
x3_uvlo_ok                             4.14992
vdd_drv                                   4.15
anon293                            1.11686e-07
anon294                            9.43728e-08
anon295                            7.75637e-08
anon22                                  3.8661
anon23                                  3.5822
anon26                                 3.29829
anon27                                 3.01439
anon30                                 2.73049
anon31                                 2.44659
anon21                                 1.02708
anon24                                 1.31098
anon25                                 1.59488
anon28                                 1.87879
anon29                                 2.16269
anon32                                 3.94078
anon33                                 3.73157
anon34                                 3.52235
anon35                                 3.31314
anon36                                 3.10392
anon37                                 2.89471
anon38                                  2.6855
anon39                                 2.47628
anon40                                 1.01179
anon42                                   1.221
anon44                                 1.43021
anon45                                 1.63943
anon46                                 1.84864
anon47                                 2.05785
anon48                                 2.26707
anon49                                 4.13594
anon41                                0.535048
anon50                                 4.12197
anon43                                0.267524
anon51                                   4.108
anon52                                 4.09403
anon53                                 4.08006
anon54                                 4.06609
anon55                                 4.05212
anon56                                 4.03815
anon57                                 3.92641
anon59                                 3.94037
anon60                                 3.95434
anon63                                 3.96831
anon65                                 3.98228
anon66                                 3.99625
anon69                                 4.01021
anon71                                 4.02418
anon58                                 3.91244
anon61                                 3.89847
anon62                                 3.88451
anon64                                 3.87054
anon67                                 3.85657
anon68                                 3.84261
anon70                                 3.82864
anon72                                 3.81468
anon73                                 3.70296
anon74                                 3.71693
anon76                                 3.73089
anon78                                 3.74485
anon81                                 3.75882
anon82                                 3.77278
anon84                                 3.78675
anon86                                 3.80071
anon75                                   3.689
anon77                                 3.67504
anon79                                 3.66107
anon80                                 3.64711
anon83                                 3.63315
anon85                                 3.61919
anon87                                 3.60523
anon88                                 3.59127
anon89                                 3.47958
anon90                                 3.49354
anon91                                 3.46562
anon93                                  3.5075
anon94                                 3.45167
anon96                                 3.52146
anon97                                 3.43771
anon100                                3.53542
anon99                                 3.42375
anon102                                3.40979
anon103                                3.54938
anon105                                3.56334
anon106                                3.39583
anon108                                 3.5773
anon109                                3.38187
anon111                                3.36792
anon112                                3.25626
anon113                                3.24231
anon92                                 3.27022
anon115                                3.22835
anon95                                 3.28418
anon117                                 3.2144
anon98                                 3.29813
anon101                                3.31209
anon119                                3.20044
anon121                                3.18649
anon104                                3.32604
anon107                                   3.34
anon123                                3.17253
anon110                                3.35396
anon125                                3.15858
anon127                                3.14462
anon128                                  3.033
anon114                                3.04695
anon129                                3.01905
anon116                                 3.0609
anon131                                3.00509
anon133                                2.99114
anon118                                3.07486
anon120                                3.08881
anon135                                2.97719
anon137                                2.96324
anon122                                3.10276
anon139                                2.94929
anon124                                3.11672
anon141                                2.93534
anon126                                3.13067
anon143                                2.92139
anon144                                2.80979
anon130                                2.82374
anon145                                2.79584
anon147                                2.78189
anon132                                2.83769
anon134                                2.85163
anon149                                2.76794
anon151                                2.75399
anon136                                2.86558
anon138                                2.87953
anon153                                2.74004
anon155                                2.72609
anon140                                2.89349
anon157                                2.71215
anon142                                2.90744
anon159                                 2.6982
anon160                                2.58662
anon146                                2.60057
anon161                                2.57268
anon163                                2.55873
anon148                                2.61451
anon165                                2.54478
anon150                                2.62846
anon152                                2.64241
anon167                                2.53084
anon154                                2.65636
anon169                                2.51689
anon171                                2.50295
anon156                                 2.6703
anon158                                2.68425
anon173                                  2.489
anon175                                2.47506
anon176                                 2.3635
anon162                                2.37744
anon177                                2.34956
anon164                                2.39139
anon179                                2.33561
anon181                                2.32167
anon166                                2.40533
anon168                                2.41928
anon183                                2.30773
anon170                                2.43322
anon185                                2.29378
anon187                                2.27984
anon172                                2.44717
anon174                                2.46111
anon189                                 2.2659
anon191                                2.25196
anon192                                2.14042
anon193                                2.12648
anon178                                2.15436
anon195                                2.11254
anon180                                 2.1683
anon182                                2.18224
anon197                                 2.0986
anon184                                2.19619
anon199                                2.08466
anon201                                2.07072
anon186                                2.21013
anon188                                2.22407
anon203                                2.05677
anon190                                2.23801
anon205                                2.04283
anon207                                2.02889
anon208                                1.91738
anon209                                1.90344
anon194                                1.93132
anon211                                 1.8895
anon196                                1.94526
anon198                                1.95919
anon213                                1.87556
anon215                                1.86162
anon200                                1.97313
anon202                                1.98707
anon217                                1.84768
anon219                                1.83374
anon204                                2.00101
anon221                                1.81981
anon206                                2.01495
anon223                                1.80587
anon224                                1.69437
anon210                                 1.7083
anon225                                1.68043
anon227                                1.66649
anon212                                1.72224
anon214                                1.73618
anon229                                1.65255
anon231                                1.63862
anon216                                1.75012
anon218                                1.76405
anon233                                1.62468
anon235                                1.61074
anon220                                1.77799
anon237                                1.59681
anon222                                1.79193
anon239                                1.58287
anon240                                1.47138
anon241                                1.45745
anon226                                1.48532
anon243                                1.44351
anon228                                1.49925
anon230                                1.51319
anon245                                1.42958
anon247                                1.41564
anon232                                1.52713
anon249                                1.40171
anon234                                1.54106
anon236                                  1.555
anon251                                1.38777
anon253                                1.37384
anon238                                1.56893
anon255                                 1.3599
anon256                                1.24843
anon242                                1.26236
anon257                                1.23449
anon244                                1.27629
anon259                                1.22056
anon261                                1.20662
anon246                                1.29023
anon263                                1.19269
anon248                                1.30416
anon265                                1.17876
anon250                                 1.3181
anon252                                1.33203
anon267                                1.16482
anon269                                1.15089
anon254                                1.34597
anon271                                1.13696
anon272                                1.02549
anon273                                1.01156
anon258                                1.03942
anon275                               0.997625
anon260                                1.05336
anon262                                1.06729
anon277                               0.983692
anon279                               0.969759
anon264                                1.08122
anon281                               0.955827
anon266                                1.09516
anon268                                1.10909
anon283                               0.941894
anon285                               0.927962
anon270                                1.12302
anon287                               0.914029
anon274                               0.816504
anon276                               0.830436
anon278                               0.844368
anon280                                 0.8583
anon282                               0.872232
anon284                               0.886165
anon286                               0.900097
outcap                            -2.96691e-08
vimeas#branch                        -2.82e-05
vin#branch                         3.04338e-08
vgnd_logic#branch                 -3.25279e-05
vsup_drv#branch                    3.22747e-05
vsup_logic#branch                  2.52528e-07

 Reference value :  3.76278e-08
 Reference value :  1.48428e-07
 Reference value :  2.67828e-07
 Reference value :  3.61017e-07
 Reference value :  4.68917e-07
 Reference value :  5.87917e-07
No. of Data Rows : 7193
trise10_90          =  5.86403e-09 targ=  2.90369e-08 trig=  2.31729e-08
tfall10_90          =  5.30524e-09 targ=  3.28989e-07 trig=  3.23683e-07
tpdlh               =  4.96968e-09 targ=  2.54697e-08 trig=  2.05000e-08
tpdhl               =  4.51749e-09 targ=  3.26017e-07 trig=  3.21500e-07
lockout_at_in_high  =  -4.13734e-07
vout_at_in_high     =  4.15000e+00
vdrv_at_in_high     =  4.15000e+00
m_trise_s = 5.8640300000e-09
m_tfall_s = 5.3052430000e-09
m_tpdlh_s = 4.9696840000e-09
m_tpdhl_s = 4.5174940000e-09
m_ipeak_source_a = 7.5100210030e-01
m_ipeak_sink_a = 7.2630041858e-01
m_vout_max_v = 4.1544444680e+00
m_vout_min_v = -2.846086380e-03
m_vin_max_v = 3.3000000000e+00
m_vin_min_v = 0.0000000000e+00
m_indrv_max_v = 4.1664024862e+00
m_indrv_min_v = -6.609658242e-03
m_n1_max_v = 4.2376882514e+00
m_n1_min_v = -4.600734228e-02
m_n2_max_v = 4.2152114096e+00
m_n2_min_v = -3.646192646e-02
m_n3_max_v = 4.2008942712e+00
m_n3_min_v = -2.781360550e-02
m_n4_max_v = 4.2011772565e+00
m_n4_min_v = -2.798694058e-02
m_n5_max_v = 4.2025711909e+00
m_n5_min_v = -2.861056239e-02
m_uvlo_lockout_at_in_high = -4.137335000e-07
m_uvlo_vout_at_in_high_v = 4.1500000000e+00
m_uvlo_vdrv_at_in_high_v = 4.1500000000e+00
Note: Simulation executed from .control section 

Note: vimeas: has no value, DC 0 assumed
Warning: singular matrix:  check node anon293

Note: Starting dynamic gmin stepping
Warning: singular matrix:  check node anon293

Warning: Dynamic gmin stepping failed
Note: Starting true gmin stepping
Warning: singular matrix:  check node anon293

Warning: singular matrix:  check node anon293

Warning: singular matrix:  check node anon293

Warning: singular matrix:  check node anon293

Warning: True gmin stepping failed
Note: Starting source stepping
Warning: source stepping failed
Note: Transient op started
Note: Transient op finished successfully
