
Note: No compatibility mode selected!


Circuit: * gate-driver-core-drive-with-uvlo-postlayout @ tt_27c_vlogic2p97v-vdrv3p30v -- generated by sim/harness, do not edit

Doing analysis at TEMP = 27.000000 and TNOM = 27.000000

Using SPARSE 1.3 as Direct Linear Solver

Initial Transient Solution
--------------------------

Node                                   Voltage
----                                   -------
x1_inb                                    2.97
in                                           0
gnd_logic                                    0
x1_na                                  2.07151
x1_nb                              1.11316e-07
gnd_drv                            4.40038e-08
x2_n3                                      3.3
x2_n4                              2.47488e-08
x2_n5                                      3.3
out                                4.44813e-08
x3_lockout                                 3.3
in_drv                             1.69273e-09
x1_nbuf1                                   3.3
x1_ncb                            -3.78519e-08
x1_nca                                     3.3
vdd_logic                                 2.97
x2_n1                                      3.3
x2_n2                              2.16634e-08
x3_ncompn                             0.026781
x3_nref                               0.727662
x3_ntail                             0.0125763
x3_ncompp                              2.49534
x3_ndiv                                0.60494
x3_uvlo_ok                          8.7713e-06
vdd_drv                                    3.3
anon293                           -2.86867e-08
anon294                            -1.9013e-08
anon295                           -8.87261e-09
anon22                                 3.08564
anon23                                 2.87128
anon26                                 2.65691
anon27                                 2.44255
anon30                                 2.22819
anon31                                 2.01383
anon21                                0.942023
anon24                                 1.15638
anon25                                 1.37074
anon28                                 1.58511
anon29                                 1.79947
anon32                                 3.13156
anon33                                 2.96312
anon34                                 2.79467
anon35                                 2.62623
anon36                                 2.45779
anon37                                 2.28935
anon38                                 2.12091
anon39                                 1.95247
anon40                                0.773381
anon42                                0.941821
anon44                                 1.11026
anon45                                  1.2787
anon46                                 1.44714
anon47                                 1.61558
anon48                                 1.78403
anon49                              0.00252771
anon41                                0.403293
anon50                              0.00504664
anon43                                0.201647
anon51                              0.00756558
anon52                               0.0100845
anon53                               0.0126034
anon54                               0.0151224
anon55                               0.0176413
anon56                               0.0201603
anon57                               0.0403118
anon59                               0.0377929
anon60                               0.0352739
anon63                                0.032755
anon65                                0.030236
anon66                               0.0277171
anon69                               0.0251981
anon71                               0.0226792
anon58                               0.0428308
anon61                               0.0453498
anon62                               0.0478687
anon64                               0.0503877
anon67                               0.0529067
anon68                               0.0554256
anon70                               0.0579446
anon72                               0.0604636
anon73                               0.0806156
anon74                               0.0780966
anon76                               0.0755776
anon78                               0.0730586
anon81                               0.0705396
anon82                               0.0680206
anon84                               0.0655016
anon86                               0.0629826
anon75                               0.0831346
anon77                               0.0856537
anon79                               0.0881727
anon80                               0.0906917
anon83                               0.0932108
anon85                               0.0957298
anon87                               0.0982489
anon88                                0.100768
anon89                                0.120921
anon90                                0.118402
anon91                                 0.12344
anon93                                0.115882
anon94                                0.125959
anon96                                0.113363
anon97                                0.128478
anon100                               0.110844
anon99                                0.130997
anon102                               0.133516
anon103                               0.108325
anon105                               0.105806
anon106                               0.136036
anon108                               0.103287
anon109                               0.138555
anon111                               0.141074
anon112                               0.161228
anon113                               0.163747
anon92                                0.158709
anon115                               0.166267
anon95                                0.156189
anon117                               0.168786
anon98                                 0.15367
anon101                               0.151151
anon119                               0.171305
anon121                               0.173824
anon104                               0.148632
anon107                               0.146112
anon123                               0.176344
anon110                               0.143593
anon125                               0.178863
anon127                               0.181383
anon128                               0.201538
anon114                               0.199018
anon129                               0.204057
anon116                               0.196499
anon131                               0.206577
anon133                               0.209096
anon118                                0.19398
anon120                                0.19146
anon135                               0.211616
anon137                               0.214135
anon122                               0.188941
anon139                               0.216655
anon124                               0.186421
anon141                               0.219175
anon126                               0.183902
anon143                               0.221694
anon144                               0.241851
anon130                               0.239332
anon145                               0.244371
anon147                               0.246891
anon132                               0.236812
anon134                               0.234292
anon149                                0.24941
anon151                                0.25193
anon136                               0.231773
anon138                               0.229253
anon153                                0.25445
anon155                                0.25697
anon140                               0.226733
anon157                                0.25949
anon142                               0.224214
anon159                               0.262009
anon160                               0.282169
anon146                               0.279649
anon161                               0.284689
anon163                               0.287209
anon148                               0.277129
anon165                               0.289729
anon150                               0.274609
anon152                               0.272089
anon167                               0.292249
anon154                               0.269569
anon169                               0.294769
anon171                               0.297289
anon156                               0.267049
anon158                               0.264529
anon173                               0.299809
anon175                               0.302329
anon176                               0.322491
anon162                               0.319971
anon177                               0.325011
anon164                               0.317451
anon179                               0.327532
anon181                               0.330052
anon166                                0.31493
anon168                                0.31241
anon183                               0.332573
anon170                                0.30989
anon185                               0.335093
anon187                               0.337613
anon172                                0.30737
anon174                               0.304849
anon189                               0.340134
anon191                               0.342654
anon192                               0.362819
anon193                                0.36534
anon178                               0.360298
anon195                                0.36786
anon180                               0.357778
anon182                               0.355257
anon197                               0.370381
anon184                               0.352736
anon199                               0.372902
anon201                               0.375423
anon186                               0.350216
anon188                               0.347695
anon203                               0.377943
anon190                               0.345175
anon205                               0.380464
anon207                               0.382985
anon208                               0.403153
anon209                               0.405674
anon194                               0.400632
anon211                               0.408195
anon196                               0.398111
anon198                                0.39559
anon213                               0.410716
anon215                               0.413238
anon200                               0.393069
anon202                               0.390548
anon217                               0.415759
anon219                                0.41828
anon204                               0.388027
anon221                               0.420801
anon206                               0.385506
anon223                               0.423323
anon224                               0.443494
anon210                               0.440972
anon225                               0.446015
anon227                               0.448537
anon212                               0.438451
anon214                               0.435929
anon229                               0.451059
anon231                                0.45358
anon216                               0.433408
anon218                               0.430887
anon233                               0.456102
anon235                               0.458624
anon220                               0.428365
anon237                               0.461145
anon222                               0.425844
anon239                               0.463667
anon240                               0.483842
anon241                               0.486364
anon226                                0.48132
anon243                               0.488886
anon228                               0.478798
anon230                               0.476276
anon245                               0.491409
anon247                               0.493931
anon232                               0.473755
anon249                               0.496453
anon234                               0.471233
anon236                               0.468711
anon251                               0.498975
anon253                               0.501497
anon238                               0.466189
anon255                                0.50402
anon256                               0.524199
anon242                               0.521677
anon257                               0.526722
anon244                               0.519154
anon259                               0.529244
anon261                               0.531767
anon246                               0.516632
anon263                                0.53429
anon248                               0.514109
anon265                               0.536812
anon250                               0.511587
anon252                               0.509064
anon267                               0.539335
anon269                               0.541858
anon254                               0.506542
anon271                               0.544381
anon272                               0.564565
anon273                               0.567088
anon258                               0.562042
anon275                               0.569611
anon260                               0.559519
anon262                               0.556996
anon277                               0.572134
anon279                               0.574658
anon264                               0.554472
anon281                               0.577181
anon266                                0.55195
anon268                               0.549427
anon283                               0.579704
anon285                               0.582228
anon270                               0.546904
anon287                               0.584751
anon274                               0.602416
anon276                               0.599893
anon278                               0.597369
anon280                               0.594845
anon282                               0.592322
anon284                               0.589798
anon286                               0.587275
outcap                             4.44813e-08
vimeas#branch                      3.13718e-05
vin#branch                        -2.42778e-08
vgnd_logic#branch                  4.38805e-05
vsup_drv#branch                   -4.36815e-05
vsup_logic#branch                 -1.99233e-07

 Reference value :  3.37428e-08
 Reference value :  1.33543e-07
 Reference value :  2.46943e-07
 Reference value :  3.39578e-07
 Reference value :  4.53178e-07
 Reference value :  5.69078e-07
 Reference value :  6.89778e-07
No. of Data Rows : 7172
trise10_90          =  1.08566e-09 targ=  2.42475e-08 trig=  2.31618e-08
tfall10_90          =  7.62082e-10 targ=  3.24032e-07 trig=  3.23270e-07
tpdlh               =  2.94734e-09 targ=  2.34473e-08 trig=  2.05000e-08
tpdhl               =  2.01328e-09 targ=  3.23513e-07 trig=  3.21500e-07
lockout_at_in_high  =  3.30000e+00
vout_at_in_high     =  1.94215e-01
vdrv_at_in_high     =  3.30000e+00
m_trise_s = 1.0856590000e-09
m_tfall_s = 7.6208170000e-10
m_tpdlh_s = 2.9473420000e-09
m_tpdhl_s = 2.0132840000e-09
m_ipeak_source_a = 3.0849180064e-01
m_ipeak_sink_a = 3.6117356679e-01
m_vout_max_v = 1.9512349592e-01
m_vout_min_v = -2.221140741e-03
m_vin_max_v = 2.9700000000e+00
m_vin_min_v = 0.0000000000e+00
m_indrv_max_v = 3.3379779089e+00
m_indrv_min_v = -1.039974500e-02
m_n1_max_v = 3.3741886214e+00
m_n1_min_v = -4.519322107e-02
m_n2_max_v = 3.3584937213e+00
m_n2_min_v = -3.366031148e-02
m_n3_max_v = 3.3484785602e+00
m_n3_min_v = -2.645009957e-02
m_n4_max_v = 3.3470780665e+00
m_n4_min_v = -2.723533957e-02
m_n5_max_v = 3.3504385426e+00
m_n5_min_v = -2.805951737e-02
m_uvlo_lockout_at_in_high = 3.3000010000e+00
m_uvlo_vout_at_in_high_v = 1.9421540000e-01
m_uvlo_vdrv_at_in_high_v = 3.3000000000e+00
Note: Simulation executed from .control section 

Note: vimeas: has no value, DC 0 assumed
Warning: singular matrix:  check node anon293

Note: Starting dynamic gmin stepping
Warning: singular matrix:  check node anon293

Warning: Dynamic gmin stepping failed
Note: Starting true gmin stepping
Warning: singular matrix:  check node anon293

Warning: singular matrix:  check node anon293

Warning: singular matrix:  check node anon293

Warning: singular matrix:  check node anon293

Warning: True gmin stepping failed
Note: Starting source stepping
Warning: source stepping failed
Note: Transient op started
Note: Transient op finished successfully
